09:37:01.262 [INFO] [org.gradle.internal.nativeintegration.services.NativeServices] Initialized native services in: /Users/michaelmennis/.gradle/native
09:37:01.617 [DEBUG] [org.gradle.launcher.daemon.client.DaemonClient] Executing build d5eea297-abe3-4dae-be59-2809544becdb.1 in daemon client {pid=6482}
09:37:01.628 [DEBUG] [org.gradle.internal.remote.internal.inet.InetAddresses] Adding IP addresses for network interface utun0
09:37:01.628 [DEBUG] [org.gradle.internal.remote.internal.inet.InetAddresses] Is this a loopback interface? false
09:37:01.629 [DEBUG] [org.gradle.internal.remote.internal.inet.InetAddresses] Is this a multicast interface? true
09:37:01.629 [DEBUG] [org.gradle.internal.remote.internal.inet.InetAddresses] Adding remote address /fe80:0:0:0:a17e:5f16:ae3e:33af%utun0
09:37:01.629 [DEBUG] [org.gradle.internal.remote.internal.inet.InetAddresses] Adding remote multicast interface utun0
09:37:01.630 [DEBUG] [org.gradle.internal.remote.internal.inet.InetAddresses] Adding IP addresses for network interface awdl0
09:37:01.630 [DEBUG] [org.gradle.internal.remote.internal.inet.InetAddresses] Is this a loopback interface? false
09:37:01.631 [DEBUG] [org.gradle.internal.remote.internal.inet.InetAddresses] Is this a multicast interface? true
09:37:01.631 [DEBUG] [org.gradle.internal.remote.internal.inet.InetAddresses] Adding remote address /fe80:0:0:0:68ef:53ff:fe82:4e55%awdl0
09:37:01.631 [DEBUG] [org.gradle.internal.remote.internal.inet.InetAddresses] Adding remote multicast interface awdl0
09:37:01.631 [DEBUG] [org.gradle.internal.remote.internal.inet.InetAddresses] Adding IP addresses for network interface gpd0
09:37:01.631 [DEBUG] [org.gradle.internal.remote.internal.inet.InetAddresses] Is this a loopback interface? false
09:37:01.632 [DEBUG] [org.gradle.internal.remote.internal.inet.InetAddresses] Is this a multicast interface? true
09:37:01.632 [DEBUG] [org.gradle.internal.remote.internal.inet.InetAddresses] Adding remote address /172.30.1.129
09:37:01.632 [DEBUG] [org.gradle.internal.remote.internal.inet.InetAddresses] Adding remote multicast interface gpd0
09:37:01.632 [DEBUG] [org.gradle.internal.remote.internal.inet.InetAddresses] Adding IP addresses for network interface en0
09:37:01.632 [DEBUG] [org.gradle.internal.remote.internal.inet.InetAddresses] Is this a loopback interface? false
09:37:01.633 [DEBUG] [org.gradle.internal.remote.internal.inet.InetAddresses] Is this a multicast interface? true
09:37:01.633 [DEBUG] [org.gradle.internal.remote.internal.inet.InetAddresses] Adding remote address /fe80:0:0:0:1cef:41f0:2ac0:d924%en0
09:37:01.633 [DEBUG] [org.gradle.internal.remote.internal.inet.InetAddresses] Adding remote address /10.250.56.137
09:37:01.633 [DEBUG] [org.gradle.internal.remote.internal.inet.InetAddresses] Adding remote multicast interface en0
09:37:01.633 [DEBUG] [org.gradle.internal.remote.internal.inet.InetAddresses] Adding IP addresses for network interface lo0
09:37:01.634 [DEBUG] [org.gradle.internal.remote.internal.inet.InetAddresses] Is this a loopback interface? true
09:37:01.634 [DEBUG] [org.gradle.internal.remote.internal.inet.InetAddresses] Is this a multicast interface? true
09:37:01.634 [DEBUG] [org.gradle.internal.remote.internal.inet.InetAddresses] Ignoring remote address on loopback interface /fe80:0:0:0:0:0:0:1%lo0
09:37:01.634 [DEBUG] [org.gradle.internal.remote.internal.inet.InetAddresses] Adding loopback address /0:0:0:0:0:0:0:1
09:37:01.634 [DEBUG] [org.gradle.internal.remote.internal.inet.InetAddresses] Adding loopback address /127.0.0.1
09:37:01.634 [DEBUG] [org.gradle.internal.remote.internal.inet.InetAddresses] Adding loopback multicast interface lo0
09:37:01.641 [DEBUG] [org.gradle.cache.internal.DefaultFileLockManager] Waiting to acquire shared lock on daemon addresses registry.
09:37:01.642 [DEBUG] [org.gradle.cache.internal.DefaultFileLockManager] Lock acquired.
09:37:01.692 [DEBUG] [org.gradle.cache.internal.DefaultFileLockManager] Releasing lock on daemon addresses registry.
09:37:01.696 [DEBUG] [org.gradle.internal.remote.internal.inet.TcpOutgoingConnector] Attempting to connect to [15765e32-9a78-406b-bbda-4c7327c5e66b port:59815, addresses:[/0:0:0:0:0:0:0:1, /127.0.0.1]].
09:37:01.696 [DEBUG] [org.gradle.internal.remote.internal.inet.TcpOutgoingConnector] Trying to connect to address /0:0:0:0:0:0:0:1.
09:37:01.705 [DEBUG] [org.gradle.internal.remote.internal.inet.TcpOutgoingConnector] Connected to address /0:0:0:0:0:0:0:1:59815.
09:37:01.726 [INFO] [org.gradle.launcher.daemon.client.DaemonClient] Connected to daemon DaemonInfo{pid=6371, address=[15765e32-9a78-406b-bbda-4c7327c5e66b port:59815, addresses:[/0:0:0:0:0:0:0:1, /127.0.0.1]], state=Idle, lastBusy=1505147809462, context=DefaultDaemonContext[uid=3d50f89f-23fd-4123-a65e-5636b90c7f59,javaHome=/Library/Java/JavaVirtualMachines/jdk1.8.0_101.jdk/Contents/Home,daemonRegistryDir=/Users/michaelmennis/.gradle/daemon,pid=6371,idleTimeout=10800000,daemonOpts=-XX:MaxPermSize=256m,-XX:+HeapDumpOnOutOfMemoryError,-Xmx1024m,-Dfile.encoding=UTF-8,-Duser.country=US,-Duser.language=en,-Duser.variant]}. Dispatching request Build{id=d5eea297-abe3-4dae-be59-2809544becdb.1, currentDir=/Users/michaelmennis/grails_dev/fakeyelp}.
09:37:01.726 [DEBUG] [org.gradle.launcher.daemon.client.DaemonClientConnection] thread 1: dispatching class org.gradle.launcher.daemon.protocol.Build
09:37:01.764 [INFO] [org.gradle.launcher.daemon.client.DaemonClient] Received result org.gradle.launcher.daemon.protocol.BuildStarted@1e81f160 from daemon DaemonInfo{pid=6371, address=[15765e32-9a78-406b-bbda-4c7327c5e66b port:59815, addresses:[/0:0:0:0:0:0:0:1, /127.0.0.1]], state=Idle, lastBusy=1505147809462, context=DefaultDaemonContext[uid=3d50f89f-23fd-4123-a65e-5636b90c7f59,javaHome=/Library/Java/JavaVirtualMachines/jdk1.8.0_101.jdk/Contents/Home,daemonRegistryDir=/Users/michaelmennis/.gradle/daemon,pid=6371,idleTimeout=10800000,daemonOpts=-XX:MaxPermSize=256m,-XX:+HeapDumpOnOutOfMemoryError,-Xmx1024m,-Dfile.encoding=UTF-8,-Duser.country=US,-Duser.language=en,-Duser.variant]} (build should be starting).
09:37:01.757 [INFO] [org.gradle.launcher.daemon.server.exec.LogToClient] The client will now receive all logging from the daemon (pid: 6371). The daemon log file: /Users/michaelmennis/.gradle/daemon/3.2/daemon-6371.out.log
09:37:01.757 [INFO] [org.gradle.launcher.daemon.server.exec.LogAndCheckHealth] Starting 6th build in daemon [uptime: 1 mins 48.937 secs, performance: 99%, no major garbage collections]
09:37:01.757 [DEBUG] [org.gradle.launcher.daemon.server.exec.ExecuteBuild] The daemon has started executing the build.
09:37:01.757 [INFO] [org.gradle.launcher.daemon.server.exec.ExecuteBuild] Executing build with daemon context: DefaultDaemonContext[uid=3d50f89f-23fd-4123-a65e-5636b90c7f59,javaHome=/Library/Java/JavaVirtualMachines/jdk1.8.0_101.jdk/Contents/Home,daemonRegistryDir=/Users/michaelmennis/.gradle/daemon,pid=6371,idleTimeout=10800000,daemonOpts=-XX:MaxPermSize=256m,-XX:+HeapDumpOnOutOfMemoryError,-Xmx1024m,-Dfile.encoding=UTF-8,-Duser.country=US,-Duser.language=en,-Duser.variant]
09:37:01.760 [INFO] [org.gradle.internal.buildevents.BuildLogger] Starting Build
09:37:01.760 [DEBUG] [org.gradle.internal.buildevents.BuildLogger] Gradle user home: /Users/michaelmennis/.gradle
09:37:01.760 [DEBUG] [org.gradle.internal.buildevents.BuildLogger] Current dir: /Users/michaelmennis/grails_dev/fakeyelp
09:37:01.760 [DEBUG] [org.gradle.internal.buildevents.BuildLogger] Settings file: null
09:37:01.760 [DEBUG] [org.gradle.internal.buildevents.BuildLogger] Build file: null
09:37:01.761 [DEBUG] [org.gradle.initialization.buildsrc.BuildSourceBuilder] Starting to build the build sources.
09:37:01.761 [DEBUG] [org.gradle.initialization.buildsrc.BuildSourceBuilder] Gradle source dir does not exist. We leave.
09:37:01.761 [DEBUG] [org.gradle.initialization.DefaultGradlePropertiesLoader] Found env project properties: []
09:37:01.761 [DEBUG] [org.gradle.initialization.DefaultGradlePropertiesLoader] Found system project properties: []
09:37:01.762 [DEBUG] [org.gradle.initialization.ScriptEvaluatingSettingsProcessor] Timing: Processing settings took: 0.001 secs
09:37:01.762 [INFO] [org.gradle.internal.buildevents.BuildLogger] Settings evaluated using settings file '/master/settings.gradle'.
09:37:01.763 [DEBUG] [org.gradle.model.internal.registry.DefaultModelRegistry] Project : - Transitioning model element '<root>' from state Registered to Created
09:37:01.763 [DEBUG] [org.gradle.model.internal.registry.DefaultModelRegistry] Project : - Transitioning model element '<root>' to state Discovered.
09:37:01.763 [DEBUG] [org.gradle.model.internal.registry.DefaultModelRegistry] Project : - Transitioning model element '<root>' to state Created.
09:37:01.764 [DEBUG] [org.gradle.model.internal.registry.DefaultModelRegistry] Project : - Registering model element 'tasks' (hidden = false)
09:37:01.764 [DEBUG] [org.gradle.model.internal.registry.DefaultModelRegistry] Project : - Transitioning model element 'tasks' from state Registered to Created
09:37:01.764 [DEBUG] [org.gradle.model.internal.registry.DefaultModelRegistry] Project : - Running model element 'tasks' rule action Project.<init>.tasks()
09:37:01.764 [DEBUG] [org.gradle.model.internal.registry.DefaultModelRegistry] Project : - Mutating tasks using Project.<init>.tasks()
09:37:01.764 [DEBUG] [org.gradle.model.internal.registry.DefaultModelRegistry] Project : - Transitioning model element 'tasks' to state Discovered.
09:37:01.764 [DEBUG] [org.gradle.model.internal.registry.DefaultModelRegistry] Project : - Running model element 'tasks' rule action Project.<init>.tasks()
09:37:01.764 [DEBUG] [org.gradle.model.internal.registry.DefaultModelRegistry] Project : - Mutating tasks using Project.<init>.tasks()
09:37:01.764 [DEBUG] [org.gradle.model.internal.registry.DefaultModelRegistry] Project : - Transitioning model element 'tasks' to state Created.
09:37:01.764 [DEBUG] [org.gradle.model.internal.registry.DefaultModelRegistry] Project : - Registering model element 'serviceRegistry' (hidden = true)
09:37:01.764 [DEBUG] [org.gradle.model.internal.registry.DefaultModelRegistry] Project : - Registering model element 'buildDir' (hidden = true)
09:37:01.764 [DEBUG] [org.gradle.model.internal.registry.DefaultModelRegistry] Project : - Registering model element 'projectIdentifier' (hidden = true)
09:37:01.764 [DEBUG] [org.gradle.model.internal.registry.DefaultModelRegistry] Project : - Registering model element 'extensionContainer' (hidden = true)
09:37:01.765 [DEBUG] [org.gradle.model.internal.registry.DefaultModelRegistry] Project : - Registering model element 'fileOperations' (hidden = true)
09:37:01.765 [DEBUG] [org.gradle.model.internal.registry.DefaultModelRegistry] Project : - Registering model element 'sourceDirectorySetFactory' (hidden = true)
09:37:01.765 [DEBUG] [org.gradle.model.internal.registry.DefaultModelRegistry] Project : - Registering model element 'taskFactory' (hidden = true)
09:37:01.765 [DEBUG] [org.gradle.model.internal.registry.DefaultModelRegistry] Project : - Registering model element 'instantiator' (hidden = true)
09:37:01.765 [DEBUG] [org.gradle.model.internal.registry.DefaultModelRegistry] Project : - Registering model element 'typeConverter' (hidden = true)
09:37:01.765 [DEBUG] [org.gradle.model.internal.registry.DefaultModelRegistry] Project : - Registering model element 'nodeInitializerRegistry' (hidden = true)
09:37:01.765 [DEBUG] [org.gradle.model.internal.registry.DefaultModelRegistry] Project : - Registering model element 'structBindingsStore' (hidden = true)
09:37:01.765 [DEBUG] [org.gradle.model.internal.registry.DefaultModelRegistry] Project : - Registering model element 'proxyFactory' (hidden = true)
09:37:01.765 [DEBUG] [org.gradle.model.internal.registry.DefaultModelRegistry] Project : - Registering model element 'schemaStore' (hidden = true)
09:37:01.765 [DEBUG] [org.gradle.initialization.ProjectPropertySettingBuildLoader] Looking for project properties from: /Users/michaelmennis/grails_dev/fakeyelp/gradle.properties
09:37:01.772 [DEBUG] [org.gradle.initialization.ProjectPropertySettingBuildLoader] Adding project properties (if not overwritten by user properties): [grailsVersion, gormVersion, gradleWrapperVersion]
09:37:01.772 [INFO] [org.gradle.internal.buildevents.BuildLogger] Projects loaded. Root project using build file '/Users/michaelmennis/grails_dev/fakeyelp/build.gradle'.
09:37:01.773 [INFO] [org.gradle.internal.buildevents.BuildLogger] Included projects: [root project 'fakeyelp']
09:37:01.774 [DEBUG] [org.gradle.model.internal.registry.DefaultModelRegistry] Project : - Registering model element 'tasks.init' (hidden = false)
09:37:01.774 [DEBUG] [org.gradle.model.internal.registry.DefaultModelRegistry] Project : - Registering model element 'tasks.wrapper' (hidden = false)
09:37:01.775 [DEBUG] [org.gradle.model.internal.registry.DefaultModelRegistry] Project : - Registering model element 'tasks.help' (hidden = false)
09:37:01.776 [DEBUG] [org.gradle.model.internal.registry.DefaultModelRegistry] Project : - Registering model element 'tasks.projects' (hidden = false)
09:37:01.776 [DEBUG] [org.gradle.model.internal.registry.DefaultModelRegistry] Project : - Registering model element 'tasks.tasks' (hidden = false)
09:37:01.776 [DEBUG] [org.gradle.model.internal.registry.DefaultModelRegistry] Project : - Registering model element 'tasks.properties' (hidden = false)
09:37:01.776 [DEBUG] [org.gradle.model.internal.registry.DefaultModelRegistry] Project : - Registering model element 'tasks.dependencyInsight' (hidden = false)
09:37:01.776 [DEBUG] [org.gradle.model.internal.registry.DefaultModelRegistry] Project : - Registering model element 'tasks.dependencies' (hidden = false)
09:37:01.776 [DEBUG] [org.gradle.model.internal.registry.DefaultModelRegistry] Project : - Registering model element 'tasks.buildEnvironment' (hidden = false)
09:37:01.776 [DEBUG] [org.gradle.model.internal.registry.DefaultModelRegistry] Project : - Registering model element 'tasks.components' (hidden = false)
09:37:01.776 [DEBUG] [org.gradle.model.internal.registry.DefaultModelRegistry] Project : - Registering model element 'tasks.model' (hidden = false)
09:37:01.776 [DEBUG] [org.gradle.model.internal.registry.DefaultModelRegistry] Project : - Registering model element 'tasks.dependentComponents' (hidden = false)
09:37:01.777 [INFO] [org.gradle.configuration.project.BuildScriptProcessor] Evaluating root project 'fakeyelp' using build file '/Users/michaelmennis/grails_dev/fakeyelp/build.gradle'.
09:37:01.782 [DEBUG] [org.gradle.api.internal.artifacts.mvnsettings.DefaultLocalMavenRepositoryLocator] No local repository in Settings file defined. Using default path: /Users/michaelmennis/.m2/repository
09:37:01.783 [DEBUG] [org.gradle.api.internal.artifacts.mvnsettings.DefaultLocalMavenRepositoryLocator] No local repository in Settings file defined. Using default path: /Users/michaelmennis/.m2/repository
09:37:01.786 [DEBUG] [org.gradle.cache.internal.LockOnDemandCrossProcessCacheAccess] Acquiring file lock for artifact cache (/Users/michaelmennis/.gradle/caches/modules-2)
09:37:01.786 [DEBUG] [org.gradle.cache.internal.DefaultFileLockManager] Waiting to acquire exclusive lock on artifact cache (/Users/michaelmennis/.gradle/caches/modules-2).
09:37:01.786 [DEBUG] [org.gradle.cache.internal.DefaultFileLockManager] Lock acquired.
09:37:01.786 [DEBUG] [org.gradle.api.internal.artifacts.ivyservice.resolveengine.DefaultArtifactDependencyResolver] Resolving configuration ':classpath'
09:37:01.787 [DEBUG] [org.gradle.api.internal.artifacts.ivyservice.ivyresolve.memcache.InMemoryCachedRepositoryFactory] Creating new in-memory cache for repo 'MavenLocal' [7d5236b1643586c7776714a6deab182].
09:37:01.787 [DEBUG] [org.gradle.internal.resource.transport.http.JavaSystemPropertiesProxySettings] Found java system property 'http.nonProxyHosts': local|*.local|169.254/16|*.169.254/16. Will ignore proxy settings for these hosts.
09:37:01.787 [DEBUG] [org.gradle.api.internal.artifacts.ivyservice.ivyresolve.memcache.InMemoryCachedRepositoryFactory] Creating new in-memory cache for repo 'maven' [a084cad2441d39086e90f182aad939c2].
09:37:01.787 [DEBUG] [org.gradle.api.internal.artifacts.ivyservice.resolveengine.graph.DependencyGraphBuilder] Visiting configuration :fakeyelp:unspecified(classpath).
09:37:01.788 [DEBUG] [org.gradle.api.internal.artifacts.ivyservice.resolveengine.graph.DependencyGraphBuilder] Visiting dependency :fakeyelp:unspecified(classpath) -> dependency: org.grails:grails-gradle-plugin:3.3.0 from-conf: classpath to-conf: null
09:37:01.788 [DEBUG] [org.gradle.api.internal.artifacts.ivyservice.resolveengine.graph.DependencyGraphBuilder] Selecting new module version org.grails:grails-gradle-plugin:3.3.0
09:37:01.788 [DEBUG] [org.gradle.api.internal.artifacts.ivyservice.ivyresolve.RepositoryChainComponentMetaDataResolver] Attempting to resolve component for org.grails:grails-gradle-plugin:3.3.0 using repositories [MavenLocal, maven]
09:37:01.788 [DEBUG] [org.gradle.api.internal.artifacts.repositories.resolver.DefaultExternalResourceArtifactResolver] Loading file:/Users/michaelmennis/.m2/repository/org/grails/grails-gradle-plugin/3.3.0/grails-gradle-plugin-3.3.0.pom
09:37:01.788 [DEBUG] [org.gradle.api.internal.artifacts.repositories.resolver.DefaultExternalResourceArtifactResolver] Loading file:/Users/michaelmennis/.m2/repository/org/grails/grails-gradle-plugin/3.3.0/grails-gradle-plugin-3.3.0.jar
09:37:01.788 [DEBUG] [org.gradle.api.internal.artifacts.repositories.resolver.ExternalResourceResolver] No meta-data file or artifact found for module 'org.grails:grails-gradle-plugin:3.3.0' in repository 'MavenLocal'.
09:37:01.788 [DEBUG] [org.gradle.cache.internal.btree.BTreePersistentIndexedCache] Opening cache module-metadata.bin (/Users/michaelmennis/.gradle/caches/modules-2/metadata-2.23/module-metadata.bin)
09:37:01.789 [DEBUG] [org.gradle.api.internal.artifacts.ivyservice.ivyresolve.CachingModuleComponentRepository] Using cached module metadata for module 'org.grails:grails-gradle-plugin:3.3.0' in 'maven'
09:37:01.789 [DEBUG] [org.gradle.api.internal.artifacts.ivyservice.ivyresolve.RepositoryChainComponentMetaDataResolver] Using org.grails:grails-gradle-plugin:3.3.0 from Maven repository 'maven'
09:37:01.789 [DEBUG] [org.gradle.api.internal.artifacts.ivyservice.resolveengine.graph.DependencyGraphBuilder] Visiting dependency :fakeyelp:unspecified(classpath) -> dependency: org.grails.plugins:hibernate5:6.1.6 from-conf: classpath to-conf: null
09:37:01.789 [DEBUG] [org.gradle.api.internal.artifacts.ivyservice.resolveengine.graph.DependencyGraphBuilder] Selecting new module version org.grails.plugins:hibernate5:6.1.6
09:37:01.789 [DEBUG] [org.gradle.api.internal.artifacts.ivyservice.ivyresolve.RepositoryChainComponentMetaDataResolver] Attempting to resolve component for org.grails.plugins:hibernate5:6.1.6 using repositories [MavenLocal, maven]
09:37:01.789 [DEBUG] [org.gradle.api.internal.artifacts.repositories.resolver.DefaultExternalResourceArtifactResolver] Loading file:/Users/michaelmennis/.m2/repository/org/grails/plugins/hibernate5/6.1.6/hibernate5-6.1.6.pom
09:37:01.790 [DEBUG] [org.gradle.api.internal.artifacts.repositories.resolver.DefaultExternalResourceArtifactResolver] Loading file:/Users/michaelmennis/.m2/repository/org/grails/plugins/hibernate5/6.1.6/hibernate5-6.1.6.jar
09:37:01.790 [DEBUG] [org.gradle.api.internal.artifacts.repositories.resolver.ExternalResourceResolver] No meta-data file or artifact found for module 'org.grails.plugins:hibernate5:6.1.6' in repository 'MavenLocal'.
09:37:01.790 [DEBUG] [org.gradle.api.internal.artifacts.ivyservice.ivyresolve.CachingModuleComponentRepository] Using cached module metadata for module 'org.grails.plugins:hibernate5:6.1.6' in 'maven'
09:37:01.790 [DEBUG] [org.gradle.api.internal.artifacts.ivyservice.ivyresolve.RepositoryChainComponentMetaDataResolver] Using org.grails.plugins:hibernate5:6.1.6 from Maven repository 'maven'
09:37:01.790 [DEBUG] [org.gradle.api.internal.artifacts.ivyservice.resolveengine.graph.DependencyGraphBuilder] Visiting dependency :fakeyelp:unspecified(classpath) -> dependency: com.bertramlabs.plugins:asset-pipeline-gradle:2.14.2 from-conf: classpath to-conf: null
09:37:01.790 [DEBUG] [org.gradle.api.internal.artifacts.ivyservice.resolveengine.graph.DependencyGraphBuilder] Selecting new module version com.bertramlabs.plugins:asset-pipeline-gradle:2.14.2
09:37:01.790 [DEBUG] [org.gradle.api.internal.artifacts.ivyservice.ivyresolve.RepositoryChainComponentMetaDataResolver] Attempting to resolve component for com.bertramlabs.plugins:asset-pipeline-gradle:2.14.2 using repositories [MavenLocal, maven]
09:37:01.790 [DEBUG] [org.gradle.api.internal.artifacts.repositories.resolver.DefaultExternalResourceArtifactResolver] Loading file:/Users/michaelmennis/.m2/repository/com/bertramlabs/plugins/asset-pipeline-gradle/2.14.2/asset-pipeline-gradle-2.14.2.pom
09:37:01.790 [DEBUG] [org.gradle.api.internal.artifacts.repositories.resolver.DefaultExternalResourceArtifactResolver] Loading file:/Users/michaelmennis/.m2/repository/com/bertramlabs/plugins/asset-pipeline-gradle/2.14.2/asset-pipeline-gradle-2.14.2.jar
09:37:01.791 [DEBUG] [org.gradle.api.internal.artifacts.repositories.resolver.ExternalResourceResolver] No meta-data file or artifact found for module 'com.bertramlabs.plugins:asset-pipeline-gradle:2.14.2' in repository 'MavenLocal'.
09:37:01.791 [DEBUG] [org.gradle.api.internal.artifacts.ivyservice.ivyresolve.CachingModuleComponentRepository] Using cached module metadata for module 'com.bertramlabs.plugins:asset-pipeline-gradle:2.14.2' in 'maven'
09:37:01.791 [DEBUG] [org.gradle.api.internal.artifacts.ivyservice.ivyresolve.RepositoryChainComponentMetaDataResolver] Using com.bertramlabs.plugins:asset-pipeline-gradle:2.14.2 from Maven repository 'maven'
09:37:01.791 [DEBUG] [org.gradle.api.internal.artifacts.ivyservice.resolveengine.graph.DependencyGraphBuilder] Visiting configuration org.grails:grails-gradle-plugin:3.3.0(default).
09:37:01.795 [DEBUG] [org.gradle.api.internal.artifacts.ivyservice.resolveengine.graph.DependencyGraphBuilder] Visiting dependency org.grails:grails-gradle-plugin:3.3.0(default) -> dependency: org.codehaus.groovy:groovy:2.4.11, scope: Runtime, optional: false
09:37:01.795 [DEBUG] [org.gradle.api.internal.artifacts.ivyservice.resolveengine.graph.DependencyGraphBuilder] Selecting new module version org.codehaus.groovy:groovy:2.4.11
09:37:01.795 [DEBUG] [org.gradle.api.internal.artifacts.ivyservice.ivyresolve.RepositoryChainComponentMetaDataResolver] Attempting to resolve component for org.codehaus.groovy:groovy:2.4.11 using repositories [MavenLocal, maven]
09:37:01.795 [DEBUG] [org.gradle.api.internal.artifacts.repositories.resolver.DefaultExternalResourceArtifactResolver] Loading file:/Users/michaelmennis/.m2/repository/org/codehaus/groovy/groovy/2.4.11/groovy-2.4.11.pom
09:37:01.795 [DEBUG] [org.gradle.api.internal.artifacts.repositories.resolver.DefaultExternalResourceArtifactResolver] Loading file:/Users/michaelmennis/.m2/repository/org/codehaus/groovy/groovy/2.4.11/groovy-2.4.11.jar
09:37:01.796 [DEBUG] [org.gradle.api.internal.artifacts.repositories.resolver.ExternalResourceResolver] No meta-data file or artifact found for module 'org.codehaus.groovy:groovy:2.4.11' in repository 'MavenLocal'.
09:37:01.796 [DEBUG] [org.gradle.api.internal.artifacts.ivyservice.ivyresolve.CachingModuleComponentRepository] Using cached module metadata for module 'org.codehaus.groovy:groovy:2.4.11' in 'maven'
09:37:01.796 [DEBUG] [org.gradle.api.internal.artifacts.ivyservice.ivyresolve.RepositoryChainComponentMetaDataResolver] Using org.codehaus.groovy:groovy:2.4.11 from Maven repository 'maven'
09:37:01.797 [DEBUG] [org.gradle.api.internal.artifacts.ivyservice.resolveengine.graph.DependencyGraphBuilder] Visiting dependency org.grails:grails-gradle-plugin:3.3.0(default) -> dependency: org.slf4j:slf4j-api:1.7.22, scope: Runtime, optional: false
09:37:01.797 [DEBUG] [org.gradle.api.internal.artifacts.ivyservice.resolveengine.graph.DependencyGraphBuilder] Selecting new module version org.slf4j:slf4j-api:1.7.22
09:37:01.797 [DEBUG] [org.gradle.api.internal.artifacts.ivyservice.ivyresolve.RepositoryChainComponentMetaDataResolver] Attempting to resolve component for org.slf4j:slf4j-api:1.7.22 using repositories [MavenLocal, maven]
09:37:01.797 [DEBUG] [org.gradle.api.internal.artifacts.repositories.resolver.DefaultExternalResourceArtifactResolver] Loading file:/Users/michaelmennis/.m2/repository/org/slf4j/slf4j-api/1.7.22/slf4j-api-1.7.22.pom
09:37:01.798 [DEBUG] [org.gradle.api.internal.artifacts.ivyservice.ivyresolve.RepositoryChainComponentMetaDataResolver] Attempting to resolve component for org.slf4j:slf4j-parent:1.7.22 using repositories [MavenLocal, maven]
09:37:01.798 [DEBUG] [org.gradle.api.internal.artifacts.repositories.resolver.DefaultExternalResourceArtifactResolver] Loading file:/Users/michaelmennis/.m2/repository/org/slf4j/slf4j-parent/1.7.22/slf4j-parent-1.7.22.pom
09:37:01.800 [DEBUG] [org.gradle.api.internal.artifacts.repositories.resolver.ExternalResourceResolver] Metadata file found for module 'org.slf4j:slf4j-parent:1.7.22' in repository 'MavenLocal'.
09:37:01.800 [DEBUG] [org.gradle.api.internal.artifacts.ivyservice.ivyresolve.RepositoryChainComponentMetaDataResolver] Using org.slf4j:slf4j-parent:1.7.22 from Maven repository 'MavenLocal'
09:37:01.800 [DEBUG] [org.gradle.api.internal.artifacts.repositories.resolver.DefaultExternalResourceArtifactResolver] Loading file:/Users/michaelmennis/.m2/repository/org/slf4j/slf4j-parent/1.7.22/slf4j-parent-1.7.22.pom
09:37:01.802 [DEBUG] [org.gradle.api.internal.artifacts.repositories.resolver.DefaultExternalResourceArtifactResolver] Loading file:/Users/michaelmennis/.m2/repository/org/slf4j/slf4j-api/1.7.22/slf4j-api-1.7.22.jar
09:37:01.802 [DEBUG] [org.gradle.api.internal.artifacts.repositories.resolver.MavenResolver] POM file found for module 'org.slf4j:slf4j-api:1.7.22' in repository 'MavenLocal' but no artifact found. Ignoring.
09:37:01.802 [DEBUG] [org.gradle.api.internal.artifacts.repositories.resolver.DefaultExternalResourceArtifactResolver] Loading file:/Users/michaelmennis/.m2/repository/org/slf4j/slf4j-api/1.7.22/slf4j-api-1.7.22.jar
09:37:01.802 [DEBUG] [org.gradle.api.internal.artifacts.repositories.resolver.ExternalResourceResolver] No meta-data file or artifact found for module 'org.slf4j:slf4j-api:1.7.22' in repository 'MavenLocal'.
09:37:01.803 [DEBUG] [org.gradle.api.internal.artifacts.ivyservice.ivyresolve.CachingModuleComponentRepository] Using cached module metadata for module 'org.slf4j:slf4j-api:1.7.22' in 'maven'
09:37:01.803 [DEBUG] [org.gradle.api.internal.artifacts.ivyservice.ivyresolve.RepositoryChainComponentMetaDataResolver] Using org.slf4j:slf4j-api:1.7.22 from Maven repository 'maven'
09:37:01.803 [DEBUG] [org.gradle.api.internal.artifacts.ivyservice.resolveengine.graph.DependencyGraphBuilder] Visiting dependency org.grails:grails-gradle-plugin:3.3.0(default) -> dependency: org.slf4j:jcl-over-slf4j:1.7.22, scope: Runtime, optional: false
09:37:01.803 [DEBUG] [org.gradle.api.internal.artifacts.ivyservice.resolveengine.graph.DependencyGraphBuilder] Selecting new module version org.slf4j:jcl-over-slf4j:1.7.22
09:37:01.803 [DEBUG] [org.gradle.api.internal.artifacts.ivyservice.ivyresolve.RepositoryChainComponentMetaDataResolver] Attempting to resolve component for org.slf4j:jcl-over-slf4j:1.7.22 using repositories [MavenLocal, maven]
09:37:01.803 [DEBUG] [org.gradle.api.internal.artifacts.repositories.resolver.DefaultExternalResourceArtifactResolver] Loading file:/Users/michaelmennis/.m2/repository/org/slf4j/jcl-over-slf4j/1.7.22/jcl-over-slf4j-1.7.22.pom
09:37:01.803 [DEBUG] [org.gradle.api.internal.artifacts.repositories.resolver.DefaultExternalResourceArtifactResolver] Loading file:/Users/michaelmennis/.m2/repository/org/slf4j/jcl-over-slf4j/1.7.22/jcl-over-slf4j-1.7.22.jar
09:37:01.803 [DEBUG] [org.gradle.api.internal.artifacts.repositories.resolver.ExternalResourceResolver] No meta-data file or artifact found for module 'org.slf4j:jcl-over-slf4j:1.7.22' in repository 'MavenLocal'.
09:37:01.804 [DEBUG] [org.gradle.api.internal.artifacts.ivyservice.ivyresolve.CachingModuleComponentRepository] Using cached module metadata for module 'org.slf4j:jcl-over-slf4j:1.7.22' in 'maven'
09:37:01.804 [DEBUG] [org.gradle.api.internal.artifacts.ivyservice.ivyresolve.RepositoryChainComponentMetaDataResolver] Using org.slf4j:jcl-over-slf4j:1.7.22 from Maven repository 'maven'
09:37:01.804 [DEBUG] [org.gradle.api.internal.artifacts.ivyservice.resolveengine.graph.DependencyGraphBuilder] Visiting dependency org.grails:grails-gradle-plugin:3.3.0(default) -> dependency: org.grails:grails-gradle-model:3.3.0, scope: Runtime, optional: false
09:37:01.804 [DEBUG] [org.gradle.api.internal.artifacts.ivyservice.resolveengine.graph.DependencyGraphBuilder] Selecting new module version org.grails:grails-gradle-model:3.3.0
09:37:01.804 [DEBUG] [org.gradle.api.internal.artifacts.ivyservice.ivyresolve.RepositoryChainComponentMetaDataResolver] Attempting to resolve component for org.grails:grails-gradle-model:3.3.0 using repositories [MavenLocal, maven]
09:37:01.804 [DEBUG] [org.gradle.api.internal.artifacts.repositories.resolver.DefaultExternalResourceArtifactResolver] Loading file:/Users/michaelmennis/.m2/repository/org/grails/grails-gradle-model/3.3.0/grails-gradle-model-3.3.0.pom
09:37:01.804 [DEBUG] [org.gradle.api.internal.artifacts.repositories.resolver.DefaultExternalResourceArtifactResolver] Loading file:/Users/michaelmennis/.m2/repository/org/grails/grails-gradle-model/3.3.0/grails-gradle-model-3.3.0.jar
09:37:01.804 [DEBUG] [org.gradle.api.internal.artifacts.repositories.resolver.ExternalResourceResolver] No meta-data file or artifact found for module 'org.grails:grails-gradle-model:3.3.0' in repository 'MavenLocal'.
09:37:01.805 [DEBUG] [org.gradle.api.internal.artifacts.ivyservice.ivyresolve.CachingModuleComponentRepository] Using cached module metadata for module 'org.grails:grails-gradle-model:3.3.0' in 'maven'
09:37:01.805 [DEBUG] [org.gradle.api.internal.artifacts.ivyservice.ivyresolve.RepositoryChainComponentMetaDataResolver] Using org.grails:grails-gradle-model:3.3.0 from Maven repository 'maven'
09:37:01.805 [DEBUG] [org.gradle.api.internal.artifacts.ivyservice.resolveengine.graph.DependencyGraphBuilder] Visiting dependency org.grails:grails-gradle-plugin:3.3.0(default) -> dependency: org.grails:grails-shell:3.3.0, scope: Runtime, optional: false
09:37:01.805 [DEBUG] [org.gradle.api.internal.artifacts.ivyservice.resolveengine.graph.DependencyGraphBuilder] Selecting new module version org.grails:grails-shell:3.3.0
09:37:01.805 [DEBUG] [org.gradle.api.internal.artifacts.ivyservice.ivyresolve.RepositoryChainComponentMetaDataResolver] Attempting to resolve component for org.grails:grails-shell:3.3.0 using repositories [MavenLocal, maven]
09:37:01.805 [DEBUG] [org.gradle.api.internal.artifacts.repositories.resolver.DefaultExternalResourceArtifactResolver] Loading file:/Users/michaelmennis/.m2/repository/org/grails/grails-shell/3.3.0/grails-shell-3.3.0.pom
09:37:01.805 [DEBUG] [org.gradle.api.internal.artifacts.repositories.resolver.DefaultExternalResourceArtifactResolver] Loading file:/Users/michaelmennis/.m2/repository/org/grails/grails-shell/3.3.0/grails-shell-3.3.0.jar
09:37:01.805 [DEBUG] [org.gradle.api.internal.artifacts.repositories.resolver.ExternalResourceResolver] No meta-data file or artifact found for module 'org.grails:grails-shell:3.3.0' in repository 'MavenLocal'.
09:37:01.806 [DEBUG] [org.gradle.api.internal.artifacts.ivyservice.ivyresolve.CachingModuleComponentRepository] Using cached module metadata for module 'org.grails:grails-shell:3.3.0' in 'maven'
09:37:01.806 [DEBUG] [org.gradle.api.internal.artifacts.ivyservice.ivyresolve.RepositoryChainComponentMetaDataResolver] Using org.grails:grails-shell:3.3.0 from Maven repository 'maven'
09:37:01.806 [DEBUG] [org.gradle.api.internal.artifacts.ivyservice.resolveengine.graph.DependencyGraphBuilder] Visiting dependency org.grails:grails-gradle-plugin:3.3.0(default) -> dependency: org.grails:grails-bootstrap:3.3.0, scope: Runtime, optional: false
09:37:01.806 [DEBUG] [org.gradle.api.internal.artifacts.ivyservice.resolveengine.graph.DependencyGraphBuilder] Selecting new module version org.grails:grails-bootstrap:3.3.0
09:37:01.806 [DEBUG] [org.gradle.api.internal.artifacts.ivyservice.ivyresolve.RepositoryChainComponentMetaDataResolver] Attempting to resolve component for org.grails:grails-bootstrap:3.3.0 using repositories [MavenLocal, maven]
09:37:01.806 [DEBUG] [org.gradle.api.internal.artifacts.repositories.resolver.DefaultExternalResourceArtifactResolver] Loading file:/Users/michaelmennis/.m2/repository/org/grails/grails-bootstrap/3.3.0/grails-bootstrap-3.3.0.pom
09:37:01.806 [DEBUG] [org.gradle.api.internal.artifacts.repositories.resolver.DefaultExternalResourceArtifactResolver] Loading file:/Users/michaelmennis/.m2/repository/org/grails/grails-bootstrap/3.3.0/grails-bootstrap-3.3.0.jar
09:37:01.806 [DEBUG] [org.gradle.api.internal.artifacts.repositories.resolver.ExternalResourceResolver] No meta-data file or artifact found for module 'org.grails:grails-bootstrap:3.3.0' in repository 'MavenLocal'.
09:37:01.807 [DEBUG] [org.gradle.api.internal.artifacts.ivyservice.ivyresolve.CachingModuleComponentRepository] Using cached module metadata for module 'org.grails:grails-bootstrap:3.3.0' in 'maven'
09:37:01.807 [DEBUG] [org.gradle.api.internal.artifacts.ivyservice.ivyresolve.RepositoryChainComponentMetaDataResolver] Using org.grails:grails-bootstrap:3.3.0 from Maven repository 'maven'
09:37:01.807 [DEBUG] [org.gradle.api.internal.artifacts.ivyservice.resolveengine.graph.DependencyGraphBuilder] Visiting dependency org.grails:grails-gradle-plugin:3.3.0(default) -> dependency: org.springframework.boot:spring-boot-gradle-plugin:1.5.4.RELEASE, scope: Runtime, optional: false
09:37:01.807 [DEBUG] [org.gradle.api.internal.artifacts.ivyservice.resolveengine.graph.DependencyGraphBuilder] Selecting new module version org.springframework.boot:spring-boot-gradle-plugin:1.5.4.RELEASE
09:37:01.807 [DEBUG] [org.gradle.api.internal.artifacts.ivyservice.ivyresolve.RepositoryChainComponentMetaDataResolver] Attempting to resolve component for org.springframework.boot:spring-boot-gradle-plugin:1.5.4.RELEASE using repositories [MavenLocal, maven]
09:37:01.807 [DEBUG] [org.gradle.api.internal.artifacts.repositories.resolver.DefaultExternalResourceArtifactResolver] Loading file:/Users/michaelmennis/.m2/repository/org/springframework/boot/spring-boot-gradle-plugin/1.5.4.RELEASE/spring-boot-gradle-plugin-1.5.4.RELEASE.pom
09:37:01.807 [DEBUG] [org.gradle.api.internal.artifacts.repositories.resolver.DefaultExternalResourceArtifactResolver] Loading file:/Users/michaelmennis/.m2/repository/org/springframework/boot/spring-boot-gradle-plugin/1.5.4.RELEASE/spring-boot-gradle-plugin-1.5.4.RELEASE.jar
09:37:01.807 [DEBUG] [org.gradle.api.internal.artifacts.repositories.resolver.ExternalResourceResolver] No meta-data file or artifact found for module 'org.springframework.boot:spring-boot-gradle-plugin:1.5.4.RELEASE' in repository 'MavenLocal'.
09:37:01.808 [DEBUG] [org.gradle.api.internal.artifacts.ivyservice.ivyresolve.CachingModuleComponentRepository] Using cached module metadata for module 'org.springframework.boot:spring-boot-gradle-plugin:1.5.4.RELEASE' in 'maven'
09:37:01.808 [DEBUG] [org.gradle.api.internal.artifacts.ivyservice.ivyresolve.RepositoryChainComponentMetaDataResolver] Using org.springframework.boot:spring-boot-gradle-plugin:1.5.4.RELEASE from Maven repository 'maven'
09:37:01.808 [DEBUG] [org.gradle.api.internal.artifacts.ivyservice.resolveengine.graph.DependencyGraphBuilder] Visiting dependency org.grails:grails-gradle-plugin:3.3.0(default) -> dependency: com.jfrog.bintray.gradle:gradle-bintray-plugin:1.7.3, scope: Runtime, optional: false
09:37:01.808 [DEBUG] [org.gradle.api.internal.artifacts.ivyservice.resolveengine.graph.DependencyGraphBuilder] Selecting new module version com.jfrog.bintray.gradle:gradle-bintray-plugin:1.7.3
09:37:01.808 [DEBUG] [org.gradle.api.internal.artifacts.ivyservice.ivyresolve.RepositoryChainComponentMetaDataResolver] Attempting to resolve component for com.jfrog.bintray.gradle:gradle-bintray-plugin:1.7.3 using repositories [MavenLocal, maven]
09:37:01.808 [DEBUG] [org.gradle.api.internal.artifacts.repositories.resolver.DefaultExternalResourceArtifactResolver] Loading file:/Users/michaelmennis/.m2/repository/com/jfrog/bintray/gradle/gradle-bintray-plugin/1.7.3/gradle-bintray-plugin-1.7.3.pom
09:37:01.809 [DEBUG] [org.gradle.api.internal.artifacts.repositories.resolver.DefaultExternalResourceArtifactResolver] Loading file:/Users/michaelmennis/.m2/repository/com/jfrog/bintray/gradle/gradle-bintray-plugin/1.7.3/gradle-bintray-plugin-1.7.3.jar
09:37:01.809 [DEBUG] [org.gradle.api.internal.artifacts.repositories.resolver.ExternalResourceResolver] No meta-data file or artifact found for module 'com.jfrog.bintray.gradle:gradle-bintray-plugin:1.7.3' in repository 'MavenLocal'.
09:37:01.809 [DEBUG] [org.gradle.api.internal.artifacts.ivyservice.ivyresolve.CachingModuleComponentRepository] Using cached module metadata for module 'com.jfrog.bintray.gradle:gradle-bintray-plugin:1.7.3' in 'maven'
09:37:01.809 [DEBUG] [org.gradle.api.internal.artifacts.ivyservice.ivyresolve.RepositoryChainComponentMetaDataResolver] Using com.jfrog.bintray.gradle:gradle-bintray-plugin:1.7.3 from Maven repository 'maven'
09:37:01.809 [DEBUG] [org.gradle.api.internal.artifacts.ivyservice.resolveengine.graph.DependencyGraphBuilder] Visiting dependency org.grails:grails-gradle-plugin:3.3.0(default) -> dependency: io.spring.gradle:dependency-management-plugin:0.6.1.RELEASE, scope: Runtime, optional: false
09:37:01.809 [DEBUG] [org.gradle.api.internal.artifacts.ivyservice.resolveengine.graph.DependencyGraphBuilder] Selecting new module version io.spring.gradle:dependency-management-plugin:0.6.1.RELEASE
09:37:01.809 [DEBUG] [org.gradle.api.internal.artifacts.ivyservice.ivyresolve.RepositoryChainComponentMetaDataResolver] Attempting to resolve component for io.spring.gradle:dependency-management-plugin:0.6.1.RELEASE using repositories [MavenLocal, maven]
09:37:01.810 [DEBUG] [org.gradle.api.internal.artifacts.repositories.resolver.DefaultExternalResourceArtifactResolver] Loading file:/Users/michaelmennis/.m2/repository/io/spring/gradle/dependency-management-plugin/0.6.1.RELEASE/dependency-management-plugin-0.6.1.RELEASE.pom
09:37:01.810 [DEBUG] [org.gradle.api.internal.artifacts.repositories.resolver.DefaultExternalResourceArtifactResolver] Loading file:/Users/michaelmennis/.m2/repository/io/spring/gradle/dependency-management-plugin/0.6.1.RELEASE/dependency-management-plugin-0.6.1.RELEASE.jar
09:37:01.810 [DEBUG] [org.gradle.api.internal.artifacts.repositories.resolver.ExternalResourceResolver] No meta-data file or artifact found for module 'io.spring.gradle:dependency-management-plugin:0.6.1.RELEASE' in repository 'MavenLocal'.
09:37:01.810 [DEBUG] [org.gradle.api.internal.artifacts.ivyservice.ivyresolve.CachingModuleComponentRepository] Using cached module metadata for module 'io.spring.gradle:dependency-management-plugin:0.6.1.RELEASE' in 'maven'
09:37:01.810 [DEBUG] [org.gradle.api.internal.artifacts.ivyservice.ivyresolve.RepositoryChainComponentMetaDataResolver] Using io.spring.gradle:dependency-management-plugin:0.6.1.RELEASE from Maven repository 'maven'
09:37:01.810 [DEBUG] [org.gradle.api.internal.artifacts.ivyservice.resolveengine.graph.DependencyGraphBuilder] Visiting dependency org.grails:grails-gradle-plugin:3.3.0(default) -> dependency: com.netflix.nebula:gradle-extra-configurations-plugin:2.2.0, scope: Runtime, optional: false
09:37:01.810 [DEBUG] [org.gradle.api.internal.artifacts.ivyservice.resolveengine.graph.DependencyGraphBuilder] Selecting new module version com.netflix.nebula:gradle-extra-configurations-plugin:2.2.0
09:37:01.811 [DEBUG] [org.gradle.api.internal.artifacts.ivyservice.ivyresolve.RepositoryChainComponentMetaDataResolver] Attempting to resolve component for com.netflix.nebula:gradle-extra-configurations-plugin:2.2.0 using repositories [MavenLocal, maven]
09:37:01.811 [DEBUG] [org.gradle.api.internal.artifacts.repositories.resolver.DefaultExternalResourceArtifactResolver] Loading file:/Users/michaelmennis/.m2/repository/com/netflix/nebula/gradle-extra-configurations-plugin/2.2.0/gradle-extra-configurations-plugin-2.2.0.pom
09:37:01.811 [DEBUG] [org.gradle.api.internal.artifacts.repositories.resolver.DefaultExternalResourceArtifactResolver] Loading file:/Users/michaelmennis/.m2/repository/com/netflix/nebula/gradle-extra-configurations-plugin/2.2.0/gradle-extra-configurations-plugin-2.2.0.jar
09:37:01.811 [DEBUG] [org.gradle.api.internal.artifacts.repositories.resolver.ExternalResourceResolver] No meta-data file or artifact found for module 'com.netflix.nebula:gradle-extra-configurations-plugin:2.2.0' in repository 'MavenLocal'.
09:37:01.811 [DEBUG] [org.gradle.api.internal.artifacts.ivyservice.ivyresolve.CachingModuleComponentRepository] Using cached module metadata for module 'com.netflix.nebula:gradle-extra-configurations-plugin:2.2.0' in 'maven'
09:37:01.811 [DEBUG] [org.gradle.api.internal.artifacts.ivyservice.ivyresolve.RepositoryChainComponentMetaDataResolver] Using com.netflix.nebula:gradle-extra-configurations-plugin:2.2.0 from Maven repository 'maven'
09:37:01.811 [DEBUG] [org.gradle.api.internal.artifacts.ivyservice.resolveengine.graph.DependencyGraphBuilder] Visiting configuration org.grails.plugins:hibernate5:6.1.6(default).
09:37:01.811 [DEBUG] [org.gradle.api.internal.artifacts.ivyservice.resolveengine.graph.DependencyGraphBuilder] Visiting dependency org.grails.plugins:hibernate5:6.1.6(default) -> dependency: org.hibernate:hibernate-core:5.1.5.Final, scope: Runtime, optional: false
09:37:01.811 [DEBUG] [org.gradle.api.internal.artifacts.ivyservice.resolveengine.graph.DependencyGraphBuilder] Selecting new module version org.hibernate:hibernate-core:5.1.5.Final
09:37:01.811 [DEBUG] [org.gradle.api.internal.artifacts.ivyservice.ivyresolve.RepositoryChainComponentMetaDataResolver] Attempting to resolve component for org.hibernate:hibernate-core:5.1.5.Final using repositories [MavenLocal, maven]
09:37:01.812 [DEBUG] [org.gradle.api.internal.artifacts.repositories.resolver.DefaultExternalResourceArtifactResolver] Loading file:/Users/michaelmennis/.m2/repository/org/hibernate/hibernate-core/5.1.5.Final/hibernate-core-5.1.5.Final.pom
09:37:01.812 [DEBUG] [org.gradle.api.internal.artifacts.repositories.resolver.DefaultExternalResourceArtifactResolver] Loading file:/Users/michaelmennis/.m2/repository/org/hibernate/hibernate-core/5.1.5.Final/hibernate-core-5.1.5.Final.jar
09:37:01.812 [DEBUG] [org.gradle.api.internal.artifacts.repositories.resolver.ExternalResourceResolver] No meta-data file or artifact found for module 'org.hibernate:hibernate-core:5.1.5.Final' in repository 'MavenLocal'.
09:37:01.812 [DEBUG] [org.gradle.api.internal.artifacts.ivyservice.ivyresolve.CachingModuleComponentRepository] Using cached module metadata for module 'org.hibernate:hibernate-core:5.1.5.Final' in 'maven'
09:37:01.812 [DEBUG] [org.gradle.api.internal.artifacts.ivyservice.ivyresolve.RepositoryChainComponentMetaDataResolver] Using org.hibernate:hibernate-core:5.1.5.Final from Maven repository 'maven'
09:37:01.812 [DEBUG] [org.gradle.api.internal.artifacts.ivyservice.resolveengine.graph.DependencyGraphBuilder] Visiting dependency org.grails.plugins:hibernate5:6.1.6(default) -> dependency: org.grails:grails-datastore-web:6.1.6.RELEASE, scope: Runtime, optional: false
09:37:01.813 [DEBUG] [org.gradle.api.internal.artifacts.ivyservice.resolveengine.graph.DependencyGraphBuilder] Selecting new module version org.grails:grails-datastore-web:6.1.6.RELEASE
09:37:01.813 [DEBUG] [org.gradle.api.internal.artifacts.ivyservice.ivyresolve.RepositoryChainComponentMetaDataResolver] Attempting to resolve component for org.grails:grails-datastore-web:6.1.6.RELEASE using repositories [MavenLocal, maven]
09:37:01.813 [DEBUG] [org.gradle.api.internal.artifacts.repositories.resolver.DefaultExternalResourceArtifactResolver] Loading file:/Users/michaelmennis/.m2/repository/org/grails/grails-datastore-web/6.1.6.RELEASE/grails-datastore-web-6.1.6.RELEASE.pom
09:37:01.813 [DEBUG] [org.gradle.api.internal.artifacts.repositories.resolver.DefaultExternalResourceArtifactResolver] Loading file:/Users/michaelmennis/.m2/repository/org/grails/grails-datastore-web/6.1.6.RELEASE/grails-datastore-web-6.1.6.RELEASE.jar
09:37:01.813 [DEBUG] [org.gradle.api.internal.artifacts.repositories.resolver.ExternalResourceResolver] No meta-data file or artifact found for module 'org.grails:grails-datastore-web:6.1.6.RELEASE' in repository 'MavenLocal'.
09:37:01.813 [DEBUG] [org.gradle.api.internal.artifacts.ivyservice.ivyresolve.CachingModuleComponentRepository] Using cached module metadata for module 'org.grails:grails-datastore-web:6.1.6.RELEASE' in 'maven'
09:37:01.813 [DEBUG] [org.gradle.api.internal.artifacts.ivyservice.ivyresolve.RepositoryChainComponentMetaDataResolver] Using org.grails:grails-datastore-web:6.1.6.RELEASE from Maven repository 'maven'
09:37:01.814 [DEBUG] [org.gradle.api.internal.artifacts.ivyservice.resolveengine.graph.DependencyGraphBuilder] Visiting dependency org.grails.plugins:hibernate5:6.1.6(default) -> dependency: org.grails:grails-datastore-gorm-support:6.1.6.RELEASE, scope: Runtime, optional: false
09:37:01.814 [DEBUG] [org.gradle.api.internal.artifacts.ivyservice.resolveengine.graph.DependencyGraphBuilder] Selecting new module version org.grails:grails-datastore-gorm-support:6.1.6.RELEASE
09:37:01.814 [DEBUG] [org.gradle.api.internal.artifacts.ivyservice.ivyresolve.RepositoryChainComponentMetaDataResolver] Attempting to resolve component for org.grails:grails-datastore-gorm-support:6.1.6.RELEASE using repositories [MavenLocal, maven]
09:37:01.814 [DEBUG] [org.gradle.api.internal.artifacts.repositories.resolver.DefaultExternalResourceArtifactResolver] Loading file:/Users/michaelmennis/.m2/repository/org/grails/grails-datastore-gorm-support/6.1.6.RELEASE/grails-datastore-gorm-support-6.1.6.RELEASE.pom
09:37:01.814 [DEBUG] [org.gradle.api.internal.artifacts.repositories.resolver.DefaultExternalResourceArtifactResolver] Loading file:/Users/michaelmennis/.m2/repository/org/grails/grails-datastore-gorm-support/6.1.6.RELEASE/grails-datastore-gorm-support-6.1.6.RELEASE.jar
09:37:01.814 [DEBUG] [org.gradle.api.internal.artifacts.repositories.resolver.ExternalResourceResolver] No meta-data file or artifact found for module 'org.grails:grails-datastore-gorm-support:6.1.6.RELEASE' in repository 'MavenLocal'.
09:37:01.814 [DEBUG] [org.gradle.api.internal.artifacts.ivyservice.ivyresolve.CachingModuleComponentRepository] Using cached module metadata for module 'org.grails:grails-datastore-gorm-support:6.1.6.RELEASE' in 'maven'
09:37:01.815 [DEBUG] [org.gradle.api.internal.artifacts.ivyservice.ivyresolve.RepositoryChainComponentMetaDataResolver] Using org.grails:grails-datastore-gorm-support:6.1.6.RELEASE from Maven repository 'maven'
09:37:01.815 [DEBUG] [org.gradle.api.internal.artifacts.ivyservice.resolveengine.graph.DependencyGraphBuilder] Visiting dependency org.grails.plugins:hibernate5:6.1.6(default) -> dependency: org.grails:grails-datastore-gorm-hibernate5:6.1.6.RELEASE, scope: Runtime, optional: false
09:37:01.815 [DEBUG] [org.gradle.api.internal.artifacts.ivyservice.resolveengine.graph.DependencyGraphBuilder] Selecting new module version org.grails:grails-datastore-gorm-hibernate5:6.1.6.RELEASE
09:37:01.815 [DEBUG] [org.gradle.api.internal.artifacts.ivyservice.ivyresolve.RepositoryChainComponentMetaDataResolver] Attempting to resolve component for org.grails:grails-datastore-gorm-hibernate5:6.1.6.RELEASE using repositories [MavenLocal, maven]
09:37:01.815 [DEBUG] [org.gradle.api.internal.artifacts.repositories.resolver.DefaultExternalResourceArtifactResolver] Loading file:/Users/michaelmennis/.m2/repository/org/grails/grails-datastore-gorm-hibernate5/6.1.6.RELEASE/grails-datastore-gorm-hibernate5-6.1.6.RELEASE.pom
09:37:01.815 [DEBUG] [org.gradle.api.internal.artifacts.repositories.resolver.DefaultExternalResourceArtifactResolver] Loading file:/Users/michaelmennis/.m2/repository/org/grails/grails-datastore-gorm-hibernate5/6.1.6.RELEASE/grails-datastore-gorm-hibernate5-6.1.6.RELEASE.jar
09:37:01.815 [DEBUG] [org.gradle.api.internal.artifacts.repositories.resolver.ExternalResourceResolver] No meta-data file or artifact found for module 'org.grails:grails-datastore-gorm-hibernate5:6.1.6.RELEASE' in repository 'MavenLocal'.
09:37:01.816 [DEBUG] [org.gradle.api.internal.artifacts.ivyservice.ivyresolve.CachingModuleComponentRepository] Using cached module metadata for module 'org.grails:grails-datastore-gorm-hibernate5:6.1.6.RELEASE' in 'maven'
09:37:01.816 [DEBUG] [org.gradle.api.internal.artifacts.ivyservice.ivyresolve.RepositoryChainComponentMetaDataResolver] Using org.grails:grails-datastore-gorm-hibernate5:6.1.6.RELEASE from Maven repository 'maven'
09:37:01.816 [DEBUG] [org.gradle.api.internal.artifacts.ivyservice.resolveengine.graph.DependencyGraphBuilder] Visiting dependency org.grails.plugins:hibernate5:6.1.6(default) -> dependency: org.springframework:spring-orm:4.2.3.RELEASE, scope: Runtime, optional: false
09:37:01.816 [DEBUG] [org.gradle.api.internal.artifacts.ivyservice.resolveengine.graph.DependencyGraphBuilder] Selecting new module version org.springframework:spring-orm:4.2.3.RELEASE
09:37:01.816 [DEBUG] [org.gradle.api.internal.artifacts.ivyservice.ivyresolve.RepositoryChainComponentMetaDataResolver] Attempting to resolve component for org.springframework:spring-orm:4.2.3.RELEASE using repositories [MavenLocal, maven]
09:37:01.816 [DEBUG] [org.gradle.api.internal.artifacts.repositories.resolver.DefaultExternalResourceArtifactResolver] Loading file:/Users/michaelmennis/.m2/repository/org/springframework/spring-orm/4.2.3.RELEASE/spring-orm-4.2.3.RELEASE.pom
09:37:01.816 [DEBUG] [org.gradle.api.internal.artifacts.repositories.resolver.DefaultExternalResourceArtifactResolver] Loading file:/Users/michaelmennis/.m2/repository/org/springframework/spring-orm/4.2.3.RELEASE/spring-orm-4.2.3.RELEASE.jar
09:37:01.816 [DEBUG] [org.gradle.api.internal.artifacts.repositories.resolver.ExternalResourceResolver] No meta-data file or artifact found for module 'org.springframework:spring-orm:4.2.3.RELEASE' in repository 'MavenLocal'.
09:37:01.817 [DEBUG] [org.gradle.api.internal.artifacts.ivyservice.ivyresolve.CachingModuleComponentRepository] Using cached module metadata for module 'org.springframework:spring-orm:4.2.3.RELEASE' in 'maven'
09:37:01.817 [DEBUG] [org.gradle.api.internal.artifacts.ivyservice.ivyresolve.RepositoryChainComponentMetaDataResolver] Using org.springframework:spring-orm:4.2.3.RELEASE from Maven repository 'maven'
09:37:01.817 [DEBUG] [org.gradle.api.internal.artifacts.ivyservice.resolveengine.graph.DependencyGraphBuilder] Visiting configuration com.bertramlabs.plugins:asset-pipeline-gradle:2.14.2(default).
09:37:01.817 [DEBUG] [org.gradle.api.internal.artifacts.ivyservice.resolveengine.graph.DependencyGraphBuilder] Visiting dependency com.bertramlabs.plugins:asset-pipeline-gradle:2.14.2(default) -> dependency: com.bertramlabs.plugins:asset-pipeline-core:2.14.2, scope: Runtime, optional: false
09:37:01.817 [DEBUG] [org.gradle.api.internal.artifacts.ivyservice.resolveengine.graph.DependencyGraphBuilder] Selecting new module version com.bertramlabs.plugins:asset-pipeline-core:2.14.2
09:37:01.817 [DEBUG] [org.gradle.api.internal.artifacts.ivyservice.ivyresolve.RepositoryChainComponentMetaDataResolver] Attempting to resolve component for com.bertramlabs.plugins:asset-pipeline-core:2.14.2 using repositories [MavenLocal, maven]
09:37:01.818 [DEBUG] [org.gradle.api.internal.artifacts.repositories.resolver.DefaultExternalResourceArtifactResolver] Loading file:/Users/michaelmennis/.m2/repository/com/bertramlabs/plugins/asset-pipeline-core/2.14.2/asset-pipeline-core-2.14.2.pom
09:37:01.818 [DEBUG] [org.gradle.api.internal.artifacts.repositories.resolver.DefaultExternalResourceArtifactResolver] Loading file:/Users/michaelmennis/.m2/repository/com/bertramlabs/plugins/asset-pipeline-core/2.14.2/asset-pipeline-core-2.14.2.jar
09:37:01.818 [DEBUG] [org.gradle.api.internal.artifacts.repositories.resolver.ExternalResourceResolver] No meta-data file or artifact found for module 'com.bertramlabs.plugins:asset-pipeline-core:2.14.2' in repository 'MavenLocal'.
09:37:01.818 [DEBUG] [org.gradle.api.internal.artifacts.ivyservice.ivyresolve.CachingModuleComponentRepository] Using cached module metadata for module 'com.bertramlabs.plugins:asset-pipeline-core:2.14.2' in 'maven'
09:37:01.818 [DEBUG] [org.gradle.api.internal.artifacts.ivyservice.ivyresolve.RepositoryChainComponentMetaDataResolver] Using com.bertramlabs.plugins:asset-pipeline-core:2.14.2 from Maven repository 'maven'
09:37:01.819 [DEBUG] [org.gradle.api.internal.artifacts.ivyservice.resolveengine.graph.DependencyGraphBuilder] Visiting configuration org.codehaus.groovy:groovy:2.4.11(runtime).
09:37:01.819 [DEBUG] [org.gradle.api.internal.artifacts.ivyservice.resolveengine.graph.DependencyGraphBuilder] Visiting configuration org.slf4j:slf4j-api:1.7.22(runtime).
09:37:01.819 [DEBUG] [org.gradle.api.internal.artifacts.ivyservice.resolveengine.graph.DependencyGraphBuilder] Visiting configuration org.slf4j:jcl-over-slf4j:1.7.22(runtime).
09:37:01.819 [DEBUG] [org.gradle.api.internal.artifacts.ivyservice.resolveengine.graph.DependencyGraphBuilder] Visiting dependency org.slf4j:jcl-over-slf4j:1.7.22(runtime) -> dependency: org.slf4j:slf4j-api:1.7.22, scope: Compile, optional: false
09:37:01.819 [DEBUG] [org.gradle.api.internal.artifacts.ivyservice.resolveengine.graph.DependencyGraphBuilder] Visiting configuration org.grails:grails-gradle-model:3.3.0(runtime).
09:37:01.819 [DEBUG] [org.gradle.api.internal.artifacts.ivyservice.resolveengine.graph.DependencyGraphBuilder] Visiting dependency org.grails:grails-gradle-model:3.3.0(runtime) -> dependency: org.codehaus.groovy:groovy:2.4.11, scope: Runtime, optional: false
09:37:01.819 [DEBUG] [org.gradle.api.internal.artifacts.ivyservice.resolveengine.graph.DependencyGraphBuilder] Visiting dependency org.grails:grails-gradle-model:3.3.0(runtime) -> dependency: org.slf4j:slf4j-api:1.7.22, scope: Runtime, optional: false
09:37:01.819 [DEBUG] [org.gradle.api.internal.artifacts.ivyservice.resolveengine.graph.DependencyGraphBuilder] Visiting dependency org.grails:grails-gradle-model:3.3.0(runtime) -> dependency: org.slf4j:jcl-over-slf4j:1.7.22, scope: Runtime, optional: false
09:37:01.819 [DEBUG] [org.gradle.api.internal.artifacts.ivyservice.resolveengine.graph.DependencyGraphBuilder] Visiting configuration org.grails:grails-shell:3.3.0(runtime).
09:37:01.819 [DEBUG] [org.gradle.api.internal.artifacts.ivyservice.resolveengine.graph.DependencyGraphBuilder] org.slf4j:slf4j-simple is excluded from org.grails:grails-shell:3.3.0(runtime).
09:37:01.819 [DEBUG] [org.gradle.api.internal.artifacts.ivyservice.resolveengine.graph.DependencyGraphBuilder] Visiting dependency org.grails:grails-shell:3.3.0(runtime) -> dependency: org.codehaus.groovy:groovy:2.4.11, scope: Runtime, optional: false
09:37:01.820 [DEBUG] [org.gradle.api.internal.artifacts.ivyservice.resolveengine.graph.DependencyGraphBuilder] Visiting dependency org.grails:grails-shell:3.3.0(runtime) -> dependency: org.slf4j:slf4j-api:1.7.22, scope: Runtime, optional: false
09:37:01.820 [DEBUG] [org.gradle.api.internal.artifacts.ivyservice.resolveengine.graph.DependencyGraphBuilder] Visiting dependency org.grails:grails-shell:3.3.0(runtime) -> dependency: org.slf4j:jcl-over-slf4j:1.7.22, scope: Runtime, optional: false
09:37:01.820 [DEBUG] [org.gradle.api.internal.artifacts.ivyservice.resolveengine.graph.DependencyGraphBuilder] Visiting dependency org.grails:grails-shell:3.3.0(runtime) -> dependency: org.grails:grails-bootstrap:3.3.0, scope: Runtime, optional: false
09:37:01.822 [DEBUG] [org.gradle.api.internal.artifacts.ivyservice.resolveengine.graph.DependencyGraphBuilder] Visiting dependency org.grails:grails-shell:3.3.0(runtime) -> dependency: org.grails:grails-gradle-model:3.3.0, scope: Runtime, optional: false
09:37:01.822 [DEBUG] [org.gradle.api.internal.artifacts.ivyservice.resolveengine.graph.DependencyGraphBuilder] Visiting dependency org.grails:grails-shell:3.3.0(runtime) -> dependency: org.apache.ant:ant:1.9.7, scope: Runtime, optional: false
09:37:01.822 [DEBUG] [org.gradle.api.internal.artifacts.ivyservice.resolveengine.graph.DependencyGraphBuilder] Selecting new module version org.apache.ant:ant:1.9.7
09:37:01.822 [DEBUG] [org.gradle.api.internal.artifacts.ivyservice.ivyresolve.RepositoryChainComponentMetaDataResolver] Attempting to resolve component for org.apache.ant:ant:1.9.7 using repositories [MavenLocal, maven]
09:37:01.822 [DEBUG] [org.gradle.api.internal.artifacts.repositories.resolver.DefaultExternalResourceArtifactResolver] Loading file:/Users/michaelmennis/.m2/repository/org/apache/ant/ant/1.9.7/ant-1.9.7.pom
09:37:01.822 [DEBUG] [org.gradle.api.internal.artifacts.repositories.resolver.DefaultExternalResourceArtifactResolver] Loading file:/Users/michaelmennis/.m2/repository/org/apache/ant/ant/1.9.7/ant-1.9.7.jar
09:37:01.823 [DEBUG] [org.gradle.api.internal.artifacts.repositories.resolver.ExternalResourceResolver] No meta-data file or artifact found for module 'org.apache.ant:ant:1.9.7' in repository 'MavenLocal'.
09:37:01.823 [DEBUG] [org.gradle.api.internal.artifacts.ivyservice.ivyresolve.CachingModuleComponentRepository] Using cached module metadata for module 'org.apache.ant:ant:1.9.7' in 'maven'
09:37:01.823 [DEBUG] [org.gradle.api.internal.artifacts.ivyservice.ivyresolve.RepositoryChainComponentMetaDataResolver] Using org.apache.ant:ant:1.9.7 from Maven repository 'maven'
09:37:01.823 [DEBUG] [org.gradle.api.internal.artifacts.ivyservice.resolveengine.graph.DependencyGraphBuilder] Visiting dependency org.grails:grails-shell:3.3.0(runtime) -> dependency: org.codehaus.groovy:groovy-ant:2.4.11, scope: Runtime, optional: false
09:37:01.823 [DEBUG] [org.gradle.api.internal.artifacts.ivyservice.resolveengine.graph.DependencyGraphBuilder] Selecting new module version org.codehaus.groovy:groovy-ant:2.4.11
09:37:01.823 [DEBUG] [org.gradle.api.internal.artifacts.ivyservice.ivyresolve.RepositoryChainComponentMetaDataResolver] Attempting to resolve component for org.codehaus.groovy:groovy-ant:2.4.11 using repositories [MavenLocal, maven]
09:37:01.823 [DEBUG] [org.gradle.api.internal.artifacts.repositories.resolver.DefaultExternalResourceArtifactResolver] Loading file:/Users/michaelmennis/.m2/repository/org/codehaus/groovy/groovy-ant/2.4.11/groovy-ant-2.4.11.pom
09:37:01.824 [DEBUG] [org.gradle.api.internal.artifacts.repositories.resolver.DefaultExternalResourceArtifactResolver] Loading file:/Users/michaelmennis/.m2/repository/org/codehaus/groovy/groovy-ant/2.4.11/groovy-ant-2.4.11.jar
09:37:01.824 [DEBUG] [org.gradle.api.internal.artifacts.repositories.resolver.ExternalResourceResolver] No meta-data file or artifact found for module 'org.codehaus.groovy:groovy-ant:2.4.11' in repository 'MavenLocal'.
09:37:01.824 [DEBUG] [org.gradle.api.internal.artifacts.ivyservice.ivyresolve.CachingModuleComponentRepository] Using cached module metadata for module 'org.codehaus.groovy:groovy-ant:2.4.11' in 'maven'
09:37:01.825 [DEBUG] [org.gradle.api.internal.artifacts.ivyservice.ivyresolve.RepositoryChainComponentMetaDataResolver] Using org.codehaus.groovy:groovy-ant:2.4.11 from Maven repository 'maven'
09:37:01.825 [DEBUG] [org.gradle.api.internal.artifacts.ivyservice.resolveengine.graph.DependencyGraphBuilder] Visiting dependency org.grails:grails-shell:3.3.0(runtime) -> dependency: org.codehaus.groovy:groovy-json:2.4.11, scope: Runtime, optional: false
09:37:01.825 [DEBUG] [org.gradle.api.internal.artifacts.ivyservice.resolveengine.graph.DependencyGraphBuilder] Selecting new module version org.codehaus.groovy:groovy-json:2.4.11
09:37:01.825 [DEBUG] [org.gradle.api.internal.artifacts.ivyservice.ivyresolve.RepositoryChainComponentMetaDataResolver] Attempting to resolve component for org.codehaus.groovy:groovy-json:2.4.11 using repositories [MavenLocal, maven]
09:37:01.825 [DEBUG] [org.gradle.api.internal.artifacts.repositories.resolver.DefaultExternalResourceArtifactResolver] Loading file:/Users/michaelmennis/.m2/repository/org/codehaus/groovy/groovy-json/2.4.11/groovy-json-2.4.11.pom
09:37:01.825 [DEBUG] [org.gradle.api.internal.artifacts.repositories.resolver.DefaultExternalResourceArtifactResolver] Loading file:/Users/michaelmennis/.m2/repository/org/codehaus/groovy/groovy-json/2.4.11/groovy-json-2.4.11.jar
09:37:01.825 [DEBUG] [org.gradle.api.internal.artifacts.repositories.resolver.ExternalResourceResolver] No meta-data file or artifact found for module 'org.codehaus.groovy:groovy-json:2.4.11' in repository 'MavenLocal'.
09:37:01.826 [DEBUG] [org.gradle.api.internal.artifacts.ivyservice.ivyresolve.CachingModuleComponentRepository] Using cached module metadata for module 'org.codehaus.groovy:groovy-json:2.4.11' in 'maven'
09:37:01.826 [DEBUG] [org.gradle.api.internal.artifacts.ivyservice.ivyresolve.RepositoryChainComponentMetaDataResolver] Using org.codehaus.groovy:groovy-json:2.4.11 from Maven repository 'maven'
09:37:01.826 [DEBUG] [org.gradle.api.internal.artifacts.ivyservice.resolveengine.graph.DependencyGraphBuilder] Visiting dependency org.grails:grails-shell:3.3.0(runtime) -> dependency: org.codehaus.groovy:groovy-jmx:2.4.11, scope: Runtime, optional: false
09:37:01.826 [DEBUG] [org.gradle.api.internal.artifacts.ivyservice.resolveengine.graph.DependencyGraphBuilder] Selecting new module version org.codehaus.groovy:groovy-jmx:2.4.11
09:37:01.826 [DEBUG] [org.gradle.api.internal.artifacts.ivyservice.ivyresolve.RepositoryChainComponentMetaDataResolver] Attempting to resolve component for org.codehaus.groovy:groovy-jmx:2.4.11 using repositories [MavenLocal, maven]
09:37:01.827 [DEBUG] [org.gradle.api.internal.artifacts.repositories.resolver.DefaultExternalResourceArtifactResolver] Loading file:/Users/michaelmennis/.m2/repository/org/codehaus/groovy/groovy-jmx/2.4.11/groovy-jmx-2.4.11.pom
09:37:01.827 [DEBUG] [org.gradle.api.internal.artifacts.repositories.resolver.DefaultExternalResourceArtifactResolver] Loading file:/Users/michaelmennis/.m2/repository/org/codehaus/groovy/groovy-jmx/2.4.11/groovy-jmx-2.4.11.jar
09:37:01.827 [DEBUG] [org.gradle.api.internal.artifacts.repositories.resolver.ExternalResourceResolver] No meta-data file or artifact found for module 'org.codehaus.groovy:groovy-jmx:2.4.11' in repository 'MavenLocal'.
09:37:01.828 [DEBUG] [org.gradle.api.internal.artifacts.ivyservice.ivyresolve.CachingModuleComponentRepository] Using cached module metadata for module 'org.codehaus.groovy:groovy-jmx:2.4.11' in 'maven'
09:37:01.828 [DEBUG] [org.gradle.api.internal.artifacts.ivyservice.ivyresolve.RepositoryChainComponentMetaDataResolver] Using org.codehaus.groovy:groovy-jmx:2.4.11 from Maven repository 'maven'
09:37:01.828 [DEBUG] [org.gradle.api.internal.artifacts.ivyservice.resolveengine.graph.DependencyGraphBuilder] Visiting dependency org.grails:grails-shell:3.3.0(runtime) -> dependency: org.fusesource.jansi:jansi:1.14, scope: Runtime, optional: false
09:37:01.828 [DEBUG] [org.gradle.api.internal.artifacts.ivyservice.resolveengine.graph.DependencyGraphBuilder] Selecting new module version org.fusesource.jansi:jansi:1.14
09:37:01.828 [DEBUG] [org.gradle.api.internal.artifacts.ivyservice.ivyresolve.RepositoryChainComponentMetaDataResolver] Attempting to resolve component for org.fusesource.jansi:jansi:1.14 using repositories [MavenLocal, maven]
09:37:01.828 [DEBUG] [org.gradle.api.internal.artifacts.repositories.resolver.DefaultExternalResourceArtifactResolver] Loading file:/Users/michaelmennis/.m2/repository/org/fusesource/jansi/jansi/1.14/jansi-1.14.pom
09:37:01.828 [DEBUG] [org.gradle.api.internal.artifacts.repositories.resolver.DefaultExternalResourceArtifactResolver] Loading file:/Users/michaelmennis/.m2/repository/org/fusesource/jansi/jansi/1.14/jansi-1.14.jar
09:37:01.829 [DEBUG] [org.gradle.api.internal.artifacts.repositories.resolver.ExternalResourceResolver] No meta-data file or artifact found for module 'org.fusesource.jansi:jansi:1.14' in repository 'MavenLocal'.
09:37:01.829 [DEBUG] [org.gradle.api.internal.artifacts.ivyservice.ivyresolve.CachingModuleComponentRepository] Using cached module metadata for module 'org.fusesource.jansi:jansi:1.14' in 'maven'
09:37:01.829 [DEBUG] [org.gradle.api.internal.artifacts.ivyservice.ivyresolve.RepositoryChainComponentMetaDataResolver] Using org.fusesource.jansi:jansi:1.14 from Maven repository 'maven'
09:37:01.829 [DEBUG] [org.gradle.api.internal.artifacts.ivyservice.resolveengine.graph.DependencyGraphBuilder] Visiting dependency org.grails:grails-shell:3.3.0(runtime) -> dependency: jline:jline:2.12, scope: Runtime, optional: false
09:37:01.829 [DEBUG] [org.gradle.api.internal.artifacts.ivyservice.resolveengine.graph.DependencyGraphBuilder] Selecting new module version jline:jline:2.12
09:37:01.829 [DEBUG] [org.gradle.api.internal.artifacts.ivyservice.ivyresolve.RepositoryChainComponentMetaDataResolver] Attempting to resolve component for jline:jline:2.12 using repositories [MavenLocal, maven]
09:37:01.829 [DEBUG] [org.gradle.api.internal.artifacts.repositories.resolver.DefaultExternalResourceArtifactResolver] Loading file:/Users/michaelmennis/.m2/repository/jline/jline/2.12/jline-2.12.pom
09:37:01.829 [DEBUG] [org.gradle.api.internal.artifacts.repositories.resolver.DefaultExternalResourceArtifactResolver] Loading file:/Users/michaelmennis/.m2/repository/jline/jline/2.12/jline-2.12.jar
09:37:01.830 [DEBUG] [org.gradle.api.internal.artifacts.repositories.resolver.ExternalResourceResolver] No meta-data file or artifact found for module 'jline:jline:2.12' in repository 'MavenLocal'.
09:37:01.830 [DEBUG] [org.gradle.api.internal.artifacts.ivyservice.ivyresolve.CachingModuleComponentRepository] Using cached module metadata for module 'jline:jline:2.12' in 'maven'
09:37:01.830 [DEBUG] [org.gradle.api.internal.artifacts.ivyservice.ivyresolve.RepositoryChainComponentMetaDataResolver] Using jline:jline:2.12 from Maven repository 'maven'
09:37:01.830 [DEBUG] [org.gradle.api.internal.artifacts.ivyservice.resolveengine.graph.DependencyGraphBuilder] Visiting dependency org.grails:grails-shell:3.3.0(runtime) -> dependency: org.gradle:gradle-tooling-api:3.0, scope: Runtime, optional: false
09:37:01.830 [DEBUG] [org.gradle.api.internal.artifacts.ivyservice.resolveengine.graph.DependencyGraphBuilder] Selecting new module version org.gradle:gradle-tooling-api:3.0
09:37:01.831 [DEBUG] [org.gradle.api.internal.artifacts.ivyservice.ivyresolve.RepositoryChainComponentMetaDataResolver] Attempting to resolve component for org.gradle:gradle-tooling-api:3.0 using repositories [MavenLocal, maven]
09:37:01.831 [DEBUG] [org.gradle.api.internal.artifacts.repositories.resolver.DefaultExternalResourceArtifactResolver] Loading file:/Users/michaelmennis/.m2/repository/org/gradle/gradle-tooling-api/3.0/gradle-tooling-api-3.0.pom
09:37:01.831 [DEBUG] [org.gradle.api.internal.artifacts.repositories.resolver.DefaultExternalResourceArtifactResolver] Loading file:/Users/michaelmennis/.m2/repository/org/gradle/gradle-tooling-api/3.0/gradle-tooling-api-3.0.jar
09:37:01.831 [DEBUG] [org.gradle.api.internal.artifacts.repositories.resolver.ExternalResourceResolver] No meta-data file or artifact found for module 'org.gradle:gradle-tooling-api:3.0' in repository 'MavenLocal'.
09:37:01.831 [DEBUG] [org.gradle.api.internal.artifacts.ivyservice.ivyresolve.CachingModuleComponentRepository] Using cached module metadata for module 'org.gradle:gradle-tooling-api:3.0' in 'maven'
09:37:01.831 [DEBUG] [org.gradle.api.internal.artifacts.ivyservice.ivyresolve.RepositoryChainComponentMetaDataResolver] Using org.gradle:gradle-tooling-api:3.0 from Maven repository 'maven'
09:37:01.832 [DEBUG] [org.gradle.api.internal.artifacts.ivyservice.resolveengine.graph.DependencyGraphBuilder] Visiting dependency org.grails:grails-shell:3.3.0(runtime) -> dependency: org.springframework.boot:spring-boot-cli:1.5.4.RELEASE, scope: Runtime, optional: false
09:37:01.832 [DEBUG] [org.gradle.api.internal.artifacts.ivyservice.resolveengine.graph.DependencyGraphBuilder] Selecting new module version org.springframework.boot:spring-boot-cli:1.5.4.RELEASE
09:37:01.832 [DEBUG] [org.gradle.api.internal.artifacts.ivyservice.ivyresolve.RepositoryChainComponentMetaDataResolver] Attempting to resolve component for org.springframework.boot:spring-boot-cli:1.5.4.RELEASE using repositories [MavenLocal, maven]
09:37:01.832 [DEBUG] [org.gradle.api.internal.artifacts.repositories.resolver.DefaultExternalResourceArtifactResolver] Loading file:/Users/michaelmennis/.m2/repository/org/springframework/boot/spring-boot-cli/1.5.4.RELEASE/spring-boot-cli-1.5.4.RELEASE.pom
09:37:01.832 [DEBUG] [org.gradle.api.internal.artifacts.repositories.resolver.DefaultExternalResourceArtifactResolver] Loading file:/Users/michaelmennis/.m2/repository/org/springframework/boot/spring-boot-cli/1.5.4.RELEASE/spring-boot-cli-1.5.4.RELEASE.jar
09:37:01.832 [DEBUG] [org.gradle.api.internal.artifacts.repositories.resolver.ExternalResourceResolver] No meta-data file or artifact found for module 'org.springframework.boot:spring-boot-cli:1.5.4.RELEASE' in repository 'MavenLocal'.
09:37:01.833 [DEBUG] [org.gradle.api.internal.artifacts.ivyservice.ivyresolve.CachingModuleComponentRepository] Using cached module metadata for module 'org.springframework.boot:spring-boot-cli:1.5.4.RELEASE' in 'maven'
09:37:01.833 [DEBUG] [org.gradle.api.internal.artifacts.ivyservice.ivyresolve.RepositoryChainComponentMetaDataResolver] Using org.springframework.boot:spring-boot-cli:1.5.4.RELEASE from Maven repository 'maven'
09:37:01.833 [DEBUG] [org.gradle.api.internal.artifacts.ivyservice.resolveengine.graph.DependencyGraphBuilder] Visiting dependency org.grails:grails-shell:3.3.0(runtime) -> dependency: org.codehaus.plexus:plexus-component-api:1.0-alpha-33, scope: Runtime, optional: false
09:37:01.833 [DEBUG] [org.gradle.api.internal.artifacts.ivyservice.resolveengine.graph.DependencyGraphBuilder] Selecting new module version org.codehaus.plexus:plexus-component-api:1.0-alpha-33
09:37:01.833 [DEBUG] [org.gradle.api.internal.artifacts.ivyservice.ivyresolve.RepositoryChainComponentMetaDataResolver] Attempting to resolve component for org.codehaus.plexus:plexus-component-api:1.0-alpha-33 using repositories [MavenLocal, maven]
09:37:01.833 [DEBUG] [org.gradle.api.internal.artifacts.repositories.resolver.DefaultExternalResourceArtifactResolver] Loading file:/Users/michaelmennis/.m2/repository/org/codehaus/plexus/plexus-component-api/1.0-alpha-33/plexus-component-api-1.0-alpha-33.pom
09:37:01.833 [DEBUG] [org.gradle.api.internal.artifacts.repositories.resolver.DefaultExternalResourceArtifactResolver] Loading file:/Users/michaelmennis/.m2/repository/org/codehaus/plexus/plexus-component-api/1.0-alpha-33/plexus-component-api-1.0-alpha-33.jar
09:37:01.833 [DEBUG] [org.gradle.api.internal.artifacts.repositories.resolver.ExternalResourceResolver] No meta-data file or artifact found for module 'org.codehaus.plexus:plexus-component-api:1.0-alpha-33' in repository 'MavenLocal'.
09:37:01.834 [DEBUG] [org.gradle.api.internal.artifacts.ivyservice.ivyresolve.CachingModuleComponentRepository] Using cached module metadata for module 'org.codehaus.plexus:plexus-component-api:1.0-alpha-33' in 'maven'
09:37:01.834 [DEBUG] [org.gradle.api.internal.artifacts.ivyservice.ivyresolve.RepositoryChainComponentMetaDataResolver] Using org.codehaus.plexus:plexus-component-api:1.0-alpha-33 from Maven repository 'maven'
09:37:01.834 [DEBUG] [org.gradle.api.internal.artifacts.ivyservice.resolveengine.graph.DependencyGraphBuilder] Visiting configuration org.grails:grails-bootstrap:3.3.0(runtime).
09:37:01.834 [DEBUG] [org.gradle.api.internal.artifacts.ivyservice.resolveengine.graph.DependencyGraphBuilder] Visiting dependency org.grails:grails-bootstrap:3.3.0(runtime) -> dependency: org.codehaus.groovy:groovy:2.4.11, scope: Runtime, optional: false
09:37:01.834 [DEBUG] [org.gradle.api.internal.artifacts.ivyservice.resolveengine.graph.DependencyGraphBuilder] Visiting dependency org.grails:grails-bootstrap:3.3.0(runtime) -> dependency: org.slf4j:slf4j-api:1.7.22, scope: Runtime, optional: false
09:37:01.834 [DEBUG] [org.gradle.api.internal.artifacts.ivyservice.resolveengine.graph.DependencyGraphBuilder] Visiting dependency org.grails:grails-bootstrap:3.3.0(runtime) -> dependency: org.slf4j:jcl-over-slf4j:1.7.22, scope: Runtime, optional: false
09:37:01.834 [DEBUG] [org.gradle.api.internal.artifacts.ivyservice.resolveengine.graph.DependencyGraphBuilder] Visiting dependency org.grails:grails-bootstrap:3.3.0(runtime) -> dependency: org.codehaus.groovy:groovy-xml:2.4.11, scope: Runtime, optional: false
09:37:01.834 [DEBUG] [org.gradle.api.internal.artifacts.ivyservice.resolveengine.graph.DependencyGraphBuilder] Selecting new module version org.codehaus.groovy:groovy-xml:2.4.11
09:37:01.835 [DEBUG] [org.gradle.api.internal.artifacts.ivyservice.ivyresolve.RepositoryChainComponentMetaDataResolver] Attempting to resolve component for org.codehaus.groovy:groovy-xml:2.4.11 using repositories [MavenLocal, maven]
09:37:01.835 [DEBUG] [org.gradle.api.internal.artifacts.repositories.resolver.DefaultExternalResourceArtifactResolver] Loading file:/Users/michaelmennis/.m2/repository/org/codehaus/groovy/groovy-xml/2.4.11/groovy-xml-2.4.11.pom
09:37:01.835 [DEBUG] [org.gradle.api.internal.artifacts.repositories.resolver.DefaultExternalResourceArtifactResolver] Loading file:/Users/michaelmennis/.m2/repository/org/codehaus/groovy/groovy-xml/2.4.11/groovy-xml-2.4.11.jar
09:37:01.835 [DEBUG] [org.gradle.api.internal.artifacts.repositories.resolver.ExternalResourceResolver] No meta-data file or artifact found for module 'org.codehaus.groovy:groovy-xml:2.4.11' in repository 'MavenLocal'.
09:37:01.835 [DEBUG] [org.gradle.api.internal.artifacts.ivyservice.ivyresolve.CachingModuleComponentRepository] Using cached module metadata for module 'org.codehaus.groovy:groovy-xml:2.4.11' in 'maven'
09:37:01.835 [DEBUG] [org.gradle.api.internal.artifacts.ivyservice.ivyresolve.RepositoryChainComponentMetaDataResolver] Using org.codehaus.groovy:groovy-xml:2.4.11 from Maven repository 'maven'
09:37:01.835 [DEBUG] [org.gradle.api.internal.artifacts.ivyservice.resolveengine.graph.DependencyGraphBuilder] Visiting dependency org.grails:grails-bootstrap:3.3.0(runtime) -> dependency: org.codehaus.groovy:groovy-templates:2.4.11, scope: Runtime, optional: false
09:37:01.835 [DEBUG] [org.gradle.api.internal.artifacts.ivyservice.resolveengine.graph.DependencyGraphBuilder] Selecting new module version org.codehaus.groovy:groovy-templates:2.4.11
09:37:01.836 [DEBUG] [org.gradle.api.internal.artifacts.ivyservice.ivyresolve.RepositoryChainComponentMetaDataResolver] Attempting to resolve component for org.codehaus.groovy:groovy-templates:2.4.11 using repositories [MavenLocal, maven]
09:37:01.836 [DEBUG] [org.gradle.api.internal.artifacts.repositories.resolver.DefaultExternalResourceArtifactResolver] Loading file:/Users/michaelmennis/.m2/repository/org/codehaus/groovy/groovy-templates/2.4.11/groovy-templates-2.4.11.pom
09:37:01.836 [DEBUG] [org.gradle.api.internal.artifacts.repositories.resolver.DefaultExternalResourceArtifactResolver] Loading file:/Users/michaelmennis/.m2/repository/org/codehaus/groovy/groovy-templates/2.4.11/groovy-templates-2.4.11.jar
09:37:01.836 [DEBUG] [org.gradle.api.internal.artifacts.repositories.resolver.ExternalResourceResolver] No meta-data file or artifact found for module 'org.codehaus.groovy:groovy-templates:2.4.11' in repository 'MavenLocal'.
09:37:01.836 [DEBUG] [org.gradle.api.internal.artifacts.ivyservice.ivyresolve.CachingModuleComponentRepository] Using cached module metadata for module 'org.codehaus.groovy:groovy-templates:2.4.11' in 'maven'
09:37:01.836 [DEBUG] [org.gradle.api.internal.artifacts.ivyservice.ivyresolve.RepositoryChainComponentMetaDataResolver] Using org.codehaus.groovy:groovy-templates:2.4.11 from Maven repository 'maven'
09:37:01.836 [DEBUG] [org.gradle.api.internal.artifacts.ivyservice.resolveengine.graph.DependencyGraphBuilder] Visiting dependency org.grails:grails-bootstrap:3.3.0(runtime) -> dependency: org.yaml:snakeyaml:1.14, scope: Runtime, optional: false
09:37:01.836 [DEBUG] [org.gradle.api.internal.artifacts.ivyservice.resolveengine.graph.DependencyGraphBuilder] Selecting new module version org.yaml:snakeyaml:1.14
09:37:01.837 [DEBUG] [org.gradle.api.internal.artifacts.ivyservice.ivyresolve.RepositoryChainComponentMetaDataResolver] Attempting to resolve component for org.yaml:snakeyaml:1.14 using repositories [MavenLocal, maven]
09:37:01.837 [DEBUG] [org.gradle.api.internal.artifacts.repositories.resolver.DefaultExternalResourceArtifactResolver] Loading file:/Users/michaelmennis/.m2/repository/org/yaml/snakeyaml/1.14/snakeyaml-1.14.pom
09:37:01.838 [DEBUG] [org.gradle.api.internal.artifacts.repositories.resolver.DefaultExternalResourceArtifactResolver] Loading file:/Users/michaelmennis/.m2/repository/org/yaml/snakeyaml/1.14/snakeyaml-1.14.jar
09:37:01.866 [DEBUG] [org.gradle.api.internal.artifacts.repositories.resolver.ExternalResourceResolver] Metadata file found for module 'org.yaml:snakeyaml:1.14' in repository 'MavenLocal'.
09:37:01.883 [DEBUG] [org.gradle.api.internal.artifacts.ivyservice.ivyresolve.RepositoryChainComponentMetaDataResolver] Using org.yaml:snakeyaml:1.14 from Maven repository 'MavenLocal'
09:37:01.883 [DEBUG] [org.gradle.api.internal.artifacts.ivyservice.resolveengine.graph.DependencyGraphBuilder] Visiting configuration org.springframework.boot:spring-boot-gradle-plugin:1.5.4.RELEASE(runtime).
09:37:01.883 [DEBUG] [org.gradle.api.internal.artifacts.ivyservice.resolveengine.graph.DependencyGraphBuilder] Visiting dependency org.springframework.boot:spring-boot-gradle-plugin:1.5.4.RELEASE(runtime) -> dependency: org.springframework.boot:spring-boot-loader-tools:1.5.4.RELEASE, scope: Compile, optional: false
09:37:01.889 [DEBUG] [org.gradle.api.internal.artifacts.ivyservice.resolveengine.graph.DependencyGraphBuilder] Selecting new module version org.springframework.boot:spring-boot-loader-tools:1.5.4.RELEASE
09:37:01.889 [DEBUG] [org.gradle.api.internal.artifacts.ivyservice.ivyresolve.RepositoryChainComponentMetaDataResolver] Attempting to resolve component for org.springframework.boot:spring-boot-loader-tools:1.5.4.RELEASE using repositories [MavenLocal, maven]
09:37:01.890 [DEBUG] [org.gradle.api.internal.artifacts.repositories.resolver.DefaultExternalResourceArtifactResolver] Loading file:/Users/michaelmennis/.m2/repository/org/springframework/boot/spring-boot-loader-tools/1.5.4.RELEASE/spring-boot-loader-tools-1.5.4.RELEASE.pom
09:37:01.890 [DEBUG] [org.gradle.api.internal.artifacts.repositories.resolver.DefaultExternalResourceArtifactResolver] Loading file:/Users/michaelmennis/.m2/repository/org/springframework/boot/spring-boot-loader-tools/1.5.4.RELEASE/spring-boot-loader-tools-1.5.4.RELEASE.jar
09:37:01.891 [DEBUG] [org.gradle.api.internal.artifacts.repositories.resolver.ExternalResourceResolver] No meta-data file or artifact found for module 'org.springframework.boot:spring-boot-loader-tools:1.5.4.RELEASE' in repository 'MavenLocal'.
09:37:01.892 [DEBUG] [org.gradle.api.internal.artifacts.ivyservice.ivyresolve.CachingModuleComponentRepository] Using cached module metadata for module 'org.springframework.boot:spring-boot-loader-tools:1.5.4.RELEASE' in 'maven'
09:37:01.892 [DEBUG] [org.gradle.api.internal.artifacts.ivyservice.ivyresolve.RepositoryChainComponentMetaDataResolver] Using org.springframework.boot:spring-boot-loader-tools:1.5.4.RELEASE from Maven repository 'maven'
09:37:01.892 [DEBUG] [org.gradle.api.internal.artifacts.ivyservice.resolveengine.graph.DependencyGraphBuilder] Visiting dependency org.springframework.boot:spring-boot-gradle-plugin:1.5.4.RELEASE(runtime) -> dependency: io.spring.gradle:dependency-management-plugin:1.0.3.RELEASE, scope: Compile, optional: false
09:37:01.892 [DEBUG] [org.gradle.api.internal.artifacts.ivyservice.resolveengine.graph.DependencyGraphBuilder] Found new conflicting module version io.spring.gradle:dependency-management-plugin:1.0.3.RELEASE
09:37:01.892 [DEBUG] [org.gradle.api.internal.artifacts.ivyservice.resolveengine.graph.DependencyGraphBuilder] Visiting configuration com.jfrog.bintray.gradle:gradle-bintray-plugin:1.7.3(runtime).
09:37:01.892 [DEBUG] [org.gradle.api.internal.artifacts.ivyservice.resolveengine.graph.DependencyGraphBuilder] Visiting dependency com.jfrog.bintray.gradle:gradle-bintray-plugin:1.7.3(runtime) -> dependency: org.codehaus.groovy.modules.http-builder:http-builder:0.7.2, scope: Runtime, optional: false
09:37:01.892 [DEBUG] [org.gradle.api.internal.artifacts.ivyservice.resolveengine.graph.DependencyGraphBuilder] Selecting new module version org.codehaus.groovy.modules.http-builder:http-builder:0.7.2
09:37:01.892 [DEBUG] [org.gradle.api.internal.artifacts.ivyservice.ivyresolve.RepositoryChainComponentMetaDataResolver] Attempting to resolve component for org.codehaus.groovy.modules.http-builder:http-builder:0.7.2 using repositories [MavenLocal, maven]
09:37:01.893 [DEBUG] [org.gradle.api.internal.artifacts.repositories.resolver.DefaultExternalResourceArtifactResolver] Loading file:/Users/michaelmennis/.m2/repository/org/codehaus/groovy/modules/http-builder/http-builder/0.7.2/http-builder-0.7.2.pom
09:37:01.893 [DEBUG] [org.gradle.api.internal.artifacts.repositories.resolver.DefaultExternalResourceArtifactResolver] Loading file:/Users/michaelmennis/.m2/repository/org/codehaus/groovy/modules/http-builder/http-builder/0.7.2/http-builder-0.7.2.jar
09:37:01.893 [DEBUG] [org.gradle.api.internal.artifacts.repositories.resolver.ExternalResourceResolver] No meta-data file or artifact found for module 'org.codehaus.groovy.modules.http-builder:http-builder:0.7.2' in repository 'MavenLocal'.
09:37:01.893 [DEBUG] [org.gradle.api.internal.artifacts.ivyservice.ivyresolve.CachingModuleComponentRepository] Using cached module metadata for module 'org.codehaus.groovy.modules.http-builder:http-builder:0.7.2' in 'maven'
09:37:01.893 [DEBUG] [org.gradle.api.internal.artifacts.ivyservice.ivyresolve.RepositoryChainComponentMetaDataResolver] Using org.codehaus.groovy.modules.http-builder:http-builder:0.7.2 from Maven repository 'maven'
09:37:01.893 [DEBUG] [org.gradle.api.internal.artifacts.ivyservice.resolveengine.graph.DependencyGraphBuilder] Visiting dependency com.jfrog.bintray.gradle:gradle-bintray-plugin:1.7.3(runtime) -> dependency: org.apache.maven:maven-ant-tasks:2.1.3, scope: Runtime, optional: false
09:37:01.894 [DEBUG] [org.gradle.api.internal.artifacts.ivyservice.resolveengine.graph.DependencyGraphBuilder] Selecting new module version org.apache.maven:maven-ant-tasks:2.1.3
09:37:01.894 [DEBUG] [org.gradle.api.internal.artifacts.ivyservice.ivyresolve.RepositoryChainComponentMetaDataResolver] Attempting to resolve component for org.apache.maven:maven-ant-tasks:2.1.3 using repositories [MavenLocal, maven]
09:37:01.894 [DEBUG] [org.gradle.api.internal.artifacts.repositories.resolver.DefaultExternalResourceArtifactResolver] Loading file:/Users/michaelmennis/.m2/repository/org/apache/maven/maven-ant-tasks/2.1.3/maven-ant-tasks-2.1.3.pom
09:37:01.894 [DEBUG] [org.gradle.api.internal.artifacts.repositories.resolver.DefaultExternalResourceArtifactResolver] Loading file:/Users/michaelmennis/.m2/repository/org/apache/maven/maven-ant-tasks/2.1.3/maven-ant-tasks-2.1.3.jar
09:37:01.894 [DEBUG] [org.gradle.api.internal.artifacts.repositories.resolver.ExternalResourceResolver] No meta-data file or artifact found for module 'org.apache.maven:maven-ant-tasks:2.1.3' in repository 'MavenLocal'.
09:37:01.894 [DEBUG] [org.gradle.api.internal.artifacts.ivyservice.ivyresolve.CachingModuleComponentRepository] Using cached module metadata for module 'org.apache.maven:maven-ant-tasks:2.1.3' in 'maven'
09:37:01.894 [DEBUG] [org.gradle.api.internal.artifacts.ivyservice.ivyresolve.RepositoryChainComponentMetaDataResolver] Using org.apache.maven:maven-ant-tasks:2.1.3 from Maven repository 'maven'
09:37:01.894 [DEBUG] [org.gradle.api.internal.artifacts.ivyservice.resolveengine.graph.DependencyGraphBuilder] Visiting configuration io.spring.gradle:dependency-management-plugin:0.6.1.RELEASE(runtime).
09:37:01.894 [DEBUG] [org.gradle.api.internal.artifacts.ivyservice.resolveengine.graph.DependencyGraphBuilder] version for io.spring.gradle:dependency-management-plugin:0.6.1.RELEASE(runtime) is not selected. ignoring.
09:37:01.895 [DEBUG] [org.gradle.api.internal.artifacts.ivyservice.resolveengine.graph.DependencyGraphBuilder] Visiting configuration com.netflix.nebula:gradle-extra-configurations-plugin:2.2.0(runtime).
09:37:01.895 [DEBUG] [org.gradle.api.internal.artifacts.ivyservice.resolveengine.graph.DependencyGraphBuilder] Visiting configuration org.hibernate:hibernate-core:5.1.5.Final(runtime).
09:37:01.895 [DEBUG] [org.gradle.api.internal.artifacts.ivyservice.resolveengine.graph.DependencyGraphBuilder] Visiting dependency org.hibernate:hibernate-core:5.1.5.Final(runtime) -> dependency: org.jboss.logging:jboss-logging:3.3.0.Final, scope: Compile, optional: false
09:37:01.895 [DEBUG] [org.gradle.api.internal.artifacts.ivyservice.resolveengine.graph.DependencyGraphBuilder] Selecting new module version org.jboss.logging:jboss-logging:3.3.0.Final
09:37:01.895 [DEBUG] [org.gradle.api.internal.artifacts.ivyservice.ivyresolve.RepositoryChainComponentMetaDataResolver] Attempting to resolve component for org.jboss.logging:jboss-logging:3.3.0.Final using repositories [MavenLocal, maven]
09:37:01.895 [DEBUG] [org.gradle.api.internal.artifacts.repositories.resolver.DefaultExternalResourceArtifactResolver] Loading file:/Users/michaelmennis/.m2/repository/org/jboss/logging/jboss-logging/3.3.0.Final/jboss-logging-3.3.0.Final.pom
09:37:01.895 [DEBUG] [org.gradle.api.internal.artifacts.repositories.resolver.DefaultExternalResourceArtifactResolver] Loading file:/Users/michaelmennis/.m2/repository/org/jboss/logging/jboss-logging/3.3.0.Final/jboss-logging-3.3.0.Final.jar
09:37:01.895 [DEBUG] [org.gradle.api.internal.artifacts.repositories.resolver.ExternalResourceResolver] No meta-data file or artifact found for module 'org.jboss.logging:jboss-logging:3.3.0.Final' in repository 'MavenLocal'.
09:37:01.896 [DEBUG] [org.gradle.api.internal.artifacts.ivyservice.ivyresolve.CachingModuleComponentRepository] Using cached module metadata for module 'org.jboss.logging:jboss-logging:3.3.0.Final' in 'maven'
09:37:01.896 [DEBUG] [org.gradle.api.internal.artifacts.ivyservice.ivyresolve.RepositoryChainComponentMetaDataResolver] Using org.jboss.logging:jboss-logging:3.3.0.Final from Maven repository 'maven'
09:37:01.896 [DEBUG] [org.gradle.api.internal.artifacts.ivyservice.resolveengine.graph.DependencyGraphBuilder] Visiting dependency org.hibernate:hibernate-core:5.1.5.Final(runtime) -> dependency: org.hibernate.javax.persistence:hibernate-jpa-2.1-api:1.0.0.Final, scope: Compile, optional: false
09:37:01.896 [DEBUG] [org.gradle.api.internal.artifacts.ivyservice.resolveengine.graph.DependencyGraphBuilder] Selecting new module version org.hibernate.javax.persistence:hibernate-jpa-2.1-api:1.0.0.Final
09:37:01.896 [DEBUG] [org.gradle.api.internal.artifacts.ivyservice.ivyresolve.RepositoryChainComponentMetaDataResolver] Attempting to resolve component for org.hibernate.javax.persistence:hibernate-jpa-2.1-api:1.0.0.Final using repositories [MavenLocal, maven]
09:37:01.896 [DEBUG] [org.gradle.api.internal.artifacts.repositories.resolver.DefaultExternalResourceArtifactResolver] Loading file:/Users/michaelmennis/.m2/repository/org/hibernate/javax/persistence/hibernate-jpa-2.1-api/1.0.0.Final/hibernate-jpa-2.1-api-1.0.0.Final.pom
09:37:01.896 [DEBUG] [org.gradle.api.internal.artifacts.repositories.resolver.DefaultExternalResourceArtifactResolver] Loading file:/Users/michaelmennis/.m2/repository/org/hibernate/javax/persistence/hibernate-jpa-2.1-api/1.0.0.Final/hibernate-jpa-2.1-api-1.0.0.Final.jar
09:37:01.896 [DEBUG] [org.gradle.api.internal.artifacts.repositories.resolver.ExternalResourceResolver] No meta-data file or artifact found for module 'org.hibernate.javax.persistence:hibernate-jpa-2.1-api:1.0.0.Final' in repository 'MavenLocal'.
09:37:01.897 [DEBUG] [org.gradle.api.internal.artifacts.ivyservice.ivyresolve.CachingModuleComponentRepository] Using cached module metadata for module 'org.hibernate.javax.persistence:hibernate-jpa-2.1-api:1.0.0.Final' in 'maven'
09:37:01.898 [DEBUG] [org.gradle.api.internal.artifacts.ivyservice.ivyresolve.RepositoryChainComponentMetaDataResolver] Using org.hibernate.javax.persistence:hibernate-jpa-2.1-api:1.0.0.Final from Maven repository 'maven'
09:37:01.898 [DEBUG] [org.gradle.api.internal.artifacts.ivyservice.resolveengine.graph.DependencyGraphBuilder] Visiting dependency org.hibernate:hibernate-core:5.1.5.Final(runtime) -> dependency: org.javassist:javassist:3.20.0-GA, scope: Compile, optional: false
09:37:01.898 [DEBUG] [org.gradle.api.internal.artifacts.ivyservice.resolveengine.graph.DependencyGraphBuilder] Selecting new module version org.javassist:javassist:3.20.0-GA
09:37:01.898 [DEBUG] [org.gradle.api.internal.artifacts.ivyservice.ivyresolve.RepositoryChainComponentMetaDataResolver] Attempting to resolve component for org.javassist:javassist:3.20.0-GA using repositories [MavenLocal, maven]
09:37:01.898 [DEBUG] [org.gradle.api.internal.artifacts.repositories.resolver.DefaultExternalResourceArtifactResolver] Loading file:/Users/michaelmennis/.m2/repository/org/javassist/javassist/3.20.0-GA/javassist-3.20.0-GA.pom
09:37:01.898 [DEBUG] [org.gradle.api.internal.artifacts.repositories.resolver.DefaultExternalResourceArtifactResolver] Loading file:/Users/michaelmennis/.m2/repository/org/javassist/javassist/3.20.0-GA/javassist-3.20.0-GA.jar
09:37:01.898 [DEBUG] [org.gradle.api.internal.artifacts.repositories.resolver.ExternalResourceResolver] No meta-data file or artifact found for module 'org.javassist:javassist:3.20.0-GA' in repository 'MavenLocal'.
09:37:01.899 [DEBUG] [org.gradle.api.internal.artifacts.ivyservice.ivyresolve.CachingModuleComponentRepository] Using cached module metadata for module 'org.javassist:javassist:3.20.0-GA' in 'maven'
09:37:01.899 [DEBUG] [org.gradle.api.internal.artifacts.ivyservice.ivyresolve.RepositoryChainComponentMetaDataResolver] Using org.javassist:javassist:3.20.0-GA from Maven repository 'maven'
09:37:01.899 [DEBUG] [org.gradle.api.internal.artifacts.ivyservice.resolveengine.graph.DependencyGraphBuilder] Visiting dependency org.hibernate:hibernate-core:5.1.5.Final(runtime) -> dependency: antlr:antlr:2.7.7, scope: Compile, optional: false
09:37:01.899 [DEBUG] [org.gradle.api.internal.artifacts.ivyservice.resolveengine.graph.DependencyGraphBuilder] Selecting new module version antlr:antlr:2.7.7
09:37:01.899 [DEBUG] [org.gradle.api.internal.artifacts.ivyservice.ivyresolve.RepositoryChainComponentMetaDataResolver] Attempting to resolve component for antlr:antlr:2.7.7 using repositories [MavenLocal, maven]
09:37:01.899 [DEBUG] [org.gradle.api.internal.artifacts.repositories.resolver.DefaultExternalResourceArtifactResolver] Loading file:/Users/michaelmennis/.m2/repository/antlr/antlr/2.7.7/antlr-2.7.7.pom
09:37:01.900 [DEBUG] [org.gradle.api.internal.artifacts.repositories.resolver.DefaultExternalResourceArtifactResolver] Loading file:/Users/michaelmennis/.m2/repository/antlr/antlr/2.7.7/antlr-2.7.7.jar
09:37:01.901 [DEBUG] [org.gradle.api.internal.artifacts.repositories.resolver.ExternalResourceResolver] Metadata file found for module 'antlr:antlr:2.7.7' in repository 'MavenLocal'.
09:37:01.901 [DEBUG] [org.gradle.api.internal.artifacts.ivyservice.ivyresolve.RepositoryChainComponentMetaDataResolver] Using antlr:antlr:2.7.7 from Maven repository 'MavenLocal'
09:37:01.901 [DEBUG] [org.gradle.api.internal.artifacts.ivyservice.resolveengine.graph.DependencyGraphBuilder] Visiting dependency org.hibernate:hibernate-core:5.1.5.Final(runtime) -> dependency: org.apache.geronimo.specs:geronimo-jta_1.1_spec:1.1.1, scope: Compile, optional: false
09:37:01.901 [DEBUG] [org.gradle.api.internal.artifacts.ivyservice.resolveengine.graph.DependencyGraphBuilder] Selecting new module version org.apache.geronimo.specs:geronimo-jta_1.1_spec:1.1.1
09:37:01.901 [DEBUG] [org.gradle.api.internal.artifacts.ivyservice.ivyresolve.RepositoryChainComponentMetaDataResolver] Attempting to resolve component for org.apache.geronimo.specs:geronimo-jta_1.1_spec:1.1.1 using repositories [MavenLocal, maven]
09:37:01.901 [DEBUG] [org.gradle.api.internal.artifacts.repositories.resolver.DefaultExternalResourceArtifactResolver] Loading file:/Users/michaelmennis/.m2/repository/org/apache/geronimo/specs/geronimo-jta_1.1_spec/1.1.1/geronimo-jta_1.1_spec-1.1.1.pom
09:37:01.902 [DEBUG] [org.gradle.api.internal.artifacts.ivyservice.ivyresolve.RepositoryChainComponentMetaDataResolver] Attempting to resolve component for org.apache.geronimo.specs:specs:1.4 using repositories [MavenLocal, maven]
09:37:01.902 [DEBUG] [org.gradle.api.internal.artifacts.repositories.resolver.DefaultExternalResourceArtifactResolver] Loading file:/Users/michaelmennis/.m2/repository/org/apache/geronimo/specs/specs/1.4/specs-1.4.pom
09:37:01.903 [DEBUG] [org.gradle.api.internal.artifacts.ivyservice.ivyresolve.RepositoryChainComponentMetaDataResolver] Attempting to resolve component for org.apache.geronimo.genesis.config:project-config:1.2 using repositories [MavenLocal, maven]
09:37:01.904 [DEBUG] [org.gradle.api.internal.artifacts.repositories.resolver.DefaultExternalResourceArtifactResolver] Loading file:/Users/michaelmennis/.m2/repository/org/apache/geronimo/genesis/config/project-config/1.2/project-config-1.2.pom
09:37:01.905 [DEBUG] [org.gradle.api.internal.artifacts.ivyservice.ivyresolve.RepositoryChainComponentMetaDataResolver] Attempting to resolve component for org.apache.geronimo.genesis.config:config:1.2 using repositories [MavenLocal, maven]
09:37:01.905 [DEBUG] [org.gradle.api.internal.artifacts.repositories.resolver.DefaultExternalResourceArtifactResolver] Loading file:/Users/michaelmennis/.m2/repository/org/apache/geronimo/genesis/config/config/1.2/config-1.2.pom
09:37:01.906 [DEBUG] [org.gradle.api.internal.artifacts.ivyservice.ivyresolve.RepositoryChainComponentMetaDataResolver] Attempting to resolve component for org.apache.geronimo.genesis:genesis:1.2 using repositories [MavenLocal, maven]
09:37:01.906 [DEBUG] [org.gradle.api.internal.artifacts.repositories.resolver.DefaultExternalResourceArtifactResolver] Loading file:/Users/michaelmennis/.m2/repository/org/apache/geronimo/genesis/genesis/1.2/genesis-1.2.pom
09:37:01.908 [DEBUG] [org.gradle.api.internal.artifacts.ivyservice.ivyresolve.RepositoryChainComponentMetaDataResolver] Attempting to resolve component for org.apache:apache:3 using repositories [MavenLocal, maven]
09:37:01.908 [DEBUG] [org.gradle.api.internal.artifacts.repositories.resolver.DefaultExternalResourceArtifactResolver] Loading file:/Users/michaelmennis/.m2/repository/org/apache/apache/3/apache-3.pom
09:37:01.909 [DEBUG] [org.gradle.api.internal.artifacts.repositories.resolver.ExternalResourceResolver] Metadata file found for module 'org.apache:apache:3' in repository 'MavenLocal'.
09:37:01.909 [DEBUG] [org.gradle.api.internal.artifacts.ivyservice.ivyresolve.RepositoryChainComponentMetaDataResolver] Using org.apache:apache:3 from Maven repository 'MavenLocal'
09:37:01.909 [DEBUG] [org.gradle.api.internal.artifacts.repositories.resolver.DefaultExternalResourceArtifactResolver] Loading file:/Users/michaelmennis/.m2/repository/org/apache/apache/3/apache-3.pom
09:37:01.910 [DEBUG] [org.gradle.api.internal.artifacts.repositories.resolver.ExternalResourceResolver] Metadata file found for module 'org.apache.geronimo.genesis:genesis:1.2' in repository 'MavenLocal'.
09:37:01.911 [DEBUG] [org.gradle.api.internal.artifacts.ivyservice.ivyresolve.RepositoryChainComponentMetaDataResolver] Using org.apache.geronimo.genesis:genesis:1.2 from Maven repository 'MavenLocal'
09:37:01.911 [DEBUG] [org.gradle.api.internal.artifacts.repositories.resolver.DefaultExternalResourceArtifactResolver] Loading file:/Users/michaelmennis/.m2/repository/org/apache/geronimo/genesis/genesis/1.2/genesis-1.2.pom
09:37:01.912 [DEBUG] [org.gradle.api.internal.artifacts.ivyservice.ivyresolve.RepositoryChainComponentMetaDataResolver] Attempting to resolve component for org.apache:apache:3 using repositories [MavenLocal, maven]
09:37:01.912 [DEBUG] [org.gradle.api.internal.artifacts.ivyservice.ivyresolve.RepositoryChainComponentMetaDataResolver] Using org.apache:apache:3 from Maven repository 'MavenLocal'
09:37:01.913 [DEBUG] [org.gradle.api.internal.artifacts.repositories.resolver.ExternalResourceResolver] Metadata file found for module 'org.apache.geronimo.genesis.config:config:1.2' in repository 'MavenLocal'.
09:37:01.914 [DEBUG] [org.gradle.api.internal.artifacts.ivyservice.ivyresolve.RepositoryChainComponentMetaDataResolver] Using org.apache.geronimo.genesis.config:config:1.2 from Maven repository 'MavenLocal'
09:37:01.914 [DEBUG] [org.gradle.api.internal.artifacts.repositories.resolver.DefaultExternalResourceArtifactResolver] Loading file:/Users/michaelmennis/.m2/repository/org/apache/geronimo/genesis/config/config/1.2/config-1.2.pom
09:37:01.915 [DEBUG] [org.gradle.api.internal.artifacts.ivyservice.ivyresolve.RepositoryChainComponentMetaDataResolver] Attempting to resolve component for org.apache.geronimo.genesis:genesis:1.2 using repositories [MavenLocal, maven]
09:37:01.915 [DEBUG] [org.gradle.api.internal.artifacts.ivyservice.ivyresolve.RepositoryChainComponentMetaDataResolver] Using org.apache.geronimo.genesis:genesis:1.2 from Maven repository 'MavenLocal'
09:37:01.916 [DEBUG] [org.gradle.api.internal.artifacts.ivyservice.ivyresolve.RepositoryChainComponentMetaDataResolver] Attempting to resolve component for org.apache:apache:3 using repositories [MavenLocal, maven]
09:37:01.916 [DEBUG] [org.gradle.api.internal.artifacts.ivyservice.ivyresolve.RepositoryChainComponentMetaDataResolver] Using org.apache:apache:3 from Maven repository 'MavenLocal'
09:37:01.918 [DEBUG] [org.gradle.api.internal.artifacts.repositories.resolver.ExternalResourceResolver] Metadata file found for module 'org.apache.geronimo.genesis.config:project-config:1.2' in repository 'MavenLocal'.
09:37:01.918 [DEBUG] [org.gradle.api.internal.artifacts.ivyservice.ivyresolve.RepositoryChainComponentMetaDataResolver] Using org.apache.geronimo.genesis.config:project-config:1.2 from Maven repository 'MavenLocal'
09:37:01.918 [DEBUG] [org.gradle.api.internal.artifacts.repositories.resolver.DefaultExternalResourceArtifactResolver] Loading file:/Users/michaelmennis/.m2/repository/org/apache/geronimo/genesis/config/project-config/1.2/project-config-1.2.pom
09:37:01.919 [DEBUG] [org.gradle.api.internal.artifacts.ivyservice.ivyresolve.RepositoryChainComponentMetaDataResolver] Attempting to resolve component for org.apache.geronimo.genesis.config:config:1.2 using repositories [MavenLocal, maven]
09:37:01.923 [DEBUG] [org.gradle.api.internal.artifacts.ivyservice.ivyresolve.RepositoryChainComponentMetaDataResolver] Using org.apache.geronimo.genesis.config:config:1.2 from Maven repository 'MavenLocal'
09:37:01.924 [DEBUG] [org.gradle.api.internal.artifacts.ivyservice.ivyresolve.RepositoryChainComponentMetaDataResolver] Attempting to resolve component for org.apache.geronimo.genesis:genesis:1.2 using repositories [MavenLocal, maven]
09:37:01.924 [DEBUG] [org.gradle.api.internal.artifacts.ivyservice.ivyresolve.RepositoryChainComponentMetaDataResolver] Using org.apache.geronimo.genesis:genesis:1.2 from Maven repository 'MavenLocal'
09:37:01.926 [DEBUG] [org.gradle.api.internal.artifacts.ivyservice.ivyresolve.RepositoryChainComponentMetaDataResolver] Attempting to resolve component for org.apache:apache:3 using repositories [MavenLocal, maven]
09:37:01.926 [DEBUG] [org.gradle.api.internal.artifacts.ivyservice.ivyresolve.RepositoryChainComponentMetaDataResolver] Using org.apache:apache:3 from Maven repository 'MavenLocal'
09:37:01.927 [DEBUG] [org.gradle.api.internal.artifacts.repositories.resolver.ExternalResourceResolver] Metadata file found for module 'org.apache.geronimo.specs:specs:1.4' in repository 'MavenLocal'.
09:37:01.927 [DEBUG] [org.gradle.api.internal.artifacts.ivyservice.ivyresolve.RepositoryChainComponentMetaDataResolver] Using org.apache.geronimo.specs:specs:1.4 from Maven repository 'MavenLocal'
09:37:01.927 [DEBUG] [org.gradle.api.internal.artifacts.repositories.resolver.DefaultExternalResourceArtifactResolver] Loading file:/Users/michaelmennis/.m2/repository/org/apache/geronimo/specs/specs/1.4/specs-1.4.pom
09:37:01.929 [DEBUG] [org.gradle.api.internal.artifacts.ivyservice.ivyresolve.RepositoryChainComponentMetaDataResolver] Attempting to resolve component for org.apache.geronimo.genesis.config:project-config:1.2 using repositories [MavenLocal, maven]
09:37:01.929 [DEBUG] [org.gradle.api.internal.artifacts.ivyservice.ivyresolve.RepositoryChainComponentMetaDataResolver] Using org.apache.geronimo.genesis.config:project-config:1.2 from Maven repository 'MavenLocal'
09:37:01.930 [DEBUG] [org.gradle.api.internal.artifacts.ivyservice.ivyresolve.RepositoryChainComponentMetaDataResolver] Attempting to resolve component for org.apache.geronimo.genesis.config:config:1.2 using repositories [MavenLocal, maven]
09:37:01.930 [DEBUG] [org.gradle.api.internal.artifacts.ivyservice.ivyresolve.RepositoryChainComponentMetaDataResolver] Using org.apache.geronimo.genesis.config:config:1.2 from Maven repository 'MavenLocal'
09:37:01.932 [DEBUG] [org.gradle.api.internal.artifacts.ivyservice.ivyresolve.RepositoryChainComponentMetaDataResolver] Attempting to resolve component for org.apache.geronimo.genesis:genesis:1.2 using repositories [MavenLocal, maven]
09:37:01.932 [DEBUG] [org.gradle.api.internal.artifacts.ivyservice.ivyresolve.RepositoryChainComponentMetaDataResolver] Using org.apache.geronimo.genesis:genesis:1.2 from Maven repository 'MavenLocal'
09:37:01.933 [DEBUG] [org.gradle.api.internal.artifacts.ivyservice.ivyresolve.RepositoryChainComponentMetaDataResolver] Attempting to resolve component for org.apache:apache:3 using repositories [MavenLocal, maven]
09:37:01.933 [DEBUG] [org.gradle.api.internal.artifacts.ivyservice.ivyresolve.RepositoryChainComponentMetaDataResolver] Using org.apache:apache:3 from Maven repository 'MavenLocal'
09:37:01.935 [DEBUG] [org.gradle.api.internal.artifacts.repositories.resolver.DefaultExternalResourceArtifactResolver] Loading file:/Users/michaelmennis/.m2/repository/org/apache/geronimo/specs/geronimo-jta_1.1_spec/1.1.1/geronimo-jta_1.1_spec-1.1.1.jar
09:37:01.935 [DEBUG] [org.gradle.api.internal.artifacts.repositories.resolver.ExternalResourceResolver] Metadata file found for module 'org.apache.geronimo.specs:geronimo-jta_1.1_spec:1.1.1' in repository 'MavenLocal'.
09:37:01.935 [DEBUG] [org.gradle.api.internal.artifacts.ivyservice.ivyresolve.RepositoryChainComponentMetaDataResolver] Using org.apache.geronimo.specs:geronimo-jta_1.1_spec:1.1.1 from Maven repository 'MavenLocal'
09:37:01.935 [DEBUG] [org.gradle.api.internal.artifacts.ivyservice.resolveengine.graph.DependencyGraphBuilder] Visiting dependency org.hibernate:hibernate-core:5.1.5.Final(runtime) -> dependency: org.jboss:jandex:2.0.3.Final, scope: Compile, optional: false
09:37:01.935 [DEBUG] [org.gradle.api.internal.artifacts.ivyservice.resolveengine.graph.DependencyGraphBuilder] Selecting new module version org.jboss:jandex:2.0.3.Final
09:37:01.935 [DEBUG] [org.gradle.api.internal.artifacts.ivyservice.ivyresolve.RepositoryChainComponentMetaDataResolver] Attempting to resolve component for org.jboss:jandex:2.0.3.Final using repositories [MavenLocal, maven]
09:37:01.936 [DEBUG] [org.gradle.api.internal.artifacts.repositories.resolver.DefaultExternalResourceArtifactResolver] Loading file:/Users/michaelmennis/.m2/repository/org/jboss/jandex/2.0.3.Final/jandex-2.0.3.Final.pom
09:37:01.936 [DEBUG] [org.gradle.api.internal.artifacts.repositories.resolver.DefaultExternalResourceArtifactResolver] Loading file:/Users/michaelmennis/.m2/repository/org/jboss/jandex/2.0.3.Final/jandex-2.0.3.Final.jar
09:37:01.936 [DEBUG] [org.gradle.api.internal.artifacts.repositories.resolver.ExternalResourceResolver] No meta-data file or artifact found for module 'org.jboss:jandex:2.0.3.Final' in repository 'MavenLocal'.
09:37:01.936 [DEBUG] [org.gradle.api.internal.artifacts.ivyservice.ivyresolve.CachingModuleComponentRepository] Using cached module metadata for module 'org.jboss:jandex:2.0.3.Final' in 'maven'
09:37:01.936 [DEBUG] [org.gradle.api.internal.artifacts.ivyservice.ivyresolve.RepositoryChainComponentMetaDataResolver] Using org.jboss:jandex:2.0.3.Final from Maven repository 'maven'
09:37:01.936 [DEBUG] [org.gradle.api.internal.artifacts.ivyservice.resolveengine.graph.DependencyGraphBuilder] Visiting dependency org.hibernate:hibernate-core:5.1.5.Final(runtime) -> dependency: com.fasterxml:classmate:1.3.0, scope: Compile, optional: false
09:37:01.937 [DEBUG] [org.gradle.api.internal.artifacts.ivyservice.resolveengine.graph.DependencyGraphBuilder] Selecting new module version com.fasterxml:classmate:1.3.0
09:37:01.937 [DEBUG] [org.gradle.api.internal.artifacts.ivyservice.ivyresolve.RepositoryChainComponentMetaDataResolver] Attempting to resolve component for com.fasterxml:classmate:1.3.0 using repositories [MavenLocal, maven]
09:37:01.937 [DEBUG] [org.gradle.api.internal.artifacts.repositories.resolver.DefaultExternalResourceArtifactResolver] Loading file:/Users/michaelmennis/.m2/repository/com/fasterxml/classmate/1.3.0/classmate-1.3.0.pom
09:37:01.937 [DEBUG] [org.gradle.api.internal.artifacts.repositories.resolver.DefaultExternalResourceArtifactResolver] Loading file:/Users/michaelmennis/.m2/repository/com/fasterxml/classmate/1.3.0/classmate-1.3.0.jar
09:37:01.937 [DEBUG] [org.gradle.api.internal.artifacts.repositories.resolver.ExternalResourceResolver] No meta-data file or artifact found for module 'com.fasterxml:classmate:1.3.0' in repository 'MavenLocal'.
09:37:01.937 [DEBUG] [org.gradle.api.internal.artifacts.ivyservice.ivyresolve.CachingModuleComponentRepository] Using cached module metadata for module 'com.fasterxml:classmate:1.3.0' in 'maven'
09:37:01.938 [DEBUG] [org.gradle.api.internal.artifacts.ivyservice.ivyresolve.RepositoryChainComponentMetaDataResolver] Using com.fasterxml:classmate:1.3.0 from Maven repository 'maven'
09:37:01.938 [DEBUG] [org.gradle.api.internal.artifacts.ivyservice.resolveengine.graph.DependencyGraphBuilder] Visiting dependency org.hibernate:hibernate-core:5.1.5.Final(runtime) -> dependency: dom4j:dom4j:1.6.1, scope: Compile, optional: false
09:37:01.938 [DEBUG] [org.gradle.api.internal.artifacts.ivyservice.resolveengine.graph.DependencyGraphBuilder] Selecting new module version dom4j:dom4j:1.6.1
09:37:01.938 [DEBUG] [org.gradle.api.internal.artifacts.ivyservice.ivyresolve.RepositoryChainComponentMetaDataResolver] Attempting to resolve component for dom4j:dom4j:1.6.1 using repositories [MavenLocal, maven]
09:37:01.938 [DEBUG] [org.gradle.api.internal.artifacts.repositories.resolver.DefaultExternalResourceArtifactResolver] Loading file:/Users/michaelmennis/.m2/repository/dom4j/dom4j/1.6.1/dom4j-1.6.1.pom
09:37:01.939 [DEBUG] [org.gradle.api.internal.artifacts.repositories.resolver.DefaultExternalResourceArtifactResolver] Loading file:/Users/michaelmennis/.m2/repository/dom4j/dom4j/1.6.1/dom4j-1.6.1.jar
09:37:01.940 [DEBUG] [org.gradle.api.internal.artifacts.repositories.resolver.ExternalResourceResolver] Metadata file found for module 'dom4j:dom4j:1.6.1' in repository 'MavenLocal'.
09:37:01.940 [DEBUG] [org.gradle.api.internal.artifacts.ivyservice.ivyresolve.RepositoryChainComponentMetaDataResolver] Using dom4j:dom4j:1.6.1 from Maven repository 'MavenLocal'
09:37:01.940 [DEBUG] [org.gradle.api.internal.artifacts.ivyservice.resolveengine.graph.DependencyGraphBuilder] Visiting dependency org.hibernate:hibernate-core:5.1.5.Final(runtime) -> dependency: org.hibernate.common:hibernate-commons-annotations:5.0.1.Final, scope: Compile, optional: false
09:37:01.940 [DEBUG] [org.gradle.api.internal.artifacts.ivyservice.resolveengine.graph.DependencyGraphBuilder] Selecting new module version org.hibernate.common:hibernate-commons-annotations:5.0.1.Final
09:37:01.940 [DEBUG] [org.gradle.api.internal.artifacts.ivyservice.ivyresolve.RepositoryChainComponentMetaDataResolver] Attempting to resolve component for org.hibernate.common:hibernate-commons-annotations:5.0.1.Final using repositories [MavenLocal, maven]
09:37:01.940 [DEBUG] [org.gradle.api.internal.artifacts.repositories.resolver.DefaultExternalResourceArtifactResolver] Loading file:/Users/michaelmennis/.m2/repository/org/hibernate/common/hibernate-commons-annotations/5.0.1.Final/hibernate-commons-annotations-5.0.1.Final.pom
09:37:01.940 [DEBUG] [org.gradle.api.internal.artifacts.repositories.resolver.DefaultExternalResourceArtifactResolver] Loading file:/Users/michaelmennis/.m2/repository/org/hibernate/common/hibernate-commons-annotations/5.0.1.Final/hibernate-commons-annotations-5.0.1.Final.jar
09:37:01.940 [DEBUG] [org.gradle.api.internal.artifacts.repositories.resolver.ExternalResourceResolver] No meta-data file or artifact found for module 'org.hibernate.common:hibernate-commons-annotations:5.0.1.Final' in repository 'MavenLocal'.
09:37:01.941 [DEBUG] [org.gradle.api.internal.artifacts.ivyservice.ivyresolve.CachingModuleComponentRepository] Using cached module metadata for module 'org.hibernate.common:hibernate-commons-annotations:5.0.1.Final' in 'maven'
09:37:01.941 [DEBUG] [org.gradle.api.internal.artifacts.ivyservice.ivyresolve.RepositoryChainComponentMetaDataResolver] Using org.hibernate.common:hibernate-commons-annotations:5.0.1.Final from Maven repository 'maven'
09:37:01.941 [DEBUG] [org.gradle.api.internal.artifacts.ivyservice.resolveengine.graph.DependencyGraphBuilder] Visiting configuration org.grails:grails-datastore-web:6.1.6.RELEASE(runtime).
09:37:01.941 [DEBUG] [org.gradle.api.internal.artifacts.ivyservice.resolveengine.graph.DependencyGraphBuilder] Visiting dependency org.grails:grails-datastore-web:6.1.6.RELEASE(runtime) -> dependency: org.codehaus.groovy:groovy:2.4.11, scope: Runtime, optional: false
09:37:01.942 [DEBUG] [org.gradle.api.internal.artifacts.ivyservice.resolveengine.graph.DependencyGraphBuilder] Visiting dependency org.grails:grails-datastore-web:6.1.6.RELEASE(runtime) -> dependency: org.grails:grails-datastore-core:6.1.6.RELEASE, scope: Runtime, optional: false
09:37:01.942 [DEBUG] [org.gradle.api.internal.artifacts.ivyservice.resolveengine.graph.DependencyGraphBuilder] Selecting new module version org.grails:grails-datastore-core:6.1.6.RELEASE
09:37:01.942 [DEBUG] [org.gradle.api.internal.artifacts.ivyservice.ivyresolve.RepositoryChainComponentMetaDataResolver] Attempting to resolve component for org.grails:grails-datastore-core:6.1.6.RELEASE using repositories [MavenLocal, maven]
09:37:01.942 [DEBUG] [org.gradle.api.internal.artifacts.repositories.resolver.DefaultExternalResourceArtifactResolver] Loading file:/Users/michaelmennis/.m2/repository/org/grails/grails-datastore-core/6.1.6.RELEASE/grails-datastore-core-6.1.6.RELEASE.pom
09:37:01.942 [DEBUG] [org.gradle.api.internal.artifacts.repositories.resolver.DefaultExternalResourceArtifactResolver] Loading file:/Users/michaelmennis/.m2/repository/org/grails/grails-datastore-core/6.1.6.RELEASE/grails-datastore-core-6.1.6.RELEASE.jar
09:37:01.942 [DEBUG] [org.gradle.api.internal.artifacts.repositories.resolver.ExternalResourceResolver] No meta-data file or artifact found for module 'org.grails:grails-datastore-core:6.1.6.RELEASE' in repository 'MavenLocal'.
09:37:01.943 [DEBUG] [org.gradle.api.internal.artifacts.ivyservice.ivyresolve.CachingModuleComponentRepository] Using cached module metadata for module 'org.grails:grails-datastore-core:6.1.6.RELEASE' in 'maven'
09:37:01.943 [DEBUG] [org.gradle.api.internal.artifacts.ivyservice.ivyresolve.RepositoryChainComponentMetaDataResolver] Using org.grails:grails-datastore-core:6.1.6.RELEASE from Maven repository 'maven'
09:37:01.943 [DEBUG] [org.gradle.api.internal.artifacts.ivyservice.resolveengine.graph.DependencyGraphBuilder] Visiting dependency org.grails:grails-datastore-web:6.1.6.RELEASE(runtime) -> dependency: org.springframework:spring-web:4.3.9.RELEASE, scope: Runtime, optional: false
09:37:01.943 [DEBUG] [org.gradle.api.internal.artifacts.ivyservice.resolveengine.graph.DependencyGraphBuilder] Selecting new module version org.springframework:spring-web:4.3.9.RELEASE
09:37:01.943 [DEBUG] [org.gradle.api.internal.artifacts.ivyservice.ivyresolve.RepositoryChainComponentMetaDataResolver] Attempting to resolve component for org.springframework:spring-web:4.3.9.RELEASE using repositories [MavenLocal, maven]
09:37:01.943 [DEBUG] [org.gradle.api.internal.artifacts.repositories.resolver.DefaultExternalResourceArtifactResolver] Loading file:/Users/michaelmennis/.m2/repository/org/springframework/spring-web/4.3.9.RELEASE/spring-web-4.3.9.RELEASE.pom
09:37:01.943 [DEBUG] [org.gradle.api.internal.artifacts.repositories.resolver.DefaultExternalResourceArtifactResolver] Loading file:/Users/michaelmennis/.m2/repository/org/springframework/spring-web/4.3.9.RELEASE/spring-web-4.3.9.RELEASE.jar
09:37:01.943 [DEBUG] [org.gradle.api.internal.artifacts.repositories.resolver.ExternalResourceResolver] No meta-data file or artifact found for module 'org.springframework:spring-web:4.3.9.RELEASE' in repository 'MavenLocal'.
09:37:01.944 [DEBUG] [org.gradle.api.internal.artifacts.ivyservice.ivyresolve.CachingModuleComponentRepository] Using cached module metadata for module 'org.springframework:spring-web:4.3.9.RELEASE' in 'maven'
09:37:01.944 [DEBUG] [org.gradle.api.internal.artifacts.ivyservice.ivyresolve.RepositoryChainComponentMetaDataResolver] Using org.springframework:spring-web:4.3.9.RELEASE from Maven repository 'maven'
09:37:01.944 [DEBUG] [org.gradle.api.internal.artifacts.ivyservice.resolveengine.graph.DependencyGraphBuilder] Visiting dependency org.grails:grails-datastore-web:6.1.6.RELEASE(runtime) -> dependency: org.springframework:spring-context:4.3.9.RELEASE, scope: Runtime, optional: false
09:37:01.944 [DEBUG] [org.gradle.api.internal.artifacts.ivyservice.resolveengine.graph.DependencyGraphBuilder] Selecting new module version org.springframework:spring-context:4.3.9.RELEASE
09:37:01.944 [DEBUG] [org.gradle.api.internal.artifacts.ivyservice.ivyresolve.RepositoryChainComponentMetaDataResolver] Attempting to resolve component for org.springframework:spring-context:4.3.9.RELEASE using repositories [MavenLocal, maven]
09:37:01.944 [DEBUG] [org.gradle.api.internal.artifacts.repositories.resolver.DefaultExternalResourceArtifactResolver] Loading file:/Users/michaelmennis/.m2/repository/org/springframework/spring-context/4.3.9.RELEASE/spring-context-4.3.9.RELEASE.pom
09:37:01.944 [DEBUG] [org.gradle.api.internal.artifacts.repositories.resolver.DefaultExternalResourceArtifactResolver] Loading file:/Users/michaelmennis/.m2/repository/org/springframework/spring-context/4.3.9.RELEASE/spring-context-4.3.9.RELEASE.jar
09:37:01.945 [DEBUG] [org.gradle.api.internal.artifacts.repositories.resolver.ExternalResourceResolver] No meta-data file or artifact found for module 'org.springframework:spring-context:4.3.9.RELEASE' in repository 'MavenLocal'.
09:37:01.945 [DEBUG] [org.gradle.api.internal.artifacts.ivyservice.ivyresolve.CachingModuleComponentRepository] Using cached module metadata for module 'org.springframework:spring-context:4.3.9.RELEASE' in 'maven'
09:37:01.945 [DEBUG] [org.gradle.api.internal.artifacts.ivyservice.ivyresolve.RepositoryChainComponentMetaDataResolver] Using org.springframework:spring-context:4.3.9.RELEASE from Maven repository 'maven'
09:37:01.945 [DEBUG] [org.gradle.api.internal.artifacts.ivyservice.resolveengine.graph.DependencyGraphBuilder] Visiting configuration org.grails:grails-datastore-gorm-support:6.1.6.RELEASE(runtime).
09:37:01.945 [DEBUG] [org.gradle.api.internal.artifacts.ivyservice.resolveengine.graph.DependencyGraphBuilder] Visiting dependency org.grails:grails-datastore-gorm-support:6.1.6.RELEASE(runtime) -> dependency: org.codehaus.groovy:groovy:2.4.11, scope: Runtime, optional: false
09:37:01.945 [DEBUG] [org.gradle.api.internal.artifacts.ivyservice.resolveengine.graph.DependencyGraphBuilder] Visiting dependency org.grails:grails-datastore-gorm-support:6.1.6.RELEASE(runtime) -> dependency: org.grails:grails-datastore-gorm:6.1.6.RELEASE, scope: Runtime, optional: false
09:37:01.946 [DEBUG] [org.gradle.api.internal.artifacts.ivyservice.resolveengine.graph.DependencyGraphBuilder] Selecting new module version org.grails:grails-datastore-gorm:6.1.6.RELEASE
09:37:01.946 [DEBUG] [org.gradle.api.internal.artifacts.ivyservice.ivyresolve.RepositoryChainComponentMetaDataResolver] Attempting to resolve component for org.grails:grails-datastore-gorm:6.1.6.RELEASE using repositories [MavenLocal, maven]
09:37:01.946 [DEBUG] [org.gradle.api.internal.artifacts.repositories.resolver.DefaultExternalResourceArtifactResolver] Loading file:/Users/michaelmennis/.m2/repository/org/grails/grails-datastore-gorm/6.1.6.RELEASE/grails-datastore-gorm-6.1.6.RELEASE.pom
09:37:01.946 [DEBUG] [org.gradle.api.internal.artifacts.repositories.resolver.DefaultExternalResourceArtifactResolver] Loading file:/Users/michaelmennis/.m2/repository/org/grails/grails-datastore-gorm/6.1.6.RELEASE/grails-datastore-gorm-6.1.6.RELEASE.jar
09:37:01.946 [DEBUG] [org.gradle.api.internal.artifacts.repositories.resolver.ExternalResourceResolver] No meta-data file or artifact found for module 'org.grails:grails-datastore-gorm:6.1.6.RELEASE' in repository 'MavenLocal'.
09:37:01.947 [DEBUG] [org.gradle.api.internal.artifacts.ivyservice.ivyresolve.CachingModuleComponentRepository] Using cached module metadata for module 'org.grails:grails-datastore-gorm:6.1.6.RELEASE' in 'maven'
09:37:01.947 [DEBUG] [org.gradle.api.internal.artifacts.ivyservice.ivyresolve.RepositoryChainComponentMetaDataResolver] Using org.grails:grails-datastore-gorm:6.1.6.RELEASE from Maven repository 'maven'
09:37:01.947 [DEBUG] [org.gradle.api.internal.artifacts.ivyservice.resolveengine.graph.DependencyGraphBuilder] Visiting dependency org.grails:grails-datastore-gorm-support:6.1.6.RELEASE(runtime) -> dependency: org.grails:grails-core:3.2.11, scope: Runtime, optional: false
09:37:01.947 [DEBUG] [org.gradle.api.internal.artifacts.ivyservice.resolveengine.graph.DependencyGraphBuilder] Selecting new module version org.grails:grails-core:3.2.11
09:37:01.947 [DEBUG] [org.gradle.api.internal.artifacts.ivyservice.ivyresolve.RepositoryChainComponentMetaDataResolver] Attempting to resolve component for org.grails:grails-core:3.2.11 using repositories [MavenLocal, maven]
09:37:01.947 [DEBUG] [org.gradle.api.internal.artifacts.repositories.resolver.DefaultExternalResourceArtifactResolver] Loading file:/Users/michaelmennis/.m2/repository/org/grails/grails-core/3.2.11/grails-core-3.2.11.pom
09:37:01.948 [DEBUG] [org.gradle.api.internal.artifacts.repositories.resolver.DefaultExternalResourceArtifactResolver] Loading file:/Users/michaelmennis/.m2/repository/org/grails/grails-core/3.2.11/grails-core-3.2.11.jar
09:37:01.948 [DEBUG] [org.gradle.api.internal.artifacts.repositories.resolver.ExternalResourceResolver] No meta-data file or artifact found for module 'org.grails:grails-core:3.2.11' in repository 'MavenLocal'.
09:37:01.948 [DEBUG] [org.gradle.api.internal.artifacts.ivyservice.ivyresolve.CachingModuleComponentRepository] Using cached module metadata for module 'org.grails:grails-core:3.2.11' in 'maven'
09:37:01.948 [DEBUG] [org.gradle.api.internal.artifacts.ivyservice.ivyresolve.RepositoryChainComponentMetaDataResolver] Using org.grails:grails-core:3.2.11 from Maven repository 'maven'
09:37:01.948 [DEBUG] [org.gradle.api.internal.artifacts.ivyservice.resolveengine.graph.DependencyGraphBuilder] Visiting dependency org.grails:grails-datastore-gorm-support:6.1.6.RELEASE(runtime) -> dependency: org.grails:grails-bootstrap:3.2.11, scope: Runtime, optional: false
09:37:01.949 [DEBUG] [org.gradle.api.internal.artifacts.ivyservice.resolveengine.graph.DependencyGraphBuilder] Found new conflicting module version org.grails:grails-bootstrap:3.2.11
09:37:01.949 [DEBUG] [org.gradle.api.internal.artifacts.ivyservice.resolveengine.graph.DependencyGraphBuilder] Visiting configuration org.grails:grails-datastore-gorm-hibernate5:6.1.6.RELEASE(runtime).
09:37:01.949 [DEBUG] [org.gradle.api.internal.artifacts.ivyservice.resolveengine.graph.DependencyGraphBuilder] Visiting dependency org.grails:grails-datastore-gorm-hibernate5:6.1.6.RELEASE(runtime) -> dependency: org.grails:grails-datastore-gorm-hibernate-core:6.1.6.RELEASE, scope: Runtime, optional: false
09:37:01.949 [DEBUG] [org.gradle.api.internal.artifacts.ivyservice.resolveengine.graph.DependencyGraphBuilder] Selecting new module version org.grails:grails-datastore-gorm-hibernate-core:6.1.6.RELEASE
09:37:01.949 [DEBUG] [org.gradle.api.internal.artifacts.ivyservice.ivyresolve.RepositoryChainComponentMetaDataResolver] Attempting to resolve component for org.grails:grails-datastore-gorm-hibernate-core:6.1.6.RELEASE using repositories [MavenLocal, maven]
09:37:01.949 [DEBUG] [org.gradle.api.internal.artifacts.repositories.resolver.DefaultExternalResourceArtifactResolver] Loading file:/Users/michaelmennis/.m2/repository/org/grails/grails-datastore-gorm-hibernate-core/6.1.6.RELEASE/grails-datastore-gorm-hibernate-core-6.1.6.RELEASE.pom
09:37:01.949 [DEBUG] [org.gradle.api.internal.artifacts.repositories.resolver.DefaultExternalResourceArtifactResolver] Loading file:/Users/michaelmennis/.m2/repository/org/grails/grails-datastore-gorm-hibernate-core/6.1.6.RELEASE/grails-datastore-gorm-hibernate-core-6.1.6.RELEASE.jar
09:37:01.950 [DEBUG] [org.gradle.api.internal.artifacts.repositories.resolver.ExternalResourceResolver] No meta-data file or artifact found for module 'org.grails:grails-datastore-gorm-hibernate-core:6.1.6.RELEASE' in repository 'MavenLocal'.
09:37:01.950 [DEBUG] [org.gradle.api.internal.artifacts.ivyservice.ivyresolve.CachingModuleComponentRepository] Using cached module metadata for module 'org.grails:grails-datastore-gorm-hibernate-core:6.1.6.RELEASE' in 'maven'
09:37:01.950 [DEBUG] [org.gradle.api.internal.artifacts.ivyservice.ivyresolve.RepositoryChainComponentMetaDataResolver] Using org.grails:grails-datastore-gorm-hibernate-core:6.1.6.RELEASE from Maven repository 'maven'
09:37:01.950 [DEBUG] [org.gradle.api.internal.artifacts.ivyservice.resolveengine.graph.DependencyGraphBuilder] Visiting dependency org.grails:grails-datastore-gorm-hibernate5:6.1.6.RELEASE(runtime) -> dependency: org.springframework:spring-orm:4.3.9.RELEASE, scope: Runtime, optional: false
09:37:01.950 [DEBUG] [org.gradle.api.internal.artifacts.ivyservice.resolveengine.graph.DependencyGraphBuilder] Found new conflicting module version org.springframework:spring-orm:4.3.9.RELEASE
09:37:01.950 [DEBUG] [org.gradle.api.internal.artifacts.ivyservice.resolveengine.graph.DependencyGraphBuilder] Visiting dependency org.grails:grails-datastore-gorm-hibernate5:6.1.6.RELEASE(runtime) -> dependency: org.hibernate:hibernate-core:5.1.5.Final, scope: Runtime, optional: false
09:37:01.951 [DEBUG] [org.gradle.api.internal.artifacts.ivyservice.resolveengine.graph.DependencyGraphBuilder] Visiting dependency org.grails:grails-datastore-gorm-hibernate5:6.1.6.RELEASE(runtime) -> dependency: org.hibernate:hibernate-validator:5.2.5.Final, scope: Runtime, optional: false
09:37:01.951 [DEBUG] [org.gradle.api.internal.artifacts.ivyservice.resolveengine.graph.DependencyGraphBuilder] Selecting new module version org.hibernate:hibernate-validator:5.2.5.Final
09:37:01.951 [DEBUG] [org.gradle.api.internal.artifacts.ivyservice.ivyresolve.RepositoryChainComponentMetaDataResolver] Attempting to resolve component for org.hibernate:hibernate-validator:5.2.5.Final using repositories [MavenLocal, maven]
09:37:01.951 [DEBUG] [org.gradle.api.internal.artifacts.repositories.resolver.DefaultExternalResourceArtifactResolver] Loading file:/Users/michaelmennis/.m2/repository/org/hibernate/hibernate-validator/5.2.5.Final/hibernate-validator-5.2.5.Final.pom
09:37:01.951 [DEBUG] [org.gradle.api.internal.artifacts.repositories.resolver.DefaultExternalResourceArtifactResolver] Loading file:/Users/michaelmennis/.m2/repository/org/hibernate/hibernate-validator/5.2.5.Final/hibernate-validator-5.2.5.Final.jar
09:37:01.951 [DEBUG] [org.gradle.api.internal.artifacts.repositories.resolver.ExternalResourceResolver] No meta-data file or artifact found for module 'org.hibernate:hibernate-validator:5.2.5.Final' in repository 'MavenLocal'.
09:37:01.951 [DEBUG] [org.gradle.api.internal.artifacts.ivyservice.ivyresolve.CachingModuleComponentRepository] Using cached module metadata for module 'org.hibernate:hibernate-validator:5.2.5.Final' in 'maven'
09:37:01.952 [DEBUG] [org.gradle.api.internal.artifacts.ivyservice.ivyresolve.RepositoryChainComponentMetaDataResolver] Using org.hibernate:hibernate-validator:5.2.5.Final from Maven repository 'maven'
09:37:01.952 [DEBUG] [org.gradle.api.internal.artifacts.ivyservice.resolveengine.graph.DependencyGraphBuilder] Visiting dependency org.grails:grails-datastore-gorm-hibernate5:6.1.6.RELEASE(runtime) -> dependency: javax.el:javax.el-api:2.2.4, scope: Runtime, optional: false
09:37:01.952 [DEBUG] [org.gradle.api.internal.artifacts.ivyservice.resolveengine.graph.DependencyGraphBuilder] Selecting new module version javax.el:javax.el-api:2.2.4
09:37:01.952 [DEBUG] [org.gradle.api.internal.artifacts.ivyservice.ivyresolve.RepositoryChainComponentMetaDataResolver] Attempting to resolve component for javax.el:javax.el-api:2.2.4 using repositories [MavenLocal, maven]
09:37:01.952 [DEBUG] [org.gradle.api.internal.artifacts.repositories.resolver.DefaultExternalResourceArtifactResolver] Loading file:/Users/michaelmennis/.m2/repository/javax/el/javax.el-api/2.2.4/javax.el-api-2.2.4.pom
09:37:01.952 [DEBUG] [org.gradle.api.internal.artifacts.repositories.resolver.DefaultExternalResourceArtifactResolver] Loading file:/Users/michaelmennis/.m2/repository/javax/el/javax.el-api/2.2.4/javax.el-api-2.2.4.jar
09:37:01.952 [DEBUG] [org.gradle.api.internal.artifacts.repositories.resolver.ExternalResourceResolver] No meta-data file or artifact found for module 'javax.el:javax.el-api:2.2.4' in repository 'MavenLocal'.
09:37:01.953 [DEBUG] [org.gradle.api.internal.artifacts.ivyservice.ivyresolve.CachingModuleComponentRepository] Using cached module metadata for module 'javax.el:javax.el-api:2.2.4' in 'maven'
09:37:01.953 [DEBUG] [org.gradle.api.internal.artifacts.ivyservice.ivyresolve.RepositoryChainComponentMetaDataResolver] Using javax.el:javax.el-api:2.2.4 from Maven repository 'maven'
09:37:01.953 [DEBUG] [org.gradle.api.internal.artifacts.ivyservice.resolveengine.graph.DependencyGraphBuilder] Visiting configuration org.springframework:spring-orm:4.2.3.RELEASE(runtime).
09:37:01.953 [DEBUG] [org.gradle.api.internal.artifacts.ivyservice.resolveengine.graph.DependencyGraphBuilder] version for org.springframework:spring-orm:4.2.3.RELEASE(runtime) is not selected. ignoring.
09:37:01.953 [DEBUG] [org.gradle.api.internal.artifacts.ivyservice.resolveengine.graph.DependencyGraphBuilder] Visiting configuration com.bertramlabs.plugins:asset-pipeline-core:2.14.2(runtime).
09:37:01.953 [DEBUG] [org.gradle.api.internal.artifacts.ivyservice.resolveengine.graph.DependencyGraphBuilder] Visiting dependency com.bertramlabs.plugins:asset-pipeline-core:2.14.2(runtime) -> dependency: org.mozilla:rhino:1.7R4, scope: Runtime, optional: false
09:37:01.953 [DEBUG] [org.gradle.api.internal.artifacts.ivyservice.resolveengine.graph.DependencyGraphBuilder] Selecting new module version org.mozilla:rhino:1.7R4
09:37:01.953 [DEBUG] [org.gradle.api.internal.artifacts.ivyservice.ivyresolve.RepositoryChainComponentMetaDataResolver] Attempting to resolve component for org.mozilla:rhino:1.7R4 using repositories [MavenLocal, maven]
09:37:01.953 [DEBUG] [org.gradle.api.internal.artifacts.repositories.resolver.DefaultExternalResourceArtifactResolver] Loading file:/Users/michaelmennis/.m2/repository/org/mozilla/rhino/1.7R4/rhino-1.7R4.pom
09:37:01.953 [DEBUG] [org.gradle.api.internal.artifacts.repositories.resolver.DefaultExternalResourceArtifactResolver] Loading file:/Users/michaelmennis/.m2/repository/org/mozilla/rhino/1.7R4/rhino-1.7R4.jar
09:37:01.953 [DEBUG] [org.gradle.api.internal.artifacts.repositories.resolver.ExternalResourceResolver] No meta-data file or artifact found for module 'org.mozilla:rhino:1.7R4' in repository 'MavenLocal'.
09:37:01.954 [DEBUG] [org.gradle.api.internal.artifacts.ivyservice.ivyresolve.CachingModuleComponentRepository] Using cached module metadata for module 'org.mozilla:rhino:1.7R4' in 'maven'
09:37:01.954 [DEBUG] [org.gradle.api.internal.artifacts.ivyservice.ivyresolve.RepositoryChainComponentMetaDataResolver] Using org.mozilla:rhino:1.7R4 from Maven repository 'maven'
09:37:01.954 [DEBUG] [org.gradle.api.internal.artifacts.ivyservice.resolveengine.graph.DependencyGraphBuilder] Visiting dependency com.bertramlabs.plugins:asset-pipeline-core:2.14.2(runtime) -> dependency: com.google.javascript:closure-compiler-unshaded:v20160713, scope: Runtime, optional: false
09:37:01.954 [DEBUG] [org.gradle.api.internal.artifacts.ivyservice.resolveengine.graph.DependencyGraphBuilder] Selecting new module version com.google.javascript:closure-compiler-unshaded:v20160713
09:37:01.954 [DEBUG] [org.gradle.api.internal.artifacts.ivyservice.ivyresolve.RepositoryChainComponentMetaDataResolver] Attempting to resolve component for com.google.javascript:closure-compiler-unshaded:v20160713 using repositories [MavenLocal, maven]
09:37:01.954 [DEBUG] [org.gradle.api.internal.artifacts.repositories.resolver.DefaultExternalResourceArtifactResolver] Loading file:/Users/michaelmennis/.m2/repository/com/google/javascript/closure-compiler-unshaded/v20160713/closure-compiler-unshaded-v20160713.pom
09:37:01.954 [DEBUG] [org.gradle.api.internal.artifacts.repositories.resolver.DefaultExternalResourceArtifactResolver] Loading file:/Users/michaelmennis/.m2/repository/com/google/javascript/closure-compiler-unshaded/v20160713/closure-compiler-unshaded-v20160713.jar
09:37:01.954 [DEBUG] [org.gradle.api.internal.artifacts.repositories.resolver.ExternalResourceResolver] No meta-data file or artifact found for module 'com.google.javascript:closure-compiler-unshaded:v20160713' in repository 'MavenLocal'.
09:37:01.955 [DEBUG] [org.gradle.api.internal.artifacts.ivyservice.ivyresolve.CachingModuleComponentRepository] Using cached module metadata for module 'com.google.javascript:closure-compiler-unshaded:v20160713' in 'maven'
09:37:01.955 [DEBUG] [org.gradle.api.internal.artifacts.ivyservice.ivyresolve.RepositoryChainComponentMetaDataResolver] Using com.google.javascript:closure-compiler-unshaded:v20160713 from Maven repository 'maven'
09:37:01.955 [DEBUG] [org.gradle.api.internal.artifacts.ivyservice.resolveengine.graph.DependencyGraphBuilder] Visiting dependency com.bertramlabs.plugins:asset-pipeline-core:2.14.2(runtime) -> dependency: commons-logging:commons-logging:1.1.1, scope: Runtime, optional: false
09:37:01.955 [DEBUG] [org.gradle.api.internal.artifacts.ivyservice.resolveengine.graph.DependencyGraphBuilder] Selecting new module version commons-logging:commons-logging:1.1.1
09:37:01.955 [DEBUG] [org.gradle.api.internal.artifacts.ivyservice.ivyresolve.RepositoryChainComponentMetaDataResolver] Attempting to resolve component for commons-logging:commons-logging:1.1.1 using repositories [MavenLocal, maven]
09:37:01.955 [DEBUG] [org.gradle.api.internal.artifacts.repositories.resolver.DefaultExternalResourceArtifactResolver] Loading file:/Users/michaelmennis/.m2/repository/commons-logging/commons-logging/1.1.1/commons-logging-1.1.1.pom
09:37:01.957 [DEBUG] [org.gradle.api.internal.artifacts.ivyservice.ivyresolve.RepositoryChainComponentMetaDataResolver] Attempting to resolve component for org.apache.commons:commons-parent:5 using repositories [MavenLocal, maven]
09:37:01.957 [DEBUG] [org.gradle.api.internal.artifacts.repositories.resolver.DefaultExternalResourceArtifactResolver] Loading file:/Users/michaelmennis/.m2/repository/org/apache/commons/commons-parent/5/commons-parent-5.pom
09:37:01.958 [DEBUG] [org.gradle.api.internal.artifacts.ivyservice.ivyresolve.RepositoryChainComponentMetaDataResolver] Attempting to resolve component for org.apache:apache:4 using repositories [MavenLocal, maven]
09:37:01.958 [DEBUG] [org.gradle.api.internal.artifacts.repositories.resolver.DefaultExternalResourceArtifactResolver] Loading file:/Users/michaelmennis/.m2/repository/org/apache/apache/4/apache-4.pom
09:37:01.959 [DEBUG] [org.gradle.api.internal.artifacts.repositories.resolver.ExternalResourceResolver] Metadata file found for module 'org.apache:apache:4' in repository 'MavenLocal'.
09:37:01.960 [DEBUG] [org.gradle.api.internal.artifacts.ivyservice.ivyresolve.RepositoryChainComponentMetaDataResolver] Using org.apache:apache:4 from Maven repository 'MavenLocal'
09:37:01.960 [DEBUG] [org.gradle.api.internal.artifacts.repositories.resolver.DefaultExternalResourceArtifactResolver] Loading file:/Users/michaelmennis/.m2/repository/org/apache/apache/4/apache-4.pom
09:37:01.961 [DEBUG] [org.gradle.api.internal.artifacts.repositories.resolver.ExternalResourceResolver] Metadata file found for module 'org.apache.commons:commons-parent:5' in repository 'MavenLocal'.
09:37:01.961 [DEBUG] [org.gradle.api.internal.artifacts.ivyservice.ivyresolve.RepositoryChainComponentMetaDataResolver] Using org.apache.commons:commons-parent:5 from Maven repository 'MavenLocal'
09:37:01.961 [DEBUG] [org.gradle.api.internal.artifacts.repositories.resolver.DefaultExternalResourceArtifactResolver] Loading file:/Users/michaelmennis/.m2/repository/org/apache/commons/commons-parent/5/commons-parent-5.pom
09:37:01.962 [DEBUG] [org.gradle.api.internal.artifacts.ivyservice.ivyresolve.RepositoryChainComponentMetaDataResolver] Attempting to resolve component for org.apache:apache:4 using repositories [MavenLocal, maven]
09:37:01.962 [DEBUG] [org.gradle.api.internal.artifacts.ivyservice.ivyresolve.RepositoryChainComponentMetaDataResolver] Using org.apache:apache:4 from Maven repository 'MavenLocal'
09:37:01.963 [DEBUG] [org.gradle.api.internal.artifacts.repositories.resolver.DefaultExternalResourceArtifactResolver] Loading file:/Users/michaelmennis/.m2/repository/commons-logging/commons-logging/1.1.1/commons-logging-1.1.1.jar
09:37:01.963 [DEBUG] [org.gradle.api.internal.artifacts.repositories.resolver.ExternalResourceResolver] Metadata file found for module 'commons-logging:commons-logging:1.1.1' in repository 'MavenLocal'.
09:37:01.964 [DEBUG] [org.gradle.api.internal.artifacts.ivyservice.ivyresolve.RepositoryChainComponentMetaDataResolver] Using commons-logging:commons-logging:1.1.1 from Maven repository 'MavenLocal'
09:37:01.964 [DEBUG] [org.gradle.api.internal.artifacts.ivyservice.resolveengine.graph.DependencyGraphBuilder] Visiting configuration org.slf4j:slf4j-api:1.7.22(runtime).
09:37:01.964 [DEBUG] [org.gradle.api.internal.artifacts.ivyservice.resolveengine.graph.DependencyGraphBuilder] Changed edges for org.slf4j:slf4j-api:1.7.22(runtime) selects same versions as previous traversal. ignoring
09:37:01.964 [DEBUG] [org.gradle.api.internal.artifacts.ivyservice.resolveengine.graph.DependencyGraphBuilder] Visiting configuration org.codehaus.groovy:groovy:2.4.11(runtime).
09:37:01.964 [DEBUG] [org.gradle.api.internal.artifacts.ivyservice.resolveengine.graph.DependencyGraphBuilder] Visiting configuration org.slf4j:jcl-over-slf4j:1.7.22(runtime).
09:37:01.964 [DEBUG] [org.gradle.api.internal.artifacts.ivyservice.resolveengine.graph.DependencyGraphBuilder] Changed edges for org.slf4j:jcl-over-slf4j:1.7.22(runtime) selects same versions as previous traversal. ignoring
09:37:01.964 [DEBUG] [org.gradle.api.internal.artifacts.ivyservice.resolveengine.graph.DependencyGraphBuilder] Visiting configuration org.grails:grails-gradle-model:3.3.0(runtime).
09:37:01.964 [DEBUG] [org.gradle.api.internal.artifacts.ivyservice.resolveengine.graph.DependencyGraphBuilder] Changed edges for org.grails:grails-gradle-model:3.3.0(runtime) selects same versions as previous traversal. ignoring
09:37:01.964 [DEBUG] [org.gradle.api.internal.artifacts.ivyservice.resolveengine.graph.DependencyGraphBuilder] Visiting configuration org.apache.ant:ant:1.9.7(runtime).
09:37:01.964 [DEBUG] [org.gradle.api.internal.artifacts.ivyservice.resolveengine.graph.DependencyGraphBuilder] Visiting dependency org.apache.ant:ant:1.9.7(runtime) -> dependency: org.apache.ant:ant-launcher:1.9.7, scope: Compile, optional: false
09:37:01.964 [DEBUG] [org.gradle.api.internal.artifacts.ivyservice.resolveengine.graph.DependencyGraphBuilder] Selecting new module version org.apache.ant:ant-launcher:1.9.7
09:37:01.964 [DEBUG] [org.gradle.api.internal.artifacts.ivyservice.ivyresolve.RepositoryChainComponentMetaDataResolver] Attempting to resolve component for org.apache.ant:ant-launcher:1.9.7 using repositories [MavenLocal, maven]
09:37:01.964 [DEBUG] [org.gradle.api.internal.artifacts.repositories.resolver.DefaultExternalResourceArtifactResolver] Loading file:/Users/michaelmennis/.m2/repository/org/apache/ant/ant-launcher/1.9.7/ant-launcher-1.9.7.pom
09:37:01.965 [DEBUG] [org.gradle.api.internal.artifacts.repositories.resolver.DefaultExternalResourceArtifactResolver] Loading file:/Users/michaelmennis/.m2/repository/org/apache/ant/ant-launcher/1.9.7/ant-launcher-1.9.7.jar
09:37:01.965 [DEBUG] [org.gradle.api.internal.artifacts.repositories.resolver.ExternalResourceResolver] No meta-data file or artifact found for module 'org.apache.ant:ant-launcher:1.9.7' in repository 'MavenLocal'.
09:37:01.965 [DEBUG] [org.gradle.api.internal.artifacts.ivyservice.ivyresolve.CachingModuleComponentRepository] Using cached module metadata for module 'org.apache.ant:ant-launcher:1.9.7' in 'maven'
09:37:01.965 [DEBUG] [org.gradle.api.internal.artifacts.ivyservice.ivyresolve.RepositoryChainComponentMetaDataResolver] Using org.apache.ant:ant-launcher:1.9.7 from Maven repository 'maven'
09:37:01.965 [DEBUG] [org.gradle.api.internal.artifacts.ivyservice.resolveengine.graph.DependencyGraphBuilder] Visiting configuration org.codehaus.groovy:groovy-ant:2.4.11(runtime).
09:37:01.965 [DEBUG] [org.gradle.api.internal.artifacts.ivyservice.resolveengine.graph.DependencyGraphBuilder] Visiting dependency org.codehaus.groovy:groovy-ant:2.4.11(runtime) -> dependency: org.apache.ant:ant-launcher:1.9.4, scope: Runtime, optional: false
09:37:01.965 [DEBUG] [org.gradle.api.internal.artifacts.ivyservice.resolveengine.graph.DependencyGraphBuilder] Found new conflicting module version org.apache.ant:ant-launcher:1.9.4
09:37:01.966 [DEBUG] [org.gradle.api.internal.artifacts.ivyservice.resolveengine.graph.DependencyGraphBuilder] Visiting dependency org.codehaus.groovy:groovy-ant:2.4.11(runtime) -> dependency: org.apache.ant:ant-antlr:1.9.4, scope: Runtime, optional: false
09:37:01.966 [DEBUG] [org.gradle.api.internal.artifacts.ivyservice.resolveengine.graph.DependencyGraphBuilder] Selecting new module version org.apache.ant:ant-antlr:1.9.4
09:37:01.966 [DEBUG] [org.gradle.api.internal.artifacts.ivyservice.ivyresolve.RepositoryChainComponentMetaDataResolver] Attempting to resolve component for org.apache.ant:ant-antlr:1.9.4 using repositories [MavenLocal, maven]
09:37:01.967 [DEBUG] [org.gradle.api.internal.artifacts.repositories.resolver.DefaultExternalResourceArtifactResolver] Loading file:/Users/michaelmennis/.m2/repository/org/apache/ant/ant-antlr/1.9.4/ant-antlr-1.9.4.pom
09:37:01.967 [DEBUG] [org.gradle.api.internal.artifacts.repositories.resolver.DefaultExternalResourceArtifactResolver] Loading file:/Users/michaelmennis/.m2/repository/org/apache/ant/ant-antlr/1.9.4/ant-antlr-1.9.4.jar
09:37:01.967 [DEBUG] [org.gradle.api.internal.artifacts.repositories.resolver.ExternalResourceResolver] No meta-data file or artifact found for module 'org.apache.ant:ant-antlr:1.9.4' in repository 'MavenLocal'.
09:37:01.968 [DEBUG] [org.gradle.api.internal.artifacts.ivyservice.ivyresolve.CachingModuleComponentRepository] Using cached module metadata for module 'org.apache.ant:ant-antlr:1.9.4' in 'maven'
09:37:01.968 [DEBUG] [org.gradle.api.internal.artifacts.ivyservice.ivyresolve.RepositoryChainComponentMetaDataResolver] Using org.apache.ant:ant-antlr:1.9.4 from Maven repository 'maven'
09:37:01.968 [DEBUG] [org.gradle.api.internal.artifacts.ivyservice.resolveengine.graph.DependencyGraphBuilder] Visiting dependency org.codehaus.groovy:groovy-ant:2.4.11(runtime) -> dependency: org.apache.ant:ant-junit:1.9.4, scope: Runtime, optional: false
09:37:01.968 [DEBUG] [org.gradle.api.internal.artifacts.ivyservice.resolveengine.graph.DependencyGraphBuilder] Selecting new module version org.apache.ant:ant-junit:1.9.4
09:37:01.968 [DEBUG] [org.gradle.api.internal.artifacts.ivyservice.ivyresolve.RepositoryChainComponentMetaDataResolver] Attempting to resolve component for org.apache.ant:ant-junit:1.9.4 using repositories [MavenLocal, maven]
09:37:01.968 [DEBUG] [org.gradle.api.internal.artifacts.repositories.resolver.DefaultExternalResourceArtifactResolver] Loading file:/Users/michaelmennis/.m2/repository/org/apache/ant/ant-junit/1.9.4/ant-junit-1.9.4.pom
09:37:01.968 [DEBUG] [org.gradle.api.internal.artifacts.repositories.resolver.DefaultExternalResourceArtifactResolver] Loading file:/Users/michaelmennis/.m2/repository/org/apache/ant/ant-junit/1.9.4/ant-junit-1.9.4.jar
09:37:01.969 [DEBUG] [org.gradle.api.internal.artifacts.repositories.resolver.ExternalResourceResolver] No meta-data file or artifact found for module 'org.apache.ant:ant-junit:1.9.4' in repository 'MavenLocal'.
09:37:01.969 [DEBUG] [org.gradle.api.internal.artifacts.ivyservice.ivyresolve.CachingModuleComponentRepository] Using cached module metadata for module 'org.apache.ant:ant-junit:1.9.4' in 'maven'
09:37:01.969 [DEBUG] [org.gradle.api.internal.artifacts.ivyservice.ivyresolve.RepositoryChainComponentMetaDataResolver] Using org.apache.ant:ant-junit:1.9.4 from Maven repository 'maven'
09:37:01.969 [DEBUG] [org.gradle.api.internal.artifacts.ivyservice.resolveengine.graph.DependencyGraphBuilder] Visiting dependency org.codehaus.groovy:groovy-ant:2.4.11(runtime) -> dependency: org.codehaus.groovy:groovy-groovydoc:2.4.11, scope: Compile, optional: false
09:37:01.969 [DEBUG] [org.gradle.api.internal.artifacts.ivyservice.resolveengine.graph.DependencyGraphBuilder] Selecting new module version org.codehaus.groovy:groovy-groovydoc:2.4.11
09:37:01.969 [DEBUG] [org.gradle.api.internal.artifacts.ivyservice.ivyresolve.RepositoryChainComponentMetaDataResolver] Attempting to resolve component for org.codehaus.groovy:groovy-groovydoc:2.4.11 using repositories [MavenLocal, maven]
09:37:01.969 [DEBUG] [org.gradle.api.internal.artifacts.repositories.resolver.DefaultExternalResourceArtifactResolver] Loading file:/Users/michaelmennis/.m2/repository/org/codehaus/groovy/groovy-groovydoc/2.4.11/groovy-groovydoc-2.4.11.pom
09:37:01.969 [DEBUG] [org.gradle.api.internal.artifacts.repositories.resolver.DefaultExternalResourceArtifactResolver] Loading file:/Users/michaelmennis/.m2/repository/org/codehaus/groovy/groovy-groovydoc/2.4.11/groovy-groovydoc-2.4.11.jar
09:37:01.970 [DEBUG] [org.gradle.api.internal.artifacts.repositories.resolver.ExternalResourceResolver] No meta-data file or artifact found for module 'org.codehaus.groovy:groovy-groovydoc:2.4.11' in repository 'MavenLocal'.
09:37:01.970 [DEBUG] [org.gradle.api.internal.artifacts.ivyservice.ivyresolve.CachingModuleComponentRepository] Using cached module metadata for module 'org.codehaus.groovy:groovy-groovydoc:2.4.11' in 'maven'
09:37:01.970 [DEBUG] [org.gradle.api.internal.artifacts.ivyservice.ivyresolve.RepositoryChainComponentMetaDataResolver] Using org.codehaus.groovy:groovy-groovydoc:2.4.11 from Maven repository 'maven'
09:37:01.970 [DEBUG] [org.gradle.api.internal.artifacts.ivyservice.resolveengine.graph.DependencyGraphBuilder] Visiting dependency org.codehaus.groovy:groovy-ant:2.4.11(runtime) -> dependency: org.codehaus.groovy:groovy:2.4.11, scope: Compile, optional: false
09:37:01.970 [DEBUG] [org.gradle.api.internal.artifacts.ivyservice.resolveengine.graph.DependencyGraphBuilder] Visiting dependency org.codehaus.groovy:groovy-ant:2.4.11(runtime) -> dependency: org.apache.ant:ant:1.9.4, scope: Compile, optional: false
09:37:01.970 [DEBUG] [org.gradle.api.internal.artifacts.ivyservice.resolveengine.graph.DependencyGraphBuilder] Found new conflicting module version org.apache.ant:ant:1.9.4
09:37:01.970 [DEBUG] [org.gradle.api.internal.artifacts.ivyservice.resolveengine.graph.DependencyGraphBuilder] Visiting configuration org.codehaus.groovy:groovy-json:2.4.11(runtime).
09:37:01.970 [DEBUG] [org.gradle.api.internal.artifacts.ivyservice.resolveengine.graph.DependencyGraphBuilder] Visiting dependency org.codehaus.groovy:groovy-json:2.4.11(runtime) -> dependency: org.codehaus.groovy:groovy:2.4.11, scope: Compile, optional: false
09:37:01.970 [DEBUG] [org.gradle.api.internal.artifacts.ivyservice.resolveengine.graph.DependencyGraphBuilder] Visiting configuration org.codehaus.groovy:groovy-jmx:2.4.11(runtime).
09:37:01.970 [DEBUG] [org.gradle.api.internal.artifacts.ivyservice.resolveengine.graph.DependencyGraphBuilder] Visiting dependency org.codehaus.groovy:groovy-jmx:2.4.11(runtime) -> dependency: org.codehaus.groovy:groovy:2.4.11, scope: Compile, optional: false
09:37:01.971 [DEBUG] [org.gradle.api.internal.artifacts.ivyservice.resolveengine.graph.DependencyGraphBuilder] Visiting configuration org.fusesource.jansi:jansi:1.14(runtime).
09:37:01.971 [DEBUG] [org.gradle.api.internal.artifacts.ivyservice.resolveengine.graph.DependencyGraphBuilder] Visiting configuration jline:jline:2.12(runtime).
09:37:01.971 [DEBUG] [org.gradle.api.internal.artifacts.ivyservice.resolveengine.graph.DependencyGraphBuilder] Visiting configuration org.gradle:gradle-tooling-api:3.0(runtime).
09:37:01.971 [DEBUG] [org.gradle.api.internal.artifacts.ivyservice.resolveengine.graph.DependencyGraphBuilder] Visiting dependency org.gradle:gradle-tooling-api:3.0(runtime) -> dependency: org.slf4j:slf4j-api:1.7.10, scope: Runtime, optional: false
09:37:01.971 [DEBUG] [org.gradle.api.internal.artifacts.ivyservice.resolveengine.graph.DependencyGraphBuilder] Found new conflicting module version org.slf4j:slf4j-api:1.7.10
09:37:01.971 [DEBUG] [org.gradle.api.internal.artifacts.ivyservice.resolveengine.graph.DependencyGraphBuilder] Visiting configuration org.springframework.boot:spring-boot-cli:1.5.4.RELEASE(runtime).
09:37:01.971 [DEBUG] [org.gradle.api.internal.artifacts.ivyservice.resolveengine.graph.DependencyGraphBuilder] Visiting dependency org.springframework.boot:spring-boot-cli:1.5.4.RELEASE(runtime) -> dependency: org.springframework.boot:spring-boot-loader-tools:1.5.4.RELEASE, scope: Compile, optional: false
09:37:01.971 [DEBUG] [org.gradle.api.internal.artifacts.ivyservice.resolveengine.graph.DependencyGraphBuilder] Visiting dependency org.springframework.boot:spring-boot-cli:1.5.4.RELEASE(runtime) -> dependency: com.vaadin.external.google:android-json:0.0.20131108.vaadin1, scope: Compile, optional: false
09:37:01.971 [DEBUG] [org.gradle.api.internal.artifacts.ivyservice.resolveengine.graph.DependencyGraphBuilder] Selecting new module version com.vaadin.external.google:android-json:0.0.20131108.vaadin1
09:37:01.971 [DEBUG] [org.gradle.api.internal.artifacts.ivyservice.ivyresolve.RepositoryChainComponentMetaDataResolver] Attempting to resolve component for com.vaadin.external.google:android-json:0.0.20131108.vaadin1 using repositories [MavenLocal, maven]
09:37:01.971 [DEBUG] [org.gradle.api.internal.artifacts.repositories.resolver.DefaultExternalResourceArtifactResolver] Loading file:/Users/michaelmennis/.m2/repository/com/vaadin/external/google/android-json/0.0.20131108.vaadin1/android-json-0.0.20131108.vaadin1.pom
09:37:01.971 [DEBUG] [org.gradle.api.internal.artifacts.repositories.resolver.DefaultExternalResourceArtifactResolver] Loading file:/Users/michaelmennis/.m2/repository/com/vaadin/external/google/android-json/0.0.20131108.vaadin1/android-json-0.0.20131108.vaadin1.jar
09:37:01.971 [DEBUG] [org.gradle.api.internal.artifacts.repositories.resolver.ExternalResourceResolver] No meta-data file or artifact found for module 'com.vaadin.external.google:android-json:0.0.20131108.vaadin1' in repository 'MavenLocal'.
09:37:01.972 [DEBUG] [org.gradle.api.internal.artifacts.ivyservice.ivyresolve.CachingModuleComponentRepository] Using cached module metadata for module 'com.vaadin.external.google:android-json:0.0.20131108.vaadin1' in 'maven'
09:37:01.972 [DEBUG] [org.gradle.api.internal.artifacts.ivyservice.ivyresolve.RepositoryChainComponentMetaDataResolver] Using com.vaadin.external.google:android-json:0.0.20131108.vaadin1 from Maven repository 'maven'
09:37:01.972 [DEBUG] [org.gradle.api.internal.artifacts.ivyservice.resolveengine.graph.DependencyGraphBuilder] Visiting dependency org.springframework.boot:spring-boot-cli:1.5.4.RELEASE(runtime) -> dependency: jline:jline:2.11, scope: Compile, optional: false
09:37:01.972 [DEBUG] [org.gradle.api.internal.artifacts.ivyservice.resolveengine.graph.DependencyGraphBuilder] Found new conflicting module version jline:jline:2.11
09:37:01.972 [DEBUG] [org.gradle.api.internal.artifacts.ivyservice.resolveengine.graph.DependencyGraphBuilder] Visiting dependency org.springframework.boot:spring-boot-cli:1.5.4.RELEASE(runtime) -> dependency: net.sf.jopt-simple:jopt-simple:4.6, scope: Compile, optional: false
09:37:01.972 [DEBUG] [org.gradle.api.internal.artifacts.ivyservice.resolveengine.graph.DependencyGraphBuilder] Selecting new module version net.sf.jopt-simple:jopt-simple:4.6
09:37:01.972 [DEBUG] [org.gradle.api.internal.artifacts.ivyservice.ivyresolve.RepositoryChainComponentMetaDataResolver] Attempting to resolve component for net.sf.jopt-simple:jopt-simple:4.6 using repositories [MavenLocal, maven]
09:37:01.972 [DEBUG] [org.gradle.api.internal.artifacts.repositories.resolver.DefaultExternalResourceArtifactResolver] Loading file:/Users/michaelmennis/.m2/repository/net/sf/jopt-simple/jopt-simple/4.6/jopt-simple-4.6.pom
09:37:01.972 [DEBUG] [org.gradle.api.internal.artifacts.repositories.resolver.DefaultExternalResourceArtifactResolver] Loading file:/Users/michaelmennis/.m2/repository/net/sf/jopt-simple/jopt-simple/4.6/jopt-simple-4.6.jar
09:37:01.972 [DEBUG] [org.gradle.api.internal.artifacts.repositories.resolver.ExternalResourceResolver] No meta-data file or artifact found for module 'net.sf.jopt-simple:jopt-simple:4.6' in repository 'MavenLocal'.
09:37:01.973 [DEBUG] [org.gradle.api.internal.artifacts.ivyservice.ivyresolve.CachingModuleComponentRepository] Using cached module metadata for module 'net.sf.jopt-simple:jopt-simple:4.6' in 'maven'
09:37:01.973 [DEBUG] [org.gradle.api.internal.artifacts.ivyservice.ivyresolve.RepositoryChainComponentMetaDataResolver] Using net.sf.jopt-simple:jopt-simple:4.6 from Maven repository 'maven'
09:37:01.973 [DEBUG] [org.gradle.api.internal.artifacts.ivyservice.resolveengine.graph.DependencyGraphBuilder] Visiting dependency org.springframework.boot:spring-boot-cli:1.5.4.RELEASE(runtime) -> dependency: org.codehaus.groovy:groovy:2.4.11, scope: Compile, optional: false
09:37:01.973 [DEBUG] [org.gradle.api.internal.artifacts.ivyservice.resolveengine.graph.DependencyGraphBuilder] Visiting dependency org.springframework.boot:spring-boot-cli:1.5.4.RELEASE(runtime) -> dependency: org.springframework:spring-core:4.3.9.RELEASE, scope: Compile, optional: false
09:37:01.973 [DEBUG] [org.gradle.api.internal.artifacts.ivyservice.resolveengine.graph.DependencyGraphBuilder] Selecting new module version org.springframework:spring-core:4.3.9.RELEASE
09:37:01.973 [DEBUG] [org.gradle.api.internal.artifacts.ivyservice.ivyresolve.RepositoryChainComponentMetaDataResolver] Attempting to resolve component for org.springframework:spring-core:4.3.9.RELEASE using repositories [MavenLocal, maven]
09:37:01.973 [DEBUG] [org.gradle.api.internal.artifacts.repositories.resolver.DefaultExternalResourceArtifactResolver] Loading file:/Users/michaelmennis/.m2/repository/org/springframework/spring-core/4.3.9.RELEASE/spring-core-4.3.9.RELEASE.pom
09:37:01.973 [DEBUG] [org.gradle.api.internal.artifacts.repositories.resolver.DefaultExternalResourceArtifactResolver] Loading file:/Users/michaelmennis/.m2/repository/org/springframework/spring-core/4.3.9.RELEASE/spring-core-4.3.9.RELEASE.jar
09:37:01.973 [DEBUG] [org.gradle.api.internal.artifacts.repositories.resolver.ExternalResourceResolver] No meta-data file or artifact found for module 'org.springframework:spring-core:4.3.9.RELEASE' in repository 'MavenLocal'.
09:37:01.974 [DEBUG] [org.gradle.api.internal.artifacts.ivyservice.ivyresolve.CachingModuleComponentRepository] Using cached module metadata for module 'org.springframework:spring-core:4.3.9.RELEASE' in 'maven'
09:37:01.974 [DEBUG] [org.gradle.api.internal.artifacts.ivyservice.ivyresolve.RepositoryChainComponentMetaDataResolver] Using org.springframework:spring-core:4.3.9.RELEASE from Maven repository 'maven'
09:37:01.975 [DEBUG] [org.gradle.api.internal.artifacts.ivyservice.resolveengine.graph.DependencyGraphBuilder] Visiting dependency org.springframework.boot:spring-boot-cli:1.5.4.RELEASE(runtime) -> dependency: org.apache.maven:maven-aether-provider:3.2.1, scope: Compile, optional: false
09:37:01.975 [DEBUG] [org.gradle.api.internal.artifacts.ivyservice.resolveengine.graph.DependencyGraphBuilder] Selecting new module version org.apache.maven:maven-aether-provider:3.2.1
09:37:01.975 [DEBUG] [org.gradle.api.internal.artifacts.ivyservice.ivyresolve.RepositoryChainComponentMetaDataResolver] Attempting to resolve component for org.apache.maven:maven-aether-provider:3.2.1 using repositories [MavenLocal, maven]
09:37:01.975 [DEBUG] [org.gradle.api.internal.artifacts.repositories.resolver.DefaultExternalResourceArtifactResolver] Loading file:/Users/michaelmennis/.m2/repository/org/apache/maven/maven-aether-provider/3.2.1/maven-aether-provider-3.2.1.pom
09:37:01.976 [DEBUG] [org.gradle.api.internal.artifacts.repositories.resolver.DefaultExternalResourceArtifactResolver] Loading file:/Users/michaelmennis/.m2/repository/org/apache/maven/maven-aether-provider/3.2.1/maven-aether-provider-3.2.1.jar
09:37:01.976 [DEBUG] [org.gradle.api.internal.artifacts.repositories.resolver.ExternalResourceResolver] No meta-data file or artifact found for module 'org.apache.maven:maven-aether-provider:3.2.1' in repository 'MavenLocal'.
09:37:01.976 [DEBUG] [org.gradle.api.internal.artifacts.ivyservice.ivyresolve.CachingModuleComponentRepository] Using cached module metadata for module 'org.apache.maven:maven-aether-provider:3.2.1' in 'maven'
09:37:01.976 [DEBUG] [org.gradle.api.internal.artifacts.ivyservice.ivyresolve.RepositoryChainComponentMetaDataResolver] Using org.apache.maven:maven-aether-provider:3.2.1 from Maven repository 'maven'
09:37:01.976 [DEBUG] [org.gradle.api.internal.artifacts.ivyservice.resolveengine.graph.DependencyGraphBuilder] Visiting dependency org.springframework.boot:spring-boot-cli:1.5.4.RELEASE(runtime) -> dependency: org.apache.maven:maven-settings-builder:3.1.1, scope: Compile, optional: false
09:37:01.977 [DEBUG] [org.gradle.api.internal.artifacts.ivyservice.resolveengine.graph.DependencyGraphBuilder] Selecting new module version org.apache.maven:maven-settings-builder:3.1.1
09:37:01.977 [DEBUG] [org.gradle.api.internal.artifacts.ivyservice.ivyresolve.RepositoryChainComponentMetaDataResolver] Attempting to resolve component for org.apache.maven:maven-settings-builder:3.1.1 using repositories [MavenLocal, maven]
09:37:01.977 [DEBUG] [org.gradle.api.internal.artifacts.repositories.resolver.DefaultExternalResourceArtifactResolver] Loading file:/Users/michaelmennis/.m2/repository/org/apache/maven/maven-settings-builder/3.1.1/maven-settings-builder-3.1.1.pom
09:37:01.977 [DEBUG] [org.gradle.api.internal.artifacts.repositories.resolver.DefaultExternalResourceArtifactResolver] Loading file:/Users/michaelmennis/.m2/repository/org/apache/maven/maven-settings-builder/3.1.1/maven-settings-builder-3.1.1.jar
09:37:01.977 [DEBUG] [org.gradle.api.internal.artifacts.repositories.resolver.ExternalResourceResolver] No meta-data file or artifact found for module 'org.apache.maven:maven-settings-builder:3.1.1' in repository 'MavenLocal'.
09:37:01.978 [DEBUG] [org.gradle.api.internal.artifacts.ivyservice.ivyresolve.CachingModuleComponentRepository] Using cached module metadata for module 'org.apache.maven:maven-settings-builder:3.1.1' in 'maven'
09:37:01.978 [DEBUG] [org.gradle.api.internal.artifacts.ivyservice.ivyresolve.RepositoryChainComponentMetaDataResolver] Using org.apache.maven:maven-settings-builder:3.1.1 from Maven repository 'maven'
09:37:01.978 [DEBUG] [org.gradle.api.internal.artifacts.ivyservice.resolveengine.graph.DependencyGraphBuilder] Visiting dependency org.springframework.boot:spring-boot-cli:1.5.4.RELEASE(runtime) -> dependency: org.codehaus.plexus:plexus-component-api:1.0-alpha-33, scope: Compile, optional: false
09:37:01.978 [DEBUG] [org.gradle.api.internal.artifacts.ivyservice.resolveengine.graph.DependencyGraphBuilder] Visiting dependency org.springframework.boot:spring-boot-cli:1.5.4.RELEASE(runtime) -> dependency: org.eclipse.aether:aether-api:1.0.2.v20150114, scope: Compile, optional: false
09:37:01.978 [DEBUG] [org.gradle.api.internal.artifacts.ivyservice.resolveengine.graph.DependencyGraphBuilder] Selecting new module version org.eclipse.aether:aether-api:1.0.2.v20150114
09:37:01.979 [DEBUG] [org.gradle.api.internal.artifacts.ivyservice.ivyresolve.RepositoryChainComponentMetaDataResolver] Attempting to resolve component for org.eclipse.aether:aether-api:1.0.2.v20150114 using repositories [MavenLocal, maven]
09:37:01.979 [DEBUG] [org.gradle.api.internal.artifacts.repositories.resolver.DefaultExternalResourceArtifactResolver] Loading file:/Users/michaelmennis/.m2/repository/org/eclipse/aether/aether-api/1.0.2.v20150114/aether-api-1.0.2.v20150114.pom
09:37:01.980 [DEBUG] [org.gradle.api.internal.artifacts.ivyservice.ivyresolve.RepositoryChainComponentMetaDataResolver] Attempting to resolve component for org.eclipse.aether:aether:1.0.2.v20150114 using repositories [MavenLocal, maven]
09:37:01.980 [DEBUG] [org.gradle.api.internal.artifacts.repositories.resolver.DefaultExternalResourceArtifactResolver] Loading file:/Users/michaelmennis/.m2/repository/org/eclipse/aether/aether/1.0.2.v20150114/aether-1.0.2.v20150114.pom
09:37:01.982 [DEBUG] [org.gradle.api.internal.artifacts.repositories.resolver.ExternalResourceResolver] Metadata file found for module 'org.eclipse.aether:aether:1.0.2.v20150114' in repository 'MavenLocal'.
09:37:01.982 [DEBUG] [org.gradle.api.internal.artifacts.ivyservice.ivyresolve.RepositoryChainComponentMetaDataResolver] Using org.eclipse.aether:aether:1.0.2.v20150114 from Maven repository 'MavenLocal'
09:37:01.983 [DEBUG] [org.gradle.api.internal.artifacts.repositories.resolver.DefaultExternalResourceArtifactResolver] Loading file:/Users/michaelmennis/.m2/repository/org/eclipse/aether/aether/1.0.2.v20150114/aether-1.0.2.v20150114.pom
09:37:02.008 [DEBUG] [org.gradle.api.internal.artifacts.repositories.resolver.DefaultExternalResourceArtifactResolver] Loading file:/Users/michaelmennis/.m2/repository/org/eclipse/aether/aether-api/1.0.2.v20150114/aether-api-1.0.2.v20150114.jar
09:37:02.009 [DEBUG] [org.gradle.api.internal.artifacts.repositories.resolver.ExternalResourceResolver] Metadata file found for module 'org.eclipse.aether:aether-api:1.0.2.v20150114' in repository 'MavenLocal'.
09:37:02.009 [DEBUG] [org.gradle.api.internal.artifacts.ivyservice.ivyresolve.RepositoryChainComponentMetaDataResolver] Using org.eclipse.aether:aether-api:1.0.2.v20150114 from Maven repository 'MavenLocal'
09:37:02.009 [DEBUG] [org.gradle.api.internal.artifacts.ivyservice.resolveengine.graph.DependencyGraphBuilder] Visiting dependency org.springframework.boot:spring-boot-cli:1.5.4.RELEASE(runtime) -> dependency: org.eclipse.aether:aether-connector-basic:1.0.2.v20150114, scope: Compile, optional: false
09:37:02.009 [DEBUG] [org.gradle.api.internal.artifacts.ivyservice.resolveengine.graph.DependencyGraphBuilder] Selecting new module version org.eclipse.aether:aether-connector-basic:1.0.2.v20150114
09:37:02.009 [DEBUG] [org.gradle.api.internal.artifacts.ivyservice.ivyresolve.RepositoryChainComponentMetaDataResolver] Attempting to resolve component for org.eclipse.aether:aether-connector-basic:1.0.2.v20150114 using repositories [MavenLocal, maven]
09:37:02.009 [DEBUG] [org.gradle.api.internal.artifacts.repositories.resolver.DefaultExternalResourceArtifactResolver] Loading file:/Users/michaelmennis/.m2/repository/org/eclipse/aether/aether-connector-basic/1.0.2.v20150114/aether-connector-basic-1.0.2.v20150114.pom
09:37:02.009 [DEBUG] [org.gradle.api.internal.artifacts.repositories.resolver.DefaultExternalResourceArtifactResolver] Loading file:/Users/michaelmennis/.m2/repository/org/eclipse/aether/aether-connector-basic/1.0.2.v20150114/aether-connector-basic-1.0.2.v20150114.jar
09:37:02.010 [DEBUG] [org.gradle.api.internal.artifacts.repositories.resolver.ExternalResourceResolver] No meta-data file or artifact found for module 'org.eclipse.aether:aether-connector-basic:1.0.2.v20150114' in repository 'MavenLocal'.
09:37:02.010 [DEBUG] [org.gradle.api.internal.artifacts.ivyservice.ivyresolve.CachingModuleComponentRepository] Using cached module metadata for module 'org.eclipse.aether:aether-connector-basic:1.0.2.v20150114' in 'maven'
09:37:02.010 [DEBUG] [org.gradle.api.internal.artifacts.ivyservice.ivyresolve.RepositoryChainComponentMetaDataResolver] Using org.eclipse.aether:aether-connector-basic:1.0.2.v20150114 from Maven repository 'maven'
09:37:02.010 [DEBUG] [org.gradle.api.internal.artifacts.ivyservice.resolveengine.graph.DependencyGraphBuilder] Visiting dependency org.springframework.boot:spring-boot-cli:1.5.4.RELEASE(runtime) -> dependency: org.eclipse.aether:aether-impl:1.0.2.v20150114, scope: Compile, optional: false
09:37:02.010 [DEBUG] [org.gradle.api.internal.artifacts.ivyservice.resolveengine.graph.DependencyGraphBuilder] Selecting new module version org.eclipse.aether:aether-impl:1.0.2.v20150114
09:37:02.010 [DEBUG] [org.gradle.api.internal.artifacts.ivyservice.ivyresolve.RepositoryChainComponentMetaDataResolver] Attempting to resolve component for org.eclipse.aether:aether-impl:1.0.2.v20150114 using repositories [MavenLocal, maven]
09:37:02.010 [DEBUG] [org.gradle.api.internal.artifacts.repositories.resolver.DefaultExternalResourceArtifactResolver] Loading file:/Users/michaelmennis/.m2/repository/org/eclipse/aether/aether-impl/1.0.2.v20150114/aether-impl-1.0.2.v20150114.pom
09:37:02.011 [DEBUG] [org.gradle.api.internal.artifacts.ivyservice.ivyresolve.RepositoryChainComponentMetaDataResolver] Attempting to resolve component for org.eclipse.aether:aether:1.0.2.v20150114 using repositories [MavenLocal, maven]
09:37:02.011 [DEBUG] [org.gradle.api.internal.artifacts.ivyservice.ivyresolve.RepositoryChainComponentMetaDataResolver] Using org.eclipse.aether:aether:1.0.2.v20150114 from Maven repository 'MavenLocal'
09:37:02.013 [DEBUG] [org.gradle.api.internal.artifacts.repositories.resolver.DefaultExternalResourceArtifactResolver] Loading file:/Users/michaelmennis/.m2/repository/org/eclipse/aether/aether-impl/1.0.2.v20150114/aether-impl-1.0.2.v20150114.jar
09:37:02.013 [DEBUG] [org.gradle.api.internal.artifacts.repositories.resolver.ExternalResourceResolver] Metadata file found for module 'org.eclipse.aether:aether-impl:1.0.2.v20150114' in repository 'MavenLocal'.
09:37:02.013 [DEBUG] [org.gradle.api.internal.artifacts.ivyservice.ivyresolve.RepositoryChainComponentMetaDataResolver] Using org.eclipse.aether:aether-impl:1.0.2.v20150114 from Maven repository 'MavenLocal'
09:37:02.013 [DEBUG] [org.gradle.api.internal.artifacts.ivyservice.resolveengine.graph.DependencyGraphBuilder] Visiting dependency org.springframework.boot:spring-boot-cli:1.5.4.RELEASE(runtime) -> dependency: org.eclipse.aether:aether-spi:1.0.2.v20150114, scope: Compile, optional: false
09:37:02.013 [DEBUG] [org.gradle.api.internal.artifacts.ivyservice.resolveengine.graph.DependencyGraphBuilder] Selecting new module version org.eclipse.aether:aether-spi:1.0.2.v20150114
09:37:02.013 [DEBUG] [org.gradle.api.internal.artifacts.ivyservice.ivyresolve.RepositoryChainComponentMetaDataResolver] Attempting to resolve component for org.eclipse.aether:aether-spi:1.0.2.v20150114 using repositories [MavenLocal, maven]
09:37:02.013 [DEBUG] [org.gradle.api.internal.artifacts.repositories.resolver.DefaultExternalResourceArtifactResolver] Loading file:/Users/michaelmennis/.m2/repository/org/eclipse/aether/aether-spi/1.0.2.v20150114/aether-spi-1.0.2.v20150114.pom
09:37:02.014 [DEBUG] [org.gradle.api.internal.artifacts.ivyservice.ivyresolve.RepositoryChainComponentMetaDataResolver] Attempting to resolve component for org.eclipse.aether:aether:1.0.2.v20150114 using repositories [MavenLocal, maven]
09:37:02.014 [DEBUG] [org.gradle.api.internal.artifacts.ivyservice.ivyresolve.RepositoryChainComponentMetaDataResolver] Using org.eclipse.aether:aether:1.0.2.v20150114 from Maven repository 'MavenLocal'
09:37:02.015 [DEBUG] [org.gradle.api.internal.artifacts.repositories.resolver.DefaultExternalResourceArtifactResolver] Loading file:/Users/michaelmennis/.m2/repository/org/eclipse/aether/aether-spi/1.0.2.v20150114/aether-spi-1.0.2.v20150114.jar
09:37:02.015 [DEBUG] [org.gradle.api.internal.artifacts.repositories.resolver.ExternalResourceResolver] Metadata file found for module 'org.eclipse.aether:aether-spi:1.0.2.v20150114' in repository 'MavenLocal'.
09:37:02.015 [DEBUG] [org.gradle.api.internal.artifacts.ivyservice.ivyresolve.RepositoryChainComponentMetaDataResolver] Using org.eclipse.aether:aether-spi:1.0.2.v20150114 from Maven repository 'MavenLocal'
09:37:02.015 [DEBUG] [org.gradle.api.internal.artifacts.ivyservice.resolveengine.graph.DependencyGraphBuilder] Visiting dependency org.springframework.boot:spring-boot-cli:1.5.4.RELEASE(runtime) -> dependency: org.eclipse.aether:aether-transport-file:1.0.2.v20150114, scope: Compile, optional: false
09:37:02.015 [DEBUG] [org.gradle.api.internal.artifacts.ivyservice.resolveengine.graph.DependencyGraphBuilder] Selecting new module version org.eclipse.aether:aether-transport-file:1.0.2.v20150114
09:37:02.015 [DEBUG] [org.gradle.api.internal.artifacts.ivyservice.ivyresolve.RepositoryChainComponentMetaDataResolver] Attempting to resolve component for org.eclipse.aether:aether-transport-file:1.0.2.v20150114 using repositories [MavenLocal, maven]
09:37:02.016 [DEBUG] [org.gradle.api.internal.artifacts.repositories.resolver.DefaultExternalResourceArtifactResolver] Loading file:/Users/michaelmennis/.m2/repository/org/eclipse/aether/aether-transport-file/1.0.2.v20150114/aether-transport-file-1.0.2.v20150114.pom
09:37:02.016 [DEBUG] [org.gradle.api.internal.artifacts.repositories.resolver.DefaultExternalResourceArtifactResolver] Loading file:/Users/michaelmennis/.m2/repository/org/eclipse/aether/aether-transport-file/1.0.2.v20150114/aether-transport-file-1.0.2.v20150114.jar
09:37:02.016 [DEBUG] [org.gradle.api.internal.artifacts.repositories.resolver.ExternalResourceResolver] No meta-data file or artifact found for module 'org.eclipse.aether:aether-transport-file:1.0.2.v20150114' in repository 'MavenLocal'.
09:37:02.016 [DEBUG] [org.gradle.api.internal.artifacts.ivyservice.ivyresolve.CachingModuleComponentRepository] Using cached module metadata for module 'org.eclipse.aether:aether-transport-file:1.0.2.v20150114' in 'maven'
09:37:02.017 [DEBUG] [org.gradle.api.internal.artifacts.ivyservice.ivyresolve.RepositoryChainComponentMetaDataResolver] Using org.eclipse.aether:aether-transport-file:1.0.2.v20150114 from Maven repository 'maven'
09:37:02.017 [DEBUG] [org.gradle.api.internal.artifacts.ivyservice.resolveengine.graph.DependencyGraphBuilder] Visiting dependency org.springframework.boot:spring-boot-cli:1.5.4.RELEASE(runtime) -> dependency: org.eclipse.aether:aether-transport-http:1.0.2.v20150114, scope: Compile, optional: false
09:37:02.017 [DEBUG] [org.gradle.api.internal.artifacts.ivyservice.resolveengine.graph.DependencyGraphBuilder] Selecting new module version org.eclipse.aether:aether-transport-http:1.0.2.v20150114
09:37:02.017 [DEBUG] [org.gradle.api.internal.artifacts.ivyservice.ivyresolve.RepositoryChainComponentMetaDataResolver] Attempting to resolve component for org.eclipse.aether:aether-transport-http:1.0.2.v20150114 using repositories [MavenLocal, maven]
09:37:02.017 [DEBUG] [org.gradle.api.internal.artifacts.repositories.resolver.DefaultExternalResourceArtifactResolver] Loading file:/Users/michaelmennis/.m2/repository/org/eclipse/aether/aether-transport-http/1.0.2.v20150114/aether-transport-http-1.0.2.v20150114.pom
09:37:02.017 [DEBUG] [org.gradle.api.internal.artifacts.repositories.resolver.DefaultExternalResourceArtifactResolver] Loading file:/Users/michaelmennis/.m2/repository/org/eclipse/aether/aether-transport-http/1.0.2.v20150114/aether-transport-http-1.0.2.v20150114.jar
09:37:02.017 [DEBUG] [org.gradle.api.internal.artifacts.repositories.resolver.ExternalResourceResolver] No meta-data file or artifact found for module 'org.eclipse.aether:aether-transport-http:1.0.2.v20150114' in repository 'MavenLocal'.
09:37:02.017 [DEBUG] [org.gradle.api.internal.artifacts.ivyservice.ivyresolve.CachingModuleComponentRepository] Using cached module metadata for module 'org.eclipse.aether:aether-transport-http:1.0.2.v20150114' in 'maven'
09:37:02.017 [DEBUG] [org.gradle.api.internal.artifacts.ivyservice.ivyresolve.RepositoryChainComponentMetaDataResolver] Using org.eclipse.aether:aether-transport-http:1.0.2.v20150114 from Maven repository 'maven'
09:37:02.018 [DEBUG] [org.gradle.api.internal.artifacts.ivyservice.resolveengine.graph.DependencyGraphBuilder] Visiting dependency org.springframework.boot:spring-boot-cli:1.5.4.RELEASE(runtime) -> dependency: org.eclipse.aether:aether-util:1.0.2.v20150114, scope: Compile, optional: false
09:37:02.018 [DEBUG] [org.gradle.api.internal.artifacts.ivyservice.resolveengine.graph.DependencyGraphBuilder] Selecting new module version org.eclipse.aether:aether-util:1.0.2.v20150114
09:37:02.018 [DEBUG] [org.gradle.api.internal.artifacts.ivyservice.ivyresolve.RepositoryChainComponentMetaDataResolver] Attempting to resolve component for org.eclipse.aether:aether-util:1.0.2.v20150114 using repositories [MavenLocal, maven]
09:37:02.018 [DEBUG] [org.gradle.api.internal.artifacts.repositories.resolver.DefaultExternalResourceArtifactResolver] Loading file:/Users/michaelmennis/.m2/repository/org/eclipse/aether/aether-util/1.0.2.v20150114/aether-util-1.0.2.v20150114.pom
09:37:02.019 [DEBUG] [org.gradle.api.internal.artifacts.ivyservice.ivyresolve.RepositoryChainComponentMetaDataResolver] Attempting to resolve component for org.eclipse.aether:aether:1.0.2.v20150114 using repositories [MavenLocal, maven]
09:37:02.019 [DEBUG] [org.gradle.api.internal.artifacts.ivyservice.ivyresolve.RepositoryChainComponentMetaDataResolver] Using org.eclipse.aether:aether:1.0.2.v20150114 from Maven repository 'MavenLocal'
09:37:02.020 [DEBUG] [org.gradle.api.internal.artifacts.repositories.resolver.DefaultExternalResourceArtifactResolver] Loading file:/Users/michaelmennis/.m2/repository/org/eclipse/aether/aether-util/1.0.2.v20150114/aether-util-1.0.2.v20150114.jar
09:37:02.020 [DEBUG] [org.gradle.api.internal.artifacts.repositories.resolver.ExternalResourceResolver] Metadata file found for module 'org.eclipse.aether:aether-util:1.0.2.v20150114' in repository 'MavenLocal'.
09:37:02.020 [DEBUG] [org.gradle.api.internal.artifacts.ivyservice.ivyresolve.RepositoryChainComponentMetaDataResolver] Using org.eclipse.aether:aether-util:1.0.2.v20150114 from Maven repository 'MavenLocal'
09:37:02.020 [DEBUG] [org.gradle.api.internal.artifacts.ivyservice.resolveengine.graph.DependencyGraphBuilder] Visiting configuration org.codehaus.plexus:plexus-component-api:1.0-alpha-33(runtime).
09:37:02.020 [DEBUG] [org.gradle.api.internal.artifacts.ivyservice.resolveengine.graph.DependencyGraphBuilder] Visiting dependency org.codehaus.plexus:plexus-component-api:1.0-alpha-33(runtime) -> dependency: org.codehaus.plexus:plexus-classworlds:1.2-alpha-10, scope: Compile, optional: false
09:37:02.020 [DEBUG] [org.gradle.api.internal.artifacts.ivyservice.resolveengine.graph.DependencyGraphBuilder] Selecting new module version org.codehaus.plexus:plexus-classworlds:1.2-alpha-10
09:37:02.020 [DEBUG] [org.gradle.api.internal.artifacts.ivyservice.ivyresolve.RepositoryChainComponentMetaDataResolver] Attempting to resolve component for org.codehaus.plexus:plexus-classworlds:1.2-alpha-10 using repositories [MavenLocal, maven]
09:37:02.020 [DEBUG] [org.gradle.api.internal.artifacts.repositories.resolver.DefaultExternalResourceArtifactResolver] Loading file:/Users/michaelmennis/.m2/repository/org/codehaus/plexus/plexus-classworlds/1.2-alpha-10/plexus-classworlds-1.2-alpha-10.pom
09:37:02.020 [DEBUG] [org.gradle.api.internal.artifacts.repositories.resolver.DefaultExternalResourceArtifactResolver] Loading file:/Users/michaelmennis/.m2/repository/org/codehaus/plexus/plexus-classworlds/1.2-alpha-10/plexus-classworlds-1.2-alpha-10.jar
09:37:02.020 [DEBUG] [org.gradle.api.internal.artifacts.repositories.resolver.ExternalResourceResolver] No meta-data file or artifact found for module 'org.codehaus.plexus:plexus-classworlds:1.2-alpha-10' in repository 'MavenLocal'.
09:37:02.021 [DEBUG] [org.gradle.api.internal.artifacts.ivyservice.ivyresolve.CachingModuleComponentRepository] Using cached module metadata for module 'org.codehaus.plexus:plexus-classworlds:1.2-alpha-10' in 'maven'
09:37:02.021 [DEBUG] [org.gradle.api.internal.artifacts.ivyservice.ivyresolve.RepositoryChainComponentMetaDataResolver] Using org.codehaus.plexus:plexus-classworlds:1.2-alpha-10 from Maven repository 'maven'
09:37:02.021 [DEBUG] [org.gradle.api.internal.artifacts.ivyservice.resolveengine.graph.DependencyGraphBuilder] Visiting dependency org.codehaus.plexus:plexus-component-api:1.0-alpha-33(runtime) -> dependency: junit:junit:3.8.1, scope: Compile, optional: false
09:37:02.021 [DEBUG] [org.gradle.api.internal.artifacts.ivyservice.resolveengine.graph.DependencyGraphBuilder] Selecting new module version junit:junit:3.8.1
09:37:02.021 [DEBUG] [org.gradle.api.internal.artifacts.ivyservice.ivyresolve.RepositoryChainComponentMetaDataResolver] Attempting to resolve component for junit:junit:3.8.1 using repositories [MavenLocal, maven]
09:37:02.021 [DEBUG] [org.gradle.api.internal.artifacts.repositories.resolver.DefaultExternalResourceArtifactResolver] Loading file:/Users/michaelmennis/.m2/repository/junit/junit/3.8.1/junit-3.8.1.pom
09:37:02.021 [DEBUG] [org.gradle.api.internal.artifacts.repositories.resolver.DefaultExternalResourceArtifactResolver] Loading file:/Users/michaelmennis/.m2/repository/junit/junit/3.8.1/junit-3.8.1.jar
09:37:02.021 [DEBUG] [org.gradle.api.internal.artifacts.repositories.resolver.ExternalResourceResolver] Metadata file found for module 'junit:junit:3.8.1' in repository 'MavenLocal'.
09:37:02.021 [DEBUG] [org.gradle.api.internal.artifacts.ivyservice.ivyresolve.RepositoryChainComponentMetaDataResolver] Using junit:junit:3.8.1 from Maven repository 'MavenLocal'
09:37:02.021 [DEBUG] [org.gradle.api.internal.artifacts.ivyservice.resolveengine.graph.DependencyGraphBuilder] Visiting configuration org.codehaus.groovy:groovy-xml:2.4.11(runtime).
09:37:02.021 [DEBUG] [org.gradle.api.internal.artifacts.ivyservice.resolveengine.graph.DependencyGraphBuilder] org.codehaus.groovy:groovy-xml:2.4.11(runtime) has no incoming edges. ignoring.
09:37:02.021 [DEBUG] [org.gradle.api.internal.artifacts.ivyservice.resolveengine.graph.DependencyGraphBuilder] Visiting configuration org.codehaus.groovy:groovy-templates:2.4.11(runtime).
09:37:02.022 [DEBUG] [org.gradle.api.internal.artifacts.ivyservice.resolveengine.graph.DependencyGraphBuilder] org.codehaus.groovy:groovy-templates:2.4.11(runtime) has no incoming edges. ignoring.
09:37:02.022 [DEBUG] [org.gradle.api.internal.artifacts.ivyservice.resolveengine.graph.DependencyGraphBuilder] Visiting configuration org.yaml:snakeyaml:1.14(runtime).
09:37:02.022 [DEBUG] [org.gradle.api.internal.artifacts.ivyservice.resolveengine.graph.DependencyGraphBuilder] org.yaml:snakeyaml:1.14(runtime) has no incoming edges. ignoring.
09:37:02.022 [DEBUG] [org.gradle.api.internal.artifacts.ivyservice.resolveengine.graph.DependencyGraphBuilder] Visiting configuration org.springframework.boot:spring-boot-loader-tools:1.5.4.RELEASE(runtime).
09:37:02.022 [DEBUG] [org.gradle.api.internal.artifacts.ivyservice.resolveengine.graph.DependencyGraphBuilder] Visiting dependency org.springframework.boot:spring-boot-loader-tools:1.5.4.RELEASE(runtime) -> dependency: org.springframework:spring-core:4.3.9.RELEASE, scope: Compile, optional: false
09:37:02.022 [DEBUG] [org.gradle.api.internal.artifacts.ivyservice.resolveengine.graph.DependencyGraphBuilder] Visiting configuration org.codehaus.groovy.modules.http-builder:http-builder:0.7.2(runtime).
09:37:02.022 [DEBUG] [org.gradle.api.internal.artifacts.ivyservice.resolveengine.graph.DependencyGraphBuilder] Visiting dependency org.codehaus.groovy.modules.http-builder:http-builder:0.7.2(runtime) -> dependency: org.apache.httpcomponents:httpclient:4.2.1, scope: Compile, optional: false
09:37:02.022 [DEBUG] [org.gradle.api.internal.artifacts.ivyservice.resolveengine.graph.DependencyGraphBuilder] Selecting new module version org.apache.httpcomponents:httpclient:4.2.1
09:37:02.022 [DEBUG] [org.gradle.api.internal.artifacts.ivyservice.ivyresolve.RepositoryChainComponentMetaDataResolver] Attempting to resolve component for org.apache.httpcomponents:httpclient:4.2.1 using repositories [MavenLocal, maven]
09:37:02.022 [DEBUG] [org.gradle.api.internal.artifacts.repositories.resolver.DefaultExternalResourceArtifactResolver] Loading file:/Users/michaelmennis/.m2/repository/org/apache/httpcomponents/httpclient/4.2.1/httpclient-4.2.1.pom
09:37:02.022 [DEBUG] [org.gradle.api.internal.artifacts.repositories.resolver.DefaultExternalResourceArtifactResolver] Loading file:/Users/michaelmennis/.m2/repository/org/apache/httpcomponents/httpclient/4.2.1/httpclient-4.2.1.jar
09:37:02.022 [DEBUG] [org.gradle.api.internal.artifacts.repositories.resolver.ExternalResourceResolver] No meta-data file or artifact found for module 'org.apache.httpcomponents:httpclient:4.2.1' in repository 'MavenLocal'.
09:37:02.022 [DEBUG] [org.gradle.api.internal.artifacts.ivyservice.ivyresolve.CachingModuleComponentRepository] Using cached module metadata for module 'org.apache.httpcomponents:httpclient:4.2.1' in 'maven'
09:37:02.022 [DEBUG] [org.gradle.api.internal.artifacts.ivyservice.ivyresolve.RepositoryChainComponentMetaDataResolver] Using org.apache.httpcomponents:httpclient:4.2.1 from Maven repository 'maven'
09:37:02.023 [DEBUG] [org.gradle.api.internal.artifacts.ivyservice.resolveengine.graph.DependencyGraphBuilder] Visiting dependency org.codehaus.groovy.modules.http-builder:http-builder:0.7.2(runtime) -> dependency: net.sf.json-lib:json-lib:2.3, scope: Compile, optional: false
09:37:02.023 [DEBUG] [org.gradle.api.internal.artifacts.ivyservice.resolveengine.graph.DependencyGraphBuilder] Selecting new module version net.sf.json-lib:json-lib:2.3
09:37:02.023 [DEBUG] [org.gradle.api.internal.artifacts.ivyservice.ivyresolve.RepositoryChainComponentMetaDataResolver] Attempting to resolve component for net.sf.json-lib:json-lib:2.3 using repositories [MavenLocal, maven]
09:37:02.023 [DEBUG] [org.gradle.api.internal.artifacts.repositories.resolver.DefaultExternalResourceArtifactResolver] Loading file:/Users/michaelmennis/.m2/repository/net/sf/json-lib/json-lib/2.3/json-lib-2.3.pom
09:37:02.023 [DEBUG] [org.gradle.api.internal.artifacts.repositories.resolver.DefaultExternalResourceArtifactResolver] Loading file:/Users/michaelmennis/.m2/repository/net/sf/json-lib/json-lib/2.3/json-lib-2.3-jdk15.jar
09:37:02.023 [DEBUG] [org.gradle.api.internal.artifacts.repositories.resolver.ExternalResourceResolver] No meta-data file or artifact found for module 'net.sf.json-lib:json-lib:2.3' in repository 'MavenLocal'.
09:37:02.023 [DEBUG] [org.gradle.api.internal.artifacts.ivyservice.ivyresolve.CachingModuleComponentRepository] Using cached module metadata for module 'net.sf.json-lib:json-lib:2.3' in 'maven'
09:37:02.023 [DEBUG] [org.gradle.api.internal.artifacts.ivyservice.ivyresolve.RepositoryChainComponentMetaDataResolver] Using net.sf.json-lib:json-lib:2.3 from Maven repository 'maven'
09:37:02.023 [DEBUG] [org.gradle.api.internal.artifacts.ivyservice.resolveengine.graph.DependencyGraphBuilder] Visiting dependency org.codehaus.groovy.modules.http-builder:http-builder:0.7.2(runtime) -> dependency: net.sourceforge.nekohtml:nekohtml:1.9.16, scope: Compile, optional: false
09:37:02.023 [DEBUG] [org.gradle.api.internal.artifacts.ivyservice.resolveengine.graph.DependencyGraphBuilder] Selecting new module version net.sourceforge.nekohtml:nekohtml:1.9.16
09:37:02.023 [DEBUG] [org.gradle.api.internal.artifacts.ivyservice.ivyresolve.RepositoryChainComponentMetaDataResolver] Attempting to resolve component for net.sourceforge.nekohtml:nekohtml:1.9.16 using repositories [MavenLocal, maven]
09:37:02.023 [DEBUG] [org.gradle.api.internal.artifacts.repositories.resolver.DefaultExternalResourceArtifactResolver] Loading file:/Users/michaelmennis/.m2/repository/net/sourceforge/nekohtml/nekohtml/1.9.16/nekohtml-1.9.16.pom
09:37:02.023 [DEBUG] [org.gradle.api.internal.artifacts.repositories.resolver.DefaultExternalResourceArtifactResolver] Loading file:/Users/michaelmennis/.m2/repository/net/sourceforge/nekohtml/nekohtml/1.9.16/nekohtml-1.9.16.jar
09:37:02.023 [DEBUG] [org.gradle.api.internal.artifacts.repositories.resolver.ExternalResourceResolver] No meta-data file or artifact found for module 'net.sourceforge.nekohtml:nekohtml:1.9.16' in repository 'MavenLocal'.
09:37:02.024 [DEBUG] [org.gradle.api.internal.artifacts.ivyservice.ivyresolve.CachingModuleComponentRepository] Using cached module metadata for module 'net.sourceforge.nekohtml:nekohtml:1.9.16' in 'maven'
09:37:02.024 [DEBUG] [org.gradle.api.internal.artifacts.ivyservice.ivyresolve.RepositoryChainComponentMetaDataResolver] Using net.sourceforge.nekohtml:nekohtml:1.9.16 from Maven repository 'maven'
09:37:02.024 [DEBUG] [org.gradle.api.internal.artifacts.ivyservice.resolveengine.graph.DependencyGraphBuilder] Visiting dependency org.codehaus.groovy.modules.http-builder:http-builder:0.7.2(runtime) -> dependency: xml-resolver:xml-resolver:1.2, scope: Compile, optional: false
09:37:02.024 [DEBUG] [org.gradle.api.internal.artifacts.ivyservice.resolveengine.graph.DependencyGraphBuilder] Selecting new module version xml-resolver:xml-resolver:1.2
09:37:02.024 [DEBUG] [org.gradle.api.internal.artifacts.ivyservice.ivyresolve.RepositoryChainComponentMetaDataResolver] Attempting to resolve component for xml-resolver:xml-resolver:1.2 using repositories [MavenLocal, maven]
09:37:02.024 [DEBUG] [org.gradle.api.internal.artifacts.repositories.resolver.DefaultExternalResourceArtifactResolver] Loading file:/Users/michaelmennis/.m2/repository/xml-resolver/xml-resolver/1.2/xml-resolver-1.2.pom
09:37:02.024 [DEBUG] [org.gradle.api.internal.artifacts.repositories.resolver.DefaultExternalResourceArtifactResolver] Loading file:/Users/michaelmennis/.m2/repository/xml-resolver/xml-resolver/1.2/xml-resolver-1.2.jar
09:37:02.024 [DEBUG] [org.gradle.api.internal.artifacts.repositories.resolver.ExternalResourceResolver] No meta-data file or artifact found for module 'xml-resolver:xml-resolver:1.2' in repository 'MavenLocal'.
09:37:02.024 [DEBUG] [org.gradle.api.internal.artifacts.ivyservice.ivyresolve.CachingModuleComponentRepository] Using cached module metadata for module 'xml-resolver:xml-resolver:1.2' in 'maven'
09:37:02.024 [DEBUG] [org.gradle.api.internal.artifacts.ivyservice.ivyresolve.RepositoryChainComponentMetaDataResolver] Using xml-resolver:xml-resolver:1.2 from Maven repository 'maven'
09:37:02.024 [DEBUG] [org.gradle.api.internal.artifacts.ivyservice.resolveengine.graph.DependencyGraphBuilder] Visiting configuration org.apache.maven:maven-ant-tasks:2.1.3(runtime).
09:37:02.024 [DEBUG] [org.gradle.api.internal.artifacts.ivyservice.resolveengine.graph.DependencyGraphBuilder] Visiting dependency org.apache.maven:maven-ant-tasks:2.1.3(runtime) -> dependency: org.apache.ant:ant:1.8.0, scope: Compile, optional: false
09:37:02.024 [DEBUG] [org.gradle.api.internal.artifacts.ivyservice.resolveengine.graph.DependencyGraphBuilder] Found new conflicting module version org.apache.ant:ant:1.8.0
09:37:02.024 [DEBUG] [org.gradle.api.internal.artifacts.ivyservice.resolveengine.graph.DependencyGraphBuilder] Visiting dependency org.apache.maven:maven-ant-tasks:2.1.3(runtime) -> dependency: classworlds:classworlds:1.1-alpha-2, scope: Compile, optional: false
09:37:02.024 [DEBUG] [org.gradle.api.internal.artifacts.ivyservice.resolveengine.graph.DependencyGraphBuilder] Selecting new module version classworlds:classworlds:1.1-alpha-2
09:37:02.024 [DEBUG] [org.gradle.api.internal.artifacts.ivyservice.ivyresolve.RepositoryChainComponentMetaDataResolver] Attempting to resolve component for classworlds:classworlds:1.1-alpha-2 using repositories [MavenLocal, maven]
09:37:02.024 [DEBUG] [org.gradle.api.internal.artifacts.repositories.resolver.DefaultExternalResourceArtifactResolver] Loading file:/Users/michaelmennis/.m2/repository/classworlds/classworlds/1.1-alpha-2/classworlds-1.1-alpha-2.pom
09:37:02.026 [DEBUG] [org.gradle.api.internal.artifacts.repositories.resolver.DefaultExternalResourceArtifactResolver] Loading file:/Users/michaelmennis/.m2/repository/classworlds/classworlds/1.1-alpha-2/classworlds-1.1-alpha-2.jar
09:37:02.026 [DEBUG] [org.gradle.api.internal.artifacts.repositories.resolver.ExternalResourceResolver] Metadata file found for module 'classworlds:classworlds:1.1-alpha-2' in repository 'MavenLocal'.
09:37:02.026 [DEBUG] [org.gradle.api.internal.artifacts.ivyservice.ivyresolve.RepositoryChainComponentMetaDataResolver] Using classworlds:classworlds:1.1-alpha-2 from Maven repository 'MavenLocal'
09:37:02.026 [DEBUG] [org.gradle.api.internal.artifacts.ivyservice.resolveengine.graph.DependencyGraphBuilder] Visiting dependency org.apache.maven:maven-ant-tasks:2.1.3(runtime) -> dependency: org.codehaus.plexus:plexus-container-default:1.0-alpha-9-stable-1, scope: Compile, optional: false
09:37:02.026 [DEBUG] [org.gradle.api.internal.artifacts.ivyservice.resolveengine.graph.DependencyGraphBuilder] Selecting new module version org.codehaus.plexus:plexus-container-default:1.0-alpha-9-stable-1
09:37:02.026 [DEBUG] [org.gradle.api.internal.artifacts.ivyservice.ivyresolve.RepositoryChainComponentMetaDataResolver] Attempting to resolve component for org.codehaus.plexus:plexus-container-default:1.0-alpha-9-stable-1 using repositories [MavenLocal, maven]
09:37:02.026 [DEBUG] [org.gradle.api.internal.artifacts.repositories.resolver.DefaultExternalResourceArtifactResolver] Loading file:/Users/michaelmennis/.m2/repository/org/codehaus/plexus/plexus-container-default/1.0-alpha-9-stable-1/plexus-container-default-1.0-alpha-9-stable-1.pom
09:37:02.027 [DEBUG] [org.gradle.api.internal.artifacts.ivyservice.ivyresolve.RepositoryChainComponentMetaDataResolver] Attempting to resolve component for org.codehaus.plexus:plexus-containers:1.0.3 using repositories [MavenLocal, maven]
09:37:02.027 [DEBUG] [org.gradle.api.internal.artifacts.repositories.resolver.DefaultExternalResourceArtifactResolver] Loading file:/Users/michaelmennis/.m2/repository/org/codehaus/plexus/plexus-containers/1.0.3/plexus-containers-1.0.3.pom
09:37:02.028 [DEBUG] [org.gradle.api.internal.artifacts.ivyservice.ivyresolve.RepositoryChainComponentMetaDataResolver] Attempting to resolve component for org.codehaus.plexus:plexus:1.0.4 using repositories [MavenLocal, maven]
09:37:02.028 [DEBUG] [org.gradle.api.internal.artifacts.repositories.resolver.DefaultExternalResourceArtifactResolver] Loading file:/Users/michaelmennis/.m2/repository/org/codehaus/plexus/plexus/1.0.4/plexus-1.0.4.pom
09:37:02.030 [DEBUG] [org.gradle.api.internal.artifacts.repositories.resolver.ExternalResourceResolver] Metadata file found for module 'org.codehaus.plexus:plexus:1.0.4' in repository 'MavenLocal'.
09:37:02.030 [DEBUG] [org.gradle.api.internal.artifacts.ivyservice.ivyresolve.RepositoryChainComponentMetaDataResolver] Using org.codehaus.plexus:plexus:1.0.4 from Maven repository 'MavenLocal'
09:37:02.030 [DEBUG] [org.gradle.api.internal.artifacts.repositories.resolver.DefaultExternalResourceArtifactResolver] Loading file:/Users/michaelmennis/.m2/repository/org/codehaus/plexus/plexus/1.0.4/plexus-1.0.4.pom
09:37:02.032 [DEBUG] [org.gradle.api.internal.artifacts.repositories.resolver.ExternalResourceResolver] Metadata file found for module 'org.codehaus.plexus:plexus-containers:1.0.3' in repository 'MavenLocal'.
09:37:02.032 [DEBUG] [org.gradle.api.internal.artifacts.ivyservice.ivyresolve.RepositoryChainComponentMetaDataResolver] Using org.codehaus.plexus:plexus-containers:1.0.3 from Maven repository 'MavenLocal'
09:37:02.032 [DEBUG] [org.gradle.api.internal.artifacts.repositories.resolver.DefaultExternalResourceArtifactResolver] Loading file:/Users/michaelmennis/.m2/repository/org/codehaus/plexus/plexus-containers/1.0.3/plexus-containers-1.0.3.pom
09:37:02.033 [DEBUG] [org.gradle.api.internal.artifacts.ivyservice.ivyresolve.RepositoryChainComponentMetaDataResolver] Attempting to resolve component for org.codehaus.plexus:plexus:1.0.4 using repositories [MavenLocal, maven]
09:37:02.033 [DEBUG] [org.gradle.api.internal.artifacts.ivyservice.ivyresolve.RepositoryChainComponentMetaDataResolver] Using org.codehaus.plexus:plexus:1.0.4 from Maven repository 'MavenLocal'
09:37:02.035 [DEBUG] [org.gradle.api.internal.artifacts.repositories.resolver.DefaultExternalResourceArtifactResolver] Loading file:/Users/michaelmennis/.m2/repository/org/codehaus/plexus/plexus-container-default/1.0-alpha-9-stable-1/plexus-container-default-1.0-alpha-9-stable-1.jar
09:37:02.035 [DEBUG] [org.gradle.api.internal.artifacts.repositories.resolver.ExternalResourceResolver] Metadata file found for module 'org.codehaus.plexus:plexus-container-default:1.0-alpha-9-stable-1' in repository 'MavenLocal'.
09:37:02.035 [DEBUG] [org.gradle.api.internal.artifacts.ivyservice.ivyresolve.RepositoryChainComponentMetaDataResolver] Using org.codehaus.plexus:plexus-container-default:1.0-alpha-9-stable-1 from Maven repository 'MavenLocal'
09:37:02.035 [DEBUG] [org.gradle.api.internal.artifacts.ivyservice.resolveengine.graph.DependencyGraphBuilder] Visiting dependency org.apache.maven:maven-ant-tasks:2.1.3(runtime) -> dependency: org.codehaus.plexus:plexus-utils:1.5.15, scope: Compile, optional: false
09:37:02.035 [DEBUG] [org.gradle.api.internal.artifacts.ivyservice.resolveengine.graph.DependencyGraphBuilder] Selecting new module version org.codehaus.plexus:plexus-utils:1.5.15
09:37:02.035 [DEBUG] [org.gradle.api.internal.artifacts.ivyservice.ivyresolve.RepositoryChainComponentMetaDataResolver] Attempting to resolve component for org.codehaus.plexus:plexus-utils:1.5.15 using repositories [MavenLocal, maven]
09:37:02.035 [DEBUG] [org.gradle.api.internal.artifacts.repositories.resolver.DefaultExternalResourceArtifactResolver] Loading file:/Users/michaelmennis/.m2/repository/org/codehaus/plexus/plexus-utils/1.5.15/plexus-utils-1.5.15.pom
09:37:02.036 [DEBUG] [org.gradle.api.internal.artifacts.ivyservice.ivyresolve.RepositoryChainComponentMetaDataResolver] Attempting to resolve component for org.codehaus.plexus:plexus:2.0.2 using repositories [MavenLocal, maven]
09:37:02.037 [DEBUG] [org.gradle.api.internal.artifacts.repositories.resolver.DefaultExternalResourceArtifactResolver] Loading file:/Users/michaelmennis/.m2/repository/org/codehaus/plexus/plexus/2.0.2/plexus-2.0.2.pom
09:37:02.038 [DEBUG] [org.gradle.api.internal.artifacts.repositories.resolver.ExternalResourceResolver] Metadata file found for module 'org.codehaus.plexus:plexus:2.0.2' in repository 'MavenLocal'.
09:37:02.038 [DEBUG] [org.gradle.api.internal.artifacts.ivyservice.ivyresolve.RepositoryChainComponentMetaDataResolver] Using org.codehaus.plexus:plexus:2.0.2 from Maven repository 'MavenLocal'
09:37:02.038 [DEBUG] [org.gradle.api.internal.artifacts.repositories.resolver.DefaultExternalResourceArtifactResolver] Loading file:/Users/michaelmennis/.m2/repository/org/codehaus/plexus/plexus/2.0.2/plexus-2.0.2.pom
09:37:02.039 [DEBUG] [org.gradle.api.internal.artifacts.repositories.resolver.DefaultExternalResourceArtifactResolver] Loading file:/Users/michaelmennis/.m2/repository/org/codehaus/plexus/plexus-utils/1.5.15/plexus-utils-1.5.15.jar
09:37:02.040 [DEBUG] [org.gradle.api.internal.artifacts.repositories.resolver.ExternalResourceResolver] Metadata file found for module 'org.codehaus.plexus:plexus-utils:1.5.15' in repository 'MavenLocal'.
09:37:02.040 [DEBUG] [org.gradle.api.internal.artifacts.ivyservice.ivyresolve.RepositoryChainComponentMetaDataResolver] Using org.codehaus.plexus:plexus-utils:1.5.15 from Maven repository 'MavenLocal'
09:37:02.040 [DEBUG] [org.gradle.api.internal.artifacts.ivyservice.resolveengine.graph.DependencyGraphBuilder] Visiting dependency org.apache.maven:maven-ant-tasks:2.1.3(runtime) -> dependency: org.codehaus.plexus:plexus-interpolation:1.11, scope: Compile, optional: false
09:37:02.040 [DEBUG] [org.gradle.api.internal.artifacts.ivyservice.resolveengine.graph.DependencyGraphBuilder] Selecting new module version org.codehaus.plexus:plexus-interpolation:1.11
09:37:02.040 [DEBUG] [org.gradle.api.internal.artifacts.ivyservice.ivyresolve.RepositoryChainComponentMetaDataResolver] Attempting to resolve component for org.codehaus.plexus:plexus-interpolation:1.11 using repositories [MavenLocal, maven]
09:37:02.040 [DEBUG] [org.gradle.api.internal.artifacts.repositories.resolver.DefaultExternalResourceArtifactResolver] Loading file:/Users/michaelmennis/.m2/repository/org/codehaus/plexus/plexus-interpolation/1.11/plexus-interpolation-1.11.pom
09:37:02.041 [DEBUG] [org.gradle.api.internal.artifacts.ivyservice.ivyresolve.RepositoryChainComponentMetaDataResolver] Attempting to resolve component for org.codehaus.plexus:plexus-components:1.1.14 using repositories [MavenLocal, maven]
09:37:02.041 [DEBUG] [org.gradle.api.internal.artifacts.repositories.resolver.DefaultExternalResourceArtifactResolver] Loading file:/Users/michaelmennis/.m2/repository/org/codehaus/plexus/plexus-components/1.1.14/plexus-components-1.1.14.pom
09:37:02.042 [DEBUG] [org.gradle.api.internal.artifacts.ivyservice.ivyresolve.RepositoryChainComponentMetaDataResolver] Attempting to resolve component for org.codehaus.plexus:plexus:2.0.2 using repositories [MavenLocal, maven]
09:37:02.043 [DEBUG] [org.gradle.api.internal.artifacts.ivyservice.ivyresolve.RepositoryChainComponentMetaDataResolver] Using org.codehaus.plexus:plexus:2.0.2 from Maven repository 'MavenLocal'
09:37:02.044 [DEBUG] [org.gradle.api.internal.artifacts.repositories.resolver.ExternalResourceResolver] Metadata file found for module 'org.codehaus.plexus:plexus-components:1.1.14' in repository 'MavenLocal'.
09:37:02.044 [DEBUG] [org.gradle.api.internal.artifacts.ivyservice.ivyresolve.RepositoryChainComponentMetaDataResolver] Using org.codehaus.plexus:plexus-components:1.1.14 from Maven repository 'MavenLocal'
09:37:02.044 [DEBUG] [org.gradle.api.internal.artifacts.repositories.resolver.DefaultExternalResourceArtifactResolver] Loading file:/Users/michaelmennis/.m2/repository/org/codehaus/plexus/plexus-components/1.1.14/plexus-components-1.1.14.pom
09:37:02.045 [DEBUG] [org.gradle.api.internal.artifacts.ivyservice.ivyresolve.RepositoryChainComponentMetaDataResolver] Attempting to resolve component for org.codehaus.plexus:plexus:2.0.2 using repositories [MavenLocal, maven]
09:37:02.045 [DEBUG] [org.gradle.api.internal.artifacts.ivyservice.ivyresolve.RepositoryChainComponentMetaDataResolver] Using org.codehaus.plexus:plexus:2.0.2 from Maven repository 'MavenLocal'
09:37:02.046 [DEBUG] [org.gradle.api.internal.artifacts.repositories.resolver.DefaultExternalResourceArtifactResolver] Loading file:/Users/michaelmennis/.m2/repository/org/codehaus/plexus/plexus-interpolation/1.11/plexus-interpolation-1.11.jar
09:37:02.046 [DEBUG] [org.gradle.api.internal.artifacts.repositories.resolver.ExternalResourceResolver] Metadata file found for module 'org.codehaus.plexus:plexus-interpolation:1.11' in repository 'MavenLocal'.
09:37:02.046 [DEBUG] [org.gradle.api.internal.artifacts.ivyservice.ivyresolve.RepositoryChainComponentMetaDataResolver] Using org.codehaus.plexus:plexus-interpolation:1.11 from Maven repository 'MavenLocal'
09:37:02.046 [DEBUG] [org.gradle.api.internal.artifacts.ivyservice.resolveengine.graph.DependencyGraphBuilder] Visiting dependency org.apache.maven:maven-ant-tasks:2.1.3(runtime) -> dependency: org.apache.maven:maven-artifact:2.2.1, scope: Compile, optional: false
09:37:02.046 [DEBUG] [org.gradle.api.internal.artifacts.ivyservice.resolveengine.graph.DependencyGraphBuilder] Selecting new module version org.apache.maven:maven-artifact:2.2.1
09:37:02.046 [DEBUG] [org.gradle.api.internal.artifacts.ivyservice.ivyresolve.RepositoryChainComponentMetaDataResolver] Attempting to resolve component for org.apache.maven:maven-artifact:2.2.1 using repositories [MavenLocal, maven]
09:37:02.046 [DEBUG] [org.gradle.api.internal.artifacts.repositories.resolver.DefaultExternalResourceArtifactResolver] Loading file:/Users/michaelmennis/.m2/repository/org/apache/maven/maven-artifact/2.2.1/maven-artifact-2.2.1.pom
09:37:02.047 [DEBUG] [org.gradle.api.internal.artifacts.ivyservice.ivyresolve.RepositoryChainComponentMetaDataResolver] Attempting to resolve component for org.apache.maven:maven:2.2.1 using repositories [MavenLocal, maven]
09:37:02.047 [DEBUG] [org.gradle.api.internal.artifacts.repositories.resolver.DefaultExternalResourceArtifactResolver] Loading file:/Users/michaelmennis/.m2/repository/org/apache/maven/maven/2.2.1/maven-2.2.1.pom
09:37:02.048 [DEBUG] [org.gradle.api.internal.artifacts.ivyservice.ivyresolve.RepositoryChainComponentMetaDataResolver] Attempting to resolve component for org.apache.maven:maven-parent:11 using repositories [MavenLocal, maven]
09:37:02.048 [DEBUG] [org.gradle.api.internal.artifacts.repositories.resolver.DefaultExternalResourceArtifactResolver] Loading file:/Users/michaelmennis/.m2/repository/org/apache/maven/maven-parent/11/maven-parent-11.pom
09:37:02.050 [DEBUG] [org.gradle.api.internal.artifacts.ivyservice.ivyresolve.RepositoryChainComponentMetaDataResolver] Attempting to resolve component for org.apache:apache:5 using repositories [MavenLocal, maven]
09:37:02.050 [DEBUG] [org.gradle.api.internal.artifacts.repositories.resolver.DefaultExternalResourceArtifactResolver] Loading file:/Users/michaelmennis/.m2/repository/org/apache/apache/5/apache-5.pom
09:37:02.051 [DEBUG] [org.gradle.api.internal.artifacts.repositories.resolver.ExternalResourceResolver] Metadata file found for module 'org.apache:apache:5' in repository 'MavenLocal'.
09:37:02.051 [DEBUG] [org.gradle.api.internal.artifacts.ivyservice.ivyresolve.RepositoryChainComponentMetaDataResolver] Using org.apache:apache:5 from Maven repository 'MavenLocal'
09:37:02.051 [DEBUG] [org.gradle.api.internal.artifacts.repositories.resolver.DefaultExternalResourceArtifactResolver] Loading file:/Users/michaelmennis/.m2/repository/org/apache/apache/5/apache-5.pom
09:37:02.052 [DEBUG] [org.gradle.api.internal.artifacts.repositories.resolver.ExternalResourceResolver] Metadata file found for module 'org.apache.maven:maven-parent:11' in repository 'MavenLocal'.
09:37:02.052 [DEBUG] [org.gradle.api.internal.artifacts.ivyservice.ivyresolve.RepositoryChainComponentMetaDataResolver] Using org.apache.maven:maven-parent:11 from Maven repository 'MavenLocal'
09:37:02.052 [DEBUG] [org.gradle.api.internal.artifacts.repositories.resolver.DefaultExternalResourceArtifactResolver] Loading file:/Users/michaelmennis/.m2/repository/org/apache/maven/maven-parent/11/maven-parent-11.pom
09:37:02.053 [DEBUG] [org.gradle.api.internal.artifacts.ivyservice.ivyresolve.RepositoryChainComponentMetaDataResolver] Attempting to resolve component for org.apache:apache:5 using repositories [MavenLocal, maven]
09:37:02.053 [DEBUG] [org.gradle.api.internal.artifacts.ivyservice.ivyresolve.RepositoryChainComponentMetaDataResolver] Using org.apache:apache:5 from Maven repository 'MavenLocal'
09:37:02.054 [DEBUG] [org.gradle.api.internal.artifacts.repositories.resolver.ExternalResourceResolver] Metadata file found for module 'org.apache.maven:maven:2.2.1' in repository 'MavenLocal'.
09:37:02.054 [DEBUG] [org.gradle.api.internal.artifacts.ivyservice.ivyresolve.RepositoryChainComponentMetaDataResolver] Using org.apache.maven:maven:2.2.1 from Maven repository 'MavenLocal'
09:37:02.055 [DEBUG] [org.gradle.api.internal.artifacts.repositories.resolver.DefaultExternalResourceArtifactResolver] Loading file:/Users/michaelmennis/.m2/repository/org/apache/maven/maven/2.2.1/maven-2.2.1.pom
09:37:02.056 [DEBUG] [org.gradle.api.internal.artifacts.ivyservice.ivyresolve.RepositoryChainComponentMetaDataResolver] Attempting to resolve component for org.apache.maven:maven-parent:11 using repositories [MavenLocal, maven]
09:37:02.056 [DEBUG] [org.gradle.api.internal.artifacts.ivyservice.ivyresolve.RepositoryChainComponentMetaDataResolver] Using org.apache.maven:maven-parent:11 from Maven repository 'MavenLocal'
09:37:02.057 [DEBUG] [org.gradle.api.internal.artifacts.ivyservice.ivyresolve.RepositoryChainComponentMetaDataResolver] Attempting to resolve component for org.apache:apache:5 using repositories [MavenLocal, maven]
09:37:02.058 [DEBUG] [org.gradle.api.internal.artifacts.ivyservice.ivyresolve.RepositoryChainComponentMetaDataResolver] Using org.apache:apache:5 from Maven repository 'MavenLocal'
09:37:02.059 [DEBUG] [org.gradle.api.internal.artifacts.repositories.resolver.DefaultExternalResourceArtifactResolver] Loading file:/Users/michaelmennis/.m2/repository/org/apache/maven/maven-artifact/2.2.1/maven-artifact-2.2.1.jar
09:37:02.059 [DEBUG] [org.gradle.api.internal.artifacts.repositories.resolver.ExternalResourceResolver] Metadata file found for module 'org.apache.maven:maven-artifact:2.2.1' in repository 'MavenLocal'.
09:37:02.059 [DEBUG] [org.gradle.api.internal.artifacts.ivyservice.ivyresolve.RepositoryChainComponentMetaDataResolver] Using org.apache.maven:maven-artifact:2.2.1 from Maven repository 'MavenLocal'
09:37:02.059 [DEBUG] [org.gradle.api.internal.artifacts.ivyservice.resolveengine.graph.DependencyGraphBuilder] Visiting dependency org.apache.maven:maven-ant-tasks:2.1.3(runtime) -> dependency: org.apache.maven:maven-artifact-manager:2.2.1, scope: Compile, optional: false
09:37:02.059 [DEBUG] [org.gradle.api.internal.artifacts.ivyservice.resolveengine.graph.DependencyGraphBuilder] Selecting new module version org.apache.maven:maven-artifact-manager:2.2.1
09:37:02.059 [DEBUG] [org.gradle.api.internal.artifacts.ivyservice.ivyresolve.RepositoryChainComponentMetaDataResolver] Attempting to resolve component for org.apache.maven:maven-artifact-manager:2.2.1 using repositories [MavenLocal, maven]
09:37:02.059 [DEBUG] [org.gradle.api.internal.artifacts.repositories.resolver.DefaultExternalResourceArtifactResolver] Loading file:/Users/michaelmennis/.m2/repository/org/apache/maven/maven-artifact-manager/2.2.1/maven-artifact-manager-2.2.1.pom
09:37:02.060 [DEBUG] [org.gradle.api.internal.artifacts.ivyservice.ivyresolve.RepositoryChainComponentMetaDataResolver] Attempting to resolve component for org.apache.maven:maven:2.2.1 using repositories [MavenLocal, maven]
09:37:02.060 [DEBUG] [org.gradle.api.internal.artifacts.ivyservice.ivyresolve.RepositoryChainComponentMetaDataResolver] Using org.apache.maven:maven:2.2.1 from Maven repository 'MavenLocal'
09:37:02.061 [DEBUG] [org.gradle.api.internal.artifacts.ivyservice.ivyresolve.RepositoryChainComponentMetaDataResolver] Attempting to resolve component for org.apache.maven:maven-parent:11 using repositories [MavenLocal, maven]
09:37:02.061 [DEBUG] [org.gradle.api.internal.artifacts.ivyservice.ivyresolve.RepositoryChainComponentMetaDataResolver] Using org.apache.maven:maven-parent:11 from Maven repository 'MavenLocal'
09:37:02.063 [DEBUG] [org.gradle.api.internal.artifacts.ivyservice.ivyresolve.RepositoryChainComponentMetaDataResolver] Attempting to resolve component for org.apache:apache:5 using repositories [MavenLocal, maven]
09:37:02.063 [DEBUG] [org.gradle.api.internal.artifacts.ivyservice.ivyresolve.RepositoryChainComponentMetaDataResolver] Using org.apache:apache:5 from Maven repository 'MavenLocal'
09:37:02.065 [DEBUG] [org.gradle.api.internal.artifacts.repositories.resolver.DefaultExternalResourceArtifactResolver] Loading file:/Users/michaelmennis/.m2/repository/org/apache/maven/maven-artifact-manager/2.2.1/maven-artifact-manager-2.2.1.jar
09:37:02.065 [DEBUG] [org.gradle.api.internal.artifacts.repositories.resolver.ExternalResourceResolver] Metadata file found for module 'org.apache.maven:maven-artifact-manager:2.2.1' in repository 'MavenLocal'.
09:37:02.065 [DEBUG] [org.gradle.api.internal.artifacts.ivyservice.ivyresolve.RepositoryChainComponentMetaDataResolver] Using org.apache.maven:maven-artifact-manager:2.2.1 from Maven repository 'MavenLocal'
09:37:02.065 [DEBUG] [org.gradle.api.internal.artifacts.ivyservice.resolveengine.graph.DependencyGraphBuilder] Visiting dependency org.apache.maven:maven-ant-tasks:2.1.3(runtime) -> dependency: org.apache.maven:maven-model:2.2.1, scope: Compile, optional: false
09:37:02.066 [DEBUG] [org.gradle.api.internal.artifacts.ivyservice.resolveengine.graph.DependencyGraphBuilder] Selecting new module version org.apache.maven:maven-model:2.2.1
09:37:02.066 [DEBUG] [org.gradle.api.internal.artifacts.ivyservice.ivyresolve.RepositoryChainComponentMetaDataResolver] Attempting to resolve component for org.apache.maven:maven-model:2.2.1 using repositories [MavenLocal, maven]
09:37:02.067 [DEBUG] [org.gradle.api.internal.artifacts.repositories.resolver.DefaultExternalResourceArtifactResolver] Loading file:/Users/michaelmennis/.m2/repository/org/apache/maven/maven-model/2.2.1/maven-model-2.2.1.pom
09:37:02.068 [DEBUG] [org.gradle.api.internal.artifacts.ivyservice.ivyresolve.RepositoryChainComponentMetaDataResolver] Attempting to resolve component for org.apache.maven:maven:2.2.1 using repositories [MavenLocal, maven]
09:37:02.071 [DEBUG] [org.gradle.api.internal.artifacts.ivyservice.ivyresolve.RepositoryChainComponentMetaDataResolver] Using org.apache.maven:maven:2.2.1 from Maven repository 'MavenLocal'
09:37:02.072 [DEBUG] [org.gradle.api.internal.artifacts.ivyservice.ivyresolve.RepositoryChainComponentMetaDataResolver] Attempting to resolve component for org.apache.maven:maven-parent:11 using repositories [MavenLocal, maven]
09:37:02.072 [DEBUG] [org.gradle.api.internal.artifacts.ivyservice.ivyresolve.RepositoryChainComponentMetaDataResolver] Using org.apache.maven:maven-parent:11 from Maven repository 'MavenLocal'
09:37:02.074 [DEBUG] [org.gradle.api.internal.artifacts.ivyservice.ivyresolve.RepositoryChainComponentMetaDataResolver] Attempting to resolve component for org.apache:apache:5 using repositories [MavenLocal, maven]
09:37:02.074 [DEBUG] [org.gradle.api.internal.artifacts.ivyservice.ivyresolve.RepositoryChainComponentMetaDataResolver] Using org.apache:apache:5 from Maven repository 'MavenLocal'
09:37:02.075 [DEBUG] [org.gradle.api.internal.artifacts.repositories.resolver.DefaultExternalResourceArtifactResolver] Loading file:/Users/michaelmennis/.m2/repository/org/apache/maven/maven-model/2.2.1/maven-model-2.2.1.jar
09:37:02.075 [DEBUG] [org.gradle.api.internal.artifacts.repositories.resolver.ExternalResourceResolver] Metadata file found for module 'org.apache.maven:maven-model:2.2.1' in repository 'MavenLocal'.
09:37:02.075 [DEBUG] [org.gradle.api.internal.artifacts.ivyservice.ivyresolve.RepositoryChainComponentMetaDataResolver] Using org.apache.maven:maven-model:2.2.1 from Maven repository 'MavenLocal'
09:37:02.075 [DEBUG] [org.gradle.api.internal.artifacts.ivyservice.resolveengine.graph.DependencyGraphBuilder] Visiting dependency org.apache.maven:maven-ant-tasks:2.1.3(runtime) -> dependency: org.apache.maven:maven-project:2.2.1, scope: Compile, optional: false
09:37:02.075 [DEBUG] [org.gradle.api.internal.artifacts.ivyservice.resolveengine.graph.DependencyGraphBuilder] Selecting new module version org.apache.maven:maven-project:2.2.1
09:37:02.075 [DEBUG] [org.gradle.api.internal.artifacts.ivyservice.ivyresolve.RepositoryChainComponentMetaDataResolver] Attempting to resolve component for org.apache.maven:maven-project:2.2.1 using repositories [MavenLocal, maven]
09:37:02.075 [DEBUG] [org.gradle.api.internal.artifacts.repositories.resolver.DefaultExternalResourceArtifactResolver] Loading file:/Users/michaelmennis/.m2/repository/org/apache/maven/maven-project/2.2.1/maven-project-2.2.1.pom
09:37:02.076 [DEBUG] [org.gradle.api.internal.artifacts.ivyservice.ivyresolve.RepositoryChainComponentMetaDataResolver] Attempting to resolve component for org.apache.maven:maven:2.2.1 using repositories [MavenLocal, maven]
09:37:02.076 [DEBUG] [org.gradle.api.internal.artifacts.ivyservice.ivyresolve.RepositoryChainComponentMetaDataResolver] Using org.apache.maven:maven:2.2.1 from Maven repository 'MavenLocal'
09:37:02.077 [DEBUG] [org.gradle.api.internal.artifacts.ivyservice.ivyresolve.RepositoryChainComponentMetaDataResolver] Attempting to resolve component for org.apache.maven:maven-parent:11 using repositories [MavenLocal, maven]
09:37:02.077 [DEBUG] [org.gradle.api.internal.artifacts.ivyservice.ivyresolve.RepositoryChainComponentMetaDataResolver] Using org.apache.maven:maven-parent:11 from Maven repository 'MavenLocal'
09:37:02.079 [DEBUG] [org.gradle.api.internal.artifacts.ivyservice.ivyresolve.RepositoryChainComponentMetaDataResolver] Attempting to resolve component for org.apache:apache:5 using repositories [MavenLocal, maven]
09:37:02.079 [DEBUG] [org.gradle.api.internal.artifacts.ivyservice.ivyresolve.RepositoryChainComponentMetaDataResolver] Using org.apache:apache:5 from Maven repository 'MavenLocal'
09:37:02.080 [DEBUG] [org.gradle.api.internal.artifacts.repositories.resolver.DefaultExternalResourceArtifactResolver] Loading file:/Users/michaelmennis/.m2/repository/org/apache/maven/maven-project/2.2.1/maven-project-2.2.1.jar
09:37:02.080 [DEBUG] [org.gradle.api.internal.artifacts.repositories.resolver.ExternalResourceResolver] Metadata file found for module 'org.apache.maven:maven-project:2.2.1' in repository 'MavenLocal'.
09:37:02.080 [DEBUG] [org.gradle.api.internal.artifacts.ivyservice.ivyresolve.RepositoryChainComponentMetaDataResolver] Using org.apache.maven:maven-project:2.2.1 from Maven repository 'MavenLocal'
09:37:02.080 [DEBUG] [org.gradle.api.internal.artifacts.ivyservice.resolveengine.graph.DependencyGraphBuilder] Visiting dependency org.apache.maven:maven-ant-tasks:2.1.3(runtime) -> dependency: org.apache.maven:maven-error-diagnostics:2.2.1, scope: Compile, optional: false
09:37:02.080 [DEBUG] [org.gradle.api.internal.artifacts.ivyservice.resolveengine.graph.DependencyGraphBuilder] Selecting new module version org.apache.maven:maven-error-diagnostics:2.2.1
09:37:02.080 [DEBUG] [org.gradle.api.internal.artifacts.ivyservice.ivyresolve.RepositoryChainComponentMetaDataResolver] Attempting to resolve component for org.apache.maven:maven-error-diagnostics:2.2.1 using repositories [MavenLocal, maven]
09:37:02.080 [DEBUG] [org.gradle.api.internal.artifacts.repositories.resolver.DefaultExternalResourceArtifactResolver] Loading file:/Users/michaelmennis/.m2/repository/org/apache/maven/maven-error-diagnostics/2.2.1/maven-error-diagnostics-2.2.1.pom
09:37:02.081 [DEBUG] [org.gradle.api.internal.artifacts.ivyservice.ivyresolve.RepositoryChainComponentMetaDataResolver] Attempting to resolve component for org.apache.maven:maven:2.2.1 using repositories [MavenLocal, maven]
09:37:02.082 [DEBUG] [org.gradle.api.internal.artifacts.ivyservice.ivyresolve.RepositoryChainComponentMetaDataResolver] Using org.apache.maven:maven:2.2.1 from Maven repository 'MavenLocal'
09:37:02.083 [DEBUG] [org.gradle.api.internal.artifacts.ivyservice.ivyresolve.RepositoryChainComponentMetaDataResolver] Attempting to resolve component for org.apache.maven:maven-parent:11 using repositories [MavenLocal, maven]
09:37:02.084 [DEBUG] [org.gradle.api.internal.artifacts.ivyservice.ivyresolve.RepositoryChainComponentMetaDataResolver] Using org.apache.maven:maven-parent:11 from Maven repository 'MavenLocal'
09:37:02.085 [DEBUG] [org.gradle.api.internal.artifacts.ivyservice.ivyresolve.RepositoryChainComponentMetaDataResolver] Attempting to resolve component for org.apache:apache:5 using repositories [MavenLocal, maven]
09:37:02.085 [DEBUG] [org.gradle.api.internal.artifacts.ivyservice.ivyresolve.RepositoryChainComponentMetaDataResolver] Using org.apache:apache:5 from Maven repository 'MavenLocal'
09:37:02.088 [DEBUG] [org.gradle.api.internal.artifacts.repositories.resolver.DefaultExternalResourceArtifactResolver] Loading file:/Users/michaelmennis/.m2/repository/org/apache/maven/maven-error-diagnostics/2.2.1/maven-error-diagnostics-2.2.1.jar
09:37:02.088 [DEBUG] [org.gradle.api.internal.artifacts.repositories.resolver.ExternalResourceResolver] Metadata file found for module 'org.apache.maven:maven-error-diagnostics:2.2.1' in repository 'MavenLocal'.
09:37:02.088 [DEBUG] [org.gradle.api.internal.artifacts.ivyservice.ivyresolve.RepositoryChainComponentMetaDataResolver] Using org.apache.maven:maven-error-diagnostics:2.2.1 from Maven repository 'MavenLocal'
09:37:02.088 [DEBUG] [org.gradle.api.internal.artifacts.ivyservice.resolveengine.graph.DependencyGraphBuilder] Visiting dependency org.apache.maven:maven-ant-tasks:2.1.3(runtime) -> dependency: org.apache.maven:maven-settings:2.2.1, scope: Compile, optional: false
09:37:02.088 [DEBUG] [org.gradle.api.internal.artifacts.ivyservice.resolveengine.graph.DependencyGraphBuilder] Selecting new module version org.apache.maven:maven-settings:2.2.1
09:37:02.088 [DEBUG] [org.gradle.api.internal.artifacts.ivyservice.ivyresolve.RepositoryChainComponentMetaDataResolver] Attempting to resolve component for org.apache.maven:maven-settings:2.2.1 using repositories [MavenLocal, maven]
09:37:02.088 [DEBUG] [org.gradle.api.internal.artifacts.repositories.resolver.DefaultExternalResourceArtifactResolver] Loading file:/Users/michaelmennis/.m2/repository/org/apache/maven/maven-settings/2.2.1/maven-settings-2.2.1.pom
09:37:02.089 [DEBUG] [org.gradle.api.internal.artifacts.ivyservice.ivyresolve.RepositoryChainComponentMetaDataResolver] Attempting to resolve component for org.apache.maven:maven:2.2.1 using repositories [MavenLocal, maven]
09:37:02.089 [DEBUG] [org.gradle.api.internal.artifacts.ivyservice.ivyresolve.RepositoryChainComponentMetaDataResolver] Using org.apache.maven:maven:2.2.1 from Maven repository 'MavenLocal'
09:37:02.090 [DEBUG] [org.gradle.api.internal.artifacts.ivyservice.ivyresolve.RepositoryChainComponentMetaDataResolver] Attempting to resolve component for org.apache.maven:maven-parent:11 using repositories [MavenLocal, maven]
09:37:02.091 [DEBUG] [org.gradle.api.internal.artifacts.ivyservice.ivyresolve.RepositoryChainComponentMetaDataResolver] Using org.apache.maven:maven-parent:11 from Maven repository 'MavenLocal'
09:37:02.094 [DEBUG] [org.gradle.api.internal.artifacts.ivyservice.ivyresolve.RepositoryChainComponentMetaDataResolver] Attempting to resolve component for org.apache:apache:5 using repositories [MavenLocal, maven]
09:37:02.094 [DEBUG] [org.gradle.api.internal.artifacts.ivyservice.ivyresolve.RepositoryChainComponentMetaDataResolver] Using org.apache:apache:5 from Maven repository 'MavenLocal'
09:37:02.095 [DEBUG] [org.gradle.api.internal.artifacts.repositories.resolver.DefaultExternalResourceArtifactResolver] Loading file:/Users/michaelmennis/.m2/repository/org/apache/maven/maven-settings/2.2.1/maven-settings-2.2.1.jar
09:37:02.095 [DEBUG] [org.gradle.api.internal.artifacts.repositories.resolver.ExternalResourceResolver] Metadata file found for module 'org.apache.maven:maven-settings:2.2.1' in repository 'MavenLocal'.
09:37:02.096 [DEBUG] [org.gradle.api.internal.artifacts.ivyservice.ivyresolve.RepositoryChainComponentMetaDataResolver] Using org.apache.maven:maven-settings:2.2.1 from Maven repository 'MavenLocal'
09:37:02.096 [DEBUG] [org.gradle.api.internal.artifacts.ivyservice.resolveengine.graph.DependencyGraphBuilder] Visiting dependency org.apache.maven:maven-ant-tasks:2.1.3(runtime) -> dependency: org.apache.maven.wagon:wagon-file:1.0-beta-6, scope: Compile, optional: false
09:37:02.096 [DEBUG] [org.gradle.api.internal.artifacts.ivyservice.resolveengine.graph.DependencyGraphBuilder] Selecting new module version org.apache.maven.wagon:wagon-file:1.0-beta-6
09:37:02.096 [DEBUG] [org.gradle.api.internal.artifacts.ivyservice.ivyresolve.RepositoryChainComponentMetaDataResolver] Attempting to resolve component for org.apache.maven.wagon:wagon-file:1.0-beta-6 using repositories [MavenLocal, maven]
09:37:02.096 [DEBUG] [org.gradle.api.internal.artifacts.repositories.resolver.DefaultExternalResourceArtifactResolver] Loading file:/Users/michaelmennis/.m2/repository/org/apache/maven/wagon/wagon-file/1.0-beta-6/wagon-file-1.0-beta-6.pom
09:37:02.099 [DEBUG] [org.gradle.api.internal.artifacts.repositories.resolver.DefaultExternalResourceArtifactResolver] Loading file:/Users/michaelmennis/.m2/repository/org/apache/maven/wagon/wagon-file/1.0-beta-6/wagon-file-1.0-beta-6.jar
09:37:02.099 [DEBUG] [org.gradle.api.internal.artifacts.repositories.resolver.ExternalResourceResolver] No meta-data file or artifact found for module 'org.apache.maven.wagon:wagon-file:1.0-beta-6' in repository 'MavenLocal'.
09:37:02.099 [DEBUG] [org.gradle.api.internal.artifacts.ivyservice.ivyresolve.CachingModuleComponentRepository] Using cached module metadata for module 'org.apache.maven.wagon:wagon-file:1.0-beta-6' in 'maven'
09:37:02.099 [DEBUG] [org.gradle.api.internal.artifacts.ivyservice.ivyresolve.RepositoryChainComponentMetaDataResolver] Using org.apache.maven.wagon:wagon-file:1.0-beta-6 from Maven repository 'maven'
09:37:02.099 [DEBUG] [org.gradle.api.internal.artifacts.ivyservice.resolveengine.graph.DependencyGraphBuilder] Visiting dependency org.apache.maven:maven-ant-tasks:2.1.3(runtime) -> dependency: org.apache.maven.wagon:wagon-http-lightweight:1.0-beta-6, scope: Compile, optional: false
09:37:02.100 [DEBUG] [org.gradle.api.internal.artifacts.ivyservice.resolveengine.graph.DependencyGraphBuilder] Selecting new module version org.apache.maven.wagon:wagon-http-lightweight:1.0-beta-6
09:37:02.100 [DEBUG] [org.gradle.api.internal.artifacts.ivyservice.ivyresolve.RepositoryChainComponentMetaDataResolver] Attempting to resolve component for org.apache.maven.wagon:wagon-http-lightweight:1.0-beta-6 using repositories [MavenLocal, maven]
09:37:02.100 [DEBUG] [org.gradle.api.internal.artifacts.repositories.resolver.DefaultExternalResourceArtifactResolver] Loading file:/Users/michaelmennis/.m2/repository/org/apache/maven/wagon/wagon-http-lightweight/1.0-beta-6/wagon-http-lightweight-1.0-beta-6.pom
09:37:02.100 [DEBUG] [org.gradle.api.internal.artifacts.repositories.resolver.DefaultExternalResourceArtifactResolver] Loading file:/Users/michaelmennis/.m2/repository/org/apache/maven/wagon/wagon-http-lightweight/1.0-beta-6/wagon-http-lightweight-1.0-beta-6.jar
09:37:02.101 [DEBUG] [org.gradle.api.internal.artifacts.repositories.resolver.ExternalResourceResolver] No meta-data file or artifact found for module 'org.apache.maven.wagon:wagon-http-lightweight:1.0-beta-6' in repository 'MavenLocal'.
09:37:02.101 [DEBUG] [org.gradle.api.internal.artifacts.ivyservice.ivyresolve.CachingModuleComponentRepository] Using cached module metadata for module 'org.apache.maven.wagon:wagon-http-lightweight:1.0-beta-6' in 'maven'
09:37:02.101 [DEBUG] [org.gradle.api.internal.artifacts.ivyservice.ivyresolve.RepositoryChainComponentMetaDataResolver] Using org.apache.maven.wagon:wagon-http-lightweight:1.0-beta-6 from Maven repository 'maven'
09:37:02.101 [DEBUG] [org.gradle.api.internal.artifacts.ivyservice.resolveengine.graph.DependencyGraphBuilder] Visiting dependency org.apache.maven:maven-ant-tasks:2.1.3(runtime) -> dependency: org.apache.maven.wagon:wagon-provider-api:1.0-beta-6, scope: Compile, optional: false
09:37:02.101 [DEBUG] [org.gradle.api.internal.artifacts.ivyservice.resolveengine.graph.DependencyGraphBuilder] Selecting new module version org.apache.maven.wagon:wagon-provider-api:1.0-beta-6
09:37:02.101 [DEBUG] [org.gradle.api.internal.artifacts.ivyservice.ivyresolve.RepositoryChainComponentMetaDataResolver] Attempting to resolve component for org.apache.maven.wagon:wagon-provider-api:1.0-beta-6 using repositories [MavenLocal, maven]
09:37:02.101 [DEBUG] [org.gradle.api.internal.artifacts.repositories.resolver.DefaultExternalResourceArtifactResolver] Loading file:/Users/michaelmennis/.m2/repository/org/apache/maven/wagon/wagon-provider-api/1.0-beta-6/wagon-provider-api-1.0-beta-6.pom
09:37:02.102 [DEBUG] [org.gradle.api.internal.artifacts.ivyservice.ivyresolve.RepositoryChainComponentMetaDataResolver] Attempting to resolve component for org.apache.maven.wagon:wagon:1.0-beta-6 using repositories [MavenLocal, maven]
09:37:02.102 [DEBUG] [org.gradle.api.internal.artifacts.repositories.resolver.DefaultExternalResourceArtifactResolver] Loading file:/Users/michaelmennis/.m2/repository/org/apache/maven/wagon/wagon/1.0-beta-6/wagon-1.0-beta-6.pom
09:37:02.105 [DEBUG] [org.gradle.api.internal.artifacts.ivyservice.ivyresolve.RepositoryChainComponentMetaDataResolver] Attempting to resolve component for org.apache.maven:maven-parent:11 using repositories [MavenLocal, maven]
09:37:02.105 [DEBUG] [org.gradle.api.internal.artifacts.ivyservice.ivyresolve.RepositoryChainComponentMetaDataResolver] Using org.apache.maven:maven-parent:11 from Maven repository 'MavenLocal'
09:37:02.106 [DEBUG] [org.gradle.api.internal.artifacts.ivyservice.ivyresolve.RepositoryChainComponentMetaDataResolver] Attempting to resolve component for org.apache:apache:5 using repositories [MavenLocal, maven]
09:37:02.106 [DEBUG] [org.gradle.api.internal.artifacts.ivyservice.ivyresolve.RepositoryChainComponentMetaDataResolver] Using org.apache:apache:5 from Maven repository 'MavenLocal'
09:37:02.107 [DEBUG] [org.gradle.api.internal.artifacts.repositories.resolver.ExternalResourceResolver] Metadata file found for module 'org.apache.maven.wagon:wagon:1.0-beta-6' in repository 'MavenLocal'.
09:37:02.107 [DEBUG] [org.gradle.api.internal.artifacts.ivyservice.ivyresolve.RepositoryChainComponentMetaDataResolver] Using org.apache.maven.wagon:wagon:1.0-beta-6 from Maven repository 'MavenLocal'
09:37:02.107 [DEBUG] [org.gradle.api.internal.artifacts.repositories.resolver.DefaultExternalResourceArtifactResolver] Loading file:/Users/michaelmennis/.m2/repository/org/apache/maven/wagon/wagon/1.0-beta-6/wagon-1.0-beta-6.pom
09:37:02.108 [DEBUG] [org.gradle.api.internal.artifacts.ivyservice.ivyresolve.RepositoryChainComponentMetaDataResolver] Attempting to resolve component for org.apache.maven:maven-parent:11 using repositories [MavenLocal, maven]
09:37:02.108 [DEBUG] [org.gradle.api.internal.artifacts.ivyservice.ivyresolve.RepositoryChainComponentMetaDataResolver] Using org.apache.maven:maven-parent:11 from Maven repository 'MavenLocal'
09:37:02.110 [DEBUG] [org.gradle.api.internal.artifacts.ivyservice.ivyresolve.RepositoryChainComponentMetaDataResolver] Attempting to resolve component for org.apache:apache:5 using repositories [MavenLocal, maven]
09:37:02.110 [DEBUG] [org.gradle.api.internal.artifacts.ivyservice.ivyresolve.RepositoryChainComponentMetaDataResolver] Using org.apache:apache:5 from Maven repository 'MavenLocal'
09:37:02.111 [DEBUG] [org.gradle.api.internal.artifacts.repositories.resolver.DefaultExternalResourceArtifactResolver] Loading file:/Users/michaelmennis/.m2/repository/org/apache/maven/wagon/wagon-provider-api/1.0-beta-6/wagon-provider-api-1.0-beta-6.jar
09:37:02.111 [DEBUG] [org.gradle.api.internal.artifacts.repositories.resolver.ExternalResourceResolver] Metadata file found for module 'org.apache.maven.wagon:wagon-provider-api:1.0-beta-6' in repository 'MavenLocal'.
09:37:02.111 [DEBUG] [org.gradle.api.internal.artifacts.ivyservice.ivyresolve.RepositoryChainComponentMetaDataResolver] Using org.apache.maven.wagon:wagon-provider-api:1.0-beta-6 from Maven repository 'MavenLocal'
09:37:02.111 [DEBUG] [org.gradle.api.internal.artifacts.ivyservice.resolveengine.graph.DependencyGraphBuilder] Visiting configuration org.jboss.logging:jboss-logging:3.3.0.Final(runtime).
09:37:02.111 [DEBUG] [org.gradle.api.internal.artifacts.ivyservice.resolveengine.graph.DependencyGraphBuilder] Visiting configuration org.hibernate.javax.persistence:hibernate-jpa-2.1-api:1.0.0.Final(runtime).
09:37:02.111 [DEBUG] [org.gradle.api.internal.artifacts.ivyservice.resolveengine.graph.DependencyGraphBuilder] Visiting configuration org.javassist:javassist:3.20.0-GA(runtime).
09:37:02.111 [DEBUG] [org.gradle.api.internal.artifacts.ivyservice.resolveengine.graph.DependencyGraphBuilder] Visiting configuration antlr:antlr:2.7.7(runtime).
09:37:02.111 [DEBUG] [org.gradle.api.internal.artifacts.ivyservice.resolveengine.graph.DependencyGraphBuilder] Visiting configuration org.apache.geronimo.specs:geronimo-jta_1.1_spec:1.1.1(runtime).
09:37:02.111 [DEBUG] [org.gradle.api.internal.artifacts.ivyservice.resolveengine.graph.DependencyGraphBuilder] Visiting configuration org.jboss:jandex:2.0.3.Final(runtime).
09:37:02.111 [DEBUG] [org.gradle.api.internal.artifacts.ivyservice.resolveengine.graph.DependencyGraphBuilder] Visiting configuration com.fasterxml:classmate:1.3.0(runtime).
09:37:02.111 [DEBUG] [org.gradle.api.internal.artifacts.ivyservice.resolveengine.graph.DependencyGraphBuilder] Visiting configuration dom4j:dom4j:1.6.1(runtime).
09:37:02.111 [DEBUG] [org.gradle.api.internal.artifacts.ivyservice.resolveengine.graph.DependencyGraphBuilder] Visiting dependency dom4j:dom4j:1.6.1(runtime) -> dependency: xml-apis:xml-apis:1.0.b2, scope: Compile, optional: false
09:37:02.111 [DEBUG] [org.gradle.api.internal.artifacts.ivyservice.resolveengine.graph.DependencyGraphBuilder] Selecting new module version xml-apis:xml-apis:1.0.b2
09:37:02.111 [DEBUG] [org.gradle.api.internal.artifacts.ivyservice.ivyresolve.RepositoryChainComponentMetaDataResolver] Attempting to resolve component for xml-apis:xml-apis:1.0.b2 using repositories [MavenLocal, maven]
09:37:02.111 [DEBUG] [org.gradle.api.internal.artifacts.repositories.resolver.DefaultExternalResourceArtifactResolver] Loading file:/Users/michaelmennis/.m2/repository/xml-apis/xml-apis/1.0.b2/xml-apis-1.0.b2.pom
09:37:02.112 [DEBUG] [org.gradle.api.internal.artifacts.repositories.resolver.DefaultExternalResourceArtifactResolver] Loading file:/Users/michaelmennis/.m2/repository/xml-apis/xml-apis/1.0.b2/xml-apis-1.0.b2.jar
09:37:02.112 [DEBUG] [org.gradle.api.internal.artifacts.repositories.resolver.ExternalResourceResolver] Metadata file found for module 'xml-apis:xml-apis:1.0.b2' in repository 'MavenLocal'.
09:37:02.112 [DEBUG] [org.gradle.api.internal.artifacts.ivyservice.ivyresolve.RepositoryChainComponentMetaDataResolver] Using xml-apis:xml-apis:1.0.b2 from Maven repository 'MavenLocal'
09:37:02.112 [DEBUG] [org.gradle.api.internal.artifacts.ivyservice.resolveengine.graph.DependencyGraphBuilder] Visiting configuration org.hibernate.common:hibernate-commons-annotations:5.0.1.Final(runtime).
09:37:02.112 [DEBUG] [org.gradle.api.internal.artifacts.ivyservice.resolveengine.graph.DependencyGraphBuilder] Visiting dependency org.hibernate.common:hibernate-commons-annotations:5.0.1.Final(runtime) -> dependency: org.jboss.logging:jboss-logging:3.3.0.Final, scope: Compile, optional: false
09:37:02.113 [DEBUG] [org.gradle.api.internal.artifacts.ivyservice.resolveengine.graph.DependencyGraphBuilder] Visiting configuration org.grails:grails-datastore-core:6.1.6.RELEASE(runtime).
09:37:02.113 [DEBUG] [org.gradle.api.internal.artifacts.ivyservice.resolveengine.graph.DependencyGraphBuilder] Visiting dependency org.grails:grails-datastore-core:6.1.6.RELEASE(runtime) -> dependency: org.codehaus.groovy:groovy:2.4.11, scope: Runtime, optional: false
09:37:02.113 [DEBUG] [org.gradle.api.internal.artifacts.ivyservice.resolveengine.graph.DependencyGraphBuilder] Visiting dependency org.grails:grails-datastore-core:6.1.6.RELEASE(runtime) -> dependency: com.googlecode.concurrentlinkedhashmap:concurrentlinkedhashmap-lru:1.4.2, scope: Runtime, optional: false
09:37:02.113 [DEBUG] [org.gradle.api.internal.artifacts.ivyservice.resolveengine.graph.DependencyGraphBuilder] Selecting new module version com.googlecode.concurrentlinkedhashmap:concurrentlinkedhashmap-lru:1.4.2
09:37:02.113 [DEBUG] [org.gradle.api.internal.artifacts.ivyservice.ivyresolve.RepositoryChainComponentMetaDataResolver] Attempting to resolve component for com.googlecode.concurrentlinkedhashmap:concurrentlinkedhashmap-lru:1.4.2 using repositories [MavenLocal, maven]
09:37:02.113 [DEBUG] [org.gradle.api.internal.artifacts.repositories.resolver.DefaultExternalResourceArtifactResolver] Loading file:/Users/michaelmennis/.m2/repository/com/googlecode/concurrentlinkedhashmap/concurrentlinkedhashmap-lru/1.4.2/concurrentlinkedhashmap-lru-1.4.2.pom
09:37:02.114 [DEBUG] [org.gradle.api.internal.artifacts.ivyservice.ivyresolve.RepositoryChainComponentMetaDataResolver] Attempting to resolve component for org.sonatype.oss:oss-parent:7 using repositories [MavenLocal, maven]
09:37:02.114 [DEBUG] [org.gradle.api.internal.artifacts.repositories.resolver.DefaultExternalResourceArtifactResolver] Loading file:/Users/michaelmennis/.m2/repository/org/sonatype/oss/oss-parent/7/oss-parent-7.pom
09:37:02.115 [DEBUG] [org.gradle.api.internal.artifacts.repositories.resolver.ExternalResourceResolver] Metadata file found for module 'org.sonatype.oss:oss-parent:7' in repository 'MavenLocal'.
09:37:02.115 [DEBUG] [org.gradle.api.internal.artifacts.ivyservice.ivyresolve.RepositoryChainComponentMetaDataResolver] Using org.sonatype.oss:oss-parent:7 from Maven repository 'MavenLocal'
09:37:02.115 [DEBUG] [org.gradle.api.internal.artifacts.repositories.resolver.DefaultExternalResourceArtifactResolver] Loading file:/Users/michaelmennis/.m2/repository/org/sonatype/oss/oss-parent/7/oss-parent-7.pom
09:37:02.116 [DEBUG] [org.gradle.api.internal.artifacts.repositories.resolver.DefaultExternalResourceArtifactResolver] Loading file:/Users/michaelmennis/.m2/repository/com/googlecode/concurrentlinkedhashmap/concurrentlinkedhashmap-lru/1.4.2/concurrentlinkedhashmap-lru-1.4.2.jar
09:37:02.116 [DEBUG] [org.gradle.api.internal.artifacts.repositories.resolver.ExternalResourceResolver] Metadata file found for module 'com.googlecode.concurrentlinkedhashmap:concurrentlinkedhashmap-lru:1.4.2' in repository 'MavenLocal'.
09:37:02.116 [DEBUG] [org.gradle.api.internal.artifacts.ivyservice.ivyresolve.RepositoryChainComponentMetaDataResolver] Using com.googlecode.concurrentlinkedhashmap:concurrentlinkedhashmap-lru:1.4.2 from Maven repository 'MavenLocal'
09:37:02.116 [DEBUG] [org.gradle.api.internal.artifacts.ivyservice.resolveengine.graph.DependencyGraphBuilder] Visiting dependency org.grails:grails-datastore-core:6.1.6.RELEASE(runtime) -> dependency: org.springframework:spring-core:4.3.9.RELEASE, scope: Runtime, optional: false
09:37:02.116 [DEBUG] [org.gradle.api.internal.artifacts.ivyservice.resolveengine.graph.DependencyGraphBuilder] Visiting dependency org.grails:grails-datastore-core:6.1.6.RELEASE(runtime) -> dependency: org.springframework:spring-beans:4.3.9.RELEASE, scope: Runtime, optional: false
09:37:02.116 [DEBUG] [org.gradle.api.internal.artifacts.ivyservice.resolveengine.graph.DependencyGraphBuilder] Selecting new module version org.springframework:spring-beans:4.3.9.RELEASE
09:37:02.117 [DEBUG] [org.gradle.api.internal.artifacts.ivyservice.ivyresolve.RepositoryChainComponentMetaDataResolver] Attempting to resolve component for org.springframework:spring-beans:4.3.9.RELEASE using repositories [MavenLocal, maven]
09:37:02.117 [DEBUG] [org.gradle.api.internal.artifacts.repositories.resolver.DefaultExternalResourceArtifactResolver] Loading file:/Users/michaelmennis/.m2/repository/org/springframework/spring-beans/4.3.9.RELEASE/spring-beans-4.3.9.RELEASE.pom
09:37:02.117 [DEBUG] [org.gradle.api.internal.artifacts.repositories.resolver.DefaultExternalResourceArtifactResolver] Loading file:/Users/michaelmennis/.m2/repository/org/springframework/spring-beans/4.3.9.RELEASE/spring-beans-4.3.9.RELEASE.jar
09:37:02.117 [DEBUG] [org.gradle.api.internal.artifacts.repositories.resolver.ExternalResourceResolver] No meta-data file or artifact found for module 'org.springframework:spring-beans:4.3.9.RELEASE' in repository 'MavenLocal'.
09:37:02.117 [DEBUG] [org.gradle.api.internal.artifacts.ivyservice.ivyresolve.CachingModuleComponentRepository] Using cached module metadata for module 'org.springframework:spring-beans:4.3.9.RELEASE' in 'maven'
09:37:02.117 [DEBUG] [org.gradle.api.internal.artifacts.ivyservice.ivyresolve.RepositoryChainComponentMetaDataResolver] Using org.springframework:spring-beans:4.3.9.RELEASE from Maven repository 'maven'
09:37:02.117 [DEBUG] [org.gradle.api.internal.artifacts.ivyservice.resolveengine.graph.DependencyGraphBuilder] Visiting dependency org.grails:grails-datastore-core:6.1.6.RELEASE(runtime) -> dependency: org.springframework:spring-tx:4.3.9.RELEASE, scope: Runtime, optional: false
09:37:02.117 [DEBUG] [org.gradle.api.internal.artifacts.ivyservice.resolveengine.graph.DependencyGraphBuilder] Selecting new module version org.springframework:spring-tx:4.3.9.RELEASE
09:37:02.117 [DEBUG] [org.gradle.api.internal.artifacts.ivyservice.ivyresolve.RepositoryChainComponentMetaDataResolver] Attempting to resolve component for org.springframework:spring-tx:4.3.9.RELEASE using repositories [MavenLocal, maven]
09:37:02.117 [DEBUG] [org.gradle.api.internal.artifacts.repositories.resolver.DefaultExternalResourceArtifactResolver] Loading file:/Users/michaelmennis/.m2/repository/org/springframework/spring-tx/4.3.9.RELEASE/spring-tx-4.3.9.RELEASE.pom
09:37:02.118 [DEBUG] [org.gradle.api.internal.artifacts.repositories.resolver.DefaultExternalResourceArtifactResolver] Loading file:/Users/michaelmennis/.m2/repository/org/springframework/spring-tx/4.3.9.RELEASE/spring-tx-4.3.9.RELEASE.jar
09:37:02.118 [DEBUG] [org.gradle.api.internal.artifacts.repositories.resolver.ExternalResourceResolver] No meta-data file or artifact found for module 'org.springframework:spring-tx:4.3.9.RELEASE' in repository 'MavenLocal'.
09:37:02.118 [DEBUG] [org.gradle.api.internal.artifacts.ivyservice.ivyresolve.CachingModuleComponentRepository] Using cached module metadata for module 'org.springframework:spring-tx:4.3.9.RELEASE' in 'maven'
09:37:02.118 [DEBUG] [org.gradle.api.internal.artifacts.ivyservice.ivyresolve.RepositoryChainComponentMetaDataResolver] Using org.springframework:spring-tx:4.3.9.RELEASE from Maven repository 'maven'
09:37:02.118 [DEBUG] [org.gradle.api.internal.artifacts.ivyservice.resolveengine.graph.DependencyGraphBuilder] Visiting dependency org.grails:grails-datastore-core:6.1.6.RELEASE(runtime) -> dependency: org.springframework:spring-context:4.3.9.RELEASE, scope: Runtime, optional: false
09:37:02.118 [DEBUG] [org.gradle.api.internal.artifacts.ivyservice.resolveengine.graph.DependencyGraphBuilder] Visiting dependency org.grails:grails-datastore-core:6.1.6.RELEASE(runtime) -> dependency: org.hibernate.javax.persistence:hibernate-jpa-2.1-api:1.0.0.Final, scope: Runtime, optional: false
09:37:02.118 [DEBUG] [org.gradle.api.internal.artifacts.ivyservice.resolveengine.graph.DependencyGraphBuilder] Visiting dependency org.grails:grails-datastore-core:6.1.6.RELEASE(runtime) -> dependency: org.javassist:javassist:3.21.0-GA, scope: Runtime, optional: false
09:37:02.118 [DEBUG] [org.gradle.api.internal.artifacts.ivyservice.resolveengine.graph.DependencyGraphBuilder] Found new conflicting module version org.javassist:javassist:3.21.0-GA
09:37:02.118 [DEBUG] [org.gradle.api.internal.artifacts.ivyservice.resolveengine.graph.DependencyGraphBuilder] Visiting dependency org.grails:grails-datastore-core:6.1.6.RELEASE(runtime) -> dependency: javax.transaction:jta:1.1, scope: Runtime, optional: false
09:37:02.118 [DEBUG] [org.gradle.api.internal.artifacts.ivyservice.resolveengine.graph.DependencyGraphBuilder] Selecting new module version javax.transaction:jta:1.1
09:37:02.118 [DEBUG] [org.gradle.api.internal.artifacts.ivyservice.ivyresolve.RepositoryChainComponentMetaDataResolver] Attempting to resolve component for javax.transaction:jta:1.1 using repositories [MavenLocal, maven]
09:37:02.118 [DEBUG] [org.gradle.api.internal.artifacts.repositories.resolver.DefaultExternalResourceArtifactResolver] Loading file:/Users/michaelmennis/.m2/repository/javax/transaction/jta/1.1/jta-1.1.pom
09:37:02.119 [DEBUG] [org.gradle.api.internal.artifacts.repositories.resolver.DefaultExternalResourceArtifactResolver] Loading file:/Users/michaelmennis/.m2/repository/javax/transaction/jta/1.1/jta-1.1.jar
09:37:02.119 [DEBUG] [org.gradle.api.internal.artifacts.repositories.resolver.ExternalResourceResolver] Metadata file found for module 'javax.transaction:jta:1.1' in repository 'MavenLocal'.
09:37:02.119 [DEBUG] [org.gradle.api.internal.artifacts.ivyservice.ivyresolve.RepositoryChainComponentMetaDataResolver] Using javax.transaction:jta:1.1 from Maven repository 'MavenLocal'
09:37:02.119 [DEBUG] [org.gradle.api.internal.artifacts.ivyservice.resolveengine.graph.DependencyGraphBuilder] Visiting dependency org.grails:grails-datastore-core:6.1.6.RELEASE(runtime) -> dependency: org.slf4j:slf4j-api:1.7.22, scope: Runtime, optional: false
09:37:02.119 [DEBUG] [org.gradle.api.internal.artifacts.ivyservice.resolveengine.graph.DependencyGraphBuilder] Visiting dependency org.grails:grails-datastore-core:6.1.6.RELEASE(runtime) -> dependency: org.slf4j:jcl-over-slf4j:1.7.22, scope: Runtime, optional: false
09:37:02.120 [DEBUG] [org.gradle.api.internal.artifacts.ivyservice.resolveengine.graph.DependencyGraphBuilder] Visiting configuration org.springframework:spring-web:4.3.9.RELEASE(runtime).
09:37:02.120 [DEBUG] [org.gradle.api.internal.artifacts.ivyservice.resolveengine.graph.DependencyGraphBuilder] org.springframework:spring-aop is excluded from org.springframework:spring-web:4.3.9.RELEASE(runtime).
09:37:02.120 [DEBUG] [org.gradle.api.internal.artifacts.ivyservice.resolveengine.graph.DependencyGraphBuilder] org.springframework:spring-beans is excluded from org.springframework:spring-web:4.3.9.RELEASE(runtime).
09:37:02.120 [DEBUG] [org.gradle.api.internal.artifacts.ivyservice.resolveengine.graph.DependencyGraphBuilder] org.springframework:spring-context is excluded from org.springframework:spring-web:4.3.9.RELEASE(runtime).
09:37:02.120 [DEBUG] [org.gradle.api.internal.artifacts.ivyservice.resolveengine.graph.DependencyGraphBuilder] org.springframework:spring-core is excluded from org.springframework:spring-web:4.3.9.RELEASE(runtime).
09:37:02.120 [DEBUG] [org.gradle.api.internal.artifacts.ivyservice.resolveengine.graph.DependencyGraphBuilder] Visiting configuration org.springframework:spring-context:4.3.9.RELEASE(runtime).
09:37:02.120 [DEBUG] [org.gradle.api.internal.artifacts.ivyservice.resolveengine.graph.DependencyGraphBuilder] org.springframework:spring-aop is excluded from org.springframework:spring-context:4.3.9.RELEASE(runtime).
09:37:02.120 [DEBUG] [org.gradle.api.internal.artifacts.ivyservice.resolveengine.graph.DependencyGraphBuilder] org.springframework:spring-beans is excluded from org.springframework:spring-context:4.3.9.RELEASE(runtime).
09:37:02.120 [DEBUG] [org.gradle.api.internal.artifacts.ivyservice.resolveengine.graph.DependencyGraphBuilder] org.springframework:spring-core is excluded from org.springframework:spring-context:4.3.9.RELEASE(runtime).
09:37:02.120 [DEBUG] [org.gradle.api.internal.artifacts.ivyservice.resolveengine.graph.DependencyGraphBuilder] org.springframework:spring-expression is excluded from org.springframework:spring-context:4.3.9.RELEASE(runtime).
09:37:02.120 [DEBUG] [org.gradle.api.internal.artifacts.ivyservice.resolveengine.graph.DependencyGraphBuilder] Visiting configuration org.grails:grails-datastore-gorm:6.1.6.RELEASE(runtime).
09:37:02.120 [DEBUG] [org.gradle.api.internal.artifacts.ivyservice.resolveengine.graph.DependencyGraphBuilder] Visiting dependency org.grails:grails-datastore-gorm:6.1.6.RELEASE(runtime) -> dependency: org.codehaus.groovy:groovy:2.4.11, scope: Runtime, optional: false
09:37:02.120 [DEBUG] [org.gradle.api.internal.artifacts.ivyservice.resolveengine.graph.DependencyGraphBuilder] Visiting dependency org.grails:grails-datastore-gorm:6.1.6.RELEASE(runtime) -> dependency: org.grails:grails-datastore-core:6.1.6.RELEASE, scope: Runtime, optional: false
09:37:02.120 [DEBUG] [org.gradle.api.internal.artifacts.ivyservice.resolveengine.graph.DependencyGraphBuilder] Visiting dependency org.grails:grails-datastore-gorm:6.1.6.RELEASE(runtime) -> dependency: org.grails:grails-datastore-gorm-validation:6.1.6.RELEASE, scope: Runtime, optional: false
09:37:02.120 [DEBUG] [org.gradle.api.internal.artifacts.ivyservice.resolveengine.graph.DependencyGraphBuilder] Selecting new module version org.grails:grails-datastore-gorm-validation:6.1.6.RELEASE
09:37:02.120 [DEBUG] [org.gradle.api.internal.artifacts.ivyservice.ivyresolve.RepositoryChainComponentMetaDataResolver] Attempting to resolve component for org.grails:grails-datastore-gorm-validation:6.1.6.RELEASE using repositories [MavenLocal, maven]
09:37:02.120 [DEBUG] [org.gradle.api.internal.artifacts.repositories.resolver.DefaultExternalResourceArtifactResolver] Loading file:/Users/michaelmennis/.m2/repository/org/grails/grails-datastore-gorm-validation/6.1.6.RELEASE/grails-datastore-gorm-validation-6.1.6.RELEASE.pom
09:37:02.120 [DEBUG] [org.gradle.api.internal.artifacts.repositories.resolver.DefaultExternalResourceArtifactResolver] Loading file:/Users/michaelmennis/.m2/repository/org/grails/grails-datastore-gorm-validation/6.1.6.RELEASE/grails-datastore-gorm-validation-6.1.6.RELEASE.jar
09:37:02.120 [DEBUG] [org.gradle.api.internal.artifacts.repositories.resolver.ExternalResourceResolver] No meta-data file or artifact found for module 'org.grails:grails-datastore-gorm-validation:6.1.6.RELEASE' in repository 'MavenLocal'.
09:37:02.121 [DEBUG] [org.gradle.api.internal.artifacts.ivyservice.ivyresolve.CachingModuleComponentRepository] Using cached module metadata for module 'org.grails:grails-datastore-gorm-validation:6.1.6.RELEASE' in 'maven'
09:37:02.121 [DEBUG] [org.gradle.api.internal.artifacts.ivyservice.ivyresolve.RepositoryChainComponentMetaDataResolver] Using org.grails:grails-datastore-gorm-validation:6.1.6.RELEASE from Maven repository 'maven'
09:37:02.121 [DEBUG] [org.gradle.api.internal.artifacts.ivyservice.resolveengine.graph.DependencyGraphBuilder] Visiting dependency org.grails:grails-datastore-gorm:6.1.6.RELEASE(runtime) -> dependency: org.slf4j:slf4j-api:1.7.22, scope: Runtime, optional: false
09:37:02.121 [DEBUG] [org.gradle.api.internal.artifacts.ivyservice.resolveengine.graph.DependencyGraphBuilder] Visiting configuration org.grails:grails-core:3.2.11(runtime).
09:37:02.122 [DEBUG] [org.gradle.api.internal.artifacts.ivyservice.resolveengine.graph.DependencyGraphBuilder] xalan:serializer is excluded from org.grails:grails-core:3.2.11(runtime).
09:37:02.122 [DEBUG] [org.gradle.api.internal.artifacts.ivyservice.resolveengine.graph.DependencyGraphBuilder] com.googlecode.concurrentlinkedhashmap:concurrentlinkedhashmap-lru is excluded from org.grails:grails-core:3.2.11(runtime).
09:37:02.122 [DEBUG] [org.gradle.api.internal.artifacts.ivyservice.resolveengine.graph.DependencyGraphBuilder] org.springframework:spring-beans is excluded from org.grails:grails-core:3.2.11(runtime).
09:37:02.122 [DEBUG] [org.gradle.api.internal.artifacts.ivyservice.resolveengine.graph.DependencyGraphBuilder] org.springframework:spring-context is excluded from org.grails:grails-core:3.2.11(runtime).
09:37:02.122 [DEBUG] [org.gradle.api.internal.artifacts.ivyservice.resolveengine.graph.DependencyGraphBuilder] org.grails:grails-bootstrap is excluded from org.grails:grails-core:3.2.11(runtime).
09:37:02.122 [DEBUG] [org.gradle.api.internal.artifacts.ivyservice.resolveengine.graph.DependencyGraphBuilder] org.grails:grails-spring is excluded from org.grails:grails-core:3.2.11(runtime).
09:37:02.122 [DEBUG] [org.gradle.api.internal.artifacts.ivyservice.resolveengine.graph.DependencyGraphBuilder] Visiting dependency org.grails:grails-core:3.2.11(runtime) -> dependency: org.codehaus.groovy:groovy:2.4.11, scope: Runtime, optional: false
09:37:02.122 [DEBUG] [org.gradle.api.internal.artifacts.ivyservice.resolveengine.graph.DependencyGraphBuilder] Visiting dependency org.grails:grails-core:3.2.11(runtime) -> dependency: org.slf4j:slf4j-api:1.7.22, scope: Runtime, optional: false
09:37:02.122 [DEBUG] [org.gradle.api.internal.artifacts.ivyservice.resolveengine.graph.DependencyGraphBuilder] Visiting dependency org.grails:grails-core:3.2.11(runtime) -> dependency: org.slf4j:jcl-over-slf4j:1.7.22, scope: Runtime, optional: false
09:37:02.122 [DEBUG] [org.gradle.api.internal.artifacts.ivyservice.resolveengine.graph.DependencyGraphBuilder] Visiting dependency org.grails:grails-core:3.2.11(runtime) -> dependency: org.hibernate.javax.persistence:hibernate-jpa-2.1-api:1.0.0.Final, scope: Runtime, optional: false
09:37:02.122 [DEBUG] [org.gradle.api.internal.artifacts.ivyservice.resolveengine.graph.DependencyGraphBuilder] Visiting dependency org.grails:grails-core:3.2.11(runtime) -> dependency: org.springframework.boot:spring-boot:1.4.6.RELEASE, scope: Runtime, optional: false
09:37:02.122 [DEBUG] [org.gradle.api.internal.artifacts.ivyservice.resolveengine.graph.DependencyGraphBuilder] Selecting new module version org.springframework.boot:spring-boot:1.4.6.RELEASE
09:37:02.122 [DEBUG] [org.gradle.api.internal.artifacts.ivyservice.ivyresolve.RepositoryChainComponentMetaDataResolver] Attempting to resolve component for org.springframework.boot:spring-boot:1.4.6.RELEASE using repositories [MavenLocal, maven]
09:37:02.122 [DEBUG] [org.gradle.api.internal.artifacts.repositories.resolver.DefaultExternalResourceArtifactResolver] Loading file:/Users/michaelmennis/.m2/repository/org/springframework/boot/spring-boot/1.4.6.RELEASE/spring-boot-1.4.6.RELEASE.pom
09:37:02.122 [DEBUG] [org.gradle.api.internal.artifacts.repositories.resolver.DefaultExternalResourceArtifactResolver] Loading file:/Users/michaelmennis/.m2/repository/org/springframework/boot/spring-boot/1.4.6.RELEASE/spring-boot-1.4.6.RELEASE.jar
09:37:02.123 [DEBUG] [org.gradle.api.internal.artifacts.repositories.resolver.ExternalResourceResolver] No meta-data file or artifact found for module 'org.springframework.boot:spring-boot:1.4.6.RELEASE' in repository 'MavenLocal'.
09:37:02.123 [DEBUG] [org.gradle.api.internal.artifacts.ivyservice.ivyresolve.CachingModuleComponentRepository] Using cached module metadata for module 'org.springframework.boot:spring-boot:1.4.6.RELEASE' in 'maven'
09:37:02.123 [DEBUG] [org.gradle.api.internal.artifacts.ivyservice.ivyresolve.RepositoryChainComponentMetaDataResolver] Using org.springframework.boot:spring-boot:1.4.6.RELEASE from Maven repository 'maven'
09:37:02.123 [DEBUG] [org.gradle.api.internal.artifacts.ivyservice.resolveengine.graph.DependencyGraphBuilder] Visiting dependency org.grails:grails-core:3.2.11(runtime) -> dependency: org.springframework:spring-core:4.3.9.RELEASE, scope: Runtime, optional: false
09:37:02.123 [DEBUG] [org.gradle.api.internal.artifacts.ivyservice.resolveengine.graph.DependencyGraphBuilder] Visiting dependency org.grails:grails-core:3.2.11(runtime) -> dependency: org.springframework:spring-tx:4.3.9.RELEASE, scope: Runtime, optional: false
09:37:02.123 [DEBUG] [org.gradle.api.internal.artifacts.ivyservice.resolveengine.graph.DependencyGraphBuilder] Visiting configuration org.grails:grails-datastore-gorm-hibernate-core:6.1.6.RELEASE(runtime).
09:37:02.123 [DEBUG] [org.gradle.api.internal.artifacts.ivyservice.resolveengine.graph.DependencyGraphBuilder] javax.transaction:jta is excluded from org.grails:grails-datastore-gorm-hibernate-core:6.1.6.RELEASE(runtime).
09:37:02.123 [DEBUG] [org.gradle.api.internal.artifacts.ivyservice.resolveengine.graph.DependencyGraphBuilder] Visiting dependency org.grails:grails-datastore-gorm-hibernate-core:6.1.6.RELEASE(runtime) -> dependency: org.codehaus.groovy:groovy:2.4.11, scope: Runtime, optional: false
09:37:02.123 [DEBUG] [org.gradle.api.internal.artifacts.ivyservice.resolveengine.graph.DependencyGraphBuilder] Visiting dependency org.grails:grails-datastore-gorm-hibernate-core:6.1.6.RELEASE(runtime) -> dependency: org.grails:grails-datastore-gorm:6.1.6.RELEASE, scope: Runtime, optional: false
09:37:02.123 [DEBUG] [org.gradle.api.internal.artifacts.ivyservice.resolveengine.graph.DependencyGraphBuilder] Visiting dependency org.grails:grails-datastore-gorm-hibernate-core:6.1.6.RELEASE(runtime) -> dependency: org.grails:grails-datastore-core:6.1.6.RELEASE, scope: Runtime, optional: false
09:37:02.123 [DEBUG] [org.gradle.api.internal.artifacts.ivyservice.resolveengine.graph.DependencyGraphBuilder] Visiting dependency org.grails:grails-datastore-gorm-hibernate-core:6.1.6.RELEASE(runtime) -> dependency: org.springframework:spring-jdbc:4.3.9.RELEASE, scope: Runtime, optional: false
09:37:02.123 [DEBUG] [org.gradle.api.internal.artifacts.ivyservice.resolveengine.graph.DependencyGraphBuilder] Selecting new module version org.springframework:spring-jdbc:4.3.9.RELEASE
09:37:02.123 [DEBUG] [org.gradle.api.internal.artifacts.ivyservice.ivyresolve.RepositoryChainComponentMetaDataResolver] Attempting to resolve component for org.springframework:spring-jdbc:4.3.9.RELEASE using repositories [MavenLocal, maven]
09:37:02.123 [DEBUG] [org.gradle.api.internal.artifacts.repositories.resolver.DefaultExternalResourceArtifactResolver] Loading file:/Users/michaelmennis/.m2/repository/org/springframework/spring-jdbc/4.3.9.RELEASE/spring-jdbc-4.3.9.RELEASE.pom
09:37:02.124 [DEBUG] [org.gradle.api.internal.artifacts.repositories.resolver.DefaultExternalResourceArtifactResolver] Loading file:/Users/michaelmennis/.m2/repository/org/springframework/spring-jdbc/4.3.9.RELEASE/spring-jdbc-4.3.9.RELEASE.jar
09:37:02.124 [DEBUG] [org.gradle.api.internal.artifacts.repositories.resolver.ExternalResourceResolver] No meta-data file or artifact found for module 'org.springframework:spring-jdbc:4.3.9.RELEASE' in repository 'MavenLocal'.
09:37:02.124 [DEBUG] [org.gradle.api.internal.artifacts.ivyservice.ivyresolve.CachingModuleComponentRepository] Using cached module metadata for module 'org.springframework:spring-jdbc:4.3.9.RELEASE' in 'maven'
09:37:02.124 [DEBUG] [org.gradle.api.internal.artifacts.ivyservice.ivyresolve.RepositoryChainComponentMetaDataResolver] Using org.springframework:spring-jdbc:4.3.9.RELEASE from Maven repository 'maven'
09:37:02.124 [DEBUG] [org.gradle.api.internal.artifacts.ivyservice.resolveengine.graph.DependencyGraphBuilder] Visiting dependency org.grails:grails-datastore-gorm-hibernate-core:6.1.6.RELEASE(runtime) -> dependency: org.springframework:spring-orm:4.3.9.RELEASE, scope: Runtime, optional: false
09:37:02.124 [DEBUG] [org.gradle.api.internal.artifacts.ivyservice.resolveengine.graph.DependencyGraphBuilder] Visiting dependency org.grails:grails-datastore-gorm-hibernate-core:6.1.6.RELEASE(runtime) -> dependency: org.javassist:javassist:3.21.0-GA, scope: Runtime, optional: false
09:37:02.124 [DEBUG] [org.gradle.api.internal.artifacts.ivyservice.resolveengine.graph.DependencyGraphBuilder] Visiting configuration org.hibernate:hibernate-core:5.1.5.Final(runtime).
09:37:02.124 [DEBUG] [org.gradle.api.internal.artifacts.ivyservice.resolveengine.graph.DependencyGraphBuilder] Changed edges for org.hibernate:hibernate-core:5.1.5.Final(runtime) selects same versions as previous traversal. ignoring
09:37:02.124 [DEBUG] [org.gradle.api.internal.artifacts.ivyservice.resolveengine.graph.DependencyGraphBuilder] Visiting configuration org.hibernate:hibernate-validator:5.2.5.Final(runtime).
09:37:02.124 [DEBUG] [org.gradle.api.internal.artifacts.ivyservice.resolveengine.graph.DependencyGraphBuilder] Visiting dependency org.hibernate:hibernate-validator:5.2.5.Final(runtime) -> dependency: javax.validation:validation-api:1.1.0.Final, scope: Compile, optional: false
09:37:02.124 [DEBUG] [org.gradle.api.internal.artifacts.ivyservice.resolveengine.graph.DependencyGraphBuilder] Selecting new module version javax.validation:validation-api:1.1.0.Final
09:37:02.124 [DEBUG] [org.gradle.api.internal.artifacts.ivyservice.ivyresolve.RepositoryChainComponentMetaDataResolver] Attempting to resolve component for javax.validation:validation-api:1.1.0.Final using repositories [MavenLocal, maven]
09:37:02.124 [DEBUG] [org.gradle.api.internal.artifacts.repositories.resolver.DefaultExternalResourceArtifactResolver] Loading file:/Users/michaelmennis/.m2/repository/javax/validation/validation-api/1.1.0.Final/validation-api-1.1.0.Final.pom
09:37:02.125 [DEBUG] [org.gradle.api.internal.artifacts.repositories.resolver.DefaultExternalResourceArtifactResolver] Loading file:/Users/michaelmennis/.m2/repository/javax/validation/validation-api/1.1.0.Final/validation-api-1.1.0.Final.jar
09:37:02.125 [DEBUG] [org.gradle.api.internal.artifacts.repositories.resolver.ExternalResourceResolver] Metadata file found for module 'javax.validation:validation-api:1.1.0.Final' in repository 'MavenLocal'.
09:37:02.125 [DEBUG] [org.gradle.api.internal.artifacts.ivyservice.ivyresolve.RepositoryChainComponentMetaDataResolver] Using javax.validation:validation-api:1.1.0.Final from Maven repository 'MavenLocal'
09:37:02.125 [DEBUG] [org.gradle.api.internal.artifacts.ivyservice.resolveengine.graph.DependencyGraphBuilder] Visiting dependency org.hibernate:hibernate-validator:5.2.5.Final(runtime) -> dependency: org.jboss.logging:jboss-logging:3.2.1.Final, scope: Compile, optional: false
09:37:02.125 [DEBUG] [org.gradle.api.internal.artifacts.ivyservice.resolveengine.graph.DependencyGraphBuilder] Found new conflicting module version org.jboss.logging:jboss-logging:3.2.1.Final
09:37:02.126 [DEBUG] [org.gradle.api.internal.artifacts.ivyservice.resolveengine.graph.DependencyGraphBuilder] Visiting dependency org.hibernate:hibernate-validator:5.2.5.Final(runtime) -> dependency: com.fasterxml:classmate:1.1.0, scope: Compile, optional: false
09:37:02.126 [DEBUG] [org.gradle.api.internal.artifacts.ivyservice.resolveengine.graph.DependencyGraphBuilder] Found new conflicting module version com.fasterxml:classmate:1.1.0
09:37:02.126 [DEBUG] [org.gradle.api.internal.artifacts.ivyservice.resolveengine.graph.DependencyGraphBuilder] Visiting configuration javax.el:javax.el-api:2.2.4(runtime).
09:37:02.126 [DEBUG] [org.gradle.api.internal.artifacts.ivyservice.resolveengine.graph.DependencyGraphBuilder] Visiting configuration org.mozilla:rhino:1.7R4(runtime).
09:37:02.126 [DEBUG] [org.gradle.api.internal.artifacts.ivyservice.resolveengine.graph.DependencyGraphBuilder] Visiting configuration com.google.javascript:closure-compiler-unshaded:v20160713(runtime).
09:37:02.126 [DEBUG] [org.gradle.api.internal.artifacts.ivyservice.resolveengine.graph.DependencyGraphBuilder] Visiting dependency com.google.javascript:closure-compiler-unshaded:v20160713(runtime) -> dependency: com.google.javascript:closure-compiler-externs:v20160713, scope: Compile, optional: false
09:37:02.126 [DEBUG] [org.gradle.api.internal.artifacts.ivyservice.resolveengine.graph.DependencyGraphBuilder] Selecting new module version com.google.javascript:closure-compiler-externs:v20160713
09:37:02.126 [DEBUG] [org.gradle.api.internal.artifacts.ivyservice.ivyresolve.RepositoryChainComponentMetaDataResolver] Attempting to resolve component for com.google.javascript:closure-compiler-externs:v20160713 using repositories [MavenLocal, maven]
09:37:02.126 [DEBUG] [org.gradle.api.internal.artifacts.repositories.resolver.DefaultExternalResourceArtifactResolver] Loading file:/Users/michaelmennis/.m2/repository/com/google/javascript/closure-compiler-externs/v20160713/closure-compiler-externs-v20160713.pom
09:37:02.126 [DEBUG] [org.gradle.api.internal.artifacts.repositories.resolver.DefaultExternalResourceArtifactResolver] Loading file:/Users/michaelmennis/.m2/repository/com/google/javascript/closure-compiler-externs/v20160713/closure-compiler-externs-v20160713.jar
09:37:02.126 [DEBUG] [org.gradle.api.internal.artifacts.repositories.resolver.ExternalResourceResolver] No meta-data file or artifact found for module 'com.google.javascript:closure-compiler-externs:v20160713' in repository 'MavenLocal'.
09:37:02.127 [DEBUG] [org.gradle.api.internal.artifacts.ivyservice.ivyresolve.CachingModuleComponentRepository] Using cached module metadata for module 'com.google.javascript:closure-compiler-externs:v20160713' in 'maven'
09:37:02.127 [DEBUG] [org.gradle.api.internal.artifacts.ivyservice.ivyresolve.RepositoryChainComponentMetaDataResolver] Using com.google.javascript:closure-compiler-externs:v20160713 from Maven repository 'maven'
09:37:02.127 [DEBUG] [org.gradle.api.internal.artifacts.ivyservice.resolveengine.graph.DependencyGraphBuilder] Visiting dependency com.google.javascript:closure-compiler-unshaded:v20160713(runtime) -> dependency: args4j:args4j:2.0.26, scope: Compile, optional: false
09:37:02.127 [DEBUG] [org.gradle.api.internal.artifacts.ivyservice.resolveengine.graph.DependencyGraphBuilder] Selecting new module version args4j:args4j:2.0.26
09:37:02.127 [DEBUG] [org.gradle.api.internal.artifacts.ivyservice.ivyresolve.RepositoryChainComponentMetaDataResolver] Attempting to resolve component for args4j:args4j:2.0.26 using repositories [MavenLocal, maven]
09:37:02.127 [DEBUG] [org.gradle.api.internal.artifacts.repositories.resolver.DefaultExternalResourceArtifactResolver] Loading file:/Users/michaelmennis/.m2/repository/args4j/args4j/2.0.26/args4j-2.0.26.pom
09:37:02.127 [DEBUG] [org.gradle.api.internal.artifacts.repositories.resolver.DefaultExternalResourceArtifactResolver] Loading file:/Users/michaelmennis/.m2/repository/args4j/args4j/2.0.26/args4j-2.0.26.jar
09:37:02.127 [DEBUG] [org.gradle.api.internal.artifacts.repositories.resolver.ExternalResourceResolver] No meta-data file or artifact found for module 'args4j:args4j:2.0.26' in repository 'MavenLocal'.
09:37:02.127 [DEBUG] [org.gradle.api.internal.artifacts.ivyservice.ivyresolve.CachingModuleComponentRepository] Using cached module metadata for module 'args4j:args4j:2.0.26' in 'maven'
09:37:02.127 [DEBUG] [org.gradle.api.internal.artifacts.ivyservice.ivyresolve.RepositoryChainComponentMetaDataResolver] Using args4j:args4j:2.0.26 from Maven repository 'maven'
09:37:02.127 [DEBUG] [org.gradle.api.internal.artifacts.ivyservice.resolveengine.graph.DependencyGraphBuilder] Visiting dependency com.google.javascript:closure-compiler-unshaded:v20160713(runtime) -> dependency: com.google.guava:guava:19.0, scope: Compile, optional: false
09:37:02.127 [DEBUG] [org.gradle.api.internal.artifacts.ivyservice.resolveengine.graph.DependencyGraphBuilder] Selecting new module version com.google.guava:guava:19.0
09:37:02.127 [DEBUG] [org.gradle.api.internal.artifacts.ivyservice.ivyresolve.RepositoryChainComponentMetaDataResolver] Attempting to resolve component for com.google.guava:guava:19.0 using repositories [MavenLocal, maven]
09:37:02.127 [DEBUG] [org.gradle.api.internal.artifacts.repositories.resolver.DefaultExternalResourceArtifactResolver] Loading file:/Users/michaelmennis/.m2/repository/com/google/guava/guava/19.0/guava-19.0.pom
09:37:02.128 [DEBUG] [org.gradle.api.internal.artifacts.ivyservice.ivyresolve.RepositoryChainComponentMetaDataResolver] Attempting to resolve component for com.google.guava:guava-parent:19.0 using repositories [MavenLocal, maven]
09:37:02.128 [DEBUG] [org.gradle.api.internal.artifacts.repositories.resolver.DefaultExternalResourceArtifactResolver] Loading file:/Users/michaelmennis/.m2/repository/com/google/guava/guava-parent/19.0/guava-parent-19.0.pom
09:37:02.129 [DEBUG] [org.gradle.api.internal.artifacts.ivyservice.ivyresolve.RepositoryChainComponentMetaDataResolver] Attempting to resolve component for org.sonatype.oss:oss-parent:7 using repositories [MavenLocal, maven]
09:37:02.129 [DEBUG] [org.gradle.api.internal.artifacts.ivyservice.ivyresolve.RepositoryChainComponentMetaDataResolver] Using org.sonatype.oss:oss-parent:7 from Maven repository 'MavenLocal'
09:37:02.130 [DEBUG] [org.gradle.api.internal.artifacts.repositories.resolver.ExternalResourceResolver] Metadata file found for module 'com.google.guava:guava-parent:19.0' in repository 'MavenLocal'.
09:37:02.130 [DEBUG] [org.gradle.api.internal.artifacts.ivyservice.ivyresolve.RepositoryChainComponentMetaDataResolver] Using com.google.guava:guava-parent:19.0 from Maven repository 'MavenLocal'
09:37:02.130 [DEBUG] [org.gradle.api.internal.artifacts.repositories.resolver.DefaultExternalResourceArtifactResolver] Loading file:/Users/michaelmennis/.m2/repository/com/google/guava/guava-parent/19.0/guava-parent-19.0.pom
09:37:02.131 [DEBUG] [org.gradle.api.internal.artifacts.ivyservice.ivyresolve.RepositoryChainComponentMetaDataResolver] Attempting to resolve component for org.sonatype.oss:oss-parent:7 using repositories [MavenLocal, maven]
09:37:02.131 [DEBUG] [org.gradle.api.internal.artifacts.ivyservice.ivyresolve.RepositoryChainComponentMetaDataResolver] Using org.sonatype.oss:oss-parent:7 from Maven repository 'MavenLocal'
09:37:02.133 [DEBUG] [org.gradle.api.internal.artifacts.repositories.resolver.DefaultExternalResourceArtifactResolver] Loading file:/Users/michaelmennis/.m2/repository/com/google/guava/guava/19.0/guava-19.0.jar
09:37:02.133 [DEBUG] [org.gradle.api.internal.artifacts.repositories.resolver.ExternalResourceResolver] Metadata file found for module 'com.google.guava:guava:19.0' in repository 'MavenLocal'.
09:37:02.133 [DEBUG] [org.gradle.api.internal.artifacts.ivyservice.ivyresolve.RepositoryChainComponentMetaDataResolver] Using com.google.guava:guava:19.0 from Maven repository 'MavenLocal'
09:37:02.133 [DEBUG] [org.gradle.api.internal.artifacts.ivyservice.resolveengine.graph.DependencyGraphBuilder] Visiting dependency com.google.javascript:closure-compiler-unshaded:v20160713(runtime) -> dependency: com.google.protobuf:protobuf-java:2.5.0, scope: Compile, optional: false
09:37:02.133 [DEBUG] [org.gradle.api.internal.artifacts.ivyservice.resolveengine.graph.DependencyGraphBuilder] Selecting new module version com.google.protobuf:protobuf-java:2.5.0
09:37:02.133 [DEBUG] [org.gradle.api.internal.artifacts.ivyservice.ivyresolve.RepositoryChainComponentMetaDataResolver] Attempting to resolve component for com.google.protobuf:protobuf-java:2.5.0 using repositories [MavenLocal, maven]
09:37:02.133 [DEBUG] [org.gradle.api.internal.artifacts.repositories.resolver.DefaultExternalResourceArtifactResolver] Loading file:/Users/michaelmennis/.m2/repository/com/google/protobuf/protobuf-java/2.5.0/protobuf-java-2.5.0.pom
09:37:02.134 [DEBUG] [org.gradle.api.internal.artifacts.ivyservice.ivyresolve.RepositoryChainComponentMetaDataResolver] Attempting to resolve component for com.google:google:1 using repositories [MavenLocal, maven]
09:37:02.134 [DEBUG] [org.gradle.api.internal.artifacts.repositories.resolver.DefaultExternalResourceArtifactResolver] Loading file:/Users/michaelmennis/.m2/repository/com/google/google/1/google-1.pom
09:37:02.135 [DEBUG] [org.gradle.api.internal.artifacts.repositories.resolver.ExternalResourceResolver] Metadata file found for module 'com.google:google:1' in repository 'MavenLocal'.
09:37:02.135 [DEBUG] [org.gradle.api.internal.artifacts.ivyservice.ivyresolve.RepositoryChainComponentMetaDataResolver] Using com.google:google:1 from Maven repository 'MavenLocal'
09:37:02.135 [DEBUG] [org.gradle.api.internal.artifacts.repositories.resolver.DefaultExternalResourceArtifactResolver] Loading file:/Users/michaelmennis/.m2/repository/com/google/google/1/google-1.pom
09:37:02.136 [DEBUG] [org.gradle.api.internal.artifacts.repositories.resolver.DefaultExternalResourceArtifactResolver] Loading file:/Users/michaelmennis/.m2/repository/com/google/protobuf/protobuf-java/2.5.0/protobuf-java-2.5.0.jar
09:37:02.136 [DEBUG] [org.gradle.api.internal.artifacts.repositories.resolver.ExternalResourceResolver] Metadata file found for module 'com.google.protobuf:protobuf-java:2.5.0' in repository 'MavenLocal'.
09:37:02.136 [DEBUG] [org.gradle.api.internal.artifacts.ivyservice.ivyresolve.RepositoryChainComponentMetaDataResolver] Using com.google.protobuf:protobuf-java:2.5.0 from Maven repository 'MavenLocal'
09:37:02.136 [DEBUG] [org.gradle.api.internal.artifacts.ivyservice.resolveengine.graph.DependencyGraphBuilder] Visiting dependency com.google.javascript:closure-compiler-unshaded:v20160713(runtime) -> dependency: com.google.code.gson:gson:2.2.4, scope: Compile, optional: false
09:37:02.136 [DEBUG] [org.gradle.api.internal.artifacts.ivyservice.resolveengine.graph.DependencyGraphBuilder] Selecting new module version com.google.code.gson:gson:2.2.4
09:37:02.136 [DEBUG] [org.gradle.api.internal.artifacts.ivyservice.ivyresolve.RepositoryChainComponentMetaDataResolver] Attempting to resolve component for com.google.code.gson:gson:2.2.4 using repositories [MavenLocal, maven]
09:37:02.136 [DEBUG] [org.gradle.api.internal.artifacts.repositories.resolver.DefaultExternalResourceArtifactResolver] Loading file:/Users/michaelmennis/.m2/repository/com/google/code/gson/gson/2.2.4/gson-2.2.4.pom
09:37:02.137 [DEBUG] [org.gradle.api.internal.artifacts.ivyservice.ivyresolve.RepositoryChainComponentMetaDataResolver] Attempting to resolve component for org.sonatype.oss:oss-parent:7 using repositories [MavenLocal, maven]
09:37:02.137 [DEBUG] [org.gradle.api.internal.artifacts.ivyservice.ivyresolve.RepositoryChainComponentMetaDataResolver] Using org.sonatype.oss:oss-parent:7 from Maven repository 'MavenLocal'
09:37:02.138 [DEBUG] [org.gradle.api.internal.artifacts.repositories.resolver.DefaultExternalResourceArtifactResolver] Loading file:/Users/michaelmennis/.m2/repository/com/google/code/gson/gson/2.2.4/gson-2.2.4.jar
09:37:02.138 [DEBUG] [org.gradle.api.internal.artifacts.repositories.resolver.ExternalResourceResolver] Metadata file found for module 'com.google.code.gson:gson:2.2.4' in repository 'MavenLocal'.
09:37:02.138 [DEBUG] [org.gradle.api.internal.artifacts.ivyservice.ivyresolve.RepositoryChainComponentMetaDataResolver] Using com.google.code.gson:gson:2.2.4 from Maven repository 'MavenLocal'
09:37:02.138 [DEBUG] [org.gradle.api.internal.artifacts.ivyservice.resolveengine.graph.DependencyGraphBuilder] Visiting dependency com.google.javascript:closure-compiler-unshaded:v20160713(runtime) -> dependency: com.google.code.findbugs:jsr305:1.3.9, scope: Compile, optional: false
09:37:02.138 [DEBUG] [org.gradle.api.internal.artifacts.ivyservice.resolveengine.graph.DependencyGraphBuilder] Selecting new module version com.google.code.findbugs:jsr305:1.3.9
09:37:02.138 [DEBUG] [org.gradle.api.internal.artifacts.ivyservice.ivyresolve.RepositoryChainComponentMetaDataResolver] Attempting to resolve component for com.google.code.findbugs:jsr305:1.3.9 using repositories [MavenLocal, maven]
09:37:02.138 [DEBUG] [org.gradle.api.internal.artifacts.repositories.resolver.DefaultExternalResourceArtifactResolver] Loading file:/Users/michaelmennis/.m2/repository/com/google/code/findbugs/jsr305/1.3.9/jsr305-1.3.9.pom
09:37:02.139 [DEBUG] [org.gradle.api.internal.artifacts.repositories.resolver.DefaultExternalResourceArtifactResolver] Loading file:/Users/michaelmennis/.m2/repository/com/google/code/findbugs/jsr305/1.3.9/jsr305-1.3.9.jar
09:37:02.140 [DEBUG] [org.gradle.api.internal.artifacts.repositories.resolver.ExternalResourceResolver] Metadata file found for module 'com.google.code.findbugs:jsr305:1.3.9' in repository 'MavenLocal'.
09:37:02.140 [DEBUG] [org.gradle.api.internal.artifacts.ivyservice.ivyresolve.RepositoryChainComponentMetaDataResolver] Using com.google.code.findbugs:jsr305:1.3.9 from Maven repository 'MavenLocal'
09:37:02.140 [DEBUG] [org.gradle.api.internal.artifacts.ivyservice.resolveengine.graph.DependencyGraphBuilder] Visiting configuration commons-logging:commons-logging:1.1.1(runtime).
09:37:02.140 [DEBUG] [org.gradle.api.internal.artifacts.ivyservice.resolveengine.graph.DependencyGraphBuilder] Visiting configuration org.apache.ant:ant-launcher:1.9.7(runtime).
09:37:02.140 [DEBUG] [org.gradle.api.internal.artifacts.ivyservice.resolveengine.graph.DependencyGraphBuilder] version for org.apache.ant:ant-launcher:1.9.7(runtime) is not selected. ignoring.
09:37:02.140 [DEBUG] [org.gradle.api.internal.artifacts.ivyservice.resolveengine.graph.DependencyGraphBuilder] Visiting configuration org.apache.ant:ant-antlr:1.9.4(runtime).
09:37:02.140 [DEBUG] [org.gradle.api.internal.artifacts.ivyservice.resolveengine.graph.DependencyGraphBuilder] Visiting configuration org.apache.ant:ant-junit:1.9.4(runtime).
09:37:02.140 [DEBUG] [org.gradle.api.internal.artifacts.ivyservice.resolveengine.graph.DependencyGraphBuilder] junit:junit is excluded from org.apache.ant:ant-junit:1.9.4(runtime).
09:37:02.140 [DEBUG] [org.gradle.api.internal.artifacts.ivyservice.resolveengine.graph.DependencyGraphBuilder] Visiting dependency org.apache.ant:ant-junit:1.9.4(runtime) -> dependency: org.apache.ant:ant:1.9.4, scope: Compile, optional: false
09:37:02.141 [DEBUG] [org.gradle.api.internal.artifacts.ivyservice.resolveengine.graph.DependencyGraphBuilder] Visiting configuration org.codehaus.groovy:groovy-groovydoc:2.4.11(runtime).
09:37:02.141 [DEBUG] [org.gradle.api.internal.artifacts.ivyservice.resolveengine.graph.DependencyGraphBuilder] Visiting dependency org.codehaus.groovy:groovy-groovydoc:2.4.11(runtime) -> dependency: org.codehaus.groovy:groovy-templates:2.4.11, scope: Compile, optional: false
09:37:02.141 [DEBUG] [org.gradle.api.internal.artifacts.ivyservice.resolveengine.graph.DependencyGraphBuilder] Visiting dependency org.codehaus.groovy:groovy-groovydoc:2.4.11(runtime) -> dependency: org.codehaus.groovy:groovy:2.4.11, scope: Compile, optional: false
09:37:02.141 [DEBUG] [org.gradle.api.internal.artifacts.ivyservice.resolveengine.graph.DependencyGraphBuilder] Visiting configuration org.codehaus.groovy:groovy:2.4.11(runtime).
09:37:02.141 [DEBUG] [org.gradle.api.internal.artifacts.ivyservice.resolveengine.graph.DependencyGraphBuilder] Changed edges for org.codehaus.groovy:groovy:2.4.11(runtime) selects same versions as previous traversal. ignoring
09:37:02.141 [DEBUG] [org.gradle.api.internal.artifacts.ivyservice.resolveengine.graph.DependencyGraphBuilder] Visiting configuration com.vaadin.external.google:android-json:0.0.20131108.vaadin1(runtime).
09:37:02.141 [DEBUG] [org.gradle.api.internal.artifacts.ivyservice.resolveengine.graph.DependencyGraphBuilder] Visiting configuration net.sf.jopt-simple:jopt-simple:4.6(runtime).
09:37:02.141 [DEBUG] [org.gradle.api.internal.artifacts.ivyservice.resolveengine.graph.DependencyGraphBuilder] Visiting configuration org.springframework:spring-core:4.3.9.RELEASE(runtime).
09:37:02.141 [DEBUG] [org.gradle.api.internal.artifacts.ivyservice.resolveengine.graph.DependencyGraphBuilder] Visiting dependency org.springframework:spring-core:4.3.9.RELEASE(runtime) -> dependency: commons-logging:commons-logging:1.2, scope: Compile, optional: false
09:37:02.142 [DEBUG] [org.gradle.api.internal.artifacts.ivyservice.resolveengine.graph.DependencyGraphBuilder] Found new conflicting module version commons-logging:commons-logging:1.2
09:37:02.142 [DEBUG] [org.gradle.api.internal.artifacts.ivyservice.resolveengine.graph.DependencyGraphBuilder] Visiting configuration org.apache.maven:maven-aether-provider:3.2.1(runtime).
09:37:02.142 [DEBUG] [org.gradle.api.internal.artifacts.ivyservice.resolveengine.graph.DependencyGraphBuilder] Visiting dependency org.apache.maven:maven-aether-provider:3.2.1(runtime) -> dependency: org.apache.maven:maven-model:3.2.1, scope: Compile, optional: false
09:37:02.142 [DEBUG] [org.gradle.api.internal.artifacts.ivyservice.resolveengine.graph.DependencyGraphBuilder] Found new conflicting module version org.apache.maven:maven-model:3.2.1
09:37:02.142 [DEBUG] [org.gradle.api.internal.artifacts.ivyservice.resolveengine.graph.DependencyGraphBuilder] Visiting dependency org.apache.maven:maven-aether-provider:3.2.1(runtime) -> dependency: org.apache.maven:maven-model-builder:3.2.1, scope: Compile, optional: false
09:37:02.142 [DEBUG] [org.gradle.api.internal.artifacts.ivyservice.resolveengine.graph.DependencyGraphBuilder] Selecting new module version org.apache.maven:maven-model-builder:3.2.1
09:37:02.142 [DEBUG] [org.gradle.api.internal.artifacts.ivyservice.ivyresolve.RepositoryChainComponentMetaDataResolver] Attempting to resolve component for org.apache.maven:maven-model-builder:3.2.1 using repositories [MavenLocal, maven]
09:37:02.142 [DEBUG] [org.gradle.api.internal.artifacts.repositories.resolver.DefaultExternalResourceArtifactResolver] Loading file:/Users/michaelmennis/.m2/repository/org/apache/maven/maven-model-builder/3.2.1/maven-model-builder-3.2.1.pom
09:37:02.142 [DEBUG] [org.gradle.api.internal.artifacts.repositories.resolver.DefaultExternalResourceArtifactResolver] Loading file:/Users/michaelmennis/.m2/repository/org/apache/maven/maven-model-builder/3.2.1/maven-model-builder-3.2.1.jar
09:37:02.142 [DEBUG] [org.gradle.api.internal.artifacts.repositories.resolver.ExternalResourceResolver] No meta-data file or artifact found for module 'org.apache.maven:maven-model-builder:3.2.1' in repository 'MavenLocal'.
09:37:02.143 [DEBUG] [org.gradle.api.internal.artifacts.ivyservice.ivyresolve.CachingModuleComponentRepository] Using cached module metadata for module 'org.apache.maven:maven-model-builder:3.2.1' in 'maven'
09:37:02.143 [DEBUG] [org.gradle.api.internal.artifacts.ivyservice.ivyresolve.RepositoryChainComponentMetaDataResolver] Using org.apache.maven:maven-model-builder:3.2.1 from Maven repository 'maven'
09:37:02.143 [DEBUG] [org.gradle.api.internal.artifacts.ivyservice.resolveengine.graph.DependencyGraphBuilder] Visiting dependency org.apache.maven:maven-aether-provider:3.2.1(runtime) -> dependency: org.apache.maven:maven-repository-metadata:3.2.1, scope: Compile, optional: false
09:37:02.143 [DEBUG] [org.gradle.api.internal.artifacts.ivyservice.resolveengine.graph.DependencyGraphBuilder] Selecting new module version org.apache.maven:maven-repository-metadata:3.2.1
09:37:02.143 [DEBUG] [org.gradle.api.internal.artifacts.ivyservice.ivyresolve.RepositoryChainComponentMetaDataResolver] Attempting to resolve component for org.apache.maven:maven-repository-metadata:3.2.1 using repositories [MavenLocal, maven]
09:37:02.144 [DEBUG] [org.gradle.api.internal.artifacts.repositories.resolver.DefaultExternalResourceArtifactResolver] Loading file:/Users/michaelmennis/.m2/repository/org/apache/maven/maven-repository-metadata/3.2.1/maven-repository-metadata-3.2.1.pom
09:37:02.144 [DEBUG] [org.gradle.api.internal.artifacts.repositories.resolver.DefaultExternalResourceArtifactResolver] Loading file:/Users/michaelmennis/.m2/repository/org/apache/maven/maven-repository-metadata/3.2.1/maven-repository-metadata-3.2.1.jar
09:37:02.144 [DEBUG] [org.gradle.api.internal.artifacts.repositories.resolver.ExternalResourceResolver] No meta-data file or artifact found for module 'org.apache.maven:maven-repository-metadata:3.2.1' in repository 'MavenLocal'.
09:37:02.144 [DEBUG] [org.gradle.api.internal.artifacts.ivyservice.ivyresolve.CachingModuleComponentRepository] Using cached module metadata for module 'org.apache.maven:maven-repository-metadata:3.2.1' in 'maven'
09:37:02.144 [DEBUG] [org.gradle.api.internal.artifacts.ivyservice.ivyresolve.RepositoryChainComponentMetaDataResolver] Using org.apache.maven:maven-repository-metadata:3.2.1 from Maven repository 'maven'
09:37:02.144 [DEBUG] [org.gradle.api.internal.artifacts.ivyservice.resolveengine.graph.DependencyGraphBuilder] Visiting dependency org.apache.maven:maven-aether-provider:3.2.1(runtime) -> dependency: org.eclipse.aether:aether-api:0.9.0.M2, scope: Compile, optional: false
09:37:02.145 [DEBUG] [org.gradle.api.internal.artifacts.ivyservice.resolveengine.graph.DependencyGraphBuilder] Found new conflicting module version org.eclipse.aether:aether-api:0.9.0.M2
09:37:02.145 [DEBUG] [org.gradle.api.internal.artifacts.ivyservice.resolveengine.graph.DependencyGraphBuilder] Visiting dependency org.apache.maven:maven-aether-provider:3.2.1(runtime) -> dependency: org.eclipse.aether:aether-spi:0.9.0.M2, scope: Compile, optional: false
09:37:02.145 [DEBUG] [org.gradle.api.internal.artifacts.ivyservice.resolveengine.graph.DependencyGraphBuilder] Found new conflicting module version org.eclipse.aether:aether-spi:0.9.0.M2
09:37:02.145 [DEBUG] [org.gradle.api.internal.artifacts.ivyservice.resolveengine.graph.DependencyGraphBuilder] Visiting dependency org.apache.maven:maven-aether-provider:3.2.1(runtime) -> dependency: org.eclipse.aether:aether-util:0.9.0.M2, scope: Compile, optional: false
09:37:02.145 [DEBUG] [org.gradle.api.internal.artifacts.ivyservice.resolveengine.graph.DependencyGraphBuilder] Found new conflicting module version org.eclipse.aether:aether-util:0.9.0.M2
09:37:02.146 [DEBUG] [org.gradle.api.internal.artifacts.ivyservice.resolveengine.graph.DependencyGraphBuilder] Visiting dependency org.apache.maven:maven-aether-provider:3.2.1(runtime) -> dependency: org.eclipse.aether:aether-impl:0.9.0.M2, scope: Compile, optional: false
09:37:02.146 [DEBUG] [org.gradle.api.internal.artifacts.ivyservice.resolveengine.graph.DependencyGraphBuilder] Found new conflicting module version org.eclipse.aether:aether-impl:0.9.0.M2
09:37:02.146 [DEBUG] [org.gradle.api.internal.artifacts.ivyservice.resolveengine.graph.DependencyGraphBuilder] Visiting dependency org.apache.maven:maven-aether-provider:3.2.1(runtime) -> dependency: org.codehaus.plexus:plexus-component-annotations:1.5.5, scope: Compile, optional: false
09:37:02.146 [DEBUG] [org.gradle.api.internal.artifacts.ivyservice.resolveengine.graph.DependencyGraphBuilder] Selecting new module version org.codehaus.plexus:plexus-component-annotations:1.5.5
09:37:02.147 [DEBUG] [org.gradle.api.internal.artifacts.ivyservice.ivyresolve.RepositoryChainComponentMetaDataResolver] Attempting to resolve component for org.codehaus.plexus:plexus-component-annotations:1.5.5 using repositories [MavenLocal, maven]
09:37:02.147 [DEBUG] [org.gradle.api.internal.artifacts.repositories.resolver.DefaultExternalResourceArtifactResolver] Loading file:/Users/michaelmennis/.m2/repository/org/codehaus/plexus/plexus-component-annotations/1.5.5/plexus-component-annotations-1.5.5.pom
09:37:02.148 [DEBUG] [org.gradle.api.internal.artifacts.ivyservice.ivyresolve.RepositoryChainComponentMetaDataResolver] Attempting to resolve component for org.codehaus.plexus:plexus-containers:1.5.5 using repositories [MavenLocal, maven]
09:37:02.148 [DEBUG] [org.gradle.api.internal.artifacts.repositories.resolver.DefaultExternalResourceArtifactResolver] Loading file:/Users/michaelmennis/.m2/repository/org/codehaus/plexus/plexus-containers/1.5.5/plexus-containers-1.5.5.pom
09:37:02.149 [DEBUG] [org.gradle.api.internal.artifacts.ivyservice.ivyresolve.RepositoryChainComponentMetaDataResolver] Attempting to resolve component for org.codehaus.plexus:plexus:2.0.7 using repositories [MavenLocal, maven]
09:37:02.149 [DEBUG] [org.gradle.api.internal.artifacts.repositories.resolver.DefaultExternalResourceArtifactResolver] Loading file:/Users/michaelmennis/.m2/repository/org/codehaus/plexus/plexus/2.0.7/plexus-2.0.7.pom
09:37:02.151 [DEBUG] [org.gradle.api.internal.artifacts.repositories.resolver.ExternalResourceResolver] Metadata file found for module 'org.codehaus.plexus:plexus:2.0.7' in repository 'MavenLocal'.
09:37:02.151 [DEBUG] [org.gradle.api.internal.artifacts.ivyservice.ivyresolve.RepositoryChainComponentMetaDataResolver] Using org.codehaus.plexus:plexus:2.0.7 from Maven repository 'MavenLocal'
09:37:02.151 [DEBUG] [org.gradle.api.internal.artifacts.repositories.resolver.DefaultExternalResourceArtifactResolver] Loading file:/Users/michaelmennis/.m2/repository/org/codehaus/plexus/plexus/2.0.7/plexus-2.0.7.pom
09:37:02.157 [DEBUG] [org.gradle.api.internal.artifacts.repositories.resolver.ExternalResourceResolver] Metadata file found for module 'org.codehaus.plexus:plexus-containers:1.5.5' in repository 'MavenLocal'.
09:37:02.158 [DEBUG] [org.gradle.api.internal.artifacts.ivyservice.ivyresolve.RepositoryChainComponentMetaDataResolver] Using org.codehaus.plexus:plexus-containers:1.5.5 from Maven repository 'MavenLocal'
09:37:02.159 [DEBUG] [org.gradle.api.internal.artifacts.repositories.resolver.DefaultExternalResourceArtifactResolver] Loading file:/Users/michaelmennis/.m2/repository/org/codehaus/plexus/plexus-containers/1.5.5/plexus-containers-1.5.5.pom
09:37:02.160 [DEBUG] [org.gradle.api.internal.artifacts.ivyservice.ivyresolve.RepositoryChainComponentMetaDataResolver] Attempting to resolve component for org.codehaus.plexus:plexus:2.0.7 using repositories [MavenLocal, maven]
09:37:02.160 [DEBUG] [org.gradle.api.internal.artifacts.ivyservice.ivyresolve.RepositoryChainComponentMetaDataResolver] Using org.codehaus.plexus:plexus:2.0.7 from Maven repository 'MavenLocal'
09:37:02.162 [DEBUG] [org.gradle.api.internal.artifacts.repositories.resolver.DefaultExternalResourceArtifactResolver] Loading file:/Users/michaelmennis/.m2/repository/org/codehaus/plexus/plexus-component-annotations/1.5.5/plexus-component-annotations-1.5.5.jar
09:37:02.163 [DEBUG] [org.gradle.api.internal.artifacts.repositories.resolver.ExternalResourceResolver] Metadata file found for module 'org.codehaus.plexus:plexus-component-annotations:1.5.5' in repository 'MavenLocal'.
09:37:02.163 [DEBUG] [org.gradle.api.internal.artifacts.ivyservice.ivyresolve.RepositoryChainComponentMetaDataResolver] Using org.codehaus.plexus:plexus-component-annotations:1.5.5 from Maven repository 'MavenLocal'
09:37:02.163 [DEBUG] [org.gradle.api.internal.artifacts.ivyservice.resolveengine.graph.DependencyGraphBuilder] Visiting dependency org.apache.maven:maven-aether-provider:3.2.1(runtime) -> dependency: org.codehaus.plexus:plexus-utils:3.0.17, scope: Compile, optional: false
09:37:02.163 [DEBUG] [org.gradle.api.internal.artifacts.ivyservice.resolveengine.graph.DependencyGraphBuilder] Found new conflicting module version org.codehaus.plexus:plexus-utils:3.0.17
09:37:02.164 [DEBUG] [org.gradle.api.internal.artifacts.ivyservice.resolveengine.graph.DependencyGraphBuilder] Visiting configuration org.apache.maven:maven-settings-builder:3.1.1(runtime).
09:37:02.164 [DEBUG] [org.gradle.api.internal.artifacts.ivyservice.resolveengine.graph.DependencyGraphBuilder] Visiting dependency org.apache.maven:maven-settings-builder:3.1.1(runtime) -> dependency: org.codehaus.plexus:plexus-utils:3.0.15, scope: Compile, optional: false
09:37:02.164 [DEBUG] [org.gradle.api.internal.artifacts.ivyservice.resolveengine.graph.DependencyGraphBuilder] Found new conflicting module version org.codehaus.plexus:plexus-utils:3.0.15
09:37:02.164 [DEBUG] [org.gradle.api.internal.artifacts.ivyservice.resolveengine.graph.DependencyGraphBuilder] Visiting dependency org.apache.maven:maven-settings-builder:3.1.1(runtime) -> dependency: org.codehaus.plexus:plexus-interpolation:1.19, scope: Compile, optional: false
09:37:02.164 [DEBUG] [org.gradle.api.internal.artifacts.ivyservice.resolveengine.graph.DependencyGraphBuilder] Found new conflicting module version org.codehaus.plexus:plexus-interpolation:1.19
09:37:02.164 [DEBUG] [org.gradle.api.internal.artifacts.ivyservice.resolveengine.graph.DependencyGraphBuilder] Visiting dependency org.apache.maven:maven-settings-builder:3.1.1(runtime) -> dependency: org.codehaus.plexus:plexus-component-annotations:1.5.5, scope: Compile, optional: false
09:37:02.164 [DEBUG] [org.gradle.api.internal.artifacts.ivyservice.resolveengine.graph.DependencyGraphBuilder] Visiting dependency org.apache.maven:maven-settings-builder:3.1.1(runtime) -> dependency: org.apache.maven:maven-settings:3.1.1, scope: Compile, optional: false
09:37:02.165 [DEBUG] [org.gradle.api.internal.artifacts.ivyservice.resolveengine.graph.DependencyGraphBuilder] Found new conflicting module version org.apache.maven:maven-settings:3.1.1
09:37:02.165 [DEBUG] [org.gradle.api.internal.artifacts.ivyservice.resolveengine.graph.DependencyGraphBuilder] Visiting dependency org.apache.maven:maven-settings-builder:3.1.1(runtime) -> dependency: org.sonatype.plexus:plexus-sec-dispatcher:1.3, scope: Compile, optional: false
09:37:02.165 [DEBUG] [org.gradle.api.internal.artifacts.ivyservice.resolveengine.graph.DependencyGraphBuilder] Selecting new module version org.sonatype.plexus:plexus-sec-dispatcher:1.3
09:37:02.165 [DEBUG] [org.gradle.api.internal.artifacts.ivyservice.ivyresolve.RepositoryChainComponentMetaDataResolver] Attempting to resolve component for org.sonatype.plexus:plexus-sec-dispatcher:1.3 using repositories [MavenLocal, maven]
09:37:02.165 [DEBUG] [org.gradle.api.internal.artifacts.repositories.resolver.DefaultExternalResourceArtifactResolver] Loading file:/Users/michaelmennis/.m2/repository/org/sonatype/plexus/plexus-sec-dispatcher/1.3/plexus-sec-dispatcher-1.3.pom
09:37:02.166 [DEBUG] [org.gradle.api.internal.artifacts.ivyservice.ivyresolve.RepositoryChainComponentMetaDataResolver] Attempting to resolve component for org.sonatype.spice:spice-parent:12 using repositories [MavenLocal, maven]
09:37:02.167 [DEBUG] [org.gradle.api.internal.artifacts.repositories.resolver.DefaultExternalResourceArtifactResolver] Loading file:/Users/michaelmennis/.m2/repository/org/sonatype/spice/spice-parent/12/spice-parent-12.pom
09:37:02.167 [DEBUG] [org.gradle.api.internal.artifacts.ivyservice.ivyresolve.RepositoryChainComponentMetaDataResolver] Attempting to resolve component for org.sonatype.forge:forge-parent:4 using repositories [MavenLocal, maven]
09:37:02.168 [DEBUG] [org.gradle.api.internal.artifacts.repositories.resolver.DefaultExternalResourceArtifactResolver] Loading file:/Users/michaelmennis/.m2/repository/org/sonatype/forge/forge-parent/4/forge-parent-4.pom
09:37:02.169 [DEBUG] [org.gradle.api.internal.artifacts.repositories.resolver.ExternalResourceResolver] Metadata file found for module 'org.sonatype.forge:forge-parent:4' in repository 'MavenLocal'.
09:37:02.169 [DEBUG] [org.gradle.api.internal.artifacts.ivyservice.ivyresolve.RepositoryChainComponentMetaDataResolver] Using org.sonatype.forge:forge-parent:4 from Maven repository 'MavenLocal'
09:37:02.170 [DEBUG] [org.gradle.api.internal.artifacts.repositories.resolver.DefaultExternalResourceArtifactResolver] Loading file:/Users/michaelmennis/.m2/repository/org/sonatype/forge/forge-parent/4/forge-parent-4.pom
09:37:02.171 [DEBUG] [org.gradle.api.internal.artifacts.repositories.resolver.ExternalResourceResolver] Metadata file found for module 'org.sonatype.spice:spice-parent:12' in repository 'MavenLocal'.
09:37:02.171 [DEBUG] [org.gradle.api.internal.artifacts.ivyservice.ivyresolve.RepositoryChainComponentMetaDataResolver] Using org.sonatype.spice:spice-parent:12 from Maven repository 'MavenLocal'
09:37:02.172 [DEBUG] [org.gradle.api.internal.artifacts.repositories.resolver.DefaultExternalResourceArtifactResolver] Loading file:/Users/michaelmennis/.m2/repository/org/sonatype/spice/spice-parent/12/spice-parent-12.pom
09:37:02.173 [DEBUG] [org.gradle.api.internal.artifacts.ivyservice.ivyresolve.RepositoryChainComponentMetaDataResolver] Attempting to resolve component for org.sonatype.forge:forge-parent:4 using repositories [MavenLocal, maven]
09:37:02.173 [DEBUG] [org.gradle.api.internal.artifacts.ivyservice.ivyresolve.RepositoryChainComponentMetaDataResolver] Using org.sonatype.forge:forge-parent:4 from Maven repository 'MavenLocal'
09:37:02.174 [DEBUG] [org.gradle.api.internal.artifacts.repositories.resolver.DefaultExternalResourceArtifactResolver] Loading file:/Users/michaelmennis/.m2/repository/org/sonatype/plexus/plexus-sec-dispatcher/1.3/plexus-sec-dispatcher-1.3.jar
09:37:02.174 [DEBUG] [org.gradle.api.internal.artifacts.repositories.resolver.ExternalResourceResolver] Metadata file found for module 'org.sonatype.plexus:plexus-sec-dispatcher:1.3' in repository 'MavenLocal'.
09:37:02.174 [DEBUG] [org.gradle.api.internal.artifacts.ivyservice.ivyresolve.RepositoryChainComponentMetaDataResolver] Using org.sonatype.plexus:plexus-sec-dispatcher:1.3 from Maven repository 'MavenLocal'
09:37:02.174 [DEBUG] [org.gradle.api.internal.artifacts.ivyservice.resolveengine.graph.DependencyGraphBuilder] Visiting configuration org.eclipse.aether:aether-api:1.0.2.v20150114(runtime).
09:37:02.174 [DEBUG] [org.gradle.api.internal.artifacts.ivyservice.resolveengine.graph.DependencyGraphBuilder] version for org.eclipse.aether:aether-api:1.0.2.v20150114(runtime) is not selected. ignoring.
09:37:02.175 [DEBUG] [org.gradle.api.internal.artifacts.ivyservice.resolveengine.graph.DependencyGraphBuilder] Visiting configuration org.eclipse.aether:aether-connector-basic:1.0.2.v20150114(runtime).
09:37:02.175 [DEBUG] [org.gradle.api.internal.artifacts.ivyservice.resolveengine.graph.DependencyGraphBuilder] Visiting dependency org.eclipse.aether:aether-connector-basic:1.0.2.v20150114(runtime) -> dependency: org.eclipse.aether:aether-api:1.0.2.v20150114, scope: Compile, optional: false
09:37:02.175 [DEBUG] [org.gradle.api.internal.artifacts.ivyservice.resolveengine.graph.DependencyGraphBuilder] Visiting dependency org.eclipse.aether:aether-connector-basic:1.0.2.v20150114(runtime) -> dependency: org.eclipse.aether:aether-spi:1.0.2.v20150114, scope: Compile, optional: false
09:37:02.175 [DEBUG] [org.gradle.api.internal.artifacts.ivyservice.resolveengine.graph.DependencyGraphBuilder] Visiting dependency org.eclipse.aether:aether-connector-basic:1.0.2.v20150114(runtime) -> dependency: org.eclipse.aether:aether-util:1.0.2.v20150114, scope: Compile, optional: false
09:37:02.175 [DEBUG] [org.gradle.api.internal.artifacts.ivyservice.resolveengine.graph.DependencyGraphBuilder] Visiting configuration org.eclipse.aether:aether-impl:1.0.2.v20150114(runtime).
09:37:02.175 [DEBUG] [org.gradle.api.internal.artifacts.ivyservice.resolveengine.graph.DependencyGraphBuilder] version for org.eclipse.aether:aether-impl:1.0.2.v20150114(runtime) is not selected. ignoring.
09:37:02.175 [DEBUG] [org.gradle.api.internal.artifacts.ivyservice.resolveengine.graph.DependencyGraphBuilder] Visiting configuration org.eclipse.aether:aether-spi:1.0.2.v20150114(runtime).
09:37:02.175 [DEBUG] [org.gradle.api.internal.artifacts.ivyservice.resolveengine.graph.DependencyGraphBuilder] version for org.eclipse.aether:aether-spi:1.0.2.v20150114(runtime) is not selected. ignoring.
09:37:02.175 [DEBUG] [org.gradle.api.internal.artifacts.ivyservice.resolveengine.graph.DependencyGraphBuilder] Visiting configuration org.eclipse.aether:aether-transport-file:1.0.2.v20150114(runtime).
09:37:02.175 [DEBUG] [org.gradle.api.internal.artifacts.ivyservice.resolveengine.graph.DependencyGraphBuilder] Visiting dependency org.eclipse.aether:aether-transport-file:1.0.2.v20150114(runtime) -> dependency: org.eclipse.aether:aether-api:1.0.2.v20150114, scope: Compile, optional: false
09:37:02.175 [DEBUG] [org.gradle.api.internal.artifacts.ivyservice.resolveengine.graph.DependencyGraphBuilder] Visiting dependency org.eclipse.aether:aether-transport-file:1.0.2.v20150114(runtime) -> dependency: org.eclipse.aether:aether-spi:1.0.2.v20150114, scope: Compile, optional: false
09:37:02.176 [DEBUG] [org.gradle.api.internal.artifacts.ivyservice.resolveengine.graph.DependencyGraphBuilder] Visiting dependency org.eclipse.aether:aether-transport-file:1.0.2.v20150114(runtime) -> dependency: org.eclipse.aether:aether-util:1.0.2.v20150114, scope: Compile, optional: false
09:37:02.176 [DEBUG] [org.gradle.api.internal.artifacts.ivyservice.resolveengine.graph.DependencyGraphBuilder] Visiting configuration org.eclipse.aether:aether-transport-http:1.0.2.v20150114(runtime).
09:37:02.176 [DEBUG] [org.gradle.api.internal.artifacts.ivyservice.resolveengine.graph.DependencyGraphBuilder] org.slf4j:jcl-over-slf4j is excluded from org.eclipse.aether:aether-transport-http:1.0.2.v20150114(runtime).
09:37:02.186 [DEBUG] [org.gradle.api.internal.artifacts.ivyservice.resolveengine.graph.DependencyGraphBuilder] Visiting dependency org.eclipse.aether:aether-transport-http:1.0.2.v20150114(runtime) -> dependency: org.eclipse.aether:aether-api:1.0.2.v20150114, scope: Compile, optional: false
09:37:02.187 [DEBUG] [org.gradle.api.internal.artifacts.ivyservice.resolveengine.graph.DependencyGraphBuilder] Visiting dependency org.eclipse.aether:aether-transport-http:1.0.2.v20150114(runtime) -> dependency: org.eclipse.aether:aether-spi:1.0.2.v20150114, scope: Compile, optional: false
09:37:02.187 [DEBUG] [org.gradle.api.internal.artifacts.ivyservice.resolveengine.graph.DependencyGraphBuilder] Visiting dependency org.eclipse.aether:aether-transport-http:1.0.2.v20150114(runtime) -> dependency: org.eclipse.aether:aether-util:1.0.2.v20150114, scope: Compile, optional: false
09:37:02.187 [DEBUG] [org.gradle.api.internal.artifacts.ivyservice.resolveengine.graph.DependencyGraphBuilder] Visiting dependency org.eclipse.aether:aether-transport-http:1.0.2.v20150114(runtime) -> dependency: org.apache.httpcomponents:httpclient:4.2.6, scope: Compile, optional: false
09:37:02.188 [DEBUG] [org.gradle.api.internal.artifacts.ivyservice.resolveengine.graph.DependencyGraphBuilder] Found new conflicting module version org.apache.httpcomponents:httpclient:4.2.6
09:37:02.188 [DEBUG] [org.gradle.api.internal.artifacts.ivyservice.resolveengine.graph.DependencyGraphBuilder] Visiting configuration org.eclipse.aether:aether-util:1.0.2.v20150114(runtime).
09:37:02.188 [DEBUG] [org.gradle.api.internal.artifacts.ivyservice.resolveengine.graph.DependencyGraphBuilder] version for org.eclipse.aether:aether-util:1.0.2.v20150114(runtime) is not selected. ignoring.
09:37:02.189 [DEBUG] [org.gradle.api.internal.artifacts.ivyservice.resolveengine.graph.DependencyGraphBuilder] Visiting configuration org.codehaus.plexus:plexus-classworlds:1.2-alpha-10(runtime).
09:37:02.189 [DEBUG] [org.gradle.api.internal.artifacts.ivyservice.resolveengine.graph.DependencyGraphBuilder] Visiting dependency org.codehaus.plexus:plexus-classworlds:1.2-alpha-10(runtime) -> dependency: junit:junit:3.8.1, scope: Compile, optional: false
09:37:02.189 [DEBUG] [org.gradle.api.internal.artifacts.ivyservice.resolveengine.graph.DependencyGraphBuilder] Visiting configuration junit:junit:3.8.1(runtime).
09:37:02.189 [DEBUG] [org.gradle.api.internal.artifacts.ivyservice.resolveengine.graph.DependencyGraphBuilder] Visiting configuration org.apache.httpcomponents:httpclient:4.2.1(runtime).
09:37:02.190 [DEBUG] [org.gradle.api.internal.artifacts.ivyservice.resolveengine.graph.DependencyGraphBuilder] version for org.apache.httpcomponents:httpclient:4.2.1(runtime) is not selected. ignoring.
09:37:02.190 [DEBUG] [org.gradle.api.internal.artifacts.ivyservice.resolveengine.graph.DependencyGraphBuilder] Visiting configuration net.sf.json-lib:json-lib:2.3(runtime).
09:37:02.190 [DEBUG] [org.gradle.api.internal.artifacts.ivyservice.resolveengine.graph.DependencyGraphBuilder] Visiting dependency net.sf.json-lib:json-lib:2.3(runtime) -> dependency: commons-beanutils:commons-beanutils:1.8.0, scope: Compile, optional: false
09:37:02.191 [DEBUG] [org.gradle.api.internal.artifacts.ivyservice.resolveengine.graph.DependencyGraphBuilder] Selecting new module version commons-beanutils:commons-beanutils:1.8.0
09:37:02.191 [DEBUG] [org.gradle.api.internal.artifacts.ivyservice.ivyresolve.RepositoryChainComponentMetaDataResolver] Attempting to resolve component for commons-beanutils:commons-beanutils:1.8.0 using repositories [MavenLocal, maven]
09:37:02.191 [DEBUG] [org.gradle.api.internal.artifacts.repositories.resolver.DefaultExternalResourceArtifactResolver] Loading file:/Users/michaelmennis/.m2/repository/commons-beanutils/commons-beanutils/1.8.0/commons-beanutils-1.8.0.pom
09:37:02.192 [DEBUG] [org.gradle.api.internal.artifacts.repositories.resolver.DefaultExternalResourceArtifactResolver] Loading file:/Users/michaelmennis/.m2/repository/commons-beanutils/commons-beanutils/1.8.0/commons-beanutils-1.8.0.jar
09:37:02.192 [DEBUG] [org.gradle.api.internal.artifacts.repositories.resolver.ExternalResourceResolver] No meta-data file or artifact found for module 'commons-beanutils:commons-beanutils:1.8.0' in repository 'MavenLocal'.
09:37:02.193 [DEBUG] [org.gradle.api.internal.artifacts.ivyservice.ivyresolve.CachingModuleComponentRepository] Using cached module metadata for module 'commons-beanutils:commons-beanutils:1.8.0' in 'maven'
09:37:02.193 [DEBUG] [org.gradle.api.internal.artifacts.ivyservice.ivyresolve.RepositoryChainComponentMetaDataResolver] Using commons-beanutils:commons-beanutils:1.8.0 from Maven repository 'maven'
09:37:02.193 [DEBUG] [org.gradle.api.internal.artifacts.ivyservice.resolveengine.graph.DependencyGraphBuilder] Visiting dependency net.sf.json-lib:json-lib:2.3(runtime) -> dependency: commons-collections:commons-collections:3.2.1, scope: Compile, optional: false
09:37:02.194 [DEBUG] [org.gradle.api.internal.artifacts.ivyservice.resolveengine.graph.DependencyGraphBuilder] Selecting new module version commons-collections:commons-collections:3.2.1
09:37:02.194 [DEBUG] [org.gradle.api.internal.artifacts.ivyservice.ivyresolve.RepositoryChainComponentMetaDataResolver] Attempting to resolve component for commons-collections:commons-collections:3.2.1 using repositories [MavenLocal, maven]
09:37:02.194 [DEBUG] [org.gradle.api.internal.artifacts.repositories.resolver.DefaultExternalResourceArtifactResolver] Loading file:/Users/michaelmennis/.m2/repository/commons-collections/commons-collections/3.2.1/commons-collections-3.2.1.pom
09:37:02.196 [DEBUG] [org.gradle.api.internal.artifacts.ivyservice.ivyresolve.RepositoryChainComponentMetaDataResolver] Attempting to resolve component for org.apache.commons:commons-parent:9 using repositories [MavenLocal, maven]
09:37:02.197 [DEBUG] [org.gradle.api.internal.artifacts.repositories.resolver.DefaultExternalResourceArtifactResolver] Loading file:/Users/michaelmennis/.m2/repository/org/apache/commons/commons-parent/9/commons-parent-9.pom
09:37:02.199 [DEBUG] [org.gradle.api.internal.artifacts.ivyservice.ivyresolve.RepositoryChainComponentMetaDataResolver] Attempting to resolve component for org.apache:apache:4 using repositories [MavenLocal, maven]
09:37:02.200 [DEBUG] [org.gradle.api.internal.artifacts.ivyservice.ivyresolve.RepositoryChainComponentMetaDataResolver] Using org.apache:apache:4 from Maven repository 'MavenLocal'
09:37:02.202 [DEBUG] [org.gradle.api.internal.artifacts.repositories.resolver.ExternalResourceResolver] Metadata file found for module 'org.apache.commons:commons-parent:9' in repository 'MavenLocal'.
09:37:02.202 [DEBUG] [org.gradle.api.internal.artifacts.ivyservice.ivyresolve.RepositoryChainComponentMetaDataResolver] Using org.apache.commons:commons-parent:9 from Maven repository 'MavenLocal'
09:37:02.203 [DEBUG] [org.gradle.api.internal.artifacts.repositories.resolver.DefaultExternalResourceArtifactResolver] Loading file:/Users/michaelmennis/.m2/repository/org/apache/commons/commons-parent/9/commons-parent-9.pom
09:37:02.204 [DEBUG] [org.gradle.api.internal.artifacts.ivyservice.ivyresolve.RepositoryChainComponentMetaDataResolver] Attempting to resolve component for org.apache:apache:4 using repositories [MavenLocal, maven]
09:37:02.209 [DEBUG] [org.gradle.api.internal.artifacts.ivyservice.ivyresolve.RepositoryChainComponentMetaDataResolver] Using org.apache:apache:4 from Maven repository 'MavenLocal'
09:37:02.210 [DEBUG] [org.gradle.api.internal.artifacts.repositories.resolver.DefaultExternalResourceArtifactResolver] Loading file:/Users/michaelmennis/.m2/repository/commons-collections/commons-collections/3.2.1/commons-collections-3.2.1.jar
09:37:02.211 [DEBUG] [org.gradle.api.internal.artifacts.repositories.resolver.ExternalResourceResolver] Metadata file found for module 'commons-collections:commons-collections:3.2.1' in repository 'MavenLocal'.
09:37:02.211 [DEBUG] [org.gradle.api.internal.artifacts.ivyservice.ivyresolve.RepositoryChainComponentMetaDataResolver] Using commons-collections:commons-collections:3.2.1 from Maven repository 'MavenLocal'
09:37:02.212 [DEBUG] [org.gradle.api.internal.artifacts.ivyservice.resolveengine.graph.DependencyGraphBuilder] Visiting dependency net.sf.json-lib:json-lib:2.3(runtime) -> dependency: commons-lang:commons-lang:2.4, scope: Compile, optional: false
09:37:02.212 [DEBUG] [org.gradle.api.internal.artifacts.ivyservice.resolveengine.graph.DependencyGraphBuilder] Selecting new module version commons-lang:commons-lang:2.4
09:37:02.212 [DEBUG] [org.gradle.api.internal.artifacts.ivyservice.ivyresolve.RepositoryChainComponentMetaDataResolver] Attempting to resolve component for commons-lang:commons-lang:2.4 using repositories [MavenLocal, maven]
09:37:02.213 [DEBUG] [org.gradle.api.internal.artifacts.repositories.resolver.DefaultExternalResourceArtifactResolver] Loading file:/Users/michaelmennis/.m2/repository/commons-lang/commons-lang/2.4/commons-lang-2.4.pom
09:37:02.214 [DEBUG] [org.gradle.api.internal.artifacts.ivyservice.ivyresolve.RepositoryChainComponentMetaDataResolver] Attempting to resolve component for org.apache.commons:commons-parent:9 using repositories [MavenLocal, maven]
09:37:02.215 [DEBUG] [org.gradle.api.internal.artifacts.ivyservice.ivyresolve.RepositoryChainComponentMetaDataResolver] Using org.apache.commons:commons-parent:9 from Maven repository 'MavenLocal'
09:37:02.216 [DEBUG] [org.gradle.api.internal.artifacts.ivyservice.ivyresolve.RepositoryChainComponentMetaDataResolver] Attempting to resolve component for org.apache:apache:4 using repositories [MavenLocal, maven]
09:37:02.216 [DEBUG] [org.gradle.api.internal.artifacts.ivyservice.ivyresolve.RepositoryChainComponentMetaDataResolver] Using org.apache:apache:4 from Maven repository 'MavenLocal'
09:37:02.217 [DEBUG] [org.gradle.api.internal.artifacts.repositories.resolver.DefaultExternalResourceArtifactResolver] Loading file:/Users/michaelmennis/.m2/repository/commons-lang/commons-lang/2.4/commons-lang-2.4.jar
09:37:02.217 [DEBUG] [org.gradle.api.internal.artifacts.repositories.resolver.ExternalResourceResolver] Metadata file found for module 'commons-lang:commons-lang:2.4' in repository 'MavenLocal'.
09:37:02.218 [DEBUG] [org.gradle.api.internal.artifacts.ivyservice.ivyresolve.RepositoryChainComponentMetaDataResolver] Using commons-lang:commons-lang:2.4 from Maven repository 'MavenLocal'
09:37:02.218 [DEBUG] [org.gradle.api.internal.artifacts.ivyservice.resolveengine.graph.DependencyGraphBuilder] Visiting dependency net.sf.json-lib:json-lib:2.3(runtime) -> dependency: commons-logging:commons-logging:1.1.1, scope: Compile, optional: false
09:37:02.219 [DEBUG] [org.gradle.api.internal.artifacts.ivyservice.resolveengine.graph.DependencyGraphBuilder] Visiting dependency net.sf.json-lib:json-lib:2.3(runtime) -> dependency: net.sf.ezmorph:ezmorph:1.0.6, scope: Compile, optional: false
09:37:02.219 [DEBUG] [org.gradle.api.internal.artifacts.ivyservice.resolveengine.graph.DependencyGraphBuilder] Selecting new module version net.sf.ezmorph:ezmorph:1.0.6
09:37:02.219 [DEBUG] [org.gradle.api.internal.artifacts.ivyservice.ivyresolve.RepositoryChainComponentMetaDataResolver] Attempting to resolve component for net.sf.ezmorph:ezmorph:1.0.6 using repositories [MavenLocal, maven]
09:37:02.220 [DEBUG] [org.gradle.api.internal.artifacts.repositories.resolver.DefaultExternalResourceArtifactResolver] Loading file:/Users/michaelmennis/.m2/repository/net/sf/ezmorph/ezmorph/1.0.6/ezmorph-1.0.6.pom
09:37:02.220 [DEBUG] [org.gradle.api.internal.artifacts.repositories.resolver.DefaultExternalResourceArtifactResolver] Loading file:/Users/michaelmennis/.m2/repository/net/sf/ezmorph/ezmorph/1.0.6/ezmorph-1.0.6.jar
09:37:02.220 [DEBUG] [org.gradle.api.internal.artifacts.repositories.resolver.ExternalResourceResolver] No meta-data file or artifact found for module 'net.sf.ezmorph:ezmorph:1.0.6' in repository 'MavenLocal'.
09:37:02.220 [DEBUG] [org.gradle.api.internal.artifacts.ivyservice.ivyresolve.CachingModuleComponentRepository] Using cached module metadata for module 'net.sf.ezmorph:ezmorph:1.0.6' in 'maven'
09:37:02.220 [DEBUG] [org.gradle.api.internal.artifacts.ivyservice.ivyresolve.RepositoryChainComponentMetaDataResolver] Using net.sf.ezmorph:ezmorph:1.0.6 from Maven repository 'maven'
09:37:02.221 [DEBUG] [org.gradle.api.internal.artifacts.ivyservice.resolveengine.graph.DependencyGraphBuilder] Visiting configuration net.sourceforge.nekohtml:nekohtml:1.9.16(runtime).
09:37:02.221 [DEBUG] [org.gradle.api.internal.artifacts.ivyservice.resolveengine.graph.DependencyGraphBuilder] Visiting dependency net.sourceforge.nekohtml:nekohtml:1.9.16(runtime) -> dependency: xerces:xercesImpl:2.9.1, scope: Compile, optional: false
09:37:02.221 [DEBUG] [org.gradle.api.internal.artifacts.ivyservice.resolveengine.graph.DependencyGraphBuilder] Selecting new module version xerces:xercesImpl:2.9.1
09:37:02.221 [DEBUG] [org.gradle.api.internal.artifacts.ivyservice.ivyresolve.RepositoryChainComponentMetaDataResolver] Attempting to resolve component for xerces:xercesImpl:2.9.1 using repositories [MavenLocal, maven]
09:37:02.221 [DEBUG] [org.gradle.api.internal.artifacts.repositories.resolver.DefaultExternalResourceArtifactResolver] Loading file:/Users/michaelmennis/.m2/repository/xerces/xercesImpl/2.9.1/xercesImpl-2.9.1.pom
09:37:02.222 [DEBUG] [org.gradle.api.internal.artifacts.ivyservice.ivyresolve.RepositoryChainComponentMetaDataResolver] Attempting to resolve component for org.apache:apache:4 using repositories [MavenLocal, maven]
09:37:02.222 [DEBUG] [org.gradle.api.internal.artifacts.ivyservice.ivyresolve.RepositoryChainComponentMetaDataResolver] Using org.apache:apache:4 from Maven repository 'MavenLocal'
09:37:02.223 [DEBUG] [org.gradle.api.internal.artifacts.repositories.resolver.DefaultExternalResourceArtifactResolver] Loading file:/Users/michaelmennis/.m2/repository/xerces/xercesImpl/2.9.1/xercesImpl-2.9.1.jar
09:37:02.223 [DEBUG] [org.gradle.api.internal.artifacts.repositories.resolver.ExternalResourceResolver] Metadata file found for module 'xerces:xercesImpl:2.9.1' in repository 'MavenLocal'.
09:37:02.223 [DEBUG] [org.gradle.api.internal.artifacts.ivyservice.ivyresolve.RepositoryChainComponentMetaDataResolver] Using xerces:xercesImpl:2.9.1 from Maven repository 'MavenLocal'
09:37:02.223 [DEBUG] [org.gradle.api.internal.artifacts.ivyservice.resolveengine.graph.DependencyGraphBuilder] Visiting configuration xml-resolver:xml-resolver:1.2(runtime).
09:37:02.223 [DEBUG] [org.gradle.api.internal.artifacts.ivyservice.resolveengine.graph.DependencyGraphBuilder] Visiting configuration classworlds:classworlds:1.1-alpha-2(runtime).
09:37:02.223 [DEBUG] [org.gradle.api.internal.artifacts.ivyservice.resolveengine.graph.DependencyGraphBuilder] Visiting configuration org.codehaus.plexus:plexus-container-default:1.0-alpha-9-stable-1(runtime).
09:37:02.223 [DEBUG] [org.gradle.api.internal.artifacts.ivyservice.resolveengine.graph.DependencyGraphBuilder] junit:junit is excluded from org.codehaus.plexus:plexus-container-default:1.0-alpha-9-stable-1(runtime).
09:37:02.224 [DEBUG] [org.gradle.api.internal.artifacts.ivyservice.resolveengine.graph.DependencyGraphBuilder] Visiting dependency org.codehaus.plexus:plexus-container-default:1.0-alpha-9-stable-1(runtime) -> dependency: org.codehaus.plexus:plexus-utils:1.0.4, scope: Compile, optional: false
09:37:02.224 [DEBUG] [org.gradle.api.internal.artifacts.ivyservice.resolveengine.graph.DependencyGraphBuilder] Found new conflicting module version org.codehaus.plexus:plexus-utils:1.0.4
09:37:02.224 [DEBUG] [org.gradle.api.internal.artifacts.ivyservice.resolveengine.graph.DependencyGraphBuilder] Visiting dependency org.codehaus.plexus:plexus-container-default:1.0-alpha-9-stable-1(runtime) -> dependency: classworlds:classworlds:1.1-alpha-2, scope: Compile, optional: false
09:37:02.224 [DEBUG] [org.gradle.api.internal.artifacts.ivyservice.resolveengine.graph.DependencyGraphBuilder] Visiting configuration org.codehaus.plexus:plexus-utils:1.5.15(runtime).
09:37:02.224 [DEBUG] [org.gradle.api.internal.artifacts.ivyservice.resolveengine.graph.DependencyGraphBuilder] version for org.codehaus.plexus:plexus-utils:1.5.15(runtime) is not selected. ignoring.
09:37:02.224 [DEBUG] [org.gradle.api.internal.artifacts.ivyservice.resolveengine.graph.DependencyGraphBuilder] Visiting configuration org.codehaus.plexus:plexus-interpolation:1.11(runtime).
09:37:02.224 [DEBUG] [org.gradle.api.internal.artifacts.ivyservice.resolveengine.graph.DependencyGraphBuilder] version for org.codehaus.plexus:plexus-interpolation:1.11(runtime) is not selected. ignoring.
09:37:02.224 [DEBUG] [org.gradle.api.internal.artifacts.ivyservice.resolveengine.graph.DependencyGraphBuilder] Visiting configuration org.apache.maven:maven-artifact:2.2.1(runtime).
09:37:02.224 [DEBUG] [org.gradle.api.internal.artifacts.ivyservice.resolveengine.graph.DependencyGraphBuilder] Visiting dependency org.apache.maven:maven-artifact:2.2.1(runtime) -> dependency: org.codehaus.plexus:plexus-utils:1.5.15, scope: Compile, optional: false
09:37:02.224 [DEBUG] [org.gradle.api.internal.artifacts.ivyservice.resolveengine.graph.DependencyGraphBuilder] Visiting configuration org.apache.maven:maven-artifact-manager:2.2.1(runtime).
09:37:02.224 [DEBUG] [org.gradle.api.internal.artifacts.ivyservice.resolveengine.graph.DependencyGraphBuilder] Visiting dependency org.apache.maven:maven-artifact-manager:2.2.1(runtime) -> dependency: org.apache.maven:maven-repository-metadata:2.2.1, scope: Compile, optional: false
09:37:02.224 [DEBUG] [org.gradle.api.internal.artifacts.ivyservice.resolveengine.graph.DependencyGraphBuilder] Found new conflicting module version org.apache.maven:maven-repository-metadata:2.2.1
09:37:02.224 [DEBUG] [org.gradle.api.internal.artifacts.ivyservice.resolveengine.graph.DependencyGraphBuilder] Visiting dependency org.apache.maven:maven-artifact-manager:2.2.1(runtime) -> dependency: org.codehaus.plexus:plexus-utils:1.5.15, scope: Compile, optional: false
09:37:02.224 [DEBUG] [org.gradle.api.internal.artifacts.ivyservice.resolveengine.graph.DependencyGraphBuilder] Visiting dependency org.apache.maven:maven-artifact-manager:2.2.1(runtime) -> dependency: org.apache.maven:maven-artifact:2.2.1, scope: Compile, optional: false
09:37:02.224 [DEBUG] [org.gradle.api.internal.artifacts.ivyservice.resolveengine.graph.DependencyGraphBuilder] Visiting dependency org.apache.maven:maven-artifact-manager:2.2.1(runtime) -> dependency: org.codehaus.plexus:plexus-container-default:1.0-alpha-9-stable-1, scope: Compile, optional: false
09:37:02.224 [DEBUG] [org.gradle.api.internal.artifacts.ivyservice.resolveengine.graph.DependencyGraphBuilder] Visiting dependency org.apache.maven:maven-artifact-manager:2.2.1(runtime) -> dependency: org.apache.maven.wagon:wagon-provider-api:1.0-beta-6, scope: Compile, optional: false
09:37:02.224 [DEBUG] [org.gradle.api.internal.artifacts.ivyservice.resolveengine.graph.DependencyGraphBuilder] Visiting dependency org.apache.maven:maven-artifact-manager:2.2.1(runtime) -> dependency: backport-util-concurrent:backport-util-concurrent:3.1, scope: Compile, optional: false
09:37:02.224 [DEBUG] [org.gradle.api.internal.artifacts.ivyservice.resolveengine.graph.DependencyGraphBuilder] Selecting new module version backport-util-concurrent:backport-util-concurrent:3.1
09:37:02.224 [DEBUG] [org.gradle.api.internal.artifacts.ivyservice.ivyresolve.RepositoryChainComponentMetaDataResolver] Attempting to resolve component for backport-util-concurrent:backport-util-concurrent:3.1 using repositories [MavenLocal, maven]
09:37:02.225 [DEBUG] [org.gradle.api.internal.artifacts.repositories.resolver.DefaultExternalResourceArtifactResolver] Loading file:/Users/michaelmennis/.m2/repository/backport-util-concurrent/backport-util-concurrent/3.1/backport-util-concurrent-3.1.pom
09:37:02.225 [DEBUG] [org.gradle.api.internal.artifacts.repositories.resolver.DefaultExternalResourceArtifactResolver] Loading file:/Users/michaelmennis/.m2/repository/backport-util-concurrent/backport-util-concurrent/3.1/backport-util-concurrent-3.1.jar
09:37:02.226 [DEBUG] [org.gradle.api.internal.artifacts.repositories.resolver.ExternalResourceResolver] Metadata file found for module 'backport-util-concurrent:backport-util-concurrent:3.1' in repository 'MavenLocal'.
09:37:02.226 [DEBUG] [org.gradle.api.internal.artifacts.ivyservice.ivyresolve.RepositoryChainComponentMetaDataResolver] Using backport-util-concurrent:backport-util-concurrent:3.1 from Maven repository 'MavenLocal'
09:37:02.226 [DEBUG] [org.gradle.api.internal.artifacts.ivyservice.resolveengine.graph.DependencyGraphBuilder] Visiting configuration org.apache.maven:maven-model:2.2.1(runtime).
09:37:02.226 [DEBUG] [org.gradle.api.internal.artifacts.ivyservice.resolveengine.graph.DependencyGraphBuilder] version for org.apache.maven:maven-model:2.2.1(runtime) is not selected. ignoring.
09:37:02.226 [DEBUG] [org.gradle.api.internal.artifacts.ivyservice.resolveengine.graph.DependencyGraphBuilder] Visiting configuration org.apache.maven:maven-project:2.2.1(runtime).
09:37:02.226 [DEBUG] [org.gradle.api.internal.artifacts.ivyservice.resolveengine.graph.DependencyGraphBuilder] Visiting dependency org.apache.maven:maven-project:2.2.1(runtime) -> dependency: org.apache.maven:maven-settings:2.2.1, scope: Compile, optional: false
09:37:02.226 [DEBUG] [org.gradle.api.internal.artifacts.ivyservice.resolveengine.graph.DependencyGraphBuilder] Visiting dependency org.apache.maven:maven-project:2.2.1(runtime) -> dependency: org.apache.maven:maven-profile:2.2.1, scope: Compile, optional: false
09:37:02.226 [DEBUG] [org.gradle.api.internal.artifacts.ivyservice.resolveengine.graph.DependencyGraphBuilder] Selecting new module version org.apache.maven:maven-profile:2.2.1
09:37:02.226 [DEBUG] [org.gradle.api.internal.artifacts.ivyservice.ivyresolve.RepositoryChainComponentMetaDataResolver] Attempting to resolve component for org.apache.maven:maven-profile:2.2.1 using repositories [MavenLocal, maven]
09:37:02.226 [DEBUG] [org.gradle.api.internal.artifacts.repositories.resolver.DefaultExternalResourceArtifactResolver] Loading file:/Users/michaelmennis/.m2/repository/org/apache/maven/maven-profile/2.2.1/maven-profile-2.2.1.pom
09:37:02.227 [DEBUG] [org.gradle.api.internal.artifacts.ivyservice.ivyresolve.RepositoryChainComponentMetaDataResolver] Attempting to resolve component for org.apache.maven:maven:2.2.1 using repositories [MavenLocal, maven]
09:37:02.227 [DEBUG] [org.gradle.api.internal.artifacts.ivyservice.ivyresolve.RepositoryChainComponentMetaDataResolver] Using org.apache.maven:maven:2.2.1 from Maven repository 'MavenLocal'
09:37:02.228 [DEBUG] [org.gradle.api.internal.artifacts.ivyservice.ivyresolve.RepositoryChainComponentMetaDataResolver] Attempting to resolve component for org.apache.maven:maven-parent:11 using repositories [MavenLocal, maven]
09:37:02.228 [DEBUG] [org.gradle.api.internal.artifacts.ivyservice.ivyresolve.RepositoryChainComponentMetaDataResolver] Using org.apache.maven:maven-parent:11 from Maven repository 'MavenLocal'
09:37:02.230 [DEBUG] [org.gradle.api.internal.artifacts.ivyservice.ivyresolve.RepositoryChainComponentMetaDataResolver] Attempting to resolve component for org.apache:apache:5 using repositories [MavenLocal, maven]
09:37:02.230 [DEBUG] [org.gradle.api.internal.artifacts.ivyservice.ivyresolve.RepositoryChainComponentMetaDataResolver] Using org.apache:apache:5 from Maven repository 'MavenLocal'
09:37:02.231 [DEBUG] [org.gradle.api.internal.artifacts.repositories.resolver.DefaultExternalResourceArtifactResolver] Loading file:/Users/michaelmennis/.m2/repository/org/apache/maven/maven-profile/2.2.1/maven-profile-2.2.1.jar
09:37:02.231 [DEBUG] [org.gradle.api.internal.artifacts.repositories.resolver.ExternalResourceResolver] Metadata file found for module 'org.apache.maven:maven-profile:2.2.1' in repository 'MavenLocal'.
09:37:02.232 [DEBUG] [org.gradle.api.internal.artifacts.ivyservice.ivyresolve.RepositoryChainComponentMetaDataResolver] Using org.apache.maven:maven-profile:2.2.1 from Maven repository 'MavenLocal'
09:37:02.232 [DEBUG] [org.gradle.api.internal.artifacts.ivyservice.resolveengine.graph.DependencyGraphBuilder] Visiting dependency org.apache.maven:maven-project:2.2.1(runtime) -> dependency: org.apache.maven:maven-model:2.2.1, scope: Compile, optional: false
09:37:02.232 [DEBUG] [org.gradle.api.internal.artifacts.ivyservice.resolveengine.graph.DependencyGraphBuilder] Visiting dependency org.apache.maven:maven-project:2.2.1(runtime) -> dependency: org.apache.maven:maven-artifact-manager:2.2.1, scope: Compile, optional: false
09:37:02.232 [DEBUG] [org.gradle.api.internal.artifacts.ivyservice.resolveengine.graph.DependencyGraphBuilder] Visiting dependency org.apache.maven:maven-project:2.2.1(runtime) -> dependency: org.apache.maven:maven-plugin-registry:2.2.1, scope: Compile, optional: false
09:37:02.232 [DEBUG] [org.gradle.api.internal.artifacts.ivyservice.resolveengine.graph.DependencyGraphBuilder] Selecting new module version org.apache.maven:maven-plugin-registry:2.2.1
09:37:02.232 [DEBUG] [org.gradle.api.internal.artifacts.ivyservice.ivyresolve.RepositoryChainComponentMetaDataResolver] Attempting to resolve component for org.apache.maven:maven-plugin-registry:2.2.1 using repositories [MavenLocal, maven]
09:37:02.232 [DEBUG] [org.gradle.api.internal.artifacts.repositories.resolver.DefaultExternalResourceArtifactResolver] Loading file:/Users/michaelmennis/.m2/repository/org/apache/maven/maven-plugin-registry/2.2.1/maven-plugin-registry-2.2.1.pom
09:37:02.233 [DEBUG] [org.gradle.api.internal.artifacts.ivyservice.ivyresolve.RepositoryChainComponentMetaDataResolver] Attempting to resolve component for org.apache.maven:maven:2.2.1 using repositories [MavenLocal, maven]
09:37:02.233 [DEBUG] [org.gradle.api.internal.artifacts.ivyservice.ivyresolve.RepositoryChainComponentMetaDataResolver] Using org.apache.maven:maven:2.2.1 from Maven repository 'MavenLocal'
09:37:02.235 [DEBUG] [org.gradle.api.internal.artifacts.ivyservice.ivyresolve.RepositoryChainComponentMetaDataResolver] Attempting to resolve component for org.apache.maven:maven-parent:11 using repositories [MavenLocal, maven]
09:37:02.235 [DEBUG] [org.gradle.api.internal.artifacts.ivyservice.ivyresolve.RepositoryChainComponentMetaDataResolver] Using org.apache.maven:maven-parent:11 from Maven repository 'MavenLocal'
09:37:02.237 [DEBUG] [org.gradle.api.internal.artifacts.ivyservice.ivyresolve.RepositoryChainComponentMetaDataResolver] Attempting to resolve component for org.apache:apache:5 using repositories [MavenLocal, maven]
09:37:02.237 [DEBUG] [org.gradle.api.internal.artifacts.ivyservice.ivyresolve.RepositoryChainComponentMetaDataResolver] Using org.apache:apache:5 from Maven repository 'MavenLocal'
09:37:02.238 [DEBUG] [org.gradle.api.internal.artifacts.repositories.resolver.DefaultExternalResourceArtifactResolver] Loading file:/Users/michaelmennis/.m2/repository/org/apache/maven/maven-plugin-registry/2.2.1/maven-plugin-registry-2.2.1.jar
09:37:02.238 [DEBUG] [org.gradle.api.internal.artifacts.repositories.resolver.ExternalResourceResolver] Metadata file found for module 'org.apache.maven:maven-plugin-registry:2.2.1' in repository 'MavenLocal'.
09:37:02.239 [DEBUG] [org.gradle.api.internal.artifacts.ivyservice.ivyresolve.RepositoryChainComponentMetaDataResolver] Using org.apache.maven:maven-plugin-registry:2.2.1 from Maven repository 'MavenLocal'
09:37:02.239 [DEBUG] [org.gradle.api.internal.artifacts.ivyservice.resolveengine.graph.DependencyGraphBuilder] Visiting dependency org.apache.maven:maven-project:2.2.1(runtime) -> dependency: org.codehaus.plexus:plexus-interpolation:1.11, scope: Compile, optional: false
09:37:02.239 [DEBUG] [org.gradle.api.internal.artifacts.ivyservice.resolveengine.graph.DependencyGraphBuilder] Visiting dependency org.apache.maven:maven-project:2.2.1(runtime) -> dependency: org.codehaus.plexus:plexus-utils:1.5.15, scope: Compile, optional: false
09:37:02.239 [DEBUG] [org.gradle.api.internal.artifacts.ivyservice.resolveengine.graph.DependencyGraphBuilder] Visiting dependency org.apache.maven:maven-project:2.2.1(runtime) -> dependency: org.apache.maven:maven-artifact:2.2.1, scope: Compile, optional: false
09:37:02.239 [DEBUG] [org.gradle.api.internal.artifacts.ivyservice.resolveengine.graph.DependencyGraphBuilder] Visiting dependency org.apache.maven:maven-project:2.2.1(runtime) -> dependency: org.codehaus.plexus:plexus-container-default:1.0-alpha-9-stable-1, scope: Compile, optional: false
09:37:02.239 [DEBUG] [org.gradle.api.internal.artifacts.ivyservice.resolveengine.graph.DependencyGraphBuilder] Visiting configuration org.apache.maven:maven-error-diagnostics:2.2.1(runtime).
09:37:02.239 [DEBUG] [org.gradle.api.internal.artifacts.ivyservice.resolveengine.graph.DependencyGraphBuilder] Visiting dependency org.apache.maven:maven-error-diagnostics:2.2.1(runtime) -> dependency: org.codehaus.plexus:plexus-container-default:1.0-alpha-9-stable-1, scope: Compile, optional: false
09:37:02.239 [DEBUG] [org.gradle.api.internal.artifacts.ivyservice.resolveengine.graph.DependencyGraphBuilder] Visiting configuration org.apache.maven:maven-settings:2.2.1(runtime).
09:37:02.239 [DEBUG] [org.gradle.api.internal.artifacts.ivyservice.resolveengine.graph.DependencyGraphBuilder] version for org.apache.maven:maven-settings:2.2.1(runtime) is not selected. ignoring.
09:37:02.239 [DEBUG] [org.gradle.api.internal.artifacts.ivyservice.resolveengine.graph.DependencyGraphBuilder] Visiting configuration org.apache.maven.wagon:wagon-file:1.0-beta-6(runtime).
09:37:02.240 [DEBUG] [org.gradle.api.internal.artifacts.ivyservice.resolveengine.graph.DependencyGraphBuilder] Visiting dependency org.apache.maven.wagon:wagon-file:1.0-beta-6(runtime) -> dependency: org.apache.maven.wagon:wagon-provider-api:1.0-beta-6, scope: Compile, optional: false
09:37:02.240 [DEBUG] [org.gradle.api.internal.artifacts.ivyservice.resolveengine.graph.DependencyGraphBuilder] Visiting configuration org.apache.maven.wagon:wagon-http-lightweight:1.0-beta-6(runtime).
09:37:02.240 [DEBUG] [org.gradle.api.internal.artifacts.ivyservice.resolveengine.graph.DependencyGraphBuilder] Visiting dependency org.apache.maven.wagon:wagon-http-lightweight:1.0-beta-6(runtime) -> dependency: org.apache.maven.wagon:wagon-http-shared:1.0-beta-6, scope: Compile, optional: false
09:37:02.240 [DEBUG] [org.gradle.api.internal.artifacts.ivyservice.resolveengine.graph.DependencyGraphBuilder] Selecting new module version org.apache.maven.wagon:wagon-http-shared:1.0-beta-6
09:37:02.240 [DEBUG] [org.gradle.api.internal.artifacts.ivyservice.ivyresolve.RepositoryChainComponentMetaDataResolver] Attempting to resolve component for org.apache.maven.wagon:wagon-http-shared:1.0-beta-6 using repositories [MavenLocal, maven]
09:37:02.240 [DEBUG] [org.gradle.api.internal.artifacts.repositories.resolver.DefaultExternalResourceArtifactResolver] Loading file:/Users/michaelmennis/.m2/repository/org/apache/maven/wagon/wagon-http-shared/1.0-beta-6/wagon-http-shared-1.0-beta-6.pom
09:37:02.240 [DEBUG] [org.gradle.api.internal.artifacts.repositories.resolver.DefaultExternalResourceArtifactResolver] Loading file:/Users/michaelmennis/.m2/repository/org/apache/maven/wagon/wagon-http-shared/1.0-beta-6/wagon-http-shared-1.0-beta-6.jar
09:37:02.240 [DEBUG] [org.gradle.api.internal.artifacts.repositories.resolver.ExternalResourceResolver] No meta-data file or artifact found for module 'org.apache.maven.wagon:wagon-http-shared:1.0-beta-6' in repository 'MavenLocal'.
09:37:02.240 [DEBUG] [org.gradle.api.internal.artifacts.ivyservice.ivyresolve.CachingModuleComponentRepository] Using cached module metadata for module 'org.apache.maven.wagon:wagon-http-shared:1.0-beta-6' in 'maven'
09:37:02.240 [DEBUG] [org.gradle.api.internal.artifacts.ivyservice.ivyresolve.RepositoryChainComponentMetaDataResolver] Using org.apache.maven.wagon:wagon-http-shared:1.0-beta-6 from Maven repository 'maven'
09:37:02.240 [DEBUG] [org.gradle.api.internal.artifacts.ivyservice.resolveengine.graph.DependencyGraphBuilder] Visiting dependency org.apache.maven.wagon:wagon-http-lightweight:1.0-beta-6(runtime) -> dependency: org.apache.maven.wagon:wagon-provider-api:1.0-beta-6, scope: Compile, optional: false
09:37:02.241 [DEBUG] [org.gradle.api.internal.artifacts.ivyservice.resolveengine.graph.DependencyGraphBuilder] Visiting configuration org.apache.maven.wagon:wagon-provider-api:1.0-beta-6(runtime).
09:37:02.241 [DEBUG] [org.gradle.api.internal.artifacts.ivyservice.resolveengine.graph.DependencyGraphBuilder] Visiting dependency org.apache.maven.wagon:wagon-provider-api:1.0-beta-6(runtime) -> dependency: org.codehaus.plexus:plexus-utils:1.4.2, scope: Compile, optional: false
09:37:02.241 [DEBUG] [org.gradle.api.internal.artifacts.ivyservice.resolveengine.graph.DependencyGraphBuilder] Found new conflicting module version org.codehaus.plexus:plexus-utils:1.4.2
09:37:02.242 [DEBUG] [org.gradle.api.internal.artifacts.ivyservice.resolveengine.graph.DependencyGraphBuilder] Visiting configuration xml-apis:xml-apis:1.0.b2(runtime).
09:37:02.243 [DEBUG] [org.gradle.api.internal.artifacts.ivyservice.resolveengine.graph.DependencyGraphBuilder] Visiting configuration org.jboss.logging:jboss-logging:3.3.0.Final(runtime).
09:37:02.243 [DEBUG] [org.gradle.api.internal.artifacts.ivyservice.resolveengine.graph.DependencyGraphBuilder] version for org.jboss.logging:jboss-logging:3.3.0.Final(runtime) is not selected. ignoring.
09:37:02.243 [DEBUG] [org.gradle.api.internal.artifacts.ivyservice.resolveengine.graph.DependencyGraphBuilder] Visiting configuration com.googlecode.concurrentlinkedhashmap:concurrentlinkedhashmap-lru:1.4.2(runtime).
09:37:02.243 [DEBUG] [org.gradle.api.internal.artifacts.ivyservice.resolveengine.graph.DependencyGraphBuilder] Visiting configuration org.springframework:spring-beans:4.3.9.RELEASE(runtime).
09:37:02.243 [DEBUG] [org.gradle.api.internal.artifacts.ivyservice.resolveengine.graph.DependencyGraphBuilder] org.springframework:spring-core is excluded from org.springframework:spring-beans:4.3.9.RELEASE(runtime).
09:37:02.243 [DEBUG] [org.gradle.api.internal.artifacts.ivyservice.resolveengine.graph.DependencyGraphBuilder] Visiting configuration org.springframework:spring-tx:4.3.9.RELEASE(runtime).
09:37:02.243 [DEBUG] [org.gradle.api.internal.artifacts.ivyservice.resolveengine.graph.DependencyGraphBuilder] org.springframework:spring-beans is excluded from org.springframework:spring-tx:4.3.9.RELEASE(runtime).
09:37:02.244 [DEBUG] [org.gradle.api.internal.artifacts.ivyservice.resolveengine.graph.DependencyGraphBuilder] Visiting dependency org.springframework:spring-tx:4.3.9.RELEASE(runtime) -> dependency: org.springframework:spring-core:4.3.9.RELEASE, scope: Compile, optional: false
09:37:02.244 [DEBUG] [org.gradle.api.internal.artifacts.ivyservice.resolveengine.graph.DependencyGraphBuilder] Visiting configuration org.hibernate.javax.persistence:hibernate-jpa-2.1-api:1.0.0.Final(runtime).
09:37:02.244 [DEBUG] [org.gradle.api.internal.artifacts.ivyservice.resolveengine.graph.DependencyGraphBuilder] Changed edges for org.hibernate.javax.persistence:hibernate-jpa-2.1-api:1.0.0.Final(runtime) selects same versions as previous traversal. ignoring
09:37:02.244 [DEBUG] [org.gradle.api.internal.artifacts.ivyservice.resolveengine.graph.DependencyGraphBuilder] Visiting configuration javax.transaction:jta:1.1(runtime).
09:37:02.244 [DEBUG] [org.gradle.api.internal.artifacts.ivyservice.resolveengine.graph.DependencyGraphBuilder] Visiting configuration org.slf4j:jcl-over-slf4j:1.7.22(runtime).
09:37:02.244 [DEBUG] [org.gradle.api.internal.artifacts.ivyservice.resolveengine.graph.DependencyGraphBuilder] Changed edges for org.slf4j:jcl-over-slf4j:1.7.22(runtime) selects same versions as previous traversal. ignoring
09:37:02.244 [DEBUG] [org.gradle.api.internal.artifacts.ivyservice.resolveengine.graph.DependencyGraphBuilder] Visiting configuration org.grails:grails-datastore-core:6.1.6.RELEASE(runtime).
09:37:02.244 [DEBUG] [org.gradle.api.internal.artifacts.ivyservice.resolveengine.graph.DependencyGraphBuilder] Changed edges for org.grails:grails-datastore-core:6.1.6.RELEASE(runtime) selects same versions as previous traversal. ignoring
09:37:02.244 [DEBUG] [org.gradle.api.internal.artifacts.ivyservice.resolveengine.graph.DependencyGraphBuilder] Visiting configuration org.grails:grails-datastore-gorm-validation:6.1.6.RELEASE(runtime).
09:37:02.244 [DEBUG] [org.gradle.api.internal.artifacts.ivyservice.resolveengine.graph.DependencyGraphBuilder] Visiting dependency org.grails:grails-datastore-gorm-validation:6.1.6.RELEASE(runtime) -> dependency: org.codehaus.groovy:groovy:2.4.11, scope: Runtime, optional: false
09:37:02.245 [DEBUG] [org.gradle.api.internal.artifacts.ivyservice.resolveengine.graph.DependencyGraphBuilder] Visiting dependency org.grails:grails-datastore-gorm-validation:6.1.6.RELEASE(runtime) -> dependency: org.grails:grails-datastore-core:6.1.6.RELEASE, scope: Runtime, optional: false
09:37:02.245 [DEBUG] [org.gradle.api.internal.artifacts.ivyservice.resolveengine.graph.DependencyGraphBuilder] Visiting dependency org.grails:grails-datastore-gorm-validation:6.1.6.RELEASE(runtime) -> dependency: commons-validator:commons-validator:1.5.1, scope: Runtime, optional: false
09:37:02.246 [DEBUG] [org.gradle.api.internal.artifacts.ivyservice.resolveengine.graph.DependencyGraphBuilder] Selecting new module version commons-validator:commons-validator:1.5.1
09:37:02.247 [DEBUG] [org.gradle.api.internal.artifacts.ivyservice.ivyresolve.RepositoryChainComponentMetaDataResolver] Attempting to resolve component for commons-validator:commons-validator:1.5.1 using repositories [MavenLocal, maven]
09:37:02.249 [DEBUG] [org.gradle.api.internal.artifacts.repositories.resolver.DefaultExternalResourceArtifactResolver] Loading file:/Users/michaelmennis/.m2/repository/commons-validator/commons-validator/1.5.1/commons-validator-1.5.1.pom
09:37:02.251 [DEBUG] [org.gradle.api.internal.artifacts.repositories.resolver.DefaultExternalResourceArtifactResolver] Loading file:/Users/michaelmennis/.m2/repository/commons-validator/commons-validator/1.5.1/commons-validator-1.5.1.jar
09:37:02.253 [DEBUG] [org.gradle.api.internal.artifacts.repositories.resolver.ExternalResourceResolver] No meta-data file or artifact found for module 'commons-validator:commons-validator:1.5.1' in repository 'MavenLocal'.
09:37:02.254 [DEBUG] [org.gradle.api.internal.artifacts.ivyservice.ivyresolve.CachingModuleComponentRepository] Using cached module metadata for module 'commons-validator:commons-validator:1.5.1' in 'maven'
09:37:02.254 [DEBUG] [org.gradle.api.internal.artifacts.ivyservice.ivyresolve.RepositoryChainComponentMetaDataResolver] Using commons-validator:commons-validator:1.5.1 from Maven repository 'maven'
09:37:02.254 [DEBUG] [org.gradle.api.internal.artifacts.ivyservice.resolveengine.graph.DependencyGraphBuilder] Visiting configuration org.springframework.boot:spring-boot:1.4.6.RELEASE(runtime).
09:37:02.254 [DEBUG] [org.gradle.api.internal.artifacts.ivyservice.resolveengine.graph.DependencyGraphBuilder] org.springframework:spring-context is excluded from org.springframework.boot:spring-boot:1.4.6.RELEASE(runtime).
09:37:02.254 [DEBUG] [org.gradle.api.internal.artifacts.ivyservice.resolveengine.graph.DependencyGraphBuilder] Visiting dependency org.springframework.boot:spring-boot:1.4.6.RELEASE(runtime) -> dependency: org.springframework:spring-core:4.3.8.RELEASE, scope: Compile, optional: false
09:37:02.254 [DEBUG] [org.gradle.api.internal.artifacts.ivyservice.resolveengine.graph.DependencyGraphBuilder] Found new conflicting module version org.springframework:spring-core:4.3.8.RELEASE
09:37:02.254 [DEBUG] [org.gradle.api.internal.artifacts.ivyservice.resolveengine.graph.DependencyGraphBuilder] Visiting configuration org.grails:grails-datastore-gorm:6.1.6.RELEASE(runtime).
09:37:02.254 [DEBUG] [org.gradle.api.internal.artifacts.ivyservice.resolveengine.graph.DependencyGraphBuilder] Changed edges for org.grails:grails-datastore-gorm:6.1.6.RELEASE(runtime) selects same versions as previous traversal. ignoring
09:37:02.255 [DEBUG] [org.gradle.api.internal.artifacts.ivyservice.resolveengine.graph.DependencyGraphBuilder] Visiting configuration org.springframework:spring-jdbc:4.3.9.RELEASE(runtime).
09:37:02.255 [DEBUG] [org.gradle.api.internal.artifacts.ivyservice.resolveengine.graph.DependencyGraphBuilder] org.springframework:spring-beans is excluded from org.springframework:spring-jdbc:4.3.9.RELEASE(runtime).
09:37:02.255 [DEBUG] [org.gradle.api.internal.artifacts.ivyservice.resolveengine.graph.DependencyGraphBuilder] org.springframework:spring-core is excluded from org.springframework:spring-jdbc:4.3.9.RELEASE(runtime).
09:37:02.255 [DEBUG] [org.gradle.api.internal.artifacts.ivyservice.resolveengine.graph.DependencyGraphBuilder] org.springframework:spring-tx is excluded from org.springframework:spring-jdbc:4.3.9.RELEASE(runtime).
09:37:02.255 [DEBUG] [org.gradle.api.internal.artifacts.ivyservice.resolveengine.graph.DependencyGraphBuilder] Visiting configuration javax.validation:validation-api:1.1.0.Final(runtime).
09:37:02.255 [DEBUG] [org.gradle.api.internal.artifacts.ivyservice.resolveengine.graph.DependencyGraphBuilder] Visiting configuration com.google.javascript:closure-compiler-externs:v20160713(runtime).
09:37:02.255 [DEBUG] [org.gradle.api.internal.artifacts.ivyservice.resolveengine.graph.DependencyGraphBuilder] Visiting configuration args4j:args4j:2.0.26(runtime).
09:37:02.255 [DEBUG] [org.gradle.api.internal.artifacts.ivyservice.resolveengine.graph.DependencyGraphBuilder] Visiting configuration com.google.guava:guava:19.0(runtime).
09:37:02.255 [DEBUG] [org.gradle.api.internal.artifacts.ivyservice.resolveengine.graph.DependencyGraphBuilder] Visiting configuration com.google.protobuf:protobuf-java:2.5.0(runtime).
09:37:02.255 [DEBUG] [org.gradle.api.internal.artifacts.ivyservice.resolveengine.graph.DependencyGraphBuilder] Visiting configuration com.google.code.gson:gson:2.2.4(runtime).
09:37:02.255 [DEBUG] [org.gradle.api.internal.artifacts.ivyservice.resolveengine.graph.DependencyGraphBuilder] Visiting configuration com.google.code.findbugs:jsr305:1.3.9(runtime).
09:37:02.255 [DEBUG] [org.gradle.api.internal.artifacts.ivyservice.resolveengine.graph.DependencyGraphBuilder] Visiting configuration org.codehaus.groovy:groovy-templates:2.4.11(runtime).
09:37:02.256 [DEBUG] [org.gradle.api.internal.artifacts.ivyservice.resolveengine.graph.DependencyGraphBuilder] Visiting dependency org.codehaus.groovy:groovy-templates:2.4.11(runtime) -> dependency: org.codehaus.groovy:groovy-xml:2.4.11, scope: Compile, optional: false
09:37:02.256 [DEBUG] [org.gradle.api.internal.artifacts.ivyservice.resolveengine.graph.DependencyGraphBuilder] Visiting dependency org.codehaus.groovy:groovy-templates:2.4.11(runtime) -> dependency: org.codehaus.groovy:groovy:2.4.11, scope: Compile, optional: false
09:37:02.256 [DEBUG] [org.gradle.api.internal.artifacts.ivyservice.resolveengine.graph.DependencyGraphBuilder] Visiting configuration org.apache.maven:maven-model-builder:3.2.1(runtime).
09:37:02.256 [DEBUG] [org.gradle.api.internal.artifacts.ivyservice.resolveengine.graph.DependencyGraphBuilder] Visiting dependency org.apache.maven:maven-model-builder:3.2.1(runtime) -> dependency: org.codehaus.plexus:plexus-utils:3.0.17, scope: Compile, optional: false
09:37:02.256 [DEBUG] [org.gradle.api.internal.artifacts.ivyservice.resolveengine.graph.DependencyGraphBuilder] Visiting dependency org.apache.maven:maven-model-builder:3.2.1(runtime) -> dependency: org.codehaus.plexus:plexus-interpolation:1.19, scope: Compile, optional: false
09:37:02.256 [DEBUG] [org.gradle.api.internal.artifacts.ivyservice.resolveengine.graph.DependencyGraphBuilder] Visiting dependency org.apache.maven:maven-model-builder:3.2.1(runtime) -> dependency: org.codehaus.plexus:plexus-component-annotations:1.5.5, scope: Compile, optional: false
09:37:02.256 [DEBUG] [org.gradle.api.internal.artifacts.ivyservice.resolveengine.graph.DependencyGraphBuilder] Visiting dependency org.apache.maven:maven-model-builder:3.2.1(runtime) -> dependency: org.apache.maven:maven-model:3.2.1, scope: Compile, optional: false
09:37:02.256 [DEBUG] [org.gradle.api.internal.artifacts.ivyservice.resolveengine.graph.DependencyGraphBuilder] Visiting configuration org.apache.maven:maven-repository-metadata:3.2.1(runtime).
09:37:02.256 [DEBUG] [org.gradle.api.internal.artifacts.ivyservice.resolveengine.graph.DependencyGraphBuilder] version for org.apache.maven:maven-repository-metadata:3.2.1(runtime) is not selected. ignoring.
09:37:02.256 [DEBUG] [org.gradle.api.internal.artifacts.ivyservice.resolveengine.graph.DependencyGraphBuilder] Visiting configuration org.codehaus.plexus:plexus-component-annotations:1.5.5(runtime).
09:37:02.256 [DEBUG] [org.gradle.api.internal.artifacts.ivyservice.resolveengine.graph.DependencyGraphBuilder] Visiting configuration org.sonatype.plexus:plexus-sec-dispatcher:1.3(runtime).
09:37:02.256 [DEBUG] [org.gradle.api.internal.artifacts.ivyservice.resolveengine.graph.DependencyGraphBuilder] Visiting dependency org.sonatype.plexus:plexus-sec-dispatcher:1.3(runtime) -> dependency: org.codehaus.plexus:plexus-utils:1.5.5, scope: Compile, optional: false
09:37:02.256 [DEBUG] [org.gradle.api.internal.artifacts.ivyservice.resolveengine.graph.DependencyGraphBuilder] Found new conflicting module version org.codehaus.plexus:plexus-utils:1.5.5
09:37:02.257 [DEBUG] [org.gradle.api.internal.artifacts.ivyservice.resolveengine.graph.DependencyGraphBuilder] Visiting dependency org.sonatype.plexus:plexus-sec-dispatcher:1.3(runtime) -> dependency: org.sonatype.plexus:plexus-cipher:1.4, scope: Compile, optional: false
09:37:02.257 [DEBUG] [org.gradle.api.internal.artifacts.ivyservice.resolveengine.graph.DependencyGraphBuilder] Selecting new module version org.sonatype.plexus:plexus-cipher:1.4
09:37:02.257 [DEBUG] [org.gradle.api.internal.artifacts.ivyservice.ivyresolve.RepositoryChainComponentMetaDataResolver] Attempting to resolve component for org.sonatype.plexus:plexus-cipher:1.4 using repositories [MavenLocal, maven]
09:37:02.257 [DEBUG] [org.gradle.api.internal.artifacts.repositories.resolver.DefaultExternalResourceArtifactResolver] Loading file:/Users/michaelmennis/.m2/repository/org/sonatype/plexus/plexus-cipher/1.4/plexus-cipher-1.4.pom
09:37:02.258 [DEBUG] [org.gradle.api.internal.artifacts.ivyservice.ivyresolve.RepositoryChainComponentMetaDataResolver] Attempting to resolve component for org.sonatype.spice:spice-parent:12 using repositories [MavenLocal, maven]
09:37:02.258 [DEBUG] [org.gradle.api.internal.artifacts.ivyservice.ivyresolve.RepositoryChainComponentMetaDataResolver] Using org.sonatype.spice:spice-parent:12 from Maven repository 'MavenLocal'
09:37:02.259 [DEBUG] [org.gradle.api.internal.artifacts.ivyservice.ivyresolve.RepositoryChainComponentMetaDataResolver] Attempting to resolve component for org.sonatype.forge:forge-parent:4 using repositories [MavenLocal, maven]
09:37:02.259 [DEBUG] [org.gradle.api.internal.artifacts.ivyservice.ivyresolve.RepositoryChainComponentMetaDataResolver] Using org.sonatype.forge:forge-parent:4 from Maven repository 'MavenLocal'
09:37:02.260 [DEBUG] [org.gradle.api.internal.artifacts.repositories.resolver.DefaultExternalResourceArtifactResolver] Loading file:/Users/michaelmennis/.m2/repository/org/sonatype/plexus/plexus-cipher/1.4/plexus-cipher-1.4.jar
09:37:02.260 [DEBUG] [org.gradle.api.internal.artifacts.repositories.resolver.ExternalResourceResolver] Metadata file found for module 'org.sonatype.plexus:plexus-cipher:1.4' in repository 'MavenLocal'.
09:37:02.260 [DEBUG] [org.gradle.api.internal.artifacts.ivyservice.ivyresolve.RepositoryChainComponentMetaDataResolver] Using org.sonatype.plexus:plexus-cipher:1.4 from Maven repository 'MavenLocal'
09:37:02.260 [DEBUG] [org.gradle.api.internal.artifacts.ivyservice.resolveengine.graph.DependencyGraphBuilder] Visiting configuration commons-beanutils:commons-beanutils:1.8.0(runtime).
09:37:02.261 [DEBUG] [org.gradle.api.internal.artifacts.ivyservice.resolveengine.graph.DependencyGraphBuilder] Visiting dependency commons-beanutils:commons-beanutils:1.8.0(runtime) -> dependency: commons-logging:commons-logging:1.1.1, scope: Compile, optional: false
09:37:02.261 [DEBUG] [org.gradle.api.internal.artifacts.ivyservice.resolveengine.graph.DependencyGraphBuilder] Visiting configuration commons-collections:commons-collections:3.2.1(runtime).
09:37:02.261 [DEBUG] [org.gradle.api.internal.artifacts.ivyservice.resolveengine.graph.DependencyGraphBuilder] Visiting configuration commons-lang:commons-lang:2.4(runtime).
09:37:02.261 [DEBUG] [org.gradle.api.internal.artifacts.ivyservice.resolveengine.graph.DependencyGraphBuilder] Visiting configuration net.sf.ezmorph:ezmorph:1.0.6(runtime).
09:37:02.261 [DEBUG] [org.gradle.api.internal.artifacts.ivyservice.resolveengine.graph.DependencyGraphBuilder] Visiting dependency net.sf.ezmorph:ezmorph:1.0.6(runtime) -> dependency: commons-lang:commons-lang:2.3, scope: Compile, optional: false
09:37:02.261 [DEBUG] [org.gradle.api.internal.artifacts.ivyservice.resolveengine.graph.DependencyGraphBuilder] Found new conflicting module version commons-lang:commons-lang:2.3
09:37:02.261 [DEBUG] [org.gradle.api.internal.artifacts.ivyservice.resolveengine.graph.DependencyGraphBuilder] Visiting configuration xerces:xercesImpl:2.9.1(runtime).
09:37:02.261 [DEBUG] [org.gradle.api.internal.artifacts.ivyservice.resolveengine.graph.DependencyGraphBuilder] Visiting dependency xerces:xercesImpl:2.9.1(runtime) -> dependency: xml-apis:xml-apis:1.3.04, scope: Compile, optional: false
09:37:02.262 [DEBUG] [org.gradle.api.internal.artifacts.ivyservice.resolveengine.graph.DependencyGraphBuilder] Found new conflicting module version xml-apis:xml-apis:1.3.04
09:37:02.262 [DEBUG] [org.gradle.api.internal.artifacts.ivyservice.resolveengine.graph.DependencyGraphBuilder] Visiting configuration classworlds:classworlds:1.1-alpha-2(runtime).
09:37:02.262 [DEBUG] [org.gradle.api.internal.artifacts.ivyservice.resolveengine.graph.DependencyGraphBuilder] Changed edges for classworlds:classworlds:1.1-alpha-2(runtime) selects same versions as previous traversal. ignoring
09:37:02.262 [DEBUG] [org.gradle.api.internal.artifacts.ivyservice.resolveengine.graph.DependencyGraphBuilder] Visiting configuration org.apache.maven:maven-artifact:2.2.1(runtime).
09:37:02.262 [DEBUG] [org.gradle.api.internal.artifacts.ivyservice.resolveengine.graph.DependencyGraphBuilder] Changed edges for org.apache.maven:maven-artifact:2.2.1(runtime) selects same versions as previous traversal. ignoring
09:37:02.262 [DEBUG] [org.gradle.api.internal.artifacts.ivyservice.resolveengine.graph.DependencyGraphBuilder] Visiting configuration org.codehaus.plexus:plexus-container-default:1.0-alpha-9-stable-1(runtime).
09:37:02.262 [DEBUG] [org.gradle.api.internal.artifacts.ivyservice.resolveengine.graph.DependencyGraphBuilder] Visiting dependency org.codehaus.plexus:plexus-container-default:1.0-alpha-9-stable-1(runtime) -> dependency: junit:junit:3.8.1, scope: Compile, optional: false
09:37:02.262 [DEBUG] [org.gradle.api.internal.artifacts.ivyservice.resolveengine.graph.DependencyGraphBuilder] Visiting dependency org.codehaus.plexus:plexus-container-default:1.0-alpha-9-stable-1(runtime) -> dependency: org.codehaus.plexus:plexus-utils:1.0.4, scope: Compile, optional: false
09:37:02.262 [DEBUG] [org.gradle.api.internal.artifacts.ivyservice.resolveengine.graph.DependencyGraphBuilder] Visiting dependency org.codehaus.plexus:plexus-container-default:1.0-alpha-9-stable-1(runtime) -> dependency: classworlds:classworlds:1.1-alpha-2, scope: Compile, optional: false
09:37:02.262 [DEBUG] [org.gradle.api.internal.artifacts.ivyservice.resolveengine.graph.DependencyGraphBuilder] Visiting configuration classworlds:classworlds:1.1-alpha-2(runtime).
09:37:02.263 [DEBUG] [org.gradle.api.internal.artifacts.ivyservice.resolveengine.graph.DependencyGraphBuilder] Changed edges for classworlds:classworlds:1.1-alpha-2(runtime) selects same versions as previous traversal. ignoring
09:37:02.263 [DEBUG] [org.gradle.api.internal.artifacts.ivyservice.resolveengine.graph.DependencyGraphBuilder] Visiting configuration backport-util-concurrent:backport-util-concurrent:3.1(runtime).
09:37:02.263 [DEBUG] [org.gradle.api.internal.artifacts.ivyservice.resolveengine.graph.DependencyGraphBuilder] Visiting configuration org.apache.maven:maven-profile:2.2.1(runtime).
09:37:02.263 [DEBUG] [org.gradle.api.internal.artifacts.ivyservice.resolveengine.graph.DependencyGraphBuilder] Visiting dependency org.apache.maven:maven-profile:2.2.1(runtime) -> dependency: org.apache.maven:maven-model:2.2.1, scope: Compile, optional: false
09:37:02.263 [DEBUG] [org.gradle.api.internal.artifacts.ivyservice.resolveengine.graph.DependencyGraphBuilder] Visiting dependency org.apache.maven:maven-profile:2.2.1(runtime) -> dependency: org.codehaus.plexus:plexus-utils:1.5.15, scope: Compile, optional: false
09:37:02.263 [DEBUG] [org.gradle.api.internal.artifacts.ivyservice.resolveengine.graph.DependencyGraphBuilder] Visiting dependency org.apache.maven:maven-profile:2.2.1(runtime) -> dependency: org.codehaus.plexus:plexus-interpolation:1.11, scope: Compile, optional: false
09:37:02.263 [DEBUG] [org.gradle.api.internal.artifacts.ivyservice.resolveengine.graph.DependencyGraphBuilder] Visiting dependency org.apache.maven:maven-profile:2.2.1(runtime) -> dependency: org.codehaus.plexus:plexus-container-default:1.0-alpha-9-stable-1, scope: Compile, optional: false
09:37:02.263 [DEBUG] [org.gradle.api.internal.artifacts.ivyservice.resolveengine.graph.DependencyGraphBuilder] Visiting configuration org.apache.maven:maven-artifact-manager:2.2.1(runtime).
09:37:02.263 [DEBUG] [org.gradle.api.internal.artifacts.ivyservice.resolveengine.graph.DependencyGraphBuilder] Changed edges for org.apache.maven:maven-artifact-manager:2.2.1(runtime) selects same versions as previous traversal. ignoring
09:37:02.263 [DEBUG] [org.gradle.api.internal.artifacts.ivyservice.resolveengine.graph.DependencyGraphBuilder] Visiting configuration org.apache.maven:maven-plugin-registry:2.2.1(runtime).
09:37:02.263 [DEBUG] [org.gradle.api.internal.artifacts.ivyservice.resolveengine.graph.DependencyGraphBuilder] Visiting dependency org.apache.maven:maven-plugin-registry:2.2.1(runtime) -> dependency: org.codehaus.plexus:plexus-utils:1.5.15, scope: Compile, optional: false
09:37:02.263 [DEBUG] [org.gradle.api.internal.artifacts.ivyservice.resolveengine.graph.DependencyGraphBuilder] Visiting dependency org.apache.maven:maven-plugin-registry:2.2.1(runtime) -> dependency: org.codehaus.plexus:plexus-container-default:1.0-alpha-9-stable-1, scope: Compile, optional: false
09:37:02.264 [DEBUG] [org.gradle.api.internal.artifacts.ivyservice.resolveengine.graph.DependencyGraphBuilder] Visiting configuration org.apache.maven.wagon:wagon-http-shared:1.0-beta-6(runtime).
09:37:02.264 [DEBUG] [org.gradle.api.internal.artifacts.ivyservice.resolveengine.graph.DependencyGraphBuilder] commons-httpclient:commons-httpclient is excluded from org.apache.maven.wagon:wagon-http-shared:1.0-beta-6(runtime).
09:37:02.264 [DEBUG] [org.gradle.api.internal.artifacts.ivyservice.resolveengine.graph.DependencyGraphBuilder] Visiting dependency org.apache.maven.wagon:wagon-http-shared:1.0-beta-6(runtime) -> dependency: nekohtml:xercesMinimal:1.9.6.2, scope: Compile, optional: false
09:37:02.264 [DEBUG] [org.gradle.api.internal.artifacts.ivyservice.resolveengine.graph.DependencyGraphBuilder] Selecting new module version nekohtml:xercesMinimal:1.9.6.2
09:37:02.264 [DEBUG] [org.gradle.api.internal.artifacts.ivyservice.ivyresolve.RepositoryChainComponentMetaDataResolver] Attempting to resolve component for nekohtml:xercesMinimal:1.9.6.2 using repositories [MavenLocal, maven]
09:37:02.264 [DEBUG] [org.gradle.api.internal.artifacts.repositories.resolver.DefaultExternalResourceArtifactResolver] Loading file:/Users/michaelmennis/.m2/repository/nekohtml/xercesMinimal/1.9.6.2/xercesMinimal-1.9.6.2.pom
09:37:02.264 [DEBUG] [org.gradle.api.internal.artifacts.repositories.resolver.DefaultExternalResourceArtifactResolver] Loading file:/Users/michaelmennis/.m2/repository/nekohtml/xercesMinimal/1.9.6.2/xercesMinimal-1.9.6.2.jar
09:37:02.264 [DEBUG] [org.gradle.api.internal.artifacts.repositories.resolver.ExternalResourceResolver] No meta-data file or artifact found for module 'nekohtml:xercesMinimal:1.9.6.2' in repository 'MavenLocal'.
09:37:02.265 [DEBUG] [org.gradle.api.internal.artifacts.ivyservice.ivyresolve.CachingModuleComponentRepository] Using cached module metadata for module 'nekohtml:xercesMinimal:1.9.6.2' in 'maven'
09:37:02.266 [DEBUG] [org.gradle.api.internal.artifacts.ivyservice.ivyresolve.RepositoryChainComponentMetaDataResolver] Using nekohtml:xercesMinimal:1.9.6.2 from Maven repository 'maven'
09:37:02.266 [DEBUG] [org.gradle.api.internal.artifacts.ivyservice.resolveengine.graph.DependencyGraphBuilder] Visiting dependency org.apache.maven.wagon:wagon-http-shared:1.0-beta-6(runtime) -> dependency: nekohtml:nekohtml:1.9.6.2, scope: Compile, optional: false
09:37:02.266 [DEBUG] [org.gradle.api.internal.artifacts.ivyservice.resolveengine.graph.DependencyGraphBuilder] Selecting new module version nekohtml:nekohtml:1.9.6.2
09:37:02.266 [DEBUG] [org.gradle.api.internal.artifacts.ivyservice.ivyresolve.RepositoryChainComponentMetaDataResolver] Attempting to resolve component for nekohtml:nekohtml:1.9.6.2 using repositories [MavenLocal, maven]
09:37:02.266 [DEBUG] [org.gradle.api.internal.artifacts.repositories.resolver.DefaultExternalResourceArtifactResolver] Loading file:/Users/michaelmennis/.m2/repository/nekohtml/nekohtml/1.9.6.2/nekohtml-1.9.6.2.pom
09:37:02.266 [DEBUG] [org.gradle.api.internal.artifacts.repositories.resolver.DefaultExternalResourceArtifactResolver] Loading file:/Users/michaelmennis/.m2/repository/nekohtml/nekohtml/1.9.6.2/nekohtml-1.9.6.2.jar
09:37:02.266 [DEBUG] [org.gradle.api.internal.artifacts.repositories.resolver.ExternalResourceResolver] No meta-data file or artifact found for module 'nekohtml:nekohtml:1.9.6.2' in repository 'MavenLocal'.
09:37:02.267 [DEBUG] [org.gradle.api.internal.artifacts.ivyservice.ivyresolve.CachingModuleComponentRepository] Using cached module metadata for module 'nekohtml:nekohtml:1.9.6.2' in 'maven'
09:37:02.267 [DEBUG] [org.gradle.api.internal.artifacts.ivyservice.ivyresolve.RepositoryChainComponentMetaDataResolver] Using nekohtml:nekohtml:1.9.6.2 from Maven repository 'maven'
09:37:02.267 [DEBUG] [org.gradle.api.internal.artifacts.ivyservice.resolveengine.graph.DependencyGraphBuilder] Visiting dependency org.apache.maven.wagon:wagon-http-shared:1.0-beta-6(runtime) -> dependency: org.apache.maven.wagon:wagon-provider-api:1.0-beta-6, scope: Compile, optional: false
09:37:02.267 [DEBUG] [org.gradle.api.internal.artifacts.ivyservice.resolveengine.graph.DependencyGraphBuilder] Visiting configuration org.springframework:spring-core:4.3.9.RELEASE(runtime).
09:37:02.267 [DEBUG] [org.gradle.api.internal.artifacts.ivyservice.resolveengine.graph.DependencyGraphBuilder] version for org.springframework:spring-core:4.3.9.RELEASE(runtime) is not selected. ignoring.
09:37:02.267 [DEBUG] [org.gradle.api.internal.artifacts.ivyservice.resolveengine.graph.DependencyGraphBuilder] Visiting configuration org.codehaus.groovy:groovy:2.4.11(runtime).
09:37:02.267 [DEBUG] [org.gradle.api.internal.artifacts.ivyservice.resolveengine.graph.DependencyGraphBuilder] Changed edges for org.codehaus.groovy:groovy:2.4.11(runtime) selects same versions as previous traversal. ignoring
09:37:02.268 [DEBUG] [org.gradle.api.internal.artifacts.ivyservice.resolveengine.graph.DependencyGraphBuilder] Visiting configuration org.grails:grails-datastore-core:6.1.6.RELEASE(runtime).
09:37:02.268 [DEBUG] [org.gradle.api.internal.artifacts.ivyservice.resolveengine.graph.DependencyGraphBuilder] Changed edges for org.grails:grails-datastore-core:6.1.6.RELEASE(runtime) selects same versions as previous traversal. ignoring
09:37:02.268 [DEBUG] [org.gradle.api.internal.artifacts.ivyservice.resolveengine.graph.DependencyGraphBuilder] Visiting configuration commons-validator:commons-validator:1.5.1(runtime).
09:37:02.268 [DEBUG] [org.gradle.api.internal.artifacts.ivyservice.resolveengine.graph.DependencyGraphBuilder] commons-beanutils:commons-beanutils is excluded from commons-validator:commons-validator:1.5.1(runtime).
09:37:02.268 [DEBUG] [org.gradle.api.internal.artifacts.ivyservice.resolveengine.graph.DependencyGraphBuilder] commons-digester:commons-digester is excluded from commons-validator:commons-validator:1.5.1(runtime).
09:37:02.268 [DEBUG] [org.gradle.api.internal.artifacts.ivyservice.resolveengine.graph.DependencyGraphBuilder] commons-logging:commons-logging is excluded from commons-validator:commons-validator:1.5.1(runtime).
09:37:02.268 [DEBUG] [org.gradle.api.internal.artifacts.ivyservice.resolveengine.graph.DependencyGraphBuilder] Visiting dependency commons-validator:commons-validator:1.5.1(runtime) -> dependency: commons-collections:commons-collections:3.2.2, scope: Compile, optional: false
09:37:02.268 [DEBUG] [org.gradle.api.internal.artifacts.ivyservice.resolveengine.graph.DependencyGraphBuilder] Found new conflicting module version commons-collections:commons-collections:3.2.2
09:37:02.268 [DEBUG] [org.gradle.api.internal.artifacts.ivyservice.resolveengine.graph.DependencyGraphBuilder] Visiting configuration org.codehaus.groovy:groovy-xml:2.4.11(runtime).
09:37:02.268 [DEBUG] [org.gradle.api.internal.artifacts.ivyservice.resolveengine.graph.DependencyGraphBuilder] Visiting dependency org.codehaus.groovy:groovy-xml:2.4.11(runtime) -> dependency: org.codehaus.groovy:groovy:2.4.11, scope: Compile, optional: false
09:37:02.268 [DEBUG] [org.gradle.api.internal.artifacts.ivyservice.resolveengine.graph.DependencyGraphBuilder] Visiting configuration org.sonatype.plexus:plexus-cipher:1.4(runtime).
09:37:02.268 [DEBUG] [org.gradle.api.internal.artifacts.ivyservice.resolveengine.graph.DependencyGraphBuilder] Visiting configuration junit:junit:3.8.1(runtime).
09:37:02.268 [DEBUG] [org.gradle.api.internal.artifacts.ivyservice.resolveengine.graph.DependencyGraphBuilder] Visiting configuration org.codehaus.plexus:plexus-container-default:1.0-alpha-9-stable-1(runtime).
09:37:02.268 [DEBUG] [org.gradle.api.internal.artifacts.ivyservice.resolveengine.graph.DependencyGraphBuilder] Changed edges for org.codehaus.plexus:plexus-container-default:1.0-alpha-9-stable-1(runtime) selects same versions as previous traversal. ignoring
09:37:02.268 [DEBUG] [org.gradle.api.internal.artifacts.ivyservice.resolveengine.graph.DependencyGraphBuilder] Visiting configuration nekohtml:xercesMinimal:1.9.6.2(runtime).
09:37:02.269 [DEBUG] [org.gradle.api.internal.artifacts.ivyservice.resolveengine.graph.DependencyGraphBuilder] Visiting configuration nekohtml:nekohtml:1.9.6.2(runtime).
09:37:02.269 [DEBUG] [org.gradle.api.internal.artifacts.ivyservice.resolveengine.graph.DependencyGraphBuilder] xerces:xercesImpl is excluded from nekohtml:nekohtml:1.9.6.2(runtime).
09:37:02.269 [DEBUG] [org.gradle.api.internal.artifacts.ivyservice.resolveengine.graph.DependencyGraphBuilder] Visiting configuration org.apache.maven.wagon:wagon-provider-api:1.0-beta-6(runtime).
09:37:02.269 [DEBUG] [org.gradle.api.internal.artifacts.ivyservice.resolveengine.graph.DependencyGraphBuilder] Changed edges for org.apache.maven.wagon:wagon-provider-api:1.0-beta-6(runtime) selects same versions as previous traversal. ignoring
09:37:02.269 [DEBUG] [org.gradle.api.internal.artifacts.ivyservice.resolveengine.graph.DependencyGraphBuilder] Visiting configuration org.codehaus.groovy:groovy:2.4.11(runtime).
09:37:02.269 [DEBUG] [org.gradle.api.internal.artifacts.ivyservice.resolveengine.graph.DependencyGraphBuilder] Changed edges for org.codehaus.groovy:groovy:2.4.11(runtime) selects same versions as previous traversal. ignoring
09:37:02.269 [DEBUG] [org.gradle.api.internal.artifacts.ivyservice.ivyresolve.RepositoryChainComponentMetaDataResolver] Attempting to resolve component for io.spring.gradle:dependency-management-plugin:1.0.3.RELEASE using repositories [MavenLocal, maven]
09:37:02.269 [DEBUG] [org.gradle.api.internal.artifacts.repositories.resolver.DefaultExternalResourceArtifactResolver] Loading file:/Users/michaelmennis/.m2/repository/io/spring/gradle/dependency-management-plugin/1.0.3.RELEASE/dependency-management-plugin-1.0.3.RELEASE.pom
09:37:02.270 [DEBUG] [org.gradle.api.internal.artifacts.repositories.resolver.DefaultExternalResourceArtifactResolver] Loading file:/Users/michaelmennis/.m2/repository/io/spring/gradle/dependency-management-plugin/1.0.3.RELEASE/dependency-management-plugin-1.0.3.RELEASE.jar
09:37:02.270 [DEBUG] [org.gradle.api.internal.artifacts.repositories.resolver.ExternalResourceResolver] No meta-data file or artifact found for module 'io.spring.gradle:dependency-management-plugin:1.0.3.RELEASE' in repository 'MavenLocal'.
09:37:02.270 [DEBUG] [org.gradle.api.internal.artifacts.ivyservice.ivyresolve.CachingModuleComponentRepository] Using cached module metadata for module 'io.spring.gradle:dependency-management-plugin:1.0.3.RELEASE' in 'maven'
09:37:02.270 [DEBUG] [org.gradle.api.internal.artifacts.ivyservice.ivyresolve.RepositoryChainComponentMetaDataResolver] Using io.spring.gradle:dependency-management-plugin:1.0.3.RELEASE from Maven repository 'maven'
09:37:02.270 [DEBUG] [org.gradle.api.internal.artifacts.ivyservice.resolveengine.graph.conflicts.DefaultConflictHandler] Selected io.spring.gradle:dependency-management-plugin:1.0.3.RELEASE from conflicting modules [io.spring.gradle:dependency-management-plugin:0.6.1.RELEASE, io.spring.gradle:dependency-management-plugin:1.0.3.RELEASE].
09:37:02.270 [DEBUG] [org.gradle.api.internal.artifacts.ivyservice.resolveengine.graph.DependencyGraphBuilder] Visiting configuration io.spring.gradle:dependency-management-plugin:0.6.1.RELEASE(runtime).
09:37:02.270 [DEBUG] [org.gradle.api.internal.artifacts.ivyservice.resolveengine.graph.DependencyGraphBuilder] version for io.spring.gradle:dependency-management-plugin:0.6.1.RELEASE(runtime) is not selected. ignoring.
09:37:02.270 [DEBUG] [org.gradle.api.internal.artifacts.ivyservice.resolveengine.graph.DependencyGraphBuilder] Visiting configuration io.spring.gradle:dependency-management-plugin:1.0.3.RELEASE(runtime).
09:37:02.271 [DEBUG] [org.gradle.api.internal.artifacts.ivyservice.resolveengine.graph.conflicts.DefaultConflictHandler] Selected org.grails:grails-bootstrap:3.3.0 from conflicting modules [org.grails:grails-bootstrap:3.3.0, org.grails:grails-bootstrap:3.2.11].
09:37:02.271 [DEBUG] [org.gradle.api.internal.artifacts.ivyservice.resolveengine.graph.DependencyGraphBuilder] Visiting configuration org.grails:grails-bootstrap:3.3.0(runtime).
09:37:02.271 [DEBUG] [org.gradle.api.internal.artifacts.ivyservice.resolveengine.graph.DependencyGraphBuilder] Visiting dependency org.grails:grails-bootstrap:3.3.0(runtime) -> dependency: org.codehaus.groovy:groovy:2.4.11, scope: Runtime, optional: false
09:37:02.271 [DEBUG] [org.gradle.api.internal.artifacts.ivyservice.resolveengine.graph.DependencyGraphBuilder] Visiting dependency org.grails:grails-bootstrap:3.3.0(runtime) -> dependency: org.slf4j:slf4j-api:1.7.22, scope: Runtime, optional: false
09:37:02.271 [DEBUG] [org.gradle.api.internal.artifacts.ivyservice.resolveengine.graph.DependencyGraphBuilder] Visiting dependency org.grails:grails-bootstrap:3.3.0(runtime) -> dependency: org.slf4j:jcl-over-slf4j:1.7.22, scope: Runtime, optional: false
09:37:02.271 [DEBUG] [org.gradle.api.internal.artifacts.ivyservice.resolveengine.graph.DependencyGraphBuilder] Visiting dependency org.grails:grails-bootstrap:3.3.0(runtime) -> dependency: org.codehaus.groovy:groovy-xml:2.4.11, scope: Runtime, optional: false
09:37:02.271 [DEBUG] [org.gradle.api.internal.artifacts.ivyservice.resolveengine.graph.DependencyGraphBuilder] Visiting dependency org.grails:grails-bootstrap:3.3.0(runtime) -> dependency: org.codehaus.groovy:groovy-templates:2.4.11, scope: Runtime, optional: false
09:37:02.271 [DEBUG] [org.gradle.api.internal.artifacts.ivyservice.resolveengine.graph.DependencyGraphBuilder] Visiting dependency org.grails:grails-bootstrap:3.3.0(runtime) -> dependency: org.yaml:snakeyaml:1.14, scope: Runtime, optional: false
09:37:02.271 [DEBUG] [org.gradle.api.internal.artifacts.ivyservice.resolveengine.graph.DependencyGraphBuilder] Visiting configuration org.codehaus.groovy:groovy:2.4.11(runtime).
09:37:02.271 [DEBUG] [org.gradle.api.internal.artifacts.ivyservice.resolveengine.graph.DependencyGraphBuilder] Changed edges for org.codehaus.groovy:groovy:2.4.11(runtime) selects same versions as previous traversal. ignoring
09:37:02.271 [DEBUG] [org.gradle.api.internal.artifacts.ivyservice.resolveengine.graph.DependencyGraphBuilder] Visiting configuration org.slf4j:jcl-over-slf4j:1.7.22(runtime).
09:37:02.271 [DEBUG] [org.gradle.api.internal.artifacts.ivyservice.resolveengine.graph.DependencyGraphBuilder] Changed edges for org.slf4j:jcl-over-slf4j:1.7.22(runtime) selects same versions as previous traversal. ignoring
09:37:02.271 [DEBUG] [org.gradle.api.internal.artifacts.ivyservice.resolveengine.graph.DependencyGraphBuilder] Visiting configuration org.codehaus.groovy:groovy-xml:2.4.11(runtime).
09:37:02.271 [DEBUG] [org.gradle.api.internal.artifacts.ivyservice.resolveengine.graph.DependencyGraphBuilder] Visiting dependency org.codehaus.groovy:groovy-xml:2.4.11(runtime) -> dependency: org.codehaus.groovy:groovy:2.4.11, scope: Compile, optional: false
09:37:02.271 [DEBUG] [org.gradle.api.internal.artifacts.ivyservice.resolveengine.graph.DependencyGraphBuilder] Visiting configuration org.codehaus.groovy:groovy:2.4.11(runtime).
09:37:02.271 [DEBUG] [org.gradle.api.internal.artifacts.ivyservice.resolveengine.graph.DependencyGraphBuilder] Changed edges for org.codehaus.groovy:groovy:2.4.11(runtime) selects same versions as previous traversal. ignoring
09:37:02.272 [DEBUG] [org.gradle.api.internal.artifacts.ivyservice.resolveengine.graph.DependencyGraphBuilder] Visiting configuration org.codehaus.groovy:groovy-templates:2.4.11(runtime).
09:37:02.272 [DEBUG] [org.gradle.api.internal.artifacts.ivyservice.resolveengine.graph.DependencyGraphBuilder] Visiting dependency org.codehaus.groovy:groovy-templates:2.4.11(runtime) -> dependency: org.codehaus.groovy:groovy-xml:2.4.11, scope: Compile, optional: false
09:37:02.272 [DEBUG] [org.gradle.api.internal.artifacts.ivyservice.resolveengine.graph.DependencyGraphBuilder] Visiting dependency org.codehaus.groovy:groovy-templates:2.4.11(runtime) -> dependency: org.codehaus.groovy:groovy:2.4.11, scope: Compile, optional: false
09:37:02.272 [DEBUG] [org.gradle.api.internal.artifacts.ivyservice.resolveengine.graph.DependencyGraphBuilder] Visiting configuration org.codehaus.groovy:groovy:2.4.11(runtime).
09:37:02.272 [DEBUG] [org.gradle.api.internal.artifacts.ivyservice.resolveengine.graph.DependencyGraphBuilder] Changed edges for org.codehaus.groovy:groovy:2.4.11(runtime) selects same versions as previous traversal. ignoring
09:37:02.272 [DEBUG] [org.gradle.api.internal.artifacts.ivyservice.resolveengine.graph.DependencyGraphBuilder] Visiting configuration org.codehaus.groovy:groovy-xml:2.4.11(runtime).
09:37:02.272 [DEBUG] [org.gradle.api.internal.artifacts.ivyservice.resolveengine.graph.DependencyGraphBuilder] Changed edges for org.codehaus.groovy:groovy-xml:2.4.11(runtime) selects same versions as previous traversal. ignoring
09:37:02.272 [DEBUG] [org.gradle.api.internal.artifacts.ivyservice.resolveengine.graph.DependencyGraphBuilder] Visiting configuration org.yaml:snakeyaml:1.14(runtime).
09:37:02.272 [DEBUG] [org.gradle.api.internal.artifacts.ivyservice.ivyresolve.RepositoryChainComponentMetaDataResolver] Attempting to resolve component for org.springframework:spring-orm:4.3.9.RELEASE using repositories [MavenLocal, maven]
09:37:02.272 [DEBUG] [org.gradle.api.internal.artifacts.repositories.resolver.DefaultExternalResourceArtifactResolver] Loading file:/Users/michaelmennis/.m2/repository/org/springframework/spring-orm/4.3.9.RELEASE/spring-orm-4.3.9.RELEASE.pom
09:37:02.272 [DEBUG] [org.gradle.api.internal.artifacts.repositories.resolver.DefaultExternalResourceArtifactResolver] Loading file:/Users/michaelmennis/.m2/repository/org/springframework/spring-orm/4.3.9.RELEASE/spring-orm-4.3.9.RELEASE.jar
09:37:02.272 [DEBUG] [org.gradle.api.internal.artifacts.repositories.resolver.ExternalResourceResolver] No meta-data file or artifact found for module 'org.springframework:spring-orm:4.3.9.RELEASE' in repository 'MavenLocal'.
09:37:02.273 [DEBUG] [org.gradle.api.internal.artifacts.ivyservice.ivyresolve.CachingModuleComponentRepository] Using cached module metadata for module 'org.springframework:spring-orm:4.3.9.RELEASE' in 'maven'
09:37:02.273 [DEBUG] [org.gradle.api.internal.artifacts.ivyservice.ivyresolve.RepositoryChainComponentMetaDataResolver] Using org.springframework:spring-orm:4.3.9.RELEASE from Maven repository 'maven'
09:37:02.273 [DEBUG] [org.gradle.api.internal.artifacts.ivyservice.resolveengine.graph.conflicts.DefaultConflictHandler] Selected org.springframework:spring-orm:4.3.9.RELEASE from conflicting modules [org.springframework:spring-orm:4.2.3.RELEASE, org.springframework:spring-orm:4.3.9.RELEASE].
09:37:02.273 [DEBUG] [org.gradle.api.internal.artifacts.ivyservice.resolveengine.graph.DependencyGraphBuilder] Visiting configuration org.springframework:spring-orm:4.2.3.RELEASE(runtime).
09:37:02.273 [DEBUG] [org.gradle.api.internal.artifacts.ivyservice.resolveengine.graph.DependencyGraphBuilder] version for org.springframework:spring-orm:4.2.3.RELEASE(runtime) is not selected. ignoring.
09:37:02.273 [DEBUG] [org.gradle.api.internal.artifacts.ivyservice.resolveengine.graph.DependencyGraphBuilder] Visiting configuration org.springframework:spring-orm:4.3.9.RELEASE(runtime).
09:37:02.273 [DEBUG] [org.gradle.api.internal.artifacts.ivyservice.resolveengine.graph.DependencyGraphBuilder] Visiting dependency org.springframework:spring-orm:4.3.9.RELEASE(runtime) -> dependency: org.springframework:spring-beans:4.3.9.RELEASE, scope: Compile, optional: false
09:37:02.273 [DEBUG] [org.gradle.api.internal.artifacts.ivyservice.resolveengine.graph.DependencyGraphBuilder] Visiting dependency org.springframework:spring-orm:4.3.9.RELEASE(runtime) -> dependency: org.springframework:spring-core:4.3.9.RELEASE, scope: Compile, optional: false
09:37:02.273 [DEBUG] [org.gradle.api.internal.artifacts.ivyservice.resolveengine.graph.DependencyGraphBuilder] Visiting dependency org.springframework:spring-orm:4.3.9.RELEASE(runtime) -> dependency: org.springframework:spring-jdbc:4.3.9.RELEASE, scope: Compile, optional: false
09:37:02.274 [DEBUG] [org.gradle.api.internal.artifacts.ivyservice.resolveengine.graph.DependencyGraphBuilder] Visiting dependency org.springframework:spring-orm:4.3.9.RELEASE(runtime) -> dependency: org.springframework:spring-tx:4.3.9.RELEASE, scope: Compile, optional: false
09:37:02.274 [DEBUG] [org.gradle.api.internal.artifacts.ivyservice.resolveengine.graph.DependencyGraphBuilder] Visiting configuration org.springframework:spring-beans:4.3.9.RELEASE(runtime).
09:37:02.274 [DEBUG] [org.gradle.api.internal.artifacts.ivyservice.resolveengine.graph.DependencyGraphBuilder] Visiting dependency org.springframework:spring-beans:4.3.9.RELEASE(runtime) -> dependency: org.springframework:spring-core:4.3.9.RELEASE, scope: Compile, optional: false
09:37:02.274 [DEBUG] [org.gradle.api.internal.artifacts.ivyservice.resolveengine.graph.DependencyGraphBuilder] Visiting configuration org.springframework:spring-jdbc:4.3.9.RELEASE(runtime).
09:37:02.274 [DEBUG] [org.gradle.api.internal.artifacts.ivyservice.resolveengine.graph.DependencyGraphBuilder] Visiting dependency org.springframework:spring-jdbc:4.3.9.RELEASE(runtime) -> dependency: org.springframework:spring-beans:4.3.9.RELEASE, scope: Compile, optional: false
09:37:02.274 [DEBUG] [org.gradle.api.internal.artifacts.ivyservice.resolveengine.graph.DependencyGraphBuilder] Visiting dependency org.springframework:spring-jdbc:4.3.9.RELEASE(runtime) -> dependency: org.springframework:spring-core:4.3.9.RELEASE, scope: Compile, optional: false
09:37:02.274 [DEBUG] [org.gradle.api.internal.artifacts.ivyservice.resolveengine.graph.DependencyGraphBuilder] Visiting dependency org.springframework:spring-jdbc:4.3.9.RELEASE(runtime) -> dependency: org.springframework:spring-tx:4.3.9.RELEASE, scope: Compile, optional: false
09:37:02.274 [DEBUG] [org.gradle.api.internal.artifacts.ivyservice.resolveengine.graph.DependencyGraphBuilder] Visiting configuration org.springframework:spring-tx:4.3.9.RELEASE(runtime).
09:37:02.274 [DEBUG] [org.gradle.api.internal.artifacts.ivyservice.resolveengine.graph.DependencyGraphBuilder] Visiting dependency org.springframework:spring-tx:4.3.9.RELEASE(runtime) -> dependency: org.springframework:spring-beans:4.3.9.RELEASE, scope: Compile, optional: false
09:37:02.274 [DEBUG] [org.gradle.api.internal.artifacts.ivyservice.resolveengine.graph.DependencyGraphBuilder] Visiting dependency org.springframework:spring-tx:4.3.9.RELEASE(runtime) -> dependency: org.springframework:spring-core:4.3.9.RELEASE, scope: Compile, optional: false
09:37:02.274 [DEBUG] [org.gradle.api.internal.artifacts.ivyservice.resolveengine.graph.DependencyGraphBuilder] Visiting configuration org.springframework:spring-core:4.3.9.RELEASE(runtime).
09:37:02.274 [DEBUG] [org.gradle.api.internal.artifacts.ivyservice.resolveengine.graph.DependencyGraphBuilder] version for org.springframework:spring-core:4.3.9.RELEASE(runtime) is not selected. ignoring.
09:37:02.274 [DEBUG] [org.gradle.api.internal.artifacts.ivyservice.resolveengine.graph.DependencyGraphBuilder] Visiting configuration org.springframework:spring-beans:4.3.9.RELEASE(runtime).
09:37:02.274 [DEBUG] [org.gradle.api.internal.artifacts.ivyservice.resolveengine.graph.DependencyGraphBuilder] Changed edges for org.springframework:spring-beans:4.3.9.RELEASE(runtime) selects same versions as previous traversal. ignoring
09:37:02.274 [DEBUG] [org.gradle.api.internal.artifacts.ivyservice.resolveengine.graph.conflicts.DefaultConflictHandler] Selected org.apache.ant:ant-launcher:1.9.7 from conflicting modules [org.apache.ant:ant-launcher:1.9.7, org.apache.ant:ant-launcher:1.9.4].
09:37:02.274 [DEBUG] [org.gradle.api.internal.artifacts.ivyservice.resolveengine.graph.DependencyGraphBuilder] Visiting configuration org.apache.ant:ant-launcher:1.9.7(runtime).
09:37:02.275 [DEBUG] [org.gradle.api.internal.artifacts.ivyservice.resolveengine.graph.conflicts.DefaultConflictHandler] Selected org.apache.ant:ant:1.9.7 from conflicting modules [org.apache.ant:ant:1.9.7, org.apache.ant:ant:1.9.4, org.apache.ant:ant:1.8.0].
09:37:02.275 [DEBUG] [org.gradle.api.internal.artifacts.ivyservice.resolveengine.graph.DependencyGraphBuilder] Visiting configuration org.apache.ant:ant:1.9.7(runtime).
09:37:02.275 [DEBUG] [org.gradle.api.internal.artifacts.ivyservice.resolveengine.graph.DependencyGraphBuilder] Visiting dependency org.apache.ant:ant:1.9.7(runtime) -> dependency: org.apache.ant:ant-launcher:1.9.7, scope: Compile, optional: false
09:37:02.275 [DEBUG] [org.gradle.api.internal.artifacts.ivyservice.resolveengine.graph.DependencyGraphBuilder] Visiting configuration org.apache.ant:ant-launcher:1.9.7(runtime).
09:37:02.275 [DEBUG] [org.gradle.api.internal.artifacts.ivyservice.resolveengine.graph.conflicts.DefaultConflictHandler] Selected org.slf4j:slf4j-api:1.7.22 from conflicting modules [org.slf4j:slf4j-api:1.7.22, org.slf4j:slf4j-api:1.7.10].
09:37:02.275 [DEBUG] [org.gradle.api.internal.artifacts.ivyservice.resolveengine.graph.DependencyGraphBuilder] Visiting configuration org.slf4j:slf4j-api:1.7.22(runtime).
09:37:02.275 [DEBUG] [org.gradle.api.internal.artifacts.ivyservice.resolveengine.graph.conflicts.DefaultConflictHandler] Selected jline:jline:2.12 from conflicting modules [jline:jline:2.12, jline:jline:2.11].
09:37:02.275 [DEBUG] [org.gradle.api.internal.artifacts.ivyservice.resolveengine.graph.DependencyGraphBuilder] Visiting configuration jline:jline:2.12(runtime).
09:37:02.275 [DEBUG] [org.gradle.api.internal.artifacts.ivyservice.ivyresolve.RepositoryChainComponentMetaDataResolver] Attempting to resolve component for org.javassist:javassist:3.21.0-GA using repositories [MavenLocal, maven]
09:37:02.275 [DEBUG] [org.gradle.api.internal.artifacts.repositories.resolver.DefaultExternalResourceArtifactResolver] Loading file:/Users/michaelmennis/.m2/repository/org/javassist/javassist/3.21.0-GA/javassist-3.21.0-GA.pom
09:37:02.275 [DEBUG] [org.gradle.api.internal.artifacts.repositories.resolver.DefaultExternalResourceArtifactResolver] Loading file:/Users/michaelmennis/.m2/repository/org/javassist/javassist/3.21.0-GA/javassist-3.21.0-GA.jar
09:37:02.275 [DEBUG] [org.gradle.api.internal.artifacts.repositories.resolver.ExternalResourceResolver] No meta-data file or artifact found for module 'org.javassist:javassist:3.21.0-GA' in repository 'MavenLocal'.
09:37:02.276 [DEBUG] [org.gradle.api.internal.artifacts.ivyservice.ivyresolve.CachingModuleComponentRepository] Using cached module metadata for module 'org.javassist:javassist:3.21.0-GA' in 'maven'
09:37:02.276 [DEBUG] [org.gradle.api.internal.artifacts.ivyservice.ivyresolve.RepositoryChainComponentMetaDataResolver] Using org.javassist:javassist:3.21.0-GA from Maven repository 'maven'
09:37:02.276 [DEBUG] [org.gradle.api.internal.artifacts.ivyservice.resolveengine.graph.conflicts.DefaultConflictHandler] Selected org.javassist:javassist:3.21.0-GA from conflicting modules [org.javassist:javassist:3.20.0-GA, org.javassist:javassist:3.21.0-GA].
09:37:02.276 [DEBUG] [org.gradle.api.internal.artifacts.ivyservice.resolveengine.graph.DependencyGraphBuilder] Visiting configuration org.javassist:javassist:3.20.0-GA(runtime).
09:37:02.276 [DEBUG] [org.gradle.api.internal.artifacts.ivyservice.resolveengine.graph.DependencyGraphBuilder] version for org.javassist:javassist:3.20.0-GA(runtime) is not selected. ignoring.
09:37:02.276 [DEBUG] [org.gradle.api.internal.artifacts.ivyservice.resolveengine.graph.DependencyGraphBuilder] Visiting configuration org.javassist:javassist:3.21.0-GA(runtime).
09:37:02.276 [DEBUG] [org.gradle.api.internal.artifacts.ivyservice.resolveengine.graph.conflicts.DefaultConflictHandler] Selected org.jboss.logging:jboss-logging:3.3.0.Final from conflicting modules [org.jboss.logging:jboss-logging:3.3.0.Final, org.jboss.logging:jboss-logging:3.2.1.Final].
09:37:02.276 [DEBUG] [org.gradle.api.internal.artifacts.ivyservice.resolveengine.graph.DependencyGraphBuilder] Visiting configuration org.jboss.logging:jboss-logging:3.3.0.Final(runtime).
09:37:02.276 [DEBUG] [org.gradle.api.internal.artifacts.ivyservice.resolveengine.graph.conflicts.DefaultConflictHandler] Selected com.fasterxml:classmate:1.3.0 from conflicting modules [com.fasterxml:classmate:1.3.0, com.fasterxml:classmate:1.1.0].
09:37:02.277 [DEBUG] [org.gradle.api.internal.artifacts.ivyservice.resolveengine.graph.DependencyGraphBuilder] Visiting configuration com.fasterxml:classmate:1.3.0(runtime).
09:37:02.277 [DEBUG] [org.gradle.api.internal.artifacts.ivyservice.ivyresolve.RepositoryChainComponentMetaDataResolver] Attempting to resolve component for commons-logging:commons-logging:1.2 using repositories [MavenLocal, maven]
09:37:02.277 [DEBUG] [org.gradle.api.internal.artifacts.repositories.resolver.DefaultExternalResourceArtifactResolver] Loading file:/Users/michaelmennis/.m2/repository/commons-logging/commons-logging/1.2/commons-logging-1.2.pom
09:37:02.278 [DEBUG] [org.gradle.api.internal.artifacts.ivyservice.ivyresolve.RepositoryChainComponentMetaDataResolver] Attempting to resolve component for org.apache.commons:commons-parent:34 using repositories [MavenLocal, maven]
09:37:02.278 [DEBUG] [org.gradle.api.internal.artifacts.repositories.resolver.DefaultExternalResourceArtifactResolver] Loading file:/Users/michaelmennis/.m2/repository/org/apache/commons/commons-parent/34/commons-parent-34.pom
09:37:02.281 [DEBUG] [org.gradle.api.internal.artifacts.ivyservice.ivyresolve.RepositoryChainComponentMetaDataResolver] Attempting to resolve component for org.apache:apache:13 using repositories [MavenLocal, maven]
09:37:02.281 [DEBUG] [org.gradle.api.internal.artifacts.repositories.resolver.DefaultExternalResourceArtifactResolver] Loading file:/Users/michaelmennis/.m2/repository/org/apache/apache/13/apache-13.pom
09:37:02.282 [DEBUG] [org.gradle.api.internal.artifacts.repositories.resolver.ExternalResourceResolver] Metadata file found for module 'org.apache:apache:13' in repository 'MavenLocal'.
09:37:02.282 [DEBUG] [org.gradle.api.internal.artifacts.ivyservice.ivyresolve.RepositoryChainComponentMetaDataResolver] Using org.apache:apache:13 from Maven repository 'MavenLocal'
09:37:02.282 [DEBUG] [org.gradle.api.internal.artifacts.repositories.resolver.DefaultExternalResourceArtifactResolver] Loading file:/Users/michaelmennis/.m2/repository/org/apache/apache/13/apache-13.pom
09:37:02.283 [DEBUG] [org.gradle.api.internal.artifacts.repositories.resolver.ExternalResourceResolver] Metadata file found for module 'org.apache.commons:commons-parent:34' in repository 'MavenLocal'.
09:37:02.283 [DEBUG] [org.gradle.api.internal.artifacts.ivyservice.ivyresolve.RepositoryChainComponentMetaDataResolver] Using org.apache.commons:commons-parent:34 from Maven repository 'MavenLocal'
09:37:02.283 [DEBUG] [org.gradle.api.internal.artifacts.repositories.resolver.DefaultExternalResourceArtifactResolver] Loading file:/Users/michaelmennis/.m2/repository/org/apache/commons/commons-parent/34/commons-parent-34.pom
09:37:02.285 [DEBUG] [org.gradle.api.internal.artifacts.ivyservice.ivyresolve.RepositoryChainComponentMetaDataResolver] Attempting to resolve component for org.apache:apache:13 using repositories [MavenLocal, maven]
09:37:02.285 [DEBUG] [org.gradle.api.internal.artifacts.ivyservice.ivyresolve.RepositoryChainComponentMetaDataResolver] Using org.apache:apache:13 from Maven repository 'MavenLocal'
09:37:02.286 [DEBUG] [org.gradle.api.internal.artifacts.repositories.resolver.DefaultExternalResourceArtifactResolver] Loading file:/Users/michaelmennis/.m2/repository/commons-logging/commons-logging/1.2/commons-logging-1.2.jar
09:37:02.286 [DEBUG] [org.gradle.api.internal.artifacts.repositories.resolver.ExternalResourceResolver] Metadata file found for module 'commons-logging:commons-logging:1.2' in repository 'MavenLocal'.
09:37:02.286 [DEBUG] [org.gradle.api.internal.artifacts.ivyservice.ivyresolve.RepositoryChainComponentMetaDataResolver] Using commons-logging:commons-logging:1.2 from Maven repository 'MavenLocal'
09:37:02.286 [DEBUG] [org.gradle.api.internal.artifacts.ivyservice.resolveengine.graph.conflicts.DefaultConflictHandler] Selected commons-logging:commons-logging:1.2 from conflicting modules [commons-logging:commons-logging:1.1.1, commons-logging:commons-logging:1.2].
09:37:02.286 [DEBUG] [org.gradle.api.internal.artifacts.ivyservice.resolveengine.graph.DependencyGraphBuilder] Visiting configuration commons-logging:commons-logging:1.1.1(runtime).
09:37:02.286 [DEBUG] [org.gradle.api.internal.artifacts.ivyservice.resolveengine.graph.DependencyGraphBuilder] version for commons-logging:commons-logging:1.1.1(runtime) is not selected. ignoring.
09:37:02.286 [DEBUG] [org.gradle.api.internal.artifacts.ivyservice.resolveengine.graph.DependencyGraphBuilder] Visiting configuration commons-logging:commons-logging:1.2(runtime).
09:37:02.287 [DEBUG] [org.gradle.api.internal.artifacts.ivyservice.ivyresolve.RepositoryChainComponentMetaDataResolver] Attempting to resolve component for org.apache.maven:maven-model:3.2.1 using repositories [MavenLocal, maven]
09:37:02.287 [DEBUG] [org.gradle.api.internal.artifacts.repositories.resolver.DefaultExternalResourceArtifactResolver] Loading file:/Users/michaelmennis/.m2/repository/org/apache/maven/maven-model/3.2.1/maven-model-3.2.1.pom
09:37:02.287 [DEBUG] [org.gradle.api.internal.artifacts.repositories.resolver.DefaultExternalResourceArtifactResolver] Loading file:/Users/michaelmennis/.m2/repository/org/apache/maven/maven-model/3.2.1/maven-model-3.2.1.jar
09:37:02.287 [DEBUG] [org.gradle.api.internal.artifacts.repositories.resolver.ExternalResourceResolver] No meta-data file or artifact found for module 'org.apache.maven:maven-model:3.2.1' in repository 'MavenLocal'.
09:37:02.287 [DEBUG] [org.gradle.api.internal.artifacts.ivyservice.ivyresolve.CachingModuleComponentRepository] Using cached module metadata for module 'org.apache.maven:maven-model:3.2.1' in 'maven'
09:37:02.287 [DEBUG] [org.gradle.api.internal.artifacts.ivyservice.ivyresolve.RepositoryChainComponentMetaDataResolver] Using org.apache.maven:maven-model:3.2.1 from Maven repository 'maven'
09:37:02.287 [DEBUG] [org.gradle.api.internal.artifacts.ivyservice.resolveengine.graph.conflicts.DefaultConflictHandler] Selected org.apache.maven:maven-model:3.2.1 from conflicting modules [org.apache.maven:maven-model:2.2.1, org.apache.maven:maven-model:3.2.1].
09:37:02.287 [DEBUG] [org.gradle.api.internal.artifacts.ivyservice.resolveengine.graph.DependencyGraphBuilder] Visiting configuration org.apache.maven:maven-model:2.2.1(runtime).
09:37:02.287 [DEBUG] [org.gradle.api.internal.artifacts.ivyservice.resolveengine.graph.DependencyGraphBuilder] version for org.apache.maven:maven-model:2.2.1(runtime) is not selected. ignoring.
09:37:02.287 [DEBUG] [org.gradle.api.internal.artifacts.ivyservice.resolveengine.graph.DependencyGraphBuilder] Visiting configuration org.apache.maven:maven-model:3.2.1(runtime).
09:37:02.287 [DEBUG] [org.gradle.api.internal.artifacts.ivyservice.resolveengine.graph.DependencyGraphBuilder] Visiting dependency org.apache.maven:maven-model:3.2.1(runtime) -> dependency: org.codehaus.plexus:plexus-utils:3.0.17, scope: Compile, optional: false
09:37:02.287 [DEBUG] [org.gradle.api.internal.artifacts.ivyservice.resolveengine.graph.conflicts.DefaultConflictHandler] Selected org.eclipse.aether:aether-api:1.0.2.v20150114 from conflicting modules [org.eclipse.aether:aether-api:1.0.2.v20150114, org.eclipse.aether:aether-api:0.9.0.M2].
09:37:02.288 [DEBUG] [org.gradle.api.internal.artifacts.ivyservice.resolveengine.graph.DependencyGraphBuilder] Visiting configuration org.eclipse.aether:aether-api:1.0.2.v20150114(runtime).
09:37:02.288 [DEBUG] [org.gradle.api.internal.artifacts.ivyservice.resolveengine.graph.conflicts.DefaultConflictHandler] Selected org.eclipse.aether:aether-spi:1.0.2.v20150114 from conflicting modules [org.eclipse.aether:aether-spi:1.0.2.v20150114, org.eclipse.aether:aether-spi:0.9.0.M2].
09:37:02.288 [DEBUG] [org.gradle.api.internal.artifacts.ivyservice.resolveengine.graph.DependencyGraphBuilder] Visiting configuration org.eclipse.aether:aether-spi:1.0.2.v20150114(runtime).
09:37:02.288 [DEBUG] [org.gradle.api.internal.artifacts.ivyservice.resolveengine.graph.DependencyGraphBuilder] Visiting dependency org.eclipse.aether:aether-spi:1.0.2.v20150114(runtime) -> dependency: org.eclipse.aether:aether-api:1.0.2.v20150114, scope: Compile, optional: false
09:37:02.288 [DEBUG] [org.gradle.api.internal.artifacts.ivyservice.resolveengine.graph.DependencyGraphBuilder] Visiting configuration org.eclipse.aether:aether-api:1.0.2.v20150114(runtime).
09:37:02.288 [DEBUG] [org.gradle.api.internal.artifacts.ivyservice.resolveengine.graph.DependencyGraphBuilder] Changed edges for org.eclipse.aether:aether-api:1.0.2.v20150114(runtime) selects same versions as previous traversal. ignoring
09:37:02.288 [DEBUG] [org.gradle.api.internal.artifacts.ivyservice.resolveengine.graph.conflicts.DefaultConflictHandler] Selected org.eclipse.aether:aether-util:1.0.2.v20150114 from conflicting modules [org.eclipse.aether:aether-util:1.0.2.v20150114, org.eclipse.aether:aether-util:0.9.0.M2].
09:37:02.288 [DEBUG] [org.gradle.api.internal.artifacts.ivyservice.resolveengine.graph.DependencyGraphBuilder] Visiting configuration org.eclipse.aether:aether-util:1.0.2.v20150114(runtime).
09:37:02.288 [DEBUG] [org.gradle.api.internal.artifacts.ivyservice.resolveengine.graph.DependencyGraphBuilder] Visiting dependency org.eclipse.aether:aether-util:1.0.2.v20150114(runtime) -> dependency: org.eclipse.aether:aether-api:1.0.2.v20150114, scope: Compile, optional: false
09:37:02.288 [DEBUG] [org.gradle.api.internal.artifacts.ivyservice.resolveengine.graph.DependencyGraphBuilder] Visiting configuration org.eclipse.aether:aether-api:1.0.2.v20150114(runtime).
09:37:02.288 [DEBUG] [org.gradle.api.internal.artifacts.ivyservice.resolveengine.graph.DependencyGraphBuilder] Changed edges for org.eclipse.aether:aether-api:1.0.2.v20150114(runtime) selects same versions as previous traversal. ignoring
09:37:02.288 [DEBUG] [org.gradle.api.internal.artifacts.ivyservice.resolveengine.graph.conflicts.DefaultConflictHandler] Selected org.eclipse.aether:aether-impl:1.0.2.v20150114 from conflicting modules [org.eclipse.aether:aether-impl:1.0.2.v20150114, org.eclipse.aether:aether-impl:0.9.0.M2].
09:37:02.288 [DEBUG] [org.gradle.api.internal.artifacts.ivyservice.resolveengine.graph.DependencyGraphBuilder] Visiting configuration org.eclipse.aether:aether-impl:1.0.2.v20150114(runtime).
09:37:02.288 [DEBUG] [org.gradle.api.internal.artifacts.ivyservice.resolveengine.graph.DependencyGraphBuilder] Visiting dependency org.eclipse.aether:aether-impl:1.0.2.v20150114(runtime) -> dependency: org.eclipse.aether:aether-api:1.0.2.v20150114, scope: Compile, optional: false
09:37:02.288 [DEBUG] [org.gradle.api.internal.artifacts.ivyservice.resolveengine.graph.DependencyGraphBuilder] Visiting dependency org.eclipse.aether:aether-impl:1.0.2.v20150114(runtime) -> dependency: org.eclipse.aether:aether-spi:1.0.2.v20150114, scope: Compile, optional: false
09:37:02.288 [DEBUG] [org.gradle.api.internal.artifacts.ivyservice.resolveengine.graph.DependencyGraphBuilder] Visiting dependency org.eclipse.aether:aether-impl:1.0.2.v20150114(runtime) -> dependency: org.eclipse.aether:aether-util:1.0.2.v20150114, scope: Compile, optional: false
09:37:02.288 [DEBUG] [org.gradle.api.internal.artifacts.ivyservice.resolveengine.graph.DependencyGraphBuilder] Visiting configuration org.eclipse.aether:aether-api:1.0.2.v20150114(runtime).
09:37:02.288 [DEBUG] [org.gradle.api.internal.artifacts.ivyservice.resolveengine.graph.DependencyGraphBuilder] Changed edges for org.eclipse.aether:aether-api:1.0.2.v20150114(runtime) selects same versions as previous traversal. ignoring
09:37:02.288 [DEBUG] [org.gradle.api.internal.artifacts.ivyservice.resolveengine.graph.DependencyGraphBuilder] Visiting configuration org.eclipse.aether:aether-spi:1.0.2.v20150114(runtime).
09:37:02.289 [DEBUG] [org.gradle.api.internal.artifacts.ivyservice.resolveengine.graph.DependencyGraphBuilder] Changed edges for org.eclipse.aether:aether-spi:1.0.2.v20150114(runtime) selects same versions as previous traversal. ignoring
09:37:02.289 [DEBUG] [org.gradle.api.internal.artifacts.ivyservice.resolveengine.graph.DependencyGraphBuilder] Visiting configuration org.eclipse.aether:aether-util:1.0.2.v20150114(runtime).
09:37:02.289 [DEBUG] [org.gradle.api.internal.artifacts.ivyservice.resolveengine.graph.DependencyGraphBuilder] Changed edges for org.eclipse.aether:aether-util:1.0.2.v20150114(runtime) selects same versions as previous traversal. ignoring
09:37:02.289 [DEBUG] [org.gradle.api.internal.artifacts.ivyservice.ivyresolve.RepositoryChainComponentMetaDataResolver] Attempting to resolve component for org.codehaus.plexus:plexus-utils:3.0.17 using repositories [MavenLocal, maven]
09:37:02.289 [DEBUG] [org.gradle.api.internal.artifacts.repositories.resolver.DefaultExternalResourceArtifactResolver] Loading file:/Users/michaelmennis/.m2/repository/org/codehaus/plexus/plexus-utils/3.0.17/plexus-utils-3.0.17.pom
09:37:02.289 [DEBUG] [org.gradle.api.internal.artifacts.ivyservice.ivyresolve.RepositoryChainComponentMetaDataResolver] Attempting to resolve component for org.codehaus.plexus:plexus:3.3.1 using repositories [MavenLocal, maven]
09:37:02.290 [DEBUG] [org.gradle.api.internal.artifacts.repositories.resolver.DefaultExternalResourceArtifactResolver] Loading file:/Users/michaelmennis/.m2/repository/org/codehaus/plexus/plexus/3.3.1/plexus-3.3.1.pom
09:37:02.291 [DEBUG] [org.gradle.api.internal.artifacts.ivyservice.ivyresolve.RepositoryChainComponentMetaDataResolver] Attempting to resolve component for org.sonatype.spice:spice-parent:17 using repositories [MavenLocal, maven]
09:37:02.291 [DEBUG] [org.gradle.api.internal.artifacts.repositories.resolver.DefaultExternalResourceArtifactResolver] Loading file:/Users/michaelmennis/.m2/repository/org/sonatype/spice/spice-parent/17/spice-parent-17.pom
09:37:02.292 [DEBUG] [org.gradle.api.internal.artifacts.ivyservice.ivyresolve.RepositoryChainComponentMetaDataResolver] Attempting to resolve component for org.sonatype.forge:forge-parent:10 using repositories [MavenLocal, maven]
09:37:02.292 [DEBUG] [org.gradle.api.internal.artifacts.repositories.resolver.DefaultExternalResourceArtifactResolver] Loading file:/Users/michaelmennis/.m2/repository/org/sonatype/forge/forge-parent/10/forge-parent-10.pom
09:37:02.293 [DEBUG] [org.gradle.api.internal.artifacts.repositories.resolver.ExternalResourceResolver] Metadata file found for module 'org.sonatype.forge:forge-parent:10' in repository 'MavenLocal'.
09:37:02.293 [DEBUG] [org.gradle.api.internal.artifacts.ivyservice.ivyresolve.RepositoryChainComponentMetaDataResolver] Using org.sonatype.forge:forge-parent:10 from Maven repository 'MavenLocal'
09:37:02.293 [DEBUG] [org.gradle.api.internal.artifacts.repositories.resolver.DefaultExternalResourceArtifactResolver] Loading file:/Users/michaelmennis/.m2/repository/org/sonatype/forge/forge-parent/10/forge-parent-10.pom
09:37:02.294 [DEBUG] [org.gradle.api.internal.artifacts.repositories.resolver.ExternalResourceResolver] Metadata file found for module 'org.sonatype.spice:spice-parent:17' in repository 'MavenLocal'.
09:37:02.294 [DEBUG] [org.gradle.api.internal.artifacts.ivyservice.ivyresolve.RepositoryChainComponentMetaDataResolver] Using org.sonatype.spice:spice-parent:17 from Maven repository 'MavenLocal'
09:37:02.294 [DEBUG] [org.gradle.api.internal.artifacts.repositories.resolver.DefaultExternalResourceArtifactResolver] Loading file:/Users/michaelmennis/.m2/repository/org/sonatype/spice/spice-parent/17/spice-parent-17.pom
09:37:02.295 [DEBUG] [org.gradle.api.internal.artifacts.ivyservice.ivyresolve.RepositoryChainComponentMetaDataResolver] Attempting to resolve component for org.sonatype.forge:forge-parent:10 using repositories [MavenLocal, maven]
09:37:02.295 [DEBUG] [org.gradle.api.internal.artifacts.ivyservice.ivyresolve.RepositoryChainComponentMetaDataResolver] Using org.sonatype.forge:forge-parent:10 from Maven repository 'MavenLocal'
09:37:02.296 [DEBUG] [org.gradle.api.internal.artifacts.repositories.resolver.ExternalResourceResolver] Metadata file found for module 'org.codehaus.plexus:plexus:3.3.1' in repository 'MavenLocal'.
09:37:02.296 [DEBUG] [org.gradle.api.internal.artifacts.ivyservice.ivyresolve.RepositoryChainComponentMetaDataResolver] Using org.codehaus.plexus:plexus:3.3.1 from Maven repository 'MavenLocal'
09:37:02.296 [DEBUG] [org.gradle.api.internal.artifacts.repositories.resolver.DefaultExternalResourceArtifactResolver] Loading file:/Users/michaelmennis/.m2/repository/org/codehaus/plexus/plexus/3.3.1/plexus-3.3.1.pom
09:37:02.298 [DEBUG] [org.gradle.api.internal.artifacts.ivyservice.ivyresolve.RepositoryChainComponentMetaDataResolver] Attempting to resolve component for org.sonatype.spice:spice-parent:17 using repositories [MavenLocal, maven]
09:37:02.298 [DEBUG] [org.gradle.api.internal.artifacts.ivyservice.ivyresolve.RepositoryChainComponentMetaDataResolver] Using org.sonatype.spice:spice-parent:17 from Maven repository 'MavenLocal'
09:37:02.298 [DEBUG] [org.gradle.api.internal.artifacts.ivyservice.ivyresolve.RepositoryChainComponentMetaDataResolver] Attempting to resolve component for org.sonatype.forge:forge-parent:10 using repositories [MavenLocal, maven]
09:37:02.299 [DEBUG] [org.gradle.api.internal.artifacts.ivyservice.ivyresolve.RepositoryChainComponentMetaDataResolver] Using org.sonatype.forge:forge-parent:10 from Maven repository 'MavenLocal'
09:37:02.300 [DEBUG] [org.gradle.api.internal.artifacts.repositories.resolver.DefaultExternalResourceArtifactResolver] Loading file:/Users/michaelmennis/.m2/repository/org/codehaus/plexus/plexus-utils/3.0.17/plexus-utils-3.0.17.jar
09:37:02.300 [DEBUG] [org.gradle.api.internal.artifacts.repositories.resolver.ExternalResourceResolver] Metadata file found for module 'org.codehaus.plexus:plexus-utils:3.0.17' in repository 'MavenLocal'.
09:37:02.300 [DEBUG] [org.gradle.api.internal.artifacts.ivyservice.ivyresolve.RepositoryChainComponentMetaDataResolver] Using org.codehaus.plexus:plexus-utils:3.0.17 from Maven repository 'MavenLocal'
09:37:02.300 [DEBUG] [org.gradle.api.internal.artifacts.ivyservice.resolveengine.graph.conflicts.DefaultConflictHandler] Selected org.codehaus.plexus:plexus-utils:3.0.17 from conflicting modules [org.codehaus.plexus:plexus-utils:1.5.15, org.codehaus.plexus:plexus-utils:3.0.17, org.codehaus.plexus:plexus-utils:3.0.15, org.codehaus.plexus:plexus-utils:1.0.4, org.codehaus.plexus:plexus-utils:1.4.2, org.codehaus.plexus:plexus-utils:1.5.5].
09:37:02.300 [DEBUG] [org.gradle.api.internal.artifacts.ivyservice.resolveengine.graph.DependencyGraphBuilder] Visiting configuration org.codehaus.plexus:plexus-utils:1.5.15(runtime).
09:37:02.300 [DEBUG] [org.gradle.api.internal.artifacts.ivyservice.resolveengine.graph.DependencyGraphBuilder] version for org.codehaus.plexus:plexus-utils:1.5.15(runtime) is not selected. ignoring.
09:37:02.300 [DEBUG] [org.gradle.api.internal.artifacts.ivyservice.resolveengine.graph.DependencyGraphBuilder] Visiting configuration org.codehaus.plexus:plexus-utils:3.0.17(runtime).
09:37:02.300 [DEBUG] [org.gradle.api.internal.artifacts.ivyservice.ivyresolve.RepositoryChainComponentMetaDataResolver] Attempting to resolve component for org.codehaus.plexus:plexus-interpolation:1.19 using repositories [MavenLocal, maven]
09:37:02.300 [DEBUG] [org.gradle.api.internal.artifacts.repositories.resolver.DefaultExternalResourceArtifactResolver] Loading file:/Users/michaelmennis/.m2/repository/org/codehaus/plexus/plexus-interpolation/1.19/plexus-interpolation-1.19.pom
09:37:02.301 [DEBUG] [org.gradle.api.internal.artifacts.ivyservice.ivyresolve.RepositoryChainComponentMetaDataResolver] Attempting to resolve component for org.codehaus.plexus:plexus-components:1.3.1 using repositories [MavenLocal, maven]
09:37:02.301 [DEBUG] [org.gradle.api.internal.artifacts.repositories.resolver.DefaultExternalResourceArtifactResolver] Loading file:/Users/michaelmennis/.m2/repository/org/codehaus/plexus/plexus-components/1.3.1/plexus-components-1.3.1.pom
09:37:02.302 [DEBUG] [org.gradle.api.internal.artifacts.ivyservice.ivyresolve.RepositoryChainComponentMetaDataResolver] Attempting to resolve component for org.codehaus.plexus:plexus:3.3.1 using repositories [MavenLocal, maven]
09:37:02.302 [DEBUG] [org.gradle.api.internal.artifacts.ivyservice.ivyresolve.RepositoryChainComponentMetaDataResolver] Using org.codehaus.plexus:plexus:3.3.1 from Maven repository 'MavenLocal'
09:37:02.303 [DEBUG] [org.gradle.api.internal.artifacts.ivyservice.ivyresolve.RepositoryChainComponentMetaDataResolver] Attempting to resolve component for org.sonatype.spice:spice-parent:17 using repositories [MavenLocal, maven]
09:37:02.303 [DEBUG] [org.gradle.api.internal.artifacts.ivyservice.ivyresolve.RepositoryChainComponentMetaDataResolver] Using org.sonatype.spice:spice-parent:17 from Maven repository 'MavenLocal'
09:37:02.304 [DEBUG] [org.gradle.api.internal.artifacts.ivyservice.ivyresolve.RepositoryChainComponentMetaDataResolver] Attempting to resolve component for org.sonatype.forge:forge-parent:10 using repositories [MavenLocal, maven]
09:37:02.304 [DEBUG] [org.gradle.api.internal.artifacts.ivyservice.ivyresolve.RepositoryChainComponentMetaDataResolver] Using org.sonatype.forge:forge-parent:10 from Maven repository 'MavenLocal'
09:37:02.305 [DEBUG] [org.gradle.api.internal.artifacts.repositories.resolver.ExternalResourceResolver] Metadata file found for module 'org.codehaus.plexus:plexus-components:1.3.1' in repository 'MavenLocal'.
09:37:02.305 [DEBUG] [org.gradle.api.internal.artifacts.ivyservice.ivyresolve.RepositoryChainComponentMetaDataResolver] Using org.codehaus.plexus:plexus-components:1.3.1 from Maven repository 'MavenLocal'
09:37:02.305 [DEBUG] [org.gradle.api.internal.artifacts.repositories.resolver.DefaultExternalResourceArtifactResolver] Loading file:/Users/michaelmennis/.m2/repository/org/codehaus/plexus/plexus-components/1.3.1/plexus-components-1.3.1.pom
09:37:02.306 [DEBUG] [org.gradle.api.internal.artifacts.ivyservice.ivyresolve.RepositoryChainComponentMetaDataResolver] Attempting to resolve component for org.codehaus.plexus:plexus:3.3.1 using repositories [MavenLocal, maven]
09:37:02.306 [DEBUG] [org.gradle.api.internal.artifacts.ivyservice.ivyresolve.RepositoryChainComponentMetaDataResolver] Using org.codehaus.plexus:plexus:3.3.1 from Maven repository 'MavenLocal'
09:37:02.306 [DEBUG] [org.gradle.api.internal.artifacts.ivyservice.ivyresolve.RepositoryChainComponentMetaDataResolver] Attempting to resolve component for org.sonatype.spice:spice-parent:17 using repositories [MavenLocal, maven]
09:37:02.307 [DEBUG] [org.gradle.api.internal.artifacts.ivyservice.ivyresolve.RepositoryChainComponentMetaDataResolver] Using org.sonatype.spice:spice-parent:17 from Maven repository 'MavenLocal'
09:37:02.307 [DEBUG] [org.gradle.api.internal.artifacts.ivyservice.ivyresolve.RepositoryChainComponentMetaDataResolver] Attempting to resolve component for org.sonatype.forge:forge-parent:10 using repositories [MavenLocal, maven]
09:37:02.307 [DEBUG] [org.gradle.api.internal.artifacts.ivyservice.ivyresolve.RepositoryChainComponentMetaDataResolver] Using org.sonatype.forge:forge-parent:10 from Maven repository 'MavenLocal'
09:37:02.309 [DEBUG] [org.gradle.api.internal.artifacts.repositories.resolver.DefaultExternalResourceArtifactResolver] Loading file:/Users/michaelmennis/.m2/repository/org/codehaus/plexus/plexus-interpolation/1.19/plexus-interpolation-1.19.jar
09:37:02.309 [DEBUG] [org.gradle.api.internal.artifacts.repositories.resolver.ExternalResourceResolver] Metadata file found for module 'org.codehaus.plexus:plexus-interpolation:1.19' in repository 'MavenLocal'.
09:37:02.309 [DEBUG] [org.gradle.api.internal.artifacts.ivyservice.ivyresolve.RepositoryChainComponentMetaDataResolver] Using org.codehaus.plexus:plexus-interpolation:1.19 from Maven repository 'MavenLocal'
09:37:02.309 [DEBUG] [org.gradle.api.internal.artifacts.ivyservice.resolveengine.graph.conflicts.DefaultConflictHandler] Selected org.codehaus.plexus:plexus-interpolation:1.19 from conflicting modules [org.codehaus.plexus:plexus-interpolation:1.11, org.codehaus.plexus:plexus-interpolation:1.19].
09:37:02.309 [DEBUG] [org.gradle.api.internal.artifacts.ivyservice.resolveengine.graph.DependencyGraphBuilder] Visiting configuration org.codehaus.plexus:plexus-interpolation:1.11(runtime).
09:37:02.309 [DEBUG] [org.gradle.api.internal.artifacts.ivyservice.resolveengine.graph.DependencyGraphBuilder] version for org.codehaus.plexus:plexus-interpolation:1.11(runtime) is not selected. ignoring.
09:37:02.309 [DEBUG] [org.gradle.api.internal.artifacts.ivyservice.resolveengine.graph.DependencyGraphBuilder] Visiting configuration org.codehaus.plexus:plexus-interpolation:1.19(runtime).
09:37:02.309 [DEBUG] [org.gradle.api.internal.artifacts.ivyservice.ivyresolve.RepositoryChainComponentMetaDataResolver] Attempting to resolve component for org.apache.maven:maven-settings:3.1.1 using repositories [MavenLocal, maven]
09:37:02.309 [DEBUG] [org.gradle.api.internal.artifacts.repositories.resolver.DefaultExternalResourceArtifactResolver] Loading file:/Users/michaelmennis/.m2/repository/org/apache/maven/maven-settings/3.1.1/maven-settings-3.1.1.pom
09:37:02.309 [DEBUG] [org.gradle.api.internal.artifacts.repositories.resolver.DefaultExternalResourceArtifactResolver] Loading file:/Users/michaelmennis/.m2/repository/org/apache/maven/maven-settings/3.1.1/maven-settings-3.1.1.jar
09:37:02.309 [DEBUG] [org.gradle.api.internal.artifacts.repositories.resolver.ExternalResourceResolver] No meta-data file or artifact found for module 'org.apache.maven:maven-settings:3.1.1' in repository 'MavenLocal'.
09:37:02.310 [DEBUG] [org.gradle.api.internal.artifacts.ivyservice.ivyresolve.CachingModuleComponentRepository] Using cached module metadata for module 'org.apache.maven:maven-settings:3.1.1' in 'maven'
09:37:02.310 [DEBUG] [org.gradle.api.internal.artifacts.ivyservice.ivyresolve.RepositoryChainComponentMetaDataResolver] Using org.apache.maven:maven-settings:3.1.1 from Maven repository 'maven'
09:37:02.310 [DEBUG] [org.gradle.api.internal.artifacts.ivyservice.resolveengine.graph.conflicts.DefaultConflictHandler] Selected org.apache.maven:maven-settings:3.1.1 from conflicting modules [org.apache.maven:maven-settings:2.2.1, org.apache.maven:maven-settings:3.1.1].
09:37:02.310 [DEBUG] [org.gradle.api.internal.artifacts.ivyservice.resolveengine.graph.DependencyGraphBuilder] Visiting configuration org.apache.maven:maven-settings:2.2.1(runtime).
09:37:02.310 [DEBUG] [org.gradle.api.internal.artifacts.ivyservice.resolveengine.graph.DependencyGraphBuilder] version for org.apache.maven:maven-settings:2.2.1(runtime) is not selected. ignoring.
09:37:02.310 [DEBUG] [org.gradle.api.internal.artifacts.ivyservice.resolveengine.graph.DependencyGraphBuilder] Visiting configuration org.apache.maven:maven-settings:3.1.1(runtime).
09:37:02.310 [DEBUG] [org.gradle.api.internal.artifacts.ivyservice.resolveengine.graph.DependencyGraphBuilder] Visiting dependency org.apache.maven:maven-settings:3.1.1(runtime) -> dependency: org.codehaus.plexus:plexus-utils:3.0.15, scope: Compile, optional: false
09:37:02.310 [DEBUG] [org.gradle.api.internal.artifacts.ivyservice.resolveengine.graph.DependencyGraphBuilder] Visiting configuration org.codehaus.plexus:plexus-utils:3.0.17(runtime).
09:37:02.310 [DEBUG] [org.gradle.api.internal.artifacts.ivyservice.resolveengine.graph.DependencyGraphBuilder] Changed edges for org.codehaus.plexus:plexus-utils:3.0.17(runtime) selects same versions as previous traversal. ignoring
09:37:02.310 [DEBUG] [org.gradle.api.internal.artifacts.ivyservice.ivyresolve.RepositoryChainComponentMetaDataResolver] Attempting to resolve component for org.apache.httpcomponents:httpclient:4.2.6 using repositories [MavenLocal, maven]
09:37:02.310 [DEBUG] [org.gradle.api.internal.artifacts.repositories.resolver.DefaultExternalResourceArtifactResolver] Loading file:/Users/michaelmennis/.m2/repository/org/apache/httpcomponents/httpclient/4.2.6/httpclient-4.2.6.pom
09:37:02.310 [DEBUG] [org.gradle.api.internal.artifacts.repositories.resolver.DefaultExternalResourceArtifactResolver] Loading file:/Users/michaelmennis/.m2/repository/org/apache/httpcomponents/httpclient/4.2.6/httpclient-4.2.6.jar
09:37:02.310 [DEBUG] [org.gradle.api.internal.artifacts.repositories.resolver.ExternalResourceResolver] No meta-data file or artifact found for module 'org.apache.httpcomponents:httpclient:4.2.6' in repository 'MavenLocal'.
09:37:02.311 [DEBUG] [org.gradle.api.internal.artifacts.ivyservice.ivyresolve.CachingModuleComponentRepository] Using cached module metadata for module 'org.apache.httpcomponents:httpclient:4.2.6' in 'maven'
09:37:02.311 [DEBUG] [org.gradle.api.internal.artifacts.ivyservice.ivyresolve.RepositoryChainComponentMetaDataResolver] Using org.apache.httpcomponents:httpclient:4.2.6 from Maven repository 'maven'
09:37:02.311 [DEBUG] [org.gradle.api.internal.artifacts.ivyservice.resolveengine.graph.conflicts.DefaultConflictHandler] Selected org.apache.httpcomponents:httpclient:4.2.6 from conflicting modules [org.apache.httpcomponents:httpclient:4.2.1, org.apache.httpcomponents:httpclient:4.2.6].
09:37:02.311 [DEBUG] [org.gradle.api.internal.artifacts.ivyservice.resolveengine.graph.DependencyGraphBuilder] Visiting configuration org.apache.httpcomponents:httpclient:4.2.1(runtime).
09:37:02.311 [DEBUG] [org.gradle.api.internal.artifacts.ivyservice.resolveengine.graph.DependencyGraphBuilder] version for org.apache.httpcomponents:httpclient:4.2.1(runtime) is not selected. ignoring.
09:37:02.311 [DEBUG] [org.gradle.api.internal.artifacts.ivyservice.resolveengine.graph.DependencyGraphBuilder] Visiting configuration org.apache.httpcomponents:httpclient:4.2.6(runtime).
09:37:02.311 [DEBUG] [org.gradle.api.internal.artifacts.ivyservice.resolveengine.graph.DependencyGraphBuilder] Visiting dependency org.apache.httpcomponents:httpclient:4.2.6(runtime) -> dependency: org.apache.httpcomponents:httpcore:4.2.5, scope: Compile, optional: false
09:37:02.311 [DEBUG] [org.gradle.api.internal.artifacts.ivyservice.resolveengine.graph.DependencyGraphBuilder] Selecting new module version org.apache.httpcomponents:httpcore:4.2.5
09:37:02.311 [DEBUG] [org.gradle.api.internal.artifacts.ivyservice.ivyresolve.RepositoryChainComponentMetaDataResolver] Attempting to resolve component for org.apache.httpcomponents:httpcore:4.2.5 using repositories [MavenLocal, maven]
09:37:02.311 [DEBUG] [org.gradle.api.internal.artifacts.repositories.resolver.DefaultExternalResourceArtifactResolver] Loading file:/Users/michaelmennis/.m2/repository/org/apache/httpcomponents/httpcore/4.2.5/httpcore-4.2.5.pom
09:37:02.311 [DEBUG] [org.gradle.api.internal.artifacts.repositories.resolver.DefaultExternalResourceArtifactResolver] Loading file:/Users/michaelmennis/.m2/repository/org/apache/httpcomponents/httpcore/4.2.5/httpcore-4.2.5.jar
09:37:02.311 [DEBUG] [org.gradle.api.internal.artifacts.repositories.resolver.ExternalResourceResolver] No meta-data file or artifact found for module 'org.apache.httpcomponents:httpcore:4.2.5' in repository 'MavenLocal'.
09:37:02.312 [DEBUG] [org.gradle.api.internal.artifacts.ivyservice.ivyresolve.CachingModuleComponentRepository] Using cached module metadata for module 'org.apache.httpcomponents:httpcore:4.2.5' in 'maven'
09:37:02.312 [DEBUG] [org.gradle.api.internal.artifacts.ivyservice.ivyresolve.RepositoryChainComponentMetaDataResolver] Using org.apache.httpcomponents:httpcore:4.2.5 from Maven repository 'maven'
09:37:02.312 [DEBUG] [org.gradle.api.internal.artifacts.ivyservice.resolveengine.graph.DependencyGraphBuilder] Visiting dependency org.apache.httpcomponents:httpclient:4.2.6(runtime) -> dependency: commons-logging:commons-logging:1.1.1, scope: Compile, optional: false
09:37:02.312 [DEBUG] [org.gradle.api.internal.artifacts.ivyservice.resolveengine.graph.DependencyGraphBuilder] Visiting dependency org.apache.httpcomponents:httpclient:4.2.6(runtime) -> dependency: commons-codec:commons-codec:1.6, scope: Compile, optional: false
09:37:02.312 [DEBUG] [org.gradle.api.internal.artifacts.ivyservice.resolveengine.graph.DependencyGraphBuilder] Selecting new module version commons-codec:commons-codec:1.6
09:37:02.312 [DEBUG] [org.gradle.api.internal.artifacts.ivyservice.ivyresolve.RepositoryChainComponentMetaDataResolver] Attempting to resolve component for commons-codec:commons-codec:1.6 using repositories [MavenLocal, maven]
09:37:02.312 [DEBUG] [org.gradle.api.internal.artifacts.repositories.resolver.DefaultExternalResourceArtifactResolver] Loading file:/Users/michaelmennis/.m2/repository/commons-codec/commons-codec/1.6/commons-codec-1.6.pom
09:37:02.313 [DEBUG] [org.gradle.api.internal.artifacts.ivyservice.ivyresolve.RepositoryChainComponentMetaDataResolver] Attempting to resolve component for org.apache.commons:commons-parent:22 using repositories [MavenLocal, maven]
09:37:02.313 [DEBUG] [org.gradle.api.internal.artifacts.repositories.resolver.DefaultExternalResourceArtifactResolver] Loading file:/Users/michaelmennis/.m2/repository/org/apache/commons/commons-parent/22/commons-parent-22.pom
09:37:02.315 [DEBUG] [org.gradle.api.internal.artifacts.ivyservice.ivyresolve.RepositoryChainComponentMetaDataResolver] Attempting to resolve component for org.apache:apache:9 using repositories [MavenLocal, maven]
09:37:02.315 [DEBUG] [org.gradle.api.internal.artifacts.repositories.resolver.DefaultExternalResourceArtifactResolver] Loading file:/Users/michaelmennis/.m2/repository/org/apache/apache/9/apache-9.pom
09:37:02.316 [DEBUG] [org.gradle.api.internal.artifacts.repositories.resolver.ExternalResourceResolver] Metadata file found for module 'org.apache:apache:9' in repository 'MavenLocal'.
09:37:02.316 [DEBUG] [org.gradle.api.internal.artifacts.ivyservice.ivyresolve.RepositoryChainComponentMetaDataResolver] Using org.apache:apache:9 from Maven repository 'MavenLocal'
09:37:02.316 [DEBUG] [org.gradle.api.internal.artifacts.repositories.resolver.DefaultExternalResourceArtifactResolver] Loading file:/Users/michaelmennis/.m2/repository/org/apache/apache/9/apache-9.pom
09:37:02.317 [DEBUG] [org.gradle.api.internal.artifacts.repositories.resolver.ExternalResourceResolver] Metadata file found for module 'org.apache.commons:commons-parent:22' in repository 'MavenLocal'.
09:37:02.317 [DEBUG] [org.gradle.api.internal.artifacts.ivyservice.ivyresolve.RepositoryChainComponentMetaDataResolver] Using org.apache.commons:commons-parent:22 from Maven repository 'MavenLocal'
09:37:02.317 [DEBUG] [org.gradle.api.internal.artifacts.repositories.resolver.DefaultExternalResourceArtifactResolver] Loading file:/Users/michaelmennis/.m2/repository/org/apache/commons/commons-parent/22/commons-parent-22.pom
09:37:02.318 [DEBUG] [org.gradle.api.internal.artifacts.ivyservice.ivyresolve.RepositoryChainComponentMetaDataResolver] Attempting to resolve component for org.apache:apache:9 using repositories [MavenLocal, maven]
09:37:02.319 [DEBUG] [org.gradle.api.internal.artifacts.ivyservice.ivyresolve.RepositoryChainComponentMetaDataResolver] Using org.apache:apache:9 from Maven repository 'MavenLocal'
09:37:02.320 [DEBUG] [org.gradle.api.internal.artifacts.repositories.resolver.DefaultExternalResourceArtifactResolver] Loading file:/Users/michaelmennis/.m2/repository/commons-codec/commons-codec/1.6/commons-codec-1.6.jar
09:37:02.320 [DEBUG] [org.gradle.api.internal.artifacts.repositories.resolver.ExternalResourceResolver] Metadata file found for module 'commons-codec:commons-codec:1.6' in repository 'MavenLocal'.
09:37:02.320 [DEBUG] [org.gradle.api.internal.artifacts.ivyservice.ivyresolve.RepositoryChainComponentMetaDataResolver] Using commons-codec:commons-codec:1.6 from Maven repository 'MavenLocal'
09:37:02.320 [DEBUG] [org.gradle.api.internal.artifacts.ivyservice.resolveengine.graph.DependencyGraphBuilder] Visiting configuration org.apache.httpcomponents:httpcore:4.2.5(runtime).
09:37:02.320 [DEBUG] [org.gradle.api.internal.artifacts.ivyservice.resolveengine.graph.DependencyGraphBuilder] Visiting configuration commons-logging:commons-logging:1.2(runtime).
09:37:02.320 [DEBUG] [org.gradle.api.internal.artifacts.ivyservice.resolveengine.graph.DependencyGraphBuilder] Changed edges for commons-logging:commons-logging:1.2(runtime) selects same versions as previous traversal. ignoring
09:37:02.320 [DEBUG] [org.gradle.api.internal.artifacts.ivyservice.resolveengine.graph.DependencyGraphBuilder] Visiting configuration commons-codec:commons-codec:1.6(runtime).
09:37:02.320 [DEBUG] [org.gradle.api.internal.artifacts.ivyservice.resolveengine.graph.conflicts.DefaultConflictHandler] Selected org.apache.maven:maven-repository-metadata:3.2.1 from conflicting modules [org.apache.maven:maven-repository-metadata:3.2.1, org.apache.maven:maven-repository-metadata:2.2.1].
09:37:02.320 [DEBUG] [org.gradle.api.internal.artifacts.ivyservice.resolveengine.graph.DependencyGraphBuilder] Visiting configuration org.apache.maven:maven-repository-metadata:3.2.1(runtime).
09:37:02.320 [DEBUG] [org.gradle.api.internal.artifacts.ivyservice.resolveengine.graph.DependencyGraphBuilder] Visiting dependency org.apache.maven:maven-repository-metadata:3.2.1(runtime) -> dependency: org.codehaus.plexus:plexus-utils:3.0.17, scope: Compile, optional: false
09:37:02.320 [DEBUG] [org.gradle.api.internal.artifacts.ivyservice.resolveengine.graph.DependencyGraphBuilder] Visiting configuration org.codehaus.plexus:plexus-utils:3.0.17(runtime).
09:37:02.320 [DEBUG] [org.gradle.api.internal.artifacts.ivyservice.resolveengine.graph.DependencyGraphBuilder] Changed edges for org.codehaus.plexus:plexus-utils:3.0.17(runtime) selects same versions as previous traversal. ignoring
09:37:02.320 [DEBUG] [org.gradle.api.internal.artifacts.ivyservice.resolveengine.graph.conflicts.DefaultConflictHandler] Selected org.springframework:spring-core:4.3.9.RELEASE from conflicting modules [org.springframework:spring-core:4.3.9.RELEASE, org.springframework:spring-core:4.3.8.RELEASE].
09:37:02.320 [DEBUG] [org.gradle.api.internal.artifacts.ivyservice.resolveengine.graph.DependencyGraphBuilder] Visiting configuration org.springframework:spring-core:4.3.9.RELEASE(runtime).
09:37:02.320 [DEBUG] [org.gradle.api.internal.artifacts.ivyservice.resolveengine.graph.DependencyGraphBuilder] Visiting dependency org.springframework:spring-core:4.3.9.RELEASE(runtime) -> dependency: commons-logging:commons-logging:1.2, scope: Compile, optional: false
09:37:02.320 [DEBUG] [org.gradle.api.internal.artifacts.ivyservice.resolveengine.graph.DependencyGraphBuilder] Visiting configuration commons-logging:commons-logging:1.2(runtime).
09:37:02.320 [DEBUG] [org.gradle.api.internal.artifacts.ivyservice.resolveengine.graph.DependencyGraphBuilder] Changed edges for commons-logging:commons-logging:1.2(runtime) selects same versions as previous traversal. ignoring
09:37:02.320 [DEBUG] [org.gradle.api.internal.artifacts.ivyservice.resolveengine.graph.conflicts.DefaultConflictHandler] Selected commons-lang:commons-lang:2.4 from conflicting modules [commons-lang:commons-lang:2.4, commons-lang:commons-lang:2.3].
09:37:02.320 [DEBUG] [org.gradle.api.internal.artifacts.ivyservice.resolveengine.graph.DependencyGraphBuilder] Visiting configuration commons-lang:commons-lang:2.4(runtime).
09:37:02.320 [DEBUG] [org.gradle.api.internal.artifacts.ivyservice.ivyresolve.RepositoryChainComponentMetaDataResolver] Attempting to resolve component for xml-apis:xml-apis:1.3.04 using repositories [MavenLocal, maven]
09:37:02.320 [DEBUG] [org.gradle.api.internal.artifacts.repositories.resolver.DefaultExternalResourceArtifactResolver] Loading file:/Users/michaelmennis/.m2/repository/xml-apis/xml-apis/1.3.04/xml-apis-1.3.04.pom
09:37:02.321 [DEBUG] [org.gradle.api.internal.artifacts.ivyservice.ivyresolve.RepositoryChainComponentMetaDataResolver] Attempting to resolve component for org.apache:apache:3 using repositories [MavenLocal, maven]
09:37:02.321 [DEBUG] [org.gradle.api.internal.artifacts.ivyservice.ivyresolve.RepositoryChainComponentMetaDataResolver] Using org.apache:apache:3 from Maven repository 'MavenLocal'
09:37:02.322 [DEBUG] [org.gradle.api.internal.artifacts.repositories.resolver.DefaultExternalResourceArtifactResolver] Loading file:/Users/michaelmennis/.m2/repository/xml-apis/xml-apis/1.3.04/xml-apis-1.3.04.jar
09:37:02.322 [DEBUG] [org.gradle.api.internal.artifacts.repositories.resolver.ExternalResourceResolver] Metadata file found for module 'xml-apis:xml-apis:1.3.04' in repository 'MavenLocal'.
09:37:02.322 [DEBUG] [org.gradle.api.internal.artifacts.ivyservice.ivyresolve.RepositoryChainComponentMetaDataResolver] Using xml-apis:xml-apis:1.3.04 from Maven repository 'MavenLocal'
09:37:02.322 [DEBUG] [org.gradle.api.internal.artifacts.ivyservice.resolveengine.graph.conflicts.DefaultConflictHandler] Selected xml-apis:xml-apis:1.3.04 from conflicting modules [xml-apis:xml-apis:1.0.b2, xml-apis:xml-apis:1.3.04].
09:37:02.322 [DEBUG] [org.gradle.api.internal.artifacts.ivyservice.resolveengine.graph.DependencyGraphBuilder] Visiting configuration xml-apis:xml-apis:1.0.b2(runtime).
09:37:02.322 [DEBUG] [org.gradle.api.internal.artifacts.ivyservice.resolveengine.graph.DependencyGraphBuilder] version for xml-apis:xml-apis:1.0.b2(runtime) is not selected. ignoring.
09:37:02.322 [DEBUG] [org.gradle.api.internal.artifacts.ivyservice.resolveengine.graph.DependencyGraphBuilder] Visiting configuration xml-apis:xml-apis:1.3.04(runtime).
09:37:02.322 [DEBUG] [org.gradle.api.internal.artifacts.ivyservice.ivyresolve.RepositoryChainComponentMetaDataResolver] Attempting to resolve component for commons-collections:commons-collections:3.2.2 using repositories [MavenLocal, maven]
09:37:02.322 [DEBUG] [org.gradle.api.internal.artifacts.repositories.resolver.DefaultExternalResourceArtifactResolver] Loading file:/Users/michaelmennis/.m2/repository/commons-collections/commons-collections/3.2.2/commons-collections-3.2.2.pom
09:37:02.324 [DEBUG] [org.gradle.api.internal.artifacts.ivyservice.ivyresolve.RepositoryChainComponentMetaDataResolver] Attempting to resolve component for org.apache.commons:commons-parent:39 using repositories [MavenLocal, maven]
09:37:02.324 [DEBUG] [org.gradle.api.internal.artifacts.repositories.resolver.DefaultExternalResourceArtifactResolver] Loading file:/Users/michaelmennis/.m2/repository/org/apache/commons/commons-parent/39/commons-parent-39.pom
09:37:02.326 [DEBUG] [org.gradle.api.internal.artifacts.ivyservice.ivyresolve.RepositoryChainComponentMetaDataResolver] Attempting to resolve component for org.apache:apache:16 using repositories [MavenLocal, maven]
09:37:02.326 [DEBUG] [org.gradle.api.internal.artifacts.repositories.resolver.DefaultExternalResourceArtifactResolver] Loading file:/Users/michaelmennis/.m2/repository/org/apache/apache/16/apache-16.pom
09:37:02.327 [DEBUG] [org.gradle.api.internal.artifacts.repositories.resolver.ExternalResourceResolver] Metadata file found for module 'org.apache:apache:16' in repository 'MavenLocal'.
09:37:02.327 [DEBUG] [org.gradle.api.internal.artifacts.ivyservice.ivyresolve.RepositoryChainComponentMetaDataResolver] Using org.apache:apache:16 from Maven repository 'MavenLocal'
09:37:02.327 [DEBUG] [org.gradle.api.internal.artifacts.repositories.resolver.DefaultExternalResourceArtifactResolver] Loading file:/Users/michaelmennis/.m2/repository/org/apache/apache/16/apache-16.pom
09:37:02.328 [DEBUG] [org.gradle.api.internal.artifacts.repositories.resolver.ExternalResourceResolver] Metadata file found for module 'org.apache.commons:commons-parent:39' in repository 'MavenLocal'.
09:37:02.329 [DEBUG] [org.gradle.api.internal.artifacts.ivyservice.ivyresolve.RepositoryChainComponentMetaDataResolver] Using org.apache.commons:commons-parent:39 from Maven repository 'MavenLocal'
09:37:02.329 [DEBUG] [org.gradle.api.internal.artifacts.repositories.resolver.DefaultExternalResourceArtifactResolver] Loading file:/Users/michaelmennis/.m2/repository/org/apache/commons/commons-parent/39/commons-parent-39.pom
09:37:02.330 [DEBUG] [org.gradle.api.internal.artifacts.ivyservice.ivyresolve.RepositoryChainComponentMetaDataResolver] Attempting to resolve component for org.apache:apache:16 using repositories [MavenLocal, maven]
09:37:02.330 [DEBUG] [org.gradle.api.internal.artifacts.ivyservice.ivyresolve.RepositoryChainComponentMetaDataResolver] Using org.apache:apache:16 from Maven repository 'MavenLocal'
09:37:02.332 [DEBUG] [org.gradle.api.internal.artifacts.repositories.resolver.DefaultExternalResourceArtifactResolver] Loading file:/Users/michaelmennis/.m2/repository/commons-collections/commons-collections/3.2.2/commons-collections-3.2.2.jar
09:37:02.332 [DEBUG] [org.gradle.api.internal.artifacts.repositories.resolver.ExternalResourceResolver] Metadata file found for module 'commons-collections:commons-collections:3.2.2' in repository 'MavenLocal'.
09:37:02.332 [DEBUG] [org.gradle.api.internal.artifacts.ivyservice.ivyresolve.RepositoryChainComponentMetaDataResolver] Using commons-collections:commons-collections:3.2.2 from Maven repository 'MavenLocal'
09:37:02.332 [DEBUG] [org.gradle.api.internal.artifacts.ivyservice.resolveengine.graph.conflicts.DefaultConflictHandler] Selected commons-collections:commons-collections:3.2.2 from conflicting modules [commons-collections:commons-collections:3.2.1, commons-collections:commons-collections:3.2.2].
09:37:02.332 [DEBUG] [org.gradle.api.internal.artifacts.ivyservice.resolveengine.graph.DependencyGraphBuilder] Visiting configuration commons-collections:commons-collections:3.2.1(runtime).
09:37:02.332 [DEBUG] [org.gradle.api.internal.artifacts.ivyservice.resolveengine.graph.DependencyGraphBuilder] version for commons-collections:commons-collections:3.2.1(runtime) is not selected. ignoring.
09:37:02.332 [DEBUG] [org.gradle.api.internal.artifacts.ivyservice.resolveengine.graph.DependencyGraphBuilder] Visiting configuration commons-collections:commons-collections:3.2.2(runtime).
09:37:02.334 [DEBUG] [org.gradle.api.internal.artifacts.ivyservice.resolveengine.oldresult.TransientConfigurationResultsBuilder] Flushing resolved configuration data in Binary store in /private/var/folders/lg/10pd_zzs6lbgkq_mxt9hnq_40000gp/T/gradle4923067349366106501.bin. Wrote root 2.
09:37:02.335 [DEBUG] [org.gradle.cache.internal.btree.BTreePersistentIndexedCache] Opening cache artifact-at-repository.bin (/Users/michaelmennis/.gradle/caches/modules-2/metadata-2.23/artifact-at-repository.bin)
09:37:02.335 [DEBUG] [org.gradle.api.internal.artifacts.ivyservice.ivyresolve.CachingModuleComponentRepository] Found artifact 'grails-gradle-plugin.jar (org.grails:grails-gradle-plugin:3.3.0)' in resolver cache: /Users/michaelmennis/.gradle/caches/modules-2/files-2.1/org.grails/grails-gradle-plugin/3.3.0/187f98daae9dc67d5efd54e4010ffaa0a1123589/grails-gradle-plugin-3.3.0.jar
09:37:02.335 [DEBUG] [org.gradle.api.internal.artifacts.ivyservice.ivyresolve.CachingModuleComponentRepository] Found artifact 'hibernate5.jar (org.grails.plugins:hibernate5:6.1.6)' in resolver cache: /Users/michaelmennis/.gradle/caches/modules-2/files-2.1/org.grails.plugins/hibernate5/6.1.6/c7f1bb43b5229be989d827eaa9d432f056ed53bf/hibernate5-6.1.6.jar
09:37:02.335 [DEBUG] [org.gradle.api.internal.artifacts.ivyservice.ivyresolve.CachingModuleComponentRepository] Found artifact 'asset-pipeline-gradle.jar (com.bertramlabs.plugins:asset-pipeline-gradle:2.14.2)' in resolver cache: /Users/michaelmennis/.gradle/caches/modules-2/files-2.1/com.bertramlabs.plugins/asset-pipeline-gradle/2.14.2/45a7372daaf80f63f14488d2a477bd631f6179b/asset-pipeline-gradle-2.14.2.jar
09:37:02.335 [DEBUG] [org.gradle.api.internal.artifacts.ivyservice.ivyresolve.CachingModuleComponentRepository] Found artifact 'groovy.jar (org.codehaus.groovy:groovy:2.4.11)' in resolver cache: /Users/michaelmennis/.gradle/caches/modules-2/files-2.1/org.codehaus.groovy/groovy/2.4.11/52a60df8b4cbfe39469171a42ca77a3e4eb4e737/groovy-2.4.11.jar
09:37:02.335 [DEBUG] [org.gradle.api.internal.artifacts.ivyservice.ivyresolve.CachingModuleComponentRepository] Found artifact 'slf4j-api.jar (org.slf4j:slf4j-api:1.7.22)' in resolver cache: /Users/michaelmennis/.gradle/caches/modules-2/files-2.1/org.slf4j/slf4j-api/1.7.22/a1c83373863cec7ae8d89dc1c5722d8cb6ec0309/slf4j-api-1.7.22.jar
09:37:02.336 [DEBUG] [org.gradle.api.internal.artifacts.ivyservice.ivyresolve.CachingModuleComponentRepository] Found artifact 'jcl-over-slf4j.jar (org.slf4j:jcl-over-slf4j:1.7.22)' in resolver cache: /Users/michaelmennis/.gradle/caches/modules-2/files-2.1/org.slf4j/jcl-over-slf4j/1.7.22/86ceac14535af5a42c8fb0d06d79b925dd3cb263/jcl-over-slf4j-1.7.22.jar
09:37:02.336 [DEBUG] [org.gradle.api.internal.artifacts.ivyservice.ivyresolve.CachingModuleComponentRepository] Found artifact 'grails-gradle-model.jar (org.grails:grails-gradle-model:3.3.0)' in resolver cache: /Users/michaelmennis/.gradle/caches/modules-2/files-2.1/org.grails/grails-gradle-model/3.3.0/341701ab90b3b0fc80291e674fa50cca84f09025/grails-gradle-model-3.3.0.jar
09:37:02.336 [DEBUG] [org.gradle.api.internal.artifacts.ivyservice.ivyresolve.CachingModuleComponentRepository] Found artifact 'grails-shell.jar (org.grails:grails-shell:3.3.0)' in resolver cache: /Users/michaelmennis/.gradle/caches/modules-2/files-2.1/org.grails/grails-shell/3.3.0/841ebcc3218e343e3965e64b7a45b69216260eaa/grails-shell-3.3.0.jar
09:37:02.336 [DEBUG] [org.gradle.api.internal.artifacts.ivyservice.ivyresolve.CachingModuleComponentRepository] Found artifact 'grails-bootstrap.jar (org.grails:grails-bootstrap:3.3.0)' in resolver cache: /Users/michaelmennis/.gradle/caches/modules-2/files-2.1/org.grails/grails-bootstrap/3.3.0/bee9828a4d0e6cd3a3d404512614ed1ee3b7d36b/grails-bootstrap-3.3.0.jar
09:37:02.336 [DEBUG] [org.gradle.api.internal.artifacts.ivyservice.ivyresolve.CachingModuleComponentRepository] Found artifact 'spring-boot-gradle-plugin.jar (org.springframework.boot:spring-boot-gradle-plugin:1.5.4.RELEASE)' in resolver cache: /Users/michaelmennis/.gradle/caches/modules-2/files-2.1/org.springframework.boot/spring-boot-gradle-plugin/1.5.4.RELEASE/8a89562ac464e37bc6b5a61214125e28b0cdcb76/spring-boot-gradle-plugin-1.5.4.RELEASE.jar
09:37:02.336 [DEBUG] [org.gradle.api.internal.artifacts.ivyservice.ivyresolve.CachingModuleComponentRepository] Found artifact 'gradle-bintray-plugin.jar (com.jfrog.bintray.gradle:gradle-bintray-plugin:1.7.3)' in resolver cache: /Users/michaelmennis/.gradle/caches/modules-2/files-2.1/com.jfrog.bintray.gradle/gradle-bintray-plugin/1.7.3/9e215be9f47ee839e9d8d1f3b972d2f3d76afca7/gradle-bintray-plugin-1.7.3.jar
09:37:02.336 [DEBUG] [org.gradle.api.internal.artifacts.ivyservice.ivyresolve.CachingModuleComponentRepository] Found artifact 'gradle-extra-configurations-plugin.jar (com.netflix.nebula:gradle-extra-configurations-plugin:2.2.0)' in resolver cache: /Users/michaelmennis/.gradle/caches/modules-2/files-2.1/com.netflix.nebula/gradle-extra-configurations-plugin/2.2.0/9fc509137e6b38f19c8d196aada610ece2c86d8e/gradle-extra-configurations-plugin-2.2.0.jar
09:37:02.336 [DEBUG] [org.gradle.api.internal.artifacts.ivyservice.ivyresolve.CachingModuleComponentRepository] Found artifact 'hibernate-core.jar (org.hibernate:hibernate-core:5.1.5.Final)' in resolver cache: /Users/michaelmennis/.gradle/caches/modules-2/files-2.1/org.hibernate/hibernate-core/5.1.5.Final/28366d161d448e82370e5bbd871eb2835ba0fb7b/hibernate-core-5.1.5.Final.jar
09:37:02.336 [DEBUG] [org.gradle.api.internal.artifacts.ivyservice.ivyresolve.CachingModuleComponentRepository] Found artifact 'grails-datastore-web.jar (org.grails:grails-datastore-web:6.1.6.RELEASE)' in resolver cache: /Users/michaelmennis/.gradle/caches/modules-2/files-2.1/org.grails/grails-datastore-web/6.1.6.RELEASE/f09bd65e28503797e4ea31534d2f57ed4e0fc6ff/grails-datastore-web-6.1.6.RELEASE.jar
09:37:02.336 [DEBUG] [org.gradle.api.internal.artifacts.ivyservice.ivyresolve.CachingModuleComponentRepository] Found artifact 'grails-datastore-gorm-support.jar (org.grails:grails-datastore-gorm-support:6.1.6.RELEASE)' in resolver cache: /Users/michaelmennis/.gradle/caches/modules-2/files-2.1/org.grails/grails-datastore-gorm-support/6.1.6.RELEASE/f365df7d32d534cf1f1994302b38705ec787056b/grails-datastore-gorm-support-6.1.6.RELEASE.jar
09:37:02.336 [DEBUG] [org.gradle.api.internal.artifacts.ivyservice.ivyresolve.CachingModuleComponentRepository] Found artifact 'grails-datastore-gorm-hibernate5.jar (org.grails:grails-datastore-gorm-hibernate5:6.1.6.RELEASE)' in resolver cache: /Users/michaelmennis/.gradle/caches/modules-2/files-2.1/org.grails/grails-datastore-gorm-hibernate5/6.1.6.RELEASE/1ee42c7ede3f81020dbbfe9b692fc4f249d60897/grails-datastore-gorm-hibernate5-6.1.6.RELEASE.jar
09:37:02.336 [DEBUG] [org.gradle.api.internal.artifacts.ivyservice.ivyresolve.CachingModuleComponentRepository] Found artifact 'asset-pipeline-core.jar (com.bertramlabs.plugins:asset-pipeline-core:2.14.2)' in resolver cache: /Users/michaelmennis/.gradle/caches/modules-2/files-2.1/com.bertramlabs.plugins/asset-pipeline-core/2.14.2/91e427fa721bb38ff18b8b1752b1081f8e90fc76/asset-pipeline-core-2.14.2.jar
09:37:02.336 [DEBUG] [org.gradle.api.internal.artifacts.ivyservice.ivyresolve.CachingModuleComponentRepository] Found artifact 'ant.jar (org.apache.ant:ant:1.9.7)' in resolver cache: /Users/michaelmennis/.gradle/caches/modules-2/files-2.1/org.apache.ant/ant/1.9.7/3b2a10512ee6537d3852c9b693a0284dcab5de68/ant-1.9.7.jar
09:37:02.336 [DEBUG] [org.gradle.api.internal.artifacts.ivyservice.ivyresolve.CachingModuleComponentRepository] Found artifact 'groovy-ant.jar (org.codehaus.groovy:groovy-ant:2.4.11)' in resolver cache: /Users/michaelmennis/.gradle/caches/modules-2/files-2.1/org.codehaus.groovy/groovy-ant/2.4.11/1fa8c2c0ff134cfe0850d4bb4417bf93afee8775/groovy-ant-2.4.11.jar
09:37:02.336 [DEBUG] [org.gradle.api.internal.artifacts.ivyservice.ivyresolve.CachingModuleComponentRepository] Found artifact 'groovy-json.jar (org.codehaus.groovy:groovy-json:2.4.11)' in resolver cache: /Users/michaelmennis/.gradle/caches/modules-2/files-2.1/org.codehaus.groovy/groovy-json/2.4.11/98b01ddd7811e27b8bb7900e3ea029d86f243e10/groovy-json-2.4.11.jar
09:37:02.336 [DEBUG] [org.gradle.api.internal.artifacts.ivyservice.ivyresolve.CachingModuleComponentRepository] Found artifact 'groovy-jmx.jar (org.codehaus.groovy:groovy-jmx:2.4.11)' in resolver cache: /Users/michaelmennis/.gradle/caches/modules-2/files-2.1/org.codehaus.groovy/groovy-jmx/2.4.11/756dd522e872b56e7764d0d0347a37d8c84f0f1/groovy-jmx-2.4.11.jar
09:37:02.336 [DEBUG] [org.gradle.api.internal.artifacts.ivyservice.ivyresolve.CachingModuleComponentRepository] Found artifact 'jansi.jar (org.fusesource.jansi:jansi:1.14)' in resolver cache: /Users/michaelmennis/.gradle/caches/modules-2/files-2.1/org.fusesource.jansi/jansi/1.14/38ce7f9fb0171cd20f9acfd13858751d0fb0d3e2/jansi-1.14.jar
09:37:02.336 [DEBUG] [org.gradle.api.internal.artifacts.ivyservice.ivyresolve.CachingModuleComponentRepository] Found artifact 'jline.jar (jline:jline:2.12)' in resolver cache: /Users/michaelmennis/.gradle/caches/modules-2/files-2.1/jline/jline/2.12/ce9062c6a125e0f9ad766032573c041ae8ecc986/jline-2.12.jar
09:37:02.336 [DEBUG] [org.gradle.api.internal.artifacts.ivyservice.ivyresolve.CachingModuleComponentRepository] Found artifact 'gradle-tooling-api.jar (org.gradle:gradle-tooling-api:3.0)' in resolver cache: /Users/michaelmennis/.gradle/caches/modules-2/files-2.1/org.gradle/gradle-tooling-api/3.0/478c6d62d601738702110da8f10aa3b7b5fc9711/gradle-tooling-api-3.0.jar
09:37:02.338 [DEBUG] [org.gradle.api.internal.artifacts.ivyservice.ivyresolve.CachingModuleComponentRepository] Found artifact 'spring-boot-cli.jar (org.springframework.boot:spring-boot-cli:1.5.4.RELEASE)' in resolver cache: /Users/michaelmennis/.gradle/caches/modules-2/files-2.1/org.springframework.boot/spring-boot-cli/1.5.4.RELEASE/e64dab5a666605085fdf34b39b86cf1183619c84/spring-boot-cli-1.5.4.RELEASE.jar
09:37:02.338 [DEBUG] [org.gradle.api.internal.artifacts.ivyservice.ivyresolve.CachingModuleComponentRepository] Found artifact 'plexus-component-api.jar (org.codehaus.plexus:plexus-component-api:1.0-alpha-33)' in resolver cache: /Users/michaelmennis/.gradle/caches/modules-2/files-2.1/org.codehaus.plexus/plexus-component-api/1.0-alpha-33/7d9560effcadf867937ac6885d0d1045ea98ab59/plexus-component-api-1.0-alpha-33.jar
09:37:02.338 [DEBUG] [org.gradle.api.internal.artifacts.ivyservice.ivyresolve.CachingModuleComponentRepository] Found artifact 'groovy-xml.jar (org.codehaus.groovy:groovy-xml:2.4.11)' in resolver cache: /Users/michaelmennis/.gradle/caches/modules-2/files-2.1/org.codehaus.groovy/groovy-xml/2.4.11/5841f1ac5141c7a930ec0c28b14dacdfbc5640e6/groovy-xml-2.4.11.jar
09:37:02.338 [DEBUG] [org.gradle.api.internal.artifacts.ivyservice.ivyresolve.CachingModuleComponentRepository] Found artifact 'groovy-templates.jar (org.codehaus.groovy:groovy-templates:2.4.11)' in resolver cache: /Users/michaelmennis/.gradle/caches/modules-2/files-2.1/org.codehaus.groovy/groovy-templates/2.4.11/2c091b3dd45a99376e696e8f2d04cfcfb4da6a96/groovy-templates-2.4.11.jar
09:37:02.338 [DEBUG] [org.gradle.api.internal.artifacts.repositories.resolver.DefaultExternalResourceArtifactResolver] Loading file:/Users/michaelmennis/.m2/repository/org/yaml/snakeyaml/1.14/snakeyaml-1.14.jar
09:37:02.338 [DEBUG] [org.gradle.api.internal.artifacts.ivyservice.ivyresolve.CachingModuleComponentRepository] Found artifact 'spring-boot-loader-tools.jar (org.springframework.boot:spring-boot-loader-tools:1.5.4.RELEASE)' in resolver cache: /Users/michaelmennis/.gradle/caches/modules-2/files-2.1/org.springframework.boot/spring-boot-loader-tools/1.5.4.RELEASE/67ba8d60de0aa7633e8b9a50eb11a83d69f944/spring-boot-loader-tools-1.5.4.RELEASE.jar
09:37:02.339 [DEBUG] [org.gradle.api.internal.artifacts.ivyservice.ivyresolve.CachingModuleComponentRepository] Found artifact 'http-builder.jar (org.codehaus.groovy.modules.http-builder:http-builder:0.7.2)' in resolver cache: /Users/michaelmennis/.gradle/caches/modules-2/files-2.1/org.codehaus.groovy.modules.http-builder/http-builder/0.7.2/323092cd786480311c1cf693770f9e6fc20a8bef/http-builder-0.7.2.jar
09:37:02.339 [DEBUG] [org.gradle.api.internal.artifacts.ivyservice.ivyresolve.CachingModuleComponentRepository] Found artifact 'maven-ant-tasks.jar (org.apache.maven:maven-ant-tasks:2.1.3)' in resolver cache: /Users/michaelmennis/.gradle/caches/modules-2/files-2.1/org.apache.maven/maven-ant-tasks/2.1.3/b09be554228d66d208e5fef5266844aacf443abc/maven-ant-tasks-2.1.3.jar
09:37:02.339 [DEBUG] [org.gradle.api.internal.artifacts.ivyservice.ivyresolve.CachingModuleComponentRepository] Found artifact 'jboss-logging.jar (org.jboss.logging:jboss-logging:3.3.0.Final)' in resolver cache: /Users/michaelmennis/.gradle/caches/modules-2/files-2.1/org.jboss.logging/jboss-logging/3.3.0.Final/3616bb87707910296e2c195dc016287080bba5af/jboss-logging-3.3.0.Final.jar
09:37:02.339 [DEBUG] [org.gradle.api.internal.artifacts.ivyservice.ivyresolve.CachingModuleComponentRepository] Found artifact 'hibernate-jpa-2.1-api.jar (org.hibernate.javax.persistence:hibernate-jpa-2.1-api:1.0.0.Final)' in resolver cache: /Users/michaelmennis/.gradle/caches/modules-2/files-2.1/org.hibernate.javax.persistence/hibernate-jpa-2.1-api/1.0.0.Final/5e731d961297e5a07290bfaf3db1fbc8bbbf405a/hibernate-jpa-2.1-api-1.0.0.Final.jar
09:37:02.339 [DEBUG] [org.gradle.api.internal.artifacts.repositories.resolver.DefaultExternalResourceArtifactResolver] Loading file:/Users/michaelmennis/.m2/repository/antlr/antlr/2.7.7/antlr-2.7.7.jar
09:37:02.339 [DEBUG] [org.gradle.api.internal.artifacts.repositories.resolver.DefaultExternalResourceArtifactResolver] Loading file:/Users/michaelmennis/.m2/repository/org/apache/geronimo/specs/geronimo-jta_1.1_spec/1.1.1/geronimo-jta_1.1_spec-1.1.1.jar
09:37:02.340 [DEBUG] [org.gradle.api.internal.artifacts.ivyservice.ivyresolve.CachingModuleComponentRepository] Found artifact 'jandex.jar (org.jboss:jandex:2.0.3.Final)' in resolver cache: /Users/michaelmennis/.gradle/caches/modules-2/files-2.1/org.jboss/jandex/2.0.3.Final/bfc4d6257dbff7a33a357f0de116be6ff951d849/jandex-2.0.3.Final.jar
09:37:02.340 [DEBUG] [org.gradle.api.internal.artifacts.ivyservice.ivyresolve.CachingModuleComponentRepository] Found artifact 'classmate.jar (com.fasterxml:classmate:1.3.0)' in resolver cache: /Users/michaelmennis/.gradle/caches/modules-2/files-2.1/com.fasterxml/classmate/1.3.0/183407ff982e9375f1a1c4a51ed0a9307c598fc7/classmate-1.3.0.jar
09:37:02.340 [DEBUG] [org.gradle.api.internal.artifacts.repositories.resolver.DefaultExternalResourceArtifactResolver] Loading file:/Users/michaelmennis/.m2/repository/dom4j/dom4j/1.6.1/dom4j-1.6.1.jar
09:37:02.340 [DEBUG] [org.gradle.api.internal.artifacts.ivyservice.ivyresolve.CachingModuleComponentRepository] Found artifact 'hibernate-commons-annotations.jar (org.hibernate.common:hibernate-commons-annotations:5.0.1.Final)' in resolver cache: /Users/michaelmennis/.gradle/caches/modules-2/files-2.1/org.hibernate.common/hibernate-commons-annotations/5.0.1.Final/71e1cff3fcb20d3b3af4f3363c3ddb24d33c6879/hibernate-commons-annotations-5.0.1.Final.jar
09:37:02.340 [DEBUG] [org.gradle.api.internal.artifacts.ivyservice.ivyresolve.CachingModuleComponentRepository] Found artifact 'grails-datastore-core.jar (org.grails:grails-datastore-core:6.1.6.RELEASE)' in resolver cache: /Users/michaelmennis/.gradle/caches/modules-2/files-2.1/org.grails/grails-datastore-core/6.1.6.RELEASE/ec5403831ce08708a4525755e86bcb944476e70d/grails-datastore-core-6.1.6.RELEASE.jar
09:37:02.340 [DEBUG] [org.gradle.api.internal.artifacts.ivyservice.ivyresolve.CachingModuleComponentRepository] Found artifact 'spring-web.jar (org.springframework:spring-web:4.3.9.RELEASE)' in resolver cache: /Users/michaelmennis/.gradle/caches/modules-2/files-2.1/org.springframework/spring-web/4.3.9.RELEASE/91dae64c4280093ad5fb4736a10913c9233479c1/spring-web-4.3.9.RELEASE.jar
09:37:02.341 [DEBUG] [org.gradle.api.internal.artifacts.ivyservice.ivyresolve.CachingModuleComponentRepository] Found artifact 'spring-context.jar (org.springframework:spring-context:4.3.9.RELEASE)' in resolver cache: /Users/michaelmennis/.gradle/caches/modules-2/files-2.1/org.springframework/spring-context/4.3.9.RELEASE/a186823724f03b98becd5f93b1fa107fe6f7a7ff/spring-context-4.3.9.RELEASE.jar
09:37:02.341 [DEBUG] [org.gradle.api.internal.artifacts.ivyservice.ivyresolve.CachingModuleComponentRepository] Found artifact 'grails-datastore-gorm.jar (org.grails:grails-datastore-gorm:6.1.6.RELEASE)' in resolver cache: /Users/michaelmennis/.gradle/caches/modules-2/files-2.1/org.grails/grails-datastore-gorm/6.1.6.RELEASE/6da3526650e1b1da7282d89bfdd394c3a787acd9/grails-datastore-gorm-6.1.6.RELEASE.jar
09:37:02.341 [DEBUG] [org.gradle.api.internal.artifacts.ivyservice.ivyresolve.CachingModuleComponentRepository] Found artifact 'grails-core.jar (org.grails:grails-core:3.2.11)' in resolver cache: /Users/michaelmennis/.gradle/caches/modules-2/files-2.1/org.grails/grails-core/3.2.11/c1aefcd4c25287c78c72aebf529de770ceb6d0a0/grails-core-3.2.11.jar
09:37:02.341 [DEBUG] [org.gradle.api.internal.artifacts.ivyservice.ivyresolve.CachingModuleComponentRepository] Found artifact 'grails-datastore-gorm-hibernate-core.jar (org.grails:grails-datastore-gorm-hibernate-core:6.1.6.RELEASE)' in resolver cache: /Users/michaelmennis/.gradle/caches/modules-2/files-2.1/org.grails/grails-datastore-gorm-hibernate-core/6.1.6.RELEASE/658edfe541f77d759bd1607cd0c55148e3aed128/grails-datastore-gorm-hibernate-core-6.1.6.RELEASE.jar
09:37:02.341 [DEBUG] [org.gradle.api.internal.artifacts.ivyservice.ivyresolve.CachingModuleComponentRepository] Found artifact 'hibernate-validator.jar (org.hibernate:hibernate-validator:5.2.5.Final)' in resolver cache: /Users/michaelmennis/.gradle/caches/modules-2/files-2.1/org.hibernate/hibernate-validator/5.2.5.Final/c7e539ab701705d82276a599cb1ba222e1433bd8/hibernate-validator-5.2.5.Final.jar
09:37:02.341 [DEBUG] [org.gradle.api.internal.artifacts.ivyservice.ivyresolve.CachingModuleComponentRepository] Found artifact 'javax.el-api.jar (javax.el:javax.el-api:2.2.4)' in resolver cache: /Users/michaelmennis/.gradle/caches/modules-2/files-2.1/javax.el/javax.el-api/2.2.4/1287562cc3f0ff5439ded6f2949e73ce1c0edaab/javax.el-api-2.2.4.jar
09:37:02.342 [DEBUG] [org.gradle.api.internal.artifacts.ivyservice.ivyresolve.CachingModuleComponentRepository] Found artifact 'rhino.jar (org.mozilla:rhino:1.7R4)' in resolver cache: /Users/michaelmennis/.gradle/caches/modules-2/files-2.1/org.mozilla/rhino/1.7R4/e982f2136574b9a423186fbaeaaa98dc3e5a5288/rhino-1.7R4.jar
09:37:02.342 [DEBUG] [org.gradle.api.internal.artifacts.ivyservice.ivyresolve.CachingModuleComponentRepository] Found artifact 'closure-compiler-unshaded.jar (com.google.javascript:closure-compiler-unshaded:v20160713)' in resolver cache: /Users/michaelmennis/.gradle/caches/modules-2/files-2.1/com.google.javascript/closure-compiler-unshaded/v20160713/7df7b683e16c93f65361a15356283599ba012c78/closure-compiler-unshaded-v20160713.jar
09:37:02.342 [DEBUG] [org.gradle.api.internal.artifacts.ivyservice.ivyresolve.CachingModuleComponentRepository] Found artifact 'ant-launcher.jar (org.apache.ant:ant-launcher:1.9.7)' in resolver cache: /Users/michaelmennis/.gradle/caches/modules-2/files-2.1/org.apache.ant/ant-launcher/1.9.7/224857a490283e72da13ffe3082dea62c558ec76/ant-launcher-1.9.7.jar
09:37:02.342 [DEBUG] [org.gradle.api.internal.artifacts.ivyservice.ivyresolve.CachingModuleComponentRepository] Found artifact 'ant-antlr.jar (org.apache.ant:ant-antlr:1.9.4)' in resolver cache: /Users/michaelmennis/.gradle/caches/modules-2/files-2.1/org.apache.ant/ant-antlr/1.9.4/4cf30025981dc2344324a0ef0e40063c3ef08f0a/ant-antlr-1.9.4.jar
09:37:02.342 [DEBUG] [org.gradle.api.internal.artifacts.ivyservice.ivyresolve.CachingModuleComponentRepository] Found artifact 'ant-junit.jar (org.apache.ant:ant-junit:1.9.4)' in resolver cache: /Users/michaelmennis/.gradle/caches/modules-2/files-2.1/org.apache.ant/ant-junit/1.9.4/b063757dacaa716b643c2f9270e469183636ff11/ant-junit-1.9.4.jar
09:37:02.342 [DEBUG] [org.gradle.api.internal.artifacts.ivyservice.ivyresolve.CachingModuleComponentRepository] Found artifact 'groovy-groovydoc.jar (org.codehaus.groovy:groovy-groovydoc:2.4.11)' in resolver cache: /Users/michaelmennis/.gradle/caches/modules-2/files-2.1/org.codehaus.groovy/groovy-groovydoc/2.4.11/f64a4696c63b19c373a739ce4a5de19d9da1a082/groovy-groovydoc-2.4.11.jar
09:37:02.343 [DEBUG] [org.gradle.api.internal.artifacts.ivyservice.ivyresolve.CachingModuleComponentRepository] Found artifact 'android-json.jar (com.vaadin.external.google:android-json:0.0.20131108.vaadin1)' in resolver cache: /Users/michaelmennis/.gradle/caches/modules-2/files-2.1/com.vaadin.external.google/android-json/0.0.20131108.vaadin1/fa26d351fe62a6a17f5cda1287c1c6110dec413f/android-json-0.0.20131108.vaadin1.jar
09:37:02.343 [DEBUG] [org.gradle.api.internal.artifacts.ivyservice.ivyresolve.CachingModuleComponentRepository] Found artifact 'jopt-simple.jar (net.sf.jopt-simple:jopt-simple:4.6)' in resolver cache: /Users/michaelmennis/.gradle/caches/modules-2/files-2.1/net.sf.jopt-simple/jopt-simple/4.6/306816fb57cf94f108a43c95731b08934dcae15c/jopt-simple-4.6.jar
09:37:02.343 [DEBUG] [org.gradle.api.internal.artifacts.ivyservice.ivyresolve.CachingModuleComponentRepository] Found artifact 'spring-core.jar (org.springframework:spring-core:4.3.9.RELEASE)' in resolver cache: /Users/michaelmennis/.gradle/caches/modules-2/files-2.1/org.springframework/spring-core/4.3.9.RELEASE/430b7298bfb85d66fb61e19ca8f06231b911e9f5/spring-core-4.3.9.RELEASE.jar
09:37:02.343 [DEBUG] [org.gradle.api.internal.artifacts.ivyservice.ivyresolve.CachingModuleComponentRepository] Found artifact 'maven-aether-provider.jar (org.apache.maven:maven-aether-provider:3.2.1)' in resolver cache: /Users/michaelmennis/.gradle/caches/modules-2/files-2.1/org.apache.maven/maven-aether-provider/3.2.1/ab57cafec4e9c2650df963d83cb173d311fcadf0/maven-aether-provider-3.2.1.jar
09:37:02.343 [DEBUG] [org.gradle.api.internal.artifacts.ivyservice.ivyresolve.CachingModuleComponentRepository] Found artifact 'maven-settings-builder.jar (org.apache.maven:maven-settings-builder:3.1.1)' in resolver cache: /Users/michaelmennis/.gradle/caches/modules-2/files-2.1/org.apache.maven/maven-settings-builder/3.1.1/e2d5e96ea4bbd4fc463dbb76d07dd8aefac05e3c/maven-settings-builder-3.1.1.jar
09:37:02.344 [DEBUG] [org.gradle.api.internal.artifacts.repositories.resolver.DefaultExternalResourceArtifactResolver] Loading file:/Users/michaelmennis/.m2/repository/org/eclipse/aether/aether-api/1.0.2.v20150114/aether-api-1.0.2.v20150114.jar
09:37:02.344 [DEBUG] [org.gradle.api.internal.artifacts.ivyservice.ivyresolve.CachingModuleComponentRepository] Found artifact 'aether-connector-basic.jar (org.eclipse.aether:aether-connector-basic:1.0.2.v20150114)' in resolver cache: /Users/michaelmennis/.gradle/caches/modules-2/files-2.1/org.eclipse.aether/aether-connector-basic/1.0.2.v20150114/d55c03b16efc16f25e1fd9fe0f37878fddbeed68/aether-connector-basic-1.0.2.v20150114.jar
09:37:02.344 [DEBUG] [org.gradle.api.internal.artifacts.repositories.resolver.DefaultExternalResourceArtifactResolver] Loading file:/Users/michaelmennis/.m2/repository/org/eclipse/aether/aether-impl/1.0.2.v20150114/aether-impl-1.0.2.v20150114.jar
09:37:02.344 [DEBUG] [org.gradle.api.internal.artifacts.repositories.resolver.DefaultExternalResourceArtifactResolver] Loading file:/Users/michaelmennis/.m2/repository/org/eclipse/aether/aether-spi/1.0.2.v20150114/aether-spi-1.0.2.v20150114.jar
09:37:02.344 [DEBUG] [org.gradle.api.internal.artifacts.ivyservice.ivyresolve.CachingModuleComponentRepository] Found artifact 'aether-transport-file.jar (org.eclipse.aether:aether-transport-file:1.0.2.v20150114)' in resolver cache: /Users/michaelmennis/.gradle/caches/modules-2/files-2.1/org.eclipse.aether/aether-transport-file/1.0.2.v20150114/79ffcce2aa9c525ad5a1d0fc3f9669133c3f9572/aether-transport-file-1.0.2.v20150114.jar
09:37:02.344 [DEBUG] [org.gradle.api.internal.artifacts.ivyservice.ivyresolve.CachingModuleComponentRepository] Found artifact 'aether-transport-http.jar (org.eclipse.aether:aether-transport-http:1.0.2.v20150114)' in resolver cache: /Users/michaelmennis/.gradle/caches/modules-2/files-2.1/org.eclipse.aether/aether-transport-http/1.0.2.v20150114/262b7fb2e9872f470c059bc4053a3f2f7449932d/aether-transport-http-1.0.2.v20150114.jar
09:37:02.344 [DEBUG] [org.gradle.api.internal.artifacts.repositories.resolver.DefaultExternalResourceArtifactResolver] Loading file:/Users/michaelmennis/.m2/repository/org/eclipse/aether/aether-util/1.0.2.v20150114/aether-util-1.0.2.v20150114.jar
09:37:02.344 [DEBUG] [org.gradle.api.internal.artifacts.ivyservice.ivyresolve.CachingModuleComponentRepository] Found artifact 'plexus-classworlds.jar (org.codehaus.plexus:plexus-classworlds:1.2-alpha-10)' in resolver cache: /Users/michaelmennis/.gradle/caches/modules-2/files-2.1/org.codehaus.plexus/plexus-classworlds/1.2-alpha-10/fc41205635dab152bf794785be80a0a70fda686e/plexus-classworlds-1.2-alpha-10.jar
09:37:02.345 [DEBUG] [org.gradle.api.internal.artifacts.repositories.resolver.DefaultExternalResourceArtifactResolver] Loading file:/Users/michaelmennis/.m2/repository/junit/junit/3.8.1/junit-3.8.1.jar
09:37:02.345 [DEBUG] [org.gradle.api.internal.artifacts.ivyservice.ivyresolve.CachingModuleComponentRepository] Found artifact 'json-lib-jdk15.jar (net.sf.json-lib:json-lib:2.3)' in resolver cache: /Users/michaelmennis/.gradle/caches/modules-2/files-2.1/net.sf.json-lib/json-lib/2.3/f35340c0a0380141f62c72b76c8fb4bfa638d8c1/json-lib-2.3-jdk15.jar
09:37:02.345 [DEBUG] [org.gradle.api.internal.artifacts.ivyservice.ivyresolve.CachingModuleComponentRepository] Found artifact 'nekohtml.jar (net.sourceforge.nekohtml:nekohtml:1.9.16)' in resolver cache: /Users/michaelmennis/.gradle/caches/modules-2/files-2.1/net.sourceforge.nekohtml/nekohtml/1.9.16/61e35204e5a8fdb864152f84e2e3b33ab56f50ab/nekohtml-1.9.16.jar
09:37:02.345 [DEBUG] [org.gradle.api.internal.artifacts.ivyservice.ivyresolve.CachingModuleComponentRepository] Found artifact 'xml-resolver.jar (xml-resolver:xml-resolver:1.2)' in resolver cache: /Users/michaelmennis/.gradle/caches/modules-2/files-2.1/xml-resolver/xml-resolver/1.2/3d0f97750b3a03e0971831566067754ba4bfd68c/xml-resolver-1.2.jar
09:37:02.345 [DEBUG] [org.gradle.api.internal.artifacts.repositories.resolver.DefaultExternalResourceArtifactResolver] Loading file:/Users/michaelmennis/.m2/repository/classworlds/classworlds/1.1-alpha-2/classworlds-1.1-alpha-2.jar
09:37:02.345 [DEBUG] [org.gradle.api.internal.artifacts.repositories.resolver.DefaultExternalResourceArtifactResolver] Loading file:/Users/michaelmennis/.m2/repository/org/codehaus/plexus/plexus-container-default/1.0-alpha-9-stable-1/plexus-container-default-1.0-alpha-9-stable-1.jar
09:37:02.345 [DEBUG] [org.gradle.api.internal.artifacts.repositories.resolver.DefaultExternalResourceArtifactResolver] Loading file:/Users/michaelmennis/.m2/repository/org/apache/maven/maven-artifact/2.2.1/maven-artifact-2.2.1.jar
09:37:02.345 [DEBUG] [org.gradle.api.internal.artifacts.repositories.resolver.DefaultExternalResourceArtifactResolver] Loading file:/Users/michaelmennis/.m2/repository/org/apache/maven/maven-artifact-manager/2.2.1/maven-artifact-manager-2.2.1.jar
09:37:02.345 [DEBUG] [org.gradle.api.internal.artifacts.repositories.resolver.DefaultExternalResourceArtifactResolver] Loading file:/Users/michaelmennis/.m2/repository/org/apache/maven/maven-project/2.2.1/maven-project-2.2.1.jar
09:37:02.345 [DEBUG] [org.gradle.api.internal.artifacts.repositories.resolver.DefaultExternalResourceArtifactResolver] Loading file:/Users/michaelmennis/.m2/repository/org/apache/maven/maven-error-diagnostics/2.2.1/maven-error-diagnostics-2.2.1.jar
09:37:02.345 [DEBUG] [org.gradle.api.internal.artifacts.ivyservice.ivyresolve.CachingModuleComponentRepository] Found artifact 'wagon-file.jar (org.apache.maven.wagon:wagon-file:1.0-beta-6)' in resolver cache: /Users/michaelmennis/.gradle/caches/modules-2/files-2.1/org.apache.maven.wagon/wagon-file/1.0-beta-6/6c53633505460caf49d2660de1e24744d915afb9/wagon-file-1.0-beta-6.jar
09:37:02.346 [DEBUG] [org.gradle.api.internal.artifacts.ivyservice.ivyresolve.CachingModuleComponentRepository] Found artifact 'wagon-http-lightweight.jar (org.apache.maven.wagon:wagon-http-lightweight:1.0-beta-6)' in resolver cache: /Users/michaelmennis/.gradle/caches/modules-2/files-2.1/org.apache.maven.wagon/wagon-http-lightweight/1.0-beta-6/b3815078570c3b1f0667e123d59717c6b726c6c2/wagon-http-lightweight-1.0-beta-6.jar
09:37:02.346 [DEBUG] [org.gradle.api.internal.artifacts.repositories.resolver.DefaultExternalResourceArtifactResolver] Loading file:/Users/michaelmennis/.m2/repository/org/apache/maven/wagon/wagon-provider-api/1.0-beta-6/wagon-provider-api-1.0-beta-6.jar
09:37:02.346 [DEBUG] [org.gradle.api.internal.artifacts.repositories.resolver.DefaultExternalResourceArtifactResolver] Loading file:/Users/michaelmennis/.m2/repository/com/googlecode/concurrentlinkedhashmap/concurrentlinkedhashmap-lru/1.4.2/concurrentlinkedhashmap-lru-1.4.2.jar
09:37:02.346 [DEBUG] [org.gradle.api.internal.artifacts.ivyservice.ivyresolve.CachingModuleComponentRepository] Found artifact 'spring-beans.jar (org.springframework:spring-beans:4.3.9.RELEASE)' in resolver cache: /Users/michaelmennis/.gradle/caches/modules-2/files-2.1/org.springframework/spring-beans/4.3.9.RELEASE/daa5abf3779c8cad1a2910e1ea08e4272489d8ae/spring-beans-4.3.9.RELEASE.jar
09:37:02.346 [DEBUG] [org.gradle.api.internal.artifacts.ivyservice.ivyresolve.CachingModuleComponentRepository] Found artifact 'spring-tx.jar (org.springframework:spring-tx:4.3.9.RELEASE)' in resolver cache: /Users/michaelmennis/.gradle/caches/modules-2/files-2.1/org.springframework/spring-tx/4.3.9.RELEASE/7a7b1775e1e604841f8b619e110e43d9929c37ab/spring-tx-4.3.9.RELEASE.jar
09:37:02.346 [DEBUG] [org.gradle.api.internal.artifacts.repositories.resolver.DefaultExternalResourceArtifactResolver] Loading file:/Users/michaelmennis/.m2/repository/javax/transaction/jta/1.1/jta-1.1.jar
09:37:02.346 [DEBUG] [org.gradle.api.internal.artifacts.ivyservice.ivyresolve.CachingModuleComponentRepository] Found artifact 'grails-datastore-gorm-validation.jar (org.grails:grails-datastore-gorm-validation:6.1.6.RELEASE)' in resolver cache: /Users/michaelmennis/.gradle/caches/modules-2/files-2.1/org.grails/grails-datastore-gorm-validation/6.1.6.RELEASE/7d7fbf1a731ba45c1bbbf9eb749a7387032dd0bc/grails-datastore-gorm-validation-6.1.6.RELEASE.jar
09:37:02.346 [DEBUG] [org.gradle.api.internal.artifacts.ivyservice.ivyresolve.CachingModuleComponentRepository] Found artifact 'spring-boot.jar (org.springframework.boot:spring-boot:1.4.6.RELEASE)' in resolver cache: /Users/michaelmennis/.gradle/caches/modules-2/files-2.1/org.springframework.boot/spring-boot/1.4.6.RELEASE/a4a4f4459385686d9e737440e99cc607a43823cb/spring-boot-1.4.6.RELEASE.jar
09:37:02.346 [DEBUG] [org.gradle.api.internal.artifacts.ivyservice.ivyresolve.CachingModuleComponentRepository] Found artifact 'spring-jdbc.jar (org.springframework:spring-jdbc:4.3.9.RELEASE)' in resolver cache: /Users/michaelmennis/.gradle/caches/modules-2/files-2.1/org.springframework/spring-jdbc/4.3.9.RELEASE/ef8476b954a4211a21147b3ae15996443a76c6f8/spring-jdbc-4.3.9.RELEASE.jar
09:37:02.346 [DEBUG] [org.gradle.api.internal.artifacts.repositories.resolver.DefaultExternalResourceArtifactResolver] Loading file:/Users/michaelmennis/.m2/repository/javax/validation/validation-api/1.1.0.Final/validation-api-1.1.0.Final.jar
09:37:02.346 [DEBUG] [org.gradle.api.internal.artifacts.ivyservice.ivyresolve.CachingModuleComponentRepository] Found artifact 'closure-compiler-externs.jar (com.google.javascript:closure-compiler-externs:v20160713)' in resolver cache: /Users/michaelmennis/.gradle/caches/modules-2/files-2.1/com.google.javascript/closure-compiler-externs/v20160713/36c8fa2e53148f8f00070d1d5df6e065bd9ebfb3/closure-compiler-externs-v20160713.jar
09:37:02.346 [DEBUG] [org.gradle.api.internal.artifacts.ivyservice.ivyresolve.CachingModuleComponentRepository] Found artifact 'args4j.jar (args4j:args4j:2.0.26)' in resolver cache: /Users/michaelmennis/.gradle/caches/modules-2/files-2.1/args4j/args4j/2.0.26/1ebb18ebb3b379a74207d5af4ea7c8338ebd78b/args4j-2.0.26.jar
09:37:02.347 [DEBUG] [org.gradle.api.internal.artifacts.repositories.resolver.DefaultExternalResourceArtifactResolver] Loading file:/Users/michaelmennis/.m2/repository/com/google/guava/guava/19.0/guava-19.0.jar
09:37:02.347 [DEBUG] [org.gradle.api.internal.artifacts.repositories.resolver.DefaultExternalResourceArtifactResolver] Loading file:/Users/michaelmennis/.m2/repository/com/google/protobuf/protobuf-java/2.5.0/protobuf-java-2.5.0.jar
09:37:02.347 [DEBUG] [org.gradle.api.internal.artifacts.repositories.resolver.DefaultExternalResourceArtifactResolver] Loading file:/Users/michaelmennis/.m2/repository/com/google/code/gson/gson/2.2.4/gson-2.2.4.jar
09:37:02.348 [DEBUG] [org.gradle.api.internal.artifacts.repositories.resolver.DefaultExternalResourceArtifactResolver] Loading file:/Users/michaelmennis/.m2/repository/com/google/code/findbugs/jsr305/1.3.9/jsr305-1.3.9.jar
09:37:02.348 [DEBUG] [org.gradle.api.internal.artifacts.ivyservice.ivyresolve.CachingModuleComponentRepository] Found artifact 'maven-model-builder.jar (org.apache.maven:maven-model-builder:3.2.1)' in resolver cache: /Users/michaelmennis/.gradle/caches/modules-2/files-2.1/org.apache.maven/maven-model-builder/3.2.1/48611e08f8d8e967e6df591c8eb9c9eba329b1fc/maven-model-builder-3.2.1.jar
09:37:02.348 [DEBUG] [org.gradle.api.internal.artifacts.ivyservice.ivyresolve.CachingModuleComponentRepository] Found artifact 'maven-repository-metadata.jar (org.apache.maven:maven-repository-metadata:3.2.1)' in resolver cache: /Users/michaelmennis/.gradle/caches/modules-2/files-2.1/org.apache.maven/maven-repository-metadata/3.2.1/e171898b9fa61449e1ca3eea45c071fd82c48789/maven-repository-metadata-3.2.1.jar
09:37:02.348 [DEBUG] [org.gradle.api.internal.artifacts.repositories.resolver.DefaultExternalResourceArtifactResolver] Loading file:/Users/michaelmennis/.m2/repository/org/codehaus/plexus/plexus-component-annotations/1.5.5/plexus-component-annotations-1.5.5.jar
09:37:02.348 [DEBUG] [org.gradle.api.internal.artifacts.repositories.resolver.DefaultExternalResourceArtifactResolver] Loading file:/Users/michaelmennis/.m2/repository/org/sonatype/plexus/plexus-sec-dispatcher/1.3/plexus-sec-dispatcher-1.3.jar
09:37:02.349 [DEBUG] [org.gradle.api.internal.artifacts.ivyservice.ivyresolve.CachingModuleComponentRepository] Found artifact 'commons-beanutils.jar (commons-beanutils:commons-beanutils:1.8.0)' in resolver cache: /Users/michaelmennis/.gradle/caches/modules-2/files-2.1/commons-beanutils/commons-beanutils/1.8.0/c651d5103c649c12b20d53731643e5fffceb536/commons-beanutils-1.8.0.jar
09:37:02.349 [DEBUG] [org.gradle.api.internal.artifacts.repositories.resolver.DefaultExternalResourceArtifactResolver] Loading file:/Users/michaelmennis/.m2/repository/commons-lang/commons-lang/2.4/commons-lang-2.4.jar
09:37:02.349 [DEBUG] [org.gradle.api.internal.artifacts.ivyservice.ivyresolve.CachingModuleComponentRepository] Found artifact 'ezmorph.jar (net.sf.ezmorph:ezmorph:1.0.6)' in resolver cache: /Users/michaelmennis/.gradle/caches/modules-2/files-2.1/net.sf.ezmorph/ezmorph/1.0.6/1e55d2a0253ea37745d33062852fd2c90027432/ezmorph-1.0.6.jar
09:37:02.349 [DEBUG] [org.gradle.api.internal.artifacts.repositories.resolver.DefaultExternalResourceArtifactResolver] Loading file:/Users/michaelmennis/.m2/repository/xerces/xercesImpl/2.9.1/xercesImpl-2.9.1.jar
09:37:02.349 [DEBUG] [org.gradle.api.internal.artifacts.repositories.resolver.DefaultExternalResourceArtifactResolver] Loading file:/Users/michaelmennis/.m2/repository/backport-util-concurrent/backport-util-concurrent/3.1/backport-util-concurrent-3.1.jar
09:37:02.349 [DEBUG] [org.gradle.api.internal.artifacts.repositories.resolver.DefaultExternalResourceArtifactResolver] Loading file:/Users/michaelmennis/.m2/repository/org/apache/maven/maven-profile/2.2.1/maven-profile-2.2.1.jar
09:37:02.349 [DEBUG] [org.gradle.api.internal.artifacts.repositories.resolver.DefaultExternalResourceArtifactResolver] Loading file:/Users/michaelmennis/.m2/repository/org/apache/maven/maven-plugin-registry/2.2.1/maven-plugin-registry-2.2.1.jar
09:37:02.349 [DEBUG] [org.gradle.api.internal.artifacts.ivyservice.ivyresolve.CachingModuleComponentRepository] Found artifact 'wagon-http-shared.jar (org.apache.maven.wagon:wagon-http-shared:1.0-beta-6)' in resolver cache: /Users/michaelmennis/.gradle/caches/modules-2/files-2.1/org.apache.maven.wagon/wagon-http-shared/1.0-beta-6/ccd70d7e0d8c085e648a83f072da06ca9a53be94/wagon-http-shared-1.0-beta-6.jar
09:37:02.349 [DEBUG] [org.gradle.api.internal.artifacts.ivyservice.ivyresolve.CachingModuleComponentRepository] Found artifact 'commons-validator.jar (commons-validator:commons-validator:1.5.1)' in resolver cache: /Users/michaelmennis/.gradle/caches/modules-2/files-2.1/commons-validator/commons-validator/1.5.1/86d05a46e8f064b300657f751b5a98c62807e2a0/commons-validator-1.5.1.jar
09:37:02.349 [DEBUG] [org.gradle.api.internal.artifacts.repositories.resolver.DefaultExternalResourceArtifactResolver] Loading file:/Users/michaelmennis/.m2/repository/org/sonatype/plexus/plexus-cipher/1.4/plexus-cipher-1.4.jar
09:37:02.349 [DEBUG] [org.gradle.api.internal.artifacts.ivyservice.ivyresolve.CachingModuleComponentRepository] Found artifact 'xercesMinimal.jar (nekohtml:xercesMinimal:1.9.6.2)' in resolver cache: /Users/michaelmennis/.gradle/caches/modules-2/files-2.1/nekohtml/xercesMinimal/1.9.6.2/d1c5e063683a0e6f77cd5f051a9d4af48346fa6/xercesMinimal-1.9.6.2.jar
09:37:02.350 [DEBUG] [org.gradle.api.internal.artifacts.ivyservice.ivyresolve.CachingModuleComponentRepository] Found artifact 'nekohtml.jar (nekohtml:nekohtml:1.9.6.2)' in resolver cache: /Users/michaelmennis/.gradle/caches/modules-2/files-2.1/nekohtml/nekohtml/1.9.6.2/2d960be7b62ae6622dbbbe49ab4ffdc609f85c80/nekohtml-1.9.6.2.jar
09:37:02.350 [DEBUG] [org.gradle.api.internal.artifacts.ivyservice.ivyresolve.CachingModuleComponentRepository] Found artifact 'dependency-management-plugin.jar (io.spring.gradle:dependency-management-plugin:1.0.3.RELEASE)' in resolver cache: /Users/michaelmennis/.gradle/caches/modules-2/files-2.1/io.spring.gradle/dependency-management-plugin/1.0.3.RELEASE/c7fc988680e19cef9bf91de0c39b891e4c8dca2d/dependency-management-plugin-1.0.3.RELEASE.jar
09:37:02.350 [DEBUG] [org.gradle.api.internal.artifacts.ivyservice.ivyresolve.CachingModuleComponentRepository] Found artifact 'spring-orm.jar (org.springframework:spring-orm:4.3.9.RELEASE)' in resolver cache: /Users/michaelmennis/.gradle/caches/modules-2/files-2.1/org.springframework/spring-orm/4.3.9.RELEASE/ea9de867a7b686744f0e0bc1ecfcc9d3844e4cd7/spring-orm-4.3.9.RELEASE.jar
09:37:02.350 [DEBUG] [org.gradle.api.internal.artifacts.ivyservice.ivyresolve.CachingModuleComponentRepository] Found artifact 'javassist.jar (org.javassist:javassist:3.21.0-GA)' in resolver cache: /Users/michaelmennis/.gradle/caches/modules-2/files-2.1/org.javassist/javassist/3.21.0-GA/598244f595db5c5fb713731eddbb1c91a58d959b/javassist-3.21.0-GA.jar
09:37:02.350 [DEBUG] [org.gradle.api.internal.artifacts.repositories.resolver.DefaultExternalResourceArtifactResolver] Loading file:/Users/michaelmennis/.m2/repository/commons-logging/commons-logging/1.2/commons-logging-1.2.jar
09:37:02.350 [DEBUG] [org.gradle.api.internal.artifacts.ivyservice.ivyresolve.CachingModuleComponentRepository] Found artifact 'maven-model.jar (org.apache.maven:maven-model:3.2.1)' in resolver cache: /Users/michaelmennis/.gradle/caches/modules-2/files-2.1/org.apache.maven/maven-model/3.2.1/328a3c5cfaf9b2832e6e1d21c76fcefe01e01fde/maven-model-3.2.1.jar
09:37:02.350 [DEBUG] [org.gradle.api.internal.artifacts.repositories.resolver.DefaultExternalResourceArtifactResolver] Loading file:/Users/michaelmennis/.m2/repository/org/codehaus/plexus/plexus-utils/3.0.17/plexus-utils-3.0.17.jar
09:37:02.350 [DEBUG] [org.gradle.api.internal.artifacts.repositories.resolver.DefaultExternalResourceArtifactResolver] Loading file:/Users/michaelmennis/.m2/repository/org/codehaus/plexus/plexus-interpolation/1.19/plexus-interpolation-1.19.jar
09:37:02.350 [DEBUG] [org.gradle.api.internal.artifacts.ivyservice.ivyresolve.CachingModuleComponentRepository] Found artifact 'maven-settings.jar (org.apache.maven:maven-settings:3.1.1)' in resolver cache: /Users/michaelmennis/.gradle/caches/modules-2/files-2.1/org.apache.maven/maven-settings/3.1.1/311d38cf15ec7f5c713985862632db91b7a827af/maven-settings-3.1.1.jar
09:37:02.350 [DEBUG] [org.gradle.api.internal.artifacts.ivyservice.ivyresolve.CachingModuleComponentRepository] Found artifact 'httpclient.jar (org.apache.httpcomponents:httpclient:4.2.6)' in resolver cache: /Users/michaelmennis/.gradle/caches/modules-2/files-2.1/org.apache.httpcomponents/httpclient/4.2.6/e4ca30a6a3a075053a61c6fc850d2432dc012ba7/httpclient-4.2.6.jar
09:37:02.350 [DEBUG] [org.gradle.api.internal.artifacts.ivyservice.ivyresolve.CachingModuleComponentRepository] Found artifact 'httpcore.jar (org.apache.httpcomponents:httpcore:4.2.5)' in resolver cache: /Users/michaelmennis/.gradle/caches/modules-2/files-2.1/org.apache.httpcomponents/httpcore/4.2.5/472f0f5f8dba5d1962cb9d7739feed739a31c30d/httpcore-4.2.5.jar
09:37:02.350 [DEBUG] [org.gradle.api.internal.artifacts.repositories.resolver.DefaultExternalResourceArtifactResolver] Loading file:/Users/michaelmennis/.m2/repository/commons-codec/commons-codec/1.6/commons-codec-1.6.jar
09:37:02.350 [DEBUG] [org.gradle.api.internal.artifacts.repositories.resolver.DefaultExternalResourceArtifactResolver] Loading file:/Users/michaelmennis/.m2/repository/xml-apis/xml-apis/1.3.04/xml-apis-1.3.04.jar
09:37:02.351 [DEBUG] [org.gradle.api.internal.artifacts.repositories.resolver.DefaultExternalResourceArtifactResolver] Loading file:/Users/michaelmennis/.m2/repository/commons-collections/commons-collections/3.2.2/commons-collections-3.2.2.jar
09:37:02.361 [DEBUG] [org.gradle.model.internal.registry.DefaultModelRegistry] Project : - Registering model element 'tasks.eclipse' (hidden = false)
09:37:02.361 [DEBUG] [org.gradle.model.internal.registry.DefaultModelRegistry] Project : - Registering model element 'tasks.cleanEclipse' (hidden = false)
09:37:02.361 [DEBUG] [org.gradle.model.internal.registry.DefaultModelRegistry] Project : - Registering model element 'tasks.eclipseProject' (hidden = false)
09:37:02.362 [DEBUG] [org.gradle.model.internal.registry.DefaultModelRegistry] Project : - Registering model element 'tasks.cleanEclipseProject' (hidden = false)
09:37:02.363 [DEBUG] [org.gradle.model.internal.registry.DefaultModelRegistry] Project : - Registering model element 'tasks.idea' (hidden = false)
09:37:02.363 [DEBUG] [org.gradle.model.internal.registry.DefaultModelRegistry] Project : - Registering model element 'tasks.cleanIdea' (hidden = false)
09:37:02.363 [DEBUG] [org.gradle.model.internal.registry.DefaultModelRegistry] Project : - Registering model element 'tasks.ideaWorkspace' (hidden = false)
09:37:02.365 [DEBUG] [org.gradle.model.internal.registry.DefaultModelRegistry] Project : - Registering model element 'tasks.cleanIdeaWorkspace' (hidden = false)
09:37:02.366 [DEBUG] [org.gradle.model.internal.registry.DefaultModelRegistry] Project : - Registering model element 'tasks.ideaProject' (hidden = false)
09:37:02.366 [DEBUG] [org.gradle.model.internal.registry.DefaultModelRegistry] Project : - Registering model element 'tasks.cleanIdeaProject' (hidden = false)
09:37:02.367 [DEBUG] [org.gradle.model.internal.registry.DefaultModelRegistry] Project : - Registering model element 'tasks.ideaModule' (hidden = false)
09:37:02.367 [DEBUG] [org.gradle.model.internal.registry.DefaultModelRegistry] Project : - Registering model element 'tasks.cleanIdeaModule' (hidden = false)
09:37:02.368 [DEBUG] [org.gradle.model.internal.registry.DefaultModelRegistry] Project : - Registering model element 'tasks.clean' (hidden = false)
09:37:02.368 [DEBUG] [org.gradle.model.internal.registry.DefaultModelRegistry] Project : - Registering model element 'tasks.assemble' (hidden = false)
09:37:02.368 [DEBUG] [org.gradle.model.internal.registry.DefaultModelRegistry] Project : - Registering model element 'tasks.check' (hidden = false)
09:37:02.368 [DEBUG] [org.gradle.model.internal.registry.DefaultModelRegistry] Project : - Registering model element 'tasks.build' (hidden = false)
09:37:02.369 [DEBUG] [org.gradle.model.internal.registry.DefaultModelRegistry] Project : - Transitioning model element 'tasks.assemble' from state Registered to Initialized
09:37:02.369 [DEBUG] [org.gradle.model.internal.registry.DefaultModelRegistry] Project : - Running model element 'tasks.assemble' rule action tasks.addPlaceholderAction(assemble)
09:37:02.369 [DEBUG] [org.gradle.model.internal.registry.DefaultModelRegistry] Project : - Mutating tasks.assemble using tasks.addPlaceholderAction(assemble)
09:37:02.369 [DEBUG] [org.gradle.model.internal.registry.DefaultModelRegistry] Project : - Transitioning model element 'tasks.assemble' to state Discovered.
09:37:02.369 [DEBUG] [org.gradle.model.internal.registry.DefaultModelRegistry] Project : - Running model element 'tasks.assemble' rule action tasks.addPlaceholderAction(assemble)
09:37:02.369 [DEBUG] [org.gradle.model.internal.registry.DefaultModelRegistry] Project : - Mutating tasks.assemble using tasks.addPlaceholderAction(assemble)
09:37:02.370 [DEBUG] [org.gradle.model.internal.registry.DefaultModelRegistry] Project : - Transitioning model element 'tasks.assemble' to state Created.
09:37:02.370 [DEBUG] [org.gradle.model.internal.registry.DefaultModelRegistry] Project : - Transitioning model element 'tasks.assemble' to state DefaultsApplied.
09:37:02.370 [DEBUG] [org.gradle.model.internal.registry.DefaultModelRegistry] Project : - Running model element 'tasks.assemble' rule action copyToTaskContainer
09:37:02.370 [DEBUG] [org.gradle.model.internal.registry.DefaultModelRegistry] Project : - Mutating tasks.assemble using copyToTaskContainer
09:37:02.370 [DEBUG] [org.gradle.model.internal.registry.DefaultModelRegistry] Project : - Transitioning model element 'tasks.assemble' to state Initialized.
09:37:02.370 [DEBUG] [org.gradle.model.internal.registry.DefaultModelRegistry] Project : - Registering model element 'componentSpecFactory' (hidden = true)
09:37:02.370 [DEBUG] [org.gradle.model.internal.registry.DefaultModelRegistry] Project : - Registering model element 'components' (hidden = false)
09:37:02.370 [DEBUG] [org.gradle.model.internal.registry.DefaultModelRegistry] Project : - Registering model element 'sources' (hidden = false)
09:37:02.371 [DEBUG] [org.gradle.model.internal.registry.DefaultModelRegistry] Project : - Registering model element 'binaries' (hidden = false)
09:37:02.371 [DEBUG] [org.gradle.model.internal.registry.DefaultModelRegistry] Project : - Registering model element 'bridgedBinaries' (hidden = true)
09:37:02.371 [DEBUG] [org.gradle.model.internal.registry.DefaultModelRegistry] Project : - Registering model element 'tasks.buildNeeded' (hidden = false)
09:37:02.371 [DEBUG] [org.gradle.model.internal.registry.DefaultModelRegistry] Project : - Registering model element 'tasks.buildDependents' (hidden = false)
09:37:02.372 [DEBUG] [org.gradle.model.internal.registry.DefaultModelRegistry] Project : - Registering model element 'tasks.eclipseJdt' (hidden = false)
09:37:02.372 [DEBUG] [org.gradle.model.internal.registry.DefaultModelRegistry] Project : - Registering model element 'tasks.cleanEclipseJdt' (hidden = false)
09:37:02.373 [DEBUG] [org.gradle.model.internal.registry.DefaultModelRegistry] Project : - Registering model element 'tasks.eclipseClasspath' (hidden = false)
09:37:02.373 [DEBUG] [org.gradle.model.internal.registry.DefaultModelRegistry] Project : - Registering model element 'tasks.cleanEclipseClasspath' (hidden = false)
09:37:02.376 [DEBUG] [org.gradle.model.internal.registry.DefaultModelRegistry] Project : - Registering model element 'tasks.processResources' (hidden = false)
09:37:02.377 [DEBUG] [org.gradle.model.internal.registry.DefaultModelRegistry] Project : - Registering model element 'tasks.compileJava' (hidden = false)
09:37:02.377 [DEBUG] [org.gradle.model.internal.registry.DefaultModelRegistry] Project : - Registering model element 'tasks.classes' (hidden = false)
09:37:02.379 [DEBUG] [org.gradle.model.internal.registry.DefaultModelRegistry] Project : - Registering model element 'tasks.processTestResources' (hidden = false)
09:37:02.380 [DEBUG] [org.gradle.model.internal.registry.DefaultModelRegistry] Project : - Registering model element 'tasks.compileTestJava' (hidden = false)
09:37:02.380 [DEBUG] [org.gradle.model.internal.registry.DefaultModelRegistry] Project : - Registering model element 'tasks.testClasses' (hidden = false)
09:37:02.381 [DEBUG] [org.gradle.model.internal.registry.DefaultModelRegistry] Project : - Registering model element 'tasks.javadoc' (hidden = false)
09:37:02.383 [DEBUG] [org.gradle.model.internal.registry.DefaultModelRegistry] Project : - Registering model element 'tasks.test' (hidden = false)
09:37:02.383 [DEBUG] [org.gradle.model.internal.registry.DefaultModelRegistry] Project : - Transitioning model element 'tasks.check' from state Registered to Initialized
09:37:02.383 [DEBUG] [org.gradle.model.internal.registry.DefaultModelRegistry] Project : - Running model element 'tasks.check' rule action tasks.addPlaceholderAction(check)
09:37:02.383 [DEBUG] [org.gradle.model.internal.registry.DefaultModelRegistry] Project : - Mutating tasks.check using tasks.addPlaceholderAction(check)
09:37:02.383 [DEBUG] [org.gradle.model.internal.registry.DefaultModelRegistry] Project : - Transitioning model element 'tasks.check' to state Discovered.
09:37:02.383 [DEBUG] [org.gradle.model.internal.registry.DefaultModelRegistry] Project : - Running model element 'tasks.check' rule action tasks.addPlaceholderAction(check)
09:37:02.383 [DEBUG] [org.gradle.model.internal.registry.DefaultModelRegistry] Project : - Mutating tasks.check using tasks.addPlaceholderAction(check)
09:37:02.383 [DEBUG] [org.gradle.model.internal.registry.DefaultModelRegistry] Project : - Transitioning model element 'tasks.check' to state Created.
09:37:02.383 [DEBUG] [org.gradle.model.internal.registry.DefaultModelRegistry] Project : - Transitioning model element 'tasks.check' to state DefaultsApplied.
09:37:02.383 [DEBUG] [org.gradle.model.internal.registry.DefaultModelRegistry] Project : - Running model element 'tasks.check' rule action copyToTaskContainer
09:37:02.383 [DEBUG] [org.gradle.model.internal.registry.DefaultModelRegistry] Project : - Mutating tasks.check using copyToTaskContainer
09:37:02.383 [DEBUG] [org.gradle.model.internal.registry.DefaultModelRegistry] Project : - Transitioning model element 'tasks.check' to state Initialized.
09:37:02.385 [DEBUG] [org.gradle.model.internal.registry.DefaultModelRegistry] Project : - Registering model element 'tasks.jar' (hidden = false)
09:37:02.386 [DEBUG] [org.gradle.model.internal.registry.DefaultModelRegistry] Project : - Registering model element 'tasks.war' (hidden = false)
09:37:02.386 [DEBUG] [org.gradle.model.internal.registry.DefaultModelRegistry] Project : - Registering model element 'tasks.eclipseWtp' (hidden = false)
09:37:02.387 [DEBUG] [org.gradle.model.internal.registry.DefaultModelRegistry] Project : - Registering model element 'tasks.cleanEclipseWtp' (hidden = false)
09:37:02.388 [DEBUG] [org.gradle.model.internal.registry.DefaultModelRegistry] Project : - Registering model element 'tasks.eclipseWtpComponent' (hidden = false)
09:37:02.388 [DEBUG] [org.gradle.model.internal.registry.DefaultModelRegistry] Project : - Registering model element 'tasks.cleanEclipseWtpComponent' (hidden = false)
09:37:02.389 [DEBUG] [org.gradle.model.internal.registry.DefaultModelRegistry] Project : - Registering model element 'tasks.eclipseWtpFacet' (hidden = false)
09:37:02.389 [DEBUG] [org.gradle.model.internal.registry.DefaultModelRegistry] Project : - Registering model element 'tasks.cleanEclipseWtpFacet' (hidden = false)
09:37:02.395 [DEBUG] [org.gradle.model.internal.registry.DefaultModelRegistry] Project : - Registering model element 'tasks.compileGroovy' (hidden = false)
09:37:02.396 [DEBUG] [org.gradle.model.internal.registry.DefaultModelRegistry] Project : - Registering model element 'tasks.compileTestGroovy' (hidden = false)
09:37:02.397 [DEBUG] [org.gradle.model.internal.registry.DefaultModelRegistry] Project : - Registering model element 'tasks.groovydoc' (hidden = false)
09:37:02.398 [DEBUG] [org.gradle.model.internal.registry.DefaultModelRegistry] Project : - Registering model element 'tasks.bootRepackage' (hidden = false)
09:37:02.399 [DEBUG] [org.gradle.model.internal.registry.DefaultModelRegistry] Project : - Registering model element 'tasks.findMainClass' (hidden = false)
09:37:02.399 [DEBUG] [org.gradle.model.internal.registry.DefaultModelRegistry] Project : - Registering model element 'tasks.bootRun' (hidden = false)
09:37:02.400 [DEBUG] [org.gradle.model.internal.registry.DefaultModelRegistry] Project : - Registering model element 'tasks.dependencyManagement' (hidden = false)
09:37:02.400 [INFO] [io.spring.gradle.dependencymanagement.internal.DependencyManagementApplier] Applying dependency management to configuration 'archives' in project 'fakeyelp'
09:37:02.400 [INFO] [io.spring.gradle.dependencymanagement.internal.DependencyManagementApplier] Applying dependency management to configuration 'compile' in project 'fakeyelp'
09:37:02.400 [INFO] [io.spring.gradle.dependencymanagement.internal.DependencyManagementApplier] Applying dependency management to configuration 'compileClasspath' in project 'fakeyelp'
09:37:02.400 [INFO] [io.spring.gradle.dependencymanagement.internal.DependencyManagementApplier] Applying dependency management to configuration 'compileOnly' in project 'fakeyelp'
09:37:02.400 [INFO] [io.spring.gradle.dependencymanagement.internal.DependencyManagementApplier] Applying dependency management to configuration 'default' in project 'fakeyelp'
09:37:02.400 [INFO] [io.spring.gradle.dependencymanagement.internal.DependencyManagementApplier] Applying dependency management to configuration 'profile' in project 'fakeyelp'
09:37:02.400 [INFO] [io.spring.gradle.dependencymanagement.internal.DependencyManagementApplier] Applying dependency management to configuration 'providedCompile' in project 'fakeyelp'
09:37:02.401 [INFO] [io.spring.gradle.dependencymanagement.internal.DependencyManagementApplier] Applying dependency management to configuration 'providedRuntime' in project 'fakeyelp'
09:37:02.401 [INFO] [io.spring.gradle.dependencymanagement.internal.DependencyManagementApplier] Applying dependency management to configuration 'runtime' in project 'fakeyelp'
09:37:02.401 [INFO] [io.spring.gradle.dependencymanagement.internal.DependencyManagementApplier] Applying dependency management to configuration 'testCompile' in project 'fakeyelp'
09:37:02.401 [INFO] [io.spring.gradle.dependencymanagement.internal.DependencyManagementApplier] Applying dependency management to configuration 'testCompileClasspath' in project 'fakeyelp'
09:37:02.401 [INFO] [io.spring.gradle.dependencymanagement.internal.DependencyManagementApplier] Applying dependency management to configuration 'testCompileOnly' in project 'fakeyelp'
09:37:02.401 [INFO] [io.spring.gradle.dependencymanagement.internal.DependencyManagementApplier] Applying dependency management to configuration 'testRuntime' in project 'fakeyelp'
09:37:02.415 [INFO] [io.spring.gradle.dependencymanagement.internal.DependencyManagementApplier] Applying dependency management to configuration 'provided' in project 'fakeyelp'
09:37:02.417 [INFO] [io.spring.gradle.dependencymanagement.internal.DependencyManagementApplier] Applying dependency management to configuration 'integrationTestCompile' in project 'fakeyelp'
09:37:02.417 [INFO] [io.spring.gradle.dependencymanagement.internal.DependencyManagementApplier] Applying dependency management to configuration 'integrationTestRuntime' in project 'fakeyelp'
09:37:02.418 [INFO] [io.spring.gradle.dependencymanagement.internal.DependencyManagementApplier] Applying dependency management to configuration 'integrationTestCompileOnly' in project 'fakeyelp'
09:37:02.418 [INFO] [io.spring.gradle.dependencymanagement.internal.DependencyManagementApplier] Applying dependency management to configuration 'integrationTestCompileClasspath' in project 'fakeyelp'
09:37:02.418 [DEBUG] [org.gradle.model.internal.registry.DefaultModelRegistry] Project : - Registering model element 'tasks.processIntegrationTestResources' (hidden = false)
09:37:02.419 [DEBUG] [org.gradle.model.internal.registry.DefaultModelRegistry] Project : - Registering model element 'tasks.compileIntegrationTestJava' (hidden = false)
09:37:02.419 [DEBUG] [org.gradle.model.internal.registry.DefaultModelRegistry] Project : - Registering model element 'tasks.integrationTestClasses' (hidden = false)
09:37:02.419 [DEBUG] [org.gradle.model.internal.registry.DefaultModelRegistry] Project : - Registering model element 'tasks.compileIntegrationTestGroovy' (hidden = false)
09:37:02.420 [DEBUG] [org.gradle.model.internal.registry.DefaultModelRegistry] Project : - Registering model element 'tasks.integrationTest' (hidden = false)
09:37:02.422 [DEBUG] [org.gradle.model.internal.registry.DefaultModelRegistry] Project : - Registering model element 'tasks.mergeTestReports' (hidden = false)
09:37:02.422 [DEBUG] [org.gradle.model.internal.registry.DefaultModelRegistry] Project : - Registering model element 'tasks.findMainClass' (hidden = false)
09:37:02.423 [INFO] [io.spring.gradle.dependencymanagement.internal.DependencyManagementApplier] Applying dependency management to configuration 'agent' in project 'fakeyelp'
09:37:02.424 [INFO] [io.spring.gradle.dependencymanagement.internal.DependencyManagementApplier] Applying dependency management to configuration 'console' in project 'fakeyelp'
09:37:02.424 [DEBUG] [org.gradle.model.internal.registry.DefaultModelRegistry] Project : - Registering model element 'tasks.console' (hidden = false)
09:37:02.425 [DEBUG] [org.gradle.model.internal.registry.DefaultModelRegistry] Project : - Registering model element 'tasks.shell' (hidden = false)
09:37:02.427 [DEBUG] [org.gradle.model.internal.registry.DefaultModelRegistry] Project : - Registering model element 'tasks.schemaExport' (hidden = false)
09:37:02.428 [DEBUG] [org.gradle.model.internal.registry.DefaultModelRegistry] Project : - Registering model element 'tasks.buildProperties' (hidden = false)
09:37:02.430 [DEBUG] [org.gradle.model.internal.registry.DefaultModelRegistry] Project : - Registering model element 'tasks.runScript' (hidden = false)
09:37:02.431 [DEBUG] [org.gradle.model.internal.registry.DefaultModelRegistry] Project : - Registering model element 'tasks.runCommand' (hidden = false)
09:37:02.432 [DEBUG] [org.gradle.model.internal.registry.DefaultModelRegistry] Project : - Registering model element 'tasks.urlMappingsReport' (hidden = false)
09:37:02.434 [INFO] [io.spring.gradle.dependencymanagement.internal.DependencyManagementApplier] Applying dependency management to configuration 'assets' in project 'fakeyelp'
09:37:02.435 [DEBUG] [org.gradle.model.internal.registry.DefaultModelRegistry] Project : - Registering model element 'tasks.assetCompile' (hidden = false)
09:37:02.435 [DEBUG] [org.gradle.model.internal.registry.DefaultModelRegistry] Project : - Registering model element 'tasks.assetPluginPackage' (hidden = false)
09:37:02.436 [DEBUG] [org.gradle.model.internal.registry.DefaultModelRegistry] Project : - Registering model element 'tasks.assetClean' (hidden = false)
09:37:02.437 [INFO] [io.spring.gradle.dependencymanagement.internal.DependencyManagementApplier] Applying dependency management to configuration 'gspCompile' in project 'fakeyelp'
09:37:02.438 [DEBUG] [org.gradle.model.internal.registry.DefaultModelRegistry] Project : - Registering model element 'tasks.compileGroovyPages' (hidden = false)
09:37:02.438 [DEBUG] [org.gradle.model.internal.registry.DefaultModelRegistry] Project : - Registering model element 'tasks.compileWebappGroovyPages' (hidden = false)
09:37:02.439 [DEBUG] [org.gradle.api.internal.artifacts.mvnsettings.DefaultLocalMavenRepositoryLocator] No local repository in Settings file defined. Using default path: /Users/michaelmennis/.m2/repository
09:37:02.441 [DEBUG] [org.gradle.configuration.project.BuildScriptProcessor] Timing: Running the build script took 0.664 secs
09:37:02.442 [INFO] [org.gradle.api.Project] Configuring agent
09:37:02.442 [DEBUG] [org.gradle.api.Project] Agent: null
09:37:02.444 [DEBUG] [org.gradle.api.internal.artifacts.ivyservice.resolveengine.DefaultArtifactDependencyResolver] Resolving configuration ':agent'
09:37:02.444 [DEBUG] [org.gradle.api.internal.artifacts.ivyservice.ivyresolve.memcache.InMemoryCachedRepositoryFactory] Reusing in-memory cache for repo 'MavenLocal' [7d5236b1643586c7776714a6deab182].
09:37:02.445 [DEBUG] [org.gradle.internal.resource.transport.http.JavaSystemPropertiesProxySettings] Found java system property 'http.nonProxyHosts': local|*.local|169.254/16|*.169.254/16. Will ignore proxy settings for these hosts.
09:37:02.445 [DEBUG] [org.gradle.api.internal.artifacts.ivyservice.ivyresolve.memcache.InMemoryCachedRepositoryFactory] Reusing in-memory cache for repo 'maven' [a084cad2441d39086e90f182aad939c2].
09:37:02.445 [DEBUG] [org.gradle.internal.resource.transport.http.JavaSystemPropertiesProxySettings] Found java system property 'http.nonProxyHosts': local|*.local|169.254/16|*.169.254/16. Will ignore proxy settings for these hosts.
09:37:02.445 [DEBUG] [org.gradle.api.internal.artifacts.ivyservice.ivyresolve.memcache.InMemoryCachedRepositoryFactory] Creating new in-memory cache for repo 'maven2' [26f256bc2a7294bafb250fda8cb4301f].
09:37:02.445 [DEBUG] [org.gradle.internal.resource.transport.http.JavaSystemPropertiesProxySettings] Found java system property 'http.nonProxyHosts': local|*.local|169.254/16|*.169.254/16. Will ignore proxy settings for these hosts.
09:37:02.445 [DEBUG] [org.gradle.api.internal.artifacts.ivyservice.ivyresolve.memcache.InMemoryCachedRepositoryFactory] Creating new in-memory cache for repo 'maven3' [7b8cf9f181d18eb27a2a8240a77dc3d].
09:37:02.446 [DEBUG] [org.gradle.api.internal.artifacts.ivyservice.resolveengine.graph.DependencyGraphBuilder] Visiting configuration fakeyelp:fakeyelp:0.1(agent).
09:37:02.446 [DEBUG] [org.gradle.api.internal.artifacts.ivyservice.resolveengine.graph.DependencyGraphBuilder] Visiting dependency fakeyelp:fakeyelp:0.1(agent) -> dependency: org.springframework:springloaded: from-conf: agent to-conf: null
09:37:02.447 [DEBUG] [io.spring.gradle.dependencymanagement.internal.VersionConfiguringAction] Processing dependency 'org.springframework:springloaded:'
09:37:02.447 [INFO] [io.spring.gradle.dependencymanagement.internal.DependencyManagement] Resolving dependency management for configuration 'agent' of project 'fakeyelp'
09:37:02.447 [DEBUG] [io.spring.gradle.dependencymanagement.internal.DependencyManagement] Preserving existing versions: {}
09:37:02.447 [INFO] [io.spring.gradle.dependencymanagement.internal.DependencyManagement] Resolving global dependency management for project 'fakeyelp'
09:37:02.448 [DEBUG] [io.spring.gradle.dependencymanagement.internal.DependencyManagement] Preserving existing versions: {}
09:37:02.448 [DEBUG] [org.gradle.api.internal.artifacts.ivyservice.resolveengine.DefaultArtifactDependencyResolver] Resolving configuration 'detachedConfiguration2'
09:37:02.448 [DEBUG] [org.gradle.api.internal.artifacts.ivyservice.ivyresolve.memcache.InMemoryCachedRepositoryFactory] Reusing in-memory cache for repo 'MavenLocal' [7d5236b1643586c7776714a6deab182].
09:37:02.448 [DEBUG] [org.gradle.internal.resource.transport.http.JavaSystemPropertiesProxySettings] Found java system property 'http.nonProxyHosts': local|*.local|169.254/16|*.169.254/16. Will ignore proxy settings for these hosts.
09:37:02.448 [DEBUG] [org.gradle.api.internal.artifacts.ivyservice.ivyresolve.memcache.InMemoryCachedRepositoryFactory] Reusing in-memory cache for repo 'maven' [a084cad2441d39086e90f182aad939c2].
09:37:02.448 [DEBUG] [org.gradle.internal.resource.transport.http.JavaSystemPropertiesProxySettings] Found java system property 'http.nonProxyHosts': local|*.local|169.254/16|*.169.254/16. Will ignore proxy settings for these hosts.
09:37:02.449 [DEBUG] [org.gradle.api.internal.artifacts.ivyservice.ivyresolve.memcache.InMemoryCachedRepositoryFactory] Reusing in-memory cache for repo 'maven2' [26f256bc2a7294bafb250fda8cb4301f].
09:37:02.449 [DEBUG] [org.gradle.internal.resource.transport.http.JavaSystemPropertiesProxySettings] Found java system property 'http.nonProxyHosts': local|*.local|169.254/16|*.169.254/16. Will ignore proxy settings for these hosts.
09:37:02.449 [DEBUG] [org.gradle.api.internal.artifacts.ivyservice.ivyresolve.memcache.InMemoryCachedRepositoryFactory] Reusing in-memory cache for repo 'maven3' [7b8cf9f181d18eb27a2a8240a77dc3d].
09:37:02.449 [DEBUG] [org.gradle.api.internal.artifacts.ivyservice.resolveengine.graph.DependencyGraphBuilder] Visiting configuration fakeyelp:fakeyelp:0.1(detachedConfiguration2).
09:37:02.449 [DEBUG] [org.gradle.api.internal.artifacts.ivyservice.resolveengine.graph.DependencyGraphBuilder] Visiting dependency fakeyelp:fakeyelp:0.1(detachedConfiguration2) -> dependency: org.springframework.boot:spring-boot-starter-parent:1.5.4.RELEASE from-conf: detachedConfiguration2 to-conf: null
09:37:02.449 [DEBUG] [org.gradle.api.internal.artifacts.ivyservice.resolveengine.graph.DependencyGraphBuilder] Selecting new module version org.springframework.boot:spring-boot-starter-parent:1.5.4.RELEASE
09:37:02.449 [DEBUG] [org.gradle.api.internal.artifacts.ivyservice.ivyresolve.RepositoryChainComponentMetaDataResolver] Attempting to resolve component for org.springframework.boot:spring-boot-starter-parent:1.5.4.RELEASE using repositories [MavenLocal, maven, maven2, maven3]
09:37:02.449 [DEBUG] [org.gradle.api.internal.artifacts.repositories.resolver.DefaultExternalResourceArtifactResolver] Loading file:/Users/michaelmennis/.m2/repository/org/springframework/boot/spring-boot-starter-parent/1.5.4.RELEASE/spring-boot-starter-parent-1.5.4.RELEASE.pom
09:37:02.449 [DEBUG] [org.gradle.api.internal.artifacts.repositories.resolver.DefaultExternalResourceArtifactResolver] Loading file:/Users/michaelmennis/.m2/repository/org/springframework/boot/spring-boot-starter-parent/1.5.4.RELEASE/spring-boot-starter-parent-1.5.4.RELEASE.pom
09:37:02.449 [DEBUG] [org.gradle.api.internal.artifacts.repositories.resolver.ExternalResourceResolver] No meta-data file or artifact found for module 'org.springframework.boot:spring-boot-starter-parent:1.5.4.RELEASE' in repository 'MavenLocal'.
09:37:02.450 [DEBUG] [org.gradle.api.internal.artifacts.ivyservice.ivyresolve.CachingModuleComponentRepository] Using cached module metadata for module 'org.springframework.boot:spring-boot-starter-parent:1.5.4.RELEASE' in 'maven'
09:37:02.450 [DEBUG] [org.gradle.api.internal.artifacts.ivyservice.ivyresolve.RepositoryChainComponentMetaDataResolver] Using org.springframework.boot:spring-boot-starter-parent:1.5.4.RELEASE from Maven repository 'maven'
09:37:02.450 [DEBUG] [org.gradle.api.internal.artifacts.ivyservice.resolveengine.graph.DependencyGraphBuilder] Visiting dependency fakeyelp:fakeyelp:0.1(detachedConfiguration2) -> dependency: org.grails:grails-bom:3.3.0 from-conf: detachedConfiguration2 to-conf: null
09:37:02.450 [DEBUG] [org.gradle.api.internal.artifacts.ivyservice.resolveengine.graph.DependencyGraphBuilder] Selecting new module version org.grails:grails-bom:3.3.0
09:37:02.450 [DEBUG] [org.gradle.api.internal.artifacts.ivyservice.ivyresolve.RepositoryChainComponentMetaDataResolver] Attempting to resolve component for org.grails:grails-bom:3.3.0 using repositories [MavenLocal, maven, maven2, maven3]
09:37:02.450 [DEBUG] [org.gradle.api.internal.artifacts.repositories.resolver.DefaultExternalResourceArtifactResolver] Loading file:/Users/michaelmennis/.m2/repository/org/grails/grails-bom/3.3.0/grails-bom-3.3.0.pom
09:37:02.451 [DEBUG] [org.gradle.api.internal.artifacts.repositories.resolver.ExternalResourceResolver] Metadata file found for module 'org.grails:grails-bom:3.3.0' in repository 'MavenLocal'.
09:37:02.451 [DEBUG] [org.gradle.api.internal.artifacts.ivyservice.ivyresolve.RepositoryChainComponentMetaDataResolver] Using org.grails:grails-bom:3.3.0 from Maven repository 'MavenLocal'
09:37:02.451 [DEBUG] [org.gradle.api.internal.artifacts.ivyservice.resolveengine.graph.DependencyGraphBuilder] Visiting configuration org.springframework.boot:spring-boot-starter-parent:1.5.4.RELEASE(default).
09:37:02.451 [DEBUG] [org.gradle.api.internal.artifacts.ivyservice.resolveengine.graph.DependencyGraphBuilder] org.springframework.boot:spring-boot-starter-parent:1.5.4.RELEASE(default) has no transitive incoming edges. ignoring outgoing edges.
09:37:02.451 [DEBUG] [org.gradle.api.internal.artifacts.ivyservice.resolveengine.graph.DependencyGraphBuilder] Visiting configuration org.grails:grails-bom:3.3.0(default).
09:37:02.451 [DEBUG] [org.gradle.api.internal.artifacts.ivyservice.resolveengine.graph.DependencyGraphBuilder] org.grails:grails-bom:3.3.0(default) has no transitive incoming edges. ignoring outgoing edges.
09:37:02.451 [DEBUG] [org.gradle.api.internal.artifacts.ivyservice.resolveengine.oldresult.TransientConfigurationResultsBuilder] Flushing resolved configuration data in Binary store in /private/var/folders/lg/10pd_zzs6lbgkq_mxt9hnq_40000gp/T/gradle4923067349366106501.bin. Wrote root 2.
09:37:02.452 [DEBUG] [org.gradle.api.internal.artifacts.ivyservice.ivyresolve.CachingModuleComponentRepository] Found artifact 'spring-boot-starter-parent.pom (org.springframework.boot:spring-boot-starter-parent:1.5.4.RELEASE)' in resolver cache: /Users/michaelmennis/.gradle/caches/modules-2/files-2.1/org.springframework.boot/spring-boot-starter-parent/1.5.4.RELEASE/5fb893410962e564a3854064a5048d75fcf02765/spring-boot-starter-parent-1.5.4.RELEASE.pom
09:37:02.453 [DEBUG] [org.gradle.api.internal.artifacts.ivyservice.resolveengine.DefaultArtifactDependencyResolver] Resolving configuration 'detachedConfiguration3'
09:37:02.453 [DEBUG] [org.gradle.api.internal.artifacts.ivyservice.ivyresolve.memcache.InMemoryCachedRepositoryFactory] Reusing in-memory cache for repo 'MavenLocal' [7d5236b1643586c7776714a6deab182].
09:37:02.453 [DEBUG] [org.gradle.internal.resource.transport.http.JavaSystemPropertiesProxySettings] Found java system property 'http.nonProxyHosts': local|*.local|169.254/16|*.169.254/16. Will ignore proxy settings for these hosts.
09:37:02.453 [DEBUG] [org.gradle.api.internal.artifacts.ivyservice.ivyresolve.memcache.InMemoryCachedRepositoryFactory] Reusing in-memory cache for repo 'maven' [a084cad2441d39086e90f182aad939c2].
09:37:02.454 [DEBUG] [org.gradle.internal.resource.transport.http.JavaSystemPropertiesProxySettings] Found java system property 'http.nonProxyHosts': local|*.local|169.254/16|*.169.254/16. Will ignore proxy settings for these hosts.
09:37:02.454 [DEBUG] [org.gradle.api.internal.artifacts.ivyservice.ivyresolve.memcache.InMemoryCachedRepositoryFactory] Reusing in-memory cache for repo 'maven2' [26f256bc2a7294bafb250fda8cb4301f].
09:37:02.454 [DEBUG] [org.gradle.internal.resource.transport.http.JavaSystemPropertiesProxySettings] Found java system property 'http.nonProxyHosts': local|*.local|169.254/16|*.169.254/16. Will ignore proxy settings for these hosts.
09:37:02.454 [DEBUG] [org.gradle.api.internal.artifacts.ivyservice.ivyresolve.memcache.InMemoryCachedRepositoryFactory] Reusing in-memory cache for repo 'maven3' [7b8cf9f181d18eb27a2a8240a77dc3d].
09:37:02.454 [DEBUG] [org.gradle.api.internal.artifacts.ivyservice.resolveengine.graph.DependencyGraphBuilder] Visiting configuration fakeyelp:fakeyelp:0.1(detachedConfiguration3).
09:37:02.454 [DEBUG] [org.gradle.api.internal.artifacts.ivyservice.resolveengine.graph.DependencyGraphBuilder] Visiting dependency fakeyelp:fakeyelp:0.1(detachedConfiguration3) -> dependency: org.springframework.boot:spring-boot-dependencies:1.5.4.RELEASE from-conf: detachedConfiguration3 to-conf: null
09:37:02.454 [DEBUG] [org.gradle.api.internal.artifacts.ivyservice.resolveengine.graph.DependencyGraphBuilder] Selecting new module version org.springframework.boot:spring-boot-dependencies:1.5.4.RELEASE
09:37:02.454 [DEBUG] [org.gradle.api.internal.artifacts.ivyservice.ivyresolve.RepositoryChainComponentMetaDataResolver] Attempting to resolve component for org.springframework.boot:spring-boot-dependencies:1.5.4.RELEASE using repositories [MavenLocal, maven, maven2, maven3]
09:37:02.454 [DEBUG] [org.gradle.api.internal.artifacts.repositories.resolver.DefaultExternalResourceArtifactResolver] Loading file:/Users/michaelmennis/.m2/repository/org/springframework/boot/spring-boot-dependencies/1.5.4.RELEASE/spring-boot-dependencies-1.5.4.RELEASE.pom
09:37:02.454 [DEBUG] [org.gradle.api.internal.artifacts.repositories.resolver.DefaultExternalResourceArtifactResolver] Loading file:/Users/michaelmennis/.m2/repository/org/springframework/boot/spring-boot-dependencies/1.5.4.RELEASE/spring-boot-dependencies-1.5.4.RELEASE.pom
09:37:02.454 [DEBUG] [org.gradle.api.internal.artifacts.repositories.resolver.ExternalResourceResolver] No meta-data file or artifact found for module 'org.springframework.boot:spring-boot-dependencies:1.5.4.RELEASE' in repository 'MavenLocal'.
09:37:02.454 [DEBUG] [org.gradle.api.internal.artifacts.ivyservice.ivyresolve.CachingModuleComponentRepository] Using cached module metadata for module 'org.springframework.boot:spring-boot-dependencies:1.5.4.RELEASE' in 'maven'
09:37:02.455 [DEBUG] [org.gradle.api.internal.artifacts.ivyservice.ivyresolve.RepositoryChainComponentMetaDataResolver] Using org.springframework.boot:spring-boot-dependencies:1.5.4.RELEASE from Maven repository 'maven'
09:37:02.455 [DEBUG] [org.gradle.api.internal.artifacts.ivyservice.resolveengine.graph.DependencyGraphBuilder] Visiting configuration org.springframework.boot:spring-boot-dependencies:1.5.4.RELEASE(default).
09:37:02.455 [DEBUG] [org.gradle.api.internal.artifacts.ivyservice.resolveengine.graph.DependencyGraphBuilder] org.springframework.boot:spring-boot-dependencies:1.5.4.RELEASE(default) has no transitive incoming edges. ignoring outgoing edges.
09:37:02.455 [DEBUG] [org.gradle.api.internal.artifacts.ivyservice.resolveengine.oldresult.TransientConfigurationResultsBuilder] Flushing resolved configuration data in Binary store in /private/var/folders/lg/10pd_zzs6lbgkq_mxt9hnq_40000gp/T/gradle4923067349366106501.bin. Wrote root 2.
09:37:02.456 [DEBUG] [org.gradle.api.internal.artifacts.ivyservice.ivyresolve.CachingModuleComponentRepository] Found artifact 'spring-boot-dependencies.pom (org.springframework.boot:spring-boot-dependencies:1.5.4.RELEASE)' in resolver cache: /Users/michaelmennis/.gradle/caches/modules-2/files-2.1/org.springframework.boot/spring-boot-dependencies/1.5.4.RELEASE/fb7d63f1cb60ca3e6990a029a7f17d45422772b9/spring-boot-dependencies-1.5.4.RELEASE.pom
09:37:02.462 [DEBUG] [org.gradle.api.internal.artifacts.ivyservice.resolveengine.DefaultArtifactDependencyResolver] Resolving configuration 'detachedConfiguration4'
09:37:02.462 [DEBUG] [org.gradle.api.internal.artifacts.ivyservice.ivyresolve.memcache.InMemoryCachedRepositoryFactory] Reusing in-memory cache for repo 'MavenLocal' [7d5236b1643586c7776714a6deab182].
09:37:02.463 [DEBUG] [org.gradle.internal.resource.transport.http.JavaSystemPropertiesProxySettings] Found java system property 'http.nonProxyHosts': local|*.local|169.254/16|*.169.254/16. Will ignore proxy settings for these hosts.
09:37:02.463 [DEBUG] [org.gradle.api.internal.artifacts.ivyservice.ivyresolve.memcache.InMemoryCachedRepositoryFactory] Reusing in-memory cache for repo 'maven' [a084cad2441d39086e90f182aad939c2].
09:37:02.463 [DEBUG] [org.gradle.internal.resource.transport.http.JavaSystemPropertiesProxySettings] Found java system property 'http.nonProxyHosts': local|*.local|169.254/16|*.169.254/16. Will ignore proxy settings for these hosts.
09:37:02.463 [DEBUG] [org.gradle.api.internal.artifacts.ivyservice.ivyresolve.memcache.InMemoryCachedRepositoryFactory] Reusing in-memory cache for repo 'maven2' [26f256bc2a7294bafb250fda8cb4301f].
09:37:02.463 [DEBUG] [org.gradle.internal.resource.transport.http.JavaSystemPropertiesProxySettings] Found java system property 'http.nonProxyHosts': local|*.local|169.254/16|*.169.254/16. Will ignore proxy settings for these hosts.
09:37:02.464 [DEBUG] [org.gradle.api.internal.artifacts.ivyservice.ivyresolve.memcache.InMemoryCachedRepositoryFactory] Reusing in-memory cache for repo 'maven3' [7b8cf9f181d18eb27a2a8240a77dc3d].
09:37:02.464 [DEBUG] [org.gradle.api.internal.artifacts.ivyservice.resolveengine.graph.DependencyGraphBuilder] Visiting configuration fakeyelp:fakeyelp:0.1(detachedConfiguration4).
09:37:02.464 [DEBUG] [org.gradle.api.internal.artifacts.ivyservice.resolveengine.graph.DependencyGraphBuilder] Visiting dependency fakeyelp:fakeyelp:0.1(detachedConfiguration4) -> dependency: com.fasterxml.jackson:jackson-bom:2.8.8 from-conf: detachedConfiguration4 to-conf: null
09:37:02.464 [DEBUG] [org.gradle.api.internal.artifacts.ivyservice.resolveengine.graph.DependencyGraphBuilder] Selecting new module version com.fasterxml.jackson:jackson-bom:2.8.8
09:37:02.465 [DEBUG] [org.gradle.api.internal.artifacts.ivyservice.ivyresolve.RepositoryChainComponentMetaDataResolver] Attempting to resolve component for com.fasterxml.jackson:jackson-bom:2.8.8 using repositories [MavenLocal, maven, maven2, maven3]
09:37:02.465 [DEBUG] [org.gradle.api.internal.artifacts.repositories.resolver.DefaultExternalResourceArtifactResolver] Loading file:/Users/michaelmennis/.m2/repository/com/fasterxml/jackson/jackson-bom/2.8.8/jackson-bom-2.8.8.pom
09:37:02.465 [DEBUG] [org.gradle.api.internal.artifacts.repositories.resolver.DefaultExternalResourceArtifactResolver] Loading file:/Users/michaelmennis/.m2/repository/com/fasterxml/jackson/jackson-bom/2.8.8/jackson-bom-2.8.8.pom
09:37:02.465 [DEBUG] [org.gradle.api.internal.artifacts.repositories.resolver.ExternalResourceResolver] No meta-data file or artifact found for module 'com.fasterxml.jackson:jackson-bom:2.8.8' in repository 'MavenLocal'.
09:37:02.465 [DEBUG] [org.gradle.api.internal.artifacts.ivyservice.ivyresolve.CachingModuleComponentRepository] Using cached module metadata for module 'com.fasterxml.jackson:jackson-bom:2.8.8' in 'maven'
09:37:02.465 [DEBUG] [org.gradle.api.internal.artifacts.ivyservice.ivyresolve.RepositoryChainComponentMetaDataResolver] Using com.fasterxml.jackson:jackson-bom:2.8.8 from Maven repository 'maven'
09:37:02.466 [DEBUG] [org.gradle.api.internal.artifacts.ivyservice.resolveengine.graph.DependencyGraphBuilder] Visiting configuration com.fasterxml.jackson:jackson-bom:2.8.8(default).
09:37:02.466 [DEBUG] [org.gradle.api.internal.artifacts.ivyservice.resolveengine.graph.DependencyGraphBuilder] com.fasterxml.jackson:jackson-bom:2.8.8(default) has no transitive incoming edges. ignoring outgoing edges.
09:37:02.466 [DEBUG] [org.gradle.api.internal.artifacts.ivyservice.resolveengine.oldresult.TransientConfigurationResultsBuilder] Flushing resolved configuration data in Binary store in /private/var/folders/lg/10pd_zzs6lbgkq_mxt9hnq_40000gp/T/gradle4923067349366106501.bin. Wrote root 2.
09:37:02.466 [DEBUG] [org.gradle.api.internal.artifacts.ivyservice.ivyresolve.CachingModuleComponentRepository] Found artifact 'jackson-bom.pom (com.fasterxml.jackson:jackson-bom:2.8.8)' in resolver cache: /Users/michaelmennis/.gradle/caches/modules-2/files-2.1/com.fasterxml.jackson/jackson-bom/2.8.8/b346d9477a495d995f2d56b827265ee036474add/jackson-bom-2.8.8.pom
09:37:02.468 [DEBUG] [org.gradle.api.internal.artifacts.ivyservice.resolveengine.DefaultArtifactDependencyResolver] Resolving configuration 'detachedConfiguration5'
09:37:02.468 [DEBUG] [org.gradle.api.internal.artifacts.ivyservice.ivyresolve.memcache.InMemoryCachedRepositoryFactory] Reusing in-memory cache for repo 'MavenLocal' [7d5236b1643586c7776714a6deab182].
09:37:02.468 [DEBUG] [org.gradle.internal.resource.transport.http.JavaSystemPropertiesProxySettings] Found java system property 'http.nonProxyHosts': local|*.local|169.254/16|*.169.254/16. Will ignore proxy settings for these hosts.
09:37:02.468 [DEBUG] [org.gradle.api.internal.artifacts.ivyservice.ivyresolve.memcache.InMemoryCachedRepositoryFactory] Reusing in-memory cache for repo 'maven' [a084cad2441d39086e90f182aad939c2].
09:37:02.468 [DEBUG] [org.gradle.internal.resource.transport.http.JavaSystemPropertiesProxySettings] Found java system property 'http.nonProxyHosts': local|*.local|169.254/16|*.169.254/16. Will ignore proxy settings for these hosts.
09:37:02.469 [DEBUG] [org.gradle.api.internal.artifacts.ivyservice.ivyresolve.memcache.InMemoryCachedRepositoryFactory] Reusing in-memory cache for repo 'maven2' [26f256bc2a7294bafb250fda8cb4301f].
09:37:02.469 [DEBUG] [org.gradle.internal.resource.transport.http.JavaSystemPropertiesProxySettings] Found java system property 'http.nonProxyHosts': local|*.local|169.254/16|*.169.254/16. Will ignore proxy settings for these hosts.
09:37:02.469 [DEBUG] [org.gradle.api.internal.artifacts.ivyservice.ivyresolve.memcache.InMemoryCachedRepositoryFactory] Reusing in-memory cache for repo 'maven3' [7b8cf9f181d18eb27a2a8240a77dc3d].
09:37:02.469 [DEBUG] [org.gradle.api.internal.artifacts.ivyservice.resolveengine.graph.DependencyGraphBuilder] Visiting configuration fakeyelp:fakeyelp:0.1(detachedConfiguration5).
09:37:02.469 [DEBUG] [org.gradle.api.internal.artifacts.ivyservice.resolveengine.graph.DependencyGraphBuilder] Visiting dependency fakeyelp:fakeyelp:0.1(detachedConfiguration5) -> dependency: com.fasterxml.jackson:jackson-parent:2.8 from-conf: detachedConfiguration5 to-conf: null
09:37:02.469 [DEBUG] [org.gradle.api.internal.artifacts.ivyservice.resolveengine.graph.DependencyGraphBuilder] Selecting new module version com.fasterxml.jackson:jackson-parent:2.8
09:37:02.469 [DEBUG] [org.gradle.api.internal.artifacts.ivyservice.ivyresolve.RepositoryChainComponentMetaDataResolver] Attempting to resolve component for com.fasterxml.jackson:jackson-parent:2.8 using repositories [MavenLocal, maven, maven2, maven3]
09:37:02.469 [DEBUG] [org.gradle.api.internal.artifacts.repositories.resolver.DefaultExternalResourceArtifactResolver] Loading file:/Users/michaelmennis/.m2/repository/com/fasterxml/jackson/jackson-parent/2.8/jackson-parent-2.8.pom
09:37:02.469 [DEBUG] [org.gradle.api.internal.artifacts.repositories.resolver.DefaultExternalResourceArtifactResolver] Loading file:/Users/michaelmennis/.m2/repository/com/fasterxml/jackson/jackson-parent/2.8/jackson-parent-2.8.pom
09:37:02.469 [DEBUG] [org.gradle.api.internal.artifacts.repositories.resolver.ExternalResourceResolver] No meta-data file or artifact found for module 'com.fasterxml.jackson:jackson-parent:2.8' in repository 'MavenLocal'.
09:37:02.470 [DEBUG] [org.gradle.api.internal.artifacts.ivyservice.ivyresolve.CachingModuleComponentRepository] Using cached module metadata for module 'com.fasterxml.jackson:jackson-parent:2.8' in 'maven'
09:37:02.470 [DEBUG] [org.gradle.api.internal.artifacts.ivyservice.ivyresolve.RepositoryChainComponentMetaDataResolver] Using com.fasterxml.jackson:jackson-parent:2.8 from Maven repository 'maven'
09:37:02.470 [DEBUG] [org.gradle.api.internal.artifacts.ivyservice.resolveengine.graph.DependencyGraphBuilder] Visiting configuration com.fasterxml.jackson:jackson-parent:2.8(default).
09:37:02.470 [DEBUG] [org.gradle.api.internal.artifacts.ivyservice.resolveengine.graph.DependencyGraphBuilder] com.fasterxml.jackson:jackson-parent:2.8(default) has no transitive incoming edges. ignoring outgoing edges.
09:37:02.470 [DEBUG] [org.gradle.api.internal.artifacts.ivyservice.resolveengine.oldresult.TransientConfigurationResultsBuilder] Flushing resolved configuration data in Binary store in /private/var/folders/lg/10pd_zzs6lbgkq_mxt9hnq_40000gp/T/gradle4923067349366106501.bin. Wrote root 2.
09:37:02.470 [DEBUG] [org.gradle.api.internal.artifacts.ivyservice.ivyresolve.CachingModuleComponentRepository] Found artifact 'jackson-parent.pom (com.fasterxml.jackson:jackson-parent:2.8)' in resolver cache: /Users/michaelmennis/.gradle/caches/modules-2/files-2.1/com.fasterxml.jackson/jackson-parent/2.8/d020f5b079a7c1608b08f4f9bd76f73cb9b3a1be/jackson-parent-2.8.pom
09:37:02.471 [DEBUG] [org.gradle.api.internal.artifacts.ivyservice.resolveengine.DefaultArtifactDependencyResolver] Resolving configuration 'detachedConfiguration6'
09:37:02.472 [DEBUG] [org.gradle.api.internal.artifacts.ivyservice.ivyresolve.memcache.InMemoryCachedRepositoryFactory] Reusing in-memory cache for repo 'MavenLocal' [7d5236b1643586c7776714a6deab182].
09:37:02.472 [DEBUG] [org.gradle.internal.resource.transport.http.JavaSystemPropertiesProxySettings] Found java system property 'http.nonProxyHosts': local|*.local|169.254/16|*.169.254/16. Will ignore proxy settings for these hosts.
09:37:02.472 [DEBUG] [org.gradle.api.internal.artifacts.ivyservice.ivyresolve.memcache.InMemoryCachedRepositoryFactory] Reusing in-memory cache for repo 'maven' [a084cad2441d39086e90f182aad939c2].
09:37:02.472 [DEBUG] [org.gradle.internal.resource.transport.http.JavaSystemPropertiesProxySettings] Found java system property 'http.nonProxyHosts': local|*.local|169.254/16|*.169.254/16. Will ignore proxy settings for these hosts.
09:37:02.472 [DEBUG] [org.gradle.api.internal.artifacts.ivyservice.ivyresolve.memcache.InMemoryCachedRepositoryFactory] Reusing in-memory cache for repo 'maven2' [26f256bc2a7294bafb250fda8cb4301f].
09:37:02.473 [DEBUG] [org.gradle.internal.resource.transport.http.JavaSystemPropertiesProxySettings] Found java system property 'http.nonProxyHosts': local|*.local|169.254/16|*.169.254/16. Will ignore proxy settings for these hosts.
09:37:02.473 [DEBUG] [org.gradle.api.internal.artifacts.ivyservice.ivyresolve.memcache.InMemoryCachedRepositoryFactory] Reusing in-memory cache for repo 'maven3' [7b8cf9f181d18eb27a2a8240a77dc3d].
09:37:02.473 [DEBUG] [org.gradle.api.internal.artifacts.ivyservice.resolveengine.graph.DependencyGraphBuilder] Visiting configuration fakeyelp:fakeyelp:0.1(detachedConfiguration6).
09:37:02.473 [DEBUG] [org.gradle.api.internal.artifacts.ivyservice.resolveengine.graph.DependencyGraphBuilder] Visiting dependency fakeyelp:fakeyelp:0.1(detachedConfiguration6) -> dependency: com.fasterxml:oss-parent:27 from-conf: detachedConfiguration6 to-conf: null
09:37:02.473 [DEBUG] [org.gradle.api.internal.artifacts.ivyservice.resolveengine.graph.DependencyGraphBuilder] Selecting new module version com.fasterxml:oss-parent:27
09:37:02.473 [DEBUG] [org.gradle.api.internal.artifacts.ivyservice.ivyresolve.RepositoryChainComponentMetaDataResolver] Attempting to resolve component for com.fasterxml:oss-parent:27 using repositories [MavenLocal, maven, maven2, maven3]
09:37:02.473 [DEBUG] [org.gradle.api.internal.artifacts.repositories.resolver.DefaultExternalResourceArtifactResolver] Loading file:/Users/michaelmennis/.m2/repository/com/fasterxml/oss-parent/27/oss-parent-27.pom
09:37:02.473 [DEBUG] [org.gradle.api.internal.artifacts.repositories.resolver.DefaultExternalResourceArtifactResolver] Loading file:/Users/michaelmennis/.m2/repository/com/fasterxml/oss-parent/27/oss-parent-27.pom
09:37:02.473 [DEBUG] [org.gradle.api.internal.artifacts.repositories.resolver.ExternalResourceResolver] No meta-data file or artifact found for module 'com.fasterxml:oss-parent:27' in repository 'MavenLocal'.
09:37:02.474 [DEBUG] [org.gradle.api.internal.artifacts.ivyservice.ivyresolve.CachingModuleComponentRepository] Using cached module metadata for module 'com.fasterxml:oss-parent:27' in 'maven'
09:37:02.474 [DEBUG] [org.gradle.api.internal.artifacts.ivyservice.ivyresolve.RepositoryChainComponentMetaDataResolver] Using com.fasterxml:oss-parent:27 from Maven repository 'maven'
09:37:02.474 [DEBUG] [org.gradle.api.internal.artifacts.ivyservice.resolveengine.graph.DependencyGraphBuilder] Visiting configuration com.fasterxml:oss-parent:27(default).
09:37:02.474 [DEBUG] [org.gradle.api.internal.artifacts.ivyservice.resolveengine.graph.DependencyGraphBuilder] com.fasterxml:oss-parent:27(default) has no transitive incoming edges. ignoring outgoing edges.
09:37:02.474 [DEBUG] [org.gradle.api.internal.artifacts.ivyservice.resolveengine.oldresult.TransientConfigurationResultsBuilder] Flushing resolved configuration data in Binary store in /private/var/folders/lg/10pd_zzs6lbgkq_mxt9hnq_40000gp/T/gradle4923067349366106501.bin. Wrote root 2.
09:37:02.475 [DEBUG] [org.gradle.api.internal.artifacts.ivyservice.ivyresolve.CachingModuleComponentRepository] Found artifact 'oss-parent.pom (com.fasterxml:oss-parent:27)' in resolver cache: /Users/michaelmennis/.gradle/caches/modules-2/files-2.1/com.fasterxml/oss-parent/27/605378bdadfe9e432c56f1c390e6feec522f4022/oss-parent-27.pom
09:37:02.480 [DEBUG] [org.gradle.api.internal.artifacts.ivyservice.resolveengine.DefaultArtifactDependencyResolver] Resolving configuration 'detachedConfiguration7'
09:37:02.481 [DEBUG] [org.gradle.api.internal.artifacts.ivyservice.ivyresolve.memcache.InMemoryCachedRepositoryFactory] Reusing in-memory cache for repo 'MavenLocal' [7d5236b1643586c7776714a6deab182].
09:37:02.481 [DEBUG] [org.gradle.internal.resource.transport.http.JavaSystemPropertiesProxySettings] Found java system property 'http.nonProxyHosts': local|*.local|169.254/16|*.169.254/16. Will ignore proxy settings for these hosts.
09:37:02.481 [DEBUG] [org.gradle.api.internal.artifacts.ivyservice.ivyresolve.memcache.InMemoryCachedRepositoryFactory] Reusing in-memory cache for repo 'maven' [a084cad2441d39086e90f182aad939c2].
09:37:02.481 [DEBUG] [org.gradle.internal.resource.transport.http.JavaSystemPropertiesProxySettings] Found java system property 'http.nonProxyHosts': local|*.local|169.254/16|*.169.254/16. Will ignore proxy settings for these hosts.
09:37:02.481 [DEBUG] [org.gradle.api.internal.artifacts.ivyservice.ivyresolve.memcache.InMemoryCachedRepositoryFactory] Reusing in-memory cache for repo 'maven2' [26f256bc2a7294bafb250fda8cb4301f].
09:37:02.481 [DEBUG] [org.gradle.internal.resource.transport.http.JavaSystemPropertiesProxySettings] Found java system property 'http.nonProxyHosts': local|*.local|169.254/16|*.169.254/16. Will ignore proxy settings for these hosts.
09:37:02.481 [DEBUG] [org.gradle.api.internal.artifacts.ivyservice.ivyresolve.memcache.InMemoryCachedRepositoryFactory] Reusing in-memory cache for repo 'maven3' [7b8cf9f181d18eb27a2a8240a77dc3d].
09:37:02.482 [DEBUG] [org.gradle.api.internal.artifacts.ivyservice.resolveengine.graph.DependencyGraphBuilder] Visiting configuration fakeyelp:fakeyelp:0.1(detachedConfiguration7).
09:37:02.482 [DEBUG] [org.gradle.api.internal.artifacts.ivyservice.resolveengine.graph.DependencyGraphBuilder] Visiting dependency fakeyelp:fakeyelp:0.1(detachedConfiguration7) -> dependency: org.apache.logging.log4j:log4j-bom:2.7 from-conf: detachedConfiguration7 to-conf: null
09:37:02.482 [DEBUG] [org.gradle.api.internal.artifacts.ivyservice.resolveengine.graph.DependencyGraphBuilder] Selecting new module version org.apache.logging.log4j:log4j-bom:2.7
09:37:02.482 [DEBUG] [org.gradle.api.internal.artifacts.ivyservice.ivyresolve.RepositoryChainComponentMetaDataResolver] Attempting to resolve component for org.apache.logging.log4j:log4j-bom:2.7 using repositories [MavenLocal, maven, maven2, maven3]
09:37:02.482 [DEBUG] [org.gradle.api.internal.artifacts.repositories.resolver.DefaultExternalResourceArtifactResolver] Loading file:/Users/michaelmennis/.m2/repository/org/apache/logging/log4j/log4j-bom/2.7/log4j-bom-2.7.pom
09:37:02.482 [DEBUG] [org.gradle.api.internal.artifacts.repositories.resolver.DefaultExternalResourceArtifactResolver] Loading file:/Users/michaelmennis/.m2/repository/org/apache/logging/log4j/log4j-bom/2.7/log4j-bom-2.7.pom
09:37:02.482 [DEBUG] [org.gradle.api.internal.artifacts.repositories.resolver.ExternalResourceResolver] No meta-data file or artifact found for module 'org.apache.logging.log4j:log4j-bom:2.7' in repository 'MavenLocal'.
09:37:02.483 [DEBUG] [org.gradle.api.internal.artifacts.ivyservice.ivyresolve.CachingModuleComponentRepository] Using cached module metadata for module 'org.apache.logging.log4j:log4j-bom:2.7' in 'maven'
09:37:02.483 [DEBUG] [org.gradle.api.internal.artifacts.ivyservice.ivyresolve.RepositoryChainComponentMetaDataResolver] Using org.apache.logging.log4j:log4j-bom:2.7 from Maven repository 'maven'
09:37:02.483 [DEBUG] [org.gradle.api.internal.artifacts.ivyservice.resolveengine.graph.DependencyGraphBuilder] Visiting configuration org.apache.logging.log4j:log4j-bom:2.7(default).
09:37:02.483 [DEBUG] [org.gradle.api.internal.artifacts.ivyservice.resolveengine.graph.DependencyGraphBuilder] org.apache.logging.log4j:log4j-bom:2.7(default) has no transitive incoming edges. ignoring outgoing edges.
09:37:02.483 [DEBUG] [org.gradle.api.internal.artifacts.ivyservice.resolveengine.oldresult.TransientConfigurationResultsBuilder] Flushing resolved configuration data in Binary store in /private/var/folders/lg/10pd_zzs6lbgkq_mxt9hnq_40000gp/T/gradle4923067349366106501.bin. Wrote root 2.
09:37:02.483 [DEBUG] [org.gradle.api.internal.artifacts.ivyservice.ivyresolve.CachingModuleComponentRepository] Found artifact 'log4j-bom.pom (org.apache.logging.log4j:log4j-bom:2.7)' in resolver cache: /Users/michaelmennis/.gradle/caches/modules-2/files-2.1/org.apache.logging.log4j/log4j-bom/2.7/3cb5745a896d50e860c2548203b1f501e814dce6/log4j-bom-2.7.pom
09:37:02.484 [DEBUG] [org.gradle.api.internal.artifacts.ivyservice.resolveengine.DefaultArtifactDependencyResolver] Resolving configuration 'detachedConfiguration8'
09:37:02.484 [DEBUG] [org.gradle.api.internal.artifacts.ivyservice.ivyresolve.memcache.InMemoryCachedRepositoryFactory] Reusing in-memory cache for repo 'MavenLocal' [7d5236b1643586c7776714a6deab182].
09:37:02.485 [DEBUG] [org.gradle.internal.resource.transport.http.JavaSystemPropertiesProxySettings] Found java system property 'http.nonProxyHosts': local|*.local|169.254/16|*.169.254/16. Will ignore proxy settings for these hosts.
09:37:02.485 [DEBUG] [org.gradle.api.internal.artifacts.ivyservice.ivyresolve.memcache.InMemoryCachedRepositoryFactory] Reusing in-memory cache for repo 'maven' [a084cad2441d39086e90f182aad939c2].
09:37:02.485 [DEBUG] [org.gradle.internal.resource.transport.http.JavaSystemPropertiesProxySettings] Found java system property 'http.nonProxyHosts': local|*.local|169.254/16|*.169.254/16. Will ignore proxy settings for these hosts.
09:37:02.485 [DEBUG] [org.gradle.api.internal.artifacts.ivyservice.ivyresolve.memcache.InMemoryCachedRepositoryFactory] Reusing in-memory cache for repo 'maven2' [26f256bc2a7294bafb250fda8cb4301f].
09:37:02.485 [DEBUG] [org.gradle.internal.resource.transport.http.JavaSystemPropertiesProxySettings] Found java system property 'http.nonProxyHosts': local|*.local|169.254/16|*.169.254/16. Will ignore proxy settings for these hosts.
09:37:02.485 [DEBUG] [org.gradle.api.internal.artifacts.ivyservice.ivyresolve.memcache.InMemoryCachedRepositoryFactory] Reusing in-memory cache for repo 'maven3' [7b8cf9f181d18eb27a2a8240a77dc3d].
09:37:02.485 [DEBUG] [org.gradle.api.internal.artifacts.ivyservice.resolveengine.graph.DependencyGraphBuilder] Visiting configuration fakeyelp:fakeyelp:0.1(detachedConfiguration8).
09:37:02.485 [DEBUG] [org.gradle.api.internal.artifacts.ivyservice.resolveengine.graph.DependencyGraphBuilder] Visiting dependency fakeyelp:fakeyelp:0.1(detachedConfiguration8) -> dependency: org.apache:apache:9 from-conf: detachedConfiguration8 to-conf: null
09:37:02.485 [DEBUG] [org.gradle.api.internal.artifacts.ivyservice.resolveengine.graph.DependencyGraphBuilder] Selecting new module version org.apache:apache:9
09:37:02.485 [DEBUG] [org.gradle.api.internal.artifacts.ivyservice.ivyresolve.RepositoryChainComponentMetaDataResolver] Attempting to resolve component for org.apache:apache:9 using repositories [MavenLocal, maven, maven2, maven3]
09:37:02.486 [DEBUG] [org.gradle.api.internal.artifacts.ivyservice.ivyresolve.RepositoryChainComponentMetaDataResolver] Using org.apache:apache:9 from Maven repository 'MavenLocal'
09:37:02.486 [DEBUG] [org.gradle.api.internal.artifacts.ivyservice.resolveengine.graph.DependencyGraphBuilder] Visiting configuration org.apache:apache:9(default).
09:37:02.486 [DEBUG] [org.gradle.api.internal.artifacts.ivyservice.resolveengine.graph.DependencyGraphBuilder] org.apache:apache:9(default) has no transitive incoming edges. ignoring outgoing edges.
09:37:02.486 [DEBUG] [org.gradle.api.internal.artifacts.ivyservice.resolveengine.oldresult.TransientConfigurationResultsBuilder] Flushing resolved configuration data in Binary store in /private/var/folders/lg/10pd_zzs6lbgkq_mxt9hnq_40000gp/T/gradle4923067349366106501.bin. Wrote root 2.
09:37:02.490 [DEBUG] [org.gradle.api.internal.artifacts.ivyservice.resolveengine.DefaultArtifactDependencyResolver] Resolving configuration 'detachedConfiguration9'
09:37:02.490 [DEBUG] [org.gradle.api.internal.artifacts.ivyservice.ivyresolve.memcache.InMemoryCachedRepositoryFactory] Reusing in-memory cache for repo 'MavenLocal' [7d5236b1643586c7776714a6deab182].
09:37:02.490 [DEBUG] [org.gradle.internal.resource.transport.http.JavaSystemPropertiesProxySettings] Found java system property 'http.nonProxyHosts': local|*.local|169.254/16|*.169.254/16. Will ignore proxy settings for these hosts.
09:37:02.490 [DEBUG] [org.gradle.api.internal.artifacts.ivyservice.ivyresolve.memcache.InMemoryCachedRepositoryFactory] Reusing in-memory cache for repo 'maven' [a084cad2441d39086e90f182aad939c2].
09:37:02.490 [DEBUG] [org.gradle.internal.resource.transport.http.JavaSystemPropertiesProxySettings] Found java system property 'http.nonProxyHosts': local|*.local|169.254/16|*.169.254/16. Will ignore proxy settings for these hosts.
09:37:02.490 [DEBUG] [org.gradle.api.internal.artifacts.ivyservice.ivyresolve.memcache.InMemoryCachedRepositoryFactory] Reusing in-memory cache for repo 'maven2' [26f256bc2a7294bafb250fda8cb4301f].
09:37:02.490 [DEBUG] [org.gradle.internal.resource.transport.http.JavaSystemPropertiesProxySettings] Found java system property 'http.nonProxyHosts': local|*.local|169.254/16|*.169.254/16. Will ignore proxy settings for these hosts.
09:37:02.490 [DEBUG] [org.gradle.api.internal.artifacts.ivyservice.ivyresolve.memcache.InMemoryCachedRepositoryFactory] Reusing in-memory cache for repo 'maven3' [7b8cf9f181d18eb27a2a8240a77dc3d].
09:37:02.490 [DEBUG] [org.gradle.api.internal.artifacts.ivyservice.resolveengine.graph.DependencyGraphBuilder] Visiting configuration fakeyelp:fakeyelp:0.1(detachedConfiguration9).
09:37:02.491 [DEBUG] [org.gradle.api.internal.artifacts.ivyservice.resolveengine.graph.DependencyGraphBuilder] Visiting dependency fakeyelp:fakeyelp:0.1(detachedConfiguration9) -> dependency: org.springframework:spring-framework-bom:4.3.9.RELEASE from-conf: detachedConfiguration9 to-conf: null
09:37:02.491 [DEBUG] [org.gradle.api.internal.artifacts.ivyservice.resolveengine.graph.DependencyGraphBuilder] Selecting new module version org.springframework:spring-framework-bom:4.3.9.RELEASE
09:37:02.491 [DEBUG] [org.gradle.api.internal.artifacts.ivyservice.ivyresolve.RepositoryChainComponentMetaDataResolver] Attempting to resolve component for org.springframework:spring-framework-bom:4.3.9.RELEASE using repositories [MavenLocal, maven, maven2, maven3]
09:37:02.491 [DEBUG] [org.gradle.api.internal.artifacts.repositories.resolver.DefaultExternalResourceArtifactResolver] Loading file:/Users/michaelmennis/.m2/repository/org/springframework/spring-framework-bom/4.3.9.RELEASE/spring-framework-bom-4.3.9.RELEASE.pom
09:37:02.491 [DEBUG] [org.gradle.api.internal.artifacts.repositories.resolver.DefaultExternalResourceArtifactResolver] Loading file:/Users/michaelmennis/.m2/repository/org/springframework/spring-framework-bom/4.3.9.RELEASE/spring-framework-bom-4.3.9.RELEASE.pom
09:37:02.491 [DEBUG] [org.gradle.api.internal.artifacts.repositories.resolver.ExternalResourceResolver] No meta-data file or artifact found for module 'org.springframework:spring-framework-bom:4.3.9.RELEASE' in repository 'MavenLocal'.
09:37:02.491 [DEBUG] [org.gradle.api.internal.artifacts.ivyservice.ivyresolve.CachingModuleComponentRepository] Using cached module metadata for module 'org.springframework:spring-framework-bom:4.3.9.RELEASE' in 'maven'
09:37:02.491 [DEBUG] [org.gradle.api.internal.artifacts.ivyservice.ivyresolve.RepositoryChainComponentMetaDataResolver] Using org.springframework:spring-framework-bom:4.3.9.RELEASE from Maven repository 'maven'
09:37:02.491 [DEBUG] [org.gradle.api.internal.artifacts.ivyservice.resolveengine.graph.DependencyGraphBuilder] Visiting configuration org.springframework:spring-framework-bom:4.3.9.RELEASE(default).
09:37:02.491 [DEBUG] [org.gradle.api.internal.artifacts.ivyservice.resolveengine.graph.DependencyGraphBuilder] org.springframework:spring-framework-bom:4.3.9.RELEASE(default) has no transitive incoming edges. ignoring outgoing edges.
09:37:02.491 [DEBUG] [org.gradle.api.internal.artifacts.ivyservice.resolveengine.oldresult.TransientConfigurationResultsBuilder] Flushing resolved configuration data in Binary store in /private/var/folders/lg/10pd_zzs6lbgkq_mxt9hnq_40000gp/T/gradle4923067349366106501.bin. Wrote root 2.
09:37:02.492 [DEBUG] [org.gradle.api.internal.artifacts.ivyservice.ivyresolve.CachingModuleComponentRepository] Found artifact 'spring-framework-bom.pom (org.springframework:spring-framework-bom:4.3.9.RELEASE)' in resolver cache: /Users/michaelmennis/.gradle/caches/modules-2/files-2.1/org.springframework/spring-framework-bom/4.3.9.RELEASE/5e14950bb6c50e677ef9582883d54c6cff58462b/spring-framework-bom-4.3.9.RELEASE.pom
09:37:02.493 [DEBUG] [org.gradle.api.internal.artifacts.ivyservice.resolveengine.DefaultArtifactDependencyResolver] Resolving configuration 'detachedConfiguration10'
09:37:02.493 [DEBUG] [org.gradle.api.internal.artifacts.ivyservice.ivyresolve.memcache.InMemoryCachedRepositoryFactory] Reusing in-memory cache for repo 'MavenLocal' [7d5236b1643586c7776714a6deab182].
09:37:02.494 [DEBUG] [org.gradle.internal.resource.transport.http.JavaSystemPropertiesProxySettings] Found java system property 'http.nonProxyHosts': local|*.local|169.254/16|*.169.254/16. Will ignore proxy settings for these hosts.
09:37:02.495 [DEBUG] [org.gradle.api.internal.artifacts.ivyservice.ivyresolve.memcache.InMemoryCachedRepositoryFactory] Reusing in-memory cache for repo 'maven' [a084cad2441d39086e90f182aad939c2].
09:37:02.495 [DEBUG] [org.gradle.internal.resource.transport.http.JavaSystemPropertiesProxySettings] Found java system property 'http.nonProxyHosts': local|*.local|169.254/16|*.169.254/16. Will ignore proxy settings for these hosts.
09:37:02.495 [DEBUG] [org.gradle.api.internal.artifacts.ivyservice.ivyresolve.memcache.InMemoryCachedRepositoryFactory] Reusing in-memory cache for repo 'maven2' [26f256bc2a7294bafb250fda8cb4301f].
09:37:02.495 [DEBUG] [org.gradle.internal.resource.transport.http.JavaSystemPropertiesProxySettings] Found java system property 'http.nonProxyHosts': local|*.local|169.254/16|*.169.254/16. Will ignore proxy settings for these hosts.
09:37:02.495 [DEBUG] [org.gradle.api.internal.artifacts.ivyservice.ivyresolve.memcache.InMemoryCachedRepositoryFactory] Reusing in-memory cache for repo 'maven3' [7b8cf9f181d18eb27a2a8240a77dc3d].
09:37:02.495 [DEBUG] [org.gradle.api.internal.artifacts.ivyservice.resolveengine.graph.DependencyGraphBuilder] Visiting configuration fakeyelp:fakeyelp:0.1(detachedConfiguration10).
09:37:02.496 [DEBUG] [org.gradle.api.internal.artifacts.ivyservice.resolveengine.graph.DependencyGraphBuilder] Visiting dependency fakeyelp:fakeyelp:0.1(detachedConfiguration10) -> dependency: org.springframework.data:spring-data-releasetrain:Ingalls-SR4 from-conf: detachedConfiguration10 to-conf: null
09:37:02.496 [DEBUG] [org.gradle.api.internal.artifacts.ivyservice.resolveengine.graph.DependencyGraphBuilder] Selecting new module version org.springframework.data:spring-data-releasetrain:Ingalls-SR4
09:37:02.496 [DEBUG] [org.gradle.api.internal.artifacts.ivyservice.ivyresolve.RepositoryChainComponentMetaDataResolver] Attempting to resolve component for org.springframework.data:spring-data-releasetrain:Ingalls-SR4 using repositories [MavenLocal, maven, maven2, maven3]
09:37:02.496 [DEBUG] [org.gradle.api.internal.artifacts.repositories.resolver.DefaultExternalResourceArtifactResolver] Loading file:/Users/michaelmennis/.m2/repository/org/springframework/data/spring-data-releasetrain/Ingalls-SR4/spring-data-releasetrain-Ingalls-SR4.pom
09:37:02.496 [DEBUG] [org.gradle.api.internal.artifacts.repositories.resolver.DefaultExternalResourceArtifactResolver] Loading file:/Users/michaelmennis/.m2/repository/org/springframework/data/spring-data-releasetrain/Ingalls-SR4/spring-data-releasetrain-Ingalls-SR4.pom
09:37:02.496 [DEBUG] [org.gradle.api.internal.artifacts.repositories.resolver.ExternalResourceResolver] No meta-data file or artifact found for module 'org.springframework.data:spring-data-releasetrain:Ingalls-SR4' in repository 'MavenLocal'.
09:37:02.497 [DEBUG] [org.gradle.api.internal.artifacts.ivyservice.ivyresolve.CachingModuleComponentRepository] Using cached module metadata for module 'org.springframework.data:spring-data-releasetrain:Ingalls-SR4' in 'maven'
09:37:02.497 [DEBUG] [org.gradle.api.internal.artifacts.ivyservice.ivyresolve.RepositoryChainComponentMetaDataResolver] Using org.springframework.data:spring-data-releasetrain:Ingalls-SR4 from Maven repository 'maven'
09:37:02.497 [DEBUG] [org.gradle.api.internal.artifacts.ivyservice.resolveengine.graph.DependencyGraphBuilder] Visiting configuration org.springframework.data:spring-data-releasetrain:Ingalls-SR4(default).
09:37:02.497 [DEBUG] [org.gradle.api.internal.artifacts.ivyservice.resolveengine.graph.DependencyGraphBuilder] org.springframework.data:spring-data-releasetrain:Ingalls-SR4(default) has no transitive incoming edges. ignoring outgoing edges.
09:37:02.497 [DEBUG] [org.gradle.api.internal.artifacts.ivyservice.resolveengine.oldresult.TransientConfigurationResultsBuilder] Flushing resolved configuration data in Binary store in /private/var/folders/lg/10pd_zzs6lbgkq_mxt9hnq_40000gp/T/gradle4923067349366106501.bin. Wrote root 2.
09:37:02.498 [DEBUG] [org.gradle.api.internal.artifacts.ivyservice.ivyresolve.CachingModuleComponentRepository] Found artifact 'spring-data-releasetrain.pom (org.springframework.data:spring-data-releasetrain:Ingalls-SR4)' in resolver cache: /Users/michaelmennis/.gradle/caches/modules-2/files-2.1/org.springframework.data/spring-data-releasetrain/Ingalls-SR4/861848e267dd38a38622ae20d2defac9e59aa03e/spring-data-releasetrain-Ingalls-SR4.pom
09:37:02.499 [DEBUG] [org.gradle.api.internal.artifacts.ivyservice.resolveengine.DefaultArtifactDependencyResolver] Resolving configuration 'detachedConfiguration11'
09:37:02.499 [DEBUG] [org.gradle.api.internal.artifacts.ivyservice.ivyresolve.memcache.InMemoryCachedRepositoryFactory] Reusing in-memory cache for repo 'MavenLocal' [7d5236b1643586c7776714a6deab182].
09:37:02.499 [DEBUG] [org.gradle.internal.resource.transport.http.JavaSystemPropertiesProxySettings] Found java system property 'http.nonProxyHosts': local|*.local|169.254/16|*.169.254/16. Will ignore proxy settings for these hosts.
09:37:02.499 [DEBUG] [org.gradle.api.internal.artifacts.ivyservice.ivyresolve.memcache.InMemoryCachedRepositoryFactory] Reusing in-memory cache for repo 'maven' [a084cad2441d39086e90f182aad939c2].
09:37:02.499 [DEBUG] [org.gradle.internal.resource.transport.http.JavaSystemPropertiesProxySettings] Found java system property 'http.nonProxyHosts': local|*.local|169.254/16|*.169.254/16. Will ignore proxy settings for these hosts.
09:37:02.500 [DEBUG] [org.gradle.api.internal.artifacts.ivyservice.ivyresolve.memcache.InMemoryCachedRepositoryFactory] Reusing in-memory cache for repo 'maven2' [26f256bc2a7294bafb250fda8cb4301f].
09:37:02.500 [DEBUG] [org.gradle.internal.resource.transport.http.JavaSystemPropertiesProxySettings] Found java system property 'http.nonProxyHosts': local|*.local|169.254/16|*.169.254/16. Will ignore proxy settings for these hosts.
09:37:02.500 [DEBUG] [org.gradle.api.internal.artifacts.ivyservice.ivyresolve.memcache.InMemoryCachedRepositoryFactory] Reusing in-memory cache for repo 'maven3' [7b8cf9f181d18eb27a2a8240a77dc3d].
09:37:02.500 [DEBUG] [org.gradle.api.internal.artifacts.ivyservice.resolveengine.graph.DependencyGraphBuilder] Visiting configuration fakeyelp:fakeyelp:0.1(detachedConfiguration11).
09:37:02.500 [DEBUG] [org.gradle.api.internal.artifacts.ivyservice.resolveengine.graph.DependencyGraphBuilder] Visiting dependency fakeyelp:fakeyelp:0.1(detachedConfiguration11) -> dependency: org.springframework.data.build:spring-data-build:1.9.4.RELEASE from-conf: detachedConfiguration11 to-conf: null
09:37:02.500 [DEBUG] [org.gradle.api.internal.artifacts.ivyservice.resolveengine.graph.DependencyGraphBuilder] Selecting new module version org.springframework.data.build:spring-data-build:1.9.4.RELEASE
09:37:02.500 [DEBUG] [org.gradle.api.internal.artifacts.ivyservice.ivyresolve.RepositoryChainComponentMetaDataResolver] Attempting to resolve component for org.springframework.data.build:spring-data-build:1.9.4.RELEASE using repositories [MavenLocal, maven, maven2, maven3]
09:37:02.500 [DEBUG] [org.gradle.api.internal.artifacts.repositories.resolver.DefaultExternalResourceArtifactResolver] Loading file:/Users/michaelmennis/.m2/repository/org/springframework/data/build/spring-data-build/1.9.4.RELEASE/spring-data-build-1.9.4.RELEASE.pom
09:37:02.500 [DEBUG] [org.gradle.api.internal.artifacts.repositories.resolver.DefaultExternalResourceArtifactResolver] Loading file:/Users/michaelmennis/.m2/repository/org/springframework/data/build/spring-data-build/1.9.4.RELEASE/spring-data-build-1.9.4.RELEASE.pom
09:37:02.500 [DEBUG] [org.gradle.api.internal.artifacts.repositories.resolver.ExternalResourceResolver] No meta-data file or artifact found for module 'org.springframework.data.build:spring-data-build:1.9.4.RELEASE' in repository 'MavenLocal'.
09:37:02.501 [DEBUG] [org.gradle.api.internal.artifacts.ivyservice.ivyresolve.CachingModuleComponentRepository] Using cached module metadata for module 'org.springframework.data.build:spring-data-build:1.9.4.RELEASE' in 'maven'
09:37:02.501 [DEBUG] [org.gradle.api.internal.artifacts.ivyservice.ivyresolve.RepositoryChainComponentMetaDataResolver] Using org.springframework.data.build:spring-data-build:1.9.4.RELEASE from Maven repository 'maven'
09:37:02.501 [DEBUG] [org.gradle.api.internal.artifacts.ivyservice.resolveengine.graph.DependencyGraphBuilder] Visiting configuration org.springframework.data.build:spring-data-build:1.9.4.RELEASE(default).
09:37:02.501 [DEBUG] [org.gradle.api.internal.artifacts.ivyservice.resolveengine.graph.DependencyGraphBuilder] org.springframework.data.build:spring-data-build:1.9.4.RELEASE(default) has no transitive incoming edges. ignoring outgoing edges.
09:37:02.501 [DEBUG] [org.gradle.api.internal.artifacts.ivyservice.resolveengine.oldresult.TransientConfigurationResultsBuilder] Flushing resolved configuration data in Binary store in /private/var/folders/lg/10pd_zzs6lbgkq_mxt9hnq_40000gp/T/gradle4923067349366106501.bin. Wrote root 2.
09:37:02.501 [DEBUG] [org.gradle.api.internal.artifacts.ivyservice.ivyresolve.CachingModuleComponentRepository] Found artifact 'spring-data-build.pom (org.springframework.data.build:spring-data-build:1.9.4.RELEASE)' in resolver cache: /Users/michaelmennis/.gradle/caches/modules-2/files-2.1/org.springframework.data.build/spring-data-build/1.9.4.RELEASE/1419715ce6ee74075b67f92fde6020b34ce678a6/spring-data-build-1.9.4.RELEASE.pom
09:37:02.503 [DEBUG] [org.gradle.api.internal.artifacts.ivyservice.resolveengine.DefaultArtifactDependencyResolver] Resolving configuration 'detachedConfiguration12'
09:37:02.503 [DEBUG] [org.gradle.api.internal.artifacts.ivyservice.ivyresolve.memcache.InMemoryCachedRepositoryFactory] Reusing in-memory cache for repo 'MavenLocal' [7d5236b1643586c7776714a6deab182].
09:37:02.503 [DEBUG] [org.gradle.internal.resource.transport.http.JavaSystemPropertiesProxySettings] Found java system property 'http.nonProxyHosts': local|*.local|169.254/16|*.169.254/16. Will ignore proxy settings for these hosts.
09:37:02.503 [DEBUG] [org.gradle.api.internal.artifacts.ivyservice.ivyresolve.memcache.InMemoryCachedRepositoryFactory] Reusing in-memory cache for repo 'maven' [a084cad2441d39086e90f182aad939c2].
09:37:02.503 [DEBUG] [org.gradle.internal.resource.transport.http.JavaSystemPropertiesProxySettings] Found java system property 'http.nonProxyHosts': local|*.local|169.254/16|*.169.254/16. Will ignore proxy settings for these hosts.
09:37:02.503 [DEBUG] [org.gradle.api.internal.artifacts.ivyservice.ivyresolve.memcache.InMemoryCachedRepositoryFactory] Reusing in-memory cache for repo 'maven2' [26f256bc2a7294bafb250fda8cb4301f].
09:37:02.504 [DEBUG] [org.gradle.internal.resource.transport.http.JavaSystemPropertiesProxySettings] Found java system property 'http.nonProxyHosts': local|*.local|169.254/16|*.169.254/16. Will ignore proxy settings for these hosts.
09:37:02.504 [DEBUG] [org.gradle.api.internal.artifacts.ivyservice.ivyresolve.memcache.InMemoryCachedRepositoryFactory] Reusing in-memory cache for repo 'maven3' [7b8cf9f181d18eb27a2a8240a77dc3d].
09:37:02.504 [DEBUG] [org.gradle.api.internal.artifacts.ivyservice.resolveengine.graph.DependencyGraphBuilder] Visiting configuration fakeyelp:fakeyelp:0.1(detachedConfiguration12).
09:37:02.504 [DEBUG] [org.gradle.api.internal.artifacts.ivyservice.resolveengine.graph.DependencyGraphBuilder] Visiting dependency fakeyelp:fakeyelp:0.1(detachedConfiguration12) -> dependency: org.springframework.integration:spring-integration-bom:4.3.10.RELEASE from-conf: detachedConfiguration12 to-conf: null
09:37:02.504 [DEBUG] [org.gradle.api.internal.artifacts.ivyservice.resolveengine.graph.DependencyGraphBuilder] Selecting new module version org.springframework.integration:spring-integration-bom:4.3.10.RELEASE
09:37:02.504 [DEBUG] [org.gradle.api.internal.artifacts.ivyservice.ivyresolve.RepositoryChainComponentMetaDataResolver] Attempting to resolve component for org.springframework.integration:spring-integration-bom:4.3.10.RELEASE using repositories [MavenLocal, maven, maven2, maven3]
09:37:02.504 [DEBUG] [org.gradle.api.internal.artifacts.repositories.resolver.DefaultExternalResourceArtifactResolver] Loading file:/Users/michaelmennis/.m2/repository/org/springframework/integration/spring-integration-bom/4.3.10.RELEASE/spring-integration-bom-4.3.10.RELEASE.pom
09:37:02.504 [DEBUG] [org.gradle.api.internal.artifacts.repositories.resolver.DefaultExternalResourceArtifactResolver] Loading file:/Users/michaelmennis/.m2/repository/org/springframework/integration/spring-integration-bom/4.3.10.RELEASE/spring-integration-bom-4.3.10.RELEASE.pom
09:37:02.504 [DEBUG] [org.gradle.api.internal.artifacts.repositories.resolver.ExternalResourceResolver] No meta-data file or artifact found for module 'org.springframework.integration:spring-integration-bom:4.3.10.RELEASE' in repository 'MavenLocal'.
09:37:02.505 [DEBUG] [org.gradle.api.internal.artifacts.ivyservice.ivyresolve.CachingModuleComponentRepository] Using cached module metadata for module 'org.springframework.integration:spring-integration-bom:4.3.10.RELEASE' in 'maven'
09:37:02.505 [DEBUG] [org.gradle.api.internal.artifacts.ivyservice.ivyresolve.RepositoryChainComponentMetaDataResolver] Using org.springframework.integration:spring-integration-bom:4.3.10.RELEASE from Maven repository 'maven'
09:37:02.505 [DEBUG] [org.gradle.api.internal.artifacts.ivyservice.resolveengine.graph.DependencyGraphBuilder] Visiting configuration org.springframework.integration:spring-integration-bom:4.3.10.RELEASE(default).
09:37:02.505 [DEBUG] [org.gradle.api.internal.artifacts.ivyservice.resolveengine.graph.DependencyGraphBuilder] org.springframework.integration:spring-integration-bom:4.3.10.RELEASE(default) has no transitive incoming edges. ignoring outgoing edges.
09:37:02.506 [DEBUG] [org.gradle.api.internal.artifacts.ivyservice.resolveengine.oldresult.TransientConfigurationResultsBuilder] Flushing resolved configuration data in Binary store in /private/var/folders/lg/10pd_zzs6lbgkq_mxt9hnq_40000gp/T/gradle4923067349366106501.bin. Wrote root 2.
09:37:02.506 [DEBUG] [org.gradle.api.internal.artifacts.ivyservice.ivyresolve.CachingModuleComponentRepository] Found artifact 'spring-integration-bom.pom (org.springframework.integration:spring-integration-bom:4.3.10.RELEASE)' in resolver cache: /Users/michaelmennis/.gradle/caches/modules-2/files-2.1/org.springframework.integration/spring-integration-bom/4.3.10.RELEASE/2c782e4d79b475fabcda043a4abd1380a0065ff6/spring-integration-bom-4.3.10.RELEASE.pom
09:37:02.508 [DEBUG] [org.gradle.api.internal.artifacts.ivyservice.resolveengine.DefaultArtifactDependencyResolver] Resolving configuration 'detachedConfiguration13'
09:37:02.508 [DEBUG] [org.gradle.api.internal.artifacts.ivyservice.ivyresolve.memcache.InMemoryCachedRepositoryFactory] Reusing in-memory cache for repo 'MavenLocal' [7d5236b1643586c7776714a6deab182].
09:37:02.509 [DEBUG] [org.gradle.internal.resource.transport.http.JavaSystemPropertiesProxySettings] Found java system property 'http.nonProxyHosts': local|*.local|169.254/16|*.169.254/16. Will ignore proxy settings for these hosts.
09:37:02.509 [DEBUG] [org.gradle.api.internal.artifacts.ivyservice.ivyresolve.memcache.InMemoryCachedRepositoryFactory] Reusing in-memory cache for repo 'maven' [a084cad2441d39086e90f182aad939c2].
09:37:02.509 [DEBUG] [org.gradle.internal.resource.transport.http.JavaSystemPropertiesProxySettings] Found java system property 'http.nonProxyHosts': local|*.local|169.254/16|*.169.254/16. Will ignore proxy settings for these hosts.
09:37:02.509 [DEBUG] [org.gradle.api.internal.artifacts.ivyservice.ivyresolve.memcache.InMemoryCachedRepositoryFactory] Reusing in-memory cache for repo 'maven2' [26f256bc2a7294bafb250fda8cb4301f].
09:37:02.509 [DEBUG] [org.gradle.internal.resource.transport.http.JavaSystemPropertiesProxySettings] Found java system property 'http.nonProxyHosts': local|*.local|169.254/16|*.169.254/16. Will ignore proxy settings for these hosts.
09:37:02.509 [DEBUG] [org.gradle.api.internal.artifacts.ivyservice.ivyresolve.memcache.InMemoryCachedRepositoryFactory] Reusing in-memory cache for repo 'maven3' [7b8cf9f181d18eb27a2a8240a77dc3d].
09:37:02.510 [DEBUG] [org.gradle.api.internal.artifacts.ivyservice.resolveengine.graph.DependencyGraphBuilder] Visiting configuration fakeyelp:fakeyelp:0.1(detachedConfiguration13).
09:37:02.510 [DEBUG] [org.gradle.api.internal.artifacts.ivyservice.resolveengine.graph.DependencyGraphBuilder] Visiting dependency fakeyelp:fakeyelp:0.1(detachedConfiguration13) -> dependency: org.springframework.security:spring-security-bom:4.2.3.RELEASE from-conf: detachedConfiguration13 to-conf: null
09:37:02.510 [DEBUG] [org.gradle.api.internal.artifacts.ivyservice.resolveengine.graph.DependencyGraphBuilder] Selecting new module version org.springframework.security:spring-security-bom:4.2.3.RELEASE
09:37:02.510 [DEBUG] [org.gradle.api.internal.artifacts.ivyservice.ivyresolve.RepositoryChainComponentMetaDataResolver] Attempting to resolve component for org.springframework.security:spring-security-bom:4.2.3.RELEASE using repositories [MavenLocal, maven, maven2, maven3]
09:37:02.510 [DEBUG] [org.gradle.api.internal.artifacts.repositories.resolver.DefaultExternalResourceArtifactResolver] Loading file:/Users/michaelmennis/.m2/repository/org/springframework/security/spring-security-bom/4.2.3.RELEASE/spring-security-bom-4.2.3.RELEASE.pom
09:37:02.510 [DEBUG] [org.gradle.api.internal.artifacts.repositories.resolver.DefaultExternalResourceArtifactResolver] Loading file:/Users/michaelmennis/.m2/repository/org/springframework/security/spring-security-bom/4.2.3.RELEASE/spring-security-bom-4.2.3.RELEASE.pom
09:37:02.510 [DEBUG] [org.gradle.api.internal.artifacts.repositories.resolver.ExternalResourceResolver] No meta-data file or artifact found for module 'org.springframework.security:spring-security-bom:4.2.3.RELEASE' in repository 'MavenLocal'.
09:37:02.511 [DEBUG] [org.gradle.api.internal.artifacts.ivyservice.ivyresolve.CachingModuleComponentRepository] Using cached module metadata for module 'org.springframework.security:spring-security-bom:4.2.3.RELEASE' in 'maven'
09:37:02.511 [DEBUG] [org.gradle.api.internal.artifacts.ivyservice.ivyresolve.RepositoryChainComponentMetaDataResolver] Using org.springframework.security:spring-security-bom:4.2.3.RELEASE from Maven repository 'maven'
09:37:02.511 [DEBUG] [org.gradle.api.internal.artifacts.ivyservice.resolveengine.graph.DependencyGraphBuilder] Visiting configuration org.springframework.security:spring-security-bom:4.2.3.RELEASE(default).
09:37:02.511 [DEBUG] [org.gradle.api.internal.artifacts.ivyservice.resolveengine.graph.DependencyGraphBuilder] org.springframework.security:spring-security-bom:4.2.3.RELEASE(default) has no transitive incoming edges. ignoring outgoing edges.
09:37:02.511 [DEBUG] [org.gradle.api.internal.artifacts.ivyservice.resolveengine.oldresult.TransientConfigurationResultsBuilder] Flushing resolved configuration data in Binary store in /private/var/folders/lg/10pd_zzs6lbgkq_mxt9hnq_40000gp/T/gradle4923067349366106501.bin. Wrote root 2.
09:37:02.511 [DEBUG] [org.gradle.api.internal.artifacts.ivyservice.ivyresolve.CachingModuleComponentRepository] Found artifact 'spring-security-bom.pom (org.springframework.security:spring-security-bom:4.2.3.RELEASE)' in resolver cache: /Users/michaelmennis/.gradle/caches/modules-2/files-2.1/org.springframework.security/spring-security-bom/4.2.3.RELEASE/8d59cdb02126f4e0591a792a08e643eab6289352/spring-security-bom-4.2.3.RELEASE.pom
09:37:02.516 [DEBUG] [org.gradle.api.internal.artifacts.repositories.resolver.DefaultExternalResourceArtifactResolver] Loading file:/Users/michaelmennis/.m2/repository/org/grails/grails-bom/3.3.0/grails-bom-3.3.0.pom
09:37:02.519 [DEBUG] [io.spring.gradle.dependencymanagement.internal.DependencyManagementContainer] Found managed version '1.2.7.RELEASE' for dependency 'org.springframework:springloaded' in global dependency management
09:37:02.519 [DEBUG] [io.spring.gradle.dependencymanagement.internal.VersionConfiguringAction] Using version '1.2.7.RELEASE' for dependency 'org.springframework:springloaded:'
09:37:02.520 [DEBUG] [org.gradle.api.internal.artifacts.ivyservice.resolveengine.graph.DependencyGraphBuilder] Selecting new module version org.springframework:springloaded:1.2.7.RELEASE
09:37:02.520 [DEBUG] [org.gradle.api.internal.artifacts.ivyservice.ivyresolve.RepositoryChainComponentMetaDataResolver] Attempting to resolve component for org.springframework:springloaded:1.2.7.RELEASE using repositories [MavenLocal, maven, maven2, maven3]
09:37:02.520 [DEBUG] [org.gradle.api.internal.artifacts.repositories.resolver.DefaultExternalResourceArtifactResolver] Loading file:/Users/michaelmennis/.m2/repository/org/springframework/springloaded/1.2.7.RELEASE/springloaded-1.2.7.RELEASE.pom
09:37:02.520 [DEBUG] [org.gradle.api.internal.artifacts.repositories.resolver.DefaultExternalResourceArtifactResolver] Loading file:/Users/michaelmennis/.m2/repository/org/springframework/springloaded/1.2.7.RELEASE/springloaded-1.2.7.RELEASE.jar
09:37:02.520 [DEBUG] [org.gradle.api.internal.artifacts.repositories.resolver.ExternalResourceResolver] No meta-data file or artifact found for module 'org.springframework:springloaded:1.2.7.RELEASE' in repository 'MavenLocal'.
09:37:02.520 [DEBUG] [org.gradle.api.internal.artifacts.ivyservice.ivyresolve.CachingModuleComponentRepository] Using cached module metadata for module 'org.springframework:springloaded:1.2.7.RELEASE' in 'maven'
09:37:02.520 [DEBUG] [org.gradle.api.internal.artifacts.ivyservice.ivyresolve.RepositoryChainComponentMetaDataResolver] Using org.springframework:springloaded:1.2.7.RELEASE from Maven repository 'maven'
09:37:02.520 [DEBUG] [org.gradle.api.internal.artifacts.ivyservice.resolveengine.graph.DependencyGraphBuilder] Visiting configuration org.springframework:springloaded:1.2.7.RELEASE(default).
09:37:02.520 [DEBUG] [org.gradle.api.internal.artifacts.ivyservice.resolveengine.oldresult.TransientConfigurationResultsBuilder] Flushing resolved configuration data in Binary store in /private/var/folders/lg/10pd_zzs6lbgkq_mxt9hnq_40000gp/T/gradle4923067349366106501.bin. Wrote root 2.
09:37:02.520 [DEBUG] [org.gradle.api.internal.artifacts.ivyservice.ivyresolve.CachingModuleComponentRepository] Found artifact 'springloaded.jar (org.springframework:springloaded:1.2.7.RELEASE)' in resolver cache: /Users/michaelmennis/.gradle/caches/modules-2/files-2.1/org.springframework/springloaded/1.2.7.RELEASE/36be57f1a306cec1185b0276960fbe95dee08bf/springloaded-1.2.7.RELEASE.jar
09:37:02.524 [DEBUG] [org.gradle.model.internal.registry.DefaultModelRegistry] Project : - Registering model element 'tasks.pathingJar' (hidden = false)
09:37:02.525 [DEBUG] [io.spring.gradle.dependencymanagement.internal.ImplicitDependencyManagementCollector] Adding managed version in configuration 'runtime' for dependency 'DefaultExternalModuleDependency{group='org.glassfish.web', name='el-impl', version='2.1.2-b03', configuration='default'}'
09:37:02.525 [DEBUG] [io.spring.gradle.dependencymanagement.internal.ImplicitDependencyManagementCollector] Adding managed version in configuration 'runtime' for dependency 'DefaultExternalModuleDependency{group='com.bertramlabs.plugins', name='asset-pipeline-grails', version='2.14.2', configuration='default'}'
09:37:02.525 [DEBUG] [io.spring.gradle.dependencymanagement.internal.ImplicitDependencyManagementCollector] Adding managed version in configuration 'runtime' for dependency 'DefaultExternalModuleDependency{group='com.google.guava', name='guava', version='18.0', configuration='default'}'
09:37:02.526 [DEBUG] [io.spring.gradle.dependencymanagement.internal.ImplicitDependencyManagementCollector] Adding managed version in configuration 'runtime' for dependency 'DefaultExternalModuleDependency{group='org.json', name='json', version='20140107', configuration='default'}'
09:37:02.526 [DEBUG] [io.spring.gradle.dependencymanagement.internal.ImplicitDependencyManagementCollector] Adding managed version in configuration 'runtime' for dependency 'DefaultExternalModuleDependency{group='com.jcraft', name='jsch', version='0.1.52', configuration='default'}'
09:37:02.526 [DEBUG] [io.spring.gradle.dependencymanagement.internal.ImplicitDependencyManagementCollector] Adding managed version in configuration 'runtime' for dependency 'DefaultExternalModuleDependency{group='com.mapr.ojai', name='mapr-ojai-driver', version='6.0.0-mapr-SNAPSHOT', configuration='default'}'
09:37:02.526 [DEBUG] [io.spring.gradle.dependencymanagement.internal.ImplicitDependencyManagementCollector] Adding managed version in configuration 'runtime' for dependency 'DefaultExternalModuleDependency{group='com.mapr.hadoop', name='maprfs', version='6.0.0-mapr-SNAPSHOT', configuration='default'}'
09:37:02.526 [DEBUG] [io.spring.gradle.dependencymanagement.internal.ImplicitDependencyManagementCollector] Adding managed version in configuration 'runtime' for dependency 'DefaultExternalModuleDependency{group='com.mapr.db', name='maprdb', version='6.0.0-mapr-SNAPSHOT', configuration='default'}'
09:37:02.526 [DEBUG] [io.spring.gradle.dependencymanagement.internal.ImplicitDependencyManagementCollector] Adding managed version in configuration 'runtime' for dependency 'DefaultExternalModuleDependency{group='org.hibernate', name='hibernate-core', version='5.1.5.Final', configuration='default'}'
09:37:02.526 [DEBUG] [io.spring.gradle.dependencymanagement.internal.ImplicitDependencyManagementCollector] Adding managed version in configuration 'compile' for dependency 'DefaultExternalModuleDependency{group='org.hibernate', name='hibernate-core', version='5.1.5.Final', configuration='default'}'
09:37:02.526 [DEBUG] [org.gradle.api.internal.artifacts.ivyservice.resolveengine.DefaultArtifactDependencyResolver] Resolving configuration ':runtime'
09:37:02.526 [DEBUG] [org.gradle.api.internal.artifacts.ivyservice.ivyresolve.memcache.InMemoryCachedRepositoryFactory] Reusing in-memory cache for repo 'MavenLocal' [7d5236b1643586c7776714a6deab182].
09:37:02.526 [DEBUG] [org.gradle.internal.resource.transport.http.JavaSystemPropertiesProxySettings] Found java system property 'http.nonProxyHosts': local|*.local|169.254/16|*.169.254/16. Will ignore proxy settings for these hosts.
09:37:02.527 [DEBUG] [org.gradle.api.internal.artifacts.ivyservice.ivyresolve.memcache.InMemoryCachedRepositoryFactory] Reusing in-memory cache for repo 'maven' [a084cad2441d39086e90f182aad939c2].
09:37:02.527 [DEBUG] [org.gradle.internal.resource.transport.http.JavaSystemPropertiesProxySettings] Found java system property 'http.nonProxyHosts': local|*.local|169.254/16|*.169.254/16. Will ignore proxy settings for these hosts.
09:37:02.527 [DEBUG] [org.gradle.api.internal.artifacts.ivyservice.ivyresolve.memcache.InMemoryCachedRepositoryFactory] Reusing in-memory cache for repo 'maven2' [26f256bc2a7294bafb250fda8cb4301f].
09:37:02.527 [DEBUG] [org.gradle.internal.resource.transport.http.JavaSystemPropertiesProxySettings] Found java system property 'http.nonProxyHosts': local|*.local|169.254/16|*.169.254/16. Will ignore proxy settings for these hosts.
09:37:02.527 [DEBUG] [org.gradle.api.internal.artifacts.ivyservice.ivyresolve.memcache.InMemoryCachedRepositoryFactory] Reusing in-memory cache for repo 'maven3' [7b8cf9f181d18eb27a2a8240a77dc3d].
09:37:02.528 [DEBUG] [org.gradle.api.internal.artifacts.ivyservice.resolveengine.graph.DependencyGraphBuilder] Visiting configuration fakeyelp:fakeyelp:0.1(runtime).
09:37:02.528 [DEBUG] [org.gradle.api.internal.artifacts.ivyservice.resolveengine.graph.DependencyGraphBuilder] Visiting dependency fakeyelp:fakeyelp:0.1(runtime) -> dependency: org.springframework.boot:spring-boot-starter-logging: from-conf: compile to-conf: null
09:37:02.528 [DEBUG] [io.spring.gradle.dependencymanagement.internal.VersionConfiguringAction] Processing dependency 'org.springframework.boot:spring-boot-starter-logging:'
09:37:02.528 [INFO] [io.spring.gradle.dependencymanagement.internal.DependencyManagement] Resolving dependency management for configuration 'runtime' of project 'fakeyelp'
09:37:02.528 [DEBUG] [io.spring.gradle.dependencymanagement.internal.DependencyManagement] Preserving existing versions: {com.mapr.db:maprdb=6.0.0-mapr-SNAPSHOT, org.hibernate:hibernate-core=5.1.5.Final, com.bertramlabs.plugins:asset-pipeline-grails=2.14.2, com.google.guava:guava=18.0, com.mapr.ojai:mapr-ojai-driver=6.0.0-mapr-SNAPSHOT, org.json:json=20140107, com.jcraft:jsch=0.1.52, com.mapr.hadoop:maprfs=6.0.0-mapr-SNAPSHOT, org.glassfish.web:el-impl=2.1.2-b03}
09:37:02.528 [INFO] [io.spring.gradle.dependencymanagement.internal.DependencyManagement] Resolving dependency management for configuration 'compile' of project 'fakeyelp'
09:37:02.528 [DEBUG] [io.spring.gradle.dependencymanagement.internal.DependencyManagement] Preserving existing versions: {org.hibernate:hibernate-core=5.1.5.Final}
09:37:02.531 [INFO] [io.spring.gradle.dependencymanagement.internal.DependencyManagement] Resolving dependency management for configuration 'provided' of project 'fakeyelp'
09:37:02.531 [DEBUG] [io.spring.gradle.dependencymanagement.internal.DependencyManagement] Preserving existing versions: {}
09:37:02.531 [INFO] [io.spring.gradle.dependencymanagement.internal.DependencyManagement] Resolving dependency management for configuration 'providedRuntime' of project 'fakeyelp'
09:37:02.531 [DEBUG] [io.spring.gradle.dependencymanagement.internal.DependencyManagement] Preserving existing versions: {}
09:37:02.533 [INFO] [io.spring.gradle.dependencymanagement.internal.DependencyManagement] Resolving dependency management for configuration 'providedCompile' of project 'fakeyelp'
09:37:02.533 [DEBUG] [io.spring.gradle.dependencymanagement.internal.DependencyManagement] Preserving existing versions: {}
09:37:02.533 [DEBUG] [io.spring.gradle.dependencymanagement.internal.DependencyManagementContainer] Found managed version '1.5.4.RELEASE' for dependency 'org.springframework.boot:spring-boot-starter-logging' in global dependency management
09:37:02.533 [DEBUG] [io.spring.gradle.dependencymanagement.internal.VersionConfiguringAction] Using version '1.5.4.RELEASE' for dependency 'org.springframework.boot:spring-boot-starter-logging:'
09:37:02.533 [DEBUG] [org.gradle.api.internal.artifacts.ivyservice.resolveengine.graph.DependencyGraphBuilder] Selecting new module version org.springframework.boot:spring-boot-starter-logging:1.5.4.RELEASE
09:37:02.533 [DEBUG] [org.gradle.api.internal.artifacts.ivyservice.ivyresolve.RepositoryChainComponentMetaDataResolver] Attempting to resolve component for org.springframework.boot:spring-boot-starter-logging:1.5.4.RELEASE using repositories [MavenLocal, maven, maven2, maven3]
09:37:02.534 [DEBUG] [org.gradle.api.internal.artifacts.repositories.resolver.DefaultExternalResourceArtifactResolver] Loading file:/Users/michaelmennis/.m2/repository/org/springframework/boot/spring-boot-starter-logging/1.5.4.RELEASE/spring-boot-starter-logging-1.5.4.RELEASE.pom
09:37:02.534 [DEBUG] [org.gradle.api.internal.artifacts.repositories.resolver.DefaultExternalResourceArtifactResolver] Loading file:/Users/michaelmennis/.m2/repository/org/springframework/boot/spring-boot-starter-logging/1.5.4.RELEASE/spring-boot-starter-logging-1.5.4.RELEASE.jar
09:37:02.534 [DEBUG] [org.gradle.api.internal.artifacts.repositories.resolver.ExternalResourceResolver] No meta-data file or artifact found for module 'org.springframework.boot:spring-boot-starter-logging:1.5.4.RELEASE' in repository 'MavenLocal'.
09:37:02.534 [DEBUG] [org.gradle.api.internal.artifacts.ivyservice.ivyresolve.CachingModuleComponentRepository] Using cached module metadata for module 'org.springframework.boot:spring-boot-starter-logging:1.5.4.RELEASE' in 'maven'
09:37:02.534 [DEBUG] [org.gradle.api.internal.artifacts.ivyservice.ivyresolve.RepositoryChainComponentMetaDataResolver] Using org.springframework.boot:spring-boot-starter-logging:1.5.4.RELEASE from Maven repository 'maven'
09:37:02.534 [DEBUG] [org.gradle.api.internal.artifacts.ivyservice.resolveengine.graph.DependencyGraphBuilder] Visiting dependency fakeyelp:fakeyelp:0.1(runtime) -> dependency: org.springframework.boot:spring-boot-autoconfigure: from-conf: compile to-conf: null
09:37:02.534 [DEBUG] [io.spring.gradle.dependencymanagement.internal.VersionConfiguringAction] Processing dependency 'org.springframework.boot:spring-boot-autoconfigure:'
09:37:02.534 [DEBUG] [io.spring.gradle.dependencymanagement.internal.DependencyManagementContainer] Found managed version '1.5.4.RELEASE' for dependency 'org.springframework.boot:spring-boot-autoconfigure' in global dependency management
09:37:02.534 [DEBUG] [io.spring.gradle.dependencymanagement.internal.VersionConfiguringAction] Using version '1.5.4.RELEASE' for dependency 'org.springframework.boot:spring-boot-autoconfigure:'
09:37:02.535 [DEBUG] [org.gradle.api.internal.artifacts.ivyservice.resolveengine.graph.DependencyGraphBuilder] Selecting new module version org.springframework.boot:spring-boot-autoconfigure:1.5.4.RELEASE
09:37:02.535 [DEBUG] [org.gradle.api.internal.artifacts.ivyservice.ivyresolve.RepositoryChainComponentMetaDataResolver] Attempting to resolve component for org.springframework.boot:spring-boot-autoconfigure:1.5.4.RELEASE using repositories [MavenLocal, maven, maven2, maven3]
09:37:02.535 [DEBUG] [org.gradle.api.internal.artifacts.repositories.resolver.DefaultExternalResourceArtifactResolver] Loading file:/Users/michaelmennis/.m2/repository/org/springframework/boot/spring-boot-autoconfigure/1.5.4.RELEASE/spring-boot-autoconfigure-1.5.4.RELEASE.pom
09:37:02.535 [DEBUG] [org.gradle.api.internal.artifacts.repositories.resolver.DefaultExternalResourceArtifactResolver] Loading file:/Users/michaelmennis/.m2/repository/org/springframework/boot/spring-boot-autoconfigure/1.5.4.RELEASE/spring-boot-autoconfigure-1.5.4.RELEASE.jar
09:37:02.535 [DEBUG] [org.gradle.api.internal.artifacts.repositories.resolver.ExternalResourceResolver] No meta-data file or artifact found for module 'org.springframework.boot:spring-boot-autoconfigure:1.5.4.RELEASE' in repository 'MavenLocal'.
09:37:02.535 [DEBUG] [org.gradle.api.internal.artifacts.ivyservice.ivyresolve.CachingModuleComponentRepository] Using cached module metadata for module 'org.springframework.boot:spring-boot-autoconfigure:1.5.4.RELEASE' in 'maven'
09:37:02.536 [DEBUG] [org.gradle.api.internal.artifacts.ivyservice.ivyresolve.RepositoryChainComponentMetaDataResolver] Using org.springframework.boot:spring-boot-autoconfigure:1.5.4.RELEASE from Maven repository 'maven'
09:37:02.536 [DEBUG] [org.gradle.api.internal.artifacts.ivyservice.resolveengine.graph.DependencyGraphBuilder] Visiting dependency fakeyelp:fakeyelp:0.1(runtime) -> dependency: org.grails:grails-core: from-conf: compile to-conf: null
09:37:02.536 [DEBUG] [io.spring.gradle.dependencymanagement.internal.VersionConfiguringAction] Processing dependency 'org.grails:grails-core:'
09:37:02.536 [DEBUG] [io.spring.gradle.dependencymanagement.internal.DependencyManagementContainer] Found managed version '3.3.0' for dependency 'org.grails:grails-core' in global dependency management
09:37:02.536 [DEBUG] [io.spring.gradle.dependencymanagement.internal.VersionConfiguringAction] Using version '3.3.0' for dependency 'org.grails:grails-core:'
09:37:02.536 [DEBUG] [org.gradle.api.internal.artifacts.ivyservice.resolveengine.graph.DependencyGraphBuilder] Selecting new module version org.grails:grails-core:3.3.0
09:37:02.536 [DEBUG] [org.gradle.api.internal.artifacts.ivyservice.ivyresolve.RepositoryChainComponentMetaDataResolver] Attempting to resolve component for org.grails:grails-core:3.3.0 using repositories [MavenLocal, maven, maven2, maven3]
09:37:02.536 [DEBUG] [org.gradle.api.internal.artifacts.repositories.resolver.DefaultExternalResourceArtifactResolver] Loading file:/Users/michaelmennis/.m2/repository/org/grails/grails-core/3.3.0/grails-core-3.3.0.pom
09:37:02.536 [DEBUG] [org.gradle.api.internal.artifacts.repositories.resolver.DefaultExternalResourceArtifactResolver] Loading file:/Users/michaelmennis/.m2/repository/org/grails/grails-core/3.3.0/grails-core-3.3.0.jar
09:37:02.536 [DEBUG] [org.gradle.api.internal.artifacts.repositories.resolver.ExternalResourceResolver] No meta-data file or artifact found for module 'org.grails:grails-core:3.3.0' in repository 'MavenLocal'.
09:37:02.538 [DEBUG] [org.gradle.api.internal.artifacts.ivyservice.ivyresolve.CachingModuleComponentRepository] Using cached module metadata for module 'org.grails:grails-core:3.3.0' in 'maven'
09:37:02.539 [DEBUG] [org.gradle.api.internal.artifacts.ivyservice.ivyresolve.RepositoryChainComponentMetaDataResolver] Using org.grails:grails-core:3.3.0 from Maven repository 'maven'
09:37:02.539 [DEBUG] [org.gradle.api.internal.artifacts.ivyservice.resolveengine.graph.DependencyGraphBuilder] Visiting dependency fakeyelp:fakeyelp:0.1(runtime) -> dependency: org.springframework.boot:spring-boot-starter-actuator: from-conf: compile to-conf: null
09:37:02.539 [DEBUG] [io.spring.gradle.dependencymanagement.internal.VersionConfiguringAction] Processing dependency 'org.springframework.boot:spring-boot-starter-actuator:'
09:37:02.539 [DEBUG] [io.spring.gradle.dependencymanagement.internal.DependencyManagementContainer] Found managed version '1.5.4.RELEASE' for dependency 'org.springframework.boot:spring-boot-starter-actuator' in global dependency management
09:37:02.539 [DEBUG] [io.spring.gradle.dependencymanagement.internal.VersionConfiguringAction] Using version '1.5.4.RELEASE' for dependency 'org.springframework.boot:spring-boot-starter-actuator:'
09:37:02.539 [DEBUG] [org.gradle.api.internal.artifacts.ivyservice.resolveengine.graph.DependencyGraphBuilder] Selecting new module version org.springframework.boot:spring-boot-starter-actuator:1.5.4.RELEASE
09:37:02.539 [DEBUG] [org.gradle.api.internal.artifacts.ivyservice.ivyresolve.RepositoryChainComponentMetaDataResolver] Attempting to resolve component for org.springframework.boot:spring-boot-starter-actuator:1.5.4.RELEASE using repositories [MavenLocal, maven, maven2, maven3]
09:37:02.539 [DEBUG] [org.gradle.api.internal.artifacts.repositories.resolver.DefaultExternalResourceArtifactResolver] Loading file:/Users/michaelmennis/.m2/repository/org/springframework/boot/spring-boot-starter-actuator/1.5.4.RELEASE/spring-boot-starter-actuator-1.5.4.RELEASE.pom
09:37:02.539 [DEBUG] [org.gradle.api.internal.artifacts.repositories.resolver.DefaultExternalResourceArtifactResolver] Loading file:/Users/michaelmennis/.m2/repository/org/springframework/boot/spring-boot-starter-actuator/1.5.4.RELEASE/spring-boot-starter-actuator-1.5.4.RELEASE.jar
09:37:02.539 [DEBUG] [org.gradle.api.internal.artifacts.repositories.resolver.ExternalResourceResolver] No meta-data file or artifact found for module 'org.springframework.boot:spring-boot-starter-actuator:1.5.4.RELEASE' in repository 'MavenLocal'.
09:37:02.540 [DEBUG] [org.gradle.api.internal.artifacts.ivyservice.ivyresolve.CachingModuleComponentRepository] Using cached module metadata for module 'org.springframework.boot:spring-boot-starter-actuator:1.5.4.RELEASE' in 'maven'
09:37:02.540 [DEBUG] [org.gradle.api.internal.artifacts.ivyservice.ivyresolve.RepositoryChainComponentMetaDataResolver] Using org.springframework.boot:spring-boot-starter-actuator:1.5.4.RELEASE from Maven repository 'maven'
09:37:02.540 [DEBUG] [org.gradle.api.internal.artifacts.ivyservice.resolveengine.graph.DependencyGraphBuilder] Visiting dependency fakeyelp:fakeyelp:0.1(runtime) -> dependency: org.springframework.boot:spring-boot-starter-tomcat: from-conf: compile to-conf: null
09:37:02.540 [DEBUG] [io.spring.gradle.dependencymanagement.internal.VersionConfiguringAction] Processing dependency 'org.springframework.boot:spring-boot-starter-tomcat:'
09:37:02.540 [DEBUG] [io.spring.gradle.dependencymanagement.internal.DependencyManagementContainer] Found managed version '1.5.4.RELEASE' for dependency 'org.springframework.boot:spring-boot-starter-tomcat' in global dependency management
09:37:02.540 [DEBUG] [io.spring.gradle.dependencymanagement.internal.VersionConfiguringAction] Using version '1.5.4.RELEASE' for dependency 'org.springframework.boot:spring-boot-starter-tomcat:'
09:37:02.540 [DEBUG] [org.gradle.api.internal.artifacts.ivyservice.resolveengine.graph.DependencyGraphBuilder] Selecting new module version org.springframework.boot:spring-boot-starter-tomcat:1.5.4.RELEASE
09:37:02.540 [DEBUG] [org.gradle.api.internal.artifacts.ivyservice.ivyresolve.RepositoryChainComponentMetaDataResolver] Attempting to resolve component for org.springframework.boot:spring-boot-starter-tomcat:1.5.4.RELEASE using repositories [MavenLocal, maven, maven2, maven3]
09:37:02.540 [DEBUG] [org.gradle.api.internal.artifacts.repositories.resolver.DefaultExternalResourceArtifactResolver] Loading file:/Users/michaelmennis/.m2/repository/org/springframework/boot/spring-boot-starter-tomcat/1.5.4.RELEASE/spring-boot-starter-tomcat-1.5.4.RELEASE.pom
09:37:02.540 [DEBUG] [org.gradle.api.internal.artifacts.repositories.resolver.DefaultExternalResourceArtifactResolver] Loading file:/Users/michaelmennis/.m2/repository/org/springframework/boot/spring-boot-starter-tomcat/1.5.4.RELEASE/spring-boot-starter-tomcat-1.5.4.RELEASE.jar
09:37:02.540 [DEBUG] [org.gradle.api.internal.artifacts.repositories.resolver.ExternalResourceResolver] No meta-data file or artifact found for module 'org.springframework.boot:spring-boot-starter-tomcat:1.5.4.RELEASE' in repository 'MavenLocal'.
09:37:02.541 [DEBUG] [org.gradle.api.internal.artifacts.ivyservice.ivyresolve.CachingModuleComponentRepository] Using cached module metadata for module 'org.springframework.boot:spring-boot-starter-tomcat:1.5.4.RELEASE' in 'maven'
09:37:02.541 [DEBUG] [org.gradle.api.internal.artifacts.ivyservice.ivyresolve.RepositoryChainComponentMetaDataResolver] Using org.springframework.boot:spring-boot-starter-tomcat:1.5.4.RELEASE from Maven repository 'maven'
09:37:02.541 [DEBUG] [org.gradle.api.internal.artifacts.ivyservice.resolveengine.graph.DependencyGraphBuilder] Visiting dependency fakeyelp:fakeyelp:0.1(runtime) -> dependency: org.grails:grails-web-boot: from-conf: compile to-conf: null
09:37:02.541 [DEBUG] [io.spring.gradle.dependencymanagement.internal.VersionConfiguringAction] Processing dependency 'org.grails:grails-web-boot:'
09:37:02.541 [DEBUG] [io.spring.gradle.dependencymanagement.internal.DependencyManagementContainer] Found managed version '3.3.0' for dependency 'org.grails:grails-web-boot' in global dependency management
09:37:02.541 [DEBUG] [io.spring.gradle.dependencymanagement.internal.VersionConfiguringAction] Using version '3.3.0' for dependency 'org.grails:grails-web-boot:'
09:37:02.541 [DEBUG] [org.gradle.api.internal.artifacts.ivyservice.resolveengine.graph.DependencyGraphBuilder] Selecting new module version org.grails:grails-web-boot:3.3.0
09:37:02.541 [DEBUG] [org.gradle.api.internal.artifacts.ivyservice.ivyresolve.RepositoryChainComponentMetaDataResolver] Attempting to resolve component for org.grails:grails-web-boot:3.3.0 using repositories [MavenLocal, maven, maven2, maven3]
09:37:02.541 [DEBUG] [org.gradle.api.internal.artifacts.repositories.resolver.DefaultExternalResourceArtifactResolver] Loading file:/Users/michaelmennis/.m2/repository/org/grails/grails-web-boot/3.3.0/grails-web-boot-3.3.0.pom
09:37:02.541 [DEBUG] [org.gradle.api.internal.artifacts.repositories.resolver.DefaultExternalResourceArtifactResolver] Loading file:/Users/michaelmennis/.m2/repository/org/grails/grails-web-boot/3.3.0/grails-web-boot-3.3.0.jar
09:37:02.541 [DEBUG] [org.gradle.api.internal.artifacts.repositories.resolver.ExternalResourceResolver] No meta-data file or artifact found for module 'org.grails:grails-web-boot:3.3.0' in repository 'MavenLocal'.
09:37:02.542 [DEBUG] [org.gradle.api.internal.artifacts.ivyservice.ivyresolve.CachingModuleComponentRepository] Using cached module metadata for module 'org.grails:grails-web-boot:3.3.0' in 'maven'
09:37:02.542 [DEBUG] [org.gradle.api.internal.artifacts.ivyservice.ivyresolve.RepositoryChainComponentMetaDataResolver] Using org.grails:grails-web-boot:3.3.0 from Maven repository 'maven'
09:37:02.542 [DEBUG] [org.gradle.api.internal.artifacts.ivyservice.resolveengine.graph.DependencyGraphBuilder] Visiting dependency fakeyelp:fakeyelp:0.1(runtime) -> dependency: org.grails:grails-logging: from-conf: compile to-conf: null
09:37:02.542 [DEBUG] [io.spring.gradle.dependencymanagement.internal.VersionConfiguringAction] Processing dependency 'org.grails:grails-logging:'
09:37:02.544 [DEBUG] [io.spring.gradle.dependencymanagement.internal.DependencyManagementContainer] Found managed version '3.3.0' for dependency 'org.grails:grails-logging' in global dependency management
09:37:02.544 [DEBUG] [io.spring.gradle.dependencymanagement.internal.VersionConfiguringAction] Using version '3.3.0' for dependency 'org.grails:grails-logging:'
09:37:02.544 [DEBUG] [org.gradle.api.internal.artifacts.ivyservice.resolveengine.graph.DependencyGraphBuilder] Selecting new module version org.grails:grails-logging:3.3.0
09:37:02.544 [DEBUG] [org.gradle.api.internal.artifacts.ivyservice.ivyresolve.RepositoryChainComponentMetaDataResolver] Attempting to resolve component for org.grails:grails-logging:3.3.0 using repositories [MavenLocal, maven, maven2, maven3]
09:37:02.544 [DEBUG] [org.gradle.api.internal.artifacts.repositories.resolver.DefaultExternalResourceArtifactResolver] Loading file:/Users/michaelmennis/.m2/repository/org/grails/grails-logging/3.3.0/grails-logging-3.3.0.pom
09:37:02.544 [DEBUG] [org.gradle.api.internal.artifacts.repositories.resolver.DefaultExternalResourceArtifactResolver] Loading file:/Users/michaelmennis/.m2/repository/org/grails/grails-logging/3.3.0/grails-logging-3.3.0.jar
09:37:02.544 [DEBUG] [org.gradle.api.internal.artifacts.repositories.resolver.ExternalResourceResolver] No meta-data file or artifact found for module 'org.grails:grails-logging:3.3.0' in repository 'MavenLocal'.
09:37:02.545 [DEBUG] [org.gradle.api.internal.artifacts.ivyservice.ivyresolve.CachingModuleComponentRepository] Using cached module metadata for module 'org.grails:grails-logging:3.3.0' in 'maven'
09:37:02.545 [DEBUG] [org.gradle.api.internal.artifacts.ivyservice.ivyresolve.RepositoryChainComponentMetaDataResolver] Using org.grails:grails-logging:3.3.0 from Maven repository 'maven'
09:37:02.545 [DEBUG] [org.gradle.api.internal.artifacts.ivyservice.resolveengine.graph.DependencyGraphBuilder] Visiting dependency fakeyelp:fakeyelp:0.1(runtime) -> dependency: org.grails:grails-plugin-rest: from-conf: compile to-conf: null
09:37:02.545 [DEBUG] [io.spring.gradle.dependencymanagement.internal.VersionConfiguringAction] Processing dependency 'org.grails:grails-plugin-rest:'
09:37:02.545 [DEBUG] [io.spring.gradle.dependencymanagement.internal.DependencyManagementContainer] Found managed version '3.3.0' for dependency 'org.grails:grails-plugin-rest' in global dependency management
09:37:02.545 [DEBUG] [io.spring.gradle.dependencymanagement.internal.VersionConfiguringAction] Using version '3.3.0' for dependency 'org.grails:grails-plugin-rest:'
09:37:02.545 [DEBUG] [org.gradle.api.internal.artifacts.ivyservice.resolveengine.graph.DependencyGraphBuilder] Selecting new module version org.grails:grails-plugin-rest:3.3.0
09:37:02.545 [DEBUG] [org.gradle.api.internal.artifacts.ivyservice.ivyresolve.RepositoryChainComponentMetaDataResolver] Attempting to resolve component for org.grails:grails-plugin-rest:3.3.0 using repositories [MavenLocal, maven, maven2, maven3]
09:37:02.545 [DEBUG] [org.gradle.api.internal.artifacts.repositories.resolver.DefaultExternalResourceArtifactResolver] Loading file:/Users/michaelmennis/.m2/repository/org/grails/grails-plugin-rest/3.3.0/grails-plugin-rest-3.3.0.pom
09:37:02.545 [DEBUG] [org.gradle.api.internal.artifacts.repositories.resolver.DefaultExternalResourceArtifactResolver] Loading file:/Users/michaelmennis/.m2/repository/org/grails/grails-plugin-rest/3.3.0/grails-plugin-rest-3.3.0.jar
09:37:02.545 [DEBUG] [org.gradle.api.internal.artifacts.repositories.resolver.ExternalResourceResolver] No meta-data file or artifact found for module 'org.grails:grails-plugin-rest:3.3.0' in repository 'MavenLocal'.
09:37:02.546 [DEBUG] [org.gradle.api.internal.artifacts.ivyservice.ivyresolve.CachingModuleComponentRepository] Using cached module metadata for module 'org.grails:grails-plugin-rest:3.3.0' in 'maven'
09:37:02.546 [DEBUG] [org.gradle.api.internal.artifacts.ivyservice.ivyresolve.RepositoryChainComponentMetaDataResolver] Using org.grails:grails-plugin-rest:3.3.0 from Maven repository 'maven'
09:37:02.546 [DEBUG] [org.gradle.api.internal.artifacts.ivyservice.resolveengine.graph.DependencyGraphBuilder] Visiting dependency fakeyelp:fakeyelp:0.1(runtime) -> dependency: org.grails:grails-plugin-databinding: from-conf: compile to-conf: null
09:37:02.546 [DEBUG] [io.spring.gradle.dependencymanagement.internal.VersionConfiguringAction] Processing dependency 'org.grails:grails-plugin-databinding:'
09:37:02.546 [DEBUG] [io.spring.gradle.dependencymanagement.internal.DependencyManagementContainer] Found managed version '3.3.0' for dependency 'org.grails:grails-plugin-databinding' in global dependency management
09:37:02.546 [DEBUG] [io.spring.gradle.dependencymanagement.internal.VersionConfiguringAction] Using version '3.3.0' for dependency 'org.grails:grails-plugin-databinding:'
09:37:02.547 [DEBUG] [org.gradle.api.internal.artifacts.ivyservice.resolveengine.graph.DependencyGraphBuilder] Selecting new module version org.grails:grails-plugin-databinding:3.3.0
09:37:02.547 [DEBUG] [org.gradle.api.internal.artifacts.ivyservice.ivyresolve.RepositoryChainComponentMetaDataResolver] Attempting to resolve component for org.grails:grails-plugin-databinding:3.3.0 using repositories [MavenLocal, maven, maven2, maven3]
09:37:02.547 [DEBUG] [org.gradle.api.internal.artifacts.repositories.resolver.DefaultExternalResourceArtifactResolver] Loading file:/Users/michaelmennis/.m2/repository/org/grails/grails-plugin-databinding/3.3.0/grails-plugin-databinding-3.3.0.pom
09:37:02.547 [DEBUG] [org.gradle.api.internal.artifacts.repositories.resolver.DefaultExternalResourceArtifactResolver] Loading file:/Users/michaelmennis/.m2/repository/org/grails/grails-plugin-databinding/3.3.0/grails-plugin-databinding-3.3.0.jar
09:37:02.547 [DEBUG] [org.gradle.api.internal.artifacts.repositories.resolver.ExternalResourceResolver] No meta-data file or artifact found for module 'org.grails:grails-plugin-databinding:3.3.0' in repository 'MavenLocal'.
09:37:02.548 [DEBUG] [org.gradle.api.internal.artifacts.ivyservice.ivyresolve.CachingModuleComponentRepository] Using cached module metadata for module 'org.grails:grails-plugin-databinding:3.3.0' in 'maven'
09:37:02.548 [DEBUG] [org.gradle.api.internal.artifacts.ivyservice.ivyresolve.RepositoryChainComponentMetaDataResolver] Using org.grails:grails-plugin-databinding:3.3.0 from Maven repository 'maven'
09:37:02.548 [DEBUG] [org.gradle.api.internal.artifacts.ivyservice.resolveengine.graph.DependencyGraphBuilder] Visiting dependency fakeyelp:fakeyelp:0.1(runtime) -> dependency: org.grails:grails-plugin-i18n: from-conf: compile to-conf: null
09:37:02.548 [DEBUG] [io.spring.gradle.dependencymanagement.internal.VersionConfiguringAction] Processing dependency 'org.grails:grails-plugin-i18n:'
09:37:02.548 [DEBUG] [io.spring.gradle.dependencymanagement.internal.DependencyManagementContainer] Found managed version '3.3.0' for dependency 'org.grails:grails-plugin-i18n' in global dependency management
09:37:02.548 [DEBUG] [io.spring.gradle.dependencymanagement.internal.VersionConfiguringAction] Using version '3.3.0' for dependency 'org.grails:grails-plugin-i18n:'
09:37:02.548 [DEBUG] [org.gradle.api.internal.artifacts.ivyservice.resolveengine.graph.DependencyGraphBuilder] Selecting new module version org.grails:grails-plugin-i18n:3.3.0
09:37:02.548 [DEBUG] [org.gradle.api.internal.artifacts.ivyservice.ivyresolve.RepositoryChainComponentMetaDataResolver] Attempting to resolve component for org.grails:grails-plugin-i18n:3.3.0 using repositories [MavenLocal, maven, maven2, maven3]
09:37:02.548 [DEBUG] [org.gradle.api.internal.artifacts.repositories.resolver.DefaultExternalResourceArtifactResolver] Loading file:/Users/michaelmennis/.m2/repository/org/grails/grails-plugin-i18n/3.3.0/grails-plugin-i18n-3.3.0.pom
09:37:02.549 [DEBUG] [org.gradle.api.internal.artifacts.repositories.resolver.DefaultExternalResourceArtifactResolver] Loading file:/Users/michaelmennis/.m2/repository/org/grails/grails-plugin-i18n/3.3.0/grails-plugin-i18n-3.3.0.jar
09:37:02.549 [DEBUG] [org.gradle.api.internal.artifacts.repositories.resolver.ExternalResourceResolver] No meta-data file or artifact found for module 'org.grails:grails-plugin-i18n:3.3.0' in repository 'MavenLocal'.
09:37:02.549 [DEBUG] [org.gradle.api.internal.artifacts.ivyservice.ivyresolve.CachingModuleComponentRepository] Using cached module metadata for module 'org.grails:grails-plugin-i18n:3.3.0' in 'maven'
09:37:02.549 [DEBUG] [org.gradle.api.internal.artifacts.ivyservice.ivyresolve.RepositoryChainComponentMetaDataResolver] Using org.grails:grails-plugin-i18n:3.3.0 from Maven repository 'maven'
09:37:02.549 [DEBUG] [org.gradle.api.internal.artifacts.ivyservice.resolveengine.graph.DependencyGraphBuilder] Visiting dependency fakeyelp:fakeyelp:0.1(runtime) -> dependency: org.grails:grails-plugin-services: from-conf: compile to-conf: null
09:37:02.549 [DEBUG] [io.spring.gradle.dependencymanagement.internal.VersionConfiguringAction] Processing dependency 'org.grails:grails-plugin-services:'
09:37:02.549 [DEBUG] [io.spring.gradle.dependencymanagement.internal.DependencyManagementContainer] Found managed version '3.3.0' for dependency 'org.grails:grails-plugin-services' in global dependency management
09:37:02.549 [DEBUG] [io.spring.gradle.dependencymanagement.internal.VersionConfiguringAction] Using version '3.3.0' for dependency 'org.grails:grails-plugin-services:'
09:37:02.550 [DEBUG] [org.gradle.api.internal.artifacts.ivyservice.resolveengine.graph.DependencyGraphBuilder] Selecting new module version org.grails:grails-plugin-services:3.3.0
09:37:02.550 [DEBUG] [org.gradle.api.internal.artifacts.ivyservice.ivyresolve.RepositoryChainComponentMetaDataResolver] Attempting to resolve component for org.grails:grails-plugin-services:3.3.0 using repositories [MavenLocal, maven, maven2, maven3]
09:37:02.550 [DEBUG] [org.gradle.api.internal.artifacts.repositories.resolver.DefaultExternalResourceArtifactResolver] Loading file:/Users/michaelmennis/.m2/repository/org/grails/grails-plugin-services/3.3.0/grails-plugin-services-3.3.0.pom
09:37:02.550 [DEBUG] [org.gradle.api.internal.artifacts.repositories.resolver.DefaultExternalResourceArtifactResolver] Loading file:/Users/michaelmennis/.m2/repository/org/grails/grails-plugin-services/3.3.0/grails-plugin-services-3.3.0.jar
09:37:02.550 [DEBUG] [org.gradle.api.internal.artifacts.repositories.resolver.ExternalResourceResolver] No meta-data file or artifact found for module 'org.grails:grails-plugin-services:3.3.0' in repository 'MavenLocal'.
09:37:02.550 [DEBUG] [org.gradle.api.internal.artifacts.ivyservice.ivyresolve.CachingModuleComponentRepository] Using cached module metadata for module 'org.grails:grails-plugin-services:3.3.0' in 'maven'
09:37:02.550 [DEBUG] [org.gradle.api.internal.artifacts.ivyservice.ivyresolve.RepositoryChainComponentMetaDataResolver] Using org.grails:grails-plugin-services:3.3.0 from Maven repository 'maven'
09:37:02.551 [DEBUG] [org.gradle.api.internal.artifacts.ivyservice.resolveengine.graph.DependencyGraphBuilder] Visiting dependency fakeyelp:fakeyelp:0.1(runtime) -> dependency: org.grails:grails-plugin-url-mappings: from-conf: compile to-conf: null
09:37:02.551 [DEBUG] [io.spring.gradle.dependencymanagement.internal.VersionConfiguringAction] Processing dependency 'org.grails:grails-plugin-url-mappings:'
09:37:02.551 [DEBUG] [io.spring.gradle.dependencymanagement.internal.DependencyManagementContainer] Found managed version '3.3.0' for dependency 'org.grails:grails-plugin-url-mappings' in global dependency management
09:37:02.551 [DEBUG] [io.spring.gradle.dependencymanagement.internal.VersionConfiguringAction] Using version '3.3.0' for dependency 'org.grails:grails-plugin-url-mappings:'
09:37:02.551 [DEBUG] [org.gradle.api.internal.artifacts.ivyservice.resolveengine.graph.DependencyGraphBuilder] Selecting new module version org.grails:grails-plugin-url-mappings:3.3.0
09:37:02.551 [DEBUG] [org.gradle.api.internal.artifacts.ivyservice.ivyresolve.RepositoryChainComponentMetaDataResolver] Attempting to resolve component for org.grails:grails-plugin-url-mappings:3.3.0 using repositories [MavenLocal, maven, maven2, maven3]
09:37:02.551 [DEBUG] [org.gradle.api.internal.artifacts.repositories.resolver.DefaultExternalResourceArtifactResolver] Loading file:/Users/michaelmennis/.m2/repository/org/grails/grails-plugin-url-mappings/3.3.0/grails-plugin-url-mappings-3.3.0.pom
09:37:02.551 [DEBUG] [org.gradle.api.internal.artifacts.repositories.resolver.DefaultExternalResourceArtifactResolver] Loading file:/Users/michaelmennis/.m2/repository/org/grails/grails-plugin-url-mappings/3.3.0/grails-plugin-url-mappings-3.3.0.jar
09:37:02.551 [DEBUG] [org.gradle.api.internal.artifacts.repositories.resolver.ExternalResourceResolver] No meta-data file or artifact found for module 'org.grails:grails-plugin-url-mappings:3.3.0' in repository 'MavenLocal'.
09:37:02.551 [DEBUG] [org.gradle.api.internal.artifacts.ivyservice.ivyresolve.CachingModuleComponentRepository] Using cached module metadata for module 'org.grails:grails-plugin-url-mappings:3.3.0' in 'maven'
09:37:02.551 [DEBUG] [org.gradle.api.internal.artifacts.ivyservice.ivyresolve.RepositoryChainComponentMetaDataResolver] Using org.grails:grails-plugin-url-mappings:3.3.0 from Maven repository 'maven'
09:37:02.551 [DEBUG] [org.gradle.api.internal.artifacts.ivyservice.resolveengine.graph.DependencyGraphBuilder] Visiting dependency fakeyelp:fakeyelp:0.1(runtime) -> dependency: org.grails:grails-plugin-interceptors: from-conf: compile to-conf: null
09:37:02.551 [DEBUG] [io.spring.gradle.dependencymanagement.internal.VersionConfiguringAction] Processing dependency 'org.grails:grails-plugin-interceptors:'
09:37:02.551 [DEBUG] [io.spring.gradle.dependencymanagement.internal.DependencyManagementContainer] Found managed version '3.3.0' for dependency 'org.grails:grails-plugin-interceptors' in global dependency management
09:37:02.552 [DEBUG] [io.spring.gradle.dependencymanagement.internal.VersionConfiguringAction] Using version '3.3.0' for dependency 'org.grails:grails-plugin-interceptors:'
09:37:02.552 [DEBUG] [org.gradle.api.internal.artifacts.ivyservice.resolveengine.graph.DependencyGraphBuilder] Selecting new module version org.grails:grails-plugin-interceptors:3.3.0
09:37:02.552 [DEBUG] [org.gradle.api.internal.artifacts.ivyservice.ivyresolve.RepositoryChainComponentMetaDataResolver] Attempting to resolve component for org.grails:grails-plugin-interceptors:3.3.0 using repositories [MavenLocal, maven, maven2, maven3]
09:37:02.552 [DEBUG] [org.gradle.api.internal.artifacts.repositories.resolver.DefaultExternalResourceArtifactResolver] Loading file:/Users/michaelmennis/.m2/repository/org/grails/grails-plugin-interceptors/3.3.0/grails-plugin-interceptors-3.3.0.pom
09:37:02.552 [DEBUG] [org.gradle.api.internal.artifacts.repositories.resolver.DefaultExternalResourceArtifactResolver] Loading file:/Users/michaelmennis/.m2/repository/org/grails/grails-plugin-interceptors/3.3.0/grails-plugin-interceptors-3.3.0.jar
09:37:02.552 [DEBUG] [org.gradle.api.internal.artifacts.repositories.resolver.ExternalResourceResolver] No meta-data file or artifact found for module 'org.grails:grails-plugin-interceptors:3.3.0' in repository 'MavenLocal'.
09:37:02.552 [DEBUG] [org.gradle.api.internal.artifacts.ivyservice.ivyresolve.CachingModuleComponentRepository] Using cached module metadata for module 'org.grails:grails-plugin-interceptors:3.3.0' in 'maven'
09:37:02.552 [DEBUG] [org.gradle.api.internal.artifacts.ivyservice.ivyresolve.RepositoryChainComponentMetaDataResolver] Using org.grails:grails-plugin-interceptors:3.3.0 from Maven repository 'maven'
09:37:02.552 [DEBUG] [org.gradle.api.internal.artifacts.ivyservice.resolveengine.graph.DependencyGraphBuilder] Visiting dependency fakeyelp:fakeyelp:0.1(runtime) -> dependency: org.grails.plugins:cache: from-conf: compile to-conf: null
09:37:02.552 [DEBUG] [io.spring.gradle.dependencymanagement.internal.VersionConfiguringAction] Processing dependency 'org.grails.plugins:cache:'
09:37:02.552 [DEBUG] [io.spring.gradle.dependencymanagement.internal.DependencyManagementContainer] Found managed version '4.0.0' for dependency 'org.grails.plugins:cache' in global dependency management
09:37:02.552 [DEBUG] [io.spring.gradle.dependencymanagement.internal.VersionConfiguringAction] Using version '4.0.0' for dependency 'org.grails.plugins:cache:'
09:37:02.552 [DEBUG] [org.gradle.api.internal.artifacts.ivyservice.resolveengine.graph.DependencyGraphBuilder] Selecting new module version org.grails.plugins:cache:4.0.0
09:37:02.552 [DEBUG] [org.gradle.api.internal.artifacts.ivyservice.ivyresolve.RepositoryChainComponentMetaDataResolver] Attempting to resolve component for org.grails.plugins:cache:4.0.0 using repositories [MavenLocal, maven, maven2, maven3]
09:37:02.553 [DEBUG] [org.gradle.api.internal.artifacts.repositories.resolver.DefaultExternalResourceArtifactResolver] Loading file:/Users/michaelmennis/.m2/repository/org/grails/plugins/cache/4.0.0/cache-4.0.0.pom
09:37:02.553 [DEBUG] [org.gradle.api.internal.artifacts.repositories.resolver.DefaultExternalResourceArtifactResolver] Loading file:/Users/michaelmennis/.m2/repository/org/grails/plugins/cache/4.0.0/cache-4.0.0.jar
09:37:02.553 [DEBUG] [org.gradle.api.internal.artifacts.repositories.resolver.ExternalResourceResolver] No meta-data file or artifact found for module 'org.grails.plugins:cache:4.0.0' in repository 'MavenLocal'.
09:37:02.553 [DEBUG] [org.gradle.api.internal.artifacts.ivyservice.ivyresolve.CachingModuleComponentRepository] Using cached module metadata for module 'org.grails.plugins:cache:4.0.0' in 'maven'
09:37:02.553 [DEBUG] [org.gradle.api.internal.artifacts.ivyservice.ivyresolve.RepositoryChainComponentMetaDataResolver] Using org.grails.plugins:cache:4.0.0 from Maven repository 'maven'
09:37:02.553 [DEBUG] [org.gradle.api.internal.artifacts.ivyservice.resolveengine.graph.DependencyGraphBuilder] Visiting dependency fakeyelp:fakeyelp:0.1(runtime) -> dependency: org.grails.plugins:async: from-conf: compile to-conf: null
09:37:02.553 [DEBUG] [io.spring.gradle.dependencymanagement.internal.VersionConfiguringAction] Processing dependency 'org.grails.plugins:async:'
09:37:02.553 [DEBUG] [io.spring.gradle.dependencymanagement.internal.DependencyManagementContainer] Found managed version '3.3.0' for dependency 'org.grails.plugins:async' in global dependency management
09:37:02.553 [DEBUG] [io.spring.gradle.dependencymanagement.internal.VersionConfiguringAction] Using version '3.3.0' for dependency 'org.grails.plugins:async:'
09:37:02.553 [DEBUG] [org.gradle.api.internal.artifacts.ivyservice.resolveengine.graph.DependencyGraphBuilder] Selecting new module version org.grails.plugins:async:3.3.0
09:37:02.553 [DEBUG] [org.gradle.api.internal.artifacts.ivyservice.ivyresolve.RepositoryChainComponentMetaDataResolver] Attempting to resolve component for org.grails.plugins:async:3.3.0 using repositories [MavenLocal, maven, maven2, maven3]
09:37:02.553 [DEBUG] [org.gradle.api.internal.artifacts.repositories.resolver.DefaultExternalResourceArtifactResolver] Loading file:/Users/michaelmennis/.m2/repository/org/grails/plugins/async/3.3.0/async-3.3.0.pom
09:37:02.553 [DEBUG] [org.gradle.api.internal.artifacts.repositories.resolver.DefaultExternalResourceArtifactResolver] Loading file:/Users/michaelmennis/.m2/repository/org/grails/plugins/async/3.3.0/async-3.3.0.jar
09:37:02.554 [DEBUG] [org.gradle.api.internal.artifacts.repositories.resolver.ExternalResourceResolver] No meta-data file or artifact found for module 'org.grails.plugins:async:3.3.0' in repository 'MavenLocal'.
09:37:02.554 [DEBUG] [org.gradle.api.internal.artifacts.ivyservice.ivyresolve.CachingModuleComponentRepository] Using cached module metadata for module 'org.grails.plugins:async:3.3.0' in 'maven'
09:37:02.554 [DEBUG] [org.gradle.api.internal.artifacts.ivyservice.ivyresolve.RepositoryChainComponentMetaDataResolver] Using org.grails.plugins:async:3.3.0 from Maven repository 'maven'
09:37:02.554 [DEBUG] [org.gradle.api.internal.artifacts.ivyservice.resolveengine.graph.DependencyGraphBuilder] Visiting dependency fakeyelp:fakeyelp:0.1(runtime) -> dependency: org.grails.plugins:scaffolding: from-conf: compile to-conf: null
09:37:02.554 [DEBUG] [io.spring.gradle.dependencymanagement.internal.VersionConfiguringAction] Processing dependency 'org.grails.plugins:scaffolding:'
09:37:02.554 [DEBUG] [io.spring.gradle.dependencymanagement.internal.DependencyManagementContainer] Found managed version '3.3.3' for dependency 'org.grails.plugins:scaffolding' in global dependency management
09:37:02.554 [DEBUG] [io.spring.gradle.dependencymanagement.internal.VersionConfiguringAction] Using version '3.3.3' for dependency 'org.grails.plugins:scaffolding:'
09:37:02.555 [DEBUG] [org.gradle.api.internal.artifacts.ivyservice.resolveengine.graph.DependencyGraphBuilder] Selecting new module version org.grails.plugins:scaffolding:3.3.3
09:37:02.555 [DEBUG] [org.gradle.api.internal.artifacts.ivyservice.ivyresolve.RepositoryChainComponentMetaDataResolver] Attempting to resolve component for org.grails.plugins:scaffolding:3.3.3 using repositories [MavenLocal, maven, maven2, maven3]
09:37:02.555 [DEBUG] [org.gradle.api.internal.artifacts.repositories.resolver.DefaultExternalResourceArtifactResolver] Loading file:/Users/michaelmennis/.m2/repository/org/grails/plugins/scaffolding/3.3.3/scaffolding-3.3.3.pom
09:37:02.555 [DEBUG] [org.gradle.api.internal.artifacts.repositories.resolver.DefaultExternalResourceArtifactResolver] Loading file:/Users/michaelmennis/.m2/repository/org/grails/plugins/scaffolding/3.3.3/scaffolding-3.3.3.jar
09:37:02.555 [DEBUG] [org.gradle.api.internal.artifacts.repositories.resolver.ExternalResourceResolver] No meta-data file or artifact found for module 'org.grails.plugins:scaffolding:3.3.3' in repository 'MavenLocal'.
09:37:02.555 [DEBUG] [org.gradle.api.internal.artifacts.ivyservice.ivyresolve.CachingModuleComponentRepository] Using cached module metadata for module 'org.grails.plugins:scaffolding:3.3.3' in 'maven'
09:37:02.555 [DEBUG] [org.gradle.api.internal.artifacts.ivyservice.ivyresolve.RepositoryChainComponentMetaDataResolver] Using org.grails.plugins:scaffolding:3.3.3 from Maven repository 'maven'
09:37:02.556 [DEBUG] [org.gradle.api.internal.artifacts.ivyservice.resolveengine.graph.DependencyGraphBuilder] Visiting dependency fakeyelp:fakeyelp:0.1(runtime) -> dependency: org.grails.plugins:events: from-conf: compile to-conf: null
09:37:02.556 [DEBUG] [io.spring.gradle.dependencymanagement.internal.VersionConfiguringAction] Processing dependency 'org.grails.plugins:events:'
09:37:02.556 [DEBUG] [io.spring.gradle.dependencymanagement.internal.DependencyManagementContainer] Found managed version '3.3.0' for dependency 'org.grails.plugins:events' in global dependency management
09:37:02.556 [DEBUG] [io.spring.gradle.dependencymanagement.internal.VersionConfiguringAction] Using version '3.3.0' for dependency 'org.grails.plugins:events:'
09:37:02.556 [DEBUG] [org.gradle.api.internal.artifacts.ivyservice.resolveengine.graph.DependencyGraphBuilder] Selecting new module version org.grails.plugins:events:3.3.0
09:37:02.556 [DEBUG] [org.gradle.api.internal.artifacts.ivyservice.ivyresolve.RepositoryChainComponentMetaDataResolver] Attempting to resolve component for org.grails.plugins:events:3.3.0 using repositories [MavenLocal, maven, maven2, maven3]
09:37:02.556 [DEBUG] [org.gradle.api.internal.artifacts.repositories.resolver.DefaultExternalResourceArtifactResolver] Loading file:/Users/michaelmennis/.m2/repository/org/grails/plugins/events/3.3.0/events-3.3.0.pom
09:37:02.556 [DEBUG] [org.gradle.api.internal.artifacts.repositories.resolver.DefaultExternalResourceArtifactResolver] Loading file:/Users/michaelmennis/.m2/repository/org/grails/plugins/events/3.3.0/events-3.3.0.jar
09:37:02.556 [DEBUG] [org.gradle.api.internal.artifacts.repositories.resolver.ExternalResourceResolver] No meta-data file or artifact found for module 'org.grails.plugins:events:3.3.0' in repository 'MavenLocal'.
09:37:02.557 [DEBUG] [org.gradle.api.internal.artifacts.ivyservice.ivyresolve.CachingModuleComponentRepository] Using cached module metadata for module 'org.grails.plugins:events:3.3.0' in 'maven'
09:37:02.557 [DEBUG] [org.gradle.api.internal.artifacts.ivyservice.ivyresolve.RepositoryChainComponentMetaDataResolver] Using org.grails.plugins:events:3.3.0 from Maven repository 'maven'
09:37:02.557 [DEBUG] [org.gradle.api.internal.artifacts.ivyservice.resolveengine.graph.DependencyGraphBuilder] Visiting dependency fakeyelp:fakeyelp:0.1(runtime) -> dependency: org.grails.plugins:hibernate5: from-conf: compile to-conf: null
09:37:02.557 [DEBUG] [io.spring.gradle.dependencymanagement.internal.VersionConfiguringAction] Processing dependency 'org.grails.plugins:hibernate5:'
09:37:02.557 [DEBUG] [io.spring.gradle.dependencymanagement.internal.DependencyManagementContainer] Found managed version '6.1.6' for dependency 'org.grails.plugins:hibernate5' in global dependency management
09:37:02.557 [DEBUG] [io.spring.gradle.dependencymanagement.internal.VersionConfiguringAction] Using version '6.1.6' for dependency 'org.grails.plugins:hibernate5:'
09:37:02.557 [DEBUG] [org.gradle.api.internal.artifacts.ivyservice.resolveengine.graph.DependencyGraphBuilder] Selecting new module version org.grails.plugins:hibernate5:6.1.6
09:37:02.557 [DEBUG] [org.gradle.api.internal.artifacts.ivyservice.ivyresolve.RepositoryChainComponentMetaDataResolver] Attempting to resolve component for org.grails.plugins:hibernate5:6.1.6 using repositories [MavenLocal, maven, maven2, maven3]
09:37:02.557 [DEBUG] [org.gradle.api.internal.artifacts.ivyservice.ivyresolve.RepositoryChainComponentMetaDataResolver] Using org.grails.plugins:hibernate5:6.1.6 from Maven repository 'maven'
09:37:02.557 [DEBUG] [org.gradle.api.internal.artifacts.ivyservice.resolveengine.graph.DependencyGraphBuilder] Visiting dependency fakeyelp:fakeyelp:0.1(runtime) -> dependency: org.hibernate:hibernate-core:5.1.5.Final from-conf: compile to-conf: null
09:37:02.557 [DEBUG] [io.spring.gradle.dependencymanagement.internal.VersionConfiguringAction] Processing dependency 'org.hibernate:hibernate-core:5.1.5.Final'
09:37:02.557 [DEBUG] [io.spring.gradle.dependencymanagement.internal.DependencyManagementContainer] Found managed version '5.1.5.Final' for dependency 'org.hibernate:hibernate-core' in dependency management for configuration 'runtime'
09:37:02.557 [DEBUG] [io.spring.gradle.dependencymanagement.internal.VersionConfiguringAction] Using version '5.1.5.Final' for dependency 'org.hibernate:hibernate-core:5.1.5.Final'
09:37:02.558 [DEBUG] [org.gradle.api.internal.artifacts.ivyservice.resolveengine.graph.DependencyGraphBuilder] Selecting new module version org.hibernate:hibernate-core:5.1.5.Final
09:37:02.558 [DEBUG] [org.gradle.api.internal.artifacts.ivyservice.ivyresolve.RepositoryChainComponentMetaDataResolver] Attempting to resolve component for org.hibernate:hibernate-core:5.1.5.Final using repositories [MavenLocal, maven, maven2, maven3]
09:37:02.558 [DEBUG] [org.gradle.api.internal.artifacts.ivyservice.ivyresolve.RepositoryChainComponentMetaDataResolver] Using org.hibernate:hibernate-core:5.1.5.Final from Maven repository 'maven'
09:37:02.558 [DEBUG] [org.gradle.api.internal.artifacts.ivyservice.resolveengine.graph.DependencyGraphBuilder] Visiting dependency fakeyelp:fakeyelp:0.1(runtime) -> dependency: org.grails.plugins:gsp: from-conf: compile to-conf: null
09:37:02.558 [DEBUG] [io.spring.gradle.dependencymanagement.internal.VersionConfiguringAction] Processing dependency 'org.grails.plugins:gsp:'
09:37:02.558 [DEBUG] [io.spring.gradle.dependencymanagement.internal.DependencyManagementContainer] Found managed version '3.3.0' for dependency 'org.grails.plugins:gsp' in global dependency management
09:37:02.558 [DEBUG] [io.spring.gradle.dependencymanagement.internal.VersionConfiguringAction] Using version '3.3.0' for dependency 'org.grails.plugins:gsp:'
09:37:02.558 [DEBUG] [org.gradle.api.internal.artifacts.ivyservice.resolveengine.graph.DependencyGraphBuilder] Selecting new module version org.grails.plugins:gsp:3.3.0
09:37:02.558 [DEBUG] [org.gradle.api.internal.artifacts.ivyservice.ivyresolve.RepositoryChainComponentMetaDataResolver] Attempting to resolve component for org.grails.plugins:gsp:3.3.0 using repositories [MavenLocal, maven, maven2, maven3]
09:37:02.558 [DEBUG] [org.gradle.api.internal.artifacts.repositories.resolver.DefaultExternalResourceArtifactResolver] Loading file:/Users/michaelmennis/.m2/repository/org/grails/plugins/gsp/3.3.0/gsp-3.3.0.pom
09:37:02.558 [DEBUG] [org.gradle.api.internal.artifacts.repositories.resolver.DefaultExternalResourceArtifactResolver] Loading file:/Users/michaelmennis/.m2/repository/org/grails/plugins/gsp/3.3.0/gsp-3.3.0.jar
09:37:02.558 [DEBUG] [org.gradle.api.internal.artifacts.repositories.resolver.ExternalResourceResolver] No meta-data file or artifact found for module 'org.grails.plugins:gsp:3.3.0' in repository 'MavenLocal'.
09:37:02.559 [DEBUG] [org.gradle.api.internal.artifacts.ivyservice.ivyresolve.CachingModuleComponentRepository] Using cached module metadata for module 'org.grails.plugins:gsp:3.3.0' in 'maven'
09:37:02.559 [DEBUG] [org.gradle.api.internal.artifacts.ivyservice.ivyresolve.RepositoryChainComponentMetaDataResolver] Using org.grails.plugins:gsp:3.3.0 from Maven repository 'maven'
09:37:02.559 [DEBUG] [org.gradle.api.internal.artifacts.ivyservice.resolveengine.graph.DependencyGraphBuilder] Visiting dependency fakeyelp:fakeyelp:0.1(runtime) -> dependency: org.glassfish.web:el-impl:2.1.2-b03 from-conf: runtime to-conf: null
09:37:02.559 [DEBUG] [io.spring.gradle.dependencymanagement.internal.VersionConfiguringAction] Processing dependency 'org.glassfish.web:el-impl:2.1.2-b03'
09:37:02.559 [DEBUG] [io.spring.gradle.dependencymanagement.internal.DependencyManagementContainer] Found managed version '2.1.2-b03' for dependency 'org.glassfish.web:el-impl' in dependency management for configuration 'runtime'
09:37:02.559 [DEBUG] [io.spring.gradle.dependencymanagement.internal.VersionConfiguringAction] Using version '2.1.2-b03' for dependency 'org.glassfish.web:el-impl:2.1.2-b03'
09:37:02.559 [DEBUG] [org.gradle.api.internal.artifacts.ivyservice.resolveengine.graph.DependencyGraphBuilder] Selecting new module version org.glassfish.web:el-impl:2.1.2-b03
09:37:02.559 [DEBUG] [org.gradle.api.internal.artifacts.ivyservice.ivyresolve.RepositoryChainComponentMetaDataResolver] Attempting to resolve component for org.glassfish.web:el-impl:2.1.2-b03 using repositories [MavenLocal, maven, maven2, maven3]
09:37:02.559 [DEBUG] [org.gradle.api.internal.artifacts.repositories.resolver.DefaultExternalResourceArtifactResolver] Loading file:/Users/michaelmennis/.m2/repository/org/glassfish/web/el-impl/2.1.2-b03/el-impl-2.1.2-b03.pom
09:37:02.559 [DEBUG] [org.gradle.api.internal.artifacts.repositories.resolver.DefaultExternalResourceArtifactResolver] Loading file:/Users/michaelmennis/.m2/repository/org/glassfish/web/el-impl/2.1.2-b03/el-impl-2.1.2-b03.jar
09:37:02.559 [DEBUG] [org.gradle.api.internal.artifacts.repositories.resolver.ExternalResourceResolver] No meta-data file or artifact found for module 'org.glassfish.web:el-impl:2.1.2-b03' in repository 'MavenLocal'.
09:37:02.560 [DEBUG] [org.gradle.api.internal.artifacts.ivyservice.ivyresolve.CachingModuleComponentRepository] Using cached module metadata for module 'org.glassfish.web:el-impl:2.1.2-b03' in 'maven'
09:37:02.560 [DEBUG] [org.gradle.api.internal.artifacts.ivyservice.ivyresolve.RepositoryChainComponentMetaDataResolver] Using org.glassfish.web:el-impl:2.1.2-b03 from Maven repository 'maven'
09:37:02.560 [DEBUG] [org.gradle.api.internal.artifacts.ivyservice.resolveengine.graph.DependencyGraphBuilder] Visiting dependency fakeyelp:fakeyelp:0.1(runtime) -> dependency: com.h2database:h2: from-conf: runtime to-conf: null
09:37:02.560 [DEBUG] [io.spring.gradle.dependencymanagement.internal.VersionConfiguringAction] Processing dependency 'com.h2database:h2:'
09:37:02.560 [DEBUG] [io.spring.gradle.dependencymanagement.internal.DependencyManagementContainer] Found managed version '1.4.195' for dependency 'com.h2database:h2' in global dependency management
09:37:02.560 [DEBUG] [io.spring.gradle.dependencymanagement.internal.VersionConfiguringAction] Using version '1.4.195' for dependency 'com.h2database:h2:'
09:37:02.560 [DEBUG] [org.gradle.api.internal.artifacts.ivyservice.resolveengine.graph.DependencyGraphBuilder] Selecting new module version com.h2database:h2:1.4.195
09:37:02.561 [DEBUG] [org.gradle.api.internal.artifacts.ivyservice.ivyresolve.RepositoryChainComponentMetaDataResolver] Attempting to resolve component for com.h2database:h2:1.4.195 using repositories [MavenLocal, maven, maven2, maven3]
09:37:02.561 [DEBUG] [org.gradle.api.internal.artifacts.repositories.resolver.DefaultExternalResourceArtifactResolver] Loading file:/Users/michaelmennis/.m2/repository/com/h2database/h2/1.4.195/h2-1.4.195.pom
09:37:02.561 [DEBUG] [org.gradle.api.internal.artifacts.repositories.resolver.DefaultExternalResourceArtifactResolver] Loading file:/Users/michaelmennis/.m2/repository/com/h2database/h2/1.4.195/h2-1.4.195.jar
09:37:02.561 [DEBUG] [org.gradle.api.internal.artifacts.repositories.resolver.ExternalResourceResolver] No meta-data file or artifact found for module 'com.h2database:h2:1.4.195' in repository 'MavenLocal'.
09:37:02.561 [DEBUG] [org.gradle.api.internal.artifacts.ivyservice.ivyresolve.CachingModuleComponentRepository] Using cached module metadata for module 'com.h2database:h2:1.4.195' in 'maven'
09:37:02.561 [DEBUG] [org.gradle.api.internal.artifacts.ivyservice.ivyresolve.RepositoryChainComponentMetaDataResolver] Using com.h2database:h2:1.4.195 from Maven repository 'maven'
09:37:02.561 [DEBUG] [org.gradle.api.internal.artifacts.ivyservice.resolveengine.graph.DependencyGraphBuilder] Visiting dependency fakeyelp:fakeyelp:0.1(runtime) -> dependency: org.apache.tomcat:tomcat-jdbc: from-conf: runtime to-conf: null
09:37:02.561 [DEBUG] [io.spring.gradle.dependencymanagement.internal.VersionConfiguringAction] Processing dependency 'org.apache.tomcat:tomcat-jdbc:'
09:37:02.561 [DEBUG] [io.spring.gradle.dependencymanagement.internal.DependencyManagementContainer] Found managed version '8.5.15' for dependency 'org.apache.tomcat:tomcat-jdbc' in global dependency management
09:37:02.561 [DEBUG] [io.spring.gradle.dependencymanagement.internal.VersionConfiguringAction] Using version '8.5.15' for dependency 'org.apache.tomcat:tomcat-jdbc:'
09:37:02.562 [DEBUG] [org.gradle.api.internal.artifacts.ivyservice.resolveengine.graph.DependencyGraphBuilder] Selecting new module version org.apache.tomcat:tomcat-jdbc:8.5.15
09:37:02.562 [DEBUG] [org.gradle.api.internal.artifacts.ivyservice.ivyresolve.RepositoryChainComponentMetaDataResolver] Attempting to resolve component for org.apache.tomcat:tomcat-jdbc:8.5.15 using repositories [MavenLocal, maven, maven2, maven3]
09:37:02.562 [DEBUG] [org.gradle.api.internal.artifacts.repositories.resolver.DefaultExternalResourceArtifactResolver] Loading file:/Users/michaelmennis/.m2/repository/org/apache/tomcat/tomcat-jdbc/8.5.15/tomcat-jdbc-8.5.15.pom
09:37:02.562 [DEBUG] [org.gradle.api.internal.artifacts.repositories.resolver.DefaultExternalResourceArtifactResolver] Loading file:/Users/michaelmennis/.m2/repository/org/apache/tomcat/tomcat-jdbc/8.5.15/tomcat-jdbc-8.5.15.jar
09:37:02.562 [DEBUG] [org.gradle.api.internal.artifacts.repositories.resolver.ExternalResourceResolver] No meta-data file or artifact found for module 'org.apache.tomcat:tomcat-jdbc:8.5.15' in repository 'MavenLocal'.
09:37:02.562 [DEBUG] [org.gradle.api.internal.artifacts.ivyservice.ivyresolve.CachingModuleComponentRepository] Using cached module metadata for module 'org.apache.tomcat:tomcat-jdbc:8.5.15' in 'maven'
09:37:02.562 [DEBUG] [org.gradle.api.internal.artifacts.ivyservice.ivyresolve.RepositoryChainComponentMetaDataResolver] Using org.apache.tomcat:tomcat-jdbc:8.5.15 from Maven repository 'maven'
09:37:02.563 [DEBUG] [org.gradle.api.internal.artifacts.ivyservice.resolveengine.graph.DependencyGraphBuilder] Visiting dependency fakeyelp:fakeyelp:0.1(runtime) -> dependency: com.bertramlabs.plugins:asset-pipeline-grails:2.14.2 from-conf: runtime to-conf: null
09:37:02.563 [DEBUG] [io.spring.gradle.dependencymanagement.internal.VersionConfiguringAction] Processing dependency 'com.bertramlabs.plugins:asset-pipeline-grails:2.14.2'
09:37:02.563 [DEBUG] [io.spring.gradle.dependencymanagement.internal.DependencyManagementContainer] Found managed version '2.14.2' for dependency 'com.bertramlabs.plugins:asset-pipeline-grails' in dependency management for configuration 'runtime'
09:37:02.563 [DEBUG] [io.spring.gradle.dependencymanagement.internal.VersionConfiguringAction] Using version '2.14.2' for dependency 'com.bertramlabs.plugins:asset-pipeline-grails:2.14.2'
09:37:02.563 [DEBUG] [org.gradle.api.internal.artifacts.ivyservice.resolveengine.graph.DependencyGraphBuilder] Selecting new module version com.bertramlabs.plugins:asset-pipeline-grails:2.14.2
09:37:02.563 [DEBUG] [org.gradle.api.internal.artifacts.ivyservice.ivyresolve.RepositoryChainComponentMetaDataResolver] Attempting to resolve component for com.bertramlabs.plugins:asset-pipeline-grails:2.14.2 using repositories [MavenLocal, maven, maven2, maven3]
09:37:02.563 [DEBUG] [org.gradle.api.internal.artifacts.repositories.resolver.DefaultExternalResourceArtifactResolver] Loading file:/Users/michaelmennis/.m2/repository/com/bertramlabs/plugins/asset-pipeline-grails/2.14.2/asset-pipeline-grails-2.14.2.pom
09:37:02.563 [DEBUG] [org.gradle.api.internal.artifacts.repositories.resolver.DefaultExternalResourceArtifactResolver] Loading file:/Users/michaelmennis/.m2/repository/com/bertramlabs/plugins/asset-pipeline-grails/2.14.2/asset-pipeline-grails-2.14.2.jar
09:37:02.563 [DEBUG] [org.gradle.api.internal.artifacts.repositories.resolver.ExternalResourceResolver] No meta-data file or artifact found for module 'com.bertramlabs.plugins:asset-pipeline-grails:2.14.2' in repository 'MavenLocal'.
09:37:02.563 [DEBUG] [org.gradle.api.internal.artifacts.ivyservice.ivyresolve.CachingModuleComponentRepository] Using cached module metadata for module 'com.bertramlabs.plugins:asset-pipeline-grails:2.14.2' in 'maven'
09:37:02.563 [DEBUG] [org.gradle.api.internal.artifacts.ivyservice.ivyresolve.RepositoryChainComponentMetaDataResolver] Using com.bertramlabs.plugins:asset-pipeline-grails:2.14.2 from Maven repository 'maven'
09:37:02.564 [DEBUG] [org.gradle.api.internal.artifacts.ivyservice.resolveengine.graph.DependencyGraphBuilder] Visiting dependency fakeyelp:fakeyelp:0.1(runtime) -> dependency: com.google.guava:guava:18.0 from-conf: runtime to-conf: null
09:37:02.564 [DEBUG] [io.spring.gradle.dependencymanagement.internal.VersionConfiguringAction] Processing dependency 'com.google.guava:guava:18.0'
09:37:02.564 [DEBUG] [io.spring.gradle.dependencymanagement.internal.DependencyManagementContainer] Found managed version '18.0' for dependency 'com.google.guava:guava' in dependency management for configuration 'runtime'
09:37:02.564 [DEBUG] [io.spring.gradle.dependencymanagement.internal.VersionConfiguringAction] Using version '18.0' for dependency 'com.google.guava:guava:18.0'
09:37:02.564 [DEBUG] [org.gradle.api.internal.artifacts.ivyservice.resolveengine.graph.DependencyGraphBuilder] Selecting new module version com.google.guava:guava:18.0
09:37:02.564 [DEBUG] [org.gradle.api.internal.artifacts.ivyservice.ivyresolve.RepositoryChainComponentMetaDataResolver] Attempting to resolve component for com.google.guava:guava:18.0 using repositories [MavenLocal, maven, maven2, maven3]
09:37:02.564 [DEBUG] [org.gradle.api.internal.artifacts.repositories.resolver.DefaultExternalResourceArtifactResolver] Loading file:/Users/michaelmennis/.m2/repository/com/google/guava/guava/18.0/guava-18.0.pom
09:37:02.565 [DEBUG] [org.gradle.api.internal.artifacts.ivyservice.ivyresolve.RepositoryChainComponentMetaDataResolver] Attempting to resolve component for com.google.guava:guava-parent:18.0 using repositories [MavenLocal, maven, maven2, maven3]
09:37:02.565 [DEBUG] [org.gradle.api.internal.artifacts.repositories.resolver.DefaultExternalResourceArtifactResolver] Loading file:/Users/michaelmennis/.m2/repository/com/google/guava/guava-parent/18.0/guava-parent-18.0.pom
09:37:02.568 [ERROR] [system.err] [Fatal Error] guava-parent-18.0.pom:251:6: The processing instruction target matching "[xX][mM][lL]" is not allowed.
09:37:02.568 [DEBUG] [org.gradle.api.internal.artifacts.ivyservice.ivyresolve.CachingModuleComponentRepository] Using cached module metadata for module 'com.google.guava:guava-parent:18.0' in 'maven'
09:37:02.568 [DEBUG] [org.gradle.api.internal.artifacts.ivyservice.ivyresolve.RepositoryChainComponentMetaDataResolver] Using com.google.guava:guava-parent:18.0 from Maven repository 'maven'
09:37:02.568 [DEBUG] [org.gradle.api.internal.artifacts.ivyservice.ivyresolve.RepositoryChainComponentMetaDataResolver] Discarding resolve failure.
org.gradle.internal.resolve.ModuleVersionResolveException: Could not resolve com.google.guava:guava-parent:18.0.
	at org.gradle.api.internal.artifacts.ivyservice.ivyresolve.ErrorHandlingModuleComponentRepository$ErrorHandlingModuleComponentRepositoryAccess.resolveComponentMetaData(ErrorHandlingModuleComponentRepository.java:96)
	at org.gradle.api.internal.artifacts.ivyservice.ivyresolve.ComponentMetaDataResolveState.process(ComponentMetaDataResolveState.java:66)
	at org.gradle.api.internal.artifacts.ivyservice.ivyresolve.ComponentMetaDataResolveState.resolve(ComponentMetaDataResolveState.java:45)
	at org.gradle.api.internal.artifacts.ivyservice.ivyresolve.RepositoryChainComponentMetaDataResolver.findBestMatch(RepositoryChainComponentMetaDataResolver.java:116)
	at org.gradle.api.internal.artifacts.ivyservice.ivyresolve.RepositoryChainComponentMetaDataResolver.findBestMatch(RepositoryChainComponentMetaDataResolver.java:99)
	at org.gradle.api.internal.artifacts.ivyservice.ivyresolve.RepositoryChainComponentMetaDataResolver.resolveModule(RepositoryChainComponentMetaDataResolver.java:72)
	at org.gradle.api.internal.artifacts.ivyservice.ivyresolve.RepositoryChainComponentMetaDataResolver.resolve(RepositoryChainComponentMetaDataResolver.java:59)
	at org.gradle.api.internal.artifacts.ivyservice.ivyresolve.ResolveIvyFactory$ParentModuleLookupResolver$2.run(ResolveIvyFactory.java:166)
	at org.gradle.internal.Factories$1.create(Factories.java:25)
	at org.gradle.cache.internal.DefaultCacheAccess.useCache(DefaultCacheAccess.java:179)
	at org.gradle.cache.internal.DefaultCacheAccess.useCache(DefaultCacheAccess.java:162)
	at org.gradle.cache.internal.DefaultPersistentDirectoryStore.useCache(DefaultPersistentDirectoryStore.java:129)
	at org.gradle.cache.internal.DefaultCacheFactory$ReferenceTrackingCache.useCache(DefaultCacheFactory.java:191)
	at org.gradle.api.internal.artifacts.ivyservice.DefaultCacheLockingManager.useCache(DefaultCacheLockingManager.java:56)
	at org.gradle.api.internal.artifacts.ivyservice.ivyresolve.ResolveIvyFactory$ParentModuleLookupResolver.resolve(ResolveIvyFactory.java:164)
	at org.gradle.api.internal.artifacts.repositories.resolver.ExternalResourceResolverDescriptorParseContext.resolveMetaDataArtifactFile(ExternalResourceResolverDescriptorParseContext.java:60)
	at org.gradle.api.internal.artifacts.repositories.resolver.ExternalResourceResolverDescriptorParseContext.getMetaDataArtifact(ExternalResourceResolverDescriptorParseContext.java:52)
	at org.gradle.api.internal.artifacts.ivyservice.ivyresolve.parser.GradlePomModuleDescriptorParser.parseOtherPom(GradlePomModuleDescriptorParser.java:203)
	at org.gradle.api.internal.artifacts.ivyservice.ivyresolve.parser.GradlePomModuleDescriptorParser.doParsePom(GradlePomModuleDescriptorParser.java:90)
	at org.gradle.api.internal.artifacts.ivyservice.ivyresolve.parser.GradlePomModuleDescriptorParser.doParseDescriptor(GradlePomModuleDescriptorParser.java:72)
	at org.gradle.api.internal.artifacts.ivyservice.ivyresolve.parser.GradlePomModuleDescriptorParser.doParseDescriptor(GradlePomModuleDescriptorParser.java:48)
	at org.gradle.api.internal.artifacts.ivyservice.ivyresolve.parser.AbstractModuleDescriptorParser.parseDescriptor(AbstractModuleDescriptorParser.java:44)
	at org.gradle.api.internal.artifacts.ivyservice.ivyresolve.parser.AbstractModuleDescriptorParser.parseMetaData(AbstractModuleDescriptorParser.java:39)
	at org.gradle.api.internal.artifacts.repositories.resolver.MavenResolver.parseMetaDataFromResource(MavenResolver.java:212)
	at org.gradle.api.internal.artifacts.repositories.resolver.MavenResolver.parseMetaDataFromResource(MavenResolver.java:56)
	at org.gradle.api.internal.artifacts.repositories.resolver.ExternalResourceResolver.parseMetaDataFromArtifact(ExternalResourceResolver.java:204)
	at org.gradle.api.internal.artifacts.repositories.resolver.MavenLocalResolver.parseMetaDataFromArtifact(MavenLocalResolver.java:47)
	at org.gradle.api.internal.artifacts.repositories.resolver.MavenLocalResolver.parseMetaDataFromArtifact(MavenLocalResolver.java:34)
	at org.gradle.api.internal.artifacts.repositories.resolver.ExternalResourceResolver.resolveStaticDependency(ExternalResourceResolver.java:175)
	at org.gradle.api.internal.artifacts.repositories.resolver.MavenResolver.doResolveComponentMetaData(MavenResolver.java:110)
	at org.gradle.api.internal.artifacts.repositories.resolver.ExternalResourceResolver$RemoteRepositoryAccess.resolveComponentMetaData(ExternalResourceResolver.java:455)
	at org.gradle.api.internal.artifacts.ivyservice.ivyresolve.LocalModuleComponentRepository$LocalAccess.resolveComponentMetaData(LocalModuleComponentRepository.java:69)
	at org.gradle.api.internal.artifacts.ivyservice.ivyresolve.BaseModuleComponentRepositoryAccess.resolveComponentMetaData(BaseModuleComponentRepositoryAccess.java:49)
	at org.gradle.api.internal.artifacts.ivyservice.ivyresolve.memcache.InMemoryCachedModuleComponentRepository$CachedAccess.resolveComponentMetaData(InMemoryCachedModuleComponentRepository.java:82)
	at org.gradle.api.internal.artifacts.ivyservice.ivyresolve.ErrorHandlingModuleComponentRepository$ErrorHandlingModuleComponentRepositoryAccess.resolveComponentMetaData(ErrorHandlingModuleComponentRepository.java:94)
	at org.gradle.api.internal.artifacts.ivyservice.ivyresolve.ComponentMetaDataResolveState.process(ComponentMetaDataResolveState.java:66)
	at org.gradle.api.internal.artifacts.ivyservice.ivyresolve.ComponentMetaDataResolveState.resolve(ComponentMetaDataResolveState.java:45)
	at org.gradle.api.internal.artifacts.ivyservice.ivyresolve.RepositoryChainComponentMetaDataResolver.findBestMatch(RepositoryChainComponentMetaDataResolver.java:116)
	at org.gradle.api.internal.artifacts.ivyservice.ivyresolve.RepositoryChainComponentMetaDataResolver.findBestMatch(RepositoryChainComponentMetaDataResolver.java:99)
	at org.gradle.api.internal.artifacts.ivyservice.ivyresolve.RepositoryChainComponentMetaDataResolver.resolveModule(RepositoryChainComponentMetaDataResolver.java:72)
	at org.gradle.api.internal.artifacts.ivyservice.ivyresolve.RepositoryChainComponentMetaDataResolver.resolve(RepositoryChainComponentMetaDataResolver.java:59)
	at org.gradle.api.internal.artifacts.ivyservice.resolveengine.ComponentResolversChain$ComponentMetaDataResolverChain.resolve(ComponentResolversChain.java:85)
	at org.gradle.api.internal.artifacts.ivyservice.clientmodule.ClientModuleResolver.resolve(ClientModuleResolver.java:45)
	at org.gradle.api.internal.artifacts.ivyservice.resolveengine.graph.DependencyGraphBuilder$ModuleVersionResolveState.resolve(DependencyGraphBuilder.java:608)
	at org.gradle.api.internal.artifacts.ivyservice.resolveengine.graph.DependencyGraphBuilder$ModuleVersionResolveState.getMetaData(DependencyGraphBuilder.java:619)
	at org.gradle.api.internal.artifacts.ivyservice.resolveengine.graph.DependencyGraphBuilder$DependencyEdge.calculateTargetConfigurations(DependencyGraphBuilder.java:274)
	at org.gradle.api.internal.artifacts.ivyservice.resolveengine.graph.DependencyGraphBuilder$DependencyEdge.attachToTargetConfigurations(DependencyGraphBuilder.java:247)
	at org.gradle.api.internal.artifacts.ivyservice.resolveengine.graph.DependencyGraphBuilder.traverseGraph(DependencyGraphBuilder.java:155)
	at org.gradle.api.internal.artifacts.ivyservice.resolveengine.graph.DependencyGraphBuilder.resolve(DependencyGraphBuilder.java:92)
	at org.gradle.api.internal.artifacts.ivyservice.resolveengine.DefaultArtifactDependencyResolver.resolve(DefaultArtifactDependencyResolver.java:82)
	at org.gradle.api.internal.artifacts.ivyservice.CacheLockingArtifactDependencyResolver$1.run(CacheLockingArtifactDependencyResolver.java:41)
	at org.gradle.internal.Factories$1.create(Factories.java:25)
	at org.gradle.cache.internal.DefaultCacheAccess.useCache(DefaultCacheAccess.java:179)
	at org.gradle.cache.internal.DefaultCacheAccess.useCache(DefaultCacheAccess.java:162)
	at org.gradle.cache.internal.DefaultPersistentDirectoryStore.useCache(DefaultPersistentDirectoryStore.java:129)
	at org.gradle.cache.internal.DefaultCacheFactory$ReferenceTrackingCache.useCache(DefaultCacheFactory.java:191)
	at org.gradle.api.internal.artifacts.ivyservice.DefaultCacheLockingManager.useCache(DefaultCacheLockingManager.java:56)
	at org.gradle.api.internal.artifacts.ivyservice.CacheLockingArtifactDependencyResolver.resolve(CacheLockingArtifactDependencyResolver.java:39)
	at org.gradle.api.internal.artifacts.ivyservice.DefaultConfigurationResolver.resolve(DefaultConfigurationResolver.java:97)
	at org.gradle.api.internal.artifacts.ivyservice.SelfResolvingDependencyConfigurationResolver.resolve(SelfResolvingDependencyConfigurationResolver.java:40)
	at org.gradle.api.internal.artifacts.ivyservice.ShortCircuitEmptyConfigurationResolver.resolve(ShortCircuitEmptyConfigurationResolver.java:62)
	at org.gradle.api.internal.artifacts.ivyservice.ErrorHandlingConfigurationResolver.resolve(ErrorHandlingConfigurationResolver.java:43)
	at org.gradle.api.internal.artifacts.configurations.DefaultConfiguration.resolveGraphIfRequired(DefaultConfiguration.java:399)
	at org.gradle.api.internal.artifacts.configurations.DefaultConfiguration.resolveNow(DefaultConfiguration.java:374)
	at org.gradle.api.internal.artifacts.configurations.DefaultConfiguration.getResolvedConfiguration(DefaultConfiguration.java:367)
	at org.gradle.api.internal.artifacts.configurations.DefaultConfiguration_Decorated.getResolvedConfiguration(Unknown Source)
	at org.gradle.api.internal.artifacts.configurations.DefaultConfiguration$ConfigurationFileCollection.getFiles(DefaultConfiguration.java:694)
	at org.gradle.api.internal.artifacts.configurations.DefaultConfiguration.getFiles(DefaultConfiguration.java:320)
	at org.gradle.api.internal.artifacts.configurations.DefaultConfiguration_Decorated.getFiles(Unknown Source)
	at sun.reflect.GeneratedMethodAccessor84.invoke(Unknown Source)
	at sun.reflect.DelegatingMethodAccessorImpl.invoke(DelegatingMethodAccessorImpl.java:43)
	at java.lang.reflect.Method.invoke(Method.java:498)
	at org.codehaus.groovy.reflection.CachedMethod.invoke(CachedMethod.java:93)
	at groovy.lang.MetaBeanProperty.getProperty(MetaBeanProperty.java:62)
	at org.gradle.internal.metaobject.BeanDynamicObject$MetaClassAdapter.getProperty(BeanDynamicObject.java:197)
	at org.gradle.internal.metaobject.BeanDynamicObject.getProperty(BeanDynamicObject.java:150)
	at org.gradle.internal.metaobject.CompositeDynamicObject.getProperty(CompositeDynamicObject.java:55)
	at org.gradle.internal.metaobject.AbstractDynamicObject.getProperty(AbstractDynamicObject.java:60)
	at org.gradle.api.internal.artifacts.configurations.DefaultConfiguration_Decorated.getProperty(Unknown Source)
	at org.codehaus.groovy.runtime.callsite.PogoGetPropertySite.getProperty(PogoGetPropertySite.java:50)
	at org.codehaus.groovy.runtime.callsite.AbstractCallSite.callGetProperty(AbstractCallSite.java:296)
	at org.grails.gradle.plugin.core.GrailsGradlePlugin$_createPathingJarTask_closure20$_closure40.doCall(GrailsGradlePlugin.groovy:583)
	at sun.reflect.NativeMethodAccessorImpl.invoke0(Native Method)
	at sun.reflect.NativeMethodAccessorImpl.invoke(NativeMethodAccessorImpl.java:62)
	at sun.reflect.DelegatingMethodAccessorImpl.invoke(DelegatingMethodAccessorImpl.java:43)
	at java.lang.reflect.Method.invoke(Method.java:498)
	at org.codehaus.groovy.reflection.CachedMethod.invoke(CachedMethod.java:93)
	at groovy.lang.MetaMethod.doMethodInvoke(MetaMethod.java:325)
	at org.codehaus.groovy.runtime.metaclass.ClosureMetaClass.invokeMethod(ClosureMetaClass.java:294)
	at groovy.lang.MetaClassImpl.invokeMethod(MetaClassImpl.java:1024)
	at groovy.lang.Closure.call(Closure.java:414)
	at groovy.lang.Closure.call(Closure.java:430)
	at org.codehaus.groovy.runtime.DefaultGroovyMethods.each(DefaultGroovyMethods.java:2030)
	at org.codehaus.groovy.runtime.DefaultGroovyMethods.each(DefaultGroovyMethods.java:1890)
	at org.codehaus.groovy.runtime.dgm$159.invoke(Unknown Source)
	at org.codehaus.groovy.runtime.callsite.PojoMetaMethodSite$PojoMetaMethodSiteNoUnwrapNoCoerce.invoke(PojoMetaMethodSite.java:274)
	at org.codehaus.groovy.runtime.callsite.PojoMetaMethodSite.call(PojoMetaMethodSite.java:56)
	at org.codehaus.groovy.runtime.callsite.AbstractCallSite.call(AbstractCallSite.java:125)
	at org.grails.gradle.plugin.core.GrailsGradlePlugin$_createPathingJarTask_closure20.doCall(GrailsGradlePlugin.groovy:582)
	at sun.reflect.NativeMethodAccessorImpl.invoke0(Native Method)
	at sun.reflect.NativeMethodAccessorImpl.invoke(NativeMethodAccessorImpl.java:62)
	at sun.reflect.DelegatingMethodAccessorImpl.invoke(DelegatingMethodAccessorImpl.java:43)
	at java.lang.reflect.Method.invoke(Method.java:498)
	at org.codehaus.groovy.reflection.CachedMethod.invoke(CachedMethod.java:93)
	at groovy.lang.MetaMethod.doMethodInvoke(MetaMethod.java:325)
	at org.codehaus.groovy.runtime.metaclass.ClosureMetaClass.invokeMethod(ClosureMetaClass.java:294)
	at groovy.lang.MetaClassImpl.invokeMethod(MetaClassImpl.java:1024)
	at groovy.lang.Closure.call(Closure.java:414)
	at groovy.lang.Closure.call(Closure.java:430)
	at org.gradle.api.internal.ClosureBackedAction.execute(ClosureBackedAction.java:70)
	at org.gradle.util.ConfigureUtil.configureTarget(ConfigureUtil.java:160)
	at org.gradle.util.ConfigureUtil.configureSelf(ConfigureUtil.java:136)
	at org.gradle.api.internal.AbstractTask.configure(AbstractTask.java:520)
	at org.gradle.api.internal.AbstractTask.configure(AbstractTask.java:77)
	at org.gradle.util.ConfigureUtil.configure(ConfigureUtil.java:104)
	at org.gradle.util.ConfigureUtil$1.execute(ConfigureUtil.java:123)
	at org.gradle.api.internal.tasks.DefaultTaskContainer.create(DefaultTaskContainer.java:129)
	at org.gradle.api.internal.tasks.DefaultTaskContainer_Decorated.create(Unknown Source)
	at org.gradle.api.internal.tasks.DefaultTaskContainer_Decorated$create.call(Unknown Source)
	at org.grails.gradle.plugin.core.GrailsGradlePlugin.createPathingJarTask(GrailsGradlePlugin.groovy:577)
	at sun.reflect.NativeMethodAccessorImpl.invoke0(Native Method)
	at sun.reflect.NativeMethodAccessorImpl.invoke(NativeMethodAccessorImpl.java:62)
	at sun.reflect.DelegatingMethodAccessorImpl.invoke(DelegatingMethodAccessorImpl.java:43)
	at java.lang.reflect.Method.invoke(Method.java:498)
	at org.codehaus.groovy.reflection.CachedMethod.invoke(CachedMethod.java:93)
	at groovy.lang.MetaMethod.doMethodInvoke(MetaMethod.java:325)
	at org.codehaus.groovy.runtime.metaclass.ClosureMetaClass.invokeMethod(ClosureMetaClass.java:384)
	at groovy.lang.MetaClassImpl.invokeMethod(MetaClassImpl.java:1024)
	at org.codehaus.groovy.runtime.callsite.PogoMetaClassSite.callCurrent(PogoMetaClassSite.java:69)
	at org.codehaus.groovy.runtime.callsite.AbstractCallSite.callCurrent(AbstractCallSite.java:182)
	at org.grails.gradle.plugin.core.GrailsGradlePlugin$_configurePathingJar_closure23.doCall(GrailsGradlePlugin.groovy:635)
	at sun.reflect.NativeMethodAccessorImpl.invoke0(Native Method)
	at sun.reflect.NativeMethodAccessorImpl.invoke(NativeMethodAccessorImpl.java:62)
	at sun.reflect.DelegatingMethodAccessorImpl.invoke(DelegatingMethodAccessorImpl.java:43)
	at java.lang.reflect.Method.invoke(Method.java:498)
	at org.codehaus.groovy.reflection.CachedMethod.invoke(CachedMethod.java:93)
	at groovy.lang.MetaMethod.doMethodInvoke(MetaMethod.java:325)
	at org.codehaus.groovy.runtime.metaclass.ClosureMetaClass.invokeMethod(ClosureMetaClass.java:294)
	at groovy.lang.MetaClassImpl.invokeMethod(MetaClassImpl.java:1024)
	at groovy.lang.Closure.call(Closure.java:414)
	at org.gradle.listener.ClosureBackedMethodInvocationDispatch.dispatch(ClosureBackedMethodInvocationDispatch.java:40)
	at org.gradle.listener.ClosureBackedMethodInvocationDispatch.dispatch(ClosureBackedMethodInvocationDispatch.java:25)
	at org.gradle.internal.event.AbstractBroadcastDispatch.dispatch(AbstractBroadcastDispatch.java:44)
	at org.gradle.internal.event.BroadcastDispatch.dispatch(BroadcastDispatch.java:79)
	at org.gradle.internal.event.BroadcastDispatch.dispatch(BroadcastDispatch.java:30)
	at org.gradle.internal.dispatch.ProxyDispatchAdapter$DispatchingInvocationHandler.invoke(ProxyDispatchAdapter.java:93)
	at com.sun.proxy.$Proxy15.afterEvaluate(Unknown Source)
	at org.gradle.configuration.project.LifecycleProjectEvaluator.notifyAfterEvaluate(LifecycleProjectEvaluator.java:67)
	at org.gradle.configuration.project.LifecycleProjectEvaluator.evaluate(LifecycleProjectEvaluator.java:61)
	at org.gradle.api.internal.project.DefaultProject.evaluate(DefaultProject.java:573)
	at org.gradle.api.internal.project.DefaultProject.evaluate(DefaultProject.java:125)
	at org.gradle.execution.TaskPathProjectEvaluator.configureHierarchy(TaskPathProjectEvaluator.java:42)
	at org.gradle.configuration.DefaultBuildConfigurer.configure(DefaultBuildConfigurer.java:38)
	at org.gradle.initialization.DefaultGradleLauncher$2.run(DefaultGradleLauncher.java:162)
	at org.gradle.internal.Factories$1.create(Factories.java:25)
	at org.gradle.internal.progress.DefaultBuildOperationExecutor.run(DefaultBuildOperationExecutor.java:91)
	at org.gradle.internal.progress.DefaultBuildOperationExecutor.run(DefaultBuildOperationExecutor.java:53)
	at org.gradle.initialization.DefaultGradleLauncher.doBuildStages(DefaultGradleLauncher.java:159)
	at org.gradle.initialization.DefaultGradleLauncher.access$200(DefaultGradleLauncher.java:36)
	at org.gradle.initialization.DefaultGradleLauncher$1.create(DefaultGradleLauncher.java:118)
	at org.gradle.initialization.DefaultGradleLauncher$1.create(DefaultGradleLauncher.java:112)
	at org.gradle.internal.progress.DefaultBuildOperationExecutor.run(DefaultBuildOperationExecutor.java:91)
	at org.gradle.internal.progress.DefaultBuildOperationExecutor.run(DefaultBuildOperationExecutor.java:63)
	at org.gradle.initialization.DefaultGradleLauncher.doBuild(DefaultGradleLauncher.java:112)
	at org.gradle.initialization.DefaultGradleLauncher.run(DefaultGradleLauncher.java:98)
	at org.gradle.launcher.exec.GradleBuildController.run(GradleBuildController.java:66)
	at org.gradle.tooling.internal.provider.ExecuteBuildActionRunner.run(ExecuteBuildActionRunner.java:28)
	at org.gradle.launcher.exec.ChainingBuildActionRunner.run(ChainingBuildActionRunner.java:35)
	at org.gradle.launcher.exec.InProcessBuildActionExecuter.execute(InProcessBuildActionExecuter.java:41)
	at org.gradle.launcher.exec.InProcessBuildActionExecuter.execute(InProcessBuildActionExecuter.java:26)
	at org.gradle.tooling.internal.provider.ContinuousBuildActionExecuter.execute(ContinuousBuildActionExecuter.java:75)
	at org.gradle.tooling.internal.provider.ContinuousBuildActionExecuter.execute(ContinuousBuildActionExecuter.java:49)
	at org.gradle.tooling.internal.provider.ServicesSetupBuildActionExecuter.execute(ServicesSetupBuildActionExecuter.java:44)
	at org.gradle.tooling.internal.provider.ServicesSetupBuildActionExecuter.execute(ServicesSetupBuildActionExecuter.java:29)
	at org.gradle.launcher.daemon.server.exec.ExecuteBuild.doBuild(ExecuteBuild.java:67)
	at org.gradle.launcher.daemon.server.exec.BuildCommandOnly.execute(BuildCommandOnly.java:36)
	at org.gradle.launcher.daemon.server.api.DaemonCommandExecution.proceed(DaemonCommandExecution.java:120)
	at org.gradle.launcher.daemon.server.exec.WatchForDisconnection.execute(WatchForDisconnection.java:47)
	at org.gradle.launcher.daemon.server.api.DaemonCommandExecution.proceed(DaemonCommandExecution.java:120)
	at org.gradle.launcher.daemon.server.exec.ResetDeprecationLogger.execute(ResetDeprecationLogger.java:26)
	at org.gradle.launcher.daemon.server.api.DaemonCommandExecution.proceed(DaemonCommandExecution.java:120)
	at org.gradle.launcher.daemon.server.exec.RequestStopIfSingleUsedDaemon.execute(RequestStopIfSingleUsedDaemon.java:34)
	at org.gradle.launcher.daemon.server.api.DaemonCommandExecution.proceed(DaemonCommandExecution.java:120)
	at org.gradle.launcher.daemon.server.exec.ForwardClientInput$2.call(ForwardClientInput.java:74)
	at org.gradle.launcher.daemon.server.exec.ForwardClientInput$2.call(ForwardClientInput.java:72)
	at org.gradle.util.Swapper.swap(Swapper.java:38)
	at org.gradle.launcher.daemon.server.exec.ForwardClientInput.execute(ForwardClientInput.java:72)
	at org.gradle.launcher.daemon.server.api.DaemonCommandExecution.proceed(DaemonCommandExecution.java:120)
	at org.gradle.launcher.daemon.server.exec.LogAndCheckHealth.execute(LogAndCheckHealth.java:55)
	at org.gradle.launcher.daemon.server.api.DaemonCommandExecution.proceed(DaemonCommandExecution.java:120)
	at org.gradle.launcher.daemon.server.exec.LogToClient.doBuild(LogToClient.java:60)
	at org.gradle.launcher.daemon.server.exec.BuildCommandOnly.execute(BuildCommandOnly.java:36)
	at org.gradle.launcher.daemon.server.api.DaemonCommandExecution.proceed(DaemonCommandExecution.java:120)
	at org.gradle.launcher.daemon.server.exec.EstablishBuildEnvironment.doBuild(EstablishBuildEnvironment.java:72)
	at org.gradle.launcher.daemon.server.exec.BuildCommandOnly.execute(BuildCommandOnly.java:36)
	at org.gradle.launcher.daemon.server.api.DaemonCommandExecution.proceed(DaemonCommandExecution.java:120)
	at org.gradle.launcher.daemon.server.exec.StartBuildOrRespondWithBusy$1.run(StartBuildOrRespondWithBusy.java:50)
	at org.gradle.launcher.daemon.server.DaemonStateCoordinator$1.run(DaemonStateCoordinator.java:293)
	at org.gradle.internal.concurrent.ExecutorPolicy$CatchAndRecordFailures.onExecute(ExecutorPolicy.java:54)
	at org.gradle.internal.concurrent.StoppableExecutorImpl$1.run(StoppableExecutorImpl.java:40)
	at java.util.concurrent.ThreadPoolExecutor.runWorker(ThreadPoolExecutor.java:1142)
	at java.util.concurrent.ThreadPoolExecutor$Worker.run(ThreadPoolExecutor.java:617)
	at java.lang.Thread.run(Thread.java:745)
Caused by: org.gradle.api.internal.artifacts.ivyservice.ivyresolve.parser.MetaDataParseException: Could not parse POM /Users/michaelmennis/.m2/repository/com/google/guava/guava-parent/18.0/guava-parent-18.0.pom
	at org.gradle.api.internal.artifacts.ivyservice.ivyresolve.parser.PomReader$2.transform(PomReader.java:139)
	at org.gradle.api.internal.artifacts.ivyservice.ivyresolve.parser.PomReader$2.transform(PomReader.java:134)
	at org.gradle.internal.resource.AbstractExternalResource.withContent(AbstractExternalResource.java:96)
	at org.gradle.api.internal.artifacts.ivyservice.ivyresolve.parser.PomReader.<init>(PomReader.java:134)
	at org.gradle.api.internal.artifacts.ivyservice.ivyresolve.parser.GradlePomModuleDescriptorParser.doParseDescriptor(GradlePomModuleDescriptorParser.java:69)
	at org.gradle.api.internal.artifacts.ivyservice.ivyresolve.parser.GradlePomModuleDescriptorParser.doParseDescriptor(GradlePomModuleDescriptorParser.java:48)
	at org.gradle.api.internal.artifacts.ivyservice.ivyresolve.parser.AbstractModuleDescriptorParser.parseDescriptor(AbstractModuleDescriptorParser.java:44)
	at org.gradle.api.internal.artifacts.ivyservice.ivyresolve.parser.AbstractModuleDescriptorParser.parseMetaData(AbstractModuleDescriptorParser.java:39)
	at org.gradle.api.internal.artifacts.repositories.resolver.MavenResolver.parseMetaDataFromResource(MavenResolver.java:212)
	at org.gradle.api.internal.artifacts.repositories.resolver.MavenResolver.parseMetaDataFromResource(MavenResolver.java:56)
	at org.gradle.api.internal.artifacts.repositories.resolver.ExternalResourceResolver.parseMetaDataFromArtifact(ExternalResourceResolver.java:204)
	at org.gradle.api.internal.artifacts.repositories.resolver.MavenLocalResolver.parseMetaDataFromArtifact(MavenLocalResolver.java:47)
	at org.gradle.api.internal.artifacts.repositories.resolver.MavenLocalResolver.parseMetaDataFromArtifact(MavenLocalResolver.java:34)
	at org.gradle.api.internal.artifacts.repositories.resolver.ExternalResourceResolver.resolveStaticDependency(ExternalResourceResolver.java:175)
	at org.gradle.api.internal.artifacts.repositories.resolver.MavenResolver.doResolveComponentMetaData(MavenResolver.java:110)
	at org.gradle.api.internal.artifacts.repositories.resolver.ExternalResourceResolver$RemoteRepositoryAccess.resolveComponentMetaData(ExternalResourceResolver.java:455)
	at org.gradle.api.internal.artifacts.ivyservice.ivyresolve.LocalModuleComponentRepository$LocalAccess.resolveComponentMetaData(LocalModuleComponentRepository.java:69)
	at org.gradle.api.internal.artifacts.ivyservice.ivyresolve.BaseModuleComponentRepositoryAccess.resolveComponentMetaData(BaseModuleComponentRepositoryAccess.java:49)
	at org.gradle.api.internal.artifacts.ivyservice.ivyresolve.memcache.InMemoryCachedModuleComponentRepository$CachedAccess.resolveComponentMetaData(InMemoryCachedModuleComponentRepository.java:82)
	at org.gradle.api.internal.artifacts.ivyservice.ivyresolve.ErrorHandlingModuleComponentRepository$ErrorHandlingModuleComponentRepositoryAccess.resolveComponentMetaData(ErrorHandlingModuleComponentRepository.java:94)
	... 202 more
Caused by: org.xml.sax.SAXParseException; systemId: file:/Users/michaelmennis/.m2/repository/com/google/guava/guava-parent/18.0/guava-parent-18.0.pom; lineNumber: 251; columnNumber: 6; The processing instruction target matching "[xX][mM][lL]" is not allowed.
	at com.sun.org.apache.xerces.internal.parsers.DOMParser.parse(DOMParser.java:257)
	at com.sun.org.apache.xerces.internal.jaxp.DocumentBuilderImpl.parse(DocumentBuilderImpl.java:339)
	at javax.xml.parsers.DocumentBuilder.parse(DocumentBuilder.java:150)
	at org.gradle.api.internal.artifacts.ivyservice.ivyresolve.parser.PomReader.parseToDom(PomReader.java:249)
	at org.gradle.api.internal.artifacts.ivyservice.ivyresolve.parser.PomReader.access$100(PomReader.java:59)
	at org.gradle.api.internal.artifacts.ivyservice.ivyresolve.parser.PomReader$2.transform(PomReader.java:137)
	... 221 more
09:37:02.588 [DEBUG] [org.gradle.api.internal.artifacts.ivyservice.ivyresolve.CachingModuleComponentRepository] Found artifact 'org.gradle.internal.component.model.DefaultModuleDescriptorArtifactMetadata@4c76195d' in resolver cache: /Users/michaelmennis/.gradle/caches/modules-2/files-2.1/com.google.guava/guava-parent/18.0/5398932a9ef2828eb9fc4f01e8d6cac626c219d2/guava-parent-18.0.pom
09:37:02.624 [DEBUG] [org.gradle.api.internal.artifacts.ivyservice.ivyresolve.RepositoryChainComponentMetaDataResolver] Attempting to resolve component for org.sonatype.oss:oss-parent:7 using repositories [MavenLocal, maven, maven2, maven3]
09:37:02.624 [DEBUG] [org.gradle.api.internal.artifacts.ivyservice.ivyresolve.RepositoryChainComponentMetaDataResolver] Using org.sonatype.oss:oss-parent:7 from Maven repository 'MavenLocal'
09:37:02.625 [DEBUG] [org.gradle.api.internal.artifacts.repositories.resolver.DefaultExternalResourceArtifactResolver] Loading file:/Users/michaelmennis/.m2/repository/com/google/guava/guava/18.0/guava-18.0.jar
09:37:02.626 [DEBUG] [org.gradle.api.internal.artifacts.repositories.resolver.ExternalResourceResolver] Metadata file found for module 'com.google.guava:guava:18.0' in repository 'MavenLocal'.
09:37:02.626 [DEBUG] [org.gradle.api.internal.artifacts.ivyservice.ivyresolve.RepositoryChainComponentMetaDataResolver] Using com.google.guava:guava:18.0 from Maven repository 'MavenLocal'
09:37:02.626 [DEBUG] [org.gradle.api.internal.artifacts.ivyservice.resolveengine.graph.DependencyGraphBuilder] Visiting dependency fakeyelp:fakeyelp:0.1(runtime) -> dependency: org.json:json:20140107 from-conf: runtime to-conf: null
09:37:02.626 [DEBUG] [io.spring.gradle.dependencymanagement.internal.VersionConfiguringAction] Processing dependency 'org.json:json:20140107'
09:37:02.626 [DEBUG] [io.spring.gradle.dependencymanagement.internal.DependencyManagementContainer] Found managed version '20140107' for dependency 'org.json:json' in dependency management for configuration 'runtime'
09:37:02.626 [DEBUG] [io.spring.gradle.dependencymanagement.internal.VersionConfiguringAction] Using version '20140107' for dependency 'org.json:json:20140107'
09:37:02.626 [DEBUG] [org.gradle.api.internal.artifacts.ivyservice.resolveengine.graph.DependencyGraphBuilder] Selecting new module version org.json:json:20140107
09:37:02.626 [DEBUG] [org.gradle.api.internal.artifacts.ivyservice.ivyresolve.RepositoryChainComponentMetaDataResolver] Attempting to resolve component for org.json:json:20140107 using repositories [MavenLocal, maven, maven2, maven3]
09:37:02.626 [DEBUG] [org.gradle.api.internal.artifacts.repositories.resolver.DefaultExternalResourceArtifactResolver] Loading file:/Users/michaelmennis/.m2/repository/org/json/json/20140107/json-20140107.pom
09:37:02.627 [DEBUG] [org.gradle.api.internal.artifacts.ivyservice.ivyresolve.RepositoryChainComponentMetaDataResolver] Attempting to resolve component for org.sonatype.oss:oss-parent:7 using repositories [MavenLocal, maven, maven2, maven3]
09:37:02.627 [DEBUG] [org.gradle.api.internal.artifacts.ivyservice.ivyresolve.RepositoryChainComponentMetaDataResolver] Using org.sonatype.oss:oss-parent:7 from Maven repository 'MavenLocal'
09:37:02.628 [DEBUG] [org.gradle.api.internal.artifacts.repositories.resolver.DefaultExternalResourceArtifactResolver] Loading file:/Users/michaelmennis/.m2/repository/org/json/json/20140107/json-20140107.jar
09:37:02.628 [DEBUG] [org.gradle.api.internal.artifacts.repositories.resolver.ExternalResourceResolver] Metadata file found for module 'org.json:json:20140107' in repository 'MavenLocal'.
09:37:02.628 [DEBUG] [org.gradle.api.internal.artifacts.ivyservice.ivyresolve.RepositoryChainComponentMetaDataResolver] Using org.json:json:20140107 from Maven repository 'MavenLocal'
09:37:02.628 [DEBUG] [org.gradle.api.internal.artifacts.ivyservice.resolveengine.graph.DependencyGraphBuilder] Visiting dependency fakeyelp:fakeyelp:0.1(runtime) -> dependency: com.jcraft:jsch:0.1.52 from-conf: runtime to-conf: null
09:37:02.628 [DEBUG] [io.spring.gradle.dependencymanagement.internal.VersionConfiguringAction] Processing dependency 'com.jcraft:jsch:0.1.52'
09:37:02.629 [DEBUG] [io.spring.gradle.dependencymanagement.internal.DependencyManagementContainer] Found managed version '0.1.52' for dependency 'com.jcraft:jsch' in dependency management for configuration 'runtime'
09:37:02.629 [DEBUG] [io.spring.gradle.dependencymanagement.internal.VersionConfiguringAction] Using version '0.1.52' for dependency 'com.jcraft:jsch:0.1.52'
09:37:02.629 [DEBUG] [org.gradle.api.internal.artifacts.ivyservice.resolveengine.graph.DependencyGraphBuilder] Selecting new module version com.jcraft:jsch:0.1.52
09:37:02.629 [DEBUG] [org.gradle.api.internal.artifacts.ivyservice.ivyresolve.RepositoryChainComponentMetaDataResolver] Attempting to resolve component for com.jcraft:jsch:0.1.52 using repositories [MavenLocal, maven, maven2, maven3]
09:37:02.629 [DEBUG] [org.gradle.api.internal.artifacts.repositories.resolver.DefaultExternalResourceArtifactResolver] Loading file:/Users/michaelmennis/.m2/repository/com/jcraft/jsch/0.1.52/jsch-0.1.52.pom
09:37:02.630 [DEBUG] [org.gradle.api.internal.artifacts.ivyservice.ivyresolve.RepositoryChainComponentMetaDataResolver] Attempting to resolve component for org.sonatype.oss:oss-parent:6 using repositories [MavenLocal, maven, maven2, maven3]
09:37:02.630 [DEBUG] [org.gradle.api.internal.artifacts.repositories.resolver.DefaultExternalResourceArtifactResolver] Loading file:/Users/michaelmennis/.m2/repository/org/sonatype/oss/oss-parent/6/oss-parent-6.pom
09:37:02.631 [DEBUG] [org.gradle.api.internal.artifacts.repositories.resolver.ExternalResourceResolver] Metadata file found for module 'org.sonatype.oss:oss-parent:6' in repository 'MavenLocal'.
09:37:02.632 [DEBUG] [org.gradle.api.internal.artifacts.ivyservice.ivyresolve.RepositoryChainComponentMetaDataResolver] Using org.sonatype.oss:oss-parent:6 from Maven repository 'MavenLocal'
09:37:02.632 [DEBUG] [org.gradle.api.internal.artifacts.repositories.resolver.DefaultExternalResourceArtifactResolver] Loading file:/Users/michaelmennis/.m2/repository/org/sonatype/oss/oss-parent/6/oss-parent-6.pom
09:37:02.633 [DEBUG] [org.gradle.api.internal.artifacts.repositories.resolver.DefaultExternalResourceArtifactResolver] Loading file:/Users/michaelmennis/.m2/repository/com/jcraft/jsch/0.1.52/jsch-0.1.52.jar
09:37:02.633 [DEBUG] [org.gradle.api.internal.artifacts.repositories.resolver.ExternalResourceResolver] Metadata file found for module 'com.jcraft:jsch:0.1.52' in repository 'MavenLocal'.
09:37:02.633 [DEBUG] [org.gradle.api.internal.artifacts.ivyservice.ivyresolve.RepositoryChainComponentMetaDataResolver] Using com.jcraft:jsch:0.1.52 from Maven repository 'MavenLocal'
09:37:02.633 [DEBUG] [org.gradle.api.internal.artifacts.ivyservice.resolveengine.graph.DependencyGraphBuilder] Visiting dependency fakeyelp:fakeyelp:0.1(runtime) -> dependency: com.fasterxml.jackson.core:jackson-databind: from-conf: runtime to-conf: null
09:37:02.633 [DEBUG] [io.spring.gradle.dependencymanagement.internal.VersionConfiguringAction] Processing dependency 'com.fasterxml.jackson.core:jackson-databind:'
09:37:02.634 [DEBUG] [io.spring.gradle.dependencymanagement.internal.DependencyManagementContainer] Found managed version '2.8.8' for dependency 'com.fasterxml.jackson.core:jackson-databind' in global dependency management
09:37:02.678 [DEBUG] [io.spring.gradle.dependencymanagement.internal.VersionConfiguringAction] Using version '2.8.8' for dependency 'com.fasterxml.jackson.core:jackson-databind:'
09:37:02.678 [DEBUG] [org.gradle.api.internal.artifacts.ivyservice.resolveengine.graph.DependencyGraphBuilder] Selecting new module version com.fasterxml.jackson.core:jackson-databind:2.8.8
09:37:02.678 [DEBUG] [org.gradle.api.internal.artifacts.ivyservice.ivyresolve.RepositoryChainComponentMetaDataResolver] Attempting to resolve component for com.fasterxml.jackson.core:jackson-databind:2.8.8 using repositories [MavenLocal, maven, maven2, maven3]
09:37:02.678 [DEBUG] [org.gradle.api.internal.artifacts.repositories.resolver.DefaultExternalResourceArtifactResolver] Loading file:/Users/michaelmennis/.m2/repository/com/fasterxml/jackson/core/jackson-databind/2.8.8/jackson-databind-2.8.8.pom
09:37:02.678 [DEBUG] [org.gradle.api.internal.artifacts.repositories.resolver.DefaultExternalResourceArtifactResolver] Loading file:/Users/michaelmennis/.m2/repository/com/fasterxml/jackson/core/jackson-databind/2.8.8/jackson-databind-2.8.8.jar
09:37:02.678 [DEBUG] [org.gradle.api.internal.artifacts.repositories.resolver.ExternalResourceResolver] No meta-data file or artifact found for module 'com.fasterxml.jackson.core:jackson-databind:2.8.8' in repository 'MavenLocal'.
09:37:02.678 [DEBUG] [org.gradle.api.internal.artifacts.ivyservice.ivyresolve.CachingModuleComponentRepository] Using cached module metadata for module 'com.fasterxml.jackson.core:jackson-databind:2.8.8' in 'maven'
09:37:02.679 [DEBUG] [org.gradle.api.internal.artifacts.ivyservice.ivyresolve.RepositoryChainComponentMetaDataResolver] Using com.fasterxml.jackson.core:jackson-databind:2.8.8 from Maven repository 'maven'
09:37:02.680 [DEBUG] [org.gradle.api.internal.artifacts.ivyservice.resolveengine.graph.DependencyGraphBuilder] Visiting dependency fakeyelp:fakeyelp:0.1(runtime) -> dependency: com.mapr.ojai:mapr-ojai-driver:6.0.0-mapr-SNAPSHOT from-conf: runtime to-conf: null
09:37:02.680 [DEBUG] [io.spring.gradle.dependencymanagement.internal.VersionConfiguringAction] Processing dependency 'com.mapr.ojai:mapr-ojai-driver:6.0.0-mapr-SNAPSHOT'
09:37:02.680 [DEBUG] [io.spring.gradle.dependencymanagement.internal.DependencyManagementContainer] Found managed version '6.0.0-mapr-SNAPSHOT' for dependency 'com.mapr.ojai:mapr-ojai-driver' in dependency management for configuration 'runtime'
09:37:02.680 [DEBUG] [io.spring.gradle.dependencymanagement.internal.VersionConfiguringAction] Using version '6.0.0-mapr-SNAPSHOT' for dependency 'com.mapr.ojai:mapr-ojai-driver:6.0.0-mapr-SNAPSHOT'
09:37:02.681 [DEBUG] [org.gradle.api.internal.artifacts.ivyservice.resolveengine.graph.DependencyGraphBuilder] Selecting new module version com.mapr.ojai:mapr-ojai-driver:6.0.0-mapr-SNAPSHOT
09:37:02.681 [DEBUG] [org.gradle.api.internal.artifacts.ivyservice.ivyresolve.RepositoryChainComponentMetaDataResolver] Attempting to resolve component for com.mapr.ojai:mapr-ojai-driver:6.0.0-mapr-SNAPSHOT using repositories [MavenLocal, maven, maven2, maven3]
09:37:02.681 [DEBUG] [org.gradle.api.internal.artifacts.repositories.resolver.DefaultExternalResourceArtifactResolver] Loading file:/Users/michaelmennis/.m2/repository/com/mapr/ojai/mapr-ojai-driver/6.0.0-mapr-SNAPSHOT/mapr-ojai-driver-6.0.0-mapr-SNAPSHOT.pom
09:37:02.682 [DEBUG] [org.gradle.api.internal.artifacts.ivyservice.ivyresolve.RepositoryChainComponentMetaDataResolver] Attempting to resolve component for com.mapr:mapr-release:6.0.0-mapr-SNAPSHOT using repositories [MavenLocal, maven, maven2, maven3]
09:37:02.682 [DEBUG] [org.gradle.api.internal.artifacts.repositories.resolver.DefaultExternalResourceArtifactResolver] Loading file:/Users/michaelmennis/.m2/repository/com/mapr/mapr-release/6.0.0-mapr-SNAPSHOT/mapr-release-6.0.0-mapr-SNAPSHOT.pom
09:37:02.687 [DEBUG] [org.gradle.api.internal.artifacts.ivyservice.ivyresolve.RepositoryChainComponentMetaDataResolver] Attempting to resolve component for com.mapr:mapr-root:6.0.0-mapr-SNAPSHOT using repositories [MavenLocal, maven, maven2, maven3]
09:37:02.687 [DEBUG] [org.gradle.api.internal.artifacts.repositories.resolver.DefaultExternalResourceArtifactResolver] Loading file:/Users/michaelmennis/.m2/repository/com/mapr/mapr-root/6.0.0-mapr-SNAPSHOT/mapr-root-6.0.0-mapr-SNAPSHOT.pom
09:37:02.688 [DEBUG] [org.gradle.api.internal.artifacts.repositories.resolver.ExternalResourceResolver] Metadata file found for module 'com.mapr:mapr-root:6.0.0-mapr-SNAPSHOT' in repository 'MavenLocal'.
09:37:02.688 [DEBUG] [org.gradle.api.internal.artifacts.ivyservice.ivyresolve.RepositoryChainComponentMetaDataResolver] Using com.mapr:mapr-root:6.0.0-mapr-SNAPSHOT from Maven repository 'MavenLocal'
09:37:02.689 [DEBUG] [org.gradle.api.internal.artifacts.repositories.resolver.DefaultExternalResourceArtifactResolver] Loading file:/Users/michaelmennis/.m2/repository/com/mapr/mapr-root/6.0.0-mapr-SNAPSHOT/mapr-root-6.0.0-mapr-SNAPSHOT.pom
09:37:02.691 [DEBUG] [org.gradle.api.internal.artifacts.repositories.resolver.ExternalResourceResolver] Metadata file found for module 'com.mapr:mapr-release:6.0.0-mapr-SNAPSHOT' in repository 'MavenLocal'.
09:37:02.691 [DEBUG] [org.gradle.api.internal.artifacts.ivyservice.ivyresolve.RepositoryChainComponentMetaDataResolver] Using com.mapr:mapr-release:6.0.0-mapr-SNAPSHOT from Maven repository 'MavenLocal'
09:37:02.691 [DEBUG] [org.gradle.api.internal.artifacts.repositories.resolver.DefaultExternalResourceArtifactResolver] Loading file:/Users/michaelmennis/.m2/repository/com/mapr/mapr-release/6.0.0-mapr-SNAPSHOT/mapr-release-6.0.0-mapr-SNAPSHOT.pom
09:37:02.694 [DEBUG] [org.gradle.api.internal.artifacts.ivyservice.ivyresolve.RepositoryChainComponentMetaDataResolver] Attempting to resolve component for com.mapr:mapr-root:6.0.0-mapr-SNAPSHOT using repositories [MavenLocal, maven, maven2, maven3]
09:37:02.694 [DEBUG] [org.gradle.api.internal.artifacts.ivyservice.ivyresolve.RepositoryChainComponentMetaDataResolver] Using com.mapr:mapr-root:6.0.0-mapr-SNAPSHOT from Maven repository 'MavenLocal'
09:37:02.696 [DEBUG] [org.gradle.api.internal.artifacts.repositories.resolver.DefaultExternalResourceArtifactResolver] Loading file:/Users/michaelmennis/.m2/repository/com/mapr/ojai/mapr-ojai-driver/6.0.0-mapr-SNAPSHOT/mapr-ojai-driver-6.0.0-mapr-SNAPSHOT.jar
09:37:02.696 [DEBUG] [org.gradle.api.internal.artifacts.repositories.resolver.ExternalResourceResolver] Metadata file found for module 'com.mapr.ojai:mapr-ojai-driver:6.0.0-mapr-SNAPSHOT' in repository 'MavenLocal'.
09:37:02.697 [DEBUG] [org.gradle.api.internal.artifacts.ivyservice.ivyresolve.RepositoryChainComponentMetaDataResolver] Using com.mapr.ojai:mapr-ojai-driver:6.0.0-mapr-SNAPSHOT from Maven repository 'MavenLocal'
09:37:02.697 [DEBUG] [org.gradle.api.internal.artifacts.ivyservice.resolveengine.graph.DependencyGraphBuilder] Visiting dependency fakeyelp:fakeyelp:0.1(runtime) -> dependency: com.mapr.hadoop:maprfs:6.0.0-mapr-SNAPSHOT from-conf: runtime to-conf: null
09:37:02.697 [DEBUG] [io.spring.gradle.dependencymanagement.internal.VersionConfiguringAction] Processing dependency 'com.mapr.hadoop:maprfs:6.0.0-mapr-SNAPSHOT'
09:37:02.697 [DEBUG] [io.spring.gradle.dependencymanagement.internal.DependencyManagementContainer] Found managed version '6.0.0-mapr-SNAPSHOT' for dependency 'com.mapr.hadoop:maprfs' in dependency management for configuration 'runtime'
09:37:02.697 [DEBUG] [io.spring.gradle.dependencymanagement.internal.VersionConfiguringAction] Using version '6.0.0-mapr-SNAPSHOT' for dependency 'com.mapr.hadoop:maprfs:6.0.0-mapr-SNAPSHOT'
09:37:02.698 [DEBUG] [org.gradle.api.internal.artifacts.ivyservice.resolveengine.graph.DependencyGraphBuilder] Selecting new module version com.mapr.hadoop:maprfs:6.0.0-mapr-SNAPSHOT
09:37:02.698 [DEBUG] [org.gradle.api.internal.artifacts.ivyservice.ivyresolve.RepositoryChainComponentMetaDataResolver] Attempting to resolve component for com.mapr.hadoop:maprfs:6.0.0-mapr-SNAPSHOT using repositories [MavenLocal, maven, maven2, maven3]
09:37:02.698 [DEBUG] [org.gradle.api.internal.artifacts.repositories.resolver.DefaultExternalResourceArtifactResolver] Loading file:/Users/michaelmennis/.m2/repository/com/mapr/hadoop/maprfs/6.0.0-mapr-SNAPSHOT/maprfs-6.0.0-mapr-SNAPSHOT.pom
09:37:02.699 [DEBUG] [org.gradle.api.internal.artifacts.ivyservice.ivyresolve.RepositoryChainComponentMetaDataResolver] Attempting to resolve component for com.mapr:mapr-release:6.0.0-mapr-SNAPSHOT using repositories [MavenLocal, maven, maven2, maven3]
09:37:02.699 [DEBUG] [org.gradle.api.internal.artifacts.ivyservice.ivyresolve.RepositoryChainComponentMetaDataResolver] Using com.mapr:mapr-release:6.0.0-mapr-SNAPSHOT from Maven repository 'MavenLocal'
09:37:02.704 [DEBUG] [org.gradle.api.internal.artifacts.ivyservice.ivyresolve.RepositoryChainComponentMetaDataResolver] Attempting to resolve component for com.mapr:mapr-root:6.0.0-mapr-SNAPSHOT using repositories [MavenLocal, maven, maven2, maven3]
09:37:02.704 [DEBUG] [org.gradle.api.internal.artifacts.ivyservice.ivyresolve.RepositoryChainComponentMetaDataResolver] Using com.mapr:mapr-root:6.0.0-mapr-SNAPSHOT from Maven repository 'MavenLocal'
09:37:02.712 [DEBUG] [org.gradle.api.internal.artifacts.repositories.resolver.DefaultExternalResourceArtifactResolver] Loading file:/Users/michaelmennis/.m2/repository/com/mapr/hadoop/maprfs/6.0.0-mapr-SNAPSHOT/maprfs-6.0.0-mapr-SNAPSHOT.jar
09:37:02.712 [DEBUG] [org.gradle.api.internal.artifacts.repositories.resolver.ExternalResourceResolver] Metadata file found for module 'com.mapr.hadoop:maprfs:6.0.0-mapr-SNAPSHOT' in repository 'MavenLocal'.
09:37:02.712 [DEBUG] [org.gradle.api.internal.artifacts.ivyservice.ivyresolve.RepositoryChainComponentMetaDataResolver] Using com.mapr.hadoop:maprfs:6.0.0-mapr-SNAPSHOT from Maven repository 'MavenLocal'
09:37:02.712 [DEBUG] [org.gradle.api.internal.artifacts.ivyservice.resolveengine.graph.DependencyGraphBuilder] Visiting dependency fakeyelp:fakeyelp:0.1(runtime) -> dependency: com.mapr.db:maprdb:6.0.0-mapr-SNAPSHOT from-conf: runtime to-conf: null
09:37:02.713 [DEBUG] [io.spring.gradle.dependencymanagement.internal.VersionConfiguringAction] Processing dependency 'com.mapr.db:maprdb:6.0.0-mapr-SNAPSHOT'
09:37:02.713 [DEBUG] [io.spring.gradle.dependencymanagement.internal.DependencyManagementContainer] Found managed version '6.0.0-mapr-SNAPSHOT' for dependency 'com.mapr.db:maprdb' in dependency management for configuration 'runtime'
09:37:02.713 [DEBUG] [io.spring.gradle.dependencymanagement.internal.VersionConfiguringAction] Using version '6.0.0-mapr-SNAPSHOT' for dependency 'com.mapr.db:maprdb:6.0.0-mapr-SNAPSHOT'
09:37:02.715 [DEBUG] [org.gradle.api.internal.artifacts.ivyservice.resolveengine.graph.DependencyGraphBuilder] Selecting new module version com.mapr.db:maprdb:6.0.0-mapr-SNAPSHOT
09:37:02.715 [DEBUG] [org.gradle.api.internal.artifacts.ivyservice.ivyresolve.RepositoryChainComponentMetaDataResolver] Attempting to resolve component for com.mapr.db:maprdb:6.0.0-mapr-SNAPSHOT using repositories [MavenLocal, maven, maven2, maven3]
09:37:02.715 [DEBUG] [org.gradle.api.internal.artifacts.repositories.resolver.DefaultExternalResourceArtifactResolver] Loading file:/Users/michaelmennis/.m2/repository/com/mapr/db/maprdb/6.0.0-mapr-SNAPSHOT/maprdb-6.0.0-mapr-SNAPSHOT.pom
09:37:02.727 [DEBUG] [org.gradle.api.internal.artifacts.ivyservice.ivyresolve.RepositoryChainComponentMetaDataResolver] Attempting to resolve component for com.mapr:mapr-release:6.0.0-mapr-SNAPSHOT using repositories [MavenLocal, maven, maven2, maven3]
09:37:02.727 [DEBUG] [org.gradle.api.internal.artifacts.ivyservice.ivyresolve.RepositoryChainComponentMetaDataResolver] Using com.mapr:mapr-release:6.0.0-mapr-SNAPSHOT from Maven repository 'MavenLocal'
09:37:02.729 [DEBUG] [org.gradle.api.internal.artifacts.ivyservice.ivyresolve.RepositoryChainComponentMetaDataResolver] Attempting to resolve component for com.mapr:mapr-root:6.0.0-mapr-SNAPSHOT using repositories [MavenLocal, maven, maven2, maven3]
09:37:02.729 [DEBUG] [org.gradle.api.internal.artifacts.ivyservice.ivyresolve.RepositoryChainComponentMetaDataResolver] Using com.mapr:mapr-root:6.0.0-mapr-SNAPSHOT from Maven repository 'MavenLocal'
09:37:02.731 [DEBUG] [org.gradle.api.internal.artifacts.repositories.resolver.DefaultExternalResourceArtifactResolver] Loading file:/Users/michaelmennis/.m2/repository/com/mapr/db/maprdb/6.0.0-mapr-SNAPSHOT/maprdb-6.0.0-mapr-SNAPSHOT.jar
09:37:02.732 [DEBUG] [org.gradle.api.internal.artifacts.repositories.resolver.ExternalResourceResolver] Metadata file found for module 'com.mapr.db:maprdb:6.0.0-mapr-SNAPSHOT' in repository 'MavenLocal'.
09:37:02.732 [DEBUG] [org.gradle.api.internal.artifacts.ivyservice.ivyresolve.RepositoryChainComponentMetaDataResolver] Using com.mapr.db:maprdb:6.0.0-mapr-SNAPSHOT from Maven repository 'MavenLocal'
09:37:02.732 [DEBUG] [org.gradle.api.internal.artifacts.ivyservice.resolveengine.graph.DependencyGraphBuilder] Visiting configuration org.springframework.boot:spring-boot-starter-logging:1.5.4.RELEASE(default).
09:37:02.732 [DEBUG] [org.gradle.api.internal.artifacts.ivyservice.resolveengine.graph.DependencyGraphBuilder] Visiting dependency org.springframework.boot:spring-boot-starter-logging:1.5.4.RELEASE(default) -> dependency: ch.qos.logback:logback-classic:1.1.11, scope: Compile, optional: false
09:37:02.732 [DEBUG] [io.spring.gradle.dependencymanagement.internal.VersionConfiguringAction] Processing dependency 'ch.qos.logback:logback-classic:1.1.11'
09:37:02.732 [DEBUG] [io.spring.gradle.dependencymanagement.internal.DependencyManagementContainer] Found managed version '1.1.11' for dependency 'ch.qos.logback:logback-classic' in global dependency management
09:37:02.732 [DEBUG] [io.spring.gradle.dependencymanagement.internal.VersionConfiguringAction] Using version '1.1.11' for dependency 'ch.qos.logback:logback-classic:1.1.11'
09:37:02.732 [DEBUG] [org.gradle.api.internal.artifacts.ivyservice.resolveengine.graph.DependencyGraphBuilder] Selecting new module version ch.qos.logback:logback-classic:1.1.11
09:37:02.732 [DEBUG] [org.gradle.api.internal.artifacts.ivyservice.ivyresolve.RepositoryChainComponentMetaDataResolver] Attempting to resolve component for ch.qos.logback:logback-classic:1.1.11 using repositories [MavenLocal, maven, maven2, maven3]
09:37:02.732 [DEBUG] [org.gradle.api.internal.artifacts.repositories.resolver.DefaultExternalResourceArtifactResolver] Loading file:/Users/michaelmennis/.m2/repository/ch/qos/logback/logback-classic/1.1.11/logback-classic-1.1.11.pom
09:37:02.732 [DEBUG] [org.gradle.api.internal.artifacts.repositories.resolver.DefaultExternalResourceArtifactResolver] Loading file:/Users/michaelmennis/.m2/repository/ch/qos/logback/logback-classic/1.1.11/logback-classic-1.1.11.jar
09:37:02.732 [DEBUG] [org.gradle.api.internal.artifacts.repositories.resolver.ExternalResourceResolver] No meta-data file or artifact found for module 'ch.qos.logback:logback-classic:1.1.11' in repository 'MavenLocal'.
09:37:02.743 [DEBUG] [org.gradle.api.internal.artifacts.ivyservice.ivyresolve.CachingModuleComponentRepository] Using cached module metadata for module 'ch.qos.logback:logback-classic:1.1.11' in 'maven'
09:37:02.743 [DEBUG] [org.gradle.api.internal.artifacts.ivyservice.ivyresolve.RepositoryChainComponentMetaDataResolver] Using ch.qos.logback:logback-classic:1.1.11 from Maven repository 'maven'
09:37:02.743 [DEBUG] [org.gradle.api.internal.artifacts.ivyservice.resolveengine.graph.DependencyGraphBuilder] Visiting dependency org.springframework.boot:spring-boot-starter-logging:1.5.4.RELEASE(default) -> dependency: org.slf4j:jcl-over-slf4j:1.7.25, scope: Compile, optional: false
09:37:02.743 [DEBUG] [io.spring.gradle.dependencymanagement.internal.VersionConfiguringAction] Processing dependency 'org.slf4j:jcl-over-slf4j:1.7.25'
09:37:02.743 [DEBUG] [io.spring.gradle.dependencymanagement.internal.DependencyManagementContainer] Found managed version '1.7.25' for dependency 'org.slf4j:jcl-over-slf4j' in global dependency management
09:37:02.743 [DEBUG] [io.spring.gradle.dependencymanagement.internal.VersionConfiguringAction] Using version '1.7.25' for dependency 'org.slf4j:jcl-over-slf4j:1.7.25'
09:37:02.744 [DEBUG] [org.gradle.api.internal.artifacts.ivyservice.resolveengine.graph.DependencyGraphBuilder] Selecting new module version org.slf4j:jcl-over-slf4j:1.7.25
09:37:02.744 [DEBUG] [org.gradle.api.internal.artifacts.ivyservice.ivyresolve.RepositoryChainComponentMetaDataResolver] Attempting to resolve component for org.slf4j:jcl-over-slf4j:1.7.25 using repositories [MavenLocal, maven, maven2, maven3]
09:37:02.744 [DEBUG] [org.gradle.api.internal.artifacts.repositories.resolver.DefaultExternalResourceArtifactResolver] Loading file:/Users/michaelmennis/.m2/repository/org/slf4j/jcl-over-slf4j/1.7.25/jcl-over-slf4j-1.7.25.pom
09:37:02.744 [DEBUG] [org.gradle.api.internal.artifacts.repositories.resolver.DefaultExternalResourceArtifactResolver] Loading file:/Users/michaelmennis/.m2/repository/org/slf4j/jcl-over-slf4j/1.7.25/jcl-over-slf4j-1.7.25.jar
09:37:02.744 [DEBUG] [org.gradle.api.internal.artifacts.repositories.resolver.ExternalResourceResolver] No meta-data file or artifact found for module 'org.slf4j:jcl-over-slf4j:1.7.25' in repository 'MavenLocal'.
09:37:02.744 [DEBUG] [org.gradle.api.internal.artifacts.ivyservice.ivyresolve.CachingModuleComponentRepository] Using cached module metadata for module 'org.slf4j:jcl-over-slf4j:1.7.25' in 'maven'
09:37:02.744 [DEBUG] [org.gradle.api.internal.artifacts.ivyservice.ivyresolve.RepositoryChainComponentMetaDataResolver] Using org.slf4j:jcl-over-slf4j:1.7.25 from Maven repository 'maven'
09:37:02.744 [DEBUG] [org.gradle.api.internal.artifacts.ivyservice.resolveengine.graph.DependencyGraphBuilder] Visiting dependency org.springframework.boot:spring-boot-starter-logging:1.5.4.RELEASE(default) -> dependency: org.slf4j:jul-to-slf4j:1.7.25, scope: Compile, optional: false
09:37:02.744 [DEBUG] [io.spring.gradle.dependencymanagement.internal.VersionConfiguringAction] Processing dependency 'org.slf4j:jul-to-slf4j:1.7.25'
09:37:02.744 [DEBUG] [io.spring.gradle.dependencymanagement.internal.DependencyManagementContainer] Found managed version '1.7.25' for dependency 'org.slf4j:jul-to-slf4j' in global dependency management
09:37:02.745 [DEBUG] [io.spring.gradle.dependencymanagement.internal.VersionConfiguringAction] Using version '1.7.25' for dependency 'org.slf4j:jul-to-slf4j:1.7.25'
09:37:02.745 [DEBUG] [org.gradle.api.internal.artifacts.ivyservice.resolveengine.graph.DependencyGraphBuilder] Selecting new module version org.slf4j:jul-to-slf4j:1.7.25
09:37:02.745 [DEBUG] [org.gradle.api.internal.artifacts.ivyservice.ivyresolve.RepositoryChainComponentMetaDataResolver] Attempting to resolve component for org.slf4j:jul-to-slf4j:1.7.25 using repositories [MavenLocal, maven, maven2, maven3]
09:37:02.745 [DEBUG] [org.gradle.api.internal.artifacts.repositories.resolver.DefaultExternalResourceArtifactResolver] Loading file:/Users/michaelmennis/.m2/repository/org/slf4j/jul-to-slf4j/1.7.25/jul-to-slf4j-1.7.25.pom
09:37:02.745 [DEBUG] [org.gradle.api.internal.artifacts.repositories.resolver.DefaultExternalResourceArtifactResolver] Loading file:/Users/michaelmennis/.m2/repository/org/slf4j/jul-to-slf4j/1.7.25/jul-to-slf4j-1.7.25.jar
09:37:02.745 [DEBUG] [org.gradle.api.internal.artifacts.repositories.resolver.ExternalResourceResolver] No meta-data file or artifact found for module 'org.slf4j:jul-to-slf4j:1.7.25' in repository 'MavenLocal'.
09:37:02.745 [DEBUG] [org.gradle.api.internal.artifacts.ivyservice.ivyresolve.CachingModuleComponentRepository] Using cached module metadata for module 'org.slf4j:jul-to-slf4j:1.7.25' in 'maven'
09:37:02.745 [DEBUG] [org.gradle.api.internal.artifacts.ivyservice.ivyresolve.RepositoryChainComponentMetaDataResolver] Using org.slf4j:jul-to-slf4j:1.7.25 from Maven repository 'maven'
09:37:02.745 [DEBUG] [org.gradle.api.internal.artifacts.ivyservice.resolveengine.graph.DependencyGraphBuilder] Visiting dependency org.springframework.boot:spring-boot-starter-logging:1.5.4.RELEASE(default) -> dependency: org.slf4j:log4j-over-slf4j:1.7.25, scope: Compile, optional: false
09:37:02.746 [DEBUG] [io.spring.gradle.dependencymanagement.internal.VersionConfiguringAction] Processing dependency 'org.slf4j:log4j-over-slf4j:1.7.25'
09:37:02.746 [DEBUG] [io.spring.gradle.dependencymanagement.internal.DependencyManagementContainer] Found managed version '1.7.25' for dependency 'org.slf4j:log4j-over-slf4j' in global dependency management
09:37:02.746 [DEBUG] [io.spring.gradle.dependencymanagement.internal.VersionConfiguringAction] Using version '1.7.25' for dependency 'org.slf4j:log4j-over-slf4j:1.7.25'
09:37:02.746 [DEBUG] [org.gradle.api.internal.artifacts.ivyservice.resolveengine.graph.DependencyGraphBuilder] Selecting new module version org.slf4j:log4j-over-slf4j:1.7.25
09:37:02.746 [DEBUG] [org.gradle.api.internal.artifacts.ivyservice.ivyresolve.RepositoryChainComponentMetaDataResolver] Attempting to resolve component for org.slf4j:log4j-over-slf4j:1.7.25 using repositories [MavenLocal, maven, maven2, maven3]
09:37:02.746 [DEBUG] [org.gradle.api.internal.artifacts.repositories.resolver.DefaultExternalResourceArtifactResolver] Loading file:/Users/michaelmennis/.m2/repository/org/slf4j/log4j-over-slf4j/1.7.25/log4j-over-slf4j-1.7.25.pom
09:37:02.746 [DEBUG] [org.gradle.api.internal.artifacts.repositories.resolver.DefaultExternalResourceArtifactResolver] Loading file:/Users/michaelmennis/.m2/repository/org/slf4j/log4j-over-slf4j/1.7.25/log4j-over-slf4j-1.7.25.jar
09:37:02.746 [DEBUG] [org.gradle.api.internal.artifacts.repositories.resolver.ExternalResourceResolver] No meta-data file or artifact found for module 'org.slf4j:log4j-over-slf4j:1.7.25' in repository 'MavenLocal'.
09:37:02.747 [DEBUG] [org.gradle.api.internal.artifacts.ivyservice.ivyresolve.CachingModuleComponentRepository] Using cached module metadata for module 'org.slf4j:log4j-over-slf4j:1.7.25' in 'maven'
09:37:02.747 [DEBUG] [org.gradle.api.internal.artifacts.ivyservice.ivyresolve.RepositoryChainComponentMetaDataResolver] Using org.slf4j:log4j-over-slf4j:1.7.25 from Maven repository 'maven'
09:37:02.747 [DEBUG] [org.gradle.api.internal.artifacts.ivyservice.resolveengine.graph.DependencyGraphBuilder] Visiting configuration org.springframework.boot:spring-boot-autoconfigure:1.5.4.RELEASE(default).
09:37:02.747 [DEBUG] [org.gradle.api.internal.artifacts.ivyservice.resolveengine.graph.DependencyGraphBuilder] Visiting dependency org.springframework.boot:spring-boot-autoconfigure:1.5.4.RELEASE(default) -> dependency: org.springframework.boot:spring-boot:1.5.4.RELEASE, scope: Compile, optional: false
09:37:02.747 [DEBUG] [io.spring.gradle.dependencymanagement.internal.VersionConfiguringAction] Processing dependency 'org.springframework.boot:spring-boot:1.5.4.RELEASE'
09:37:02.748 [DEBUG] [io.spring.gradle.dependencymanagement.internal.DependencyManagementContainer] Found managed version '1.5.4.RELEASE' for dependency 'org.springframework.boot:spring-boot' in global dependency management
09:37:02.748 [DEBUG] [io.spring.gradle.dependencymanagement.internal.VersionConfiguringAction] Using version '1.5.4.RELEASE' for dependency 'org.springframework.boot:spring-boot:1.5.4.RELEASE'
09:37:02.748 [DEBUG] [org.gradle.api.internal.artifacts.ivyservice.resolveengine.graph.DependencyGraphBuilder] Selecting new module version org.springframework.boot:spring-boot:1.5.4.RELEASE
09:37:02.748 [DEBUG] [org.gradle.api.internal.artifacts.ivyservice.ivyresolve.RepositoryChainComponentMetaDataResolver] Attempting to resolve component for org.springframework.boot:spring-boot:1.5.4.RELEASE using repositories [MavenLocal, maven, maven2, maven3]
09:37:02.748 [DEBUG] [org.gradle.api.internal.artifacts.repositories.resolver.DefaultExternalResourceArtifactResolver] Loading file:/Users/michaelmennis/.m2/repository/org/springframework/boot/spring-boot/1.5.4.RELEASE/spring-boot-1.5.4.RELEASE.pom
09:37:02.748 [DEBUG] [org.gradle.api.internal.artifacts.repositories.resolver.DefaultExternalResourceArtifactResolver] Loading file:/Users/michaelmennis/.m2/repository/org/springframework/boot/spring-boot/1.5.4.RELEASE/spring-boot-1.5.4.RELEASE.jar
09:37:02.748 [DEBUG] [org.gradle.api.internal.artifacts.repositories.resolver.ExternalResourceResolver] No meta-data file or artifact found for module 'org.springframework.boot:spring-boot:1.5.4.RELEASE' in repository 'MavenLocal'.
09:37:02.748 [DEBUG] [org.gradle.api.internal.artifacts.ivyservice.ivyresolve.CachingModuleComponentRepository] Using cached module metadata for module 'org.springframework.boot:spring-boot:1.5.4.RELEASE' in 'maven'
09:37:02.748 [DEBUG] [org.gradle.api.internal.artifacts.ivyservice.ivyresolve.RepositoryChainComponentMetaDataResolver] Using org.springframework.boot:spring-boot:1.5.4.RELEASE from Maven repository 'maven'
09:37:02.748 [DEBUG] [org.gradle.api.internal.artifacts.ivyservice.resolveengine.graph.DependencyGraphBuilder] Visiting configuration org.grails:grails-core:3.3.0(default).
09:37:02.749 [DEBUG] [org.gradle.api.internal.artifacts.ivyservice.resolveengine.graph.DependencyGraphBuilder] Visiting dependency org.grails:grails-core:3.3.0(default) -> dependency: org.codehaus.groovy:groovy:2.4.11, scope: Runtime, optional: false
09:37:02.749 [DEBUG] [io.spring.gradle.dependencymanagement.internal.VersionConfiguringAction] Processing dependency 'org.codehaus.groovy:groovy:2.4.11'
09:37:02.749 [DEBUG] [io.spring.gradle.dependencymanagement.internal.DependencyManagementContainer] Found managed version '2.4.11' for dependency 'org.codehaus.groovy:groovy' in global dependency management
09:37:02.749 [DEBUG] [io.spring.gradle.dependencymanagement.internal.VersionConfiguringAction] Using version '2.4.11' for dependency 'org.codehaus.groovy:groovy:2.4.11'
09:37:02.749 [DEBUG] [org.gradle.api.internal.artifacts.ivyservice.resolveengine.graph.DependencyGraphBuilder] Selecting new module version org.codehaus.groovy:groovy:2.4.11
09:37:02.749 [DEBUG] [org.gradle.api.internal.artifacts.ivyservice.ivyresolve.RepositoryChainComponentMetaDataResolver] Attempting to resolve component for org.codehaus.groovy:groovy:2.4.11 using repositories [MavenLocal, maven, maven2, maven3]
09:37:02.749 [DEBUG] [org.gradle.api.internal.artifacts.ivyservice.ivyresolve.RepositoryChainComponentMetaDataResolver] Using org.codehaus.groovy:groovy:2.4.11 from Maven repository 'maven'
09:37:02.749 [DEBUG] [org.gradle.api.internal.artifacts.ivyservice.resolveengine.graph.DependencyGraphBuilder] Visiting dependency org.grails:grails-core:3.3.0(default) -> dependency: org.slf4j:slf4j-api:1.7.22, scope: Runtime, optional: false
09:37:02.749 [DEBUG] [io.spring.gradle.dependencymanagement.internal.VersionConfiguringAction] Processing dependency 'org.slf4j:slf4j-api:1.7.22'
09:37:02.749 [DEBUG] [io.spring.gradle.dependencymanagement.internal.DependencyManagementContainer] Found managed version '1.7.25' for dependency 'org.slf4j:slf4j-api' in global dependency management
09:37:02.749 [DEBUG] [io.spring.gradle.dependencymanagement.internal.VersionConfiguringAction] Using version '1.7.25' for dependency 'org.slf4j:slf4j-api:1.7.22'
09:37:02.749 [DEBUG] [org.gradle.api.internal.artifacts.ivyservice.resolveengine.graph.DependencyGraphBuilder] Selecting new module version org.slf4j:slf4j-api:1.7.25
09:37:02.749 [DEBUG] [org.gradle.api.internal.artifacts.ivyservice.ivyresolve.RepositoryChainComponentMetaDataResolver] Attempting to resolve component for org.slf4j:slf4j-api:1.7.25 using repositories [MavenLocal, maven, maven2, maven3]
09:37:02.749 [DEBUG] [org.gradle.api.internal.artifacts.repositories.resolver.DefaultExternalResourceArtifactResolver] Loading file:/Users/michaelmennis/.m2/repository/org/slf4j/slf4j-api/1.7.25/slf4j-api-1.7.25.pom
09:37:02.750 [DEBUG] [org.gradle.api.internal.artifacts.ivyservice.ivyresolve.RepositoryChainComponentMetaDataResolver] Attempting to resolve component for org.slf4j:slf4j-parent:1.7.25 using repositories [MavenLocal, maven, maven2, maven3]
09:37:02.750 [DEBUG] [org.gradle.api.internal.artifacts.repositories.resolver.DefaultExternalResourceArtifactResolver] Loading file:/Users/michaelmennis/.m2/repository/org/slf4j/slf4j-parent/1.7.25/slf4j-parent-1.7.25.pom
09:37:02.752 [DEBUG] [org.gradle.api.internal.artifacts.repositories.resolver.ExternalResourceResolver] Metadata file found for module 'org.slf4j:slf4j-parent:1.7.25' in repository 'MavenLocal'.
09:37:02.752 [DEBUG] [org.gradle.api.internal.artifacts.ivyservice.ivyresolve.RepositoryChainComponentMetaDataResolver] Using org.slf4j:slf4j-parent:1.7.25 from Maven repository 'MavenLocal'
09:37:02.752 [DEBUG] [org.gradle.api.internal.artifacts.repositories.resolver.DefaultExternalResourceArtifactResolver] Loading file:/Users/michaelmennis/.m2/repository/org/slf4j/slf4j-parent/1.7.25/slf4j-parent-1.7.25.pom
09:37:02.753 [DEBUG] [org.gradle.api.internal.artifacts.repositories.resolver.DefaultExternalResourceArtifactResolver] Loading file:/Users/michaelmennis/.m2/repository/org/slf4j/slf4j-api/1.7.25/slf4j-api-1.7.25.jar
09:37:02.753 [DEBUG] [org.gradle.api.internal.artifacts.repositories.resolver.MavenResolver] POM file found for module 'org.slf4j:slf4j-api:1.7.25' in repository 'MavenLocal' but no artifact found. Ignoring.
09:37:02.753 [DEBUG] [org.gradle.api.internal.artifacts.repositories.resolver.DefaultExternalResourceArtifactResolver] Loading file:/Users/michaelmennis/.m2/repository/org/slf4j/slf4j-api/1.7.25/slf4j-api-1.7.25.jar
09:37:02.754 [DEBUG] [org.gradle.api.internal.artifacts.repositories.resolver.ExternalResourceResolver] No meta-data file or artifact found for module 'org.slf4j:slf4j-api:1.7.25' in repository 'MavenLocal'.
09:37:02.754 [DEBUG] [org.gradle.api.internal.artifacts.ivyservice.ivyresolve.CachingModuleComponentRepository] Using cached module metadata for module 'org.slf4j:slf4j-api:1.7.25' in 'maven'
09:37:02.754 [DEBUG] [org.gradle.api.internal.artifacts.ivyservice.ivyresolve.RepositoryChainComponentMetaDataResolver] Using org.slf4j:slf4j-api:1.7.25 from Maven repository 'maven'
09:37:02.754 [DEBUG] [org.gradle.api.internal.artifacts.ivyservice.resolveengine.graph.DependencyGraphBuilder] Visiting dependency org.grails:grails-core:3.3.0(default) -> dependency: org.slf4j:jcl-over-slf4j:1.7.22, scope: Runtime, optional: false
09:37:02.754 [DEBUG] [io.spring.gradle.dependencymanagement.internal.VersionConfiguringAction] Processing dependency 'org.slf4j:jcl-over-slf4j:1.7.22'
09:37:02.754 [DEBUG] [io.spring.gradle.dependencymanagement.internal.DependencyManagementContainer] Found managed version '1.7.25' for dependency 'org.slf4j:jcl-over-slf4j' in global dependency management
09:37:02.754 [DEBUG] [io.spring.gradle.dependencymanagement.internal.VersionConfiguringAction] Using version '1.7.25' for dependency 'org.slf4j:jcl-over-slf4j:1.7.22'
09:37:02.754 [DEBUG] [org.gradle.api.internal.artifacts.ivyservice.resolveengine.graph.DependencyGraphBuilder] Visiting dependency org.grails:grails-core:3.3.0(default) -> dependency: org.hibernate.javax.persistence:hibernate-jpa-2.1-api:1.0.0.Final, scope: Runtime, optional: false
09:37:02.754 [DEBUG] [io.spring.gradle.dependencymanagement.internal.VersionConfiguringAction] Processing dependency 'org.hibernate.javax.persistence:hibernate-jpa-2.1-api:1.0.0.Final'
09:37:02.754 [DEBUG] [io.spring.gradle.dependencymanagement.internal.VersionConfiguringAction] No dependency management for dependency 'org.hibernate.javax.persistence:hibernate-jpa-2.1-api:1.0.0.Final'
09:37:02.754 [DEBUG] [org.gradle.api.internal.artifacts.ivyservice.resolveengine.graph.DependencyGraphBuilder] Selecting new module version org.hibernate.javax.persistence:hibernate-jpa-2.1-api:1.0.0.Final
09:37:02.754 [DEBUG] [org.gradle.api.internal.artifacts.ivyservice.ivyresolve.RepositoryChainComponentMetaDataResolver] Attempting to resolve component for org.hibernate.javax.persistence:hibernate-jpa-2.1-api:1.0.0.Final using repositories [MavenLocal, maven, maven2, maven3]
09:37:02.754 [DEBUG] [org.gradle.api.internal.artifacts.ivyservice.ivyresolve.RepositoryChainComponentMetaDataResolver] Using org.hibernate.javax.persistence:hibernate-jpa-2.1-api:1.0.0.Final from Maven repository 'maven'
09:37:02.754 [DEBUG] [org.gradle.api.internal.artifacts.ivyservice.resolveengine.graph.DependencyGraphBuilder] Visiting dependency org.grails:grails-core:3.3.0(default) -> dependency: com.googlecode.concurrentlinkedhashmap:concurrentlinkedhashmap-lru:1.4.2, scope: Runtime, optional: false
09:37:02.754 [DEBUG] [io.spring.gradle.dependencymanagement.internal.VersionConfiguringAction] Processing dependency 'com.googlecode.concurrentlinkedhashmap:concurrentlinkedhashmap-lru:1.4.2'
09:37:02.755 [DEBUG] [io.spring.gradle.dependencymanagement.internal.VersionConfiguringAction] No dependency management for dependency 'com.googlecode.concurrentlinkedhashmap:concurrentlinkedhashmap-lru:1.4.2'
09:37:02.755 [DEBUG] [org.gradle.api.internal.artifacts.ivyservice.resolveengine.graph.DependencyGraphBuilder] Selecting new module version com.googlecode.concurrentlinkedhashmap:concurrentlinkedhashmap-lru:1.4.2
09:37:02.755 [DEBUG] [org.gradle.api.internal.artifacts.ivyservice.ivyresolve.RepositoryChainComponentMetaDataResolver] Attempting to resolve component for com.googlecode.concurrentlinkedhashmap:concurrentlinkedhashmap-lru:1.4.2 using repositories [MavenLocal, maven, maven2, maven3]
09:37:02.755 [DEBUG] [org.gradle.api.internal.artifacts.ivyservice.ivyresolve.RepositoryChainComponentMetaDataResolver] Using com.googlecode.concurrentlinkedhashmap:concurrentlinkedhashmap-lru:1.4.2 from Maven repository 'MavenLocal'
09:37:02.755 [DEBUG] [org.gradle.api.internal.artifacts.ivyservice.resolveengine.graph.DependencyGraphBuilder] Visiting dependency org.grails:grails-core:3.3.0(default) -> dependency: org.springframework.boot:spring-boot:1.5.4.RELEASE, scope: Runtime, optional: false
09:37:02.755 [DEBUG] [org.gradle.api.internal.artifacts.ivyservice.resolveengine.graph.DependencyGraphBuilder] Visiting dependency org.grails:grails-core:3.3.0(default) -> dependency: org.springframework:spring-core:4.3.9.RELEASE, scope: Runtime, optional: false
09:37:02.755 [DEBUG] [io.spring.gradle.dependencymanagement.internal.VersionConfiguringAction] Processing dependency 'org.springframework:spring-core:4.3.9.RELEASE'
09:37:02.755 [DEBUG] [io.spring.gradle.dependencymanagement.internal.DependencyManagementContainer] Found managed version '4.3.9.RELEASE' for dependency 'org.springframework:spring-core' in global dependency management
09:37:02.755 [DEBUG] [io.spring.gradle.dependencymanagement.internal.VersionConfiguringAction] Using version '4.3.9.RELEASE' for dependency 'org.springframework:spring-core:4.3.9.RELEASE'
09:37:02.755 [DEBUG] [org.gradle.api.internal.artifacts.ivyservice.resolveengine.graph.DependencyGraphBuilder] Selecting new module version org.springframework:spring-core:4.3.9.RELEASE
09:37:02.755 [DEBUG] [org.gradle.api.internal.artifacts.ivyservice.ivyresolve.RepositoryChainComponentMetaDataResolver] Attempting to resolve component for org.springframework:spring-core:4.3.9.RELEASE using repositories [MavenLocal, maven, maven2, maven3]
09:37:02.755 [DEBUG] [org.gradle.api.internal.artifacts.ivyservice.ivyresolve.RepositoryChainComponentMetaDataResolver] Using org.springframework:spring-core:4.3.9.RELEASE from Maven repository 'maven'
09:37:02.755 [DEBUG] [org.gradle.api.internal.artifacts.ivyservice.resolveengine.graph.DependencyGraphBuilder] Visiting dependency org.grails:grails-core:3.3.0(default) -> dependency: org.springframework:spring-tx:4.3.9.RELEASE, scope: Runtime, optional: false
09:37:02.755 [DEBUG] [io.spring.gradle.dependencymanagement.internal.VersionConfiguringAction] Processing dependency 'org.springframework:spring-tx:4.3.9.RELEASE'
09:37:02.755 [DEBUG] [io.spring.gradle.dependencymanagement.internal.DependencyManagementContainer] Found managed version '4.3.9.RELEASE' for dependency 'org.springframework:spring-tx' in global dependency management
09:37:02.755 [DEBUG] [io.spring.gradle.dependencymanagement.internal.VersionConfiguringAction] Using version '4.3.9.RELEASE' for dependency 'org.springframework:spring-tx:4.3.9.RELEASE'
09:37:02.755 [DEBUG] [org.gradle.api.internal.artifacts.ivyservice.resolveengine.graph.DependencyGraphBuilder] Selecting new module version org.springframework:spring-tx:4.3.9.RELEASE
09:37:02.755 [DEBUG] [org.gradle.api.internal.artifacts.ivyservice.ivyresolve.RepositoryChainComponentMetaDataResolver] Attempting to resolve component for org.springframework:spring-tx:4.3.9.RELEASE using repositories [MavenLocal, maven, maven2, maven3]
09:37:02.756 [DEBUG] [org.gradle.api.internal.artifacts.ivyservice.ivyresolve.RepositoryChainComponentMetaDataResolver] Using org.springframework:spring-tx:4.3.9.RELEASE from Maven repository 'maven'
09:37:02.756 [DEBUG] [org.gradle.api.internal.artifacts.ivyservice.resolveengine.graph.DependencyGraphBuilder] Visiting dependency org.grails:grails-core:3.3.0(default) -> dependency: org.springframework:spring-beans:4.3.9.RELEASE, scope: Runtime, optional: false
09:37:02.756 [DEBUG] [io.spring.gradle.dependencymanagement.internal.VersionConfiguringAction] Processing dependency 'org.springframework:spring-beans:4.3.9.RELEASE'
09:37:02.756 [DEBUG] [io.spring.gradle.dependencymanagement.internal.DependencyManagementContainer] Found managed version '4.3.9.RELEASE' for dependency 'org.springframework:spring-beans' in global dependency management
09:37:02.756 [DEBUG] [io.spring.gradle.dependencymanagement.internal.VersionConfiguringAction] Using version '4.3.9.RELEASE' for dependency 'org.springframework:spring-beans:4.3.9.RELEASE'
09:37:02.756 [DEBUG] [org.gradle.api.internal.artifacts.ivyservice.resolveengine.graph.DependencyGraphBuilder] Selecting new module version org.springframework:spring-beans:4.3.9.RELEASE
09:37:02.756 [DEBUG] [org.gradle.api.internal.artifacts.ivyservice.ivyresolve.RepositoryChainComponentMetaDataResolver] Attempting to resolve component for org.springframework:spring-beans:4.3.9.RELEASE using repositories [MavenLocal, maven, maven2, maven3]
09:37:02.756 [DEBUG] [org.gradle.api.internal.artifacts.ivyservice.ivyresolve.RepositoryChainComponentMetaDataResolver] Using org.springframework:spring-beans:4.3.9.RELEASE from Maven repository 'maven'
09:37:02.756 [DEBUG] [org.gradle.api.internal.artifacts.ivyservice.resolveengine.graph.DependencyGraphBuilder] Visiting dependency org.grails:grails-core:3.3.0(default) -> dependency: org.springframework:spring-context:4.3.9.RELEASE, scope: Runtime, optional: false
09:37:02.756 [DEBUG] [io.spring.gradle.dependencymanagement.internal.VersionConfiguringAction] Processing dependency 'org.springframework:spring-context:4.3.9.RELEASE'
09:37:02.756 [DEBUG] [io.spring.gradle.dependencymanagement.internal.DependencyManagementContainer] Found managed version '4.3.9.RELEASE' for dependency 'org.springframework:spring-context' in global dependency management
09:37:02.756 [DEBUG] [io.spring.gradle.dependencymanagement.internal.VersionConfiguringAction] Using version '4.3.9.RELEASE' for dependency 'org.springframework:spring-context:4.3.9.RELEASE'
09:37:02.756 [DEBUG] [org.gradle.api.internal.artifacts.ivyservice.resolveengine.graph.DependencyGraphBuilder] Selecting new module version org.springframework:spring-context:4.3.9.RELEASE
09:37:02.756 [DEBUG] [org.gradle.api.internal.artifacts.ivyservice.ivyresolve.RepositoryChainComponentMetaDataResolver] Attempting to resolve component for org.springframework:spring-context:4.3.9.RELEASE using repositories [MavenLocal, maven, maven2, maven3]
09:37:02.756 [DEBUG] [org.gradle.api.internal.artifacts.ivyservice.ivyresolve.RepositoryChainComponentMetaDataResolver] Using org.springframework:spring-context:4.3.9.RELEASE from Maven repository 'maven'
09:37:02.757 [DEBUG] [org.gradle.api.internal.artifacts.ivyservice.resolveengine.graph.DependencyGraphBuilder] Visiting dependency org.grails:grails-core:3.3.0(default) -> dependency: org.grails:grails-bootstrap:3.3.0, scope: Runtime, optional: false
09:37:02.757 [DEBUG] [io.spring.gradle.dependencymanagement.internal.VersionConfiguringAction] Processing dependency 'org.grails:grails-bootstrap:3.3.0'
09:37:02.757 [DEBUG] [io.spring.gradle.dependencymanagement.internal.DependencyManagementContainer] Found managed version '3.3.0' for dependency 'org.grails:grails-bootstrap' in global dependency management
09:37:02.757 [DEBUG] [io.spring.gradle.dependencymanagement.internal.VersionConfiguringAction] Using version '3.3.0' for dependency 'org.grails:grails-bootstrap:3.3.0'
09:37:02.757 [DEBUG] [org.gradle.api.internal.artifacts.ivyservice.resolveengine.graph.DependencyGraphBuilder] Selecting new module version org.grails:grails-bootstrap:3.3.0
09:37:02.757 [DEBUG] [org.gradle.api.internal.artifacts.ivyservice.ivyresolve.RepositoryChainComponentMetaDataResolver] Attempting to resolve component for org.grails:grails-bootstrap:3.3.0 using repositories [MavenLocal, maven, maven2, maven3]
09:37:02.757 [DEBUG] [org.gradle.api.internal.artifacts.ivyservice.ivyresolve.RepositoryChainComponentMetaDataResolver] Using org.grails:grails-bootstrap:3.3.0 from Maven repository 'maven'
09:37:02.757 [DEBUG] [org.gradle.api.internal.artifacts.ivyservice.resolveengine.graph.DependencyGraphBuilder] Visiting dependency org.grails:grails-core:3.3.0(default) -> dependency: org.grails:grails-spring:3.3.0, scope: Runtime, optional: false
09:37:02.757 [DEBUG] [io.spring.gradle.dependencymanagement.internal.VersionConfiguringAction] Processing dependency 'org.grails:grails-spring:3.3.0'
09:37:02.757 [DEBUG] [io.spring.gradle.dependencymanagement.internal.DependencyManagementContainer] Found managed version '3.3.0' for dependency 'org.grails:grails-spring' in global dependency management
09:37:02.757 [DEBUG] [io.spring.gradle.dependencymanagement.internal.VersionConfiguringAction] Using version '3.3.0' for dependency 'org.grails:grails-spring:3.3.0'
09:37:02.757 [DEBUG] [org.gradle.api.internal.artifacts.ivyservice.resolveengine.graph.DependencyGraphBuilder] Selecting new module version org.grails:grails-spring:3.3.0
09:37:02.757 [DEBUG] [org.gradle.api.internal.artifacts.ivyservice.ivyresolve.RepositoryChainComponentMetaDataResolver] Attempting to resolve component for org.grails:grails-spring:3.3.0 using repositories [MavenLocal, maven, maven2, maven3]
09:37:02.757 [DEBUG] [org.gradle.api.internal.artifacts.repositories.resolver.DefaultExternalResourceArtifactResolver] Loading file:/Users/michaelmennis/.m2/repository/org/grails/grails-spring/3.3.0/grails-spring-3.3.0.pom
09:37:02.757 [DEBUG] [org.gradle.api.internal.artifacts.repositories.resolver.DefaultExternalResourceArtifactResolver] Loading file:/Users/michaelmennis/.m2/repository/org/grails/grails-spring/3.3.0/grails-spring-3.3.0.jar
09:37:02.757 [DEBUG] [org.gradle.api.internal.artifacts.repositories.resolver.ExternalResourceResolver] No meta-data file or artifact found for module 'org.grails:grails-spring:3.3.0' in repository 'MavenLocal'.
09:37:02.758 [DEBUG] [org.gradle.api.internal.artifacts.ivyservice.ivyresolve.CachingModuleComponentRepository] Using cached module metadata for module 'org.grails:grails-spring:3.3.0' in 'maven'
09:37:02.758 [DEBUG] [org.gradle.api.internal.artifacts.ivyservice.ivyresolve.RepositoryChainComponentMetaDataResolver] Using org.grails:grails-spring:3.3.0 from Maven repository 'maven'
09:37:02.758 [DEBUG] [org.gradle.api.internal.artifacts.ivyservice.resolveengine.graph.DependencyGraphBuilder] Visiting dependency org.grails:grails-core:3.3.0(default) -> dependency: org.grails:grails-datastore-core:6.1.6.RELEASE, scope: Runtime, optional: false
09:37:02.761 [DEBUG] [io.spring.gradle.dependencymanagement.internal.VersionConfiguringAction] Processing dependency 'org.grails:grails-datastore-core:6.1.6.RELEASE'
09:37:02.761 [DEBUG] [io.spring.gradle.dependencymanagement.internal.DependencyManagementContainer] Found managed version '6.1.6.RELEASE' for dependency 'org.grails:grails-datastore-core' in global dependency management
09:37:02.761 [DEBUG] [io.spring.gradle.dependencymanagement.internal.VersionConfiguringAction] Using version '6.1.6.RELEASE' for dependency 'org.grails:grails-datastore-core:6.1.6.RELEASE'
09:37:02.762 [DEBUG] [org.gradle.api.internal.artifacts.ivyservice.resolveengine.graph.DependencyGraphBuilder] Selecting new module version org.grails:grails-datastore-core:6.1.6.RELEASE
09:37:02.762 [DEBUG] [org.gradle.api.internal.artifacts.ivyservice.ivyresolve.RepositoryChainComponentMetaDataResolver] Attempting to resolve component for org.grails:grails-datastore-core:6.1.6.RELEASE using repositories [MavenLocal, maven, maven2, maven3]
09:37:02.762 [DEBUG] [org.gradle.api.internal.artifacts.ivyservice.ivyresolve.RepositoryChainComponentMetaDataResolver] Using org.grails:grails-datastore-core:6.1.6.RELEASE from Maven repository 'maven'
09:37:02.762 [DEBUG] [org.gradle.api.internal.artifacts.ivyservice.resolveengine.graph.DependencyGraphBuilder] Visiting dependency org.grails:grails-core:3.3.0(default) -> dependency: xalan:serializer:2.7.2, scope: Runtime, optional: false
09:37:02.762 [DEBUG] [io.spring.gradle.dependencymanagement.internal.VersionConfiguringAction] Processing dependency 'xalan:serializer:2.7.2'
09:37:02.762 [DEBUG] [io.spring.gradle.dependencymanagement.internal.VersionConfiguringAction] No dependency management for dependency 'xalan:serializer:2.7.2'
09:37:02.762 [DEBUG] [org.gradle.api.internal.artifacts.ivyservice.resolveengine.graph.DependencyGraphBuilder] Selecting new module version xalan:serializer:2.7.2
09:37:02.762 [DEBUG] [org.gradle.api.internal.artifacts.ivyservice.ivyresolve.RepositoryChainComponentMetaDataResolver] Attempting to resolve component for xalan:serializer:2.7.2 using repositories [MavenLocal, maven, maven2, maven3]
09:37:02.763 [DEBUG] [org.gradle.api.internal.artifacts.repositories.resolver.DefaultExternalResourceArtifactResolver] Loading file:/Users/michaelmennis/.m2/repository/xalan/serializer/2.7.2/serializer-2.7.2.pom
09:37:02.764 [DEBUG] [org.gradle.api.internal.artifacts.ivyservice.ivyresolve.RepositoryChainComponentMetaDataResolver] Attempting to resolve component for org.apache:apache:4 using repositories [MavenLocal, maven, maven2, maven3]
09:37:02.764 [DEBUG] [org.gradle.api.internal.artifacts.ivyservice.ivyresolve.RepositoryChainComponentMetaDataResolver] Using org.apache:apache:4 from Maven repository 'MavenLocal'
09:37:02.765 [DEBUG] [org.gradle.api.internal.artifacts.repositories.resolver.DefaultExternalResourceArtifactResolver] Loading file:/Users/michaelmennis/.m2/repository/xalan/serializer/2.7.2/serializer-2.7.2.jar
09:37:02.765 [DEBUG] [org.gradle.api.internal.artifacts.repositories.resolver.ExternalResourceResolver] Metadata file found for module 'xalan:serializer:2.7.2' in repository 'MavenLocal'.
09:37:02.765 [DEBUG] [org.gradle.api.internal.artifacts.ivyservice.ivyresolve.RepositoryChainComponentMetaDataResolver] Using xalan:serializer:2.7.2 from Maven repository 'MavenLocal'
09:37:02.766 [DEBUG] [org.gradle.api.internal.artifacts.ivyservice.resolveengine.graph.DependencyGraphBuilder] Visiting configuration org.springframework.boot:spring-boot-starter-actuator:1.5.4.RELEASE(default).
09:37:02.777 [DEBUG] [org.gradle.api.internal.artifacts.ivyservice.resolveengine.graph.DependencyGraphBuilder] Visiting dependency org.springframework.boot:spring-boot-starter-actuator:1.5.4.RELEASE(default) -> dependency: org.springframework.boot:spring-boot-starter:1.5.4.RELEASE, scope: Compile, optional: false
09:37:02.777 [DEBUG] [io.spring.gradle.dependencymanagement.internal.VersionConfiguringAction] Processing dependency 'org.springframework.boot:spring-boot-starter:1.5.4.RELEASE'
09:37:02.777 [DEBUG] [io.spring.gradle.dependencymanagement.internal.DependencyManagementContainer] Found managed version '1.5.4.RELEASE' for dependency 'org.springframework.boot:spring-boot-starter' in global dependency management
09:37:02.777 [DEBUG] [io.spring.gradle.dependencymanagement.internal.VersionConfiguringAction] Using version '1.5.4.RELEASE' for dependency 'org.springframework.boot:spring-boot-starter:1.5.4.RELEASE'
09:37:02.777 [DEBUG] [org.gradle.api.internal.artifacts.ivyservice.resolveengine.graph.DependencyGraphBuilder] Selecting new module version org.springframework.boot:spring-boot-starter:1.5.4.RELEASE
09:37:02.777 [DEBUG] [org.gradle.api.internal.artifacts.ivyservice.ivyresolve.RepositoryChainComponentMetaDataResolver] Attempting to resolve component for org.springframework.boot:spring-boot-starter:1.5.4.RELEASE using repositories [MavenLocal, maven, maven2, maven3]
09:37:02.777 [DEBUG] [org.gradle.api.internal.artifacts.repositories.resolver.DefaultExternalResourceArtifactResolver] Loading file:/Users/michaelmennis/.m2/repository/org/springframework/boot/spring-boot-starter/1.5.4.RELEASE/spring-boot-starter-1.5.4.RELEASE.pom
09:37:02.777 [DEBUG] [org.gradle.api.internal.artifacts.repositories.resolver.DefaultExternalResourceArtifactResolver] Loading file:/Users/michaelmennis/.m2/repository/org/springframework/boot/spring-boot-starter/1.5.4.RELEASE/spring-boot-starter-1.5.4.RELEASE.jar
09:37:02.777 [DEBUG] [org.gradle.api.internal.artifacts.repositories.resolver.ExternalResourceResolver] No meta-data file or artifact found for module 'org.springframework.boot:spring-boot-starter:1.5.4.RELEASE' in repository 'MavenLocal'.
09:37:02.777 [DEBUG] [org.gradle.api.internal.artifacts.ivyservice.ivyresolve.CachingModuleComponentRepository] Using cached module metadata for module 'org.springframework.boot:spring-boot-starter:1.5.4.RELEASE' in 'maven'
09:37:02.777 [DEBUG] [org.gradle.api.internal.artifacts.ivyservice.ivyresolve.RepositoryChainComponentMetaDataResolver] Using org.springframework.boot:spring-boot-starter:1.5.4.RELEASE from Maven repository 'maven'
09:37:02.778 [DEBUG] [org.gradle.api.internal.artifacts.ivyservice.resolveengine.graph.DependencyGraphBuilder] Visiting dependency org.springframework.boot:spring-boot-starter-actuator:1.5.4.RELEASE(default) -> dependency: org.springframework.boot:spring-boot-actuator:1.5.4.RELEASE, scope: Compile, optional: false
09:37:02.778 [DEBUG] [io.spring.gradle.dependencymanagement.internal.VersionConfiguringAction] Processing dependency 'org.springframework.boot:spring-boot-actuator:1.5.4.RELEASE'
09:37:02.778 [DEBUG] [io.spring.gradle.dependencymanagement.internal.DependencyManagementContainer] Found managed version '1.5.4.RELEASE' for dependency 'org.springframework.boot:spring-boot-actuator' in global dependency management
09:37:02.778 [DEBUG] [io.spring.gradle.dependencymanagement.internal.VersionConfiguringAction] Using version '1.5.4.RELEASE' for dependency 'org.springframework.boot:spring-boot-actuator:1.5.4.RELEASE'
09:37:02.778 [DEBUG] [org.gradle.api.internal.artifacts.ivyservice.resolveengine.graph.DependencyGraphBuilder] Selecting new module version org.springframework.boot:spring-boot-actuator:1.5.4.RELEASE
09:37:02.778 [DEBUG] [org.gradle.api.internal.artifacts.ivyservice.ivyresolve.RepositoryChainComponentMetaDataResolver] Attempting to resolve component for org.springframework.boot:spring-boot-actuator:1.5.4.RELEASE using repositories [MavenLocal, maven, maven2, maven3]
09:37:02.778 [DEBUG] [org.gradle.api.internal.artifacts.repositories.resolver.DefaultExternalResourceArtifactResolver] Loading file:/Users/michaelmennis/.m2/repository/org/springframework/boot/spring-boot-actuator/1.5.4.RELEASE/spring-boot-actuator-1.5.4.RELEASE.pom
09:37:02.778 [DEBUG] [org.gradle.api.internal.artifacts.repositories.resolver.DefaultExternalResourceArtifactResolver] Loading file:/Users/michaelmennis/.m2/repository/org/springframework/boot/spring-boot-actuator/1.5.4.RELEASE/spring-boot-actuator-1.5.4.RELEASE.jar
09:37:02.778 [DEBUG] [org.gradle.api.internal.artifacts.repositories.resolver.ExternalResourceResolver] No meta-data file or artifact found for module 'org.springframework.boot:spring-boot-actuator:1.5.4.RELEASE' in repository 'MavenLocal'.
09:37:02.778 [DEBUG] [org.gradle.api.internal.artifacts.ivyservice.ivyresolve.CachingModuleComponentRepository] Using cached module metadata for module 'org.springframework.boot:spring-boot-actuator:1.5.4.RELEASE' in 'maven'
09:37:02.778 [DEBUG] [org.gradle.api.internal.artifacts.ivyservice.ivyresolve.RepositoryChainComponentMetaDataResolver] Using org.springframework.boot:spring-boot-actuator:1.5.4.RELEASE from Maven repository 'maven'
09:37:02.778 [DEBUG] [org.gradle.api.internal.artifacts.ivyservice.resolveengine.graph.DependencyGraphBuilder] Visiting configuration org.springframework.boot:spring-boot-starter-tomcat:1.5.4.RELEASE(default).
09:37:02.779 [DEBUG] [org.gradle.api.internal.artifacts.ivyservice.resolveengine.graph.DependencyGraphBuilder] Visiting dependency org.springframework.boot:spring-boot-starter-tomcat:1.5.4.RELEASE(default) -> dependency: org.apache.tomcat.embed:tomcat-embed-core:8.5.15, scope: Compile, optional: false
09:37:02.779 [DEBUG] [io.spring.gradle.dependencymanagement.internal.VersionConfiguringAction] Processing dependency 'org.apache.tomcat.embed:tomcat-embed-core:8.5.15'
09:37:02.779 [DEBUG] [io.spring.gradle.dependencymanagement.internal.DependencyManagementContainer] Found managed version '8.5.15' for dependency 'org.apache.tomcat.embed:tomcat-embed-core' in global dependency management
09:37:02.779 [DEBUG] [io.spring.gradle.dependencymanagement.internal.VersionConfiguringAction] Using version '8.5.15' for dependency 'org.apache.tomcat.embed:tomcat-embed-core:8.5.15'
09:37:02.779 [DEBUG] [org.gradle.api.internal.artifacts.ivyservice.resolveengine.graph.DependencyGraphBuilder] Selecting new module version org.apache.tomcat.embed:tomcat-embed-core:8.5.15
09:37:02.779 [DEBUG] [org.gradle.api.internal.artifacts.ivyservice.ivyresolve.RepositoryChainComponentMetaDataResolver] Attempting to resolve component for org.apache.tomcat.embed:tomcat-embed-core:8.5.15 using repositories [MavenLocal, maven, maven2, maven3]
09:37:02.779 [DEBUG] [org.gradle.api.internal.artifacts.repositories.resolver.DefaultExternalResourceArtifactResolver] Loading file:/Users/michaelmennis/.m2/repository/org/apache/tomcat/embed/tomcat-embed-core/8.5.15/tomcat-embed-core-8.5.15.pom
09:37:02.779 [DEBUG] [org.gradle.api.internal.artifacts.repositories.resolver.DefaultExternalResourceArtifactResolver] Loading file:/Users/michaelmennis/.m2/repository/org/apache/tomcat/embed/tomcat-embed-core/8.5.15/tomcat-embed-core-8.5.15.jar
09:37:02.779 [DEBUG] [org.gradle.api.internal.artifacts.repositories.resolver.ExternalResourceResolver] No meta-data file or artifact found for module 'org.apache.tomcat.embed:tomcat-embed-core:8.5.15' in repository 'MavenLocal'.
09:37:02.779 [DEBUG] [org.gradle.api.internal.artifacts.ivyservice.ivyresolve.CachingModuleComponentRepository] Using cached module metadata for module 'org.apache.tomcat.embed:tomcat-embed-core:8.5.15' in 'maven'
09:37:02.779 [DEBUG] [org.gradle.api.internal.artifacts.ivyservice.ivyresolve.RepositoryChainComponentMetaDataResolver] Using org.apache.tomcat.embed:tomcat-embed-core:8.5.15 from Maven repository 'maven'
09:37:02.779 [DEBUG] [org.gradle.api.internal.artifacts.ivyservice.resolveengine.graph.DependencyGraphBuilder] Visiting dependency org.springframework.boot:spring-boot-starter-tomcat:1.5.4.RELEASE(default) -> dependency: org.apache.tomcat.embed:tomcat-embed-el:8.5.15, scope: Compile, optional: false
09:37:02.779 [DEBUG] [io.spring.gradle.dependencymanagement.internal.VersionConfiguringAction] Processing dependency 'org.apache.tomcat.embed:tomcat-embed-el:8.5.15'
09:37:02.780 [DEBUG] [io.spring.gradle.dependencymanagement.internal.DependencyManagementContainer] Found managed version '8.5.15' for dependency 'org.apache.tomcat.embed:tomcat-embed-el' in global dependency management
09:37:02.780 [DEBUG] [io.spring.gradle.dependencymanagement.internal.VersionConfiguringAction] Using version '8.5.15' for dependency 'org.apache.tomcat.embed:tomcat-embed-el:8.5.15'
09:37:02.780 [DEBUG] [org.gradle.api.internal.artifacts.ivyservice.resolveengine.graph.DependencyGraphBuilder] Selecting new module version org.apache.tomcat.embed:tomcat-embed-el:8.5.15
09:37:02.780 [DEBUG] [org.gradle.api.internal.artifacts.ivyservice.ivyresolve.RepositoryChainComponentMetaDataResolver] Attempting to resolve component for org.apache.tomcat.embed:tomcat-embed-el:8.5.15 using repositories [MavenLocal, maven, maven2, maven3]
09:37:02.780 [DEBUG] [org.gradle.api.internal.artifacts.repositories.resolver.DefaultExternalResourceArtifactResolver] Loading file:/Users/michaelmennis/.m2/repository/org/apache/tomcat/embed/tomcat-embed-el/8.5.15/tomcat-embed-el-8.5.15.pom
09:37:02.780 [DEBUG] [org.gradle.api.internal.artifacts.repositories.resolver.DefaultExternalResourceArtifactResolver] Loading file:/Users/michaelmennis/.m2/repository/org/apache/tomcat/embed/tomcat-embed-el/8.5.15/tomcat-embed-el-8.5.15.jar
09:37:02.780 [DEBUG] [org.gradle.api.internal.artifacts.repositories.resolver.ExternalResourceResolver] No meta-data file or artifact found for module 'org.apache.tomcat.embed:tomcat-embed-el:8.5.15' in repository 'MavenLocal'.
09:37:02.780 [DEBUG] [org.gradle.api.internal.artifacts.ivyservice.ivyresolve.CachingModuleComponentRepository] Using cached module metadata for module 'org.apache.tomcat.embed:tomcat-embed-el:8.5.15' in 'maven'
09:37:02.780 [DEBUG] [org.gradle.api.internal.artifacts.ivyservice.ivyresolve.RepositoryChainComponentMetaDataResolver] Using org.apache.tomcat.embed:tomcat-embed-el:8.5.15 from Maven repository 'maven'
09:37:02.781 [DEBUG] [org.gradle.api.internal.artifacts.ivyservice.resolveengine.graph.DependencyGraphBuilder] Visiting dependency org.springframework.boot:spring-boot-starter-tomcat:1.5.4.RELEASE(default) -> dependency: org.apache.tomcat.embed:tomcat-embed-websocket:8.5.15, scope: Compile, optional: false
09:37:02.781 [DEBUG] [io.spring.gradle.dependencymanagement.internal.VersionConfiguringAction] Processing dependency 'org.apache.tomcat.embed:tomcat-embed-websocket:8.5.15'
09:37:02.781 [DEBUG] [io.spring.gradle.dependencymanagement.internal.DependencyManagementContainer] Found managed version '8.5.15' for dependency 'org.apache.tomcat.embed:tomcat-embed-websocket' in global dependency management
09:37:02.781 [DEBUG] [io.spring.gradle.dependencymanagement.internal.VersionConfiguringAction] Using version '8.5.15' for dependency 'org.apache.tomcat.embed:tomcat-embed-websocket:8.5.15'
09:37:02.781 [DEBUG] [org.gradle.api.internal.artifacts.ivyservice.resolveengine.graph.DependencyGraphBuilder] Selecting new module version org.apache.tomcat.embed:tomcat-embed-websocket:8.5.15
09:37:02.781 [DEBUG] [org.gradle.api.internal.artifacts.ivyservice.ivyresolve.RepositoryChainComponentMetaDataResolver] Attempting to resolve component for org.apache.tomcat.embed:tomcat-embed-websocket:8.5.15 using repositories [MavenLocal, maven, maven2, maven3]
09:37:02.781 [DEBUG] [org.gradle.api.internal.artifacts.repositories.resolver.DefaultExternalResourceArtifactResolver] Loading file:/Users/michaelmennis/.m2/repository/org/apache/tomcat/embed/tomcat-embed-websocket/8.5.15/tomcat-embed-websocket-8.5.15.pom
09:37:02.781 [DEBUG] [org.gradle.api.internal.artifacts.repositories.resolver.DefaultExternalResourceArtifactResolver] Loading file:/Users/michaelmennis/.m2/repository/org/apache/tomcat/embed/tomcat-embed-websocket/8.5.15/tomcat-embed-websocket-8.5.15.jar
09:37:02.781 [DEBUG] [org.gradle.api.internal.artifacts.repositories.resolver.ExternalResourceResolver] No meta-data file or artifact found for module 'org.apache.tomcat.embed:tomcat-embed-websocket:8.5.15' in repository 'MavenLocal'.
09:37:02.782 [DEBUG] [org.gradle.api.internal.artifacts.ivyservice.ivyresolve.CachingModuleComponentRepository] Using cached module metadata for module 'org.apache.tomcat.embed:tomcat-embed-websocket:8.5.15' in 'maven'
09:37:02.782 [DEBUG] [org.gradle.api.internal.artifacts.ivyservice.ivyresolve.RepositoryChainComponentMetaDataResolver] Using org.apache.tomcat.embed:tomcat-embed-websocket:8.5.15 from Maven repository 'maven'
09:37:02.782 [DEBUG] [org.gradle.api.internal.artifacts.ivyservice.resolveengine.graph.DependencyGraphBuilder] Visiting configuration org.grails:grails-web-boot:3.3.0(default).
09:37:02.782 [DEBUG] [org.gradle.api.internal.artifacts.ivyservice.resolveengine.graph.DependencyGraphBuilder] Visiting dependency org.grails:grails-web-boot:3.3.0(default) -> dependency: org.codehaus.groovy:groovy:2.4.11, scope: Runtime, optional: false
09:37:02.782 [DEBUG] [org.gradle.api.internal.artifacts.ivyservice.resolveengine.graph.DependencyGraphBuilder] Visiting dependency org.grails:grails-web-boot:3.3.0(default) -> dependency: org.slf4j:slf4j-api:1.7.22, scope: Runtime, optional: false
09:37:02.782 [DEBUG] [org.gradle.api.internal.artifacts.ivyservice.resolveengine.graph.DependencyGraphBuilder] Visiting dependency org.grails:grails-web-boot:3.3.0(default) -> dependency: org.slf4j:jcl-over-slf4j:1.7.22, scope: Runtime, optional: false
09:37:02.782 [DEBUG] [org.gradle.api.internal.artifacts.ivyservice.resolveengine.graph.DependencyGraphBuilder] Visiting dependency org.grails:grails-web-boot:3.3.0(default) -> dependency: org.grails:grails-web-common:3.3.0, scope: Runtime, optional: false
09:37:02.782 [DEBUG] [io.spring.gradle.dependencymanagement.internal.VersionConfiguringAction] Processing dependency 'org.grails:grails-web-common:3.3.0'
09:37:02.782 [DEBUG] [io.spring.gradle.dependencymanagement.internal.DependencyManagementContainer] Found managed version '3.3.0' for dependency 'org.grails:grails-web-common' in global dependency management
09:37:02.782 [DEBUG] [io.spring.gradle.dependencymanagement.internal.VersionConfiguringAction] Using version '3.3.0' for dependency 'org.grails:grails-web-common:3.3.0'
09:37:02.782 [DEBUG] [org.gradle.api.internal.artifacts.ivyservice.resolveengine.graph.DependencyGraphBuilder] Selecting new module version org.grails:grails-web-common:3.3.0
09:37:02.783 [DEBUG] [org.gradle.api.internal.artifacts.ivyservice.ivyresolve.RepositoryChainComponentMetaDataResolver] Attempting to resolve component for org.grails:grails-web-common:3.3.0 using repositories [MavenLocal, maven, maven2, maven3]
09:37:02.783 [DEBUG] [org.gradle.api.internal.artifacts.repositories.resolver.DefaultExternalResourceArtifactResolver] Loading file:/Users/michaelmennis/.m2/repository/org/grails/grails-web-common/3.3.0/grails-web-common-3.3.0.pom
09:37:02.783 [DEBUG] [org.gradle.api.internal.artifacts.repositories.resolver.DefaultExternalResourceArtifactResolver] Loading file:/Users/michaelmennis/.m2/repository/org/grails/grails-web-common/3.3.0/grails-web-common-3.3.0.jar
09:37:02.783 [DEBUG] [org.gradle.api.internal.artifacts.repositories.resolver.ExternalResourceResolver] No meta-data file or artifact found for module 'org.grails:grails-web-common:3.3.0' in repository 'MavenLocal'.
09:37:02.783 [DEBUG] [org.gradle.api.internal.artifacts.ivyservice.ivyresolve.CachingModuleComponentRepository] Using cached module metadata for module 'org.grails:grails-web-common:3.3.0' in 'maven'
09:37:02.783 [DEBUG] [org.gradle.api.internal.artifacts.ivyservice.ivyresolve.RepositoryChainComponentMetaDataResolver] Using org.grails:grails-web-common:3.3.0 from Maven repository 'maven'
09:37:02.783 [DEBUG] [org.gradle.api.internal.artifacts.ivyservice.resolveengine.graph.DependencyGraphBuilder] Visiting configuration org.grails:grails-logging:3.3.0(default).
09:37:02.783 [DEBUG] [org.gradle.api.internal.artifacts.ivyservice.resolveengine.graph.DependencyGraphBuilder] Visiting dependency org.grails:grails-logging:3.3.0(default) -> dependency: org.codehaus.groovy:groovy:2.4.11, scope: Runtime, optional: false
09:37:02.783 [DEBUG] [org.gradle.api.internal.artifacts.ivyservice.resolveengine.graph.DependencyGraphBuilder] Visiting dependency org.grails:grails-logging:3.3.0(default) -> dependency: org.slf4j:slf4j-api:1.7.22, scope: Runtime, optional: false
09:37:02.784 [DEBUG] [org.gradle.api.internal.artifacts.ivyservice.resolveengine.graph.DependencyGraphBuilder] Visiting dependency org.grails:grails-logging:3.3.0(default) -> dependency: org.slf4j:jcl-over-slf4j:1.7.22, scope: Runtime, optional: false
09:37:02.784 [DEBUG] [org.gradle.api.internal.artifacts.ivyservice.resolveengine.graph.DependencyGraphBuilder] Visiting dependency org.grails:grails-logging:3.3.0(default) -> dependency: org.grails:grails-core:3.3.0, scope: Runtime, optional: false
09:37:02.784 [DEBUG] [io.spring.gradle.dependencymanagement.internal.VersionConfiguringAction] Processing dependency 'org.grails:grails-core:3.3.0'
09:37:02.784 [DEBUG] [io.spring.gradle.dependencymanagement.internal.DependencyManagementContainer] Found managed version '3.3.0' for dependency 'org.grails:grails-core' in global dependency management
09:37:02.784 [DEBUG] [io.spring.gradle.dependencymanagement.internal.VersionConfiguringAction] Using version '3.3.0' for dependency 'org.grails:grails-core:3.3.0'
09:37:02.784 [DEBUG] [org.gradle.api.internal.artifacts.ivyservice.resolveengine.graph.DependencyGraphBuilder] Visiting configuration org.grails:grails-plugin-rest:3.3.0(default).
09:37:02.784 [DEBUG] [org.gradle.api.internal.artifacts.ivyservice.resolveengine.graph.DependencyGraphBuilder] Visiting dependency org.grails:grails-plugin-rest:3.3.0(default) -> dependency: org.codehaus.groovy:groovy:2.4.11, scope: Runtime, optional: false
09:37:02.784 [DEBUG] [org.gradle.api.internal.artifacts.ivyservice.resolveengine.graph.DependencyGraphBuilder] Visiting dependency org.grails:grails-plugin-rest:3.3.0(default) -> dependency: org.slf4j:slf4j-api:1.7.22, scope: Runtime, optional: false
09:37:02.784 [DEBUG] [org.gradle.api.internal.artifacts.ivyservice.resolveengine.graph.DependencyGraphBuilder] Visiting dependency org.grails:grails-plugin-rest:3.3.0(default) -> dependency: org.slf4j:jcl-over-slf4j:1.7.22, scope: Runtime, optional: false
09:37:02.784 [DEBUG] [org.gradle.api.internal.artifacts.ivyservice.resolveengine.graph.DependencyGraphBuilder] Visiting dependency org.grails:grails-plugin-rest:3.3.0(default) -> dependency: org.grails:grails-web:3.3.0, scope: Runtime, optional: false
09:37:02.784 [DEBUG] [io.spring.gradle.dependencymanagement.internal.VersionConfiguringAction] Processing dependency 'org.grails:grails-web:3.3.0'
09:37:02.784 [DEBUG] [io.spring.gradle.dependencymanagement.internal.DependencyManagementContainer] Found managed version '3.3.0' for dependency 'org.grails:grails-web' in global dependency management
09:37:02.784 [DEBUG] [io.spring.gradle.dependencymanagement.internal.VersionConfiguringAction] Using version '3.3.0' for dependency 'org.grails:grails-web:3.3.0'
09:37:02.784 [DEBUG] [org.gradle.api.internal.artifacts.ivyservice.resolveengine.graph.DependencyGraphBuilder] Selecting new module version org.grails:grails-web:3.3.0
09:37:02.784 [DEBUG] [org.gradle.api.internal.artifacts.ivyservice.ivyresolve.RepositoryChainComponentMetaDataResolver] Attempting to resolve component for org.grails:grails-web:3.3.0 using repositories [MavenLocal, maven, maven2, maven3]
09:37:02.784 [DEBUG] [org.gradle.api.internal.artifacts.repositories.resolver.DefaultExternalResourceArtifactResolver] Loading file:/Users/michaelmennis/.m2/repository/org/grails/grails-web/3.3.0/grails-web-3.3.0.pom
09:37:02.785 [DEBUG] [org.gradle.api.internal.artifacts.repositories.resolver.DefaultExternalResourceArtifactResolver] Loading file:/Users/michaelmennis/.m2/repository/org/grails/grails-web/3.3.0/grails-web-3.3.0.jar
09:37:02.785 [DEBUG] [org.gradle.api.internal.artifacts.repositories.resolver.ExternalResourceResolver] No meta-data file or artifact found for module 'org.grails:grails-web:3.3.0' in repository 'MavenLocal'.
09:37:02.785 [DEBUG] [org.gradle.api.internal.artifacts.ivyservice.ivyresolve.CachingModuleComponentRepository] Using cached module metadata for module 'org.grails:grails-web:3.3.0' in 'maven'
09:37:02.785 [DEBUG] [org.gradle.api.internal.artifacts.ivyservice.ivyresolve.RepositoryChainComponentMetaDataResolver] Using org.grails:grails-web:3.3.0 from Maven repository 'maven'
09:37:02.785 [DEBUG] [org.gradle.api.internal.artifacts.ivyservice.resolveengine.graph.DependencyGraphBuilder] Visiting dependency org.grails:grails-plugin-rest:3.3.0(default) -> dependency: org.grails:grails-plugin-controllers:3.3.0, scope: Runtime, optional: false
09:37:02.785 [DEBUG] [io.spring.gradle.dependencymanagement.internal.VersionConfiguringAction] Processing dependency 'org.grails:grails-plugin-controllers:3.3.0'
09:37:02.785 [DEBUG] [io.spring.gradle.dependencymanagement.internal.DependencyManagementContainer] Found managed version '3.3.0' for dependency 'org.grails:grails-plugin-controllers' in global dependency management
09:37:02.785 [DEBUG] [io.spring.gradle.dependencymanagement.internal.VersionConfiguringAction] Using version '3.3.0' for dependency 'org.grails:grails-plugin-controllers:3.3.0'
09:37:02.785 [DEBUG] [org.gradle.api.internal.artifacts.ivyservice.resolveengine.graph.DependencyGraphBuilder] Selecting new module version org.grails:grails-plugin-controllers:3.3.0
09:37:02.785 [DEBUG] [org.gradle.api.internal.artifacts.ivyservice.ivyresolve.RepositoryChainComponentMetaDataResolver] Attempting to resolve component for org.grails:grails-plugin-controllers:3.3.0 using repositories [MavenLocal, maven, maven2, maven3]
09:37:02.785 [DEBUG] [org.gradle.api.internal.artifacts.repositories.resolver.DefaultExternalResourceArtifactResolver] Loading file:/Users/michaelmennis/.m2/repository/org/grails/grails-plugin-controllers/3.3.0/grails-plugin-controllers-3.3.0.pom
09:37:02.785 [DEBUG] [org.gradle.api.internal.artifacts.repositories.resolver.DefaultExternalResourceArtifactResolver] Loading file:/Users/michaelmennis/.m2/repository/org/grails/grails-plugin-controllers/3.3.0/grails-plugin-controllers-3.3.0.jar
09:37:02.786 [DEBUG] [org.gradle.api.internal.artifacts.repositories.resolver.ExternalResourceResolver] No meta-data file or artifact found for module 'org.grails:grails-plugin-controllers:3.3.0' in repository 'MavenLocal'.
09:37:02.786 [DEBUG] [org.gradle.api.internal.artifacts.ivyservice.ivyresolve.CachingModuleComponentRepository] Using cached module metadata for module 'org.grails:grails-plugin-controllers:3.3.0' in 'maven'
09:37:02.786 [DEBUG] [org.gradle.api.internal.artifacts.ivyservice.ivyresolve.RepositoryChainComponentMetaDataResolver] Using org.grails:grails-plugin-controllers:3.3.0 from Maven repository 'maven'
09:37:02.786 [DEBUG] [org.gradle.api.internal.artifacts.ivyservice.resolveengine.graph.DependencyGraphBuilder] Visiting dependency org.grails:grails-plugin-rest:3.3.0(default) -> dependency: org.grails:grails-plugin-datasource:3.3.0, scope: Runtime, optional: false
09:37:02.786 [DEBUG] [io.spring.gradle.dependencymanagement.internal.VersionConfiguringAction] Processing dependency 'org.grails:grails-plugin-datasource:3.3.0'
09:37:02.786 [DEBUG] [io.spring.gradle.dependencymanagement.internal.DependencyManagementContainer] Found managed version '3.3.0' for dependency 'org.grails:grails-plugin-datasource' in global dependency management
09:37:02.786 [DEBUG] [io.spring.gradle.dependencymanagement.internal.VersionConfiguringAction] Using version '3.3.0' for dependency 'org.grails:grails-plugin-datasource:3.3.0'
09:37:02.786 [DEBUG] [org.gradle.api.internal.artifacts.ivyservice.resolveengine.graph.DependencyGraphBuilder] Selecting new module version org.grails:grails-plugin-datasource:3.3.0
09:37:02.786 [DEBUG] [org.gradle.api.internal.artifacts.ivyservice.ivyresolve.RepositoryChainComponentMetaDataResolver] Attempting to resolve component for org.grails:grails-plugin-datasource:3.3.0 using repositories [MavenLocal, maven, maven2, maven3]
09:37:02.787 [DEBUG] [org.gradle.api.internal.artifacts.repositories.resolver.DefaultExternalResourceArtifactResolver] Loading file:/Users/michaelmennis/.m2/repository/org/grails/grails-plugin-datasource/3.3.0/grails-plugin-datasource-3.3.0.pom
09:37:02.787 [DEBUG] [org.gradle.api.internal.artifacts.repositories.resolver.DefaultExternalResourceArtifactResolver] Loading file:/Users/michaelmennis/.m2/repository/org/grails/grails-plugin-datasource/3.3.0/grails-plugin-datasource-3.3.0.jar
09:37:02.787 [DEBUG] [org.gradle.api.internal.artifacts.repositories.resolver.ExternalResourceResolver] No meta-data file or artifact found for module 'org.grails:grails-plugin-datasource:3.3.0' in repository 'MavenLocal'.
09:37:02.787 [DEBUG] [org.gradle.api.internal.artifacts.ivyservice.ivyresolve.CachingModuleComponentRepository] Using cached module metadata for module 'org.grails:grails-plugin-datasource:3.3.0' in 'maven'
09:37:02.787 [DEBUG] [org.gradle.api.internal.artifacts.ivyservice.ivyresolve.RepositoryChainComponentMetaDataResolver] Using org.grails:grails-plugin-datasource:3.3.0 from Maven repository 'maven'
09:37:02.787 [DEBUG] [org.gradle.api.internal.artifacts.ivyservice.resolveengine.graph.DependencyGraphBuilder] Visiting dependency org.grails:grails-plugin-rest:3.3.0(default) -> dependency: org.grails.plugins:converters:3.3.0, scope: Runtime, optional: false
09:37:02.787 [DEBUG] [io.spring.gradle.dependencymanagement.internal.VersionConfiguringAction] Processing dependency 'org.grails.plugins:converters:3.3.0'
09:37:02.787 [DEBUG] [io.spring.gradle.dependencymanagement.internal.VersionConfiguringAction] No dependency management for dependency 'org.grails.plugins:converters:3.3.0'
09:37:02.787 [DEBUG] [org.gradle.api.internal.artifacts.ivyservice.resolveengine.graph.DependencyGraphBuilder] Selecting new module version org.grails.plugins:converters:3.3.0
09:37:02.787 [DEBUG] [org.gradle.api.internal.artifacts.ivyservice.ivyresolve.RepositoryChainComponentMetaDataResolver] Attempting to resolve component for org.grails.plugins:converters:3.3.0 using repositories [MavenLocal, maven, maven2, maven3]
09:37:02.787 [DEBUG] [org.gradle.api.internal.artifacts.repositories.resolver.DefaultExternalResourceArtifactResolver] Loading file:/Users/michaelmennis/.m2/repository/org/grails/plugins/converters/3.3.0/converters-3.3.0.pom
09:37:02.788 [DEBUG] [org.gradle.api.internal.artifacts.repositories.resolver.DefaultExternalResourceArtifactResolver] Loading file:/Users/michaelmennis/.m2/repository/org/grails/plugins/converters/3.3.0/converters-3.3.0.jar
09:37:02.788 [DEBUG] [org.gradle.api.internal.artifacts.repositories.resolver.ExternalResourceResolver] No meta-data file or artifact found for module 'org.grails.plugins:converters:3.3.0' in repository 'MavenLocal'.
09:37:02.788 [DEBUG] [org.gradle.api.internal.artifacts.ivyservice.ivyresolve.CachingModuleComponentRepository] Using cached module metadata for module 'org.grails.plugins:converters:3.3.0' in 'maven'
09:37:02.788 [DEBUG] [org.gradle.api.internal.artifacts.ivyservice.ivyresolve.RepositoryChainComponentMetaDataResolver] Using org.grails.plugins:converters:3.3.0 from Maven repository 'maven'
09:37:02.788 [DEBUG] [org.gradle.api.internal.artifacts.ivyservice.resolveengine.graph.DependencyGraphBuilder] Visiting configuration org.grails:grails-plugin-databinding:3.3.0(default).
09:37:02.788 [DEBUG] [org.gradle.api.internal.artifacts.ivyservice.resolveengine.graph.DependencyGraphBuilder] Visiting dependency org.grails:grails-plugin-databinding:3.3.0(default) -> dependency: org.codehaus.groovy:groovy:2.4.11, scope: Runtime, optional: false
09:37:02.788 [DEBUG] [org.gradle.api.internal.artifacts.ivyservice.resolveengine.graph.DependencyGraphBuilder] Visiting dependency org.grails:grails-plugin-databinding:3.3.0(default) -> dependency: org.slf4j:slf4j-api:1.7.22, scope: Runtime, optional: false
09:37:02.788 [DEBUG] [org.gradle.api.internal.artifacts.ivyservice.resolveengine.graph.DependencyGraphBuilder] Visiting dependency org.grails:grails-plugin-databinding:3.3.0(default) -> dependency: org.slf4j:jcl-over-slf4j:1.7.22, scope: Runtime, optional: false
09:37:02.788 [DEBUG] [org.gradle.api.internal.artifacts.ivyservice.resolveengine.graph.DependencyGraphBuilder] Visiting dependency org.grails:grails-plugin-databinding:3.3.0(default) -> dependency: org.grails:grails-core:3.3.0, scope: Runtime, optional: false
09:37:02.788 [DEBUG] [org.gradle.api.internal.artifacts.ivyservice.resolveengine.graph.DependencyGraphBuilder] Visiting dependency org.grails:grails-plugin-databinding:3.3.0(default) -> dependency: org.grails:grails-web:3.3.0, scope: Runtime, optional: false
09:37:02.788 [DEBUG] [org.gradle.api.internal.artifacts.ivyservice.resolveengine.graph.DependencyGraphBuilder] Visiting configuration org.grails:grails-plugin-i18n:3.3.0(default).
09:37:02.788 [DEBUG] [org.gradle.api.internal.artifacts.ivyservice.resolveengine.graph.DependencyGraphBuilder] Visiting dependency org.grails:grails-plugin-i18n:3.3.0(default) -> dependency: org.codehaus.groovy:groovy:2.4.11, scope: Runtime, optional: false
09:37:02.788 [DEBUG] [org.gradle.api.internal.artifacts.ivyservice.resolveengine.graph.DependencyGraphBuilder] Visiting dependency org.grails:grails-plugin-i18n:3.3.0(default) -> dependency: org.slf4j:slf4j-api:1.7.22, scope: Runtime, optional: false
09:37:02.788 [DEBUG] [org.gradle.api.internal.artifacts.ivyservice.resolveengine.graph.DependencyGraphBuilder] Visiting dependency org.grails:grails-plugin-i18n:3.3.0(default) -> dependency: org.slf4j:jcl-over-slf4j:1.7.22, scope: Runtime, optional: false
09:37:02.789 [DEBUG] [org.gradle.api.internal.artifacts.ivyservice.resolveengine.graph.DependencyGraphBuilder] Visiting dependency org.grails:grails-plugin-i18n:3.3.0(default) -> dependency: org.grails:grails-web:3.3.0, scope: Runtime, optional: false
09:37:02.789 [DEBUG] [org.gradle.api.internal.artifacts.ivyservice.resolveengine.graph.DependencyGraphBuilder] Visiting configuration org.grails:grails-plugin-services:3.3.0(default).
09:37:02.789 [DEBUG] [org.gradle.api.internal.artifacts.ivyservice.resolveengine.graph.DependencyGraphBuilder] Visiting dependency org.grails:grails-plugin-services:3.3.0(default) -> dependency: org.codehaus.groovy:groovy:2.4.11, scope: Runtime, optional: false
09:37:02.789 [DEBUG] [org.gradle.api.internal.artifacts.ivyservice.resolveengine.graph.DependencyGraphBuilder] Visiting dependency org.grails:grails-plugin-services:3.3.0(default) -> dependency: org.slf4j:slf4j-api:1.7.22, scope: Runtime, optional: false
09:37:02.789 [DEBUG] [org.gradle.api.internal.artifacts.ivyservice.resolveengine.graph.DependencyGraphBuilder] Visiting dependency org.grails:grails-plugin-services:3.3.0(default) -> dependency: org.slf4j:jcl-over-slf4j:1.7.22, scope: Runtime, optional: false
09:37:02.789 [DEBUG] [org.gradle.api.internal.artifacts.ivyservice.resolveengine.graph.DependencyGraphBuilder] Visiting dependency org.grails:grails-plugin-services:3.3.0(default) -> dependency: org.springframework:spring-tx:4.3.9.RELEASE, scope: Runtime, optional: false
09:37:02.789 [DEBUG] [org.gradle.api.internal.artifacts.ivyservice.resolveengine.graph.DependencyGraphBuilder] Visiting dependency org.grails:grails-plugin-services:3.3.0(default) -> dependency: org.grails:grails-core:3.3.0, scope: Runtime, optional: false
09:37:02.789 [DEBUG] [org.gradle.api.internal.artifacts.ivyservice.resolveengine.graph.DependencyGraphBuilder] Visiting dependency org.grails:grails-plugin-services:3.3.0(default) -> dependency: org.grails:grails-plugin-datasource:3.3.0, scope: Runtime, optional: false
09:37:02.789 [DEBUG] [org.gradle.api.internal.artifacts.ivyservice.resolveengine.graph.DependencyGraphBuilder] Visiting configuration org.grails:grails-plugin-url-mappings:3.3.0(default).
09:37:02.789 [DEBUG] [org.gradle.api.internal.artifacts.ivyservice.resolveengine.graph.DependencyGraphBuilder] Visiting dependency org.grails:grails-plugin-url-mappings:3.3.0(default) -> dependency: org.codehaus.groovy:groovy:2.4.11, scope: Runtime, optional: false
09:37:02.789 [DEBUG] [org.gradle.api.internal.artifacts.ivyservice.resolveengine.graph.DependencyGraphBuilder] Visiting dependency org.grails:grails-plugin-url-mappings:3.3.0(default) -> dependency: org.slf4j:slf4j-api:1.7.22, scope: Runtime, optional: false
09:37:02.789 [DEBUG] [org.gradle.api.internal.artifacts.ivyservice.resolveengine.graph.DependencyGraphBuilder] Visiting dependency org.grails:grails-plugin-url-mappings:3.3.0(default) -> dependency: org.slf4j:jcl-over-slf4j:1.7.22, scope: Runtime, optional: false
09:37:02.789 [DEBUG] [org.gradle.api.internal.artifacts.ivyservice.resolveengine.graph.DependencyGraphBuilder] Visiting dependency org.grails:grails-plugin-url-mappings:3.3.0(default) -> dependency: com.googlecode.concurrentlinkedhashmap:concurrentlinkedhashmap-lru:1.4.2, scope: Runtime, optional: false
09:37:02.789 [DEBUG] [org.gradle.api.internal.artifacts.ivyservice.resolveengine.graph.DependencyGraphBuilder] Visiting dependency org.grails:grails-plugin-url-mappings:3.3.0(default) -> dependency: org.grails:grails-web:3.3.0, scope: Runtime, optional: false
09:37:02.789 [DEBUG] [org.gradle.api.internal.artifacts.ivyservice.resolveengine.graph.DependencyGraphBuilder] Visiting dependency org.grails:grails-plugin-url-mappings:3.3.0(default) -> dependency: org.grails:grails-plugin-controllers:3.3.0, scope: Runtime, optional: false
09:37:02.789 [DEBUG] [org.gradle.api.internal.artifacts.ivyservice.resolveengine.graph.DependencyGraphBuilder] Visiting dependency org.grails:grails-plugin-url-mappings:3.3.0(default) -> dependency: org.grails:grails-validation:3.3.0, scope: Runtime, optional: false
09:37:02.789 [DEBUG] [io.spring.gradle.dependencymanagement.internal.VersionConfiguringAction] Processing dependency 'org.grails:grails-validation:3.3.0'
09:37:02.789 [DEBUG] [io.spring.gradle.dependencymanagement.internal.DependencyManagementContainer] Found managed version '3.3.0' for dependency 'org.grails:grails-validation' in global dependency management
09:37:02.789 [DEBUG] [io.spring.gradle.dependencymanagement.internal.VersionConfiguringAction] Using version '3.3.0' for dependency 'org.grails:grails-validation:3.3.0'
09:37:02.789 [DEBUG] [org.gradle.api.internal.artifacts.ivyservice.resolveengine.graph.DependencyGraphBuilder] Selecting new module version org.grails:grails-validation:3.3.0
09:37:02.789 [DEBUG] [org.gradle.api.internal.artifacts.ivyservice.ivyresolve.RepositoryChainComponentMetaDataResolver] Attempting to resolve component for org.grails:grails-validation:3.3.0 using repositories [MavenLocal, maven, maven2, maven3]
09:37:02.790 [DEBUG] [org.gradle.api.internal.artifacts.repositories.resolver.DefaultExternalResourceArtifactResolver] Loading file:/Users/michaelmennis/.m2/repository/org/grails/grails-validation/3.3.0/grails-validation-3.3.0.pom
09:37:02.790 [DEBUG] [org.gradle.api.internal.artifacts.repositories.resolver.DefaultExternalResourceArtifactResolver] Loading file:/Users/michaelmennis/.m2/repository/org/grails/grails-validation/3.3.0/grails-validation-3.3.0.jar
09:37:02.790 [DEBUG] [org.gradle.api.internal.artifacts.repositories.resolver.ExternalResourceResolver] No meta-data file or artifact found for module 'org.grails:grails-validation:3.3.0' in repository 'MavenLocal'.
09:37:02.790 [DEBUG] [org.gradle.api.internal.artifacts.ivyservice.ivyresolve.CachingModuleComponentRepository] Using cached module metadata for module 'org.grails:grails-validation:3.3.0' in 'maven'
09:37:02.790 [DEBUG] [org.gradle.api.internal.artifacts.ivyservice.ivyresolve.RepositoryChainComponentMetaDataResolver] Using org.grails:grails-validation:3.3.0 from Maven repository 'maven'
09:37:02.790 [DEBUG] [org.gradle.api.internal.artifacts.ivyservice.resolveengine.graph.DependencyGraphBuilder] Visiting configuration org.grails:grails-plugin-interceptors:3.3.0(default).
09:37:02.790 [DEBUG] [org.gradle.api.internal.artifacts.ivyservice.resolveengine.graph.DependencyGraphBuilder] Visiting dependency org.grails:grails-plugin-interceptors:3.3.0(default) -> dependency: org.codehaus.groovy:groovy:2.4.11, scope: Runtime, optional: false
09:37:02.790 [DEBUG] [org.gradle.api.internal.artifacts.ivyservice.resolveengine.graph.DependencyGraphBuilder] Visiting dependency org.grails:grails-plugin-interceptors:3.3.0(default) -> dependency: org.slf4j:slf4j-api:1.7.22, scope: Runtime, optional: false
09:37:02.790 [DEBUG] [org.gradle.api.internal.artifacts.ivyservice.resolveengine.graph.DependencyGraphBuilder] Visiting dependency org.grails:grails-plugin-interceptors:3.3.0(default) -> dependency: org.slf4j:jcl-over-slf4j:1.7.22, scope: Runtime, optional: false
09:37:02.790 [DEBUG] [org.gradle.api.internal.artifacts.ivyservice.resolveengine.graph.DependencyGraphBuilder] Visiting dependency org.grails:grails-plugin-interceptors:3.3.0(default) -> dependency: org.grails:grails-plugin-controllers:3.3.0, scope: Runtime, optional: false
09:37:02.790 [DEBUG] [org.gradle.api.internal.artifacts.ivyservice.resolveengine.graph.DependencyGraphBuilder] Visiting dependency org.grails:grails-plugin-interceptors:3.3.0(default) -> dependency: org.grails:grails-plugin-url-mappings:3.3.0, scope: Runtime, optional: false
09:37:02.790 [DEBUG] [io.spring.gradle.dependencymanagement.internal.VersionConfiguringAction] Processing dependency 'org.grails:grails-plugin-url-mappings:3.3.0'
09:37:02.790 [DEBUG] [io.spring.gradle.dependencymanagement.internal.DependencyManagementContainer] Found managed version '3.3.0' for dependency 'org.grails:grails-plugin-url-mappings' in global dependency management
09:37:02.790 [DEBUG] [io.spring.gradle.dependencymanagement.internal.VersionConfiguringAction] Using version '3.3.0' for dependency 'org.grails:grails-plugin-url-mappings:3.3.0'
09:37:02.791 [DEBUG] [org.gradle.api.internal.artifacts.ivyservice.resolveengine.graph.DependencyGraphBuilder] Visiting configuration org.grails.plugins:cache:4.0.0(default).
09:37:02.791 [DEBUG] [org.gradle.api.internal.artifacts.ivyservice.resolveengine.graph.DependencyGraphBuilder] Visiting dependency org.grails.plugins:cache:4.0.0(default) -> dependency: com.googlecode.concurrentlinkedhashmap:concurrentlinkedhashmap-lru:1.4.2, scope: Runtime, optional: false
09:37:02.791 [DEBUG] [org.gradle.api.internal.artifacts.ivyservice.resolveengine.graph.DependencyGraphBuilder] Visiting dependency org.grails.plugins:cache:4.0.0(default) -> dependency: org.javassist:javassist:3.17.1-GA, scope: Runtime, optional: false
09:37:02.791 [DEBUG] [io.spring.gradle.dependencymanagement.internal.VersionConfiguringAction] Processing dependency 'org.javassist:javassist:3.17.1-GA'
09:37:02.791 [DEBUG] [io.spring.gradle.dependencymanagement.internal.DependencyManagementContainer] Found managed version '3.21.0-GA' for dependency 'org.javassist:javassist' in global dependency management
09:37:02.791 [DEBUG] [io.spring.gradle.dependencymanagement.internal.VersionConfiguringAction] Using version '3.21.0-GA' for dependency 'org.javassist:javassist:3.17.1-GA'
09:37:02.791 [DEBUG] [org.gradle.api.internal.artifacts.ivyservice.resolveengine.graph.DependencyGraphBuilder] Selecting new module version org.javassist:javassist:3.21.0-GA
09:37:02.791 [DEBUG] [org.gradle.api.internal.artifacts.ivyservice.ivyresolve.RepositoryChainComponentMetaDataResolver] Attempting to resolve component for org.javassist:javassist:3.21.0-GA using repositories [MavenLocal, maven, maven2, maven3]
09:37:02.791 [DEBUG] [org.gradle.api.internal.artifacts.ivyservice.ivyresolve.RepositoryChainComponentMetaDataResolver] Using org.javassist:javassist:3.21.0-GA from Maven repository 'maven'
09:37:02.791 [DEBUG] [org.gradle.api.internal.artifacts.ivyservice.resolveengine.graph.DependencyGraphBuilder] Visiting configuration org.grails.plugins:async:3.3.0(default).
09:37:02.791 [DEBUG] [org.gradle.api.internal.artifacts.ivyservice.resolveengine.graph.DependencyGraphBuilder] Visiting dependency org.grails.plugins:async:3.3.0(default) -> dependency: org.codehaus.groovy:groovy:2.4.11, scope: Runtime, optional: false
09:37:02.791 [DEBUG] [org.gradle.api.internal.artifacts.ivyservice.resolveengine.graph.DependencyGraphBuilder] Visiting dependency org.grails.plugins:async:3.3.0(default) -> dependency: org.slf4j:slf4j-api:1.7.22, scope: Runtime, optional: false
09:37:02.791 [DEBUG] [org.gradle.api.internal.artifacts.ivyservice.resolveengine.graph.DependencyGraphBuilder] Visiting dependency org.grails.plugins:async:3.3.0(default) -> dependency: org.grails:grails-plugin-controllers:3.2.10, scope: Runtime, optional: false
09:37:02.791 [DEBUG] [io.spring.gradle.dependencymanagement.internal.VersionConfiguringAction] Processing dependency 'org.grails:grails-plugin-controllers:3.2.10'
09:37:02.791 [DEBUG] [io.spring.gradle.dependencymanagement.internal.DependencyManagementContainer] Found managed version '3.3.0' for dependency 'org.grails:grails-plugin-controllers' in global dependency management
09:37:02.791 [DEBUG] [io.spring.gradle.dependencymanagement.internal.VersionConfiguringAction] Using version '3.3.0' for dependency 'org.grails:grails-plugin-controllers:3.2.10'
09:37:02.791 [DEBUG] [org.gradle.api.internal.artifacts.ivyservice.resolveengine.graph.DependencyGraphBuilder] Visiting dependency org.grails.plugins:async:3.3.0(default) -> dependency: org.grails.plugins:events:3.3.0, scope: Runtime, optional: false
09:37:02.791 [DEBUG] [io.spring.gradle.dependencymanagement.internal.VersionConfiguringAction] Processing dependency 'org.grails.plugins:events:3.3.0'
09:37:02.791 [DEBUG] [io.spring.gradle.dependencymanagement.internal.DependencyManagementContainer] Found managed version '3.3.0' for dependency 'org.grails.plugins:events' in global dependency management
09:37:02.791 [DEBUG] [io.spring.gradle.dependencymanagement.internal.VersionConfiguringAction] Using version '3.3.0' for dependency 'org.grails.plugins:events:3.3.0'
09:37:02.792 [DEBUG] [org.gradle.api.internal.artifacts.ivyservice.resolveengine.graph.DependencyGraphBuilder] Visiting dependency org.grails.plugins:async:3.3.0(default) -> dependency: org.grails:grails-async:3.3.0, scope: Runtime, optional: false
09:37:02.792 [DEBUG] [io.spring.gradle.dependencymanagement.internal.VersionConfiguringAction] Processing dependency 'org.grails:grails-async:3.3.0'
09:37:02.792 [DEBUG] [io.spring.gradle.dependencymanagement.internal.VersionConfiguringAction] No dependency management for dependency 'org.grails:grails-async:3.3.0'
09:37:02.792 [DEBUG] [org.gradle.api.internal.artifacts.ivyservice.resolveengine.graph.DependencyGraphBuilder] Selecting new module version org.grails:grails-async:3.3.0
09:37:02.792 [DEBUG] [org.gradle.api.internal.artifacts.ivyservice.ivyresolve.RepositoryChainComponentMetaDataResolver] Attempting to resolve component for org.grails:grails-async:3.3.0 using repositories [MavenLocal, maven, maven2, maven3]
09:37:02.792 [DEBUG] [org.gradle.api.internal.artifacts.repositories.resolver.DefaultExternalResourceArtifactResolver] Loading file:/Users/michaelmennis/.m2/repository/org/grails/grails-async/3.3.0/grails-async-3.3.0.pom
09:37:02.792 [DEBUG] [org.gradle.api.internal.artifacts.repositories.resolver.DefaultExternalResourceArtifactResolver] Loading file:/Users/michaelmennis/.m2/repository/org/grails/grails-async/3.3.0/grails-async-3.3.0.jar
09:37:02.792 [DEBUG] [org.gradle.api.internal.artifacts.repositories.resolver.ExternalResourceResolver] No meta-data file or artifact found for module 'org.grails:grails-async:3.3.0' in repository 'MavenLocal'.
09:37:02.793 [DEBUG] [org.gradle.api.internal.artifacts.ivyservice.ivyresolve.CachingModuleComponentRepository] Using cached module metadata for module 'org.grails:grails-async:3.3.0' in 'maven'
09:37:02.793 [DEBUG] [org.gradle.api.internal.artifacts.ivyservice.ivyresolve.RepositoryChainComponentMetaDataResolver] Using org.grails:grails-async:3.3.0 from Maven repository 'maven'
09:37:02.793 [DEBUG] [org.gradle.api.internal.artifacts.ivyservice.resolveengine.graph.DependencyGraphBuilder] Visiting configuration org.grails.plugins:scaffolding:3.3.3(default).
09:37:02.793 [DEBUG] [org.gradle.api.internal.artifacts.ivyservice.resolveengine.graph.DependencyGraphBuilder] Visiting dependency org.grails.plugins:scaffolding:3.3.3(default) -> dependency: org.grails.plugins:fields:2.0.3, scope: Runtime, optional: false
09:37:02.793 [DEBUG] [io.spring.gradle.dependencymanagement.internal.VersionConfiguringAction] Processing dependency 'org.grails.plugins:fields:2.0.3'
09:37:02.793 [DEBUG] [io.spring.gradle.dependencymanagement.internal.DependencyManagementContainer] Found managed version '2.1.5' for dependency 'org.grails.plugins:fields' in global dependency management
09:37:02.793 [DEBUG] [io.spring.gradle.dependencymanagement.internal.VersionConfiguringAction] Using version '2.1.5' for dependency 'org.grails.plugins:fields:2.0.3'
09:37:02.793 [DEBUG] [org.gradle.api.internal.artifacts.ivyservice.resolveengine.graph.DependencyGraphBuilder] Selecting new module version org.grails.plugins:fields:2.1.5
09:37:02.793 [DEBUG] [org.gradle.api.internal.artifacts.ivyservice.ivyresolve.RepositoryChainComponentMetaDataResolver] Attempting to resolve component for org.grails.plugins:fields:2.1.5 using repositories [MavenLocal, maven, maven2, maven3]
09:37:02.793 [DEBUG] [org.gradle.api.internal.artifacts.repositories.resolver.DefaultExternalResourceArtifactResolver] Loading file:/Users/michaelmennis/.m2/repository/org/grails/plugins/fields/2.1.5/fields-2.1.5.pom
09:37:02.793 [DEBUG] [org.gradle.api.internal.artifacts.repositories.resolver.DefaultExternalResourceArtifactResolver] Loading file:/Users/michaelmennis/.m2/repository/org/grails/plugins/fields/2.1.5/fields-2.1.5.jar
09:37:02.793 [DEBUG] [org.gradle.api.internal.artifacts.repositories.resolver.ExternalResourceResolver] No meta-data file or artifact found for module 'org.grails.plugins:fields:2.1.5' in repository 'MavenLocal'.
09:37:02.794 [DEBUG] [org.gradle.api.internal.artifacts.ivyservice.ivyresolve.CachingModuleComponentRepository] Using cached module metadata for module 'org.grails.plugins:fields:2.1.5' in 'maven'
09:37:02.794 [DEBUG] [org.gradle.api.internal.artifacts.ivyservice.ivyresolve.RepositoryChainComponentMetaDataResolver] Using org.grails.plugins:fields:2.1.5 from Maven repository 'maven'
09:37:02.794 [DEBUG] [org.gradle.api.internal.artifacts.ivyservice.resolveengine.graph.DependencyGraphBuilder] Visiting configuration org.grails.plugins:events:3.3.0(default).
09:37:02.794 [DEBUG] [org.gradle.api.internal.artifacts.ivyservice.resolveengine.graph.DependencyGraphBuilder] Visiting dependency org.grails.plugins:events:3.3.0(default) -> dependency: org.codehaus.groovy:groovy:2.4.11, scope: Runtime, optional: false
09:37:02.794 [DEBUG] [org.gradle.api.internal.artifacts.ivyservice.resolveengine.graph.DependencyGraphBuilder] Visiting dependency org.grails.plugins:events:3.3.0(default) -> dependency: org.slf4j:slf4j-api:1.7.22, scope: Runtime, optional: false
09:37:02.794 [DEBUG] [org.gradle.api.internal.artifacts.ivyservice.resolveengine.graph.DependencyGraphBuilder] Visiting dependency org.grails.plugins:events:3.3.0(default) -> dependency: org.grails:grails-core:3.2.10, scope: Runtime, optional: false
09:37:02.794 [DEBUG] [io.spring.gradle.dependencymanagement.internal.VersionConfiguringAction] Processing dependency 'org.grails:grails-core:3.2.10'
09:37:02.794 [DEBUG] [io.spring.gradle.dependencymanagement.internal.DependencyManagementContainer] Found managed version '3.3.0' for dependency 'org.grails:grails-core' in global dependency management
09:37:02.794 [DEBUG] [io.spring.gradle.dependencymanagement.internal.VersionConfiguringAction] Using version '3.3.0' for dependency 'org.grails:grails-core:3.2.10'
09:37:02.794 [DEBUG] [org.gradle.api.internal.artifacts.ivyservice.resolveengine.graph.DependencyGraphBuilder] Visiting dependency org.grails.plugins:events:3.3.0(default) -> dependency: org.grails:grails-events:3.3.0, scope: Runtime, optional: false
09:37:02.794 [DEBUG] [io.spring.gradle.dependencymanagement.internal.VersionConfiguringAction] Processing dependency 'org.grails:grails-events:3.3.0'
09:37:02.794 [DEBUG] [io.spring.gradle.dependencymanagement.internal.VersionConfiguringAction] No dependency management for dependency 'org.grails:grails-events:3.3.0'
09:37:02.794 [DEBUG] [org.gradle.api.internal.artifacts.ivyservice.resolveengine.graph.DependencyGraphBuilder] Selecting new module version org.grails:grails-events:3.3.0
09:37:02.794 [DEBUG] [org.gradle.api.internal.artifacts.ivyservice.ivyresolve.RepositoryChainComponentMetaDataResolver] Attempting to resolve component for org.grails:grails-events:3.3.0 using repositories [MavenLocal, maven, maven2, maven3]
09:37:02.795 [DEBUG] [org.gradle.api.internal.artifacts.repositories.resolver.DefaultExternalResourceArtifactResolver] Loading file:/Users/michaelmennis/.m2/repository/org/grails/grails-events/3.3.0/grails-events-3.3.0.pom
09:37:02.795 [DEBUG] [org.gradle.api.internal.artifacts.repositories.resolver.DefaultExternalResourceArtifactResolver] Loading file:/Users/michaelmennis/.m2/repository/org/grails/grails-events/3.3.0/grails-events-3.3.0.jar
09:37:02.795 [DEBUG] [org.gradle.api.internal.artifacts.repositories.resolver.ExternalResourceResolver] No meta-data file or artifact found for module 'org.grails:grails-events:3.3.0' in repository 'MavenLocal'.
09:37:02.795 [DEBUG] [org.gradle.api.internal.artifacts.ivyservice.ivyresolve.CachingModuleComponentRepository] Using cached module metadata for module 'org.grails:grails-events:3.3.0' in 'maven'
09:37:02.795 [DEBUG] [org.gradle.api.internal.artifacts.ivyservice.ivyresolve.RepositoryChainComponentMetaDataResolver] Using org.grails:grails-events:3.3.0 from Maven repository 'maven'
09:37:02.795 [DEBUG] [org.gradle.api.internal.artifacts.ivyservice.resolveengine.graph.DependencyGraphBuilder] Visiting dependency org.grails.plugins:events:3.3.0(default) -> dependency: org.grails:grails-events-transform:3.3.0, scope: Runtime, optional: false
09:37:02.795 [DEBUG] [io.spring.gradle.dependencymanagement.internal.VersionConfiguringAction] Processing dependency 'org.grails:grails-events-transform:3.3.0'
09:37:02.795 [DEBUG] [io.spring.gradle.dependencymanagement.internal.VersionConfiguringAction] No dependency management for dependency 'org.grails:grails-events-transform:3.3.0'
09:37:02.795 [DEBUG] [org.gradle.api.internal.artifacts.ivyservice.resolveengine.graph.DependencyGraphBuilder] Selecting new module version org.grails:grails-events-transform:3.3.0
09:37:02.795 [DEBUG] [org.gradle.api.internal.artifacts.ivyservice.ivyresolve.RepositoryChainComponentMetaDataResolver] Attempting to resolve component for org.grails:grails-events-transform:3.3.0 using repositories [MavenLocal, maven, maven2, maven3]
09:37:02.795 [DEBUG] [org.gradle.api.internal.artifacts.repositories.resolver.DefaultExternalResourceArtifactResolver] Loading file:/Users/michaelmennis/.m2/repository/org/grails/grails-events-transform/3.3.0/grails-events-transform-3.3.0.pom
09:37:02.796 [DEBUG] [org.gradle.api.internal.artifacts.repositories.resolver.DefaultExternalResourceArtifactResolver] Loading file:/Users/michaelmennis/.m2/repository/org/grails/grails-events-transform/3.3.0/grails-events-transform-3.3.0.jar
09:37:02.796 [DEBUG] [org.gradle.api.internal.artifacts.repositories.resolver.ExternalResourceResolver] No meta-data file or artifact found for module 'org.grails:grails-events-transform:3.3.0' in repository 'MavenLocal'.
09:37:02.796 [DEBUG] [org.gradle.api.internal.artifacts.ivyservice.ivyresolve.CachingModuleComponentRepository] Using cached module metadata for module 'org.grails:grails-events-transform:3.3.0' in 'maven'
09:37:02.796 [DEBUG] [org.gradle.api.internal.artifacts.ivyservice.ivyresolve.RepositoryChainComponentMetaDataResolver] Using org.grails:grails-events-transform:3.3.0 from Maven repository 'maven'
09:37:02.796 [DEBUG] [org.gradle.api.internal.artifacts.ivyservice.resolveengine.graph.DependencyGraphBuilder] Visiting dependency org.grails.plugins:events:3.3.0(default) -> dependency: org.grails:grails-events-compat:3.3.0, scope: Runtime, optional: false
09:37:02.796 [DEBUG] [io.spring.gradle.dependencymanagement.internal.VersionConfiguringAction] Processing dependency 'org.grails:grails-events-compat:3.3.0'
09:37:02.796 [DEBUG] [io.spring.gradle.dependencymanagement.internal.VersionConfiguringAction] No dependency management for dependency 'org.grails:grails-events-compat:3.3.0'
09:37:02.796 [DEBUG] [org.gradle.api.internal.artifacts.ivyservice.resolveengine.graph.DependencyGraphBuilder] Selecting new module version org.grails:grails-events-compat:3.3.0
09:37:02.797 [DEBUG] [org.gradle.api.internal.artifacts.ivyservice.ivyresolve.RepositoryChainComponentMetaDataResolver] Attempting to resolve component for org.grails:grails-events-compat:3.3.0 using repositories [MavenLocal, maven, maven2, maven3]
09:37:02.797 [DEBUG] [org.gradle.api.internal.artifacts.repositories.resolver.DefaultExternalResourceArtifactResolver] Loading file:/Users/michaelmennis/.m2/repository/org/grails/grails-events-compat/3.3.0/grails-events-compat-3.3.0.pom
09:37:02.797 [DEBUG] [org.gradle.api.internal.artifacts.repositories.resolver.DefaultExternalResourceArtifactResolver] Loading file:/Users/michaelmennis/.m2/repository/org/grails/grails-events-compat/3.3.0/grails-events-compat-3.3.0.jar
09:37:02.797 [DEBUG] [org.gradle.api.internal.artifacts.repositories.resolver.ExternalResourceResolver] No meta-data file or artifact found for module 'org.grails:grails-events-compat:3.3.0' in repository 'MavenLocal'.
09:37:02.798 [DEBUG] [org.gradle.api.internal.artifacts.ivyservice.ivyresolve.CachingModuleComponentRepository] Using cached module metadata for module 'org.grails:grails-events-compat:3.3.0' in 'maven'
09:37:02.798 [DEBUG] [org.gradle.api.internal.artifacts.ivyservice.ivyresolve.RepositoryChainComponentMetaDataResolver] Using org.grails:grails-events-compat:3.3.0 from Maven repository 'maven'
09:37:02.798 [DEBUG] [org.gradle.api.internal.artifacts.ivyservice.resolveengine.graph.DependencyGraphBuilder] Visiting configuration org.grails.plugins:hibernate5:6.1.6(default).
09:37:02.798 [DEBUG] [org.gradle.api.internal.artifacts.ivyservice.resolveengine.graph.DependencyGraphBuilder] Visiting dependency org.grails.plugins:hibernate5:6.1.6(default) -> dependency: org.hibernate:hibernate-core:5.1.5.Final, scope: Runtime, optional: false
09:37:02.798 [DEBUG] [org.gradle.api.internal.artifacts.ivyservice.resolveengine.graph.DependencyGraphBuilder] Visiting dependency org.grails.plugins:hibernate5:6.1.6(default) -> dependency: org.grails:grails-datastore-web:6.1.6.RELEASE, scope: Runtime, optional: false
09:37:02.798 [DEBUG] [io.spring.gradle.dependencymanagement.internal.VersionConfiguringAction] Processing dependency 'org.grails:grails-datastore-web:6.1.6.RELEASE'
09:37:02.798 [DEBUG] [io.spring.gradle.dependencymanagement.internal.DependencyManagementContainer] Found managed version '6.1.6.RELEASE' for dependency 'org.grails:grails-datastore-web' in global dependency management
09:37:02.798 [DEBUG] [io.spring.gradle.dependencymanagement.internal.VersionConfiguringAction] Using version '6.1.6.RELEASE' for dependency 'org.grails:grails-datastore-web:6.1.6.RELEASE'
09:37:02.798 [DEBUG] [org.gradle.api.internal.artifacts.ivyservice.resolveengine.graph.DependencyGraphBuilder] Selecting new module version org.grails:grails-datastore-web:6.1.6.RELEASE
09:37:02.799 [DEBUG] [org.gradle.api.internal.artifacts.ivyservice.ivyresolve.RepositoryChainComponentMetaDataResolver] Attempting to resolve component for org.grails:grails-datastore-web:6.1.6.RELEASE using repositories [MavenLocal, maven, maven2, maven3]
09:37:02.799 [DEBUG] [org.gradle.api.internal.artifacts.ivyservice.ivyresolve.RepositoryChainComponentMetaDataResolver] Using org.grails:grails-datastore-web:6.1.6.RELEASE from Maven repository 'maven'
09:37:02.799 [DEBUG] [org.gradle.api.internal.artifacts.ivyservice.resolveengine.graph.DependencyGraphBuilder] Visiting dependency org.grails.plugins:hibernate5:6.1.6(default) -> dependency: org.grails:grails-datastore-gorm-support:6.1.6.RELEASE, scope: Runtime, optional: false
09:37:02.799 [DEBUG] [io.spring.gradle.dependencymanagement.internal.VersionConfiguringAction] Processing dependency 'org.grails:grails-datastore-gorm-support:6.1.6.RELEASE'
09:37:02.799 [DEBUG] [io.spring.gradle.dependencymanagement.internal.DependencyManagementContainer] Found managed version '6.1.6.RELEASE' for dependency 'org.grails:grails-datastore-gorm-support' in global dependency management
09:37:02.799 [DEBUG] [io.spring.gradle.dependencymanagement.internal.VersionConfiguringAction] Using version '6.1.6.RELEASE' for dependency 'org.grails:grails-datastore-gorm-support:6.1.6.RELEASE'
09:37:02.799 [DEBUG] [org.gradle.api.internal.artifacts.ivyservice.resolveengine.graph.DependencyGraphBuilder] Selecting new module version org.grails:grails-datastore-gorm-support:6.1.6.RELEASE
09:37:02.799 [DEBUG] [org.gradle.api.internal.artifacts.ivyservice.ivyresolve.RepositoryChainComponentMetaDataResolver] Attempting to resolve component for org.grails:grails-datastore-gorm-support:6.1.6.RELEASE using repositories [MavenLocal, maven, maven2, maven3]
09:37:02.799 [DEBUG] [org.gradle.api.internal.artifacts.ivyservice.ivyresolve.RepositoryChainComponentMetaDataResolver] Using org.grails:grails-datastore-gorm-support:6.1.6.RELEASE from Maven repository 'maven'
09:37:02.799 [DEBUG] [org.gradle.api.internal.artifacts.ivyservice.resolveengine.graph.DependencyGraphBuilder] Visiting dependency org.grails.plugins:hibernate5:6.1.6(default) -> dependency: org.grails:grails-datastore-gorm-hibernate5:6.1.6.RELEASE, scope: Runtime, optional: false
09:37:02.799 [DEBUG] [io.spring.gradle.dependencymanagement.internal.VersionConfiguringAction] Processing dependency 'org.grails:grails-datastore-gorm-hibernate5:6.1.6.RELEASE'
09:37:02.799 [DEBUG] [io.spring.gradle.dependencymanagement.internal.VersionConfiguringAction] No dependency management for dependency 'org.grails:grails-datastore-gorm-hibernate5:6.1.6.RELEASE'
09:37:02.799 [DEBUG] [org.gradle.api.internal.artifacts.ivyservice.resolveengine.graph.DependencyGraphBuilder] Selecting new module version org.grails:grails-datastore-gorm-hibernate5:6.1.6.RELEASE
09:37:02.799 [DEBUG] [org.gradle.api.internal.artifacts.ivyservice.ivyresolve.RepositoryChainComponentMetaDataResolver] Attempting to resolve component for org.grails:grails-datastore-gorm-hibernate5:6.1.6.RELEASE using repositories [MavenLocal, maven, maven2, maven3]
09:37:02.799 [DEBUG] [org.gradle.api.internal.artifacts.ivyservice.ivyresolve.RepositoryChainComponentMetaDataResolver] Using org.grails:grails-datastore-gorm-hibernate5:6.1.6.RELEASE from Maven repository 'maven'
09:37:02.799 [DEBUG] [org.gradle.api.internal.artifacts.ivyservice.resolveengine.graph.DependencyGraphBuilder] Visiting dependency org.grails.plugins:hibernate5:6.1.6(default) -> dependency: org.springframework:spring-orm:4.2.3.RELEASE, scope: Runtime, optional: false
09:37:02.799 [DEBUG] [io.spring.gradle.dependencymanagement.internal.VersionConfiguringAction] Processing dependency 'org.springframework:spring-orm:4.2.3.RELEASE'
09:37:02.800 [DEBUG] [io.spring.gradle.dependencymanagement.internal.DependencyManagementContainer] Found managed version '4.3.9.RELEASE' for dependency 'org.springframework:spring-orm' in global dependency management
09:37:02.800 [DEBUG] [io.spring.gradle.dependencymanagement.internal.VersionConfiguringAction] Using version '4.3.9.RELEASE' for dependency 'org.springframework:spring-orm:4.2.3.RELEASE'
09:37:02.800 [DEBUG] [org.gradle.api.internal.artifacts.ivyservice.resolveengine.graph.DependencyGraphBuilder] Selecting new module version org.springframework:spring-orm:4.3.9.RELEASE
09:37:02.800 [DEBUG] [org.gradle.api.internal.artifacts.ivyservice.ivyresolve.RepositoryChainComponentMetaDataResolver] Attempting to resolve component for org.springframework:spring-orm:4.3.9.RELEASE using repositories [MavenLocal, maven, maven2, maven3]
09:37:02.800 [DEBUG] [org.gradle.api.internal.artifacts.ivyservice.ivyresolve.RepositoryChainComponentMetaDataResolver] Using org.springframework:spring-orm:4.3.9.RELEASE from Maven repository 'maven'
09:37:02.800 [DEBUG] [org.gradle.api.internal.artifacts.ivyservice.resolveengine.graph.DependencyGraphBuilder] Visiting configuration org.hibernate:hibernate-core:5.1.5.Final(default).
09:37:02.800 [DEBUG] [org.gradle.api.internal.artifacts.ivyservice.resolveengine.graph.DependencyGraphBuilder] Visiting dependency org.hibernate:hibernate-core:5.1.5.Final(default) -> dependency: org.jboss.logging:jboss-logging:3.3.0.Final, scope: Compile, optional: false
09:37:02.800 [DEBUG] [io.spring.gradle.dependencymanagement.internal.VersionConfiguringAction] Processing dependency 'org.jboss.logging:jboss-logging:3.3.0.Final'
09:37:02.800 [DEBUG] [io.spring.gradle.dependencymanagement.internal.DependencyManagementContainer] Found managed version '3.3.1.Final' for dependency 'org.jboss.logging:jboss-logging' in global dependency management
09:37:02.800 [DEBUG] [io.spring.gradle.dependencymanagement.internal.VersionConfiguringAction] Using version '3.3.1.Final' for dependency 'org.jboss.logging:jboss-logging:3.3.0.Final'
09:37:02.800 [DEBUG] [org.gradle.api.internal.artifacts.ivyservice.resolveengine.graph.DependencyGraphBuilder] Selecting new module version org.jboss.logging:jboss-logging:3.3.1.Final
09:37:02.800 [DEBUG] [org.gradle.api.internal.artifacts.ivyservice.ivyresolve.RepositoryChainComponentMetaDataResolver] Attempting to resolve component for org.jboss.logging:jboss-logging:3.3.1.Final using repositories [MavenLocal, maven, maven2, maven3]
09:37:02.800 [DEBUG] [org.gradle.api.internal.artifacts.repositories.resolver.DefaultExternalResourceArtifactResolver] Loading file:/Users/michaelmennis/.m2/repository/org/jboss/logging/jboss-logging/3.3.1.Final/jboss-logging-3.3.1.Final.pom
09:37:02.800 [DEBUG] [org.gradle.api.internal.artifacts.repositories.resolver.DefaultExternalResourceArtifactResolver] Loading file:/Users/michaelmennis/.m2/repository/org/jboss/logging/jboss-logging/3.3.1.Final/jboss-logging-3.3.1.Final.jar
09:37:02.800 [DEBUG] [org.gradle.api.internal.artifacts.repositories.resolver.ExternalResourceResolver] No meta-data file or artifact found for module 'org.jboss.logging:jboss-logging:3.3.1.Final' in repository 'MavenLocal'.
09:37:02.801 [DEBUG] [org.gradle.api.internal.artifacts.ivyservice.ivyresolve.CachingModuleComponentRepository] Using cached module metadata for module 'org.jboss.logging:jboss-logging:3.3.1.Final' in 'maven'
09:37:02.801 [DEBUG] [org.gradle.api.internal.artifacts.ivyservice.ivyresolve.RepositoryChainComponentMetaDataResolver] Using org.jboss.logging:jboss-logging:3.3.1.Final from Maven repository 'maven'
09:37:02.801 [DEBUG] [org.gradle.api.internal.artifacts.ivyservice.resolveengine.graph.DependencyGraphBuilder] Visiting dependency org.hibernate:hibernate-core:5.1.5.Final(default) -> dependency: org.hibernate.javax.persistence:hibernate-jpa-2.1-api:1.0.0.Final, scope: Compile, optional: false
09:37:02.801 [DEBUG] [org.gradle.api.internal.artifacts.ivyservice.resolveengine.graph.DependencyGraphBuilder] Visiting dependency org.hibernate:hibernate-core:5.1.5.Final(default) -> dependency: org.javassist:javassist:3.20.0-GA, scope: Compile, optional: false
09:37:02.801 [DEBUG] [io.spring.gradle.dependencymanagement.internal.VersionConfiguringAction] Processing dependency 'org.javassist:javassist:3.20.0-GA'
09:37:02.801 [DEBUG] [io.spring.gradle.dependencymanagement.internal.DependencyManagementContainer] Found managed version '3.21.0-GA' for dependency 'org.javassist:javassist' in global dependency management
09:37:02.801 [DEBUG] [io.spring.gradle.dependencymanagement.internal.VersionConfiguringAction] Using version '3.21.0-GA' for dependency 'org.javassist:javassist:3.20.0-GA'
09:37:02.801 [DEBUG] [org.gradle.api.internal.artifacts.ivyservice.resolveengine.graph.DependencyGraphBuilder] Visiting dependency org.hibernate:hibernate-core:5.1.5.Final(default) -> dependency: antlr:antlr:2.7.7, scope: Compile, optional: false
09:37:02.801 [DEBUG] [io.spring.gradle.dependencymanagement.internal.VersionConfiguringAction] Processing dependency 'antlr:antlr:2.7.7'
09:37:02.801 [DEBUG] [io.spring.gradle.dependencymanagement.internal.DependencyManagementContainer] Found managed version '2.7.7' for dependency 'antlr:antlr' in global dependency management
09:37:02.801 [DEBUG] [io.spring.gradle.dependencymanagement.internal.VersionConfiguringAction] Using version '2.7.7' for dependency 'antlr:antlr:2.7.7'
09:37:02.801 [DEBUG] [org.gradle.api.internal.artifacts.ivyservice.resolveengine.graph.DependencyGraphBuilder] Selecting new module version antlr:antlr:2.7.7
09:37:02.801 [DEBUG] [org.gradle.api.internal.artifacts.ivyservice.ivyresolve.RepositoryChainComponentMetaDataResolver] Attempting to resolve component for antlr:antlr:2.7.7 using repositories [MavenLocal, maven, maven2, maven3]
09:37:02.802 [DEBUG] [org.gradle.api.internal.artifacts.ivyservice.ivyresolve.RepositoryChainComponentMetaDataResolver] Using antlr:antlr:2.7.7 from Maven repository 'MavenLocal'
09:37:02.802 [DEBUG] [org.gradle.api.internal.artifacts.ivyservice.resolveengine.graph.DependencyGraphBuilder] Visiting dependency org.hibernate:hibernate-core:5.1.5.Final(default) -> dependency: org.apache.geronimo.specs:geronimo-jta_1.1_spec:1.1.1, scope: Compile, optional: false
09:37:02.802 [DEBUG] [io.spring.gradle.dependencymanagement.internal.VersionConfiguringAction] Processing dependency 'org.apache.geronimo.specs:geronimo-jta_1.1_spec:1.1.1'
09:37:02.802 [DEBUG] [io.spring.gradle.dependencymanagement.internal.VersionConfiguringAction] No dependency management for dependency 'org.apache.geronimo.specs:geronimo-jta_1.1_spec:1.1.1'
09:37:02.802 [DEBUG] [org.gradle.api.internal.artifacts.ivyservice.resolveengine.graph.DependencyGraphBuilder] Selecting new module version org.apache.geronimo.specs:geronimo-jta_1.1_spec:1.1.1
09:37:02.802 [DEBUG] [org.gradle.api.internal.artifacts.ivyservice.ivyresolve.RepositoryChainComponentMetaDataResolver] Attempting to resolve component for org.apache.geronimo.specs:geronimo-jta_1.1_spec:1.1.1 using repositories [MavenLocal, maven, maven2, maven3]
09:37:02.802 [DEBUG] [org.gradle.api.internal.artifacts.ivyservice.ivyresolve.RepositoryChainComponentMetaDataResolver] Using org.apache.geronimo.specs:geronimo-jta_1.1_spec:1.1.1 from Maven repository 'MavenLocal'
09:37:02.802 [DEBUG] [org.gradle.api.internal.artifacts.ivyservice.resolveengine.graph.DependencyGraphBuilder] Visiting dependency org.hibernate:hibernate-core:5.1.5.Final(default) -> dependency: org.jboss:jandex:2.0.3.Final, scope: Compile, optional: false
09:37:02.802 [DEBUG] [io.spring.gradle.dependencymanagement.internal.VersionConfiguringAction] Processing dependency 'org.jboss:jandex:2.0.3.Final'
09:37:02.802 [DEBUG] [io.spring.gradle.dependencymanagement.internal.VersionConfiguringAction] No dependency management for dependency 'org.jboss:jandex:2.0.3.Final'
09:37:02.802 [DEBUG] [org.gradle.api.internal.artifacts.ivyservice.resolveengine.graph.DependencyGraphBuilder] Selecting new module version org.jboss:jandex:2.0.3.Final
09:37:02.802 [DEBUG] [org.gradle.api.internal.artifacts.ivyservice.ivyresolve.RepositoryChainComponentMetaDataResolver] Attempting to resolve component for org.jboss:jandex:2.0.3.Final using repositories [MavenLocal, maven, maven2, maven3]
09:37:02.802 [DEBUG] [org.gradle.api.internal.artifacts.ivyservice.ivyresolve.RepositoryChainComponentMetaDataResolver] Using org.jboss:jandex:2.0.3.Final from Maven repository 'maven'
09:37:02.802 [DEBUG] [org.gradle.api.internal.artifacts.ivyservice.resolveengine.graph.DependencyGraphBuilder] Visiting dependency org.hibernate:hibernate-core:5.1.5.Final(default) -> dependency: com.fasterxml:classmate:1.3.0, scope: Compile, optional: false
09:37:02.802 [DEBUG] [io.spring.gradle.dependencymanagement.internal.VersionConfiguringAction] Processing dependency 'com.fasterxml:classmate:1.3.0'
09:37:02.802 [DEBUG] [io.spring.gradle.dependencymanagement.internal.DependencyManagementContainer] Found managed version '1.3.3' for dependency 'com.fasterxml:classmate' in global dependency management
09:37:02.802 [DEBUG] [io.spring.gradle.dependencymanagement.internal.VersionConfiguringAction] Using version '1.3.3' for dependency 'com.fasterxml:classmate:1.3.0'
09:37:02.802 [DEBUG] [org.gradle.api.internal.artifacts.ivyservice.resolveengine.graph.DependencyGraphBuilder] Selecting new module version com.fasterxml:classmate:1.3.3
09:37:02.802 [DEBUG] [org.gradle.api.internal.artifacts.ivyservice.ivyresolve.RepositoryChainComponentMetaDataResolver] Attempting to resolve component for com.fasterxml:classmate:1.3.3 using repositories [MavenLocal, maven, maven2, maven3]
09:37:02.803 [DEBUG] [org.gradle.api.internal.artifacts.repositories.resolver.DefaultExternalResourceArtifactResolver] Loading file:/Users/michaelmennis/.m2/repository/com/fasterxml/classmate/1.3.3/classmate-1.3.3.pom
09:37:02.803 [DEBUG] [org.gradle.api.internal.artifacts.repositories.resolver.DefaultExternalResourceArtifactResolver] Loading file:/Users/michaelmennis/.m2/repository/com/fasterxml/classmate/1.3.3/classmate-1.3.3.jar
09:37:02.803 [DEBUG] [org.gradle.api.internal.artifacts.repositories.resolver.ExternalResourceResolver] No meta-data file or artifact found for module 'com.fasterxml:classmate:1.3.3' in repository 'MavenLocal'.
09:37:02.803 [DEBUG] [org.gradle.api.internal.artifacts.ivyservice.ivyresolve.CachingModuleComponentRepository] Using cached module metadata for module 'com.fasterxml:classmate:1.3.3' in 'maven'
09:37:02.803 [DEBUG] [org.gradle.api.internal.artifacts.ivyservice.ivyresolve.RepositoryChainComponentMetaDataResolver] Using com.fasterxml:classmate:1.3.3 from Maven repository 'maven'
09:37:02.803 [DEBUG] [org.gradle.api.internal.artifacts.ivyservice.resolveengine.graph.DependencyGraphBuilder] Visiting dependency org.hibernate:hibernate-core:5.1.5.Final(default) -> dependency: dom4j:dom4j:1.6.1, scope: Compile, optional: false
09:37:02.803 [DEBUG] [io.spring.gradle.dependencymanagement.internal.VersionConfiguringAction] Processing dependency 'dom4j:dom4j:1.6.1'
09:37:02.803 [DEBUG] [io.spring.gradle.dependencymanagement.internal.DependencyManagementContainer] Found managed version '1.6.1' for dependency 'dom4j:dom4j' in global dependency management
09:37:02.803 [DEBUG] [io.spring.gradle.dependencymanagement.internal.VersionConfiguringAction] Using version '1.6.1' for dependency 'dom4j:dom4j:1.6.1'
09:37:02.803 [DEBUG] [org.gradle.api.internal.artifacts.ivyservice.resolveengine.graph.DependencyGraphBuilder] Selecting new module version dom4j:dom4j:1.6.1
09:37:02.803 [DEBUG] [org.gradle.api.internal.artifacts.ivyservice.ivyresolve.RepositoryChainComponentMetaDataResolver] Attempting to resolve component for dom4j:dom4j:1.6.1 using repositories [MavenLocal, maven, maven2, maven3]
09:37:02.803 [DEBUG] [org.gradle.api.internal.artifacts.ivyservice.ivyresolve.RepositoryChainComponentMetaDataResolver] Using dom4j:dom4j:1.6.1 from Maven repository 'MavenLocal'
09:37:02.804 [DEBUG] [org.gradle.api.internal.artifacts.ivyservice.resolveengine.graph.DependencyGraphBuilder] Visiting dependency org.hibernate:hibernate-core:5.1.5.Final(default) -> dependency: org.hibernate.common:hibernate-commons-annotations:5.0.1.Final, scope: Compile, optional: false
09:37:02.804 [DEBUG] [io.spring.gradle.dependencymanagement.internal.VersionConfiguringAction] Processing dependency 'org.hibernate.common:hibernate-commons-annotations:5.0.1.Final'
09:37:02.804 [DEBUG] [io.spring.gradle.dependencymanagement.internal.VersionConfiguringAction] No dependency management for dependency 'org.hibernate.common:hibernate-commons-annotations:5.0.1.Final'
09:37:02.804 [DEBUG] [org.gradle.api.internal.artifacts.ivyservice.resolveengine.graph.DependencyGraphBuilder] Selecting new module version org.hibernate.common:hibernate-commons-annotations:5.0.1.Final
09:37:02.804 [DEBUG] [org.gradle.api.internal.artifacts.ivyservice.ivyresolve.RepositoryChainComponentMetaDataResolver] Attempting to resolve component for org.hibernate.common:hibernate-commons-annotations:5.0.1.Final using repositories [MavenLocal, maven, maven2, maven3]
09:37:02.804 [DEBUG] [org.gradle.api.internal.artifacts.ivyservice.ivyresolve.RepositoryChainComponentMetaDataResolver] Using org.hibernate.common:hibernate-commons-annotations:5.0.1.Final from Maven repository 'maven'
09:37:02.804 [DEBUG] [org.gradle.api.internal.artifacts.ivyservice.resolveengine.graph.DependencyGraphBuilder] Visiting configuration org.grails.plugins:gsp:3.3.0(default).
09:37:02.804 [DEBUG] [org.gradle.api.internal.artifacts.ivyservice.resolveengine.graph.DependencyGraphBuilder] Visiting dependency org.grails.plugins:gsp:3.3.0(default) -> dependency: org.grails:grails-web-jsp:3.3.0, scope: Runtime, optional: false
09:37:02.804 [DEBUG] [io.spring.gradle.dependencymanagement.internal.VersionConfiguringAction] Processing dependency 'org.grails:grails-web-jsp:3.3.0'
09:37:02.804 [DEBUG] [io.spring.gradle.dependencymanagement.internal.VersionConfiguringAction] No dependency management for dependency 'org.grails:grails-web-jsp:3.3.0'
09:37:02.804 [DEBUG] [org.gradle.api.internal.artifacts.ivyservice.resolveengine.graph.DependencyGraphBuilder] Selecting new module version org.grails:grails-web-jsp:3.3.0
09:37:02.804 [DEBUG] [org.gradle.api.internal.artifacts.ivyservice.ivyresolve.RepositoryChainComponentMetaDataResolver] Attempting to resolve component for org.grails:grails-web-jsp:3.3.0 using repositories [MavenLocal, maven, maven2, maven3]
09:37:02.804 [DEBUG] [org.gradle.api.internal.artifacts.repositories.resolver.DefaultExternalResourceArtifactResolver] Loading file:/Users/michaelmennis/.m2/repository/org/grails/grails-web-jsp/3.3.0/grails-web-jsp-3.3.0.pom
09:37:02.804 [DEBUG] [org.gradle.api.internal.artifacts.repositories.resolver.DefaultExternalResourceArtifactResolver] Loading file:/Users/michaelmennis/.m2/repository/org/grails/grails-web-jsp/3.3.0/grails-web-jsp-3.3.0.jar
09:37:02.804 [DEBUG] [org.gradle.api.internal.artifacts.repositories.resolver.ExternalResourceResolver] No meta-data file or artifact found for module 'org.grails:grails-web-jsp:3.3.0' in repository 'MavenLocal'.
09:37:02.805 [DEBUG] [org.gradle.api.internal.artifacts.ivyservice.ivyresolve.CachingModuleComponentRepository] Using cached module metadata for module 'org.grails:grails-web-jsp:3.3.0' in 'maven'
09:37:02.805 [DEBUG] [org.gradle.api.internal.artifacts.ivyservice.ivyresolve.RepositoryChainComponentMetaDataResolver] Using org.grails:grails-web-jsp:3.3.0 from Maven repository 'maven'
09:37:02.805 [DEBUG] [org.gradle.api.internal.artifacts.ivyservice.resolveengine.graph.DependencyGraphBuilder] Visiting dependency org.grails.plugins:gsp:3.3.0(default) -> dependency: org.grails:grails-web-gsp-taglib:3.3.0, scope: Runtime, optional: false
09:37:02.805 [DEBUG] [io.spring.gradle.dependencymanagement.internal.VersionConfiguringAction] Processing dependency 'org.grails:grails-web-gsp-taglib:3.3.0'
09:37:02.805 [DEBUG] [io.spring.gradle.dependencymanagement.internal.VersionConfiguringAction] No dependency management for dependency 'org.grails:grails-web-gsp-taglib:3.3.0'
09:37:02.805 [DEBUG] [org.gradle.api.internal.artifacts.ivyservice.resolveengine.graph.DependencyGraphBuilder] Selecting new module version org.grails:grails-web-gsp-taglib:3.3.0
09:37:02.805 [DEBUG] [org.gradle.api.internal.artifacts.ivyservice.ivyresolve.RepositoryChainComponentMetaDataResolver] Attempting to resolve component for org.grails:grails-web-gsp-taglib:3.3.0 using repositories [MavenLocal, maven, maven2, maven3]
09:37:02.805 [DEBUG] [org.gradle.api.internal.artifacts.repositories.resolver.DefaultExternalResourceArtifactResolver] Loading file:/Users/michaelmennis/.m2/repository/org/grails/grails-web-gsp-taglib/3.3.0/grails-web-gsp-taglib-3.3.0.pom
09:37:02.805 [DEBUG] [org.gradle.api.internal.artifacts.repositories.resolver.DefaultExternalResourceArtifactResolver] Loading file:/Users/michaelmennis/.m2/repository/org/grails/grails-web-gsp-taglib/3.3.0/grails-web-gsp-taglib-3.3.0.jar
09:37:02.806 [DEBUG] [org.gradle.api.internal.artifacts.repositories.resolver.ExternalResourceResolver] No meta-data file or artifact found for module 'org.grails:grails-web-gsp-taglib:3.3.0' in repository 'MavenLocal'.
09:37:02.806 [DEBUG] [org.gradle.api.internal.artifacts.ivyservice.ivyresolve.CachingModuleComponentRepository] Using cached module metadata for module 'org.grails:grails-web-gsp-taglib:3.3.0' in 'maven'
09:37:02.806 [DEBUG] [org.gradle.api.internal.artifacts.ivyservice.ivyresolve.RepositoryChainComponentMetaDataResolver] Using org.grails:grails-web-gsp-taglib:3.3.0 from Maven repository 'maven'
09:37:02.806 [DEBUG] [org.gradle.api.internal.artifacts.ivyservice.resolveengine.graph.DependencyGraphBuilder] Visiting dependency org.grails.plugins:gsp:3.3.0(default) -> dependency: commons-lang:commons-lang:2.6, scope: Runtime, optional: false
09:37:02.806 [DEBUG] [io.spring.gradle.dependencymanagement.internal.VersionConfiguringAction] Processing dependency 'commons-lang:commons-lang:2.6'
09:37:02.806 [DEBUG] [io.spring.gradle.dependencymanagement.internal.VersionConfiguringAction] No dependency management for dependency 'commons-lang:commons-lang:2.6'
09:37:02.806 [DEBUG] [org.gradle.api.internal.artifacts.ivyservice.resolveengine.graph.DependencyGraphBuilder] Selecting new module version commons-lang:commons-lang:2.6
09:37:02.806 [DEBUG] [org.gradle.api.internal.artifacts.ivyservice.ivyresolve.RepositoryChainComponentMetaDataResolver] Attempting to resolve component for commons-lang:commons-lang:2.6 using repositories [MavenLocal, maven, maven2, maven3]
09:37:02.806 [DEBUG] [org.gradle.api.internal.artifacts.repositories.resolver.DefaultExternalResourceArtifactResolver] Loading file:/Users/michaelmennis/.m2/repository/commons-lang/commons-lang/2.6/commons-lang-2.6.pom
09:37:02.808 [DEBUG] [org.gradle.api.internal.artifacts.ivyservice.ivyresolve.RepositoryChainComponentMetaDataResolver] Attempting to resolve component for org.apache.commons:commons-parent:17 using repositories [MavenLocal, maven, maven2, maven3]
09:37:02.808 [DEBUG] [org.gradle.api.internal.artifacts.repositories.resolver.DefaultExternalResourceArtifactResolver] Loading file:/Users/michaelmennis/.m2/repository/org/apache/commons/commons-parent/17/commons-parent-17.pom
09:37:02.809 [DEBUG] [org.gradle.api.internal.artifacts.ivyservice.ivyresolve.RepositoryChainComponentMetaDataResolver] Attempting to resolve component for org.apache:apache:7 using repositories [MavenLocal, maven, maven2, maven3]
09:37:02.809 [DEBUG] [org.gradle.api.internal.artifacts.repositories.resolver.DefaultExternalResourceArtifactResolver] Loading file:/Users/michaelmennis/.m2/repository/org/apache/apache/7/apache-7.pom
09:37:02.810 [DEBUG] [org.gradle.api.internal.artifacts.repositories.resolver.ExternalResourceResolver] Metadata file found for module 'org.apache:apache:7' in repository 'MavenLocal'.
09:37:02.811 [DEBUG] [org.gradle.api.internal.artifacts.ivyservice.ivyresolve.RepositoryChainComponentMetaDataResolver] Using org.apache:apache:7 from Maven repository 'MavenLocal'
09:37:02.811 [DEBUG] [org.gradle.api.internal.artifacts.repositories.resolver.DefaultExternalResourceArtifactResolver] Loading file:/Users/michaelmennis/.m2/repository/org/apache/apache/7/apache-7.pom
09:37:02.812 [DEBUG] [org.gradle.api.internal.artifacts.repositories.resolver.ExternalResourceResolver] Metadata file found for module 'org.apache.commons:commons-parent:17' in repository 'MavenLocal'.
09:37:02.812 [DEBUG] [org.gradle.api.internal.artifacts.ivyservice.ivyresolve.RepositoryChainComponentMetaDataResolver] Using org.apache.commons:commons-parent:17 from Maven repository 'MavenLocal'
09:37:02.812 [DEBUG] [org.gradle.api.internal.artifacts.repositories.resolver.DefaultExternalResourceArtifactResolver] Loading file:/Users/michaelmennis/.m2/repository/org/apache/commons/commons-parent/17/commons-parent-17.pom
09:37:02.814 [DEBUG] [org.gradle.api.internal.artifacts.ivyservice.ivyresolve.RepositoryChainComponentMetaDataResolver] Attempting to resolve component for org.apache:apache:7 using repositories [MavenLocal, maven, maven2, maven3]
09:37:02.814 [DEBUG] [org.gradle.api.internal.artifacts.ivyservice.ivyresolve.RepositoryChainComponentMetaDataResolver] Using org.apache:apache:7 from Maven repository 'MavenLocal'
09:37:02.815 [DEBUG] [org.gradle.api.internal.artifacts.repositories.resolver.DefaultExternalResourceArtifactResolver] Loading file:/Users/michaelmennis/.m2/repository/commons-lang/commons-lang/2.6/commons-lang-2.6.jar
09:37:02.815 [DEBUG] [org.gradle.api.internal.artifacts.repositories.resolver.ExternalResourceResolver] Metadata file found for module 'commons-lang:commons-lang:2.6' in repository 'MavenLocal'.
09:37:02.816 [DEBUG] [org.gradle.api.internal.artifacts.ivyservice.ivyresolve.RepositoryChainComponentMetaDataResolver] Using commons-lang:commons-lang:2.6 from Maven repository 'MavenLocal'
09:37:02.816 [DEBUG] [org.gradle.api.internal.artifacts.ivyservice.resolveengine.graph.DependencyGraphBuilder] Visiting dependency org.grails.plugins:gsp:3.3.0(default) -> dependency: org.grails:grails-plugin-codecs:3.2.10, scope: Runtime, optional: false
09:37:02.816 [DEBUG] [io.spring.gradle.dependencymanagement.internal.VersionConfiguringAction] Processing dependency 'org.grails:grails-plugin-codecs:3.2.10'
09:37:02.816 [DEBUG] [io.spring.gradle.dependencymanagement.internal.DependencyManagementContainer] Found managed version '3.3.0' for dependency 'org.grails:grails-plugin-codecs' in global dependency management
09:37:02.816 [DEBUG] [io.spring.gradle.dependencymanagement.internal.VersionConfiguringAction] Using version '3.3.0' for dependency 'org.grails:grails-plugin-codecs:3.2.10'
09:37:02.816 [DEBUG] [org.gradle.api.internal.artifacts.ivyservice.resolveengine.graph.DependencyGraphBuilder] Selecting new module version org.grails:grails-plugin-codecs:3.3.0
09:37:02.816 [DEBUG] [org.gradle.api.internal.artifacts.ivyservice.ivyresolve.RepositoryChainComponentMetaDataResolver] Attempting to resolve component for org.grails:grails-plugin-codecs:3.3.0 using repositories [MavenLocal, maven, maven2, maven3]
09:37:02.816 [DEBUG] [org.gradle.api.internal.artifacts.repositories.resolver.DefaultExternalResourceArtifactResolver] Loading file:/Users/michaelmennis/.m2/repository/org/grails/grails-plugin-codecs/3.3.0/grails-plugin-codecs-3.3.0.pom
09:37:02.816 [DEBUG] [org.gradle.api.internal.artifacts.repositories.resolver.DefaultExternalResourceArtifactResolver] Loading file:/Users/michaelmennis/.m2/repository/org/grails/grails-plugin-codecs/3.3.0/grails-plugin-codecs-3.3.0.jar
09:37:02.816 [DEBUG] [org.gradle.api.internal.artifacts.repositories.resolver.ExternalResourceResolver] No meta-data file or artifact found for module 'org.grails:grails-plugin-codecs:3.3.0' in repository 'MavenLocal'.
09:37:02.817 [DEBUG] [org.gradle.api.internal.artifacts.ivyservice.ivyresolve.CachingModuleComponentRepository] Using cached module metadata for module 'org.grails:grails-plugin-codecs:3.3.0' in 'maven'
09:37:02.817 [DEBUG] [org.gradle.api.internal.artifacts.ivyservice.ivyresolve.RepositoryChainComponentMetaDataResolver] Using org.grails:grails-plugin-codecs:3.3.0 from Maven repository 'maven'
09:37:02.817 [DEBUG] [org.gradle.api.internal.artifacts.ivyservice.resolveengine.graph.DependencyGraphBuilder] Visiting configuration org.glassfish.web:el-impl:2.1.2-b03(default).
09:37:02.817 [DEBUG] [org.gradle.api.internal.artifacts.ivyservice.resolveengine.graph.DependencyGraphBuilder] Visiting dependency org.glassfish.web:el-impl:2.1.2-b03(default) -> dependency: javax.el:el-api:2.1.2-b03, scope: Compile, optional: false
09:37:02.817 [DEBUG] [io.spring.gradle.dependencymanagement.internal.VersionConfiguringAction] Processing dependency 'javax.el:el-api:2.1.2-b03'
09:37:02.817 [DEBUG] [io.spring.gradle.dependencymanagement.internal.VersionConfiguringAction] No dependency management for dependency 'javax.el:el-api:2.1.2-b03'
09:37:02.817 [DEBUG] [org.gradle.api.internal.artifacts.ivyservice.resolveengine.graph.DependencyGraphBuilder] Selecting new module version javax.el:el-api:2.1.2-b03
09:37:02.817 [DEBUG] [org.gradle.api.internal.artifacts.ivyservice.ivyresolve.RepositoryChainComponentMetaDataResolver] Attempting to resolve component for javax.el:el-api:2.1.2-b03 using repositories [MavenLocal, maven, maven2, maven3]
09:37:02.817 [DEBUG] [org.gradle.api.internal.artifacts.repositories.resolver.DefaultExternalResourceArtifactResolver] Loading file:/Users/michaelmennis/.m2/repository/javax/el/el-api/2.1.2-b03/el-api-2.1.2-b03.pom
09:37:02.817 [DEBUG] [org.gradle.api.internal.artifacts.repositories.resolver.DefaultExternalResourceArtifactResolver] Loading file:/Users/michaelmennis/.m2/repository/javax/el/el-api/2.1.2-b03/el-api-2.1.2-b03.jar
09:37:02.817 [DEBUG] [org.gradle.api.internal.artifacts.repositories.resolver.ExternalResourceResolver] No meta-data file or artifact found for module 'javax.el:el-api:2.1.2-b03' in repository 'MavenLocal'.
09:37:02.818 [DEBUG] [org.gradle.api.internal.artifacts.ivyservice.ivyresolve.CachingModuleComponentRepository] Using cached module metadata for module 'javax.el:el-api:2.1.2-b03' in 'maven'
09:37:02.818 [DEBUG] [org.gradle.api.internal.artifacts.ivyservice.ivyresolve.RepositoryChainComponentMetaDataResolver] Using javax.el:el-api:2.1.2-b03 from Maven repository 'maven'
09:37:02.818 [DEBUG] [org.gradle.api.internal.artifacts.ivyservice.resolveengine.graph.DependencyGraphBuilder] Visiting configuration com.h2database:h2:1.4.195(default).
09:37:02.818 [DEBUG] [org.gradle.api.internal.artifacts.ivyservice.resolveengine.graph.DependencyGraphBuilder] Visiting configuration org.apache.tomcat:tomcat-jdbc:8.5.15(default).
09:37:02.818 [DEBUG] [org.gradle.api.internal.artifacts.ivyservice.resolveengine.graph.DependencyGraphBuilder] Visiting dependency org.apache.tomcat:tomcat-jdbc:8.5.15(default) -> dependency: org.apache.tomcat:tomcat-juli:8.5.15, scope: Compile, optional: false
09:37:02.818 [DEBUG] [io.spring.gradle.dependencymanagement.internal.VersionConfiguringAction] Processing dependency 'org.apache.tomcat:tomcat-juli:8.5.15'
09:37:02.818 [DEBUG] [io.spring.gradle.dependencymanagement.internal.VersionConfiguringAction] No dependency management for dependency 'org.apache.tomcat:tomcat-juli:8.5.15'
09:37:02.818 [DEBUG] [org.gradle.api.internal.artifacts.ivyservice.resolveengine.graph.DependencyGraphBuilder] Selecting new module version org.apache.tomcat:tomcat-juli:8.5.15
09:37:02.818 [DEBUG] [org.gradle.api.internal.artifacts.ivyservice.ivyresolve.RepositoryChainComponentMetaDataResolver] Attempting to resolve component for org.apache.tomcat:tomcat-juli:8.5.15 using repositories [MavenLocal, maven, maven2, maven3]
09:37:02.818 [DEBUG] [org.gradle.api.internal.artifacts.repositories.resolver.DefaultExternalResourceArtifactResolver] Loading file:/Users/michaelmennis/.m2/repository/org/apache/tomcat/tomcat-juli/8.5.15/tomcat-juli-8.5.15.pom
09:37:02.818 [DEBUG] [org.gradle.api.internal.artifacts.repositories.resolver.DefaultExternalResourceArtifactResolver] Loading file:/Users/michaelmennis/.m2/repository/org/apache/tomcat/tomcat-juli/8.5.15/tomcat-juli-8.5.15.jar
09:37:02.818 [DEBUG] [org.gradle.api.internal.artifacts.repositories.resolver.ExternalResourceResolver] No meta-data file or artifact found for module 'org.apache.tomcat:tomcat-juli:8.5.15' in repository 'MavenLocal'.
09:37:02.819 [DEBUG] [org.gradle.api.internal.artifacts.ivyservice.ivyresolve.CachingModuleComponentRepository] Using cached module metadata for module 'org.apache.tomcat:tomcat-juli:8.5.15' in 'maven'
09:37:02.819 [DEBUG] [org.gradle.api.internal.artifacts.ivyservice.ivyresolve.RepositoryChainComponentMetaDataResolver] Using org.apache.tomcat:tomcat-juli:8.5.15 from Maven repository 'maven'
09:37:02.819 [DEBUG] [org.gradle.api.internal.artifacts.ivyservice.resolveengine.graph.DependencyGraphBuilder] Visiting configuration com.bertramlabs.plugins:asset-pipeline-grails:2.14.2(default).
09:37:02.819 [DEBUG] [org.gradle.api.internal.artifacts.ivyservice.resolveengine.graph.DependencyGraphBuilder] Visiting dependency com.bertramlabs.plugins:asset-pipeline-grails:2.14.2(default) -> dependency: com.bertramlabs.plugins:asset-pipeline-core:2.14.2, scope: Runtime, optional: false
09:37:02.819 [DEBUG] [io.spring.gradle.dependencymanagement.internal.VersionConfiguringAction] Processing dependency 'com.bertramlabs.plugins:asset-pipeline-core:2.14.2'
09:37:02.819 [DEBUG] [io.spring.gradle.dependencymanagement.internal.VersionConfiguringAction] No dependency management for dependency 'com.bertramlabs.plugins:asset-pipeline-core:2.14.2'
09:37:02.819 [DEBUG] [org.gradle.api.internal.artifacts.ivyservice.resolveengine.graph.DependencyGraphBuilder] Selecting new module version com.bertramlabs.plugins:asset-pipeline-core:2.14.2
09:37:02.819 [DEBUG] [org.gradle.api.internal.artifacts.ivyservice.ivyresolve.RepositoryChainComponentMetaDataResolver] Attempting to resolve component for com.bertramlabs.plugins:asset-pipeline-core:2.14.2 using repositories [MavenLocal, maven, maven2, maven3]
09:37:02.819 [DEBUG] [org.gradle.api.internal.artifacts.ivyservice.ivyresolve.RepositoryChainComponentMetaDataResolver] Using com.bertramlabs.plugins:asset-pipeline-core:2.14.2 from Maven repository 'maven'
09:37:02.819 [DEBUG] [org.gradle.api.internal.artifacts.ivyservice.resolveengine.graph.DependencyGraphBuilder] Visiting configuration com.google.guava:guava:18.0(default).
09:37:02.819 [DEBUG] [org.gradle.api.internal.artifacts.ivyservice.resolveengine.graph.DependencyGraphBuilder] Visiting configuration org.json:json:20140107(default).
09:37:02.819 [DEBUG] [org.gradle.api.internal.artifacts.ivyservice.resolveengine.graph.DependencyGraphBuilder] Visiting configuration com.jcraft:jsch:0.1.52(default).
09:37:02.819 [DEBUG] [org.gradle.api.internal.artifacts.ivyservice.resolveengine.graph.DependencyGraphBuilder] Visiting configuration com.fasterxml.jackson.core:jackson-databind:2.8.8(default).
09:37:02.819 [DEBUG] [org.gradle.api.internal.artifacts.ivyservice.resolveengine.graph.DependencyGraphBuilder] Visiting dependency com.fasterxml.jackson.core:jackson-databind:2.8.8(default) -> dependency: com.fasterxml.jackson.core:jackson-annotations:2.8.0, scope: Compile, optional: false
09:37:02.819 [DEBUG] [io.spring.gradle.dependencymanagement.internal.VersionConfiguringAction] Processing dependency 'com.fasterxml.jackson.core:jackson-annotations:2.8.0'
09:37:02.819 [DEBUG] [io.spring.gradle.dependencymanagement.internal.DependencyManagementContainer] Found managed version '2.8.0' for dependency 'com.fasterxml.jackson.core:jackson-annotations' in global dependency management
09:37:02.819 [DEBUG] [io.spring.gradle.dependencymanagement.internal.VersionConfiguringAction] Using version '2.8.0' for dependency 'com.fasterxml.jackson.core:jackson-annotations:2.8.0'
09:37:02.819 [DEBUG] [org.gradle.api.internal.artifacts.ivyservice.resolveengine.graph.DependencyGraphBuilder] Selecting new module version com.fasterxml.jackson.core:jackson-annotations:2.8.0
09:37:02.819 [DEBUG] [org.gradle.api.internal.artifacts.ivyservice.ivyresolve.RepositoryChainComponentMetaDataResolver] Attempting to resolve component for com.fasterxml.jackson.core:jackson-annotations:2.8.0 using repositories [MavenLocal, maven, maven2, maven3]
09:37:02.820 [DEBUG] [org.gradle.api.internal.artifacts.repositories.resolver.DefaultExternalResourceArtifactResolver] Loading file:/Users/michaelmennis/.m2/repository/com/fasterxml/jackson/core/jackson-annotations/2.8.0/jackson-annotations-2.8.0.pom
09:37:02.820 [DEBUG] [org.gradle.api.internal.artifacts.repositories.resolver.DefaultExternalResourceArtifactResolver] Loading file:/Users/michaelmennis/.m2/repository/com/fasterxml/jackson/core/jackson-annotations/2.8.0/jackson-annotations-2.8.0.jar
09:37:02.820 [DEBUG] [org.gradle.api.internal.artifacts.repositories.resolver.ExternalResourceResolver] No meta-data file or artifact found for module 'com.fasterxml.jackson.core:jackson-annotations:2.8.0' in repository 'MavenLocal'.
09:37:02.820 [DEBUG] [org.gradle.api.internal.artifacts.ivyservice.ivyresolve.CachingModuleComponentRepository] Using cached module metadata for module 'com.fasterxml.jackson.core:jackson-annotations:2.8.0' in 'maven'
09:37:02.820 [DEBUG] [org.gradle.api.internal.artifacts.ivyservice.ivyresolve.RepositoryChainComponentMetaDataResolver] Using com.fasterxml.jackson.core:jackson-annotations:2.8.0 from Maven repository 'maven'
09:37:02.820 [DEBUG] [org.gradle.api.internal.artifacts.ivyservice.resolveengine.graph.DependencyGraphBuilder] Visiting dependency com.fasterxml.jackson.core:jackson-databind:2.8.8(default) -> dependency: com.fasterxml.jackson.core:jackson-core:2.8.8, scope: Compile, optional: false
09:37:02.820 [DEBUG] [io.spring.gradle.dependencymanagement.internal.VersionConfiguringAction] Processing dependency 'com.fasterxml.jackson.core:jackson-core:2.8.8'
09:37:02.820 [DEBUG] [io.spring.gradle.dependencymanagement.internal.DependencyManagementContainer] Found managed version '2.8.8' for dependency 'com.fasterxml.jackson.core:jackson-core' in global dependency management
09:37:02.820 [DEBUG] [io.spring.gradle.dependencymanagement.internal.VersionConfiguringAction] Using version '2.8.8' for dependency 'com.fasterxml.jackson.core:jackson-core:2.8.8'
09:37:02.820 [DEBUG] [org.gradle.api.internal.artifacts.ivyservice.resolveengine.graph.DependencyGraphBuilder] Selecting new module version com.fasterxml.jackson.core:jackson-core:2.8.8
09:37:02.820 [DEBUG] [org.gradle.api.internal.artifacts.ivyservice.ivyresolve.RepositoryChainComponentMetaDataResolver] Attempting to resolve component for com.fasterxml.jackson.core:jackson-core:2.8.8 using repositories [MavenLocal, maven, maven2, maven3]
09:37:02.821 [DEBUG] [org.gradle.api.internal.artifacts.repositories.resolver.DefaultExternalResourceArtifactResolver] Loading file:/Users/michaelmennis/.m2/repository/com/fasterxml/jackson/core/jackson-core/2.8.8/jackson-core-2.8.8.pom
09:37:02.821 [DEBUG] [org.gradle.api.internal.artifacts.repositories.resolver.DefaultExternalResourceArtifactResolver] Loading file:/Users/michaelmennis/.m2/repository/com/fasterxml/jackson/core/jackson-core/2.8.8/jackson-core-2.8.8.jar
09:37:02.821 [DEBUG] [org.gradle.api.internal.artifacts.repositories.resolver.ExternalResourceResolver] No meta-data file or artifact found for module 'com.fasterxml.jackson.core:jackson-core:2.8.8' in repository 'MavenLocal'.
09:37:02.821 [DEBUG] [org.gradle.api.internal.artifacts.ivyservice.ivyresolve.CachingModuleComponentRepository] Using cached module metadata for module 'com.fasterxml.jackson.core:jackson-core:2.8.8' in 'maven'
09:37:02.821 [DEBUG] [org.gradle.api.internal.artifacts.ivyservice.ivyresolve.RepositoryChainComponentMetaDataResolver] Using com.fasterxml.jackson.core:jackson-core:2.8.8 from Maven repository 'maven'
09:37:02.821 [DEBUG] [org.gradle.api.internal.artifacts.ivyservice.resolveengine.graph.DependencyGraphBuilder] Visiting configuration com.mapr.ojai:mapr-ojai-driver:6.0.0-mapr-SNAPSHOT(default).
09:37:02.821 [DEBUG] [org.gradle.api.internal.artifacts.ivyservice.resolveengine.graph.DependencyGraphBuilder] Visiting dependency com.mapr.ojai:mapr-ojai-driver:6.0.0-mapr-SNAPSHOT(default) -> dependency: com.google.guava:guava:18.0, scope: Compile, optional: false
09:37:02.821 [DEBUG] [org.gradle.api.internal.artifacts.ivyservice.resolveengine.graph.DependencyGraphBuilder] Visiting dependency com.mapr.ojai:mapr-ojai-driver:6.0.0-mapr-SNAPSHOT(default) -> dependency: org.ojai:ojai:2.0-SNAPSHOT, scope: Compile, optional: false
09:37:02.821 [DEBUG] [io.spring.gradle.dependencymanagement.internal.VersionConfiguringAction] Processing dependency 'org.ojai:ojai:2.0-SNAPSHOT'
09:37:02.822 [DEBUG] [io.spring.gradle.dependencymanagement.internal.VersionConfiguringAction] No dependency management for dependency 'org.ojai:ojai:2.0-SNAPSHOT'
09:37:02.822 [DEBUG] [org.gradle.api.internal.artifacts.ivyservice.resolveengine.graph.DependencyGraphBuilder] Selecting new module version org.ojai:ojai:2.0-SNAPSHOT
09:37:02.822 [DEBUG] [org.gradle.api.internal.artifacts.ivyservice.ivyresolve.RepositoryChainComponentMetaDataResolver] Attempting to resolve component for org.ojai:ojai:2.0-SNAPSHOT using repositories [MavenLocal, maven, maven2, maven3]
09:37:02.822 [DEBUG] [org.gradle.api.internal.artifacts.repositories.resolver.DefaultExternalResourceArtifactResolver] Loading file:/Users/michaelmennis/.m2/repository/org/ojai/ojai/2.0-SNAPSHOT/ojai-2.0-SNAPSHOT.pom
09:37:02.823 [DEBUG] [org.gradle.api.internal.artifacts.ivyservice.ivyresolve.RepositoryChainComponentMetaDataResolver] Attempting to resolve component for org.ojai:ojai-root:2.0-SNAPSHOT using repositories [MavenLocal, maven, maven2, maven3]
09:37:02.831 [DEBUG] [org.gradle.api.internal.artifacts.repositories.resolver.DefaultExternalResourceArtifactResolver] Loading file:/Users/michaelmennis/.m2/repository/org/ojai/ojai-root/2.0-SNAPSHOT/ojai-root-2.0-SNAPSHOT.pom
09:37:02.833 [DEBUG] [org.gradle.api.internal.artifacts.repositories.resolver.ExternalResourceResolver] Metadata file found for module 'org.ojai:ojai-root:2.0-SNAPSHOT' in repository 'MavenLocal'.
09:37:02.833 [DEBUG] [org.gradle.api.internal.artifacts.ivyservice.ivyresolve.RepositoryChainComponentMetaDataResolver] Using org.ojai:ojai-root:2.0-SNAPSHOT from Maven repository 'MavenLocal'
09:37:02.833 [DEBUG] [org.gradle.api.internal.artifacts.repositories.resolver.DefaultExternalResourceArtifactResolver] Loading file:/Users/michaelmennis/.m2/repository/org/ojai/ojai-root/2.0-SNAPSHOT/ojai-root-2.0-SNAPSHOT.pom
09:37:02.835 [DEBUG] [org.gradle.api.internal.artifacts.repositories.resolver.DefaultExternalResourceArtifactResolver] Loading file:/Users/michaelmennis/.m2/repository/org/ojai/ojai/2.0-SNAPSHOT/ojai-2.0-SNAPSHOT.jar
09:37:02.835 [DEBUG] [org.gradle.api.internal.artifacts.repositories.resolver.ExternalResourceResolver] Metadata file found for module 'org.ojai:ojai:2.0-SNAPSHOT' in repository 'MavenLocal'.
09:37:02.835 [DEBUG] [org.gradle.api.internal.artifacts.ivyservice.ivyresolve.RepositoryChainComponentMetaDataResolver] Using org.ojai:ojai:2.0-SNAPSHOT from Maven repository 'MavenLocal'
09:37:02.835 [DEBUG] [org.gradle.api.internal.artifacts.ivyservice.resolveengine.graph.DependencyGraphBuilder] Visiting dependency com.mapr.ojai:mapr-ojai-driver:6.0.0-mapr-SNAPSHOT(default) -> dependency: com.mapr.db:maprdb:6.0.0-mapr-SNAPSHOT, scope: Compile, optional: false
09:37:02.835 [DEBUG] [org.gradle.api.internal.artifacts.ivyservice.resolveengine.graph.DependencyGraphBuilder] Visiting dependency com.mapr.ojai:mapr-ojai-driver:6.0.0-mapr-SNAPSHOT(default) -> dependency: com.google.protobuf:protobuf-java:2.5.0, scope: Compile, optional: false
09:37:02.835 [DEBUG] [io.spring.gradle.dependencymanagement.internal.VersionConfiguringAction] Processing dependency 'com.google.protobuf:protobuf-java:2.5.0'
09:37:02.835 [DEBUG] [io.spring.gradle.dependencymanagement.internal.VersionConfiguringAction] No dependency management for dependency 'com.google.protobuf:protobuf-java:2.5.0'
09:37:02.835 [DEBUG] [org.gradle.api.internal.artifacts.ivyservice.resolveengine.graph.DependencyGraphBuilder] Selecting new module version com.google.protobuf:protobuf-java:2.5.0
09:37:02.836 [DEBUG] [org.gradle.api.internal.artifacts.ivyservice.ivyresolve.RepositoryChainComponentMetaDataResolver] Attempting to resolve component for com.google.protobuf:protobuf-java:2.5.0 using repositories [MavenLocal, maven, maven2, maven3]
09:37:02.836 [DEBUG] [org.gradle.api.internal.artifacts.ivyservice.ivyresolve.RepositoryChainComponentMetaDataResolver] Using com.google.protobuf:protobuf-java:2.5.0 from Maven repository 'MavenLocal'
09:37:02.836 [DEBUG] [org.gradle.api.internal.artifacts.ivyservice.resolveengine.graph.DependencyGraphBuilder] Visiting dependency com.mapr.ojai:mapr-ojai-driver:6.0.0-mapr-SNAPSHOT(default) -> dependency: com.mapr.hadoop:maprfs:6.0.0-mapr-SNAPSHOT, scope: Compile, optional: false
09:37:02.836 [DEBUG] [org.gradle.api.internal.artifacts.ivyservice.resolveengine.graph.DependencyGraphBuilder] Visiting dependency com.mapr.ojai:mapr-ojai-driver:6.0.0-mapr-SNAPSHOT(default) -> dependency: org.slf4j:slf4j-api:1.7.12, scope: Compile, optional: false
09:37:02.836 [DEBUG] [io.spring.gradle.dependencymanagement.internal.VersionConfiguringAction] Processing dependency 'org.slf4j:slf4j-api:1.7.12'
09:37:02.836 [DEBUG] [io.spring.gradle.dependencymanagement.internal.DependencyManagementContainer] Found managed version '1.7.25' for dependency 'org.slf4j:slf4j-api' in global dependency management
09:37:02.836 [DEBUG] [io.spring.gradle.dependencymanagement.internal.VersionConfiguringAction] Using version '1.7.25' for dependency 'org.slf4j:slf4j-api:1.7.12'
09:37:02.836 [DEBUG] [org.gradle.api.internal.artifacts.ivyservice.resolveengine.graph.DependencyGraphBuilder] Visiting dependency com.mapr.ojai:mapr-ojai-driver:6.0.0-mapr-SNAPSHOT(default) -> dependency: net.sf.trove4j:trove4j:3.0.3, scope: Compile, optional: false
09:37:02.836 [DEBUG] [io.spring.gradle.dependencymanagement.internal.VersionConfiguringAction] Processing dependency 'net.sf.trove4j:trove4j:3.0.3'
09:37:02.836 [DEBUG] [io.spring.gradle.dependencymanagement.internal.VersionConfiguringAction] No dependency management for dependency 'net.sf.trove4j:trove4j:3.0.3'
09:37:02.836 [DEBUG] [org.gradle.api.internal.artifacts.ivyservice.resolveengine.graph.DependencyGraphBuilder] Selecting new module version net.sf.trove4j:trove4j:3.0.3
09:37:02.836 [DEBUG] [org.gradle.api.internal.artifacts.ivyservice.ivyresolve.RepositoryChainComponentMetaDataResolver] Attempting to resolve component for net.sf.trove4j:trove4j:3.0.3 using repositories [MavenLocal, maven, maven2, maven3]
09:37:02.837 [DEBUG] [org.gradle.api.internal.artifacts.repositories.resolver.DefaultExternalResourceArtifactResolver] Loading file:/Users/michaelmennis/.m2/repository/net/sf/trove4j/trove4j/3.0.3/trove4j-3.0.3.pom
09:37:02.838 [DEBUG] [org.gradle.api.internal.artifacts.repositories.resolver.DefaultExternalResourceArtifactResolver] Loading file:/Users/michaelmennis/.m2/repository/net/sf/trove4j/trove4j/3.0.3/trove4j-3.0.3.jar
09:37:02.838 [DEBUG] [org.gradle.api.internal.artifacts.repositories.resolver.ExternalResourceResolver] Metadata file found for module 'net.sf.trove4j:trove4j:3.0.3' in repository 'MavenLocal'.
09:37:02.838 [DEBUG] [org.gradle.api.internal.artifacts.ivyservice.ivyresolve.RepositoryChainComponentMetaDataResolver] Using net.sf.trove4j:trove4j:3.0.3 from Maven repository 'MavenLocal'
09:37:02.838 [DEBUG] [org.gradle.api.internal.artifacts.ivyservice.resolveengine.graph.DependencyGraphBuilder] Visiting dependency com.mapr.ojai:mapr-ojai-driver:6.0.0-mapr-SNAPSHOT(default) -> dependency: org.apache.drill:drill-client:1.11.0-sidev-SNAPSHOT, scope: Compile, optional: false
09:37:02.838 [DEBUG] [io.spring.gradle.dependencymanagement.internal.VersionConfiguringAction] Processing dependency 'org.apache.drill:drill-client:1.11.0-sidev-SNAPSHOT'
09:37:02.838 [DEBUG] [io.spring.gradle.dependencymanagement.internal.VersionConfiguringAction] No dependency management for dependency 'org.apache.drill:drill-client:1.11.0-sidev-SNAPSHOT'
09:37:02.838 [DEBUG] [org.gradle.api.internal.artifacts.ivyservice.resolveengine.graph.DependencyGraphBuilder] Selecting new module version org.apache.drill:drill-client:1.11.0-sidev-SNAPSHOT
09:37:02.838 [DEBUG] [org.gradle.api.internal.artifacts.ivyservice.ivyresolve.RepositoryChainComponentMetaDataResolver] Attempting to resolve component for org.apache.drill:drill-client:1.11.0-sidev-SNAPSHOT using repositories [MavenLocal, maven, maven2, maven3]
09:37:02.838 [DEBUG] [org.gradle.api.internal.artifacts.repositories.resolver.DefaultExternalResourceArtifactResolver] Loading file:/Users/michaelmennis/.m2/repository/org/apache/drill/drill-client/1.11.0-sidev-SNAPSHOT/drill-client-1.11.0-sidev-SNAPSHOT.pom
09:37:02.841 [DEBUG] [org.gradle.api.internal.artifacts.repositories.resolver.DefaultExternalResourceArtifactResolver] Loading file:/Users/michaelmennis/.m2/repository/org/apache/drill/drill-client/1.11.0-sidev-SNAPSHOT/drill-client-1.11.0-sidev-SNAPSHOT.jar
09:37:02.841 [DEBUG] [org.gradle.api.internal.artifacts.repositories.resolver.MavenResolver] POM file found for module 'org.apache.drill:drill-client:1.11.0-sidev-SNAPSHOT' in repository 'MavenLocal' but no artifact found. Ignoring.
09:37:02.841 [DEBUG] [org.gradle.api.internal.artifacts.repositories.resolver.DefaultExternalResourceArtifactResolver] Loading file:/Users/michaelmennis/.m2/repository/org/apache/drill/drill-client/1.11.0-sidev-SNAPSHOT/drill-client-1.11.0-sidev-SNAPSHOT.pom
09:37:02.841 [DEBUG] [org.gradle.api.internal.artifacts.repositories.resolver.ExternalResourceResolver] Found artifact but no meta-data for module 'org.apache.drill:drill-client:1.11.0-sidev-SNAPSHOT' in repository 'MavenLocal', using default meta-data.
09:37:02.841 [DEBUG] [org.gradle.api.internal.artifacts.ivyservice.ivyresolve.CachingModuleComponentRepository] Detected non-existence of module 'org.apache.drill:drill-client:1.11.0-sidev-SNAPSHOT' in resolver cache 'maven'
09:37:02.841 [DEBUG] [org.gradle.api.internal.artifacts.ivyservice.ivyresolve.CachingModuleComponentRepository] Detected non-existence of module 'org.apache.drill:drill-client:1.11.0-sidev-SNAPSHOT' in resolver cache 'maven2'
09:37:02.842 [DEBUG] [org.gradle.api.internal.artifacts.ivyservice.ivyresolve.CachingModuleComponentRepository] Found cached version of changing module 'org.apache.drill:drill-client:1.11.0-sidev-SNAPSHOT' in 'maven3'
09:37:02.842 [DEBUG] [org.gradle.api.internal.artifacts.ivyservice.ivyresolve.CachingModuleComponentRepository] Using cached module metadata for module 'org.apache.drill:drill-client:1.11.0-sidev-SNAPSHOT' in 'maven3'
09:37:02.842 [DEBUG] [org.gradle.api.internal.artifacts.ivyservice.ivyresolve.RepositoryChainComponentMetaDataResolver] Using org.apache.drill:drill-client:1.11.0-sidev-SNAPSHOT from Maven repository 'maven3'
09:37:02.842 [DEBUG] [org.gradle.api.internal.artifacts.ivyservice.resolveengine.graph.DependencyGraphBuilder] Visiting configuration com.mapr.hadoop:maprfs:6.0.0-mapr-SNAPSHOT(default).
09:37:02.842 [DEBUG] [org.gradle.api.internal.artifacts.ivyservice.resolveengine.graph.DependencyGraphBuilder] Visiting dependency com.mapr.hadoop:maprfs:6.0.0-mapr-SNAPSHOT(default) -> dependency: com.google.protobuf:protobuf-java:2.5.0, scope: Compile, optional: false
09:37:02.843 [DEBUG] [org.gradle.api.internal.artifacts.ivyservice.resolveengine.graph.DependencyGraphBuilder] Visiting dependency com.mapr.hadoop:maprfs:6.0.0-mapr-SNAPSHOT(default) -> dependency: org.apache.hadoop:hadoop-auth:2.7.0-mapr-1506-SNAPSHOT, scope: Compile, optional: false
09:37:02.843 [DEBUG] [io.spring.gradle.dependencymanagement.internal.VersionConfiguringAction] Processing dependency 'org.apache.hadoop:hadoop-auth:2.7.0-mapr-1506-SNAPSHOT'
09:37:02.843 [DEBUG] [io.spring.gradle.dependencymanagement.internal.VersionConfiguringAction] No dependency management for dependency 'org.apache.hadoop:hadoop-auth:2.7.0-mapr-1506-SNAPSHOT'
09:37:02.843 [DEBUG] [org.gradle.api.internal.artifacts.ivyservice.resolveengine.graph.DependencyGraphBuilder] Selecting new module version org.apache.hadoop:hadoop-auth:2.7.0-mapr-1506-SNAPSHOT
09:37:02.843 [DEBUG] [org.gradle.api.internal.artifacts.ivyservice.ivyresolve.RepositoryChainComponentMetaDataResolver] Attempting to resolve component for org.apache.hadoop:hadoop-auth:2.7.0-mapr-1506-SNAPSHOT using repositories [MavenLocal, maven, maven2, maven3]
09:37:02.843 [DEBUG] [org.gradle.api.internal.artifacts.repositories.resolver.DefaultExternalResourceArtifactResolver] Loading file:/Users/michaelmennis/.m2/repository/org/apache/hadoop/hadoop-auth/2.7.0-mapr-1506-SNAPSHOT/hadoop-auth-2.7.0-mapr-1506-SNAPSHOT.pom
09:37:02.844 [DEBUG] [org.gradle.api.internal.artifacts.ivyservice.ivyresolve.RepositoryChainComponentMetaDataResolver] Attempting to resolve component for org.apache.hadoop:hadoop-project:2.7.0-mapr-1506-SNAPSHOT using repositories [MavenLocal, maven, maven2, maven3]
09:37:02.845 [DEBUG] [org.gradle.api.internal.artifacts.repositories.resolver.DefaultExternalResourceArtifactResolver] Loading file:/Users/michaelmennis/.m2/repository/org/apache/hadoop/hadoop-project/2.7.0-mapr-1506-SNAPSHOT/hadoop-project-2.7.0-mapr-1506-SNAPSHOT.pom
09:37:02.848 [DEBUG] [org.gradle.api.internal.artifacts.ivyservice.ivyresolve.RepositoryChainComponentMetaDataResolver] Attempting to resolve component for org.apache.hadoop:hadoop-main:2.7.0-mapr-1506-SNAPSHOT using repositories [MavenLocal, maven, maven2, maven3]
09:37:02.848 [DEBUG] [org.gradle.api.internal.artifacts.repositories.resolver.DefaultExternalResourceArtifactResolver] Loading file:/Users/michaelmennis/.m2/repository/org/apache/hadoop/hadoop-main/2.7.0-mapr-1506-SNAPSHOT/hadoop-main-2.7.0-mapr-1506-SNAPSHOT.pom
09:37:02.850 [DEBUG] [org.gradle.api.internal.artifacts.repositories.resolver.ExternalResourceResolver] Metadata file found for module 'org.apache.hadoop:hadoop-main:2.7.0-mapr-1506-SNAPSHOT' in repository 'MavenLocal'.
09:37:02.854 [DEBUG] [org.gradle.api.internal.artifacts.ivyservice.ivyresolve.RepositoryChainComponentMetaDataResolver] Using org.apache.hadoop:hadoop-main:2.7.0-mapr-1506-SNAPSHOT from Maven repository 'MavenLocal'
09:37:02.854 [DEBUG] [org.gradle.api.internal.artifacts.repositories.resolver.DefaultExternalResourceArtifactResolver] Loading file:/Users/michaelmennis/.m2/repository/org/apache/hadoop/hadoop-main/2.7.0-mapr-1506-SNAPSHOT/hadoop-main-2.7.0-mapr-1506-SNAPSHOT.pom
09:37:02.855 [DEBUG] [org.gradle.api.internal.artifacts.repositories.resolver.ExternalResourceResolver] Metadata file found for module 'org.apache.hadoop:hadoop-project:2.7.0-mapr-1506-SNAPSHOT' in repository 'MavenLocal'.
09:37:02.856 [DEBUG] [org.gradle.api.internal.artifacts.ivyservice.ivyresolve.RepositoryChainComponentMetaDataResolver] Using org.apache.hadoop:hadoop-project:2.7.0-mapr-1506-SNAPSHOT from Maven repository 'MavenLocal'
09:37:02.856 [DEBUG] [org.gradle.api.internal.artifacts.repositories.resolver.DefaultExternalResourceArtifactResolver] Loading file:/Users/michaelmennis/.m2/repository/org/apache/hadoop/hadoop-project/2.7.0-mapr-1506-SNAPSHOT/hadoop-project-2.7.0-mapr-1506-SNAPSHOT.pom
09:37:02.858 [DEBUG] [org.gradle.api.internal.artifacts.ivyservice.ivyresolve.RepositoryChainComponentMetaDataResolver] Attempting to resolve component for org.apache.hadoop:hadoop-main:2.7.0-mapr-1506-SNAPSHOT using repositories [MavenLocal, maven, maven2, maven3]
09:37:02.858 [DEBUG] [org.gradle.api.internal.artifacts.ivyservice.ivyresolve.RepositoryChainComponentMetaDataResolver] Using org.apache.hadoop:hadoop-main:2.7.0-mapr-1506-SNAPSHOT from Maven repository 'MavenLocal'
09:37:02.860 [DEBUG] [org.gradle.api.internal.artifacts.repositories.resolver.DefaultExternalResourceArtifactResolver] Loading file:/Users/michaelmennis/.m2/repository/org/apache/hadoop/hadoop-auth/2.7.0-mapr-1506-SNAPSHOT/hadoop-auth-2.7.0-mapr-1506-SNAPSHOT.jar
09:37:02.860 [DEBUG] [org.gradle.api.internal.artifacts.repositories.resolver.ExternalResourceResolver] Metadata file found for module 'org.apache.hadoop:hadoop-auth:2.7.0-mapr-1506-SNAPSHOT' in repository 'MavenLocal'.
09:37:02.860 [DEBUG] [org.gradle.api.internal.artifacts.ivyservice.ivyresolve.RepositoryChainComponentMetaDataResolver] Using org.apache.hadoop:hadoop-auth:2.7.0-mapr-1506-SNAPSHOT from Maven repository 'MavenLocal'
09:37:02.860 [DEBUG] [org.gradle.api.internal.artifacts.ivyservice.resolveengine.graph.DependencyGraphBuilder] Visiting dependency com.mapr.hadoop:maprfs:6.0.0-mapr-SNAPSHOT(default) -> dependency: org.apache.hadoop:hadoop-common:2.7.0-mapr-1506-SNAPSHOT, scope: Compile, optional: false
09:37:02.860 [DEBUG] [io.spring.gradle.dependencymanagement.internal.VersionConfiguringAction] Processing dependency 'org.apache.hadoop:hadoop-common:2.7.0-mapr-1506-SNAPSHOT'
09:37:02.861 [DEBUG] [io.spring.gradle.dependencymanagement.internal.VersionConfiguringAction] No dependency management for dependency 'org.apache.hadoop:hadoop-common:2.7.0-mapr-1506-SNAPSHOT'
09:37:02.861 [DEBUG] [org.gradle.api.internal.artifacts.ivyservice.resolveengine.graph.DependencyGraphBuilder] Selecting new module version org.apache.hadoop:hadoop-common:2.7.0-mapr-1506-SNAPSHOT
09:37:02.861 [DEBUG] [org.gradle.api.internal.artifacts.ivyservice.ivyresolve.RepositoryChainComponentMetaDataResolver] Attempting to resolve component for org.apache.hadoop:hadoop-common:2.7.0-mapr-1506-SNAPSHOT using repositories [MavenLocal, maven, maven2, maven3]
09:37:02.861 [DEBUG] [org.gradle.api.internal.artifacts.repositories.resolver.DefaultExternalResourceArtifactResolver] Loading file:/Users/michaelmennis/.m2/repository/org/apache/hadoop/hadoop-common/2.7.0-mapr-1506-SNAPSHOT/hadoop-common-2.7.0-mapr-1506-SNAPSHOT.pom
09:37:02.863 [DEBUG] [org.gradle.api.internal.artifacts.ivyservice.ivyresolve.RepositoryChainComponentMetaDataResolver] Attempting to resolve component for org.apache.hadoop:hadoop-project-dist:2.7.0-mapr-1506-SNAPSHOT using repositories [MavenLocal, maven, maven2, maven3]
09:37:02.863 [DEBUG] [org.gradle.api.internal.artifacts.repositories.resolver.DefaultExternalResourceArtifactResolver] Loading file:/Users/michaelmennis/.m2/repository/org/apache/hadoop/hadoop-project-dist/2.7.0-mapr-1506-SNAPSHOT/hadoop-project-dist-2.7.0-mapr-1506-SNAPSHOT.pom
09:37:02.864 [DEBUG] [org.gradle.api.internal.artifacts.ivyservice.ivyresolve.RepositoryChainComponentMetaDataResolver] Attempting to resolve component for org.apache.hadoop:hadoop-project:2.7.0-mapr-1506-SNAPSHOT using repositories [MavenLocal, maven, maven2, maven3]
09:37:02.864 [DEBUG] [org.gradle.api.internal.artifacts.ivyservice.ivyresolve.RepositoryChainComponentMetaDataResolver] Using org.apache.hadoop:hadoop-project:2.7.0-mapr-1506-SNAPSHOT from Maven repository 'MavenLocal'
09:37:02.867 [DEBUG] [org.gradle.api.internal.artifacts.ivyservice.ivyresolve.RepositoryChainComponentMetaDataResolver] Attempting to resolve component for org.apache.hadoop:hadoop-main:2.7.0-mapr-1506-SNAPSHOT using repositories [MavenLocal, maven, maven2, maven3]
09:37:02.867 [DEBUG] [org.gradle.api.internal.artifacts.ivyservice.ivyresolve.RepositoryChainComponentMetaDataResolver] Using org.apache.hadoop:hadoop-main:2.7.0-mapr-1506-SNAPSHOT from Maven repository 'MavenLocal'
09:37:02.869 [DEBUG] [org.gradle.api.internal.artifacts.repositories.resolver.ExternalResourceResolver] Metadata file found for module 'org.apache.hadoop:hadoop-project-dist:2.7.0-mapr-1506-SNAPSHOT' in repository 'MavenLocal'.
09:37:02.869 [DEBUG] [org.gradle.api.internal.artifacts.ivyservice.ivyresolve.RepositoryChainComponentMetaDataResolver] Using org.apache.hadoop:hadoop-project-dist:2.7.0-mapr-1506-SNAPSHOT from Maven repository 'MavenLocal'
09:37:02.869 [DEBUG] [org.gradle.api.internal.artifacts.repositories.resolver.DefaultExternalResourceArtifactResolver] Loading file:/Users/michaelmennis/.m2/repository/org/apache/hadoop/hadoop-project-dist/2.7.0-mapr-1506-SNAPSHOT/hadoop-project-dist-2.7.0-mapr-1506-SNAPSHOT.pom
09:37:02.871 [DEBUG] [org.gradle.api.internal.artifacts.ivyservice.ivyresolve.RepositoryChainComponentMetaDataResolver] Attempting to resolve component for org.apache.hadoop:hadoop-project:2.7.0-mapr-1506-SNAPSHOT using repositories [MavenLocal, maven, maven2, maven3]
09:37:02.871 [DEBUG] [org.gradle.api.internal.artifacts.ivyservice.ivyresolve.RepositoryChainComponentMetaDataResolver] Using org.apache.hadoop:hadoop-project:2.7.0-mapr-1506-SNAPSHOT from Maven repository 'MavenLocal'
09:37:02.873 [DEBUG] [org.gradle.api.internal.artifacts.ivyservice.ivyresolve.RepositoryChainComponentMetaDataResolver] Attempting to resolve component for org.apache.hadoop:hadoop-main:2.7.0-mapr-1506-SNAPSHOT using repositories [MavenLocal, maven, maven2, maven3]
09:37:02.873 [DEBUG] [org.gradle.api.internal.artifacts.ivyservice.ivyresolve.RepositoryChainComponentMetaDataResolver] Using org.apache.hadoop:hadoop-main:2.7.0-mapr-1506-SNAPSHOT from Maven repository 'MavenLocal'
09:37:02.883 [DEBUG] [org.gradle.api.internal.artifacts.repositories.resolver.DefaultExternalResourceArtifactResolver] Loading file:/Users/michaelmennis/.m2/repository/org/apache/hadoop/hadoop-common/2.7.0-mapr-1506-SNAPSHOT/hadoop-common-2.7.0-mapr-1506-SNAPSHOT.jar
09:37:02.883 [DEBUG] [org.gradle.api.internal.artifacts.repositories.resolver.ExternalResourceResolver] Metadata file found for module 'org.apache.hadoop:hadoop-common:2.7.0-mapr-1506-SNAPSHOT' in repository 'MavenLocal'.
09:37:02.883 [DEBUG] [org.gradle.api.internal.artifacts.ivyservice.ivyresolve.RepositoryChainComponentMetaDataResolver] Using org.apache.hadoop:hadoop-common:2.7.0-mapr-1506-SNAPSHOT from Maven repository 'MavenLocal'
09:37:02.883 [DEBUG] [org.gradle.api.internal.artifacts.ivyservice.resolveengine.graph.DependencyGraphBuilder] Visiting dependency com.mapr.hadoop:maprfs:6.0.0-mapr-SNAPSHOT(default) -> dependency: org.json:json:20080701, scope: Compile, optional: false
09:37:02.883 [DEBUG] [io.spring.gradle.dependencymanagement.internal.VersionConfiguringAction] Processing dependency 'org.json:json:20080701'
09:37:02.884 [DEBUG] [io.spring.gradle.dependencymanagement.internal.DependencyManagementContainer] Found managed version '20140107' for dependency 'org.json:json' in dependency management for configuration 'runtime'
09:37:02.884 [DEBUG] [io.spring.gradle.dependencymanagement.internal.VersionConfiguringAction] Using version '20140107' for dependency 'org.json:json:20080701'
09:37:02.884 [DEBUG] [org.gradle.api.internal.artifacts.ivyservice.resolveengine.graph.DependencyGraphBuilder] Visiting dependency com.mapr.hadoop:maprfs:6.0.0-mapr-SNAPSHOT(default) -> dependency: xerces:xercesImpl:2.9.1, scope: Compile, optional: false
09:37:02.884 [DEBUG] [io.spring.gradle.dependencymanagement.internal.VersionConfiguringAction] Processing dependency 'xerces:xercesImpl:2.9.1'
09:37:02.884 [DEBUG] [io.spring.gradle.dependencymanagement.internal.VersionConfiguringAction] No dependency management for dependency 'xerces:xercesImpl:2.9.1'
09:37:02.884 [DEBUG] [org.gradle.api.internal.artifacts.ivyservice.resolveengine.graph.DependencyGraphBuilder] Selecting new module version xerces:xercesImpl:2.9.1
09:37:02.884 [DEBUG] [org.gradle.api.internal.artifacts.ivyservice.ivyresolve.RepositoryChainComponentMetaDataResolver] Attempting to resolve component for xerces:xercesImpl:2.9.1 using repositories [MavenLocal, maven, maven2, maven3]
09:37:02.884 [DEBUG] [org.gradle.api.internal.artifacts.ivyservice.ivyresolve.RepositoryChainComponentMetaDataResolver] Using xerces:xercesImpl:2.9.1 from Maven repository 'MavenLocal'
09:37:02.884 [DEBUG] [org.gradle.api.internal.artifacts.ivyservice.resolveengine.graph.DependencyGraphBuilder] Visiting dependency com.mapr.hadoop:maprfs:6.0.0-mapr-SNAPSHOT(default) -> dependency: xalan:xalan:2.7.1, scope: Compile, optional: false
09:37:02.884 [DEBUG] [io.spring.gradle.dependencymanagement.internal.VersionConfiguringAction] Processing dependency 'xalan:xalan:2.7.1'
09:37:02.884 [DEBUG] [io.spring.gradle.dependencymanagement.internal.VersionConfiguringAction] No dependency management for dependency 'xalan:xalan:2.7.1'
09:37:02.884 [DEBUG] [org.gradle.api.internal.artifacts.ivyservice.resolveengine.graph.DependencyGraphBuilder] Selecting new module version xalan:xalan:2.7.1
09:37:02.884 [DEBUG] [org.gradle.api.internal.artifacts.ivyservice.ivyresolve.RepositoryChainComponentMetaDataResolver] Attempting to resolve component for xalan:xalan:2.7.1 using repositories [MavenLocal, maven, maven2, maven3]
09:37:02.885 [DEBUG] [org.gradle.api.internal.artifacts.repositories.resolver.DefaultExternalResourceArtifactResolver] Loading file:/Users/michaelmennis/.m2/repository/xalan/xalan/2.7.1/xalan-2.7.1.pom
09:37:02.885 [DEBUG] [org.gradle.api.internal.artifacts.ivyservice.ivyresolve.RepositoryChainComponentMetaDataResolver] Attempting to resolve component for org.apache:apache:4 using repositories [MavenLocal, maven, maven2, maven3]
09:37:02.886 [DEBUG] [org.gradle.api.internal.artifacts.ivyservice.ivyresolve.RepositoryChainComponentMetaDataResolver] Using org.apache:apache:4 from Maven repository 'MavenLocal'
09:37:02.887 [DEBUG] [org.gradle.api.internal.artifacts.repositories.resolver.DefaultExternalResourceArtifactResolver] Loading file:/Users/michaelmennis/.m2/repository/xalan/xalan/2.7.1/xalan-2.7.1.jar
09:37:02.887 [DEBUG] [org.gradle.api.internal.artifacts.repositories.resolver.ExternalResourceResolver] Metadata file found for module 'xalan:xalan:2.7.1' in repository 'MavenLocal'.
09:37:02.887 [DEBUG] [org.gradle.api.internal.artifacts.ivyservice.ivyresolve.RepositoryChainComponentMetaDataResolver] Using xalan:xalan:2.7.1 from Maven repository 'MavenLocal'
09:37:02.887 [DEBUG] [org.gradle.api.internal.artifacts.ivyservice.resolveengine.graph.DependencyGraphBuilder] Visiting dependency com.mapr.hadoop:maprfs:6.0.0-mapr-SNAPSHOT(default) -> dependency: org.yaml:snakeyaml:1.14, scope: Compile, optional: false
09:37:02.887 [DEBUG] [io.spring.gradle.dependencymanagement.internal.VersionConfiguringAction] Processing dependency 'org.yaml:snakeyaml:1.14'
09:37:02.887 [DEBUG] [io.spring.gradle.dependencymanagement.internal.DependencyManagementContainer] Found managed version '1.17' for dependency 'org.yaml:snakeyaml' in global dependency management
09:37:02.887 [DEBUG] [io.spring.gradle.dependencymanagement.internal.VersionConfiguringAction] Using version '1.17' for dependency 'org.yaml:snakeyaml:1.14'
09:37:02.887 [DEBUG] [org.gradle.api.internal.artifacts.ivyservice.resolveengine.graph.DependencyGraphBuilder] Selecting new module version org.yaml:snakeyaml:1.17
09:37:02.887 [DEBUG] [org.gradle.api.internal.artifacts.ivyservice.ivyresolve.RepositoryChainComponentMetaDataResolver] Attempting to resolve component for org.yaml:snakeyaml:1.17 using repositories [MavenLocal, maven, maven2, maven3]
09:37:02.887 [DEBUG] [org.gradle.api.internal.artifacts.repositories.resolver.DefaultExternalResourceArtifactResolver] Loading file:/Users/michaelmennis/.m2/repository/org/yaml/snakeyaml/1.17/snakeyaml-1.17.pom
09:37:02.887 [DEBUG] [org.gradle.api.internal.artifacts.repositories.resolver.DefaultExternalResourceArtifactResolver] Loading file:/Users/michaelmennis/.m2/repository/org/yaml/snakeyaml/1.17/snakeyaml-1.17.jar
09:37:02.887 [DEBUG] [org.gradle.api.internal.artifacts.repositories.resolver.ExternalResourceResolver] No meta-data file or artifact found for module 'org.yaml:snakeyaml:1.17' in repository 'MavenLocal'.
09:37:02.888 [DEBUG] [org.gradle.api.internal.artifacts.ivyservice.ivyresolve.CachingModuleComponentRepository] Using cached module metadata for module 'org.yaml:snakeyaml:1.17' in 'maven'
09:37:02.888 [DEBUG] [org.gradle.api.internal.artifacts.ivyservice.ivyresolve.RepositoryChainComponentMetaDataResolver] Using org.yaml:snakeyaml:1.17 from Maven repository 'maven'
09:37:02.888 [DEBUG] [org.gradle.api.internal.artifacts.ivyservice.resolveengine.graph.DependencyGraphBuilder] Visiting dependency com.mapr.hadoop:maprfs:6.0.0-mapr-SNAPSHOT(default) -> dependency: org.slf4j:slf4j-api:1.7.12, scope: Compile, optional: false
09:37:02.888 [DEBUG] [org.gradle.api.internal.artifacts.ivyservice.resolveengine.graph.DependencyGraphBuilder] Visiting configuration com.mapr.db:maprdb:6.0.0-mapr-SNAPSHOT(default).
09:37:02.888 [DEBUG] [org.gradle.api.internal.artifacts.ivyservice.resolveengine.graph.DependencyGraphBuilder] Visiting dependency com.mapr.db:maprdb:6.0.0-mapr-SNAPSHOT(default) -> dependency: org.ojai:ojai:2.0-SNAPSHOT, scope: Compile, optional: false
09:37:02.888 [DEBUG] [org.gradle.api.internal.artifacts.ivyservice.resolveengine.graph.DependencyGraphBuilder] Visiting dependency com.mapr.db:maprdb:6.0.0-mapr-SNAPSHOT(default) -> dependency: com.google.guava:guava:14.0.1, scope: Compile, optional: false
09:37:02.888 [DEBUG] [io.spring.gradle.dependencymanagement.internal.VersionConfiguringAction] Processing dependency 'com.google.guava:guava:14.0.1'
09:37:02.888 [DEBUG] [io.spring.gradle.dependencymanagement.internal.DependencyManagementContainer] Found managed version '18.0' for dependency 'com.google.guava:guava' in dependency management for configuration 'runtime'
09:37:02.888 [DEBUG] [io.spring.gradle.dependencymanagement.internal.VersionConfiguringAction] Using version '18.0' for dependency 'com.google.guava:guava:14.0.1'
09:37:02.888 [DEBUG] [org.gradle.api.internal.artifacts.ivyservice.resolveengine.graph.DependencyGraphBuilder] Visiting dependency com.mapr.db:maprdb:6.0.0-mapr-SNAPSHOT(default) -> dependency: com.mapr.hadoop:maprfs:6.0.0-mapr-SNAPSHOT, scope: Compile, optional: false
09:37:02.888 [DEBUG] [org.gradle.api.internal.artifacts.ivyservice.resolveengine.graph.DependencyGraphBuilder] Visiting dependency com.mapr.db:maprdb:6.0.0-mapr-SNAPSHOT(default) -> dependency: com.google.protobuf:protobuf-java:2.5.0, scope: Compile, optional: false
09:37:02.888 [DEBUG] [org.gradle.api.internal.artifacts.ivyservice.resolveengine.graph.DependencyGraphBuilder] Visiting dependency com.mapr.db:maprdb:6.0.0-mapr-SNAPSHOT(default) -> dependency: org.apache.hadoop:hadoop-common:2.7.0-mapr-1506-SNAPSHOT, scope: Compile, optional: false
09:37:02.888 [DEBUG] [org.gradle.api.internal.artifacts.ivyservice.resolveengine.graph.DependencyGraphBuilder] Visiting dependency com.mapr.db:maprdb:6.0.0-mapr-SNAPSHOT(default) -> dependency: com.fasterxml.jackson.core:jackson-databind:2.7.2, scope: Compile, optional: false
09:37:02.888 [DEBUG] [io.spring.gradle.dependencymanagement.internal.VersionConfiguringAction] Processing dependency 'com.fasterxml.jackson.core:jackson-databind:2.7.2'
09:37:02.888 [DEBUG] [io.spring.gradle.dependencymanagement.internal.DependencyManagementContainer] Found managed version '2.8.8' for dependency 'com.fasterxml.jackson.core:jackson-databind' in global dependency management
09:37:02.888 [DEBUG] [io.spring.gradle.dependencymanagement.internal.VersionConfiguringAction] Using version '2.8.8' for dependency 'com.fasterxml.jackson.core:jackson-databind:2.7.2'
09:37:02.889 [DEBUG] [org.gradle.api.internal.artifacts.ivyservice.resolveengine.graph.DependencyGraphBuilder] Visiting dependency com.mapr.db:maprdb:6.0.0-mapr-SNAPSHOT(default) -> dependency: com.fasterxml.jackson.core:jackson-annotations:2.7.2, scope: Compile, optional: false
09:37:02.889 [DEBUG] [io.spring.gradle.dependencymanagement.internal.VersionConfiguringAction] Processing dependency 'com.fasterxml.jackson.core:jackson-annotations:2.7.2'
09:37:02.889 [DEBUG] [io.spring.gradle.dependencymanagement.internal.DependencyManagementContainer] Found managed version '2.8.0' for dependency 'com.fasterxml.jackson.core:jackson-annotations' in global dependency management
09:37:02.889 [DEBUG] [io.spring.gradle.dependencymanagement.internal.VersionConfiguringAction] Using version '2.8.0' for dependency 'com.fasterxml.jackson.core:jackson-annotations:2.7.2'
09:37:02.889 [DEBUG] [org.gradle.api.internal.artifacts.ivyservice.resolveengine.graph.DependencyGraphBuilder] Visiting dependency com.mapr.db:maprdb:6.0.0-mapr-SNAPSHOT(default) -> dependency: org.slf4j:slf4j-api:1.7.12, scope: Compile, optional: false
09:37:02.889 [DEBUG] [org.gradle.api.internal.artifacts.ivyservice.resolveengine.graph.DependencyGraphBuilder] Visiting configuration ch.qos.logback:logback-classic:1.1.11(runtime).
09:37:02.889 [DEBUG] [org.gradle.api.internal.artifacts.ivyservice.resolveengine.graph.DependencyGraphBuilder] Visiting dependency ch.qos.logback:logback-classic:1.1.11(runtime) -> dependency: ch.qos.logback:logback-core:1.1.11, scope: Compile, optional: false
09:37:02.889 [DEBUG] [io.spring.gradle.dependencymanagement.internal.VersionConfiguringAction] Processing dependency 'ch.qos.logback:logback-core:1.1.11'
09:37:02.889 [DEBUG] [io.spring.gradle.dependencymanagement.internal.DependencyManagementContainer] Found managed version '1.1.11' for dependency 'ch.qos.logback:logback-core' in global dependency management
09:37:02.889 [DEBUG] [io.spring.gradle.dependencymanagement.internal.VersionConfiguringAction] Using version '1.1.11' for dependency 'ch.qos.logback:logback-core:1.1.11'
09:37:02.889 [DEBUG] [org.gradle.api.internal.artifacts.ivyservice.resolveengine.graph.DependencyGraphBuilder] Selecting new module version ch.qos.logback:logback-core:1.1.11
09:37:02.889 [DEBUG] [org.gradle.api.internal.artifacts.ivyservice.ivyresolve.RepositoryChainComponentMetaDataResolver] Attempting to resolve component for ch.qos.logback:logback-core:1.1.11 using repositories [MavenLocal, maven, maven2, maven3]
09:37:02.889 [DEBUG] [org.gradle.api.internal.artifacts.repositories.resolver.DefaultExternalResourceArtifactResolver] Loading file:/Users/michaelmennis/.m2/repository/ch/qos/logback/logback-core/1.1.11/logback-core-1.1.11.pom
09:37:02.889 [DEBUG] [org.gradle.api.internal.artifacts.repositories.resolver.DefaultExternalResourceArtifactResolver] Loading file:/Users/michaelmennis/.m2/repository/ch/qos/logback/logback-core/1.1.11/logback-core-1.1.11.jar
09:37:02.889 [DEBUG] [org.gradle.api.internal.artifacts.repositories.resolver.ExternalResourceResolver] No meta-data file or artifact found for module 'ch.qos.logback:logback-core:1.1.11' in repository 'MavenLocal'.
09:37:02.890 [DEBUG] [org.gradle.api.internal.artifacts.ivyservice.ivyresolve.CachingModuleComponentRepository] Using cached module metadata for module 'ch.qos.logback:logback-core:1.1.11' in 'maven'
09:37:02.890 [DEBUG] [org.gradle.api.internal.artifacts.ivyservice.ivyresolve.RepositoryChainComponentMetaDataResolver] Using ch.qos.logback:logback-core:1.1.11 from Maven repository 'maven'
09:37:02.890 [DEBUG] [org.gradle.api.internal.artifacts.ivyservice.resolveengine.graph.DependencyGraphBuilder] Visiting dependency ch.qos.logback:logback-classic:1.1.11(runtime) -> dependency: org.slf4j:slf4j-api:1.7.22, scope: Compile, optional: false
09:37:02.890 [DEBUG] [org.gradle.api.internal.artifacts.ivyservice.resolveengine.graph.DependencyGraphBuilder] Visiting configuration org.slf4j:jcl-over-slf4j:1.7.25(runtime).
09:37:02.890 [DEBUG] [org.gradle.api.internal.artifacts.ivyservice.resolveengine.graph.DependencyGraphBuilder] Visiting dependency org.slf4j:jcl-over-slf4j:1.7.25(runtime) -> dependency: org.slf4j:slf4j-api:1.7.25, scope: Compile, optional: false
09:37:02.890 [DEBUG] [io.spring.gradle.dependencymanagement.internal.VersionConfiguringAction] Processing dependency 'org.slf4j:slf4j-api:1.7.25'
09:37:02.890 [DEBUG] [io.spring.gradle.dependencymanagement.internal.DependencyManagementContainer] Found managed version '1.7.25' for dependency 'org.slf4j:slf4j-api' in global dependency management
09:37:02.890 [DEBUG] [io.spring.gradle.dependencymanagement.internal.VersionConfiguringAction] Using version '1.7.25' for dependency 'org.slf4j:slf4j-api:1.7.25'
09:37:02.890 [DEBUG] [org.gradle.api.internal.artifacts.ivyservice.resolveengine.graph.DependencyGraphBuilder] Visiting configuration org.slf4j:jul-to-slf4j:1.7.25(runtime).
09:37:02.890 [DEBUG] [org.gradle.api.internal.artifacts.ivyservice.resolveengine.graph.DependencyGraphBuilder] Visiting dependency org.slf4j:jul-to-slf4j:1.7.25(runtime) -> dependency: org.slf4j:slf4j-api:1.7.25, scope: Compile, optional: false
09:37:02.890 [DEBUG] [org.gradle.api.internal.artifacts.ivyservice.resolveengine.graph.DependencyGraphBuilder] Visiting configuration org.slf4j:log4j-over-slf4j:1.7.25(runtime).
09:37:02.890 [DEBUG] [org.gradle.api.internal.artifacts.ivyservice.resolveengine.graph.DependencyGraphBuilder] Visiting dependency org.slf4j:log4j-over-slf4j:1.7.25(runtime) -> dependency: org.slf4j:slf4j-api:1.7.25, scope: Compile, optional: false
09:37:02.890 [DEBUG] [org.gradle.api.internal.artifacts.ivyservice.resolveengine.graph.DependencyGraphBuilder] Visiting configuration org.springframework.boot:spring-boot:1.5.4.RELEASE(runtime).
09:37:02.891 [DEBUG] [org.gradle.api.internal.artifacts.ivyservice.resolveengine.graph.DependencyGraphBuilder] Visiting dependency org.springframework.boot:spring-boot:1.5.4.RELEASE(runtime) -> dependency: org.springframework:spring-core:4.3.9.RELEASE, scope: Compile, optional: false
09:37:02.891 [DEBUG] [org.gradle.api.internal.artifacts.ivyservice.resolveengine.graph.DependencyGraphBuilder] Visiting dependency org.springframework.boot:spring-boot:1.5.4.RELEASE(runtime) -> dependency: org.springframework:spring-context:4.3.9.RELEASE, scope: Compile, optional: false
09:37:02.891 [DEBUG] [org.gradle.api.internal.artifacts.ivyservice.resolveengine.graph.DependencyGraphBuilder] Visiting configuration org.codehaus.groovy:groovy:2.4.11(runtime).
09:37:02.891 [DEBUG] [org.gradle.api.internal.artifacts.ivyservice.resolveengine.graph.DependencyGraphBuilder] Visiting configuration org.slf4j:slf4j-api:1.7.25(runtime).
09:37:02.891 [DEBUG] [org.gradle.api.internal.artifacts.ivyservice.resolveengine.graph.DependencyGraphBuilder] Visiting configuration org.hibernate.javax.persistence:hibernate-jpa-2.1-api:1.0.0.Final(runtime).
09:37:02.891 [DEBUG] [org.gradle.api.internal.artifacts.ivyservice.resolveengine.graph.DependencyGraphBuilder] Visiting configuration com.googlecode.concurrentlinkedhashmap:concurrentlinkedhashmap-lru:1.4.2(runtime).
09:37:02.891 [DEBUG] [org.gradle.api.internal.artifacts.ivyservice.resolveengine.graph.DependencyGraphBuilder] Visiting configuration org.springframework:spring-core:4.3.9.RELEASE(runtime).
09:37:02.891 [DEBUG] [org.gradle.api.internal.artifacts.ivyservice.resolveengine.graph.DependencyGraphBuilder] Visiting dependency org.springframework:spring-core:4.3.9.RELEASE(runtime) -> dependency: commons-logging:commons-logging:1.2, scope: Compile, optional: false
09:37:02.891 [DEBUG] [io.spring.gradle.dependencymanagement.internal.VersionConfiguringAction] Processing dependency 'commons-logging:commons-logging:1.2'
09:37:02.891 [DEBUG] [io.spring.gradle.dependencymanagement.internal.VersionConfiguringAction] No dependency management for dependency 'commons-logging:commons-logging:1.2'
09:37:02.891 [DEBUG] [org.gradle.api.internal.artifacts.ivyservice.resolveengine.graph.DependencyGraphBuilder] Selecting new module version commons-logging:commons-logging:1.2
09:37:02.891 [DEBUG] [org.gradle.api.internal.artifacts.ivyservice.ivyresolve.RepositoryChainComponentMetaDataResolver] Attempting to resolve component for commons-logging:commons-logging:1.2 using repositories [MavenLocal, maven, maven2, maven3]
09:37:02.891 [DEBUG] [org.gradle.api.internal.artifacts.ivyservice.ivyresolve.RepositoryChainComponentMetaDataResolver] Using commons-logging:commons-logging:1.2 from Maven repository 'MavenLocal'
09:37:02.891 [DEBUG] [org.gradle.api.internal.artifacts.ivyservice.resolveengine.graph.DependencyGraphBuilder] Visiting configuration org.springframework:spring-tx:4.3.9.RELEASE(runtime).
09:37:02.891 [DEBUG] [org.gradle.api.internal.artifacts.ivyservice.resolveengine.graph.DependencyGraphBuilder] Visiting dependency org.springframework:spring-tx:4.3.9.RELEASE(runtime) -> dependency: org.springframework:spring-beans:4.3.9.RELEASE, scope: Compile, optional: false
09:37:02.891 [DEBUG] [org.gradle.api.internal.artifacts.ivyservice.resolveengine.graph.DependencyGraphBuilder] Visiting dependency org.springframework:spring-tx:4.3.9.RELEASE(runtime) -> dependency: org.springframework:spring-core:4.3.9.RELEASE, scope: Compile, optional: false
09:37:02.891 [DEBUG] [org.gradle.api.internal.artifacts.ivyservice.resolveengine.graph.DependencyGraphBuilder] Visiting configuration org.springframework:spring-beans:4.3.9.RELEASE(runtime).
09:37:02.891 [DEBUG] [org.gradle.api.internal.artifacts.ivyservice.resolveengine.graph.DependencyGraphBuilder] Visiting dependency org.springframework:spring-beans:4.3.9.RELEASE(runtime) -> dependency: org.springframework:spring-core:4.3.9.RELEASE, scope: Compile, optional: false
09:37:02.891 [DEBUG] [org.gradle.api.internal.artifacts.ivyservice.resolveengine.graph.DependencyGraphBuilder] Visiting configuration org.springframework:spring-context:4.3.9.RELEASE(runtime).
09:37:02.892 [DEBUG] [org.gradle.api.internal.artifacts.ivyservice.resolveengine.graph.DependencyGraphBuilder] Visiting dependency org.springframework:spring-context:4.3.9.RELEASE(runtime) -> dependency: org.springframework:spring-aop:4.3.9.RELEASE, scope: Compile, optional: false
09:37:02.892 [DEBUG] [io.spring.gradle.dependencymanagement.internal.VersionConfiguringAction] Processing dependency 'org.springframework:spring-aop:4.3.9.RELEASE'
09:37:02.892 [DEBUG] [io.spring.gradle.dependencymanagement.internal.DependencyManagementContainer] Found managed version '4.3.9.RELEASE' for dependency 'org.springframework:spring-aop' in global dependency management
09:37:02.892 [DEBUG] [io.spring.gradle.dependencymanagement.internal.VersionConfiguringAction] Using version '4.3.9.RELEASE' for dependency 'org.springframework:spring-aop:4.3.9.RELEASE'
09:37:02.892 [DEBUG] [org.gradle.api.internal.artifacts.ivyservice.resolveengine.graph.DependencyGraphBuilder] Selecting new module version org.springframework:spring-aop:4.3.9.RELEASE
09:37:02.892 [DEBUG] [org.gradle.api.internal.artifacts.ivyservice.ivyresolve.RepositoryChainComponentMetaDataResolver] Attempting to resolve component for org.springframework:spring-aop:4.3.9.RELEASE using repositories [MavenLocal, maven, maven2, maven3]
09:37:02.892 [DEBUG] [org.gradle.api.internal.artifacts.repositories.resolver.DefaultExternalResourceArtifactResolver] Loading file:/Users/michaelmennis/.m2/repository/org/springframework/spring-aop/4.3.9.RELEASE/spring-aop-4.3.9.RELEASE.pom
09:37:02.892 [DEBUG] [org.gradle.api.internal.artifacts.repositories.resolver.DefaultExternalResourceArtifactResolver] Loading file:/Users/michaelmennis/.m2/repository/org/springframework/spring-aop/4.3.9.RELEASE/spring-aop-4.3.9.RELEASE.jar
09:37:02.892 [DEBUG] [org.gradle.api.internal.artifacts.repositories.resolver.ExternalResourceResolver] No meta-data file or artifact found for module 'org.springframework:spring-aop:4.3.9.RELEASE' in repository 'MavenLocal'.
09:37:02.892 [DEBUG] [org.gradle.api.internal.artifacts.ivyservice.ivyresolve.CachingModuleComponentRepository] Using cached module metadata for module 'org.springframework:spring-aop:4.3.9.RELEASE' in 'maven'
09:37:02.892 [DEBUG] [org.gradle.api.internal.artifacts.ivyservice.ivyresolve.RepositoryChainComponentMetaDataResolver] Using org.springframework:spring-aop:4.3.9.RELEASE from Maven repository 'maven'
09:37:02.900 [DEBUG] [org.gradle.api.internal.artifacts.ivyservice.resolveengine.graph.DependencyGraphBuilder] Visiting dependency org.springframework:spring-context:4.3.9.RELEASE(runtime) -> dependency: org.springframework:spring-beans:4.3.9.RELEASE, scope: Compile, optional: false
09:37:02.900 [DEBUG] [org.gradle.api.internal.artifacts.ivyservice.resolveengine.graph.DependencyGraphBuilder] Visiting dependency org.springframework:spring-context:4.3.9.RELEASE(runtime) -> dependency: org.springframework:spring-core:4.3.9.RELEASE, scope: Compile, optional: false
09:37:02.900 [DEBUG] [org.gradle.api.internal.artifacts.ivyservice.resolveengine.graph.DependencyGraphBuilder] Visiting dependency org.springframework:spring-context:4.3.9.RELEASE(runtime) -> dependency: org.springframework:spring-expression:4.3.9.RELEASE, scope: Compile, optional: false
09:37:02.900 [DEBUG] [io.spring.gradle.dependencymanagement.internal.VersionConfiguringAction] Processing dependency 'org.springframework:spring-expression:4.3.9.RELEASE'
09:37:02.900 [DEBUG] [io.spring.gradle.dependencymanagement.internal.DependencyManagementContainer] Found managed version '4.3.9.RELEASE' for dependency 'org.springframework:spring-expression' in global dependency management
09:37:02.900 [DEBUG] [io.spring.gradle.dependencymanagement.internal.VersionConfiguringAction] Using version '4.3.9.RELEASE' for dependency 'org.springframework:spring-expression:4.3.9.RELEASE'
09:37:02.900 [DEBUG] [org.gradle.api.internal.artifacts.ivyservice.resolveengine.graph.DependencyGraphBuilder] Selecting new module version org.springframework:spring-expression:4.3.9.RELEASE
09:37:02.900 [DEBUG] [org.gradle.api.internal.artifacts.ivyservice.ivyresolve.RepositoryChainComponentMetaDataResolver] Attempting to resolve component for org.springframework:spring-expression:4.3.9.RELEASE using repositories [MavenLocal, maven, maven2, maven3]
09:37:02.900 [DEBUG] [org.gradle.api.internal.artifacts.repositories.resolver.DefaultExternalResourceArtifactResolver] Loading file:/Users/michaelmennis/.m2/repository/org/springframework/spring-expression/4.3.9.RELEASE/spring-expression-4.3.9.RELEASE.pom
09:37:02.900 [DEBUG] [org.gradle.api.internal.artifacts.repositories.resolver.DefaultExternalResourceArtifactResolver] Loading file:/Users/michaelmennis/.m2/repository/org/springframework/spring-expression/4.3.9.RELEASE/spring-expression-4.3.9.RELEASE.jar
09:37:02.900 [DEBUG] [org.gradle.api.internal.artifacts.repositories.resolver.ExternalResourceResolver] No meta-data file or artifact found for module 'org.springframework:spring-expression:4.3.9.RELEASE' in repository 'MavenLocal'.
09:37:02.901 [DEBUG] [org.gradle.api.internal.artifacts.ivyservice.ivyresolve.CachingModuleComponentRepository] Using cached module metadata for module 'org.springframework:spring-expression:4.3.9.RELEASE' in 'maven'
09:37:02.901 [DEBUG] [org.gradle.api.internal.artifacts.ivyservice.ivyresolve.RepositoryChainComponentMetaDataResolver] Using org.springframework:spring-expression:4.3.9.RELEASE from Maven repository 'maven'
09:37:02.901 [DEBUG] [org.gradle.api.internal.artifacts.ivyservice.resolveengine.graph.DependencyGraphBuilder] Visiting configuration org.grails:grails-bootstrap:3.3.0(runtime).
09:37:02.901 [DEBUG] [org.gradle.api.internal.artifacts.ivyservice.resolveengine.graph.DependencyGraphBuilder] Visiting dependency org.grails:grails-bootstrap:3.3.0(runtime) -> dependency: org.codehaus.groovy:groovy:2.4.11, scope: Runtime, optional: false
09:37:02.901 [DEBUG] [org.gradle.api.internal.artifacts.ivyservice.resolveengine.graph.DependencyGraphBuilder] Visiting dependency org.grails:grails-bootstrap:3.3.0(runtime) -> dependency: org.slf4j:slf4j-api:1.7.22, scope: Runtime, optional: false
09:37:02.901 [DEBUG] [org.gradle.api.internal.artifacts.ivyservice.resolveengine.graph.DependencyGraphBuilder] Visiting dependency org.grails:grails-bootstrap:3.3.0(runtime) -> dependency: org.slf4j:jcl-over-slf4j:1.7.22, scope: Runtime, optional: false
09:37:02.901 [DEBUG] [org.gradle.api.internal.artifacts.ivyservice.resolveengine.graph.DependencyGraphBuilder] Visiting dependency org.grails:grails-bootstrap:3.3.0(runtime) -> dependency: org.codehaus.groovy:groovy-xml:2.4.11, scope: Runtime, optional: false
09:37:02.901 [DEBUG] [io.spring.gradle.dependencymanagement.internal.VersionConfiguringAction] Processing dependency 'org.codehaus.groovy:groovy-xml:2.4.11'
09:37:02.901 [DEBUG] [io.spring.gradle.dependencymanagement.internal.DependencyManagementContainer] Found managed version '2.4.11' for dependency 'org.codehaus.groovy:groovy-xml' in global dependency management
09:37:02.901 [DEBUG] [io.spring.gradle.dependencymanagement.internal.VersionConfiguringAction] Using version '2.4.11' for dependency 'org.codehaus.groovy:groovy-xml:2.4.11'
09:37:02.901 [DEBUG] [org.gradle.api.internal.artifacts.ivyservice.resolveengine.graph.DependencyGraphBuilder] Selecting new module version org.codehaus.groovy:groovy-xml:2.4.11
09:37:02.901 [DEBUG] [org.gradle.api.internal.artifacts.ivyservice.ivyresolve.RepositoryChainComponentMetaDataResolver] Attempting to resolve component for org.codehaus.groovy:groovy-xml:2.4.11 using repositories [MavenLocal, maven, maven2, maven3]
09:37:02.901 [DEBUG] [org.gradle.api.internal.artifacts.ivyservice.ivyresolve.RepositoryChainComponentMetaDataResolver] Using org.codehaus.groovy:groovy-xml:2.4.11 from Maven repository 'maven'
09:37:02.902 [DEBUG] [org.gradle.api.internal.artifacts.ivyservice.resolveengine.graph.DependencyGraphBuilder] Visiting dependency org.grails:grails-bootstrap:3.3.0(runtime) -> dependency: org.codehaus.groovy:groovy-templates:2.4.11, scope: Runtime, optional: false
09:37:02.902 [DEBUG] [io.spring.gradle.dependencymanagement.internal.VersionConfiguringAction] Processing dependency 'org.codehaus.groovy:groovy-templates:2.4.11'
09:37:02.902 [DEBUG] [io.spring.gradle.dependencymanagement.internal.DependencyManagementContainer] Found managed version '2.4.11' for dependency 'org.codehaus.groovy:groovy-templates' in global dependency management
09:37:02.902 [DEBUG] [io.spring.gradle.dependencymanagement.internal.VersionConfiguringAction] Using version '2.4.11' for dependency 'org.codehaus.groovy:groovy-templates:2.4.11'
09:37:02.902 [DEBUG] [org.gradle.api.internal.artifacts.ivyservice.resolveengine.graph.DependencyGraphBuilder] Selecting new module version org.codehaus.groovy:groovy-templates:2.4.11
09:37:02.902 [DEBUG] [org.gradle.api.internal.artifacts.ivyservice.ivyresolve.RepositoryChainComponentMetaDataResolver] Attempting to resolve component for org.codehaus.groovy:groovy-templates:2.4.11 using repositories [MavenLocal, maven, maven2, maven3]
09:37:02.902 [DEBUG] [org.gradle.api.internal.artifacts.ivyservice.ivyresolve.RepositoryChainComponentMetaDataResolver] Using org.codehaus.groovy:groovy-templates:2.4.11 from Maven repository 'maven'
09:37:02.902 [DEBUG] [org.gradle.api.internal.artifacts.ivyservice.resolveengine.graph.DependencyGraphBuilder] Visiting dependency org.grails:grails-bootstrap:3.3.0(runtime) -> dependency: org.yaml:snakeyaml:1.14, scope: Runtime, optional: false
09:37:02.902 [DEBUG] [org.gradle.api.internal.artifacts.ivyservice.resolveengine.graph.DependencyGraphBuilder] Visiting configuration org.grails:grails-spring:3.3.0(runtime).
09:37:02.902 [DEBUG] [org.gradle.api.internal.artifacts.ivyservice.resolveengine.graph.DependencyGraphBuilder] org.springframework:spring-tx is excluded from org.grails:grails-spring:3.3.0(runtime).
09:37:02.902 [DEBUG] [org.gradle.api.internal.artifacts.ivyservice.resolveengine.graph.DependencyGraphBuilder] org.springframework:spring-web is excluded from org.grails:grails-spring:3.3.0(runtime).
09:37:02.902 [DEBUG] [org.gradle.api.internal.artifacts.ivyservice.resolveengine.graph.DependencyGraphBuilder] org.grails:grails-bootstrap is excluded from org.grails:grails-spring:3.3.0(runtime).
09:37:02.902 [DEBUG] [org.gradle.api.internal.artifacts.ivyservice.resolveengine.graph.DependencyGraphBuilder] Visiting dependency org.grails:grails-spring:3.3.0(runtime) -> dependency: org.codehaus.groovy:groovy:2.4.11, scope: Runtime, optional: false
09:37:02.902 [DEBUG] [org.gradle.api.internal.artifacts.ivyservice.resolveengine.graph.DependencyGraphBuilder] Visiting dependency org.grails:grails-spring:3.3.0(runtime) -> dependency: org.slf4j:slf4j-api:1.7.22, scope: Runtime, optional: false
09:37:02.902 [DEBUG] [org.gradle.api.internal.artifacts.ivyservice.resolveengine.graph.DependencyGraphBuilder] Visiting dependency org.grails:grails-spring:3.3.0(runtime) -> dependency: org.slf4j:jcl-over-slf4j:1.7.22, scope: Runtime, optional: false
09:37:02.902 [DEBUG] [org.gradle.api.internal.artifacts.ivyservice.resolveengine.graph.DependencyGraphBuilder] Visiting configuration org.grails:grails-datastore-core:6.1.6.RELEASE(runtime).
09:37:02.902 [DEBUG] [org.gradle.api.internal.artifacts.ivyservice.resolveengine.graph.DependencyGraphBuilder] Visiting dependency org.grails:grails-datastore-core:6.1.6.RELEASE(runtime) -> dependency: org.codehaus.groovy:groovy:2.4.11, scope: Runtime, optional: false
09:37:02.902 [DEBUG] [org.gradle.api.internal.artifacts.ivyservice.resolveengine.graph.DependencyGraphBuilder] Visiting dependency org.grails:grails-datastore-core:6.1.6.RELEASE(runtime) -> dependency: com.googlecode.concurrentlinkedhashmap:concurrentlinkedhashmap-lru:1.4.2, scope: Runtime, optional: false
09:37:02.902 [DEBUG] [org.gradle.api.internal.artifacts.ivyservice.resolveengine.graph.DependencyGraphBuilder] Visiting dependency org.grails:grails-datastore-core:6.1.6.RELEASE(runtime) -> dependency: org.springframework:spring-core:4.3.9.RELEASE, scope: Runtime, optional: false
09:37:02.903 [DEBUG] [org.gradle.api.internal.artifacts.ivyservice.resolveengine.graph.DependencyGraphBuilder] Visiting dependency org.grails:grails-datastore-core:6.1.6.RELEASE(runtime) -> dependency: org.springframework:spring-beans:4.3.9.RELEASE, scope: Runtime, optional: false
09:37:02.903 [DEBUG] [org.gradle.api.internal.artifacts.ivyservice.resolveengine.graph.DependencyGraphBuilder] Visiting dependency org.grails:grails-datastore-core:6.1.6.RELEASE(runtime) -> dependency: org.springframework:spring-tx:4.3.9.RELEASE, scope: Runtime, optional: false
09:37:02.903 [DEBUG] [org.gradle.api.internal.artifacts.ivyservice.resolveengine.graph.DependencyGraphBuilder] Visiting dependency org.grails:grails-datastore-core:6.1.6.RELEASE(runtime) -> dependency: org.springframework:spring-context:4.3.9.RELEASE, scope: Runtime, optional: false
09:37:02.903 [DEBUG] [org.gradle.api.internal.artifacts.ivyservice.resolveengine.graph.DependencyGraphBuilder] Visiting dependency org.grails:grails-datastore-core:6.1.6.RELEASE(runtime) -> dependency: org.hibernate.javax.persistence:hibernate-jpa-2.1-api:1.0.0.Final, scope: Runtime, optional: false
09:37:02.903 [DEBUG] [org.gradle.api.internal.artifacts.ivyservice.resolveengine.graph.DependencyGraphBuilder] Visiting dependency org.grails:grails-datastore-core:6.1.6.RELEASE(runtime) -> dependency: org.javassist:javassist:3.21.0-GA, scope: Runtime, optional: false
09:37:02.903 [DEBUG] [io.spring.gradle.dependencymanagement.internal.VersionConfiguringAction] Processing dependency 'org.javassist:javassist:3.21.0-GA'
09:37:02.903 [DEBUG] [io.spring.gradle.dependencymanagement.internal.DependencyManagementContainer] Found managed version '3.21.0-GA' for dependency 'org.javassist:javassist' in global dependency management
09:37:02.903 [DEBUG] [io.spring.gradle.dependencymanagement.internal.VersionConfiguringAction] Using version '3.21.0-GA' for dependency 'org.javassist:javassist:3.21.0-GA'
09:37:02.904 [DEBUG] [org.gradle.api.internal.artifacts.ivyservice.resolveengine.graph.DependencyGraphBuilder] Visiting dependency org.grails:grails-datastore-core:6.1.6.RELEASE(runtime) -> dependency: javax.transaction:jta:1.1, scope: Runtime, optional: false
09:37:02.904 [DEBUG] [io.spring.gradle.dependencymanagement.internal.VersionConfiguringAction] Processing dependency 'javax.transaction:jta:1.1'
09:37:02.904 [DEBUG] [io.spring.gradle.dependencymanagement.internal.VersionConfiguringAction] No dependency management for dependency 'javax.transaction:jta:1.1'
09:37:02.904 [DEBUG] [org.gradle.api.internal.artifacts.ivyservice.resolveengine.graph.DependencyGraphBuilder] Selecting new module version javax.transaction:jta:1.1
09:37:02.904 [DEBUG] [org.gradle.api.internal.artifacts.ivyservice.ivyresolve.RepositoryChainComponentMetaDataResolver] Attempting to resolve component for javax.transaction:jta:1.1 using repositories [MavenLocal, maven, maven2, maven3]
09:37:02.904 [DEBUG] [org.gradle.api.internal.artifacts.ivyservice.ivyresolve.RepositoryChainComponentMetaDataResolver] Using javax.transaction:jta:1.1 from Maven repository 'MavenLocal'
09:37:02.904 [DEBUG] [org.gradle.api.internal.artifacts.ivyservice.resolveengine.graph.DependencyGraphBuilder] Visiting dependency org.grails:grails-datastore-core:6.1.6.RELEASE(runtime) -> dependency: org.slf4j:slf4j-api:1.7.22, scope: Runtime, optional: false
09:37:02.904 [DEBUG] [org.gradle.api.internal.artifacts.ivyservice.resolveengine.graph.DependencyGraphBuilder] Visiting dependency org.grails:grails-datastore-core:6.1.6.RELEASE(runtime) -> dependency: org.slf4j:jcl-over-slf4j:1.7.22, scope: Runtime, optional: false
09:37:02.904 [DEBUG] [org.gradle.api.internal.artifacts.ivyservice.resolveengine.graph.DependencyGraphBuilder] Visiting configuration xalan:serializer:2.7.2(runtime).
09:37:02.904 [DEBUG] [org.gradle.api.internal.artifacts.ivyservice.resolveengine.graph.DependencyGraphBuilder] xml-apis:xml-apis is excluded from xalan:serializer:2.7.2(runtime).
09:37:02.904 [DEBUG] [org.gradle.api.internal.artifacts.ivyservice.resolveengine.graph.DependencyGraphBuilder] Visiting configuration org.springframework.boot:spring-boot-starter:1.5.4.RELEASE(runtime).
09:37:02.904 [DEBUG] [org.gradle.api.internal.artifacts.ivyservice.resolveengine.graph.DependencyGraphBuilder] Visiting dependency org.springframework.boot:spring-boot-starter:1.5.4.RELEASE(runtime) -> dependency: org.springframework.boot:spring-boot:1.5.4.RELEASE, scope: Compile, optional: false
09:37:02.904 [DEBUG] [org.gradle.api.internal.artifacts.ivyservice.resolveengine.graph.DependencyGraphBuilder] Visiting dependency org.springframework.boot:spring-boot-starter:1.5.4.RELEASE(runtime) -> dependency: org.springframework.boot:spring-boot-autoconfigure:1.5.4.RELEASE, scope: Compile, optional: false
09:37:02.904 [DEBUG] [io.spring.gradle.dependencymanagement.internal.VersionConfiguringAction] Processing dependency 'org.springframework.boot:spring-boot-autoconfigure:1.5.4.RELEASE'
09:37:02.904 [DEBUG] [io.spring.gradle.dependencymanagement.internal.DependencyManagementContainer] Found managed version '1.5.4.RELEASE' for dependency 'org.springframework.boot:spring-boot-autoconfigure' in global dependency management
09:37:02.904 [DEBUG] [io.spring.gradle.dependencymanagement.internal.VersionConfiguringAction] Using version '1.5.4.RELEASE' for dependency 'org.springframework.boot:spring-boot-autoconfigure:1.5.4.RELEASE'
09:37:02.904 [DEBUG] [org.gradle.api.internal.artifacts.ivyservice.resolveengine.graph.DependencyGraphBuilder] Visiting dependency org.springframework.boot:spring-boot-starter:1.5.4.RELEASE(runtime) -> dependency: org.springframework.boot:spring-boot-starter-logging:1.5.4.RELEASE, scope: Compile, optional: false
09:37:02.904 [DEBUG] [io.spring.gradle.dependencymanagement.internal.VersionConfiguringAction] Processing dependency 'org.springframework.boot:spring-boot-starter-logging:1.5.4.RELEASE'
09:37:02.904 [DEBUG] [io.spring.gradle.dependencymanagement.internal.DependencyManagementContainer] Found managed version '1.5.4.RELEASE' for dependency 'org.springframework.boot:spring-boot-starter-logging' in global dependency management
09:37:02.905 [DEBUG] [io.spring.gradle.dependencymanagement.internal.VersionConfiguringAction] Using version '1.5.4.RELEASE' for dependency 'org.springframework.boot:spring-boot-starter-logging:1.5.4.RELEASE'
09:37:02.905 [DEBUG] [org.gradle.api.internal.artifacts.ivyservice.resolveengine.graph.DependencyGraphBuilder] Visiting dependency org.springframework.boot:spring-boot-starter:1.5.4.RELEASE(runtime) -> dependency: org.springframework:spring-core:4.3.9.RELEASE, scope: Compile, optional: false
09:37:02.905 [DEBUG] [org.gradle.api.internal.artifacts.ivyservice.resolveengine.graph.DependencyGraphBuilder] Visiting dependency org.springframework.boot:spring-boot-starter:1.5.4.RELEASE(runtime) -> dependency: org.yaml:snakeyaml:1.17, scope: Runtime, optional: false
09:37:02.905 [DEBUG] [io.spring.gradle.dependencymanagement.internal.VersionConfiguringAction] Processing dependency 'org.yaml:snakeyaml:1.17'
09:37:02.905 [DEBUG] [io.spring.gradle.dependencymanagement.internal.DependencyManagementContainer] Found managed version '1.17' for dependency 'org.yaml:snakeyaml' in global dependency management
09:37:02.905 [DEBUG] [io.spring.gradle.dependencymanagement.internal.VersionConfiguringAction] Using version '1.17' for dependency 'org.yaml:snakeyaml:1.17'
09:37:02.905 [DEBUG] [org.gradle.api.internal.artifacts.ivyservice.resolveengine.graph.DependencyGraphBuilder] Visiting configuration org.springframework.boot:spring-boot-actuator:1.5.4.RELEASE(runtime).
09:37:02.905 [DEBUG] [org.gradle.api.internal.artifacts.ivyservice.resolveengine.graph.DependencyGraphBuilder] Visiting dependency org.springframework.boot:spring-boot-actuator:1.5.4.RELEASE(runtime) -> dependency: org.springframework.boot:spring-boot:1.5.4.RELEASE, scope: Compile, optional: false
09:37:02.905 [DEBUG] [org.gradle.api.internal.artifacts.ivyservice.resolveengine.graph.DependencyGraphBuilder] Visiting dependency org.springframework.boot:spring-boot-actuator:1.5.4.RELEASE(runtime) -> dependency: org.springframework.boot:spring-boot-autoconfigure:1.5.4.RELEASE, scope: Compile, optional: false
09:37:02.905 [DEBUG] [org.gradle.api.internal.artifacts.ivyservice.resolveengine.graph.DependencyGraphBuilder] Visiting dependency org.springframework.boot:spring-boot-actuator:1.5.4.RELEASE(runtime) -> dependency: com.fasterxml.jackson.core:jackson-databind:2.8.8, scope: Compile, optional: false
09:37:02.905 [DEBUG] [io.spring.gradle.dependencymanagement.internal.VersionConfiguringAction] Processing dependency 'com.fasterxml.jackson.core:jackson-databind:2.8.8'
09:37:02.905 [DEBUG] [io.spring.gradle.dependencymanagement.internal.DependencyManagementContainer] Found managed version '2.8.8' for dependency 'com.fasterxml.jackson.core:jackson-databind' in global dependency management
09:37:02.905 [DEBUG] [io.spring.gradle.dependencymanagement.internal.VersionConfiguringAction] Using version '2.8.8' for dependency 'com.fasterxml.jackson.core:jackson-databind:2.8.8'
09:37:02.906 [DEBUG] [org.gradle.api.internal.artifacts.ivyservice.resolveengine.graph.DependencyGraphBuilder] Visiting dependency org.springframework.boot:spring-boot-actuator:1.5.4.RELEASE(runtime) -> dependency: org.springframework:spring-core:4.3.9.RELEASE, scope: Compile, optional: false
09:37:02.906 [DEBUG] [org.gradle.api.internal.artifacts.ivyservice.resolveengine.graph.DependencyGraphBuilder] Visiting dependency org.springframework.boot:spring-boot-actuator:1.5.4.RELEASE(runtime) -> dependency: org.springframework:spring-context:4.3.9.RELEASE, scope: Compile, optional: false
09:37:02.906 [DEBUG] [org.gradle.api.internal.artifacts.ivyservice.resolveengine.graph.DependencyGraphBuilder] Visiting configuration org.apache.tomcat.embed:tomcat-embed-core:8.5.15(runtime).
09:37:02.906 [DEBUG] [org.gradle.api.internal.artifacts.ivyservice.resolveengine.graph.DependencyGraphBuilder] Visiting configuration org.apache.tomcat.embed:tomcat-embed-el:8.5.15(runtime).
09:37:02.906 [DEBUG] [org.gradle.api.internal.artifacts.ivyservice.resolveengine.graph.DependencyGraphBuilder] Visiting configuration org.apache.tomcat.embed:tomcat-embed-websocket:8.5.15(runtime).
09:37:02.906 [DEBUG] [org.gradle.api.internal.artifacts.ivyservice.resolveengine.graph.DependencyGraphBuilder] Visiting dependency org.apache.tomcat.embed:tomcat-embed-websocket:8.5.15(runtime) -> dependency: org.apache.tomcat.embed:tomcat-embed-core:8.5.15, scope: Compile, optional: false
09:37:02.906 [DEBUG] [org.gradle.api.internal.artifacts.ivyservice.resolveengine.graph.DependencyGraphBuilder] Visiting configuration org.grails:grails-web-common:3.3.0(runtime).
09:37:02.906 [DEBUG] [org.gradle.api.internal.artifacts.ivyservice.resolveengine.graph.DependencyGraphBuilder] Visiting dependency org.grails:grails-web-common:3.3.0(runtime) -> dependency: org.codehaus.groovy:groovy:2.4.11, scope: Runtime, optional: false
09:37:02.906 [DEBUG] [org.gradle.api.internal.artifacts.ivyservice.resolveengine.graph.DependencyGraphBuilder] Visiting dependency org.grails:grails-web-common:3.3.0(runtime) -> dependency: org.slf4j:slf4j-api:1.7.22, scope: Runtime, optional: false
09:37:02.906 [DEBUG] [org.gradle.api.internal.artifacts.ivyservice.resolveengine.graph.DependencyGraphBuilder] Visiting dependency org.grails:grails-web-common:3.3.0(runtime) -> dependency: org.slf4j:jcl-over-slf4j:1.7.22, scope: Runtime, optional: false
09:37:02.906 [DEBUG] [org.gradle.api.internal.artifacts.ivyservice.resolveengine.graph.DependencyGraphBuilder] Visiting dependency org.grails:grails-web-common:3.3.0(runtime) -> dependency: org.grails:grails-core:3.3.0, scope: Runtime, optional: false
09:37:02.906 [DEBUG] [org.gradle.api.internal.artifacts.ivyservice.resolveengine.graph.DependencyGraphBuilder] Visiting dependency org.grails:grails-web-common:3.3.0(runtime) -> dependency: org.grails:grails-databinding:3.3.0, scope: Runtime, optional: false
09:37:02.906 [DEBUG] [io.spring.gradle.dependencymanagement.internal.VersionConfiguringAction] Processing dependency 'org.grails:grails-databinding:3.3.0'
09:37:02.912 [DEBUG] [io.spring.gradle.dependencymanagement.internal.DependencyManagementContainer] Found managed version '3.3.0' for dependency 'org.grails:grails-databinding' in global dependency management
09:37:02.912 [DEBUG] [io.spring.gradle.dependencymanagement.internal.VersionConfiguringAction] Using version '3.3.0' for dependency 'org.grails:grails-databinding:3.3.0'
09:37:02.912 [DEBUG] [org.gradle.api.internal.artifacts.ivyservice.resolveengine.graph.DependencyGraphBuilder] Selecting new module version org.grails:grails-databinding:3.3.0
09:37:02.912 [DEBUG] [org.gradle.api.internal.artifacts.ivyservice.ivyresolve.RepositoryChainComponentMetaDataResolver] Attempting to resolve component for org.grails:grails-databinding:3.3.0 using repositories [MavenLocal, maven, maven2, maven3]
09:37:02.912 [DEBUG] [org.gradle.api.internal.artifacts.repositories.resolver.DefaultExternalResourceArtifactResolver] Loading file:/Users/michaelmennis/.m2/repository/org/grails/grails-databinding/3.3.0/grails-databinding-3.3.0.pom
09:37:02.912 [DEBUG] [org.gradle.api.internal.artifacts.repositories.resolver.DefaultExternalResourceArtifactResolver] Loading file:/Users/michaelmennis/.m2/repository/org/grails/grails-databinding/3.3.0/grails-databinding-3.3.0.jar
09:37:02.912 [DEBUG] [org.gradle.api.internal.artifacts.repositories.resolver.ExternalResourceResolver] No meta-data file or artifact found for module 'org.grails:grails-databinding:3.3.0' in repository 'MavenLocal'.
09:37:02.913 [DEBUG] [org.gradle.api.internal.artifacts.ivyservice.ivyresolve.CachingModuleComponentRepository] Using cached module metadata for module 'org.grails:grails-databinding:3.3.0' in 'maven'
09:37:02.924 [DEBUG] [org.gradle.api.internal.artifacts.ivyservice.ivyresolve.RepositoryChainComponentMetaDataResolver] Using org.grails:grails-databinding:3.3.0 from Maven repository 'maven'
09:37:02.924 [DEBUG] [org.gradle.api.internal.artifacts.ivyservice.resolveengine.graph.DependencyGraphBuilder] Visiting dependency org.grails:grails-web-common:3.3.0(runtime) -> dependency: org.grails:grails-encoder:3.3.0, scope: Runtime, optional: false
09:37:02.924 [DEBUG] [io.spring.gradle.dependencymanagement.internal.VersionConfiguringAction] Processing dependency 'org.grails:grails-encoder:3.3.0'
09:37:02.924 [DEBUG] [io.spring.gradle.dependencymanagement.internal.DependencyManagementContainer] Found managed version '3.3.0' for dependency 'org.grails:grails-encoder' in global dependency management
09:37:02.924 [DEBUG] [io.spring.gradle.dependencymanagement.internal.VersionConfiguringAction] Using version '3.3.0' for dependency 'org.grails:grails-encoder:3.3.0'
09:37:02.924 [DEBUG] [org.gradle.api.internal.artifacts.ivyservice.resolveengine.graph.DependencyGraphBuilder] Selecting new module version org.grails:grails-encoder:3.3.0
09:37:02.924 [DEBUG] [org.gradle.api.internal.artifacts.ivyservice.ivyresolve.RepositoryChainComponentMetaDataResolver] Attempting to resolve component for org.grails:grails-encoder:3.3.0 using repositories [MavenLocal, maven, maven2, maven3]
09:37:02.924 [DEBUG] [org.gradle.api.internal.artifacts.repositories.resolver.DefaultExternalResourceArtifactResolver] Loading file:/Users/michaelmennis/.m2/repository/org/grails/grails-encoder/3.3.0/grails-encoder-3.3.0.pom
09:37:02.924 [DEBUG] [org.gradle.api.internal.artifacts.repositories.resolver.DefaultExternalResourceArtifactResolver] Loading file:/Users/michaelmennis/.m2/repository/org/grails/grails-encoder/3.3.0/grails-encoder-3.3.0.jar
09:37:02.924 [DEBUG] [org.gradle.api.internal.artifacts.repositories.resolver.ExternalResourceResolver] No meta-data file or artifact found for module 'org.grails:grails-encoder:3.3.0' in repository 'MavenLocal'.
09:37:02.925 [DEBUG] [org.gradle.api.internal.artifacts.ivyservice.ivyresolve.CachingModuleComponentRepository] Using cached module metadata for module 'org.grails:grails-encoder:3.3.0' in 'maven'
09:37:02.925 [DEBUG] [org.gradle.api.internal.artifacts.ivyservice.ivyresolve.RepositoryChainComponentMetaDataResolver] Using org.grails:grails-encoder:3.3.0 from Maven repository 'maven'
09:37:02.925 [DEBUG] [org.gradle.api.internal.artifacts.ivyservice.resolveengine.graph.DependencyGraphBuilder] Visiting dependency org.grails:grails-web-common:3.3.0(runtime) -> dependency: org.grails:grails-gsp:3.3.0, scope: Runtime, optional: false
09:37:02.925 [DEBUG] [io.spring.gradle.dependencymanagement.internal.VersionConfiguringAction] Processing dependency 'org.grails:grails-gsp:3.3.0'
09:37:02.925 [DEBUG] [io.spring.gradle.dependencymanagement.internal.VersionConfiguringAction] No dependency management for dependency 'org.grails:grails-gsp:3.3.0'
09:37:02.925 [DEBUG] [org.gradle.api.internal.artifacts.ivyservice.resolveengine.graph.DependencyGraphBuilder] Selecting new module version org.grails:grails-gsp:3.3.0
09:37:02.926 [DEBUG] [org.gradle.api.internal.artifacts.ivyservice.ivyresolve.RepositoryChainComponentMetaDataResolver] Attempting to resolve component for org.grails:grails-gsp:3.3.0 using repositories [MavenLocal, maven, maven2, maven3]
09:37:02.926 [DEBUG] [org.gradle.api.internal.artifacts.repositories.resolver.DefaultExternalResourceArtifactResolver] Loading file:/Users/michaelmennis/.m2/repository/org/grails/grails-gsp/3.3.0/grails-gsp-3.3.0.pom
09:37:02.926 [DEBUG] [org.gradle.api.internal.artifacts.repositories.resolver.DefaultExternalResourceArtifactResolver] Loading file:/Users/michaelmennis/.m2/repository/org/grails/grails-gsp/3.3.0/grails-gsp-3.3.0.jar
09:37:02.926 [DEBUG] [org.gradle.api.internal.artifacts.repositories.resolver.ExternalResourceResolver] No meta-data file or artifact found for module 'org.grails:grails-gsp:3.3.0' in repository 'MavenLocal'.
09:37:02.926 [DEBUG] [org.gradle.api.internal.artifacts.ivyservice.ivyresolve.CachingModuleComponentRepository] Using cached module metadata for module 'org.grails:grails-gsp:3.3.0' in 'maven'
09:37:02.926 [DEBUG] [org.gradle.api.internal.artifacts.ivyservice.ivyresolve.RepositoryChainComponentMetaDataResolver] Using org.grails:grails-gsp:3.3.0 from Maven repository 'maven'
09:37:02.926 [DEBUG] [org.gradle.api.internal.artifacts.ivyservice.resolveengine.graph.DependencyGraphBuilder] Visiting dependency org.grails:grails-web-common:3.3.0(runtime) -> dependency: org.codehaus.groovy:groovy-templates:2.4.11, scope: Runtime, optional: false
09:37:02.926 [DEBUG] [org.gradle.api.internal.artifacts.ivyservice.resolveengine.graph.DependencyGraphBuilder] Visiting dependency org.grails:grails-web-common:3.3.0(runtime) -> dependency: org.springframework:spring-webmvc:4.3.9.RELEASE, scope: Runtime, optional: false
09:37:02.926 [DEBUG] [io.spring.gradle.dependencymanagement.internal.VersionConfiguringAction] Processing dependency 'org.springframework:spring-webmvc:4.3.9.RELEASE'
09:37:02.926 [DEBUG] [io.spring.gradle.dependencymanagement.internal.DependencyManagementContainer] Found managed version '4.3.9.RELEASE' for dependency 'org.springframework:spring-webmvc' in global dependency management
09:37:02.927 [DEBUG] [io.spring.gradle.dependencymanagement.internal.VersionConfiguringAction] Using version '4.3.9.RELEASE' for dependency 'org.springframework:spring-webmvc:4.3.9.RELEASE'
09:37:02.927 [DEBUG] [org.gradle.api.internal.artifacts.ivyservice.resolveengine.graph.DependencyGraphBuilder] Selecting new module version org.springframework:spring-webmvc:4.3.9.RELEASE
09:37:02.927 [DEBUG] [org.gradle.api.internal.artifacts.ivyservice.ivyresolve.RepositoryChainComponentMetaDataResolver] Attempting to resolve component for org.springframework:spring-webmvc:4.3.9.RELEASE using repositories [MavenLocal, maven, maven2, maven3]
09:37:02.927 [DEBUG] [org.gradle.api.internal.artifacts.repositories.resolver.DefaultExternalResourceArtifactResolver] Loading file:/Users/michaelmennis/.m2/repository/org/springframework/spring-webmvc/4.3.9.RELEASE/spring-webmvc-4.3.9.RELEASE.pom
09:37:02.927 [DEBUG] [org.gradle.api.internal.artifacts.repositories.resolver.DefaultExternalResourceArtifactResolver] Loading file:/Users/michaelmennis/.m2/repository/org/springframework/spring-webmvc/4.3.9.RELEASE/spring-webmvc-4.3.9.RELEASE.jar
09:37:02.927 [DEBUG] [org.gradle.api.internal.artifacts.repositories.resolver.ExternalResourceResolver] No meta-data file or artifact found for module 'org.springframework:spring-webmvc:4.3.9.RELEASE' in repository 'MavenLocal'.
09:37:02.927 [DEBUG] [org.gradle.api.internal.artifacts.ivyservice.ivyresolve.CachingModuleComponentRepository] Using cached module metadata for module 'org.springframework:spring-webmvc:4.3.9.RELEASE' in 'maven'
09:37:02.927 [DEBUG] [org.gradle.api.internal.artifacts.ivyservice.ivyresolve.RepositoryChainComponentMetaDataResolver] Using org.springframework:spring-webmvc:4.3.9.RELEASE from Maven repository 'maven'
09:37:02.928 [DEBUG] [org.gradle.api.internal.artifacts.ivyservice.resolveengine.graph.DependencyGraphBuilder] Visiting dependency org.grails:grails-web-common:3.3.0(runtime) -> dependency: org.springframework:spring-context-support:4.3.9.RELEASE, scope: Runtime, optional: false
09:37:02.928 [DEBUG] [io.spring.gradle.dependencymanagement.internal.VersionConfiguringAction] Processing dependency 'org.springframework:spring-context-support:4.3.9.RELEASE'
09:37:02.928 [DEBUG] [io.spring.gradle.dependencymanagement.internal.DependencyManagementContainer] Found managed version '4.3.9.RELEASE' for dependency 'org.springframework:spring-context-support' in global dependency management
09:37:02.928 [DEBUG] [io.spring.gradle.dependencymanagement.internal.VersionConfiguringAction] Using version '4.3.9.RELEASE' for dependency 'org.springframework:spring-context-support:4.3.9.RELEASE'
09:37:02.928 [DEBUG] [org.gradle.api.internal.artifacts.ivyservice.resolveengine.graph.DependencyGraphBuilder] Selecting new module version org.springframework:spring-context-support:4.3.9.RELEASE
09:37:02.928 [DEBUG] [org.gradle.api.internal.artifacts.ivyservice.ivyresolve.RepositoryChainComponentMetaDataResolver] Attempting to resolve component for org.springframework:spring-context-support:4.3.9.RELEASE using repositories [MavenLocal, maven, maven2, maven3]
09:37:02.928 [DEBUG] [org.gradle.api.internal.artifacts.repositories.resolver.DefaultExternalResourceArtifactResolver] Loading file:/Users/michaelmennis/.m2/repository/org/springframework/spring-context-support/4.3.9.RELEASE/spring-context-support-4.3.9.RELEASE.pom
09:37:02.928 [DEBUG] [org.gradle.api.internal.artifacts.repositories.resolver.DefaultExternalResourceArtifactResolver] Loading file:/Users/michaelmennis/.m2/repository/org/springframework/spring-context-support/4.3.9.RELEASE/spring-context-support-4.3.9.RELEASE.jar
09:37:02.929 [DEBUG] [org.gradle.api.internal.artifacts.repositories.resolver.ExternalResourceResolver] No meta-data file or artifact found for module 'org.springframework:spring-context-support:4.3.9.RELEASE' in repository 'MavenLocal'.
09:37:02.929 [DEBUG] [org.gradle.api.internal.artifacts.ivyservice.ivyresolve.CachingModuleComponentRepository] Using cached module metadata for module 'org.springframework:spring-context-support:4.3.9.RELEASE' in 'maven'
09:37:02.929 [DEBUG] [org.gradle.api.internal.artifacts.ivyservice.ivyresolve.RepositoryChainComponentMetaDataResolver] Using org.springframework:spring-context-support:4.3.9.RELEASE from Maven repository 'maven'
09:37:02.929 [DEBUG] [org.gradle.api.internal.artifacts.ivyservice.resolveengine.graph.DependencyGraphBuilder] Visiting configuration org.grails:grails-core:3.3.0(runtime).
09:37:02.929 [DEBUG] [org.gradle.api.internal.artifacts.ivyservice.resolveengine.graph.DependencyGraphBuilder] Visiting dependency org.grails:grails-core:3.3.0(runtime) -> dependency: org.codehaus.groovy:groovy:2.4.11, scope: Runtime, optional: false
09:37:02.929 [DEBUG] [org.gradle.api.internal.artifacts.ivyservice.resolveengine.graph.DependencyGraphBuilder] Visiting dependency org.grails:grails-core:3.3.0(runtime) -> dependency: org.slf4j:slf4j-api:1.7.22, scope: Runtime, optional: false
09:37:02.929 [DEBUG] [org.gradle.api.internal.artifacts.ivyservice.resolveengine.graph.DependencyGraphBuilder] Visiting dependency org.grails:grails-core:3.3.0(runtime) -> dependency: org.slf4j:jcl-over-slf4j:1.7.22, scope: Runtime, optional: false
09:37:02.929 [DEBUG] [org.gradle.api.internal.artifacts.ivyservice.resolveengine.graph.DependencyGraphBuilder] Visiting dependency org.grails:grails-core:3.3.0(runtime) -> dependency: org.hibernate.javax.persistence:hibernate-jpa-2.1-api:1.0.0.Final, scope: Runtime, optional: false
09:37:02.929 [DEBUG] [org.gradle.api.internal.artifacts.ivyservice.resolveengine.graph.DependencyGraphBuilder] Visiting dependency org.grails:grails-core:3.3.0(runtime) -> dependency: com.googlecode.concurrentlinkedhashmap:concurrentlinkedhashmap-lru:1.4.2, scope: Runtime, optional: false
09:37:02.930 [DEBUG] [org.gradle.api.internal.artifacts.ivyservice.resolveengine.graph.DependencyGraphBuilder] Visiting dependency org.grails:grails-core:3.3.0(runtime) -> dependency: org.springframework.boot:spring-boot:1.5.4.RELEASE, scope: Runtime, optional: false
09:37:02.930 [DEBUG] [org.gradle.api.internal.artifacts.ivyservice.resolveengine.graph.DependencyGraphBuilder] Visiting dependency org.grails:grails-core:3.3.0(runtime) -> dependency: org.springframework:spring-core:4.3.9.RELEASE, scope: Runtime, optional: false
09:37:02.930 [DEBUG] [org.gradle.api.internal.artifacts.ivyservice.resolveengine.graph.DependencyGraphBuilder] Visiting dependency org.grails:grails-core:3.3.0(runtime) -> dependency: org.springframework:spring-tx:4.3.9.RELEASE, scope: Runtime, optional: false
09:37:02.930 [DEBUG] [org.gradle.api.internal.artifacts.ivyservice.resolveengine.graph.DependencyGraphBuilder] Visiting dependency org.grails:grails-core:3.3.0(runtime) -> dependency: org.springframework:spring-beans:4.3.9.RELEASE, scope: Runtime, optional: false
09:37:02.930 [DEBUG] [org.gradle.api.internal.artifacts.ivyservice.resolveengine.graph.DependencyGraphBuilder] Visiting dependency org.grails:grails-core:3.3.0(runtime) -> dependency: org.springframework:spring-context:4.3.9.RELEASE, scope: Runtime, optional: false
09:37:02.930 [DEBUG] [org.gradle.api.internal.artifacts.ivyservice.resolveengine.graph.DependencyGraphBuilder] Visiting dependency org.grails:grails-core:3.3.0(runtime) -> dependency: org.grails:grails-bootstrap:3.3.0, scope: Runtime, optional: false
09:37:02.930 [DEBUG] [org.gradle.api.internal.artifacts.ivyservice.resolveengine.graph.DependencyGraphBuilder] Visiting dependency org.grails:grails-core:3.3.0(runtime) -> dependency: org.grails:grails-spring:3.3.0, scope: Runtime, optional: false
09:37:02.930 [DEBUG] [org.gradle.api.internal.artifacts.ivyservice.resolveengine.graph.DependencyGraphBuilder] Visiting dependency org.grails:grails-core:3.3.0(runtime) -> dependency: org.grails:grails-datastore-core:6.1.6.RELEASE, scope: Runtime, optional: false
09:37:02.930 [DEBUG] [org.gradle.api.internal.artifacts.ivyservice.resolveengine.graph.DependencyGraphBuilder] Visiting dependency org.grails:grails-core:3.3.0(runtime) -> dependency: xalan:serializer:2.7.2, scope: Runtime, optional: false
09:37:02.930 [DEBUG] [org.gradle.api.internal.artifacts.ivyservice.resolveengine.graph.DependencyGraphBuilder] Visiting configuration org.grails:grails-web:3.3.0(runtime).
09:37:02.930 [DEBUG] [org.gradle.api.internal.artifacts.ivyservice.resolveengine.graph.DependencyGraphBuilder] Visiting dependency org.grails:grails-web:3.3.0(runtime) -> dependency: org.codehaus.groovy:groovy:2.4.11, scope: Runtime, optional: false
09:37:02.930 [DEBUG] [org.gradle.api.internal.artifacts.ivyservice.resolveengine.graph.DependencyGraphBuilder] Visiting dependency org.grails:grails-web:3.3.0(runtime) -> dependency: org.slf4j:slf4j-api:1.7.22, scope: Runtime, optional: false
09:37:02.930 [DEBUG] [org.gradle.api.internal.artifacts.ivyservice.resolveengine.graph.DependencyGraphBuilder] Visiting dependency org.grails:grails-web:3.3.0(runtime) -> dependency: org.slf4j:jcl-over-slf4j:1.7.22, scope: Runtime, optional: false
09:37:02.930 [DEBUG] [org.gradle.api.internal.artifacts.ivyservice.resolveengine.graph.DependencyGraphBuilder] Visiting dependency org.grails:grails-web:3.3.0(runtime) -> dependency: org.grails:grails-web-common:3.3.0, scope: Runtime, optional: false
09:37:02.930 [DEBUG] [org.gradle.api.internal.artifacts.ivyservice.resolveengine.graph.DependencyGraphBuilder] Visiting dependency org.grails:grails-web:3.3.0(runtime) -> dependency: org.grails:grails-web-databinding:3.3.0, scope: Runtime, optional: false
09:37:02.930 [DEBUG] [io.spring.gradle.dependencymanagement.internal.VersionConfiguringAction] Processing dependency 'org.grails:grails-web-databinding:3.3.0'
09:37:02.931 [DEBUG] [io.spring.gradle.dependencymanagement.internal.DependencyManagementContainer] Found managed version '3.3.0' for dependency 'org.grails:grails-web-databinding' in global dependency management
09:37:02.931 [DEBUG] [io.spring.gradle.dependencymanagement.internal.VersionConfiguringAction] Using version '3.3.0' for dependency 'org.grails:grails-web-databinding:3.3.0'
09:37:02.931 [DEBUG] [org.gradle.api.internal.artifacts.ivyservice.resolveengine.graph.DependencyGraphBuilder] Selecting new module version org.grails:grails-web-databinding:3.3.0
09:37:02.931 [DEBUG] [org.gradle.api.internal.artifacts.ivyservice.ivyresolve.RepositoryChainComponentMetaDataResolver] Attempting to resolve component for org.grails:grails-web-databinding:3.3.0 using repositories [MavenLocal, maven, maven2, maven3]
09:37:02.931 [DEBUG] [org.gradle.api.internal.artifacts.repositories.resolver.DefaultExternalResourceArtifactResolver] Loading file:/Users/michaelmennis/.m2/repository/org/grails/grails-web-databinding/3.3.0/grails-web-databinding-3.3.0.pom
09:37:02.931 [DEBUG] [org.gradle.api.internal.artifacts.repositories.resolver.DefaultExternalResourceArtifactResolver] Loading file:/Users/michaelmennis/.m2/repository/org/grails/grails-web-databinding/3.3.0/grails-web-databinding-3.3.0.jar
09:37:02.931 [DEBUG] [org.gradle.api.internal.artifacts.repositories.resolver.ExternalResourceResolver] No meta-data file or artifact found for module 'org.grails:grails-web-databinding:3.3.0' in repository 'MavenLocal'.
09:37:02.932 [DEBUG] [org.gradle.api.internal.artifacts.ivyservice.ivyresolve.CachingModuleComponentRepository] Using cached module metadata for module 'org.grails:grails-web-databinding:3.3.0' in 'maven'
09:37:02.932 [DEBUG] [org.gradle.api.internal.artifacts.ivyservice.ivyresolve.RepositoryChainComponentMetaDataResolver] Using org.grails:grails-web-databinding:3.3.0 from Maven repository 'maven'
09:37:02.932 [DEBUG] [org.gradle.api.internal.artifacts.ivyservice.resolveengine.graph.DependencyGraphBuilder] Visiting dependency org.grails:grails-web:3.3.0(runtime) -> dependency: org.grails:grails-web-url-mappings:3.3.0, scope: Runtime, optional: false
09:37:02.932 [DEBUG] [io.spring.gradle.dependencymanagement.internal.VersionConfiguringAction] Processing dependency 'org.grails:grails-web-url-mappings:3.3.0'
09:37:02.932 [DEBUG] [io.spring.gradle.dependencymanagement.internal.DependencyManagementContainer] Found managed version '3.3.0' for dependency 'org.grails:grails-web-url-mappings' in global dependency management
09:37:02.932 [DEBUG] [io.spring.gradle.dependencymanagement.internal.VersionConfiguringAction] Using version '3.3.0' for dependency 'org.grails:grails-web-url-mappings:3.3.0'
09:37:02.932 [DEBUG] [org.gradle.api.internal.artifacts.ivyservice.resolveengine.graph.DependencyGraphBuilder] Selecting new module version org.grails:grails-web-url-mappings:3.3.0
09:37:02.932 [DEBUG] [org.gradle.api.internal.artifacts.ivyservice.ivyresolve.RepositoryChainComponentMetaDataResolver] Attempting to resolve component for org.grails:grails-web-url-mappings:3.3.0 using repositories [MavenLocal, maven, maven2, maven3]
09:37:02.932 [DEBUG] [org.gradle.api.internal.artifacts.repositories.resolver.DefaultExternalResourceArtifactResolver] Loading file:/Users/michaelmennis/.m2/repository/org/grails/grails-web-url-mappings/3.3.0/grails-web-url-mappings-3.3.0.pom
09:37:02.932 [DEBUG] [org.gradle.api.internal.artifacts.repositories.resolver.DefaultExternalResourceArtifactResolver] Loading file:/Users/michaelmennis/.m2/repository/org/grails/grails-web-url-mappings/3.3.0/grails-web-url-mappings-3.3.0.jar
09:37:02.932 [DEBUG] [org.gradle.api.internal.artifacts.repositories.resolver.ExternalResourceResolver] No meta-data file or artifact found for module 'org.grails:grails-web-url-mappings:3.3.0' in repository 'MavenLocal'.
09:37:02.933 [DEBUG] [org.gradle.api.internal.artifacts.ivyservice.ivyresolve.CachingModuleComponentRepository] Using cached module metadata for module 'org.grails:grails-web-url-mappings:3.3.0' in 'maven'
09:37:02.933 [DEBUG] [org.gradle.api.internal.artifacts.ivyservice.ivyresolve.RepositoryChainComponentMetaDataResolver] Using org.grails:grails-web-url-mappings:3.3.0 from Maven repository 'maven'
09:37:02.933 [DEBUG] [org.gradle.api.internal.artifacts.ivyservice.resolveengine.graph.DependencyGraphBuilder] Visiting dependency org.grails:grails-web:3.3.0(runtime) -> dependency: org.grails:grails-web-mvc:3.3.0, scope: Runtime, optional: false
09:37:02.933 [DEBUG] [io.spring.gradle.dependencymanagement.internal.VersionConfiguringAction] Processing dependency 'org.grails:grails-web-mvc:3.3.0'
09:37:02.934 [DEBUG] [io.spring.gradle.dependencymanagement.internal.DependencyManagementContainer] Found managed version '3.3.0' for dependency 'org.grails:grails-web-mvc' in global dependency management
09:37:02.934 [DEBUG] [io.spring.gradle.dependencymanagement.internal.VersionConfiguringAction] Using version '3.3.0' for dependency 'org.grails:grails-web-mvc:3.3.0'
09:37:02.934 [DEBUG] [org.gradle.api.internal.artifacts.ivyservice.resolveengine.graph.DependencyGraphBuilder] Selecting new module version org.grails:grails-web-mvc:3.3.0
09:37:02.934 [DEBUG] [org.gradle.api.internal.artifacts.ivyservice.ivyresolve.RepositoryChainComponentMetaDataResolver] Attempting to resolve component for org.grails:grails-web-mvc:3.3.0 using repositories [MavenLocal, maven, maven2, maven3]
09:37:02.934 [DEBUG] [org.gradle.api.internal.artifacts.repositories.resolver.DefaultExternalResourceArtifactResolver] Loading file:/Users/michaelmennis/.m2/repository/org/grails/grails-web-mvc/3.3.0/grails-web-mvc-3.3.0.pom
09:37:02.934 [DEBUG] [org.gradle.api.internal.artifacts.repositories.resolver.DefaultExternalResourceArtifactResolver] Loading file:/Users/michaelmennis/.m2/repository/org/grails/grails-web-mvc/3.3.0/grails-web-mvc-3.3.0.jar
09:37:02.934 [DEBUG] [org.gradle.api.internal.artifacts.repositories.resolver.ExternalResourceResolver] No meta-data file or artifact found for module 'org.grails:grails-web-mvc:3.3.0' in repository 'MavenLocal'.
09:37:02.934 [DEBUG] [org.gradle.api.internal.artifacts.ivyservice.ivyresolve.CachingModuleComponentRepository] Using cached module metadata for module 'org.grails:grails-web-mvc:3.3.0' in 'maven'
09:37:02.934 [DEBUG] [org.gradle.api.internal.artifacts.ivyservice.ivyresolve.RepositoryChainComponentMetaDataResolver] Using org.grails:grails-web-mvc:3.3.0 from Maven repository 'maven'
09:37:02.935 [DEBUG] [org.gradle.api.internal.artifacts.ivyservice.resolveengine.graph.DependencyGraphBuilder] Visiting dependency org.grails:grails-web:3.3.0(runtime) -> dependency: org.grails:grails-web-gsp:3.3.0, scope: Runtime, optional: false
09:37:02.935 [DEBUG] [io.spring.gradle.dependencymanagement.internal.VersionConfiguringAction] Processing dependency 'org.grails:grails-web-gsp:3.3.0'
09:37:02.935 [DEBUG] [io.spring.gradle.dependencymanagement.internal.VersionConfiguringAction] No dependency management for dependency 'org.grails:grails-web-gsp:3.3.0'
09:37:02.935 [DEBUG] [org.gradle.api.internal.artifacts.ivyservice.resolveengine.graph.DependencyGraphBuilder] Selecting new module version org.grails:grails-web-gsp:3.3.0
09:37:02.935 [DEBUG] [org.gradle.api.internal.artifacts.ivyservice.ivyresolve.RepositoryChainComponentMetaDataResolver] Attempting to resolve component for org.grails:grails-web-gsp:3.3.0 using repositories [MavenLocal, maven, maven2, maven3]
09:37:02.935 [DEBUG] [org.gradle.api.internal.artifacts.repositories.resolver.DefaultExternalResourceArtifactResolver] Loading file:/Users/michaelmennis/.m2/repository/org/grails/grails-web-gsp/3.3.0/grails-web-gsp-3.3.0.pom
09:37:02.935 [DEBUG] [org.gradle.api.internal.artifacts.repositories.resolver.DefaultExternalResourceArtifactResolver] Loading file:/Users/michaelmennis/.m2/repository/org/grails/grails-web-gsp/3.3.0/grails-web-gsp-3.3.0.jar
09:37:02.935 [DEBUG] [org.gradle.api.internal.artifacts.repositories.resolver.ExternalResourceResolver] No meta-data file or artifact found for module 'org.grails:grails-web-gsp:3.3.0' in repository 'MavenLocal'.
09:37:02.935 [DEBUG] [org.gradle.api.internal.artifacts.ivyservice.ivyresolve.CachingModuleComponentRepository] Using cached module metadata for module 'org.grails:grails-web-gsp:3.3.0' in 'maven'
09:37:02.935 [DEBUG] [org.gradle.api.internal.artifacts.ivyservice.ivyresolve.RepositoryChainComponentMetaDataResolver] Using org.grails:grails-web-gsp:3.3.0 from Maven repository 'maven'
09:37:02.936 [DEBUG] [org.gradle.api.internal.artifacts.ivyservice.resolveengine.graph.DependencyGraphBuilder] Visiting dependency org.grails:grails-web:3.3.0(runtime) -> dependency: org.grails:grails-web-sitemesh:3.3.0, scope: Runtime, optional: false
09:37:02.936 [DEBUG] [io.spring.gradle.dependencymanagement.internal.VersionConfiguringAction] Processing dependency 'org.grails:grails-web-sitemesh:3.3.0'
09:37:02.936 [DEBUG] [io.spring.gradle.dependencymanagement.internal.VersionConfiguringAction] No dependency management for dependency 'org.grails:grails-web-sitemesh:3.3.0'
09:37:02.936 [DEBUG] [org.gradle.api.internal.artifacts.ivyservice.resolveengine.graph.DependencyGraphBuilder] Selecting new module version org.grails:grails-web-sitemesh:3.3.0
09:37:02.936 [DEBUG] [org.gradle.api.internal.artifacts.ivyservice.ivyresolve.RepositoryChainComponentMetaDataResolver] Attempting to resolve component for org.grails:grails-web-sitemesh:3.3.0 using repositories [MavenLocal, maven, maven2, maven3]
09:37:02.936 [DEBUG] [org.gradle.api.internal.artifacts.repositories.resolver.DefaultExternalResourceArtifactResolver] Loading file:/Users/michaelmennis/.m2/repository/org/grails/grails-web-sitemesh/3.3.0/grails-web-sitemesh-3.3.0.pom
09:37:02.936 [DEBUG] [org.gradle.api.internal.artifacts.repositories.resolver.DefaultExternalResourceArtifactResolver] Loading file:/Users/michaelmennis/.m2/repository/org/grails/grails-web-sitemesh/3.3.0/grails-web-sitemesh-3.3.0.jar
09:37:02.936 [DEBUG] [org.gradle.api.internal.artifacts.repositories.resolver.ExternalResourceResolver] No meta-data file or artifact found for module 'org.grails:grails-web-sitemesh:3.3.0' in repository 'MavenLocal'.
09:37:02.936 [DEBUG] [org.gradle.api.internal.artifacts.ivyservice.ivyresolve.CachingModuleComponentRepository] Using cached module metadata for module 'org.grails:grails-web-sitemesh:3.3.0' in 'maven'
09:37:02.936 [DEBUG] [org.gradle.api.internal.artifacts.ivyservice.ivyresolve.RepositoryChainComponentMetaDataResolver] Using org.grails:grails-web-sitemesh:3.3.0 from Maven repository 'maven'
09:37:02.937 [DEBUG] [org.gradle.api.internal.artifacts.ivyservice.resolveengine.graph.DependencyGraphBuilder] Visiting configuration org.grails:grails-plugin-controllers:3.3.0(runtime).
09:37:02.937 [DEBUG] [org.gradle.api.internal.artifacts.ivyservice.resolveengine.graph.DependencyGraphBuilder] Visiting dependency org.grails:grails-plugin-controllers:3.3.0(runtime) -> dependency: org.codehaus.groovy:groovy:2.4.11, scope: Runtime, optional: false
09:37:02.937 [DEBUG] [org.gradle.api.internal.artifacts.ivyservice.resolveengine.graph.DependencyGraphBuilder] Visiting dependency org.grails:grails-plugin-controllers:3.3.0(runtime) -> dependency: org.slf4j:slf4j-api:1.7.22, scope: Runtime, optional: false
09:37:02.937 [DEBUG] [org.gradle.api.internal.artifacts.ivyservice.resolveengine.graph.DependencyGraphBuilder] Visiting dependency org.grails:grails-plugin-controllers:3.3.0(runtime) -> dependency: org.slf4j:jcl-over-slf4j:1.7.22, scope: Runtime, optional: false
09:37:02.937 [DEBUG] [org.gradle.api.internal.artifacts.ivyservice.resolveengine.graph.DependencyGraphBuilder] Visiting dependency org.grails:grails-plugin-controllers:3.3.0(runtime) -> dependency: org.grails:grails-core:3.3.0, scope: Runtime, optional: false
09:37:02.937 [DEBUG] [org.gradle.api.internal.artifacts.ivyservice.resolveengine.graph.DependencyGraphBuilder] Visiting dependency org.grails:grails-plugin-controllers:3.3.0(runtime) -> dependency: org.grails:grails-web:3.3.0, scope: Runtime, optional: false
09:37:02.937 [DEBUG] [org.gradle.api.internal.artifacts.ivyservice.resolveengine.graph.DependencyGraphBuilder] Visiting dependency org.grails:grails-plugin-controllers:3.3.0(runtime) -> dependency: org.grails:grails-plugin-mimetypes:3.3.0, scope: Runtime, optional: false
09:37:02.937 [DEBUG] [io.spring.gradle.dependencymanagement.internal.VersionConfiguringAction] Processing dependency 'org.grails:grails-plugin-mimetypes:3.3.0'
09:37:02.937 [DEBUG] [io.spring.gradle.dependencymanagement.internal.DependencyManagementContainer] Found managed version '3.3.0' for dependency 'org.grails:grails-plugin-mimetypes' in global dependency management
09:37:02.937 [DEBUG] [io.spring.gradle.dependencymanagement.internal.VersionConfiguringAction] Using version '3.3.0' for dependency 'org.grails:grails-plugin-mimetypes:3.3.0'
09:37:02.937 [DEBUG] [org.gradle.api.internal.artifacts.ivyservice.resolveengine.graph.DependencyGraphBuilder] Selecting new module version org.grails:grails-plugin-mimetypes:3.3.0
09:37:02.937 [DEBUG] [org.gradle.api.internal.artifacts.ivyservice.ivyresolve.RepositoryChainComponentMetaDataResolver] Attempting to resolve component for org.grails:grails-plugin-mimetypes:3.3.0 using repositories [MavenLocal, maven, maven2, maven3]
09:37:02.937 [DEBUG] [org.gradle.api.internal.artifacts.repositories.resolver.DefaultExternalResourceArtifactResolver] Loading file:/Users/michaelmennis/.m2/repository/org/grails/grails-plugin-mimetypes/3.3.0/grails-plugin-mimetypes-3.3.0.pom
09:37:02.937 [DEBUG] [org.gradle.api.internal.artifacts.repositories.resolver.DefaultExternalResourceArtifactResolver] Loading file:/Users/michaelmennis/.m2/repository/org/grails/grails-plugin-mimetypes/3.3.0/grails-plugin-mimetypes-3.3.0.jar
09:37:02.937 [DEBUG] [org.gradle.api.internal.artifacts.repositories.resolver.ExternalResourceResolver] No meta-data file or artifact found for module 'org.grails:grails-plugin-mimetypes:3.3.0' in repository 'MavenLocal'.
09:37:02.938 [DEBUG] [org.gradle.api.internal.artifacts.ivyservice.ivyresolve.CachingModuleComponentRepository] Using cached module metadata for module 'org.grails:grails-plugin-mimetypes:3.3.0' in 'maven'
09:37:02.938 [DEBUG] [org.gradle.api.internal.artifacts.ivyservice.ivyresolve.RepositoryChainComponentMetaDataResolver] Using org.grails:grails-plugin-mimetypes:3.3.0 from Maven repository 'maven'
09:37:02.938 [DEBUG] [org.gradle.api.internal.artifacts.ivyservice.resolveengine.graph.DependencyGraphBuilder] Visiting dependency org.grails:grails-plugin-controllers:3.3.0(runtime) -> dependency: org.grails:grails-plugin-validation:3.3.0, scope: Runtime, optional: false
09:37:02.938 [DEBUG] [io.spring.gradle.dependencymanagement.internal.VersionConfiguringAction] Processing dependency 'org.grails:grails-plugin-validation:3.3.0'
09:37:02.938 [DEBUG] [io.spring.gradle.dependencymanagement.internal.DependencyManagementContainer] Found managed version '3.3.0' for dependency 'org.grails:grails-plugin-validation' in global dependency management
09:37:02.938 [DEBUG] [io.spring.gradle.dependencymanagement.internal.VersionConfiguringAction] Using version '3.3.0' for dependency 'org.grails:grails-plugin-validation:3.3.0'
09:37:02.938 [DEBUG] [org.gradle.api.internal.artifacts.ivyservice.resolveengine.graph.DependencyGraphBuilder] Selecting new module version org.grails:grails-plugin-validation:3.3.0
09:37:02.938 [DEBUG] [org.gradle.api.internal.artifacts.ivyservice.ivyresolve.RepositoryChainComponentMetaDataResolver] Attempting to resolve component for org.grails:grails-plugin-validation:3.3.0 using repositories [MavenLocal, maven, maven2, maven3]
09:37:02.938 [DEBUG] [org.gradle.api.internal.artifacts.repositories.resolver.DefaultExternalResourceArtifactResolver] Loading file:/Users/michaelmennis/.m2/repository/org/grails/grails-plugin-validation/3.3.0/grails-plugin-validation-3.3.0.pom
09:37:02.938 [DEBUG] [org.gradle.api.internal.artifacts.repositories.resolver.DefaultExternalResourceArtifactResolver] Loading file:/Users/michaelmennis/.m2/repository/org/grails/grails-plugin-validation/3.3.0/grails-plugin-validation-3.3.0.jar
09:37:02.938 [DEBUG] [org.gradle.api.internal.artifacts.repositories.resolver.ExternalResourceResolver] No meta-data file or artifact found for module 'org.grails:grails-plugin-validation:3.3.0' in repository 'MavenLocal'.
09:37:02.939 [DEBUG] [org.gradle.api.internal.artifacts.ivyservice.ivyresolve.CachingModuleComponentRepository] Using cached module metadata for module 'org.grails:grails-plugin-validation:3.3.0' in 'maven'
09:37:02.939 [DEBUG] [org.gradle.api.internal.artifacts.ivyservice.ivyresolve.RepositoryChainComponentMetaDataResolver] Using org.grails:grails-plugin-validation:3.3.0 from Maven repository 'maven'
09:37:02.939 [DEBUG] [org.gradle.api.internal.artifacts.ivyservice.resolveengine.graph.DependencyGraphBuilder] Visiting dependency org.grails:grails-plugin-controllers:3.3.0(runtime) -> dependency: org.grails:grails-plugin-domain-class:3.3.0, scope: Runtime, optional: false
09:37:02.939 [DEBUG] [io.spring.gradle.dependencymanagement.internal.VersionConfiguringAction] Processing dependency 'org.grails:grails-plugin-domain-class:3.3.0'
09:37:02.939 [DEBUG] [io.spring.gradle.dependencymanagement.internal.DependencyManagementContainer] Found managed version '3.3.0' for dependency 'org.grails:grails-plugin-domain-class' in global dependency management
09:37:02.939 [DEBUG] [io.spring.gradle.dependencymanagement.internal.VersionConfiguringAction] Using version '3.3.0' for dependency 'org.grails:grails-plugin-domain-class:3.3.0'
09:37:02.939 [DEBUG] [org.gradle.api.internal.artifacts.ivyservice.resolveengine.graph.DependencyGraphBuilder] Selecting new module version org.grails:grails-plugin-domain-class:3.3.0
09:37:02.939 [DEBUG] [org.gradle.api.internal.artifacts.ivyservice.ivyresolve.RepositoryChainComponentMetaDataResolver] Attempting to resolve component for org.grails:grails-plugin-domain-class:3.3.0 using repositories [MavenLocal, maven, maven2, maven3]
09:37:02.939 [DEBUG] [org.gradle.api.internal.artifacts.repositories.resolver.DefaultExternalResourceArtifactResolver] Loading file:/Users/michaelmennis/.m2/repository/org/grails/grails-plugin-domain-class/3.3.0/grails-plugin-domain-class-3.3.0.pom
09:37:02.939 [DEBUG] [org.gradle.api.internal.artifacts.repositories.resolver.DefaultExternalResourceArtifactResolver] Loading file:/Users/michaelmennis/.m2/repository/org/grails/grails-plugin-domain-class/3.3.0/grails-plugin-domain-class-3.3.0.jar
09:37:02.939 [DEBUG] [org.gradle.api.internal.artifacts.repositories.resolver.ExternalResourceResolver] No meta-data file or artifact found for module 'org.grails:grails-plugin-domain-class:3.3.0' in repository 'MavenLocal'.
09:37:02.940 [DEBUG] [org.gradle.api.internal.artifacts.ivyservice.ivyresolve.CachingModuleComponentRepository] Using cached module metadata for module 'org.grails:grails-plugin-domain-class:3.3.0' in 'maven'
09:37:02.940 [DEBUG] [org.gradle.api.internal.artifacts.ivyservice.ivyresolve.RepositoryChainComponentMetaDataResolver] Using org.grails:grails-plugin-domain-class:3.3.0 from Maven repository 'maven'
09:37:02.940 [DEBUG] [org.gradle.api.internal.artifacts.ivyservice.resolveengine.graph.DependencyGraphBuilder] Visiting dependency org.grails:grails-plugin-controllers:3.3.0(runtime) -> dependency: org.grails:grails-plugin-i18n:3.3.0, scope: Runtime, optional: false
09:37:02.940 [DEBUG] [io.spring.gradle.dependencymanagement.internal.VersionConfiguringAction] Processing dependency 'org.grails:grails-plugin-i18n:3.3.0'
09:37:02.940 [DEBUG] [io.spring.gradle.dependencymanagement.internal.DependencyManagementContainer] Found managed version '3.3.0' for dependency 'org.grails:grails-plugin-i18n' in global dependency management
09:37:02.940 [DEBUG] [io.spring.gradle.dependencymanagement.internal.VersionConfiguringAction] Using version '3.3.0' for dependency 'org.grails:grails-plugin-i18n:3.3.0'
09:37:02.940 [DEBUG] [org.gradle.api.internal.artifacts.ivyservice.resolveengine.graph.DependencyGraphBuilder] Visiting configuration org.grails:grails-plugin-datasource:3.3.0(runtime).
09:37:02.940 [DEBUG] [org.gradle.api.internal.artifacts.ivyservice.resolveengine.graph.DependencyGraphBuilder] Visiting dependency org.grails:grails-plugin-datasource:3.3.0(runtime) -> dependency: org.codehaus.groovy:groovy:2.4.11, scope: Runtime, optional: false
09:37:02.940 [DEBUG] [org.gradle.api.internal.artifacts.ivyservice.resolveengine.graph.DependencyGraphBuilder] Visiting dependency org.grails:grails-plugin-datasource:3.3.0(runtime) -> dependency: org.slf4j:slf4j-api:1.7.22, scope: Runtime, optional: false
09:37:02.940 [DEBUG] [org.gradle.api.internal.artifacts.ivyservice.resolveengine.graph.DependencyGraphBuilder] Visiting dependency org.grails:grails-plugin-datasource:3.3.0(runtime) -> dependency: org.slf4j:jcl-over-slf4j:1.7.22, scope: Runtime, optional: false
09:37:02.940 [DEBUG] [org.gradle.api.internal.artifacts.ivyservice.resolveengine.graph.DependencyGraphBuilder] Visiting dependency org.grails:grails-plugin-datasource:3.3.0(runtime) -> dependency: org.springframework:spring-jdbc:4.3.9.RELEASE, scope: Runtime, optional: false
09:37:02.941 [DEBUG] [io.spring.gradle.dependencymanagement.internal.VersionConfiguringAction] Processing dependency 'org.springframework:spring-jdbc:4.3.9.RELEASE'
09:37:02.941 [DEBUG] [io.spring.gradle.dependencymanagement.internal.DependencyManagementContainer] Found managed version '4.3.9.RELEASE' for dependency 'org.springframework:spring-jdbc' in global dependency management
09:37:02.941 [DEBUG] [io.spring.gradle.dependencymanagement.internal.VersionConfiguringAction] Using version '4.3.9.RELEASE' for dependency 'org.springframework:spring-jdbc:4.3.9.RELEASE'
09:37:02.941 [DEBUG] [org.gradle.api.internal.artifacts.ivyservice.resolveengine.graph.DependencyGraphBuilder] Selecting new module version org.springframework:spring-jdbc:4.3.9.RELEASE
09:37:02.941 [DEBUG] [org.gradle.api.internal.artifacts.ivyservice.ivyresolve.RepositoryChainComponentMetaDataResolver] Attempting to resolve component for org.springframework:spring-jdbc:4.3.9.RELEASE using repositories [MavenLocal, maven, maven2, maven3]
09:37:02.941 [DEBUG] [org.gradle.api.internal.artifacts.ivyservice.ivyresolve.RepositoryChainComponentMetaDataResolver] Using org.springframework:spring-jdbc:4.3.9.RELEASE from Maven repository 'maven'
09:37:02.941 [DEBUG] [org.gradle.api.internal.artifacts.ivyservice.resolveengine.graph.DependencyGraphBuilder] Visiting dependency org.grails:grails-plugin-datasource:3.3.0(runtime) -> dependency: org.codehaus.groovy:groovy-sql:2.4.11, scope: Runtime, optional: false
09:37:02.941 [DEBUG] [io.spring.gradle.dependencymanagement.internal.VersionConfiguringAction] Processing dependency 'org.codehaus.groovy:groovy-sql:2.4.11'
09:37:02.941 [DEBUG] [io.spring.gradle.dependencymanagement.internal.DependencyManagementContainer] Found managed version '2.4.11' for dependency 'org.codehaus.groovy:groovy-sql' in global dependency management
09:37:02.948 [DEBUG] [io.spring.gradle.dependencymanagement.internal.VersionConfiguringAction] Using version '2.4.11' for dependency 'org.codehaus.groovy:groovy-sql:2.4.11'
09:37:02.948 [DEBUG] [org.gradle.api.internal.artifacts.ivyservice.resolveengine.graph.DependencyGraphBuilder] Selecting new module version org.codehaus.groovy:groovy-sql:2.4.11
09:37:02.948 [DEBUG] [org.gradle.api.internal.artifacts.ivyservice.ivyresolve.RepositoryChainComponentMetaDataResolver] Attempting to resolve component for org.codehaus.groovy:groovy-sql:2.4.11 using repositories [MavenLocal, maven, maven2, maven3]
09:37:02.948 [DEBUG] [org.gradle.api.internal.artifacts.repositories.resolver.DefaultExternalResourceArtifactResolver] Loading file:/Users/michaelmennis/.m2/repository/org/codehaus/groovy/groovy-sql/2.4.11/groovy-sql-2.4.11.pom
09:37:02.948 [DEBUG] [org.gradle.api.internal.artifacts.repositories.resolver.DefaultExternalResourceArtifactResolver] Loading file:/Users/michaelmennis/.m2/repository/org/codehaus/groovy/groovy-sql/2.4.11/groovy-sql-2.4.11.jar
09:37:02.948 [DEBUG] [org.gradle.api.internal.artifacts.repositories.resolver.ExternalResourceResolver] No meta-data file or artifact found for module 'org.codehaus.groovy:groovy-sql:2.4.11' in repository 'MavenLocal'.
09:37:02.949 [DEBUG] [org.gradle.api.internal.artifacts.ivyservice.ivyresolve.CachingModuleComponentRepository] Using cached module metadata for module 'org.codehaus.groovy:groovy-sql:2.4.11' in 'maven'
09:37:02.949 [DEBUG] [org.gradle.api.internal.artifacts.ivyservice.ivyresolve.RepositoryChainComponentMetaDataResolver] Using org.codehaus.groovy:groovy-sql:2.4.11 from Maven repository 'maven'
09:37:02.949 [DEBUG] [org.gradle.api.internal.artifacts.ivyservice.resolveengine.graph.DependencyGraphBuilder] Visiting dependency org.grails:grails-plugin-datasource:3.3.0(runtime) -> dependency: org.springframework:spring-context:4.3.9.RELEASE, scope: Runtime, optional: false
09:37:02.949 [DEBUG] [org.gradle.api.internal.artifacts.ivyservice.resolveengine.graph.DependencyGraphBuilder] Visiting dependency org.grails:grails-plugin-datasource:3.3.0(runtime) -> dependency: org.grails:grails-datastore-gorm:6.1.6.RELEASE, scope: Runtime, optional: false
09:37:02.949 [DEBUG] [io.spring.gradle.dependencymanagement.internal.VersionConfiguringAction] Processing dependency 'org.grails:grails-datastore-gorm:6.1.6.RELEASE'
09:37:02.949 [DEBUG] [io.spring.gradle.dependencymanagement.internal.DependencyManagementContainer] Found managed version '6.1.6.RELEASE' for dependency 'org.grails:grails-datastore-gorm' in global dependency management
09:37:02.949 [DEBUG] [io.spring.gradle.dependencymanagement.internal.VersionConfiguringAction] Using version '6.1.6.RELEASE' for dependency 'org.grails:grails-datastore-gorm:6.1.6.RELEASE'
09:37:02.949 [DEBUG] [org.gradle.api.internal.artifacts.ivyservice.resolveengine.graph.DependencyGraphBuilder] Selecting new module version org.grails:grails-datastore-gorm:6.1.6.RELEASE
09:37:02.949 [DEBUG] [org.gradle.api.internal.artifacts.ivyservice.ivyresolve.RepositoryChainComponentMetaDataResolver] Attempting to resolve component for org.grails:grails-datastore-gorm:6.1.6.RELEASE using repositories [MavenLocal, maven, maven2, maven3]
09:37:02.949 [DEBUG] [org.gradle.api.internal.artifacts.ivyservice.ivyresolve.RepositoryChainComponentMetaDataResolver] Using org.grails:grails-datastore-gorm:6.1.6.RELEASE from Maven repository 'maven'
09:37:02.949 [DEBUG] [org.gradle.api.internal.artifacts.ivyservice.resolveengine.graph.DependencyGraphBuilder] Visiting dependency org.grails:grails-plugin-datasource:3.3.0(runtime) -> dependency: org.grails:grails-datastore-core:6.1.6.RELEASE, scope: Runtime, optional: false
09:37:02.949 [DEBUG] [org.gradle.api.internal.artifacts.ivyservice.resolveengine.graph.DependencyGraphBuilder] Visiting dependency org.grails:grails-plugin-datasource:3.3.0(runtime) -> dependency: org.grails:grails-core:3.3.0, scope: Runtime, optional: false
09:37:02.949 [DEBUG] [org.gradle.api.internal.artifacts.ivyservice.resolveengine.graph.DependencyGraphBuilder] Visiting dependency org.grails:grails-plugin-datasource:3.3.0(runtime) -> dependency: org.apache.tomcat.embed:tomcat-embed-logging-log4j:8.5.2, scope: Runtime, optional: false
09:37:02.949 [DEBUG] [io.spring.gradle.dependencymanagement.internal.VersionConfiguringAction] Processing dependency 'org.apache.tomcat.embed:tomcat-embed-logging-log4j:8.5.2'
09:37:02.949 [DEBUG] [io.spring.gradle.dependencymanagement.internal.VersionConfiguringAction] No dependency management for dependency 'org.apache.tomcat.embed:tomcat-embed-logging-log4j:8.5.2'
09:37:02.950 [DEBUG] [org.gradle.api.internal.artifacts.ivyservice.resolveengine.graph.DependencyGraphBuilder] Selecting new module version org.apache.tomcat.embed:tomcat-embed-logging-log4j:8.5.2
09:37:02.950 [DEBUG] [org.gradle.api.internal.artifacts.ivyservice.ivyresolve.RepositoryChainComponentMetaDataResolver] Attempting to resolve component for org.apache.tomcat.embed:tomcat-embed-logging-log4j:8.5.2 using repositories [MavenLocal, maven, maven2, maven3]
09:37:02.950 [DEBUG] [org.gradle.api.internal.artifacts.repositories.resolver.DefaultExternalResourceArtifactResolver] Loading file:/Users/michaelmennis/.m2/repository/org/apache/tomcat/embed/tomcat-embed-logging-log4j/8.5.2/tomcat-embed-logging-log4j-8.5.2.pom
09:37:02.950 [DEBUG] [org.gradle.api.internal.artifacts.repositories.resolver.DefaultExternalResourceArtifactResolver] Loading file:/Users/michaelmennis/.m2/repository/org/apache/tomcat/embed/tomcat-embed-logging-log4j/8.5.2/tomcat-embed-logging-log4j-8.5.2.jar
09:37:02.950 [DEBUG] [org.gradle.api.internal.artifacts.repositories.resolver.ExternalResourceResolver] No meta-data file or artifact found for module 'org.apache.tomcat.embed:tomcat-embed-logging-log4j:8.5.2' in repository 'MavenLocal'.
09:37:02.950 [DEBUG] [org.gradle.api.internal.artifacts.ivyservice.ivyresolve.CachingModuleComponentRepository] Using cached module metadata for module 'org.apache.tomcat.embed:tomcat-embed-logging-log4j:8.5.2' in 'maven'
09:37:02.950 [DEBUG] [org.gradle.api.internal.artifacts.ivyservice.ivyresolve.RepositoryChainComponentMetaDataResolver] Using org.apache.tomcat.embed:tomcat-embed-logging-log4j:8.5.2 from Maven repository 'maven'
09:37:02.950 [DEBUG] [org.gradle.api.internal.artifacts.ivyservice.resolveengine.graph.DependencyGraphBuilder] Visiting configuration org.grails.plugins:converters:3.3.0(runtime).
09:37:02.950 [DEBUG] [org.gradle.api.internal.artifacts.ivyservice.resolveengine.graph.DependencyGraphBuilder] Visiting dependency org.grails.plugins:converters:3.3.0(runtime) -> dependency: commons-lang:commons-lang:2.6, scope: Runtime, optional: false
09:37:02.950 [DEBUG] [org.gradle.api.internal.artifacts.ivyservice.resolveengine.graph.DependencyGraphBuilder] Visiting configuration org.grails:grails-validation:3.3.0(runtime).
09:37:02.950 [DEBUG] [org.gradle.api.internal.artifacts.ivyservice.resolveengine.graph.DependencyGraphBuilder] Visiting dependency org.grails:grails-validation:3.3.0(runtime) -> dependency: org.codehaus.groovy:groovy:2.4.11, scope: Runtime, optional: false
09:37:02.950 [DEBUG] [org.gradle.api.internal.artifacts.ivyservice.resolveengine.graph.DependencyGraphBuilder] Visiting dependency org.grails:grails-validation:3.3.0(runtime) -> dependency: org.slf4j:slf4j-api:1.7.22, scope: Runtime, optional: false
09:37:02.950 [DEBUG] [org.gradle.api.internal.artifacts.ivyservice.resolveengine.graph.DependencyGraphBuilder] Visiting dependency org.grails:grails-validation:3.3.0(runtime) -> dependency: org.slf4j:jcl-over-slf4j:1.7.22, scope: Runtime, optional: false
09:37:02.951 [DEBUG] [org.gradle.api.internal.artifacts.ivyservice.resolveengine.graph.DependencyGraphBuilder] Visiting dependency org.grails:grails-validation:3.3.0(runtime) -> dependency: org.grails:grails-datastore-gorm-validation:6.1.6.RELEASE, scope: Runtime, optional: false
09:37:02.951 [DEBUG] [io.spring.gradle.dependencymanagement.internal.VersionConfiguringAction] Processing dependency 'org.grails:grails-datastore-gorm-validation:6.1.6.RELEASE'
09:37:02.951 [DEBUG] [io.spring.gradle.dependencymanagement.internal.DependencyManagementContainer] Found managed version '6.1.6.RELEASE' for dependency 'org.grails:grails-datastore-gorm-validation' in global dependency management
09:37:02.951 [DEBUG] [io.spring.gradle.dependencymanagement.internal.VersionConfiguringAction] Using version '6.1.6.RELEASE' for dependency 'org.grails:grails-datastore-gorm-validation:6.1.6.RELEASE'
09:37:02.951 [DEBUG] [org.gradle.api.internal.artifacts.ivyservice.resolveengine.graph.DependencyGraphBuilder] Selecting new module version org.grails:grails-datastore-gorm-validation:6.1.6.RELEASE
09:37:02.951 [DEBUG] [org.gradle.api.internal.artifacts.ivyservice.ivyresolve.RepositoryChainComponentMetaDataResolver] Attempting to resolve component for org.grails:grails-datastore-gorm-validation:6.1.6.RELEASE using repositories [MavenLocal, maven, maven2, maven3]
09:37:02.951 [DEBUG] [org.gradle.api.internal.artifacts.ivyservice.ivyresolve.RepositoryChainComponentMetaDataResolver] Using org.grails:grails-datastore-gorm-validation:6.1.6.RELEASE from Maven repository 'maven'
09:37:02.951 [DEBUG] [org.gradle.api.internal.artifacts.ivyservice.resolveengine.graph.DependencyGraphBuilder] Visiting dependency org.grails:grails-validation:3.3.0(runtime) -> dependency: org.grails:grails-core:3.3.0, scope: Runtime, optional: false
09:37:02.951 [DEBUG] [org.gradle.api.internal.artifacts.ivyservice.resolveengine.graph.DependencyGraphBuilder] Visiting configuration org.grails:grails-plugin-url-mappings:3.3.0(runtime).
09:37:02.951 [DEBUG] [org.gradle.api.internal.artifacts.ivyservice.resolveengine.graph.DependencyGraphBuilder] Visiting dependency org.grails:grails-plugin-url-mappings:3.3.0(runtime) -> dependency: org.codehaus.groovy:groovy:2.4.11, scope: Runtime, optional: false
09:37:02.951 [DEBUG] [org.gradle.api.internal.artifacts.ivyservice.resolveengine.graph.DependencyGraphBuilder] Visiting dependency org.grails:grails-plugin-url-mappings:3.3.0(runtime) -> dependency: org.slf4j:slf4j-api:1.7.22, scope: Runtime, optional: false
09:37:02.951 [DEBUG] [org.gradle.api.internal.artifacts.ivyservice.resolveengine.graph.DependencyGraphBuilder] Visiting dependency org.grails:grails-plugin-url-mappings:3.3.0(runtime) -> dependency: org.slf4j:jcl-over-slf4j:1.7.22, scope: Runtime, optional: false
09:37:02.951 [DEBUG] [org.gradle.api.internal.artifacts.ivyservice.resolveengine.graph.DependencyGraphBuilder] Visiting dependency org.grails:grails-plugin-url-mappings:3.3.0(runtime) -> dependency: com.googlecode.concurrentlinkedhashmap:concurrentlinkedhashmap-lru:1.4.2, scope: Runtime, optional: false
09:37:02.951 [DEBUG] [org.gradle.api.internal.artifacts.ivyservice.resolveengine.graph.DependencyGraphBuilder] Visiting dependency org.grails:grails-plugin-url-mappings:3.3.0(runtime) -> dependency: org.grails:grails-web:3.3.0, scope: Runtime, optional: false
09:37:02.951 [DEBUG] [org.gradle.api.internal.artifacts.ivyservice.resolveengine.graph.DependencyGraphBuilder] Visiting dependency org.grails:grails-plugin-url-mappings:3.3.0(runtime) -> dependency: org.grails:grails-plugin-controllers:3.3.0, scope: Runtime, optional: false
09:37:02.951 [DEBUG] [org.gradle.api.internal.artifacts.ivyservice.resolveengine.graph.DependencyGraphBuilder] Visiting dependency org.grails:grails-plugin-url-mappings:3.3.0(runtime) -> dependency: org.grails:grails-validation:3.3.0, scope: Runtime, optional: false
09:37:02.952 [DEBUG] [org.gradle.api.internal.artifacts.ivyservice.resolveengine.graph.DependencyGraphBuilder] Visiting configuration org.javassist:javassist:3.21.0-GA(runtime).
09:37:02.952 [DEBUG] [org.gradle.api.internal.artifacts.ivyservice.resolveengine.graph.DependencyGraphBuilder] Visiting configuration org.grails.plugins:events:3.3.0(runtime).
09:37:02.952 [DEBUG] [org.gradle.api.internal.artifacts.ivyservice.resolveengine.graph.DependencyGraphBuilder] Visiting dependency org.grails.plugins:events:3.3.0(runtime) -> dependency: org.codehaus.groovy:groovy:2.4.11, scope: Runtime, optional: false
09:37:02.952 [DEBUG] [org.gradle.api.internal.artifacts.ivyservice.resolveengine.graph.DependencyGraphBuilder] Visiting dependency org.grails.plugins:events:3.3.0(runtime) -> dependency: org.slf4j:slf4j-api:1.7.22, scope: Runtime, optional: false
09:37:02.952 [DEBUG] [org.gradle.api.internal.artifacts.ivyservice.resolveengine.graph.DependencyGraphBuilder] Visiting dependency org.grails.plugins:events:3.3.0(runtime) -> dependency: org.grails:grails-core:3.2.10, scope: Runtime, optional: false
09:37:02.952 [DEBUG] [org.gradle.api.internal.artifacts.ivyservice.resolveengine.graph.DependencyGraphBuilder] Visiting dependency org.grails.plugins:events:3.3.0(runtime) -> dependency: org.grails:grails-events:3.3.0, scope: Runtime, optional: false
09:37:02.952 [DEBUG] [org.gradle.api.internal.artifacts.ivyservice.resolveengine.graph.DependencyGraphBuilder] Visiting dependency org.grails.plugins:events:3.3.0(runtime) -> dependency: org.grails:grails-events-transform:3.3.0, scope: Runtime, optional: false
09:37:02.952 [DEBUG] [org.gradle.api.internal.artifacts.ivyservice.resolveengine.graph.DependencyGraphBuilder] Visiting dependency org.grails.plugins:events:3.3.0(runtime) -> dependency: org.grails:grails-events-compat:3.3.0, scope: Runtime, optional: false
09:37:02.952 [DEBUG] [org.gradle.api.internal.artifacts.ivyservice.resolveengine.graph.DependencyGraphBuilder] Visiting configuration org.grails:grails-async:3.3.0(runtime).
09:37:02.952 [DEBUG] [org.gradle.api.internal.artifacts.ivyservice.resolveengine.graph.DependencyGraphBuilder] Visiting dependency org.grails:grails-async:3.3.0(runtime) -> dependency: org.codehaus.groovy:groovy:2.4.11, scope: Runtime, optional: false
09:37:02.952 [DEBUG] [org.gradle.api.internal.artifacts.ivyservice.resolveengine.graph.DependencyGraphBuilder] Visiting dependency org.grails:grails-async:3.3.0(runtime) -> dependency: org.slf4j:slf4j-api:1.7.22, scope: Runtime, optional: false
09:37:02.952 [DEBUG] [org.gradle.api.internal.artifacts.ivyservice.resolveengine.graph.DependencyGraphBuilder] Visiting configuration org.grails.plugins:fields:2.1.5(runtime).
09:37:02.952 [DEBUG] [org.gradle.api.internal.artifacts.ivyservice.resolveengine.graph.DependencyGraphBuilder] Visiting configuration org.grails:grails-events:3.3.0(runtime).
09:37:02.952 [DEBUG] [org.gradle.api.internal.artifacts.ivyservice.resolveengine.graph.DependencyGraphBuilder] Visiting dependency org.grails:grails-events:3.3.0(runtime) -> dependency: org.codehaus.groovy:groovy:2.4.11, scope: Runtime, optional: false
09:37:02.952 [DEBUG] [org.gradle.api.internal.artifacts.ivyservice.resolveengine.graph.DependencyGraphBuilder] Visiting dependency org.grails:grails-events:3.3.0(runtime) -> dependency: org.slf4j:slf4j-api:1.7.22, scope: Runtime, optional: false
09:37:02.952 [DEBUG] [org.gradle.api.internal.artifacts.ivyservice.resolveengine.graph.DependencyGraphBuilder] Visiting dependency org.grails:grails-events:3.3.0(runtime) -> dependency: org.springframework:spring-context:4.3.9.RELEASE, scope: Runtime, optional: false
09:37:02.952 [DEBUG] [org.gradle.api.internal.artifacts.ivyservice.resolveengine.graph.DependencyGraphBuilder] Visiting dependency org.grails:grails-events:3.3.0(runtime) -> dependency: org.springframework:spring-tx:4.3.9.RELEASE, scope: Runtime, optional: false
09:37:02.952 [DEBUG] [org.gradle.api.internal.artifacts.ivyservice.resolveengine.graph.DependencyGraphBuilder] Visiting configuration org.grails:grails-events-transform:3.3.0(runtime).
09:37:02.952 [DEBUG] [org.gradle.api.internal.artifacts.ivyservice.resolveengine.graph.DependencyGraphBuilder] Visiting dependency org.grails:grails-events-transform:3.3.0(runtime) -> dependency: org.codehaus.groovy:groovy:2.4.11, scope: Runtime, optional: false
09:37:02.952 [DEBUG] [org.gradle.api.internal.artifacts.ivyservice.resolveengine.graph.DependencyGraphBuilder] Visiting dependency org.grails:grails-events-transform:3.3.0(runtime) -> dependency: org.slf4j:slf4j-api:1.7.22, scope: Runtime, optional: false
09:37:02.952 [DEBUG] [org.gradle.api.internal.artifacts.ivyservice.resolveengine.graph.DependencyGraphBuilder] Visiting dependency org.grails:grails-events-transform:3.3.0(runtime) -> dependency: org.grails:grails-events:3.3.0, scope: Runtime, optional: false
09:37:02.953 [DEBUG] [org.gradle.api.internal.artifacts.ivyservice.resolveengine.graph.DependencyGraphBuilder] Visiting dependency org.grails:grails-events-transform:3.3.0(runtime) -> dependency: org.grails:grails-datastore-gorm:6.1.5.RELEASE, scope: Runtime, optional: false
09:37:02.953 [DEBUG] [io.spring.gradle.dependencymanagement.internal.VersionConfiguringAction] Processing dependency 'org.grails:grails-datastore-gorm:6.1.5.RELEASE'
09:37:02.953 [DEBUG] [io.spring.gradle.dependencymanagement.internal.DependencyManagementContainer] Found managed version '6.1.6.RELEASE' for dependency 'org.grails:grails-datastore-gorm' in global dependency management
09:37:02.953 [DEBUG] [io.spring.gradle.dependencymanagement.internal.VersionConfiguringAction] Using version '6.1.6.RELEASE' for dependency 'org.grails:grails-datastore-gorm:6.1.5.RELEASE'
09:37:02.953 [DEBUG] [org.gradle.api.internal.artifacts.ivyservice.resolveengine.graph.DependencyGraphBuilder] Visiting configuration org.grails:grails-events-compat:3.3.0(runtime).
09:37:02.953 [DEBUG] [org.gradle.api.internal.artifacts.ivyservice.resolveengine.graph.DependencyGraphBuilder] Visiting dependency org.grails:grails-events-compat:3.3.0(runtime) -> dependency: org.codehaus.groovy:groovy:2.4.11, scope: Runtime, optional: false
09:37:02.953 [DEBUG] [org.gradle.api.internal.artifacts.ivyservice.resolveengine.graph.DependencyGraphBuilder] Visiting dependency org.grails:grails-events-compat:3.3.0(runtime) -> dependency: org.slf4j:slf4j-api:1.7.22, scope: Runtime, optional: false
09:37:02.953 [DEBUG] [org.gradle.api.internal.artifacts.ivyservice.resolveengine.graph.DependencyGraphBuilder] Visiting dependency org.grails:grails-events-compat:3.3.0(runtime) -> dependency: org.grails:grails-events:3.3.0, scope: Runtime, optional: false
09:37:02.953 [DEBUG] [org.gradle.api.internal.artifacts.ivyservice.resolveengine.graph.DependencyGraphBuilder] Visiting dependency org.grails:grails-events-compat:3.3.0(runtime) -> dependency: org.grails:grails-events-transform:3.3.0, scope: Runtime, optional: false
09:37:02.953 [DEBUG] [org.gradle.api.internal.artifacts.ivyservice.resolveengine.graph.DependencyGraphBuilder] Visiting configuration org.hibernate:hibernate-core:5.1.5.Final(runtime).
09:37:02.953 [DEBUG] [org.gradle.api.internal.artifacts.ivyservice.resolveengine.graph.DependencyGraphBuilder] Visiting dependency org.hibernate:hibernate-core:5.1.5.Final(runtime) -> dependency: org.jboss.logging:jboss-logging:3.3.0.Final, scope: Compile, optional: false
09:37:02.953 [DEBUG] [org.gradle.api.internal.artifacts.ivyservice.resolveengine.graph.DependencyGraphBuilder] Visiting dependency org.hibernate:hibernate-core:5.1.5.Final(runtime) -> dependency: org.hibernate.javax.persistence:hibernate-jpa-2.1-api:1.0.0.Final, scope: Compile, optional: false
09:37:02.953 [DEBUG] [org.gradle.api.internal.artifacts.ivyservice.resolveengine.graph.DependencyGraphBuilder] Visiting dependency org.hibernate:hibernate-core:5.1.5.Final(runtime) -> dependency: org.javassist:javassist:3.20.0-GA, scope: Compile, optional: false
09:37:02.953 [DEBUG] [org.gradle.api.internal.artifacts.ivyservice.resolveengine.graph.DependencyGraphBuilder] Visiting dependency org.hibernate:hibernate-core:5.1.5.Final(runtime) -> dependency: antlr:antlr:2.7.7, scope: Compile, optional: false
09:37:02.953 [DEBUG] [org.gradle.api.internal.artifacts.ivyservice.resolveengine.graph.DependencyGraphBuilder] Visiting dependency org.hibernate:hibernate-core:5.1.5.Final(runtime) -> dependency: org.apache.geronimo.specs:geronimo-jta_1.1_spec:1.1.1, scope: Compile, optional: false
09:37:02.953 [DEBUG] [org.gradle.api.internal.artifacts.ivyservice.resolveengine.graph.DependencyGraphBuilder] Visiting dependency org.hibernate:hibernate-core:5.1.5.Final(runtime) -> dependency: org.jboss:jandex:2.0.3.Final, scope: Compile, optional: false
09:37:02.953 [DEBUG] [org.gradle.api.internal.artifacts.ivyservice.resolveengine.graph.DependencyGraphBuilder] Visiting dependency org.hibernate:hibernate-core:5.1.5.Final(runtime) -> dependency: com.fasterxml:classmate:1.3.0, scope: Compile, optional: false
09:37:02.953 [DEBUG] [org.gradle.api.internal.artifacts.ivyservice.resolveengine.graph.DependencyGraphBuilder] Visiting dependency org.hibernate:hibernate-core:5.1.5.Final(runtime) -> dependency: dom4j:dom4j:1.6.1, scope: Compile, optional: false
09:37:02.953 [DEBUG] [org.gradle.api.internal.artifacts.ivyservice.resolveengine.graph.DependencyGraphBuilder] Visiting dependency org.hibernate:hibernate-core:5.1.5.Final(runtime) -> dependency: org.hibernate.common:hibernate-commons-annotations:5.0.1.Final, scope: Compile, optional: false
09:37:02.953 [DEBUG] [org.gradle.api.internal.artifacts.ivyservice.resolveengine.graph.DependencyGraphBuilder] Visiting configuration org.grails:grails-datastore-web:6.1.6.RELEASE(runtime).
09:37:02.954 [DEBUG] [org.gradle.api.internal.artifacts.ivyservice.resolveengine.graph.DependencyGraphBuilder] Visiting dependency org.grails:grails-datastore-web:6.1.6.RELEASE(runtime) -> dependency: org.codehaus.groovy:groovy:2.4.11, scope: Runtime, optional: false
09:37:02.954 [DEBUG] [org.gradle.api.internal.artifacts.ivyservice.resolveengine.graph.DependencyGraphBuilder] Visiting dependency org.grails:grails-datastore-web:6.1.6.RELEASE(runtime) -> dependency: org.grails:grails-datastore-core:6.1.6.RELEASE, scope: Runtime, optional: false
09:37:02.954 [DEBUG] [org.gradle.api.internal.artifacts.ivyservice.resolveengine.graph.DependencyGraphBuilder] Visiting dependency org.grails:grails-datastore-web:6.1.6.RELEASE(runtime) -> dependency: org.springframework:spring-web:4.3.9.RELEASE, scope: Runtime, optional: false
09:37:02.954 [DEBUG] [io.spring.gradle.dependencymanagement.internal.VersionConfiguringAction] Processing dependency 'org.springframework:spring-web:4.3.9.RELEASE'
09:37:02.954 [DEBUG] [io.spring.gradle.dependencymanagement.internal.DependencyManagementContainer] Found managed version '4.3.9.RELEASE' for dependency 'org.springframework:spring-web' in global dependency management
09:37:02.954 [DEBUG] [io.spring.gradle.dependencymanagement.internal.VersionConfiguringAction] Using version '4.3.9.RELEASE' for dependency 'org.springframework:spring-web:4.3.9.RELEASE'
09:37:02.954 [DEBUG] [org.gradle.api.internal.artifacts.ivyservice.resolveengine.graph.DependencyGraphBuilder] Selecting new module version org.springframework:spring-web:4.3.9.RELEASE
09:37:02.954 [DEBUG] [org.gradle.api.internal.artifacts.ivyservice.ivyresolve.RepositoryChainComponentMetaDataResolver] Attempting to resolve component for org.springframework:spring-web:4.3.9.RELEASE using repositories [MavenLocal, maven, maven2, maven3]
09:37:02.954 [DEBUG] [org.gradle.api.internal.artifacts.ivyservice.ivyresolve.RepositoryChainComponentMetaDataResolver] Using org.springframework:spring-web:4.3.9.RELEASE from Maven repository 'maven'
09:37:02.954 [DEBUG] [org.gradle.api.internal.artifacts.ivyservice.resolveengine.graph.DependencyGraphBuilder] Visiting dependency org.grails:grails-datastore-web:6.1.6.RELEASE(runtime) -> dependency: org.springframework:spring-context:4.3.9.RELEASE, scope: Runtime, optional: false
09:37:02.954 [DEBUG] [org.gradle.api.internal.artifacts.ivyservice.resolveengine.graph.DependencyGraphBuilder] Visiting configuration org.grails:grails-datastore-gorm-support:6.1.6.RELEASE(runtime).
09:37:02.954 [DEBUG] [org.gradle.api.internal.artifacts.ivyservice.resolveengine.graph.DependencyGraphBuilder] Visiting dependency org.grails:grails-datastore-gorm-support:6.1.6.RELEASE(runtime) -> dependency: org.codehaus.groovy:groovy:2.4.11, scope: Runtime, optional: false
09:37:02.954 [DEBUG] [org.gradle.api.internal.artifacts.ivyservice.resolveengine.graph.DependencyGraphBuilder] Visiting dependency org.grails:grails-datastore-gorm-support:6.1.6.RELEASE(runtime) -> dependency: org.grails:grails-datastore-gorm:6.1.6.RELEASE, scope: Runtime, optional: false
09:37:02.955 [DEBUG] [org.gradle.api.internal.artifacts.ivyservice.resolveengine.graph.DependencyGraphBuilder] Visiting dependency org.grails:grails-datastore-gorm-support:6.1.6.RELEASE(runtime) -> dependency: org.grails:grails-core:3.2.11, scope: Runtime, optional: false
09:37:02.955 [DEBUG] [io.spring.gradle.dependencymanagement.internal.VersionConfiguringAction] Processing dependency 'org.grails:grails-core:3.2.11'
09:37:02.955 [DEBUG] [io.spring.gradle.dependencymanagement.internal.DependencyManagementContainer] Found managed version '3.3.0' for dependency 'org.grails:grails-core' in global dependency management
09:37:02.955 [DEBUG] [io.spring.gradle.dependencymanagement.internal.VersionConfiguringAction] Using version '3.3.0' for dependency 'org.grails:grails-core:3.2.11'
09:37:02.955 [DEBUG] [org.gradle.api.internal.artifacts.ivyservice.resolveengine.graph.DependencyGraphBuilder] Visiting dependency org.grails:grails-datastore-gorm-support:6.1.6.RELEASE(runtime) -> dependency: org.grails:grails-bootstrap:3.2.11, scope: Runtime, optional: false
09:37:02.955 [DEBUG] [io.spring.gradle.dependencymanagement.internal.VersionConfiguringAction] Processing dependency 'org.grails:grails-bootstrap:3.2.11'
09:37:02.955 [DEBUG] [io.spring.gradle.dependencymanagement.internal.DependencyManagementContainer] Found managed version '3.3.0' for dependency 'org.grails:grails-bootstrap' in global dependency management
09:37:02.955 [DEBUG] [io.spring.gradle.dependencymanagement.internal.VersionConfiguringAction] Using version '3.3.0' for dependency 'org.grails:grails-bootstrap:3.2.11'
09:37:02.955 [DEBUG] [org.gradle.api.internal.artifacts.ivyservice.resolveengine.graph.DependencyGraphBuilder] Visiting configuration org.grails:grails-datastore-gorm-hibernate5:6.1.6.RELEASE(runtime).
09:37:02.955 [DEBUG] [org.gradle.api.internal.artifacts.ivyservice.resolveengine.graph.DependencyGraphBuilder] Visiting dependency org.grails:grails-datastore-gorm-hibernate5:6.1.6.RELEASE(runtime) -> dependency: org.grails:grails-datastore-gorm-hibernate-core:6.1.6.RELEASE, scope: Runtime, optional: false
09:37:02.955 [DEBUG] [io.spring.gradle.dependencymanagement.internal.VersionConfiguringAction] Processing dependency 'org.grails:grails-datastore-gorm-hibernate-core:6.1.6.RELEASE'
09:37:02.955 [DEBUG] [io.spring.gradle.dependencymanagement.internal.VersionConfiguringAction] No dependency management for dependency 'org.grails:grails-datastore-gorm-hibernate-core:6.1.6.RELEASE'
09:37:02.955 [DEBUG] [org.gradle.api.internal.artifacts.ivyservice.resolveengine.graph.DependencyGraphBuilder] Selecting new module version org.grails:grails-datastore-gorm-hibernate-core:6.1.6.RELEASE
09:37:02.956 [DEBUG] [org.gradle.api.internal.artifacts.ivyservice.ivyresolve.RepositoryChainComponentMetaDataResolver] Attempting to resolve component for org.grails:grails-datastore-gorm-hibernate-core:6.1.6.RELEASE using repositories [MavenLocal, maven, maven2, maven3]
09:37:02.956 [DEBUG] [org.gradle.api.internal.artifacts.ivyservice.ivyresolve.RepositoryChainComponentMetaDataResolver] Using org.grails:grails-datastore-gorm-hibernate-core:6.1.6.RELEASE from Maven repository 'maven'
09:37:02.956 [DEBUG] [org.gradle.api.internal.artifacts.ivyservice.resolveengine.graph.DependencyGraphBuilder] Visiting dependency org.grails:grails-datastore-gorm-hibernate5:6.1.6.RELEASE(runtime) -> dependency: org.springframework:spring-orm:4.3.9.RELEASE, scope: Runtime, optional: false
09:37:02.956 [DEBUG] [io.spring.gradle.dependencymanagement.internal.VersionConfiguringAction] Processing dependency 'org.springframework:spring-orm:4.3.9.RELEASE'
09:37:02.956 [DEBUG] [io.spring.gradle.dependencymanagement.internal.DependencyManagementContainer] Found managed version '4.3.9.RELEASE' for dependency 'org.springframework:spring-orm' in global dependency management
09:37:02.956 [DEBUG] [io.spring.gradle.dependencymanagement.internal.VersionConfiguringAction] Using version '4.3.9.RELEASE' for dependency 'org.springframework:spring-orm:4.3.9.RELEASE'
09:37:02.956 [DEBUG] [org.gradle.api.internal.artifacts.ivyservice.resolveengine.graph.DependencyGraphBuilder] Visiting dependency org.grails:grails-datastore-gorm-hibernate5:6.1.6.RELEASE(runtime) -> dependency: org.hibernate:hibernate-core:5.1.5.Final, scope: Runtime, optional: false
09:37:02.956 [DEBUG] [org.gradle.api.internal.artifacts.ivyservice.resolveengine.graph.DependencyGraphBuilder] Visiting dependency org.grails:grails-datastore-gorm-hibernate5:6.1.6.RELEASE(runtime) -> dependency: org.hibernate:hibernate-validator:5.2.5.Final, scope: Runtime, optional: false
09:37:02.956 [DEBUG] [io.spring.gradle.dependencymanagement.internal.VersionConfiguringAction] Processing dependency 'org.hibernate:hibernate-validator:5.2.5.Final'
09:37:02.956 [DEBUG] [io.spring.gradle.dependencymanagement.internal.DependencyManagementContainer] Found managed version '5.3.5.Final' for dependency 'org.hibernate:hibernate-validator' in global dependency management
09:37:02.956 [DEBUG] [io.spring.gradle.dependencymanagement.internal.VersionConfiguringAction] Using version '5.3.5.Final' for dependency 'org.hibernate:hibernate-validator:5.2.5.Final'
09:37:02.956 [DEBUG] [org.gradle.api.internal.artifacts.ivyservice.resolveengine.graph.DependencyGraphBuilder] Selecting new module version org.hibernate:hibernate-validator:5.3.5.Final
09:37:02.956 [DEBUG] [org.gradle.api.internal.artifacts.ivyservice.ivyresolve.RepositoryChainComponentMetaDataResolver] Attempting to resolve component for org.hibernate:hibernate-validator:5.3.5.Final using repositories [MavenLocal, maven, maven2, maven3]
09:37:02.956 [DEBUG] [org.gradle.api.internal.artifacts.repositories.resolver.DefaultExternalResourceArtifactResolver] Loading file:/Users/michaelmennis/.m2/repository/org/hibernate/hibernate-validator/5.3.5.Final/hibernate-validator-5.3.5.Final.pom
09:37:02.956 [DEBUG] [org.gradle.api.internal.artifacts.repositories.resolver.DefaultExternalResourceArtifactResolver] Loading file:/Users/michaelmennis/.m2/repository/org/hibernate/hibernate-validator/5.3.5.Final/hibernate-validator-5.3.5.Final.jar
09:37:02.957 [DEBUG] [org.gradle.api.internal.artifacts.repositories.resolver.ExternalResourceResolver] No meta-data file or artifact found for module 'org.hibernate:hibernate-validator:5.3.5.Final' in repository 'MavenLocal'.
09:37:02.957 [DEBUG] [org.gradle.api.internal.artifacts.ivyservice.ivyresolve.CachingModuleComponentRepository] Using cached module metadata for module 'org.hibernate:hibernate-validator:5.3.5.Final' in 'maven'
09:37:02.957 [DEBUG] [org.gradle.api.internal.artifacts.ivyservice.ivyresolve.RepositoryChainComponentMetaDataResolver] Using org.hibernate:hibernate-validator:5.3.5.Final from Maven repository 'maven'
09:37:02.957 [DEBUG] [org.gradle.api.internal.artifacts.ivyservice.resolveengine.graph.DependencyGraphBuilder] Visiting dependency org.grails:grails-datastore-gorm-hibernate5:6.1.6.RELEASE(runtime) -> dependency: javax.el:javax.el-api:2.2.4, scope: Runtime, optional: false
09:37:02.957 [DEBUG] [io.spring.gradle.dependencymanagement.internal.VersionConfiguringAction] Processing dependency 'javax.el:javax.el-api:2.2.4'
09:37:02.957 [DEBUG] [io.spring.gradle.dependencymanagement.internal.VersionConfiguringAction] No dependency management for dependency 'javax.el:javax.el-api:2.2.4'
09:37:02.957 [DEBUG] [org.gradle.api.internal.artifacts.ivyservice.resolveengine.graph.DependencyGraphBuilder] Selecting new module version javax.el:javax.el-api:2.2.4
09:37:02.957 [DEBUG] [org.gradle.api.internal.artifacts.ivyservice.ivyresolve.RepositoryChainComponentMetaDataResolver] Attempting to resolve component for javax.el:javax.el-api:2.2.4 using repositories [MavenLocal, maven, maven2, maven3]
09:37:02.957 [DEBUG] [org.gradle.api.internal.artifacts.ivyservice.ivyresolve.RepositoryChainComponentMetaDataResolver] Using javax.el:javax.el-api:2.2.4 from Maven repository 'maven'
09:37:02.957 [DEBUG] [org.gradle.api.internal.artifacts.ivyservice.resolveengine.graph.DependencyGraphBuilder] Visiting configuration org.springframework:spring-orm:4.3.9.RELEASE(runtime).
09:37:02.958 [DEBUG] [org.gradle.api.internal.artifacts.ivyservice.resolveengine.graph.DependencyGraphBuilder] Visiting dependency org.springframework:spring-orm:4.3.9.RELEASE(runtime) -> dependency: org.springframework:spring-beans:4.3.9.RELEASE, scope: Compile, optional: false
09:37:02.958 [DEBUG] [org.gradle.api.internal.artifacts.ivyservice.resolveengine.graph.DependencyGraphBuilder] Visiting dependency org.springframework:spring-orm:4.3.9.RELEASE(runtime) -> dependency: org.springframework:spring-core:4.3.9.RELEASE, scope: Compile, optional: false
09:37:02.958 [DEBUG] [org.gradle.api.internal.artifacts.ivyservice.resolveengine.graph.DependencyGraphBuilder] Visiting dependency org.springframework:spring-orm:4.3.9.RELEASE(runtime) -> dependency: org.springframework:spring-jdbc:4.3.9.RELEASE, scope: Compile, optional: false
09:37:02.958 [DEBUG] [org.gradle.api.internal.artifacts.ivyservice.resolveengine.graph.DependencyGraphBuilder] Visiting dependency org.springframework:spring-orm:4.3.9.RELEASE(runtime) -> dependency: org.springframework:spring-tx:4.3.9.RELEASE, scope: Compile, optional: false
09:37:02.958 [DEBUG] [org.gradle.api.internal.artifacts.ivyservice.resolveengine.graph.DependencyGraphBuilder] Visiting configuration org.jboss.logging:jboss-logging:3.3.1.Final(runtime).
09:37:02.958 [DEBUG] [org.gradle.api.internal.artifacts.ivyservice.resolveengine.graph.DependencyGraphBuilder] Visiting configuration antlr:antlr:2.7.7(runtime).
09:37:02.958 [DEBUG] [org.gradle.api.internal.artifacts.ivyservice.resolveengine.graph.DependencyGraphBuilder] Visiting configuration org.apache.geronimo.specs:geronimo-jta_1.1_spec:1.1.1(runtime).
09:37:02.958 [DEBUG] [org.gradle.api.internal.artifacts.ivyservice.resolveengine.graph.DependencyGraphBuilder] Visiting configuration org.jboss:jandex:2.0.3.Final(runtime).
09:37:02.958 [DEBUG] [org.gradle.api.internal.artifacts.ivyservice.resolveengine.graph.DependencyGraphBuilder] Visiting configuration com.fasterxml:classmate:1.3.3(runtime).
09:37:02.958 [DEBUG] [org.gradle.api.internal.artifacts.ivyservice.resolveengine.graph.DependencyGraphBuilder] Visiting configuration dom4j:dom4j:1.6.1(runtime).
09:37:02.958 [DEBUG] [org.gradle.api.internal.artifacts.ivyservice.resolveengine.graph.DependencyGraphBuilder] Visiting dependency dom4j:dom4j:1.6.1(runtime) -> dependency: xml-apis:xml-apis:1.0.b2, scope: Compile, optional: false
09:37:02.958 [DEBUG] [io.spring.gradle.dependencymanagement.internal.VersionConfiguringAction] Processing dependency 'xml-apis:xml-apis:1.0.b2'
09:37:02.958 [DEBUG] [io.spring.gradle.dependencymanagement.internal.DependencyManagementContainer] Found managed version '1.4.01' for dependency 'xml-apis:xml-apis' in global dependency management
09:37:02.958 [DEBUG] [io.spring.gradle.dependencymanagement.internal.VersionConfiguringAction] Using version '1.4.01' for dependency 'xml-apis:xml-apis:1.0.b2'
09:37:02.958 [DEBUG] [org.gradle.api.internal.artifacts.ivyservice.resolveengine.graph.DependencyGraphBuilder] Selecting new module version xml-apis:xml-apis:1.4.01
09:37:02.958 [DEBUG] [org.gradle.api.internal.artifacts.ivyservice.ivyresolve.RepositoryChainComponentMetaDataResolver] Attempting to resolve component for xml-apis:xml-apis:1.4.01 using repositories [MavenLocal, maven, maven2, maven3]
09:37:02.958 [DEBUG] [org.gradle.api.internal.artifacts.repositories.resolver.DefaultExternalResourceArtifactResolver] Loading file:/Users/michaelmennis/.m2/repository/xml-apis/xml-apis/1.4.01/xml-apis-1.4.01.pom
09:37:02.959 [DEBUG] [org.gradle.api.internal.artifacts.repositories.resolver.DefaultExternalResourceArtifactResolver] Loading file:/Users/michaelmennis/.m2/repository/xml-apis/xml-apis/1.4.01/xml-apis-1.4.01.jar
09:37:02.959 [DEBUG] [org.gradle.api.internal.artifacts.repositories.resolver.ExternalResourceResolver] Metadata file found for module 'xml-apis:xml-apis:1.4.01' in repository 'MavenLocal'.
09:37:02.959 [DEBUG] [org.gradle.api.internal.artifacts.ivyservice.ivyresolve.RepositoryChainComponentMetaDataResolver] Using xml-apis:xml-apis:1.4.01 from Maven repository 'MavenLocal'
09:37:02.960 [DEBUG] [org.gradle.api.internal.artifacts.ivyservice.resolveengine.graph.DependencyGraphBuilder] Visiting configuration org.hibernate.common:hibernate-commons-annotations:5.0.1.Final(runtime).
09:37:02.960 [DEBUG] [org.gradle.api.internal.artifacts.ivyservice.resolveengine.graph.DependencyGraphBuilder] Visiting dependency org.hibernate.common:hibernate-commons-annotations:5.0.1.Final(runtime) -> dependency: org.jboss.logging:jboss-logging:3.3.0.Final, scope: Compile, optional: false
09:37:02.960 [DEBUG] [org.gradle.api.internal.artifacts.ivyservice.resolveengine.graph.DependencyGraphBuilder] Visiting configuration org.grails:grails-web-jsp:3.3.0(runtime).
09:37:02.960 [DEBUG] [org.gradle.api.internal.artifacts.ivyservice.resolveengine.graph.DependencyGraphBuilder] Visiting dependency org.grails:grails-web-jsp:3.3.0(runtime) -> dependency: org.codehaus.groovy:groovy:2.4.11, scope: Runtime, optional: false
09:37:02.960 [DEBUG] [org.gradle.api.internal.artifacts.ivyservice.resolveengine.graph.DependencyGraphBuilder] Visiting dependency org.grails:grails-web-jsp:3.3.0(runtime) -> dependency: org.slf4j:slf4j-api:1.7.22, scope: Runtime, optional: false
09:37:02.960 [DEBUG] [org.gradle.api.internal.artifacts.ivyservice.resolveengine.graph.DependencyGraphBuilder] Visiting dependency org.grails:grails-web-jsp:3.3.0(runtime) -> dependency: org.grails:grails-web-common:3.2.10, scope: Runtime, optional: false
09:37:02.960 [DEBUG] [io.spring.gradle.dependencymanagement.internal.VersionConfiguringAction] Processing dependency 'org.grails:grails-web-common:3.2.10'
09:37:02.960 [DEBUG] [io.spring.gradle.dependencymanagement.internal.DependencyManagementContainer] Found managed version '3.3.0' for dependency 'org.grails:grails-web-common' in global dependency management
09:37:02.960 [DEBUG] [io.spring.gradle.dependencymanagement.internal.VersionConfiguringAction] Using version '3.3.0' for dependency 'org.grails:grails-web-common:3.2.10'
09:37:02.960 [DEBUG] [org.gradle.api.internal.artifacts.ivyservice.resolveengine.graph.DependencyGraphBuilder] Visiting dependency org.grails:grails-web-jsp:3.3.0(runtime) -> dependency: org.grails:grails-web-gsp:3.3.0, scope: Runtime, optional: false
09:37:02.960 [DEBUG] [org.gradle.api.internal.artifacts.ivyservice.resolveengine.graph.DependencyGraphBuilder] Visiting configuration org.grails:grails-web-gsp-taglib:3.3.0(runtime).
09:37:02.960 [DEBUG] [org.gradle.api.internal.artifacts.ivyservice.resolveengine.graph.DependencyGraphBuilder] Visiting dependency org.grails:grails-web-gsp-taglib:3.3.0(runtime) -> dependency: org.codehaus.groovy:groovy:2.4.11, scope: Runtime, optional: false
09:37:02.960 [DEBUG] [org.gradle.api.internal.artifacts.ivyservice.resolveengine.graph.DependencyGraphBuilder] Visiting dependency org.grails:grails-web-gsp-taglib:3.3.0(runtime) -> dependency: org.slf4j:slf4j-api:1.7.22, scope: Runtime, optional: false
09:37:02.961 [DEBUG] [org.gradle.api.internal.artifacts.ivyservice.resolveengine.graph.DependencyGraphBuilder] Visiting dependency org.grails:grails-web-gsp-taglib:3.3.0(runtime) -> dependency: org.grails:grails-web-jsp:3.3.0, scope: Runtime, optional: false
09:37:02.961 [DEBUG] [org.gradle.api.internal.artifacts.ivyservice.resolveengine.graph.DependencyGraphBuilder] Visiting configuration commons-lang:commons-lang:2.6(runtime).
09:37:02.961 [DEBUG] [org.gradle.api.internal.artifacts.ivyservice.resolveengine.graph.DependencyGraphBuilder] Visiting configuration org.grails:grails-plugin-codecs:3.3.0(runtime).
09:37:02.961 [DEBUG] [org.gradle.api.internal.artifacts.ivyservice.resolveengine.graph.DependencyGraphBuilder] Visiting dependency org.grails:grails-plugin-codecs:3.3.0(runtime) -> dependency: org.codehaus.groovy:groovy:2.4.11, scope: Runtime, optional: false
09:37:02.961 [DEBUG] [org.gradle.api.internal.artifacts.ivyservice.resolveengine.graph.DependencyGraphBuilder] Visiting dependency org.grails:grails-plugin-codecs:3.3.0(runtime) -> dependency: org.slf4j:slf4j-api:1.7.22, scope: Runtime, optional: false
09:37:02.961 [DEBUG] [org.gradle.api.internal.artifacts.ivyservice.resolveengine.graph.DependencyGraphBuilder] Visiting dependency org.grails:grails-plugin-codecs:3.3.0(runtime) -> dependency: org.slf4j:jcl-over-slf4j:1.7.22, scope: Runtime, optional: false
09:37:02.961 [DEBUG] [org.gradle.api.internal.artifacts.ivyservice.resolveengine.graph.DependencyGraphBuilder] Visiting dependency org.grails:grails-plugin-codecs:3.3.0(runtime) -> dependency: org.grails:grails-web:3.3.0, scope: Runtime, optional: false
09:37:02.961 [DEBUG] [org.gradle.api.internal.artifacts.ivyservice.resolveengine.graph.DependencyGraphBuilder] Visiting dependency org.grails:grails-plugin-codecs:3.3.0(runtime) -> dependency: org.grails:grails-encoder:3.3.0, scope: Runtime, optional: false
09:37:02.961 [DEBUG] [org.gradle.api.internal.artifacts.ivyservice.resolveengine.graph.DependencyGraphBuilder] Visiting dependency org.grails:grails-plugin-codecs:3.3.0(runtime) -> dependency: org.grails:grails-codecs:3.3.0, scope: Runtime, optional: false
09:37:02.961 [DEBUG] [io.spring.gradle.dependencymanagement.internal.VersionConfiguringAction] Processing dependency 'org.grails:grails-codecs:3.3.0'
09:37:02.961 [DEBUG] [io.spring.gradle.dependencymanagement.internal.DependencyManagementContainer] Found managed version '3.3.0' for dependency 'org.grails:grails-codecs' in global dependency management
09:37:02.961 [DEBUG] [io.spring.gradle.dependencymanagement.internal.VersionConfiguringAction] Using version '3.3.0' for dependency 'org.grails:grails-codecs:3.3.0'
09:37:02.961 [DEBUG] [org.gradle.api.internal.artifacts.ivyservice.resolveengine.graph.DependencyGraphBuilder] Selecting new module version org.grails:grails-codecs:3.3.0
09:37:02.961 [DEBUG] [org.gradle.api.internal.artifacts.ivyservice.ivyresolve.RepositoryChainComponentMetaDataResolver] Attempting to resolve component for org.grails:grails-codecs:3.3.0 using repositories [MavenLocal, maven, maven2, maven3]
09:37:02.961 [DEBUG] [org.gradle.api.internal.artifacts.repositories.resolver.DefaultExternalResourceArtifactResolver] Loading file:/Users/michaelmennis/.m2/repository/org/grails/grails-codecs/3.3.0/grails-codecs-3.3.0.pom
09:37:02.961 [DEBUG] [org.gradle.api.internal.artifacts.repositories.resolver.DefaultExternalResourceArtifactResolver] Loading file:/Users/michaelmennis/.m2/repository/org/grails/grails-codecs/3.3.0/grails-codecs-3.3.0.jar
09:37:02.961 [DEBUG] [org.gradle.api.internal.artifacts.repositories.resolver.ExternalResourceResolver] No meta-data file or artifact found for module 'org.grails:grails-codecs:3.3.0' in repository 'MavenLocal'.
09:37:02.962 [DEBUG] [org.gradle.api.internal.artifacts.ivyservice.ivyresolve.CachingModuleComponentRepository] Using cached module metadata for module 'org.grails:grails-codecs:3.3.0' in 'maven'
09:37:02.962 [DEBUG] [org.gradle.api.internal.artifacts.ivyservice.ivyresolve.RepositoryChainComponentMetaDataResolver] Using org.grails:grails-codecs:3.3.0 from Maven repository 'maven'
09:37:02.962 [DEBUG] [org.gradle.api.internal.artifacts.ivyservice.resolveengine.graph.DependencyGraphBuilder] Visiting configuration javax.el:el-api:2.1.2-b03(runtime).
09:37:02.962 [DEBUG] [org.gradle.api.internal.artifacts.ivyservice.resolveengine.graph.DependencyGraphBuilder] Visiting configuration org.apache.tomcat:tomcat-juli:8.5.15(runtime).
09:37:02.962 [DEBUG] [org.gradle.api.internal.artifacts.ivyservice.resolveengine.graph.DependencyGraphBuilder] Visiting configuration com.bertramlabs.plugins:asset-pipeline-core:2.14.2(runtime).
09:37:02.962 [DEBUG] [org.gradle.api.internal.artifacts.ivyservice.resolveengine.graph.DependencyGraphBuilder] org.mozilla:rhino is excluded from com.bertramlabs.plugins:asset-pipeline-core:2.14.2(runtime).
09:37:02.962 [DEBUG] [org.gradle.api.internal.artifacts.ivyservice.resolveengine.graph.DependencyGraphBuilder] com.google.javascript:closure-compiler-unshaded is excluded from com.bertramlabs.plugins:asset-pipeline-core:2.14.2(runtime).
09:37:02.962 [DEBUG] [org.gradle.api.internal.artifacts.ivyservice.resolveengine.graph.DependencyGraphBuilder] Visiting dependency com.bertramlabs.plugins:asset-pipeline-core:2.14.2(runtime) -> dependency: commons-logging:commons-logging:1.1.1, scope: Runtime, optional: false
09:37:02.962 [DEBUG] [io.spring.gradle.dependencymanagement.internal.VersionConfiguringAction] Processing dependency 'commons-logging:commons-logging:1.1.1'
09:37:02.962 [DEBUG] [io.spring.gradle.dependencymanagement.internal.VersionConfiguringAction] No dependency management for dependency 'commons-logging:commons-logging:1.1.1'
09:37:02.962 [DEBUG] [org.gradle.api.internal.artifacts.ivyservice.resolveengine.graph.DependencyGraphBuilder] Found new conflicting module version commons-logging:commons-logging:1.1.1
09:37:02.962 [DEBUG] [org.gradle.api.internal.artifacts.ivyservice.resolveengine.graph.DependencyGraphBuilder] Visiting configuration com.fasterxml.jackson.core:jackson-annotations:2.8.0(runtime).
09:37:02.963 [DEBUG] [org.gradle.api.internal.artifacts.ivyservice.resolveengine.graph.DependencyGraphBuilder] Visiting configuration com.fasterxml.jackson.core:jackson-core:2.8.8(runtime).
09:37:02.963 [DEBUG] [org.gradle.api.internal.artifacts.ivyservice.resolveengine.graph.DependencyGraphBuilder] Visiting configuration com.google.guava:guava:18.0(runtime).
09:37:02.963 [DEBUG] [org.gradle.api.internal.artifacts.ivyservice.resolveengine.graph.DependencyGraphBuilder] Visiting configuration org.ojai:ojai:2.0-SNAPSHOT(runtime).
09:37:02.963 [DEBUG] [org.gradle.api.internal.artifacts.ivyservice.resolveengine.graph.DependencyGraphBuilder] Visiting dependency org.ojai:ojai:2.0-SNAPSHOT(runtime) -> dependency: org.antlr:antlr4-runtime:4.5, scope: Compile, optional: false
09:37:02.963 [DEBUG] [io.spring.gradle.dependencymanagement.internal.VersionConfiguringAction] Processing dependency 'org.antlr:antlr4-runtime:4.5'
09:37:02.963 [DEBUG] [io.spring.gradle.dependencymanagement.internal.VersionConfiguringAction] No dependency management for dependency 'org.antlr:antlr4-runtime:4.5'
09:37:02.963 [DEBUG] [org.gradle.api.internal.artifacts.ivyservice.resolveengine.graph.DependencyGraphBuilder] Selecting new module version org.antlr:antlr4-runtime:4.5
09:37:02.963 [DEBUG] [org.gradle.api.internal.artifacts.ivyservice.ivyresolve.RepositoryChainComponentMetaDataResolver] Attempting to resolve component for org.antlr:antlr4-runtime:4.5 using repositories [MavenLocal, maven, maven2, maven3]
09:37:02.963 [DEBUG] [org.gradle.api.internal.artifacts.repositories.resolver.DefaultExternalResourceArtifactResolver] Loading file:/Users/michaelmennis/.m2/repository/org/antlr/antlr4-runtime/4.5/antlr4-runtime-4.5.pom
09:37:02.964 [DEBUG] [org.gradle.api.internal.artifacts.repositories.resolver.DefaultExternalResourceArtifactResolver] Loading file:/Users/michaelmennis/.m2/repository/org/antlr/antlr4-runtime/4.5/antlr4-runtime-4.5.jar
09:37:02.965 [DEBUG] [org.gradle.api.internal.artifacts.repositories.resolver.ExternalResourceResolver] Metadata file found for module 'org.antlr:antlr4-runtime:4.5' in repository 'MavenLocal'.
09:37:02.965 [DEBUG] [org.gradle.api.internal.artifacts.ivyservice.ivyresolve.RepositoryChainComponentMetaDataResolver] Using org.antlr:antlr4-runtime:4.5 from Maven repository 'MavenLocal'
09:37:02.965 [DEBUG] [org.gradle.api.internal.artifacts.ivyservice.resolveengine.graph.DependencyGraphBuilder] Visiting dependency org.ojai:ojai:2.0-SNAPSHOT(runtime) -> dependency: com.google.guava:guava:18.0, scope: Compile, optional: false
09:37:02.965 [DEBUG] [org.gradle.api.internal.artifacts.ivyservice.resolveengine.graph.DependencyGraphBuilder] Visiting dependency org.ojai:ojai:2.0-SNAPSHOT(runtime) -> dependency: org.slf4j:slf4j-api:1.7.12, scope: Compile, optional: false
09:37:02.965 [DEBUG] [org.gradle.api.internal.artifacts.ivyservice.resolveengine.graph.DependencyGraphBuilder] Visiting dependency org.ojai:ojai:2.0-SNAPSHOT(runtime) -> dependency: com.fasterxml.jackson.core:jackson-annotations:2.7.2, scope: Compile, optional: false
09:37:02.965 [DEBUG] [org.gradle.api.internal.artifacts.ivyservice.resolveengine.graph.DependencyGraphBuilder] Visiting dependency org.ojai:ojai:2.0-SNAPSHOT(runtime) -> dependency: com.fasterxml.jackson.core:jackson-core:2.7.2, scope: Compile, optional: false
09:37:02.965 [DEBUG] [io.spring.gradle.dependencymanagement.internal.VersionConfiguringAction] Processing dependency 'com.fasterxml.jackson.core:jackson-core:2.7.2'
09:37:02.965 [DEBUG] [io.spring.gradle.dependencymanagement.internal.DependencyManagementContainer] Found managed version '2.8.8' for dependency 'com.fasterxml.jackson.core:jackson-core' in global dependency management
09:37:02.965 [DEBUG] [io.spring.gradle.dependencymanagement.internal.VersionConfiguringAction] Using version '2.8.8' for dependency 'com.fasterxml.jackson.core:jackson-core:2.7.2'
09:37:02.965 [DEBUG] [org.gradle.api.internal.artifacts.ivyservice.resolveengine.graph.DependencyGraphBuilder] Visiting dependency org.ojai:ojai:2.0-SNAPSHOT(runtime) -> dependency: com.fasterxml.jackson.core:jackson-databind:2.7.2, scope: Compile, optional: false
09:37:02.965 [DEBUG] [org.gradle.api.internal.artifacts.ivyservice.resolveengine.graph.DependencyGraphBuilder] Visiting configuration com.mapr.db:maprdb:6.0.0-mapr-SNAPSHOT(runtime).
09:37:02.965 [DEBUG] [org.gradle.api.internal.artifacts.ivyservice.resolveengine.graph.DependencyGraphBuilder] Visiting dependency com.mapr.db:maprdb:6.0.0-mapr-SNAPSHOT(runtime) -> dependency: org.ojai:ojai:2.0-SNAPSHOT, scope: Compile, optional: false
09:37:02.966 [DEBUG] [org.gradle.api.internal.artifacts.ivyservice.resolveengine.graph.DependencyGraphBuilder] Visiting dependency com.mapr.db:maprdb:6.0.0-mapr-SNAPSHOT(runtime) -> dependency: com.google.guava:guava:14.0.1, scope: Compile, optional: false
09:37:02.966 [DEBUG] [org.gradle.api.internal.artifacts.ivyservice.resolveengine.graph.DependencyGraphBuilder] Visiting dependency com.mapr.db:maprdb:6.0.0-mapr-SNAPSHOT(runtime) -> dependency: com.mapr.hadoop:maprfs:6.0.0-mapr-SNAPSHOT, scope: Compile, optional: false
09:37:02.966 [DEBUG] [org.gradle.api.internal.artifacts.ivyservice.resolveengine.graph.DependencyGraphBuilder] Visiting dependency com.mapr.db:maprdb:6.0.0-mapr-SNAPSHOT(runtime) -> dependency: com.google.protobuf:protobuf-java:2.5.0, scope: Compile, optional: false
09:37:02.966 [DEBUG] [org.gradle.api.internal.artifacts.ivyservice.resolveengine.graph.DependencyGraphBuilder] Visiting dependency com.mapr.db:maprdb:6.0.0-mapr-SNAPSHOT(runtime) -> dependency: org.apache.hadoop:hadoop-common:2.7.0-mapr-1506-SNAPSHOT, scope: Compile, optional: false
09:37:02.966 [DEBUG] [org.gradle.api.internal.artifacts.ivyservice.resolveengine.graph.DependencyGraphBuilder] Visiting dependency com.mapr.db:maprdb:6.0.0-mapr-SNAPSHOT(runtime) -> dependency: com.fasterxml.jackson.core:jackson-databind:2.7.2, scope: Compile, optional: false
09:37:02.966 [DEBUG] [org.gradle.api.internal.artifacts.ivyservice.resolveengine.graph.DependencyGraphBuilder] Visiting dependency com.mapr.db:maprdb:6.0.0-mapr-SNAPSHOT(runtime) -> dependency: com.fasterxml.jackson.core:jackson-annotations:2.7.2, scope: Compile, optional: false
09:37:02.966 [DEBUG] [org.gradle.api.internal.artifacts.ivyservice.resolveengine.graph.DependencyGraphBuilder] Visiting dependency com.mapr.db:maprdb:6.0.0-mapr-SNAPSHOT(runtime) -> dependency: org.slf4j:slf4j-api:1.7.12, scope: Compile, optional: false
09:37:02.966 [DEBUG] [org.gradle.api.internal.artifacts.ivyservice.resolveengine.graph.DependencyGraphBuilder] Visiting configuration com.google.protobuf:protobuf-java:2.5.0(runtime).
09:37:02.966 [DEBUG] [org.gradle.api.internal.artifacts.ivyservice.resolveengine.graph.DependencyGraphBuilder] Visiting configuration com.mapr.hadoop:maprfs:6.0.0-mapr-SNAPSHOT(runtime).
09:37:02.966 [DEBUG] [org.gradle.api.internal.artifacts.ivyservice.resolveengine.graph.DependencyGraphBuilder] Visiting dependency com.mapr.hadoop:maprfs:6.0.0-mapr-SNAPSHOT(runtime) -> dependency: com.google.protobuf:protobuf-java:2.5.0, scope: Compile, optional: false
09:37:02.966 [DEBUG] [org.gradle.api.internal.artifacts.ivyservice.resolveengine.graph.DependencyGraphBuilder] Visiting dependency com.mapr.hadoop:maprfs:6.0.0-mapr-SNAPSHOT(runtime) -> dependency: org.apache.hadoop:hadoop-auth:2.7.0-mapr-1506-SNAPSHOT, scope: Compile, optional: false
09:37:02.966 [DEBUG] [org.gradle.api.internal.artifacts.ivyservice.resolveengine.graph.DependencyGraphBuilder] Visiting dependency com.mapr.hadoop:maprfs:6.0.0-mapr-SNAPSHOT(runtime) -> dependency: org.apache.hadoop:hadoop-common:2.7.0-mapr-1506-SNAPSHOT, scope: Compile, optional: false
09:37:02.966 [DEBUG] [org.gradle.api.internal.artifacts.ivyservice.resolveengine.graph.DependencyGraphBuilder] Visiting dependency com.mapr.hadoop:maprfs:6.0.0-mapr-SNAPSHOT(runtime) -> dependency: org.json:json:20080701, scope: Compile, optional: false
09:37:02.966 [DEBUG] [org.gradle.api.internal.artifacts.ivyservice.resolveengine.graph.DependencyGraphBuilder] Visiting dependency com.mapr.hadoop:maprfs:6.0.0-mapr-SNAPSHOT(runtime) -> dependency: xerces:xercesImpl:2.9.1, scope: Compile, optional: false
09:37:02.966 [DEBUG] [org.gradle.api.internal.artifacts.ivyservice.resolveengine.graph.DependencyGraphBuilder] Visiting dependency com.mapr.hadoop:maprfs:6.0.0-mapr-SNAPSHOT(runtime) -> dependency: xalan:xalan:2.7.1, scope: Compile, optional: false
09:37:02.967 [DEBUG] [org.gradle.api.internal.artifacts.ivyservice.resolveengine.graph.DependencyGraphBuilder] Visiting dependency com.mapr.hadoop:maprfs:6.0.0-mapr-SNAPSHOT(runtime) -> dependency: org.yaml:snakeyaml:1.14, scope: Compile, optional: false
09:37:02.967 [DEBUG] [org.gradle.api.internal.artifacts.ivyservice.resolveengine.graph.DependencyGraphBuilder] Visiting dependency com.mapr.hadoop:maprfs:6.0.0-mapr-SNAPSHOT(runtime) -> dependency: org.slf4j:slf4j-api:1.7.12, scope: Compile, optional: false
09:37:02.967 [DEBUG] [org.gradle.api.internal.artifacts.ivyservice.resolveengine.graph.DependencyGraphBuilder] Visiting configuration net.sf.trove4j:trove4j:3.0.3(runtime).
09:37:02.967 [DEBUG] [org.gradle.api.internal.artifacts.ivyservice.resolveengine.graph.DependencyGraphBuilder] Visiting configuration org.apache.drill:drill-client:1.11.0-sidev-SNAPSHOT(runtime).
09:37:02.967 [DEBUG] [org.gradle.api.internal.artifacts.ivyservice.resolveengine.graph.DependencyGraphBuilder] Visiting dependency org.apache.drill:drill-client:1.11.0-sidev-SNAPSHOT(runtime) -> dependency: org.apache.drill.exec:drill-java-exec:1.11.0-sidev-SNAPSHOT, scope: Compile, optional: false
09:37:02.967 [DEBUG] [io.spring.gradle.dependencymanagement.internal.VersionConfiguringAction] Processing dependency 'org.apache.drill.exec:drill-java-exec:1.11.0-sidev-SNAPSHOT'
09:37:02.967 [DEBUG] [io.spring.gradle.dependencymanagement.internal.VersionConfiguringAction] No dependency management for dependency 'org.apache.drill.exec:drill-java-exec:1.11.0-sidev-SNAPSHOT'
09:37:02.967 [DEBUG] [org.gradle.api.internal.artifacts.ivyservice.resolveengine.graph.DependencyGraphBuilder] Selecting new module version org.apache.drill.exec:drill-java-exec:1.11.0-sidev-SNAPSHOT
09:37:02.967 [DEBUG] [org.gradle.api.internal.artifacts.ivyservice.ivyresolve.RepositoryChainComponentMetaDataResolver] Attempting to resolve component for org.apache.drill.exec:drill-java-exec:1.11.0-sidev-SNAPSHOT using repositories [MavenLocal, maven, maven2, maven3]
09:37:02.967 [DEBUG] [org.gradle.api.internal.artifacts.repositories.resolver.DefaultExternalResourceArtifactResolver] Loading file:/Users/michaelmennis/.m2/repository/org/apache/drill/exec/drill-java-exec/1.11.0-sidev-SNAPSHOT/drill-java-exec-1.11.0-sidev-SNAPSHOT.pom
09:37:02.969 [DEBUG] [org.gradle.api.internal.artifacts.ivyservice.ivyresolve.RepositoryChainComponentMetaDataResolver] Attempting to resolve component for org.apache.drill.exec:exec-parent:1.11.0-sidev-SNAPSHOT using repositories [MavenLocal, maven, maven2, maven3]
09:37:02.969 [DEBUG] [org.gradle.api.internal.artifacts.repositories.resolver.DefaultExternalResourceArtifactResolver] Loading file:/Users/michaelmennis/.m2/repository/org/apache/drill/exec/exec-parent/1.11.0-sidev-SNAPSHOT/exec-parent-1.11.0-sidev-SNAPSHOT.pom
09:37:02.970 [DEBUG] [org.gradle.api.internal.artifacts.ivyservice.ivyresolve.RepositoryChainComponentMetaDataResolver] Attempting to resolve component for org.apache.drill:drill-root:1.11.0-sidev-SNAPSHOT using repositories [MavenLocal, maven, maven2, maven3]
09:37:02.971 [DEBUG] [org.gradle.api.internal.artifacts.repositories.resolver.DefaultExternalResourceArtifactResolver] Loading file:/Users/michaelmennis/.m2/repository/org/apache/drill/drill-root/1.11.0-sidev-SNAPSHOT/drill-root-1.11.0-sidev-SNAPSHOT.pom
09:37:02.973 [DEBUG] [org.gradle.api.internal.artifacts.ivyservice.ivyresolve.RepositoryChainComponentMetaDataResolver] Attempting to resolve component for org.apache:apache:14 using repositories [MavenLocal, maven, maven2, maven3]
09:37:02.974 [DEBUG] [org.gradle.api.internal.artifacts.repositories.resolver.DefaultExternalResourceArtifactResolver] Loading file:/Users/michaelmennis/.m2/repository/org/apache/apache/14/apache-14.pom
09:37:02.975 [DEBUG] [org.gradle.api.internal.artifacts.repositories.resolver.ExternalResourceResolver] Metadata file found for module 'org.apache:apache:14' in repository 'MavenLocal'.
09:37:02.975 [DEBUG] [org.gradle.api.internal.artifacts.ivyservice.ivyresolve.RepositoryChainComponentMetaDataResolver] Using org.apache:apache:14 from Maven repository 'MavenLocal'
09:37:02.975 [DEBUG] [org.gradle.api.internal.artifacts.repositories.resolver.DefaultExternalResourceArtifactResolver] Loading file:/Users/michaelmennis/.m2/repository/org/apache/apache/14/apache-14.pom
09:37:02.977 [DEBUG] [org.gradle.api.internal.artifacts.repositories.resolver.ExternalResourceResolver] Metadata file found for module 'org.apache.drill:drill-root:1.11.0-sidev-SNAPSHOT' in repository 'MavenLocal'.
09:37:02.977 [DEBUG] [org.gradle.api.internal.artifacts.ivyservice.ivyresolve.RepositoryChainComponentMetaDataResolver] Using org.apache.drill:drill-root:1.11.0-sidev-SNAPSHOT from Maven repository 'MavenLocal'
09:37:02.977 [DEBUG] [org.gradle.api.internal.artifacts.repositories.resolver.DefaultExternalResourceArtifactResolver] Loading file:/Users/michaelmennis/.m2/repository/org/apache/drill/drill-root/1.11.0-sidev-SNAPSHOT/drill-root-1.11.0-sidev-SNAPSHOT.pom
09:37:02.980 [DEBUG] [org.gradle.api.internal.artifacts.ivyservice.ivyresolve.RepositoryChainComponentMetaDataResolver] Attempting to resolve component for org.apache:apache:14 using repositories [MavenLocal, maven, maven2, maven3]
09:37:02.980 [DEBUG] [org.gradle.api.internal.artifacts.ivyservice.ivyresolve.RepositoryChainComponentMetaDataResolver] Using org.apache:apache:14 from Maven repository 'MavenLocal'
09:37:02.983 [DEBUG] [org.gradle.api.internal.artifacts.repositories.resolver.ExternalResourceResolver] Metadata file found for module 'org.apache.drill.exec:exec-parent:1.11.0-sidev-SNAPSHOT' in repository 'MavenLocal'.
09:37:02.983 [DEBUG] [org.gradle.api.internal.artifacts.ivyservice.ivyresolve.RepositoryChainComponentMetaDataResolver] Using org.apache.drill.exec:exec-parent:1.11.0-sidev-SNAPSHOT from Maven repository 'MavenLocal'
09:37:02.983 [DEBUG] [org.gradle.api.internal.artifacts.repositories.resolver.DefaultExternalResourceArtifactResolver] Loading file:/Users/michaelmennis/.m2/repository/org/apache/drill/exec/exec-parent/1.11.0-sidev-SNAPSHOT/exec-parent-1.11.0-sidev-SNAPSHOT.pom
09:37:02.984 [DEBUG] [org.gradle.api.internal.artifacts.ivyservice.ivyresolve.RepositoryChainComponentMetaDataResolver] Attempting to resolve component for org.apache.drill:drill-root:1.11.0-sidev-SNAPSHOT using repositories [MavenLocal, maven, maven2, maven3]
09:37:02.984 [DEBUG] [org.gradle.api.internal.artifacts.ivyservice.ivyresolve.RepositoryChainComponentMetaDataResolver] Using org.apache.drill:drill-root:1.11.0-sidev-SNAPSHOT from Maven repository 'MavenLocal'
09:37:02.987 [DEBUG] [org.gradle.api.internal.artifacts.ivyservice.ivyresolve.RepositoryChainComponentMetaDataResolver] Attempting to resolve component for org.apache:apache:14 using repositories [MavenLocal, maven, maven2, maven3]
09:37:02.987 [DEBUG] [org.gradle.api.internal.artifacts.ivyservice.ivyresolve.RepositoryChainComponentMetaDataResolver] Using org.apache:apache:14 from Maven repository 'MavenLocal'
09:37:02.995 [DEBUG] [org.gradle.api.internal.artifacts.repositories.resolver.DefaultExternalResourceArtifactResolver] Loading file:/Users/michaelmennis/.m2/repository/org/apache/drill/exec/drill-java-exec/1.11.0-sidev-SNAPSHOT/drill-java-exec-1.11.0-sidev-SNAPSHOT.jar
09:37:02.996 [DEBUG] [org.gradle.api.internal.artifacts.repositories.resolver.ExternalResourceResolver] Metadata file found for module 'org.apache.drill.exec:drill-java-exec:1.11.0-sidev-SNAPSHOT' in repository 'MavenLocal'.
09:37:02.996 [DEBUG] [org.gradle.api.internal.artifacts.ivyservice.ivyresolve.RepositoryChainComponentMetaDataResolver] Using org.apache.drill.exec:drill-java-exec:1.11.0-sidev-SNAPSHOT from Maven repository 'MavenLocal'
09:37:02.996 [DEBUG] [org.gradle.api.internal.artifacts.ivyservice.resolveengine.graph.DependencyGraphBuilder] Visiting dependency org.apache.drill:drill-client:1.11.0-sidev-SNAPSHOT(runtime) -> dependency: com.codahale.metrics:metrics-jvm:3.0.1, scope: Compile, optional: false
09:37:02.996 [DEBUG] [io.spring.gradle.dependencymanagement.internal.VersionConfiguringAction] Processing dependency 'com.codahale.metrics:metrics-jvm:3.0.1'
09:37:02.996 [DEBUG] [io.spring.gradle.dependencymanagement.internal.VersionConfiguringAction] No dependency management for dependency 'com.codahale.metrics:metrics-jvm:3.0.1'
09:37:02.996 [DEBUG] [org.gradle.api.internal.artifacts.ivyservice.resolveengine.graph.DependencyGraphBuilder] Selecting new module version com.codahale.metrics:metrics-jvm:3.0.1
09:37:02.996 [DEBUG] [org.gradle.api.internal.artifacts.ivyservice.ivyresolve.RepositoryChainComponentMetaDataResolver] Attempting to resolve component for com.codahale.metrics:metrics-jvm:3.0.1 using repositories [MavenLocal, maven, maven2, maven3]
09:37:02.998 [DEBUG] [org.gradle.api.internal.artifacts.repositories.resolver.DefaultExternalResourceArtifactResolver] Loading file:/Users/michaelmennis/.m2/repository/com/codahale/metrics/metrics-jvm/3.0.1/metrics-jvm-3.0.1.pom
09:37:02.999 [DEBUG] [org.gradle.api.internal.artifacts.ivyservice.ivyresolve.RepositoryChainComponentMetaDataResolver] Attempting to resolve component for com.codahale.metrics:metrics-parent:3.0.1 using repositories [MavenLocal, maven, maven2, maven3]
09:37:02.999 [DEBUG] [org.gradle.api.internal.artifacts.repositories.resolver.DefaultExternalResourceArtifactResolver] Loading file:/Users/michaelmennis/.m2/repository/com/codahale/metrics/metrics-parent/3.0.1/metrics-parent-3.0.1.pom
09:37:03.003 [DEBUG] [org.gradle.api.internal.artifacts.repositories.resolver.ExternalResourceResolver] Metadata file found for module 'com.codahale.metrics:metrics-parent:3.0.1' in repository 'MavenLocal'.
09:37:03.003 [DEBUG] [org.gradle.api.internal.artifacts.ivyservice.ivyresolve.RepositoryChainComponentMetaDataResolver] Using com.codahale.metrics:metrics-parent:3.0.1 from Maven repository 'MavenLocal'
09:37:03.003 [DEBUG] [org.gradle.api.internal.artifacts.repositories.resolver.DefaultExternalResourceArtifactResolver] Loading file:/Users/michaelmennis/.m2/repository/com/codahale/metrics/metrics-parent/3.0.1/metrics-parent-3.0.1.pom
09:37:03.005 [DEBUG] [org.gradle.api.internal.artifacts.repositories.resolver.DefaultExternalResourceArtifactResolver] Loading file:/Users/michaelmennis/.m2/repository/com/codahale/metrics/metrics-jvm/3.0.1/metrics-jvm-3.0.1.jar
09:37:03.005 [DEBUG] [org.gradle.api.internal.artifacts.repositories.resolver.ExternalResourceResolver] Metadata file found for module 'com.codahale.metrics:metrics-jvm:3.0.1' in repository 'MavenLocal'.
09:37:03.005 [DEBUG] [org.gradle.api.internal.artifacts.ivyservice.ivyresolve.RepositoryChainComponentMetaDataResolver] Using com.codahale.metrics:metrics-jvm:3.0.1 from Maven repository 'MavenLocal'
09:37:03.005 [DEBUG] [org.gradle.api.internal.artifacts.ivyservice.resolveengine.graph.DependencyGraphBuilder] Visiting configuration org.apache.hadoop:hadoop-auth:2.7.0-mapr-1506-SNAPSHOT(runtime).
09:37:03.005 [DEBUG] [org.gradle.api.internal.artifacts.ivyservice.resolveengine.graph.DependencyGraphBuilder] org.apache.directory.server:apacheds-kerberos-codec is excluded from org.apache.hadoop:hadoop-auth:2.7.0-mapr-1506-SNAPSHOT(runtime).
09:37:03.006 [DEBUG] [org.gradle.api.internal.artifacts.ivyservice.resolveengine.graph.DependencyGraphBuilder] Visiting dependency org.apache.hadoop:hadoop-auth:2.7.0-mapr-1506-SNAPSHOT(runtime) -> dependency: org.slf4j:slf4j-api:1.7.10, scope: Compile, optional: false
09:37:03.006 [DEBUG] [io.spring.gradle.dependencymanagement.internal.VersionConfiguringAction] Processing dependency 'org.slf4j:slf4j-api:1.7.10'
09:37:03.006 [DEBUG] [io.spring.gradle.dependencymanagement.internal.DependencyManagementContainer] Found managed version '1.7.25' for dependency 'org.slf4j:slf4j-api' in global dependency management
09:37:03.006 [DEBUG] [io.spring.gradle.dependencymanagement.internal.VersionConfiguringAction] Using version '1.7.25' for dependency 'org.slf4j:slf4j-api:1.7.10'
09:37:03.006 [DEBUG] [org.gradle.api.internal.artifacts.ivyservice.resolveengine.graph.DependencyGraphBuilder] Visiting dependency org.apache.hadoop:hadoop-auth:2.7.0-mapr-1506-SNAPSHOT(runtime) -> dependency: commons-codec:commons-codec:1.4, scope: Compile, optional: false
09:37:03.006 [DEBUG] [io.spring.gradle.dependencymanagement.internal.VersionConfiguringAction] Processing dependency 'commons-codec:commons-codec:1.4'
09:37:03.006 [DEBUG] [io.spring.gradle.dependencymanagement.internal.DependencyManagementContainer] Found managed version '1.10' for dependency 'commons-codec:commons-codec' in global dependency management
09:37:03.006 [DEBUG] [io.spring.gradle.dependencymanagement.internal.VersionConfiguringAction] Using version '1.10' for dependency 'commons-codec:commons-codec:1.4'
09:37:03.006 [DEBUG] [org.gradle.api.internal.artifacts.ivyservice.resolveengine.graph.DependencyGraphBuilder] Selecting new module version commons-codec:commons-codec:1.10
09:37:03.006 [DEBUG] [org.gradle.api.internal.artifacts.ivyservice.ivyresolve.RepositoryChainComponentMetaDataResolver] Attempting to resolve component for commons-codec:commons-codec:1.10 using repositories [MavenLocal, maven, maven2, maven3]
09:37:03.007 [DEBUG] [org.gradle.api.internal.artifacts.repositories.resolver.DefaultExternalResourceArtifactResolver] Loading file:/Users/michaelmennis/.m2/repository/commons-codec/commons-codec/1.10/commons-codec-1.10.pom
09:37:03.008 [DEBUG] [org.gradle.api.internal.artifacts.ivyservice.ivyresolve.RepositoryChainComponentMetaDataResolver] Attempting to resolve component for org.apache.commons:commons-parent:35 using repositories [MavenLocal, maven, maven2, maven3]
09:37:03.008 [DEBUG] [org.gradle.api.internal.artifacts.repositories.resolver.DefaultExternalResourceArtifactResolver] Loading file:/Users/michaelmennis/.m2/repository/org/apache/commons/commons-parent/35/commons-parent-35.pom
09:37:03.010 [DEBUG] [org.gradle.api.internal.artifacts.ivyservice.ivyresolve.RepositoryChainComponentMetaDataResolver] Attempting to resolve component for org.apache:apache:15 using repositories [MavenLocal, maven, maven2, maven3]
09:37:03.010 [DEBUG] [org.gradle.api.internal.artifacts.repositories.resolver.DefaultExternalResourceArtifactResolver] Loading file:/Users/michaelmennis/.m2/repository/org/apache/apache/15/apache-15.pom
09:37:03.024 [DEBUG] [org.gradle.api.internal.artifacts.repositories.resolver.ExternalResourceResolver] Metadata file found for module 'org.apache:apache:15' in repository 'MavenLocal'.
09:37:03.025 [DEBUG] [org.gradle.api.internal.artifacts.ivyservice.ivyresolve.RepositoryChainComponentMetaDataResolver] Using org.apache:apache:15 from Maven repository 'MavenLocal'
09:37:03.025 [DEBUG] [org.gradle.api.internal.artifacts.repositories.resolver.DefaultExternalResourceArtifactResolver] Loading file:/Users/michaelmennis/.m2/repository/org/apache/apache/15/apache-15.pom
09:37:03.026 [DEBUG] [org.gradle.api.internal.artifacts.repositories.resolver.ExternalResourceResolver] Metadata file found for module 'org.apache.commons:commons-parent:35' in repository 'MavenLocal'.
09:37:03.027 [DEBUG] [org.gradle.api.internal.artifacts.ivyservice.ivyresolve.RepositoryChainComponentMetaDataResolver] Using org.apache.commons:commons-parent:35 from Maven repository 'MavenLocal'
09:37:03.027 [DEBUG] [org.gradle.api.internal.artifacts.repositories.resolver.DefaultExternalResourceArtifactResolver] Loading file:/Users/michaelmennis/.m2/repository/org/apache/commons/commons-parent/35/commons-parent-35.pom
09:37:03.029 [DEBUG] [org.gradle.api.internal.artifacts.ivyservice.ivyresolve.RepositoryChainComponentMetaDataResolver] Attempting to resolve component for org.apache:apache:15 using repositories [MavenLocal, maven, maven2, maven3]
09:37:03.030 [DEBUG] [org.gradle.api.internal.artifacts.ivyservice.ivyresolve.RepositoryChainComponentMetaDataResolver] Using org.apache:apache:15 from Maven repository 'MavenLocal'
09:37:03.031 [DEBUG] [org.gradle.api.internal.artifacts.repositories.resolver.DefaultExternalResourceArtifactResolver] Loading file:/Users/michaelmennis/.m2/repository/commons-codec/commons-codec/1.10/commons-codec-1.10.jar
09:37:03.032 [DEBUG] [org.gradle.api.internal.artifacts.repositories.resolver.ExternalResourceResolver] Metadata file found for module 'commons-codec:commons-codec:1.10' in repository 'MavenLocal'.
09:37:03.032 [DEBUG] [org.gradle.api.internal.artifacts.ivyservice.ivyresolve.RepositoryChainComponentMetaDataResolver] Using commons-codec:commons-codec:1.10 from Maven repository 'MavenLocal'
09:37:03.032 [DEBUG] [org.gradle.api.internal.artifacts.ivyservice.resolveengine.graph.DependencyGraphBuilder] Visiting dependency org.apache.hadoop:hadoop-auth:2.7.0-mapr-1506-SNAPSHOT(runtime) -> dependency: commons-logging:commons-logging:1.1.3, scope: Compile, optional: false
09:37:03.032 [DEBUG] [io.spring.gradle.dependencymanagement.internal.VersionConfiguringAction] Processing dependency 'commons-logging:commons-logging:1.1.3'
09:37:03.032 [DEBUG] [io.spring.gradle.dependencymanagement.internal.VersionConfiguringAction] No dependency management for dependency 'commons-logging:commons-logging:1.1.3'
09:37:03.032 [DEBUG] [org.gradle.api.internal.artifacts.ivyservice.resolveengine.graph.DependencyGraphBuilder] Found new conflicting module version commons-logging:commons-logging:1.1.3
09:37:03.033 [DEBUG] [org.gradle.api.internal.artifacts.ivyservice.resolveengine.graph.DependencyGraphBuilder] Visiting dependency org.apache.hadoop:hadoop-auth:2.7.0-mapr-1506-SNAPSHOT(runtime) -> dependency: log4j:log4j:1.2.17, scope: Compile, optional: false
09:37:03.033 [DEBUG] [io.spring.gradle.dependencymanagement.internal.VersionConfiguringAction] Processing dependency 'log4j:log4j:1.2.17'
09:37:03.033 [DEBUG] [io.spring.gradle.dependencymanagement.internal.VersionConfiguringAction] No dependency management for dependency 'log4j:log4j:1.2.17'
09:37:03.033 [DEBUG] [org.gradle.api.internal.artifacts.ivyservice.resolveengine.graph.DependencyGraphBuilder] Selecting new module version log4j:log4j:1.2.17
09:37:03.033 [DEBUG] [org.gradle.api.internal.artifacts.ivyservice.ivyresolve.RepositoryChainComponentMetaDataResolver] Attempting to resolve component for log4j:log4j:1.2.17 using repositories [MavenLocal, maven, maven2, maven3]
09:37:03.033 [DEBUG] [org.gradle.api.internal.artifacts.repositories.resolver.DefaultExternalResourceArtifactResolver] Loading file:/Users/michaelmennis/.m2/repository/log4j/log4j/1.2.17/log4j-1.2.17.pom
09:37:03.034 [DEBUG] [org.gradle.api.internal.artifacts.repositories.resolver.DefaultExternalResourceArtifactResolver] Loading file:/Users/michaelmennis/.m2/repository/log4j/log4j/1.2.17/log4j-1.2.17.jar
09:37:03.035 [DEBUG] [org.gradle.api.internal.artifacts.repositories.resolver.ExternalResourceResolver] Metadata file found for module 'log4j:log4j:1.2.17' in repository 'MavenLocal'.
09:37:03.035 [DEBUG] [org.gradle.api.internal.artifacts.ivyservice.ivyresolve.RepositoryChainComponentMetaDataResolver] Using log4j:log4j:1.2.17 from Maven repository 'MavenLocal'
09:37:03.035 [DEBUG] [org.gradle.api.internal.artifacts.ivyservice.resolveengine.graph.DependencyGraphBuilder] Visiting dependency org.apache.hadoop:hadoop-auth:2.7.0-mapr-1506-SNAPSHOT(runtime) -> dependency: org.slf4j:slf4j-log4j12:1.7.10, scope: Runtime, optional: false
09:37:03.035 [DEBUG] [io.spring.gradle.dependencymanagement.internal.VersionConfiguringAction] Processing dependency 'org.slf4j:slf4j-log4j12:1.7.10'
09:37:03.035 [DEBUG] [io.spring.gradle.dependencymanagement.internal.DependencyManagementContainer] Found managed version '1.7.25' for dependency 'org.slf4j:slf4j-log4j12' in global dependency management
09:37:03.035 [DEBUG] [io.spring.gradle.dependencymanagement.internal.VersionConfiguringAction] Using version '1.7.25' for dependency 'org.slf4j:slf4j-log4j12:1.7.10'
09:37:03.035 [DEBUG] [org.gradle.api.internal.artifacts.ivyservice.resolveengine.graph.DependencyGraphBuilder] Selecting new module version org.slf4j:slf4j-log4j12:1.7.25
09:37:03.035 [DEBUG] [org.gradle.api.internal.artifacts.ivyservice.ivyresolve.RepositoryChainComponentMetaDataResolver] Attempting to resolve component for org.slf4j:slf4j-log4j12:1.7.25 using repositories [MavenLocal, maven, maven2, maven3]
09:37:03.035 [DEBUG] [org.gradle.api.internal.artifacts.repositories.resolver.DefaultExternalResourceArtifactResolver] Loading file:/Users/michaelmennis/.m2/repository/org/slf4j/slf4j-log4j12/1.7.25/slf4j-log4j12-1.7.25.pom
09:37:03.035 [DEBUG] [org.gradle.api.internal.artifacts.repositories.resolver.DefaultExternalResourceArtifactResolver] Loading file:/Users/michaelmennis/.m2/repository/org/slf4j/slf4j-log4j12/1.7.25/slf4j-log4j12-1.7.25.jar
09:37:03.035 [DEBUG] [org.gradle.api.internal.artifacts.repositories.resolver.ExternalResourceResolver] No meta-data file or artifact found for module 'org.slf4j:slf4j-log4j12:1.7.25' in repository 'MavenLocal'.
09:37:03.036 [DEBUG] [org.gradle.api.internal.artifacts.ivyservice.ivyresolve.CachingModuleComponentRepository] Using cached module metadata for module 'org.slf4j:slf4j-log4j12:1.7.25' in 'maven'
09:37:03.036 [DEBUG] [org.gradle.api.internal.artifacts.ivyservice.ivyresolve.RepositoryChainComponentMetaDataResolver] Using org.slf4j:slf4j-log4j12:1.7.25 from Maven repository 'maven'
09:37:03.036 [DEBUG] [org.gradle.api.internal.artifacts.ivyservice.resolveengine.graph.DependencyGraphBuilder] Visiting dependency org.apache.hadoop:hadoop-auth:2.7.0-mapr-1506-SNAPSHOT(runtime) -> dependency: org.apache.httpcomponents:httpclient:4.5.2, scope: Compile, optional: false
09:37:03.036 [DEBUG] [io.spring.gradle.dependencymanagement.internal.VersionConfiguringAction] Processing dependency 'org.apache.httpcomponents:httpclient:4.5.2'
09:37:03.036 [DEBUG] [io.spring.gradle.dependencymanagement.internal.DependencyManagementContainer] Found managed version '4.5.3' for dependency 'org.apache.httpcomponents:httpclient' in global dependency management
09:37:03.036 [DEBUG] [io.spring.gradle.dependencymanagement.internal.VersionConfiguringAction] Using version '4.5.3' for dependency 'org.apache.httpcomponents:httpclient:4.5.2'
09:37:03.036 [DEBUG] [org.gradle.api.internal.artifacts.ivyservice.resolveengine.graph.DependencyGraphBuilder] Selecting new module version org.apache.httpcomponents:httpclient:4.5.3
09:37:03.036 [DEBUG] [org.gradle.api.internal.artifacts.ivyservice.ivyresolve.RepositoryChainComponentMetaDataResolver] Attempting to resolve component for org.apache.httpcomponents:httpclient:4.5.3 using repositories [MavenLocal, maven, maven2, maven3]
09:37:03.036 [DEBUG] [org.gradle.api.internal.artifacts.repositories.resolver.DefaultExternalResourceArtifactResolver] Loading file:/Users/michaelmennis/.m2/repository/org/apache/httpcomponents/httpclient/4.5.3/httpclient-4.5.3.pom
09:37:03.037 [DEBUG] [org.gradle.api.internal.artifacts.repositories.resolver.DefaultExternalResourceArtifactResolver] Loading file:/Users/michaelmennis/.m2/repository/org/apache/httpcomponents/httpclient/4.5.3/httpclient-4.5.3.jar
09:37:03.037 [DEBUG] [org.gradle.api.internal.artifacts.repositories.resolver.ExternalResourceResolver] No meta-data file or artifact found for module 'org.apache.httpcomponents:httpclient:4.5.3' in repository 'MavenLocal'.
09:37:03.037 [DEBUG] [org.gradle.api.internal.artifacts.ivyservice.ivyresolve.CachingModuleComponentRepository] Using cached module metadata for module 'org.apache.httpcomponents:httpclient:4.5.3' in 'maven'
09:37:03.037 [DEBUG] [org.gradle.api.internal.artifacts.ivyservice.ivyresolve.RepositoryChainComponentMetaDataResolver] Using org.apache.httpcomponents:httpclient:4.5.3 from Maven repository 'maven'
09:37:03.037 [DEBUG] [org.gradle.api.internal.artifacts.ivyservice.resolveengine.graph.DependencyGraphBuilder] Visiting dependency org.apache.hadoop:hadoop-auth:2.7.0-mapr-1506-SNAPSHOT(runtime) -> dependency: org.apache.zookeeper:zookeeper:3.4.5-mapr-1503, scope: Compile, optional: false
09:37:03.037 [DEBUG] [io.spring.gradle.dependencymanagement.internal.VersionConfiguringAction] Processing dependency 'org.apache.zookeeper:zookeeper:3.4.5-mapr-1503'
09:37:03.037 [DEBUG] [io.spring.gradle.dependencymanagement.internal.VersionConfiguringAction] No dependency management for dependency 'org.apache.zookeeper:zookeeper:3.4.5-mapr-1503'
09:37:03.037 [DEBUG] [org.gradle.api.internal.artifacts.ivyservice.resolveengine.graph.DependencyGraphBuilder] Selecting new module version org.apache.zookeeper:zookeeper:3.4.5-mapr-1503
09:37:03.037 [DEBUG] [org.gradle.api.internal.artifacts.ivyservice.ivyresolve.RepositoryChainComponentMetaDataResolver] Attempting to resolve component for org.apache.zookeeper:zookeeper:3.4.5-mapr-1503 using repositories [MavenLocal, maven, maven2, maven3]
09:37:03.037 [DEBUG] [org.gradle.api.internal.artifacts.repositories.resolver.DefaultExternalResourceArtifactResolver] Loading file:/Users/michaelmennis/.m2/repository/org/apache/zookeeper/zookeeper/3.4.5-mapr-1503/zookeeper-3.4.5-mapr-1503.pom
09:37:03.039 [DEBUG] [org.gradle.api.internal.artifacts.repositories.resolver.DefaultExternalResourceArtifactResolver] Loading file:/Users/michaelmennis/.m2/repository/org/apache/zookeeper/zookeeper/3.4.5-mapr-1503/zookeeper-3.4.5-mapr-1503.jar
09:37:03.039 [DEBUG] [org.gradle.api.internal.artifacts.repositories.resolver.ExternalResourceResolver] Metadata file found for module 'org.apache.zookeeper:zookeeper:3.4.5-mapr-1503' in repository 'MavenLocal'.
09:37:03.039 [DEBUG] [org.gradle.api.internal.artifacts.ivyservice.ivyresolve.RepositoryChainComponentMetaDataResolver] Using org.apache.zookeeper:zookeeper:3.4.5-mapr-1503 from Maven repository 'MavenLocal'
09:37:03.039 [DEBUG] [org.gradle.api.internal.artifacts.ivyservice.resolveengine.graph.DependencyGraphBuilder] Visiting dependency org.apache.hadoop:hadoop-auth:2.7.0-mapr-1506-SNAPSHOT(runtime) -> dependency: org.apache.curator:curator-framework:2.7.1, scope: Compile, optional: false
09:37:03.039 [DEBUG] [io.spring.gradle.dependencymanagement.internal.VersionConfiguringAction] Processing dependency 'org.apache.curator:curator-framework:2.7.1'
09:37:03.039 [DEBUG] [io.spring.gradle.dependencymanagement.internal.VersionConfiguringAction] No dependency management for dependency 'org.apache.curator:curator-framework:2.7.1'
09:37:03.039 [DEBUG] [org.gradle.api.internal.artifacts.ivyservice.resolveengine.graph.DependencyGraphBuilder] Selecting new module version org.apache.curator:curator-framework:2.7.1
09:37:03.039 [DEBUG] [org.gradle.api.internal.artifacts.ivyservice.ivyresolve.RepositoryChainComponentMetaDataResolver] Attempting to resolve component for org.apache.curator:curator-framework:2.7.1 using repositories [MavenLocal, maven, maven2, maven3]
09:37:03.039 [DEBUG] [org.gradle.api.internal.artifacts.repositories.resolver.DefaultExternalResourceArtifactResolver] Loading file:/Users/michaelmennis/.m2/repository/org/apache/curator/curator-framework/2.7.1/curator-framework-2.7.1.pom
09:37:03.040 [DEBUG] [org.gradle.api.internal.artifacts.ivyservice.ivyresolve.RepositoryChainComponentMetaDataResolver] Attempting to resolve component for org.apache.curator:apache-curator:2.7.1 using repositories [MavenLocal, maven, maven2, maven3]
09:37:03.040 [DEBUG] [org.gradle.api.internal.artifacts.repositories.resolver.DefaultExternalResourceArtifactResolver] Loading file:/Users/michaelmennis/.m2/repository/org/apache/curator/apache-curator/2.7.1/apache-curator-2.7.1.pom
09:37:03.042 [DEBUG] [org.gradle.api.internal.artifacts.ivyservice.ivyresolve.RepositoryChainComponentMetaDataResolver] Attempting to resolve component for org.apache:apache:14 using repositories [MavenLocal, maven, maven2, maven3]
09:37:03.042 [DEBUG] [org.gradle.api.internal.artifacts.ivyservice.ivyresolve.RepositoryChainComponentMetaDataResolver] Using org.apache:apache:14 from Maven repository 'MavenLocal'
09:37:03.044 [DEBUG] [org.gradle.api.internal.artifacts.repositories.resolver.ExternalResourceResolver] Metadata file found for module 'org.apache.curator:apache-curator:2.7.1' in repository 'MavenLocal'.
09:37:03.044 [DEBUG] [org.gradle.api.internal.artifacts.ivyservice.ivyresolve.RepositoryChainComponentMetaDataResolver] Using org.apache.curator:apache-curator:2.7.1 from Maven repository 'MavenLocal'
09:37:03.044 [DEBUG] [org.gradle.api.internal.artifacts.repositories.resolver.DefaultExternalResourceArtifactResolver] Loading file:/Users/michaelmennis/.m2/repository/org/apache/curator/apache-curator/2.7.1/apache-curator-2.7.1.pom
09:37:03.056 [DEBUG] [org.gradle.api.internal.artifacts.ivyservice.ivyresolve.RepositoryChainComponentMetaDataResolver] Attempting to resolve component for org.apache:apache:14 using repositories [MavenLocal, maven, maven2, maven3]
09:37:03.056 [DEBUG] [org.gradle.api.internal.artifacts.ivyservice.ivyresolve.RepositoryChainComponentMetaDataResolver] Using org.apache:apache:14 from Maven repository 'MavenLocal'
09:37:03.058 [DEBUG] [org.gradle.api.internal.artifacts.repositories.resolver.DefaultExternalResourceArtifactResolver] Loading file:/Users/michaelmennis/.m2/repository/org/apache/curator/curator-framework/2.7.1/curator-framework-2.7.1.jar
09:37:03.061 [DEBUG] [org.gradle.api.internal.artifacts.repositories.resolver.ExternalResourceResolver] Metadata file found for module 'org.apache.curator:curator-framework:2.7.1' in repository 'MavenLocal'.
09:37:03.061 [DEBUG] [org.gradle.api.internal.artifacts.ivyservice.ivyresolve.RepositoryChainComponentMetaDataResolver] Using org.apache.curator:curator-framework:2.7.1 from Maven repository 'MavenLocal'
09:37:03.061 [DEBUG] [org.gradle.api.internal.artifacts.ivyservice.resolveengine.graph.DependencyGraphBuilder] Visiting configuration org.apache.hadoop:hadoop-common:2.7.0-mapr-1506-SNAPSHOT(runtime).
09:37:03.061 [DEBUG] [org.gradle.api.internal.artifacts.ivyservice.resolveengine.graph.DependencyGraphBuilder] javax.servlet:servlet-api is excluded from org.apache.hadoop:hadoop-common:2.7.0-mapr-1506-SNAPSHOT(runtime).
09:37:03.061 [DEBUG] [org.gradle.api.internal.artifacts.ivyservice.resolveengine.graph.DependencyGraphBuilder] org.mortbay.jetty:jetty is excluded from org.apache.hadoop:hadoop-common:2.7.0-mapr-1506-SNAPSHOT(runtime).
09:37:03.061 [DEBUG] [org.gradle.api.internal.artifacts.ivyservice.resolveengine.graph.DependencyGraphBuilder] org.mortbay.jetty:jetty-util is excluded from org.apache.hadoop:hadoop-common:2.7.0-mapr-1506-SNAPSHOT(runtime).
09:37:03.061 [DEBUG] [org.gradle.api.internal.artifacts.ivyservice.resolveengine.graph.DependencyGraphBuilder] javax.servlet.jsp:jsp-api is excluded from org.apache.hadoop:hadoop-common:2.7.0-mapr-1506-SNAPSHOT(runtime).
09:37:03.061 [DEBUG] [org.gradle.api.internal.artifacts.ivyservice.resolveengine.graph.DependencyGraphBuilder] com.sun.jersey:jersey-core is excluded from org.apache.hadoop:hadoop-common:2.7.0-mapr-1506-SNAPSHOT(runtime).
09:37:03.061 [DEBUG] [org.gradle.api.internal.artifacts.ivyservice.resolveengine.graph.DependencyGraphBuilder] com.sun.jersey:jersey-json is excluded from org.apache.hadoop:hadoop-common:2.7.0-mapr-1506-SNAPSHOT(runtime).
09:37:03.061 [DEBUG] [org.gradle.api.internal.artifacts.ivyservice.resolveengine.graph.DependencyGraphBuilder] com.sun.jersey:jersey-server is excluded from org.apache.hadoop:hadoop-common:2.7.0-mapr-1506-SNAPSHOT(runtime).
09:37:03.061 [DEBUG] [org.gradle.api.internal.artifacts.ivyservice.resolveengine.graph.DependencyGraphBuilder] commons-logging:commons-logging is excluded from org.apache.hadoop:hadoop-common:2.7.0-mapr-1506-SNAPSHOT(runtime).
09:37:03.061 [DEBUG] [org.gradle.api.internal.artifacts.ivyservice.resolveengine.graph.DependencyGraphBuilder] net.java.dev.jets3t:jets3t is excluded from org.apache.hadoop:hadoop-common:2.7.0-mapr-1506-SNAPSHOT(runtime).
09:37:03.062 [DEBUG] [org.gradle.api.internal.artifacts.ivyservice.resolveengine.graph.DependencyGraphBuilder] org.apache.avro:avro is excluded from org.apache.hadoop:hadoop-common:2.7.0-mapr-1506-SNAPSHOT(runtime).
09:37:03.062 [DEBUG] [org.gradle.api.internal.artifacts.ivyservice.resolveengine.graph.DependencyGraphBuilder] com.jcraft:jsch is excluded from org.apache.hadoop:hadoop-common:2.7.0-mapr-1506-SNAPSHOT(runtime).
09:37:03.062 [DEBUG] [org.gradle.api.internal.artifacts.ivyservice.resolveengine.graph.DependencyGraphBuilder] com.google.code.findbugs:jsr305 is excluded from org.apache.hadoop:hadoop-common:2.7.0-mapr-1506-SNAPSHOT(runtime).
09:37:03.062 [DEBUG] [org.gradle.api.internal.artifacts.ivyservice.resolveengine.graph.DependencyGraphBuilder] Visiting dependency org.apache.hadoop:hadoop-common:2.7.0-mapr-1506-SNAPSHOT(runtime) -> dependency: org.apache.hadoop:hadoop-annotations:2.7.0-mapr-1506-SNAPSHOT, scope: Compile, optional: false
09:37:03.062 [DEBUG] [io.spring.gradle.dependencymanagement.internal.VersionConfiguringAction] Processing dependency 'org.apache.hadoop:hadoop-annotations:2.7.0-mapr-1506-SNAPSHOT'
09:37:03.062 [DEBUG] [io.spring.gradle.dependencymanagement.internal.VersionConfiguringAction] No dependency management for dependency 'org.apache.hadoop:hadoop-annotations:2.7.0-mapr-1506-SNAPSHOT'
09:37:03.062 [DEBUG] [org.gradle.api.internal.artifacts.ivyservice.resolveengine.graph.DependencyGraphBuilder] Selecting new module version org.apache.hadoop:hadoop-annotations:2.7.0-mapr-1506-SNAPSHOT
09:37:03.062 [DEBUG] [org.gradle.api.internal.artifacts.ivyservice.ivyresolve.RepositoryChainComponentMetaDataResolver] Attempting to resolve component for org.apache.hadoop:hadoop-annotations:2.7.0-mapr-1506-SNAPSHOT using repositories [MavenLocal, maven, maven2, maven3]
09:37:03.062 [DEBUG] [org.gradle.api.internal.artifacts.repositories.resolver.DefaultExternalResourceArtifactResolver] Loading file:/Users/michaelmennis/.m2/repository/org/apache/hadoop/hadoop-annotations/2.7.0-mapr-1506-SNAPSHOT/hadoop-annotations-2.7.0-mapr-1506-SNAPSHOT.pom
09:37:03.063 [DEBUG] [org.gradle.api.internal.artifacts.ivyservice.ivyresolve.RepositoryChainComponentMetaDataResolver] Attempting to resolve component for org.apache.hadoop:hadoop-project:2.7.0-mapr-1506-SNAPSHOT using repositories [MavenLocal, maven, maven2, maven3]
09:37:03.063 [DEBUG] [org.gradle.api.internal.artifacts.ivyservice.ivyresolve.RepositoryChainComponentMetaDataResolver] Using org.apache.hadoop:hadoop-project:2.7.0-mapr-1506-SNAPSHOT from Maven repository 'MavenLocal'
09:37:03.065 [DEBUG] [org.gradle.api.internal.artifacts.ivyservice.ivyresolve.RepositoryChainComponentMetaDataResolver] Attempting to resolve component for org.apache.hadoop:hadoop-main:2.7.0-mapr-1506-SNAPSHOT using repositories [MavenLocal, maven, maven2, maven3]
09:37:03.065 [DEBUG] [org.gradle.api.internal.artifacts.ivyservice.ivyresolve.RepositoryChainComponentMetaDataResolver] Using org.apache.hadoop:hadoop-main:2.7.0-mapr-1506-SNAPSHOT from Maven repository 'MavenLocal'
09:37:03.068 [DEBUG] [org.gradle.api.internal.artifacts.repositories.resolver.DefaultExternalResourceArtifactResolver] Loading file:/Users/michaelmennis/.m2/repository/org/apache/hadoop/hadoop-annotations/2.7.0-mapr-1506-SNAPSHOT/hadoop-annotations-2.7.0-mapr-1506-SNAPSHOT.jar
09:37:03.068 [DEBUG] [org.gradle.api.internal.artifacts.repositories.resolver.ExternalResourceResolver] Metadata file found for module 'org.apache.hadoop:hadoop-annotations:2.7.0-mapr-1506-SNAPSHOT' in repository 'MavenLocal'.
09:37:03.068 [DEBUG] [org.gradle.api.internal.artifacts.ivyservice.ivyresolve.RepositoryChainComponentMetaDataResolver] Using org.apache.hadoop:hadoop-annotations:2.7.0-mapr-1506-SNAPSHOT from Maven repository 'MavenLocal'
09:37:03.068 [DEBUG] [org.gradle.api.internal.artifacts.ivyservice.resolveengine.graph.DependencyGraphBuilder] Visiting dependency org.apache.hadoop:hadoop-common:2.7.0-mapr-1506-SNAPSHOT(runtime) -> dependency: com.google.guava:guava:14.0.1, scope: Compile, optional: false
09:37:03.068 [DEBUG] [org.gradle.api.internal.artifacts.ivyservice.resolveengine.graph.DependencyGraphBuilder] Visiting dependency org.apache.hadoop:hadoop-common:2.7.0-mapr-1506-SNAPSHOT(runtime) -> dependency: commons-cli:commons-cli:1.2, scope: Compile, optional: false
09:37:03.068 [DEBUG] [io.spring.gradle.dependencymanagement.internal.VersionConfiguringAction] Processing dependency 'commons-cli:commons-cli:1.2'
09:37:03.068 [DEBUG] [io.spring.gradle.dependencymanagement.internal.VersionConfiguringAction] No dependency management for dependency 'commons-cli:commons-cli:1.2'
09:37:03.068 [DEBUG] [org.gradle.api.internal.artifacts.ivyservice.resolveengine.graph.DependencyGraphBuilder] Selecting new module version commons-cli:commons-cli:1.2
09:37:03.068 [DEBUG] [org.gradle.api.internal.artifacts.ivyservice.ivyresolve.RepositoryChainComponentMetaDataResolver] Attempting to resolve component for commons-cli:commons-cli:1.2 using repositories [MavenLocal, maven, maven2, maven3]
09:37:03.068 [DEBUG] [org.gradle.api.internal.artifacts.repositories.resolver.DefaultExternalResourceArtifactResolver] Loading file:/Users/michaelmennis/.m2/repository/commons-cli/commons-cli/1.2/commons-cli-1.2.pom
09:37:03.070 [DEBUG] [org.gradle.api.internal.artifacts.ivyservice.ivyresolve.RepositoryChainComponentMetaDataResolver] Attempting to resolve component for org.apache.commons:commons-parent:11 using repositories [MavenLocal, maven, maven2, maven3]
09:37:03.070 [DEBUG] [org.gradle.api.internal.artifacts.repositories.resolver.DefaultExternalResourceArtifactResolver] Loading file:/Users/michaelmennis/.m2/repository/org/apache/commons/commons-parent/11/commons-parent-11.pom
09:37:03.081 [DEBUG] [org.gradle.api.internal.artifacts.ivyservice.ivyresolve.RepositoryChainComponentMetaDataResolver] Attempting to resolve component for org.apache:apache:4 using repositories [MavenLocal, maven, maven2, maven3]
09:37:03.081 [DEBUG] [org.gradle.api.internal.artifacts.ivyservice.ivyresolve.RepositoryChainComponentMetaDataResolver] Using org.apache:apache:4 from Maven repository 'MavenLocal'
09:37:03.082 [DEBUG] [org.gradle.api.internal.artifacts.repositories.resolver.ExternalResourceResolver] Metadata file found for module 'org.apache.commons:commons-parent:11' in repository 'MavenLocal'.
09:37:03.082 [DEBUG] [org.gradle.api.internal.artifacts.ivyservice.ivyresolve.RepositoryChainComponentMetaDataResolver] Using org.apache.commons:commons-parent:11 from Maven repository 'MavenLocal'
09:37:03.083 [DEBUG] [org.gradle.api.internal.artifacts.repositories.resolver.DefaultExternalResourceArtifactResolver] Loading file:/Users/michaelmennis/.m2/repository/org/apache/commons/commons-parent/11/commons-parent-11.pom
09:37:03.084 [DEBUG] [org.gradle.api.internal.artifacts.ivyservice.ivyresolve.RepositoryChainComponentMetaDataResolver] Attempting to resolve component for org.apache:apache:4 using repositories [MavenLocal, maven, maven2, maven3]
09:37:03.084 [DEBUG] [org.gradle.api.internal.artifacts.ivyservice.ivyresolve.RepositoryChainComponentMetaDataResolver] Using org.apache:apache:4 from Maven repository 'MavenLocal'
09:37:03.085 [DEBUG] [org.gradle.api.internal.artifacts.repositories.resolver.DefaultExternalResourceArtifactResolver] Loading file:/Users/michaelmennis/.m2/repository/commons-cli/commons-cli/1.2/commons-cli-1.2.jar
09:37:03.086 [DEBUG] [org.gradle.api.internal.artifacts.repositories.resolver.ExternalResourceResolver] Metadata file found for module 'commons-cli:commons-cli:1.2' in repository 'MavenLocal'.
09:37:03.086 [DEBUG] [org.gradle.api.internal.artifacts.ivyservice.ivyresolve.RepositoryChainComponentMetaDataResolver] Using commons-cli:commons-cli:1.2 from Maven repository 'MavenLocal'
09:37:03.087 [DEBUG] [org.gradle.api.internal.artifacts.ivyservice.resolveengine.graph.DependencyGraphBuilder] Visiting dependency org.apache.hadoop:hadoop-common:2.7.0-mapr-1506-SNAPSHOT(runtime) -> dependency: org.apache.commons:commons-math3:3.1.1, scope: Compile, optional: false
09:37:03.087 [DEBUG] [io.spring.gradle.dependencymanagement.internal.VersionConfiguringAction] Processing dependency 'org.apache.commons:commons-math3:3.1.1'
09:37:03.087 [DEBUG] [io.spring.gradle.dependencymanagement.internal.VersionConfiguringAction] No dependency management for dependency 'org.apache.commons:commons-math3:3.1.1'
09:37:03.087 [DEBUG] [org.gradle.api.internal.artifacts.ivyservice.resolveengine.graph.DependencyGraphBuilder] Selecting new module version org.apache.commons:commons-math3:3.1.1
09:37:03.087 [DEBUG] [org.gradle.api.internal.artifacts.ivyservice.ivyresolve.RepositoryChainComponentMetaDataResolver] Attempting to resolve component for org.apache.commons:commons-math3:3.1.1 using repositories [MavenLocal, maven, maven2, maven3]
09:37:03.087 [DEBUG] [org.gradle.api.internal.artifacts.repositories.resolver.DefaultExternalResourceArtifactResolver] Loading file:/Users/michaelmennis/.m2/repository/org/apache/commons/commons-math3/3.1.1/commons-math3-3.1.1.pom
09:37:03.088 [DEBUG] [org.gradle.api.internal.artifacts.ivyservice.ivyresolve.RepositoryChainComponentMetaDataResolver] Attempting to resolve component for org.apache.commons:commons-parent:24 using repositories [MavenLocal, maven, maven2, maven3]
09:37:03.088 [DEBUG] [org.gradle.api.internal.artifacts.repositories.resolver.DefaultExternalResourceArtifactResolver] Loading file:/Users/michaelmennis/.m2/repository/org/apache/commons/commons-parent/24/commons-parent-24.pom
09:37:03.090 [DEBUG] [org.gradle.api.internal.artifacts.ivyservice.ivyresolve.RepositoryChainComponentMetaDataResolver] Attempting to resolve component for org.apache:apache:9 using repositories [MavenLocal, maven, maven2, maven3]
09:37:03.090 [DEBUG] [org.gradle.api.internal.artifacts.ivyservice.ivyresolve.RepositoryChainComponentMetaDataResolver] Using org.apache:apache:9 from Maven repository 'MavenLocal'
09:37:03.091 [DEBUG] [org.gradle.api.internal.artifacts.repositories.resolver.ExternalResourceResolver] Metadata file found for module 'org.apache.commons:commons-parent:24' in repository 'MavenLocal'.
09:37:03.091 [DEBUG] [org.gradle.api.internal.artifacts.ivyservice.ivyresolve.RepositoryChainComponentMetaDataResolver] Using org.apache.commons:commons-parent:24 from Maven repository 'MavenLocal'
09:37:03.092 [DEBUG] [org.gradle.api.internal.artifacts.repositories.resolver.DefaultExternalResourceArtifactResolver] Loading file:/Users/michaelmennis/.m2/repository/org/apache/commons/commons-parent/24/commons-parent-24.pom
09:37:03.093 [DEBUG] [org.gradle.api.internal.artifacts.ivyservice.ivyresolve.RepositoryChainComponentMetaDataResolver] Attempting to resolve component for org.apache:apache:9 using repositories [MavenLocal, maven, maven2, maven3]
09:37:03.094 [DEBUG] [org.gradle.api.internal.artifacts.ivyservice.ivyresolve.RepositoryChainComponentMetaDataResolver] Using org.apache:apache:9 from Maven repository 'MavenLocal'
09:37:03.095 [DEBUG] [org.gradle.api.internal.artifacts.repositories.resolver.DefaultExternalResourceArtifactResolver] Loading file:/Users/michaelmennis/.m2/repository/org/apache/commons/commons-math3/3.1.1/commons-math3-3.1.1.jar
09:37:03.095 [DEBUG] [org.gradle.api.internal.artifacts.repositories.resolver.ExternalResourceResolver] Metadata file found for module 'org.apache.commons:commons-math3:3.1.1' in repository 'MavenLocal'.
09:37:03.095 [DEBUG] [org.gradle.api.internal.artifacts.ivyservice.ivyresolve.RepositoryChainComponentMetaDataResolver] Using org.apache.commons:commons-math3:3.1.1 from Maven repository 'MavenLocal'
09:37:03.095 [DEBUG] [org.gradle.api.internal.artifacts.ivyservice.resolveengine.graph.DependencyGraphBuilder] Visiting dependency org.apache.hadoop:hadoop-common:2.7.0-mapr-1506-SNAPSHOT(runtime) -> dependency: xmlenc:xmlenc:0.52, scope: Compile, optional: false
09:37:03.095 [DEBUG] [io.spring.gradle.dependencymanagement.internal.VersionConfiguringAction] Processing dependency 'xmlenc:xmlenc:0.52'
09:37:03.095 [DEBUG] [io.spring.gradle.dependencymanagement.internal.VersionConfiguringAction] No dependency management for dependency 'xmlenc:xmlenc:0.52'
09:37:03.095 [DEBUG] [org.gradle.api.internal.artifacts.ivyservice.resolveengine.graph.DependencyGraphBuilder] Selecting new module version xmlenc:xmlenc:0.52
09:37:03.096 [DEBUG] [org.gradle.api.internal.artifacts.ivyservice.ivyresolve.RepositoryChainComponentMetaDataResolver] Attempting to resolve component for xmlenc:xmlenc:0.52 using repositories [MavenLocal, maven, maven2, maven3]
09:37:03.096 [DEBUG] [org.gradle.api.internal.artifacts.repositories.resolver.DefaultExternalResourceArtifactResolver] Loading file:/Users/michaelmennis/.m2/repository/xmlenc/xmlenc/0.52/xmlenc-0.52.pom
09:37:03.105 [DEBUG] [org.gradle.api.internal.artifacts.repositories.resolver.DefaultExternalResourceArtifactResolver] Loading file:/Users/michaelmennis/.m2/repository/xmlenc/xmlenc/0.52/xmlenc-0.52.jar
09:37:03.105 [DEBUG] [org.gradle.api.internal.artifacts.repositories.resolver.ExternalResourceResolver] Metadata file found for module 'xmlenc:xmlenc:0.52' in repository 'MavenLocal'.
09:37:03.105 [DEBUG] [org.gradle.api.internal.artifacts.ivyservice.ivyresolve.RepositoryChainComponentMetaDataResolver] Using xmlenc:xmlenc:0.52 from Maven repository 'MavenLocal'
09:37:03.105 [DEBUG] [org.gradle.api.internal.artifacts.ivyservice.resolveengine.graph.DependencyGraphBuilder] Visiting dependency org.apache.hadoop:hadoop-common:2.7.0-mapr-1506-SNAPSHOT(runtime) -> dependency: commons-httpclient:commons-httpclient:3.1, scope: Compile, optional: false
09:37:03.105 [DEBUG] [io.spring.gradle.dependencymanagement.internal.VersionConfiguringAction] Processing dependency 'commons-httpclient:commons-httpclient:3.1'
09:37:03.105 [DEBUG] [io.spring.gradle.dependencymanagement.internal.VersionConfiguringAction] No dependency management for dependency 'commons-httpclient:commons-httpclient:3.1'
09:37:03.105 [DEBUG] [org.gradle.api.internal.artifacts.ivyservice.resolveengine.graph.DependencyGraphBuilder] Selecting new module version commons-httpclient:commons-httpclient:3.1
09:37:03.105 [DEBUG] [org.gradle.api.internal.artifacts.ivyservice.ivyresolve.RepositoryChainComponentMetaDataResolver] Attempting to resolve component for commons-httpclient:commons-httpclient:3.1 using repositories [MavenLocal, maven, maven2, maven3]
09:37:03.105 [DEBUG] [org.gradle.api.internal.artifacts.repositories.resolver.DefaultExternalResourceArtifactResolver] Loading file:/Users/michaelmennis/.m2/repository/commons-httpclient/commons-httpclient/3.1/commons-httpclient-3.1.pom
09:37:03.106 [DEBUG] [org.gradle.api.internal.artifacts.repositories.resolver.DefaultExternalResourceArtifactResolver] Loading file:/Users/michaelmennis/.m2/repository/commons-httpclient/commons-httpclient/3.1/commons-httpclient-3.1.jar
09:37:03.106 [DEBUG] [org.gradle.api.internal.artifacts.repositories.resolver.ExternalResourceResolver] Metadata file found for module 'commons-httpclient:commons-httpclient:3.1' in repository 'MavenLocal'.
09:37:03.106 [DEBUG] [org.gradle.api.internal.artifacts.ivyservice.ivyresolve.RepositoryChainComponentMetaDataResolver] Using commons-httpclient:commons-httpclient:3.1 from Maven repository 'MavenLocal'
09:37:03.107 [DEBUG] [org.gradle.api.internal.artifacts.ivyservice.resolveengine.graph.DependencyGraphBuilder] Visiting dependency org.apache.hadoop:hadoop-common:2.7.0-mapr-1506-SNAPSHOT(runtime) -> dependency: commons-codec:commons-codec:1.4, scope: Compile, optional: false
09:37:03.107 [DEBUG] [org.gradle.api.internal.artifacts.ivyservice.resolveengine.graph.DependencyGraphBuilder] Visiting dependency org.apache.hadoop:hadoop-common:2.7.0-mapr-1506-SNAPSHOT(runtime) -> dependency: commons-io:commons-io:2.4, scope: Compile, optional: false
09:37:03.107 [DEBUG] [io.spring.gradle.dependencymanagement.internal.VersionConfiguringAction] Processing dependency 'commons-io:commons-io:2.4'
09:37:03.107 [DEBUG] [io.spring.gradle.dependencymanagement.internal.VersionConfiguringAction] No dependency management for dependency 'commons-io:commons-io:2.4'
09:37:03.107 [DEBUG] [org.gradle.api.internal.artifacts.ivyservice.resolveengine.graph.DependencyGraphBuilder] Selecting new module version commons-io:commons-io:2.4
09:37:03.107 [DEBUG] [org.gradle.api.internal.artifacts.ivyservice.ivyresolve.RepositoryChainComponentMetaDataResolver] Attempting to resolve component for commons-io:commons-io:2.4 using repositories [MavenLocal, maven, maven2, maven3]
09:37:03.107 [DEBUG] [org.gradle.api.internal.artifacts.repositories.resolver.DefaultExternalResourceArtifactResolver] Loading file:/Users/michaelmennis/.m2/repository/commons-io/commons-io/2.4/commons-io-2.4.pom
09:37:03.108 [DEBUG] [org.gradle.api.internal.artifacts.ivyservice.ivyresolve.RepositoryChainComponentMetaDataResolver] Attempting to resolve component for org.apache.commons:commons-parent:25 using repositories [MavenLocal, maven, maven2, maven3]
09:37:03.108 [DEBUG] [org.gradle.api.internal.artifacts.repositories.resolver.DefaultExternalResourceArtifactResolver] Loading file:/Users/michaelmennis/.m2/repository/org/apache/commons/commons-parent/25/commons-parent-25.pom
09:37:03.110 [DEBUG] [org.gradle.api.internal.artifacts.ivyservice.ivyresolve.RepositoryChainComponentMetaDataResolver] Attempting to resolve component for org.apache:apache:9 using repositories [MavenLocal, maven, maven2, maven3]
09:37:03.110 [DEBUG] [org.gradle.api.internal.artifacts.ivyservice.ivyresolve.RepositoryChainComponentMetaDataResolver] Using org.apache:apache:9 from Maven repository 'MavenLocal'
09:37:03.114 [DEBUG] [org.gradle.api.internal.artifacts.repositories.resolver.ExternalResourceResolver] Metadata file found for module 'org.apache.commons:commons-parent:25' in repository 'MavenLocal'.
09:37:03.114 [DEBUG] [org.gradle.api.internal.artifacts.ivyservice.ivyresolve.RepositoryChainComponentMetaDataResolver] Using org.apache.commons:commons-parent:25 from Maven repository 'MavenLocal'
09:37:03.114 [DEBUG] [org.gradle.api.internal.artifacts.repositories.resolver.DefaultExternalResourceArtifactResolver] Loading file:/Users/michaelmennis/.m2/repository/org/apache/commons/commons-parent/25/commons-parent-25.pom
09:37:03.116 [DEBUG] [org.gradle.api.internal.artifacts.ivyservice.ivyresolve.RepositoryChainComponentMetaDataResolver] Attempting to resolve component for org.apache:apache:9 using repositories [MavenLocal, maven, maven2, maven3]
09:37:03.116 [DEBUG] [org.gradle.api.internal.artifacts.ivyservice.ivyresolve.RepositoryChainComponentMetaDataResolver] Using org.apache:apache:9 from Maven repository 'MavenLocal'
09:37:03.118 [DEBUG] [org.gradle.api.internal.artifacts.repositories.resolver.DefaultExternalResourceArtifactResolver] Loading file:/Users/michaelmennis/.m2/repository/commons-io/commons-io/2.4/commons-io-2.4.jar
09:37:03.118 [DEBUG] [org.gradle.api.internal.artifacts.repositories.resolver.ExternalResourceResolver] Metadata file found for module 'commons-io:commons-io:2.4' in repository 'MavenLocal'.
09:37:03.118 [DEBUG] [org.gradle.api.internal.artifacts.ivyservice.ivyresolve.RepositoryChainComponentMetaDataResolver] Using commons-io:commons-io:2.4 from Maven repository 'MavenLocal'
09:37:03.118 [DEBUG] [org.gradle.api.internal.artifacts.ivyservice.resolveengine.graph.DependencyGraphBuilder] Visiting dependency org.apache.hadoop:hadoop-common:2.7.0-mapr-1506-SNAPSHOT(runtime) -> dependency: commons-net:commons-net:3.1, scope: Compile, optional: false
09:37:03.118 [DEBUG] [io.spring.gradle.dependencymanagement.internal.VersionConfiguringAction] Processing dependency 'commons-net:commons-net:3.1'
09:37:03.118 [DEBUG] [io.spring.gradle.dependencymanagement.internal.VersionConfiguringAction] No dependency management for dependency 'commons-net:commons-net:3.1'
09:37:03.118 [DEBUG] [org.gradle.api.internal.artifacts.ivyservice.resolveengine.graph.DependencyGraphBuilder] Selecting new module version commons-net:commons-net:3.1
09:37:03.118 [DEBUG] [org.gradle.api.internal.artifacts.ivyservice.ivyresolve.RepositoryChainComponentMetaDataResolver] Attempting to resolve component for commons-net:commons-net:3.1 using repositories [MavenLocal, maven, maven2, maven3]
09:37:03.118 [DEBUG] [org.gradle.api.internal.artifacts.repositories.resolver.DefaultExternalResourceArtifactResolver] Loading file:/Users/michaelmennis/.m2/repository/commons-net/commons-net/3.1/commons-net-3.1.pom
09:37:03.120 [DEBUG] [org.gradle.api.internal.artifacts.ivyservice.ivyresolve.RepositoryChainComponentMetaDataResolver] Attempting to resolve component for org.apache.commons:commons-parent:23 using repositories [MavenLocal, maven, maven2, maven3]
09:37:03.120 [DEBUG] [org.gradle.api.internal.artifacts.repositories.resolver.DefaultExternalResourceArtifactResolver] Loading file:/Users/michaelmennis/.m2/repository/org/apache/commons/commons-parent/23/commons-parent-23.pom
09:37:03.124 [DEBUG] [org.gradle.api.internal.artifacts.ivyservice.ivyresolve.RepositoryChainComponentMetaDataResolver] Attempting to resolve component for org.apache:apache:9 using repositories [MavenLocal, maven, maven2, maven3]
09:37:03.124 [DEBUG] [org.gradle.api.internal.artifacts.ivyservice.ivyresolve.RepositoryChainComponentMetaDataResolver] Using org.apache:apache:9 from Maven repository 'MavenLocal'
09:37:03.125 [DEBUG] [org.gradle.api.internal.artifacts.repositories.resolver.ExternalResourceResolver] Metadata file found for module 'org.apache.commons:commons-parent:23' in repository 'MavenLocal'.
09:37:03.126 [DEBUG] [org.gradle.api.internal.artifacts.ivyservice.ivyresolve.RepositoryChainComponentMetaDataResolver] Using org.apache.commons:commons-parent:23 from Maven repository 'MavenLocal'
09:37:03.126 [DEBUG] [org.gradle.api.internal.artifacts.repositories.resolver.DefaultExternalResourceArtifactResolver] Loading file:/Users/michaelmennis/.m2/repository/org/apache/commons/commons-parent/23/commons-parent-23.pom
09:37:03.128 [DEBUG] [org.gradle.api.internal.artifacts.ivyservice.ivyresolve.RepositoryChainComponentMetaDataResolver] Attempting to resolve component for org.apache:apache:9 using repositories [MavenLocal, maven, maven2, maven3]
09:37:03.128 [DEBUG] [org.gradle.api.internal.artifacts.ivyservice.ivyresolve.RepositoryChainComponentMetaDataResolver] Using org.apache:apache:9 from Maven repository 'MavenLocal'
09:37:03.132 [DEBUG] [org.gradle.api.internal.artifacts.repositories.resolver.DefaultExternalResourceArtifactResolver] Loading file:/Users/michaelmennis/.m2/repository/commons-net/commons-net/3.1/commons-net-3.1.jar
09:37:03.133 [DEBUG] [org.gradle.api.internal.artifacts.repositories.resolver.ExternalResourceResolver] Metadata file found for module 'commons-net:commons-net:3.1' in repository 'MavenLocal'.
09:37:03.133 [DEBUG] [org.gradle.api.internal.artifacts.ivyservice.ivyresolve.RepositoryChainComponentMetaDataResolver] Using commons-net:commons-net:3.1 from Maven repository 'MavenLocal'
09:37:03.133 [DEBUG] [org.gradle.api.internal.artifacts.ivyservice.resolveengine.graph.DependencyGraphBuilder] Visiting dependency org.apache.hadoop:hadoop-common:2.7.0-mapr-1506-SNAPSHOT(runtime) -> dependency: commons-collections:commons-collections:3.2.2, scope: Compile, optional: false
09:37:03.133 [DEBUG] [io.spring.gradle.dependencymanagement.internal.VersionConfiguringAction] Processing dependency 'commons-collections:commons-collections:3.2.2'
09:37:03.133 [DEBUG] [io.spring.gradle.dependencymanagement.internal.DependencyManagementContainer] Found managed version '3.2.2' for dependency 'commons-collections:commons-collections' in global dependency management
09:37:03.133 [DEBUG] [io.spring.gradle.dependencymanagement.internal.VersionConfiguringAction] Using version '3.2.2' for dependency 'commons-collections:commons-collections:3.2.2'
09:37:03.133 [DEBUG] [org.gradle.api.internal.artifacts.ivyservice.resolveengine.graph.DependencyGraphBuilder] Selecting new module version commons-collections:commons-collections:3.2.2
09:37:03.133 [DEBUG] [org.gradle.api.internal.artifacts.ivyservice.ivyresolve.RepositoryChainComponentMetaDataResolver] Attempting to resolve component for commons-collections:commons-collections:3.2.2 using repositories [MavenLocal, maven, maven2, maven3]
09:37:03.133 [DEBUG] [org.gradle.api.internal.artifacts.ivyservice.ivyresolve.RepositoryChainComponentMetaDataResolver] Using commons-collections:commons-collections:3.2.2 from Maven repository 'MavenLocal'
09:37:03.133 [DEBUG] [org.gradle.api.internal.artifacts.ivyservice.resolveengine.graph.DependencyGraphBuilder] Visiting dependency org.apache.hadoop:hadoop-common:2.7.0-mapr-1506-SNAPSHOT(runtime) -> dependency: log4j:log4j:1.2.17, scope: Compile, optional: false
09:37:03.133 [DEBUG] [org.gradle.api.internal.artifacts.ivyservice.resolveengine.graph.DependencyGraphBuilder] Visiting dependency org.apache.hadoop:hadoop-common:2.7.0-mapr-1506-SNAPSHOT(runtime) -> dependency: commons-lang:commons-lang:2.6, scope: Compile, optional: false
09:37:03.134 [DEBUG] [org.gradle.api.internal.artifacts.ivyservice.resolveengine.graph.DependencyGraphBuilder] Visiting dependency org.apache.hadoop:hadoop-common:2.7.0-mapr-1506-SNAPSHOT(runtime) -> dependency: commons-configuration:commons-configuration:1.6, scope: Compile, optional: false
09:37:03.134 [DEBUG] [io.spring.gradle.dependencymanagement.internal.VersionConfiguringAction] Processing dependency 'commons-configuration:commons-configuration:1.6'
09:37:03.134 [DEBUG] [io.spring.gradle.dependencymanagement.internal.VersionConfiguringAction] No dependency management for dependency 'commons-configuration:commons-configuration:1.6'
09:37:03.134 [DEBUG] [org.gradle.api.internal.artifacts.ivyservice.resolveengine.graph.DependencyGraphBuilder] Selecting new module version commons-configuration:commons-configuration:1.6
09:37:03.134 [DEBUG] [org.gradle.api.internal.artifacts.ivyservice.ivyresolve.RepositoryChainComponentMetaDataResolver] Attempting to resolve component for commons-configuration:commons-configuration:1.6 using repositories [MavenLocal, maven, maven2, maven3]
09:37:03.134 [DEBUG] [org.gradle.api.internal.artifacts.repositories.resolver.DefaultExternalResourceArtifactResolver] Loading file:/Users/michaelmennis/.m2/repository/commons-configuration/commons-configuration/1.6/commons-configuration-1.6.pom
09:37:03.146 [DEBUG] [org.gradle.api.internal.artifacts.repositories.resolver.DefaultExternalResourceArtifactResolver] Loading file:/Users/michaelmennis/.m2/repository/commons-configuration/commons-configuration/1.6/commons-configuration-1.6.jar
09:37:03.146 [DEBUG] [org.gradle.api.internal.artifacts.repositories.resolver.ExternalResourceResolver] Metadata file found for module 'commons-configuration:commons-configuration:1.6' in repository 'MavenLocal'.
09:37:03.146 [DEBUG] [org.gradle.api.internal.artifacts.ivyservice.ivyresolve.RepositoryChainComponentMetaDataResolver] Using commons-configuration:commons-configuration:1.6 from Maven repository 'MavenLocal'
09:37:03.146 [DEBUG] [org.gradle.api.internal.artifacts.ivyservice.resolveengine.graph.DependencyGraphBuilder] Visiting dependency org.apache.hadoop:hadoop-common:2.7.0-mapr-1506-SNAPSHOT(runtime) -> dependency: org.slf4j:slf4j-api:1.7.10, scope: Compile, optional: false
09:37:03.146 [DEBUG] [org.gradle.api.internal.artifacts.ivyservice.resolveengine.graph.DependencyGraphBuilder] Visiting dependency org.apache.hadoop:hadoop-common:2.7.0-mapr-1506-SNAPSHOT(runtime) -> dependency: org.slf4j:slf4j-log4j12:1.7.10, scope: Runtime, optional: false
09:37:03.146 [DEBUG] [org.gradle.api.internal.artifacts.ivyservice.resolveengine.graph.DependencyGraphBuilder] Visiting dependency org.apache.hadoop:hadoop-common:2.7.0-mapr-1506-SNAPSHOT(runtime) -> dependency: org.codehaus.jackson:jackson-core-asl:1.9.13, scope: Compile, optional: false
09:37:03.146 [DEBUG] [io.spring.gradle.dependencymanagement.internal.VersionConfiguringAction] Processing dependency 'org.codehaus.jackson:jackson-core-asl:1.9.13'
09:37:03.146 [DEBUG] [io.spring.gradle.dependencymanagement.internal.VersionConfiguringAction] No dependency management for dependency 'org.codehaus.jackson:jackson-core-asl:1.9.13'
09:37:03.146 [DEBUG] [org.gradle.api.internal.artifacts.ivyservice.resolveengine.graph.DependencyGraphBuilder] Selecting new module version org.codehaus.jackson:jackson-core-asl:1.9.13
09:37:03.147 [DEBUG] [org.gradle.api.internal.artifacts.ivyservice.ivyresolve.RepositoryChainComponentMetaDataResolver] Attempting to resolve component for org.codehaus.jackson:jackson-core-asl:1.9.13 using repositories [MavenLocal, maven, maven2, maven3]
09:37:03.147 [DEBUG] [org.gradle.api.internal.artifacts.repositories.resolver.DefaultExternalResourceArtifactResolver] Loading file:/Users/michaelmennis/.m2/repository/org/codehaus/jackson/jackson-core-asl/1.9.13/jackson-core-asl-1.9.13.pom
09:37:03.148 [DEBUG] [org.gradle.api.internal.artifacts.repositories.resolver.DefaultExternalResourceArtifactResolver] Loading file:/Users/michaelmennis/.m2/repository/org/codehaus/jackson/jackson-core-asl/1.9.13/jackson-core-asl-1.9.13.jar
09:37:03.148 [DEBUG] [org.gradle.api.internal.artifacts.repositories.resolver.ExternalResourceResolver] Metadata file found for module 'org.codehaus.jackson:jackson-core-asl:1.9.13' in repository 'MavenLocal'.
09:37:03.149 [DEBUG] [org.gradle.api.internal.artifacts.ivyservice.ivyresolve.RepositoryChainComponentMetaDataResolver] Using org.codehaus.jackson:jackson-core-asl:1.9.13 from Maven repository 'MavenLocal'
09:37:03.149 [DEBUG] [org.gradle.api.internal.artifacts.ivyservice.resolveengine.graph.DependencyGraphBuilder] Visiting dependency org.apache.hadoop:hadoop-common:2.7.0-mapr-1506-SNAPSHOT(runtime) -> dependency: org.codehaus.jackson:jackson-mapper-asl:1.9.13, scope: Compile, optional: false
09:37:03.149 [DEBUG] [io.spring.gradle.dependencymanagement.internal.VersionConfiguringAction] Processing dependency 'org.codehaus.jackson:jackson-mapper-asl:1.9.13'
09:37:03.149 [DEBUG] [io.spring.gradle.dependencymanagement.internal.VersionConfiguringAction] No dependency management for dependency 'org.codehaus.jackson:jackson-mapper-asl:1.9.13'
09:37:03.149 [DEBUG] [org.gradle.api.internal.artifacts.ivyservice.resolveengine.graph.DependencyGraphBuilder] Selecting new module version org.codehaus.jackson:jackson-mapper-asl:1.9.13
09:37:03.149 [DEBUG] [org.gradle.api.internal.artifacts.ivyservice.ivyresolve.RepositoryChainComponentMetaDataResolver] Attempting to resolve component for org.codehaus.jackson:jackson-mapper-asl:1.9.13 using repositories [MavenLocal, maven, maven2, maven3]
09:37:03.149 [DEBUG] [org.gradle.api.internal.artifacts.repositories.resolver.DefaultExternalResourceArtifactResolver] Loading file:/Users/michaelmennis/.m2/repository/org/codehaus/jackson/jackson-mapper-asl/1.9.13/jackson-mapper-asl-1.9.13.pom
09:37:03.150 [DEBUG] [org.gradle.api.internal.artifacts.repositories.resolver.DefaultExternalResourceArtifactResolver] Loading file:/Users/michaelmennis/.m2/repository/org/codehaus/jackson/jackson-mapper-asl/1.9.13/jackson-mapper-asl-1.9.13.jar
09:37:03.150 [DEBUG] [org.gradle.api.internal.artifacts.repositories.resolver.ExternalResourceResolver] Metadata file found for module 'org.codehaus.jackson:jackson-mapper-asl:1.9.13' in repository 'MavenLocal'.
09:37:03.150 [DEBUG] [org.gradle.api.internal.artifacts.ivyservice.ivyresolve.RepositoryChainComponentMetaDataResolver] Using org.codehaus.jackson:jackson-mapper-asl:1.9.13 from Maven repository 'MavenLocal'
09:37:03.150 [DEBUG] [org.gradle.api.internal.artifacts.ivyservice.resolveengine.graph.DependencyGraphBuilder] Visiting dependency org.apache.hadoop:hadoop-common:2.7.0-mapr-1506-SNAPSHOT(runtime) -> dependency: com.google.protobuf:protobuf-java:2.5.0, scope: Compile, optional: false
09:37:03.150 [DEBUG] [org.gradle.api.internal.artifacts.ivyservice.resolveengine.graph.DependencyGraphBuilder] Visiting dependency org.apache.hadoop:hadoop-common:2.7.0-mapr-1506-SNAPSHOT(runtime) -> dependency: com.google.code.gson:gson:2.2.4, scope: Compile, optional: false
09:37:03.151 [DEBUG] [io.spring.gradle.dependencymanagement.internal.VersionConfiguringAction] Processing dependency 'com.google.code.gson:gson:2.2.4'
09:37:03.151 [DEBUG] [io.spring.gradle.dependencymanagement.internal.DependencyManagementContainer] Found managed version '2.8.0' for dependency 'com.google.code.gson:gson' in global dependency management
09:37:03.151 [DEBUG] [io.spring.gradle.dependencymanagement.internal.VersionConfiguringAction] Using version '2.8.0' for dependency 'com.google.code.gson:gson:2.2.4'
09:37:03.151 [DEBUG] [org.gradle.api.internal.artifacts.ivyservice.resolveengine.graph.DependencyGraphBuilder] Selecting new module version com.google.code.gson:gson:2.8.0
09:37:03.151 [DEBUG] [org.gradle.api.internal.artifacts.ivyservice.ivyresolve.RepositoryChainComponentMetaDataResolver] Attempting to resolve component for com.google.code.gson:gson:2.8.0 using repositories [MavenLocal, maven, maven2, maven3]
09:37:03.151 [DEBUG] [org.gradle.api.internal.artifacts.repositories.resolver.DefaultExternalResourceArtifactResolver] Loading file:/Users/michaelmennis/.m2/repository/com/google/code/gson/gson/2.8.0/gson-2.8.0.pom
09:37:03.152 [DEBUG] [org.gradle.api.internal.artifacts.ivyservice.ivyresolve.RepositoryChainComponentMetaDataResolver] Attempting to resolve component for com.google.code.gson:gson-parent:2.8.0 using repositories [MavenLocal, maven, maven2, maven3]
09:37:03.152 [DEBUG] [org.gradle.api.internal.artifacts.repositories.resolver.DefaultExternalResourceArtifactResolver] Loading file:/Users/michaelmennis/.m2/repository/com/google/code/gson/gson-parent/2.8.0/gson-parent-2.8.0.pom
09:37:03.153 [DEBUG] [org.gradle.api.internal.artifacts.ivyservice.ivyresolve.RepositoryChainComponentMetaDataResolver] Attempting to resolve component for org.sonatype.oss:oss-parent:7 using repositories [MavenLocal, maven, maven2, maven3]
09:37:03.153 [DEBUG] [org.gradle.api.internal.artifacts.ivyservice.ivyresolve.RepositoryChainComponentMetaDataResolver] Using org.sonatype.oss:oss-parent:7 from Maven repository 'MavenLocal'
09:37:03.154 [DEBUG] [org.gradle.api.internal.artifacts.repositories.resolver.ExternalResourceResolver] Metadata file found for module 'com.google.code.gson:gson-parent:2.8.0' in repository 'MavenLocal'.
09:37:03.154 [DEBUG] [org.gradle.api.internal.artifacts.ivyservice.ivyresolve.RepositoryChainComponentMetaDataResolver] Using com.google.code.gson:gson-parent:2.8.0 from Maven repository 'MavenLocal'
09:37:03.154 [DEBUG] [org.gradle.api.internal.artifacts.repositories.resolver.DefaultExternalResourceArtifactResolver] Loading file:/Users/michaelmennis/.m2/repository/com/google/code/gson/gson-parent/2.8.0/gson-parent-2.8.0.pom
09:37:03.155 [DEBUG] [org.gradle.api.internal.artifacts.ivyservice.ivyresolve.RepositoryChainComponentMetaDataResolver] Attempting to resolve component for org.sonatype.oss:oss-parent:7 using repositories [MavenLocal, maven, maven2, maven3]
09:37:03.155 [DEBUG] [org.gradle.api.internal.artifacts.ivyservice.ivyresolve.RepositoryChainComponentMetaDataResolver] Using org.sonatype.oss:oss-parent:7 from Maven repository 'MavenLocal'
09:37:03.156 [DEBUG] [org.gradle.api.internal.artifacts.repositories.resolver.DefaultExternalResourceArtifactResolver] Loading file:/Users/michaelmennis/.m2/repository/com/google/code/gson/gson/2.8.0/gson-2.8.0.jar
09:37:03.156 [DEBUG] [org.gradle.api.internal.artifacts.repositories.resolver.ExternalResourceResolver] Metadata file found for module 'com.google.code.gson:gson:2.8.0' in repository 'MavenLocal'.
09:37:03.156 [DEBUG] [org.gradle.api.internal.artifacts.ivyservice.ivyresolve.RepositoryChainComponentMetaDataResolver] Using com.google.code.gson:gson:2.8.0 from Maven repository 'MavenLocal'
09:37:03.156 [DEBUG] [org.gradle.api.internal.artifacts.ivyservice.resolveengine.graph.DependencyGraphBuilder] Visiting dependency org.apache.hadoop:hadoop-common:2.7.0-mapr-1506-SNAPSHOT(runtime) -> dependency: org.apache.hadoop:hadoop-auth:2.7.0-mapr-1506-SNAPSHOT, scope: Compile, optional: false
09:37:03.156 [DEBUG] [org.gradle.api.internal.artifacts.ivyservice.resolveengine.graph.DependencyGraphBuilder] Visiting dependency org.apache.hadoop:hadoop-common:2.7.0-mapr-1506-SNAPSHOT(runtime) -> dependency: org.apache.curator:curator-client:2.7.1, scope: Compile, optional: false
09:37:03.156 [DEBUG] [io.spring.gradle.dependencymanagement.internal.VersionConfiguringAction] Processing dependency 'org.apache.curator:curator-client:2.7.1'
09:37:03.156 [DEBUG] [io.spring.gradle.dependencymanagement.internal.VersionConfiguringAction] No dependency management for dependency 'org.apache.curator:curator-client:2.7.1'
09:37:03.156 [DEBUG] [org.gradle.api.internal.artifacts.ivyservice.resolveengine.graph.DependencyGraphBuilder] Selecting new module version org.apache.curator:curator-client:2.7.1
09:37:03.157 [DEBUG] [org.gradle.api.internal.artifacts.ivyservice.ivyresolve.RepositoryChainComponentMetaDataResolver] Attempting to resolve component for org.apache.curator:curator-client:2.7.1 using repositories [MavenLocal, maven, maven2, maven3]
09:37:03.157 [DEBUG] [org.gradle.api.internal.artifacts.repositories.resolver.DefaultExternalResourceArtifactResolver] Loading file:/Users/michaelmennis/.m2/repository/org/apache/curator/curator-client/2.7.1/curator-client-2.7.1.pom
09:37:03.157 [DEBUG] [org.gradle.api.internal.artifacts.ivyservice.ivyresolve.RepositoryChainComponentMetaDataResolver] Attempting to resolve component for org.apache.curator:apache-curator:2.7.1 using repositories [MavenLocal, maven, maven2, maven3]
09:37:03.158 [DEBUG] [org.gradle.api.internal.artifacts.ivyservice.ivyresolve.RepositoryChainComponentMetaDataResolver] Using org.apache.curator:apache-curator:2.7.1 from Maven repository 'MavenLocal'
09:37:03.159 [DEBUG] [org.gradle.api.internal.artifacts.ivyservice.ivyresolve.RepositoryChainComponentMetaDataResolver] Attempting to resolve component for org.apache:apache:14 using repositories [MavenLocal, maven, maven2, maven3]
09:37:03.159 [DEBUG] [org.gradle.api.internal.artifacts.ivyservice.ivyresolve.RepositoryChainComponentMetaDataResolver] Using org.apache:apache:14 from Maven repository 'MavenLocal'
09:37:03.161 [DEBUG] [org.gradle.api.internal.artifacts.repositories.resolver.DefaultExternalResourceArtifactResolver] Loading file:/Users/michaelmennis/.m2/repository/org/apache/curator/curator-client/2.7.1/curator-client-2.7.1.jar
09:37:03.161 [DEBUG] [org.gradle.api.internal.artifacts.repositories.resolver.ExternalResourceResolver] Metadata file found for module 'org.apache.curator:curator-client:2.7.1' in repository 'MavenLocal'.
09:37:03.161 [DEBUG] [org.gradle.api.internal.artifacts.ivyservice.ivyresolve.RepositoryChainComponentMetaDataResolver] Using org.apache.curator:curator-client:2.7.1 from Maven repository 'MavenLocal'
09:37:03.161 [DEBUG] [org.gradle.api.internal.artifacts.ivyservice.resolveengine.graph.DependencyGraphBuilder] Visiting dependency org.apache.hadoop:hadoop-common:2.7.0-mapr-1506-SNAPSHOT(runtime) -> dependency: org.apache.curator:curator-recipes:2.7.1, scope: Compile, optional: false
09:37:03.161 [DEBUG] [io.spring.gradle.dependencymanagement.internal.VersionConfiguringAction] Processing dependency 'org.apache.curator:curator-recipes:2.7.1'
09:37:03.162 [DEBUG] [io.spring.gradle.dependencymanagement.internal.VersionConfiguringAction] No dependency management for dependency 'org.apache.curator:curator-recipes:2.7.1'
09:37:03.162 [DEBUG] [org.gradle.api.internal.artifacts.ivyservice.resolveengine.graph.DependencyGraphBuilder] Selecting new module version org.apache.curator:curator-recipes:2.7.1
09:37:03.162 [DEBUG] [org.gradle.api.internal.artifacts.ivyservice.ivyresolve.RepositoryChainComponentMetaDataResolver] Attempting to resolve component for org.apache.curator:curator-recipes:2.7.1 using repositories [MavenLocal, maven, maven2, maven3]
09:37:03.162 [DEBUG] [org.gradle.api.internal.artifacts.repositories.resolver.DefaultExternalResourceArtifactResolver] Loading file:/Users/michaelmennis/.m2/repository/org/apache/curator/curator-recipes/2.7.1/curator-recipes-2.7.1.pom
09:37:03.163 [DEBUG] [org.gradle.api.internal.artifacts.ivyservice.ivyresolve.RepositoryChainComponentMetaDataResolver] Attempting to resolve component for org.apache.curator:apache-curator:2.7.1 using repositories [MavenLocal, maven, maven2, maven3]
09:37:03.163 [DEBUG] [org.gradle.api.internal.artifacts.ivyservice.ivyresolve.RepositoryChainComponentMetaDataResolver] Using org.apache.curator:apache-curator:2.7.1 from Maven repository 'MavenLocal'
09:37:03.164 [DEBUG] [org.gradle.api.internal.artifacts.ivyservice.ivyresolve.RepositoryChainComponentMetaDataResolver] Attempting to resolve component for org.apache:apache:14 using repositories [MavenLocal, maven, maven2, maven3]
09:37:03.165 [DEBUG] [org.gradle.api.internal.artifacts.ivyservice.ivyresolve.RepositoryChainComponentMetaDataResolver] Using org.apache:apache:14 from Maven repository 'MavenLocal'
09:37:03.166 [DEBUG] [org.gradle.api.internal.artifacts.repositories.resolver.DefaultExternalResourceArtifactResolver] Loading file:/Users/michaelmennis/.m2/repository/org/apache/curator/curator-recipes/2.7.1/curator-recipes-2.7.1.jar
09:37:03.167 [DEBUG] [org.gradle.api.internal.artifacts.repositories.resolver.ExternalResourceResolver] Metadata file found for module 'org.apache.curator:curator-recipes:2.7.1' in repository 'MavenLocal'.
09:37:03.167 [DEBUG] [org.gradle.api.internal.artifacts.ivyservice.ivyresolve.RepositoryChainComponentMetaDataResolver] Using org.apache.curator:curator-recipes:2.7.1 from Maven repository 'MavenLocal'
09:37:03.167 [DEBUG] [org.gradle.api.internal.artifacts.ivyservice.resolveengine.graph.DependencyGraphBuilder] Visiting dependency org.apache.hadoop:hadoop-common:2.7.0-mapr-1506-SNAPSHOT(runtime) -> dependency: org.apache.htrace:htrace-core:3.1.0-incubating, scope: Compile, optional: false
09:37:03.167 [DEBUG] [io.spring.gradle.dependencymanagement.internal.VersionConfiguringAction] Processing dependency 'org.apache.htrace:htrace-core:3.1.0-incubating'
09:37:03.167 [DEBUG] [io.spring.gradle.dependencymanagement.internal.VersionConfiguringAction] No dependency management for dependency 'org.apache.htrace:htrace-core:3.1.0-incubating'
09:37:03.167 [DEBUG] [org.gradle.api.internal.artifacts.ivyservice.resolveengine.graph.DependencyGraphBuilder] Selecting new module version org.apache.htrace:htrace-core:3.1.0-incubating
09:37:03.167 [DEBUG] [org.gradle.api.internal.artifacts.ivyservice.ivyresolve.RepositoryChainComponentMetaDataResolver] Attempting to resolve component for org.apache.htrace:htrace-core:3.1.0-incubating using repositories [MavenLocal, maven, maven2, maven3]
09:37:03.167 [DEBUG] [org.gradle.api.internal.artifacts.repositories.resolver.DefaultExternalResourceArtifactResolver] Loading file:/Users/michaelmennis/.m2/repository/org/apache/htrace/htrace-core/3.1.0-incubating/htrace-core-3.1.0-incubating.pom
09:37:03.173 [DEBUG] [org.gradle.api.internal.artifacts.ivyservice.ivyresolve.RepositoryChainComponentMetaDataResolver] Attempting to resolve component for org.apache.htrace:htrace:3.1.0-incubating using repositories [MavenLocal, maven, maven2, maven3]
09:37:03.173 [DEBUG] [org.gradle.api.internal.artifacts.repositories.resolver.DefaultExternalResourceArtifactResolver] Loading file:/Users/michaelmennis/.m2/repository/org/apache/htrace/htrace/3.1.0-incubating/htrace-3.1.0-incubating.pom
09:37:03.174 [DEBUG] [org.gradle.api.internal.artifacts.ivyservice.ivyresolve.RepositoryChainComponentMetaDataResolver] Attempting to resolve component for org.apache:apache:12 using repositories [MavenLocal, maven, maven2, maven3]
09:37:03.174 [DEBUG] [org.gradle.api.internal.artifacts.repositories.resolver.DefaultExternalResourceArtifactResolver] Loading file:/Users/michaelmennis/.m2/repository/org/apache/apache/12/apache-12.pom
09:37:03.176 [DEBUG] [org.gradle.api.internal.artifacts.repositories.resolver.ExternalResourceResolver] Metadata file found for module 'org.apache:apache:12' in repository 'MavenLocal'.
09:37:03.176 [DEBUG] [org.gradle.api.internal.artifacts.ivyservice.ivyresolve.RepositoryChainComponentMetaDataResolver] Using org.apache:apache:12 from Maven repository 'MavenLocal'
09:37:03.176 [DEBUG] [org.gradle.api.internal.artifacts.repositories.resolver.DefaultExternalResourceArtifactResolver] Loading file:/Users/michaelmennis/.m2/repository/org/apache/apache/12/apache-12.pom
09:37:03.177 [DEBUG] [org.gradle.api.internal.artifacts.repositories.resolver.ExternalResourceResolver] Metadata file found for module 'org.apache.htrace:htrace:3.1.0-incubating' in repository 'MavenLocal'.
09:37:03.177 [DEBUG] [org.gradle.api.internal.artifacts.ivyservice.ivyresolve.RepositoryChainComponentMetaDataResolver] Using org.apache.htrace:htrace:3.1.0-incubating from Maven repository 'MavenLocal'
09:37:03.177 [DEBUG] [org.gradle.api.internal.artifacts.repositories.resolver.DefaultExternalResourceArtifactResolver] Loading file:/Users/michaelmennis/.m2/repository/org/apache/htrace/htrace/3.1.0-incubating/htrace-3.1.0-incubating.pom
09:37:03.179 [DEBUG] [org.gradle.api.internal.artifacts.ivyservice.ivyresolve.RepositoryChainComponentMetaDataResolver] Attempting to resolve component for org.apache:apache:12 using repositories [MavenLocal, maven, maven2, maven3]
09:37:03.179 [DEBUG] [org.gradle.api.internal.artifacts.ivyservice.ivyresolve.RepositoryChainComponentMetaDataResolver] Using org.apache:apache:12 from Maven repository 'MavenLocal'
09:37:03.180 [DEBUG] [org.gradle.api.internal.artifacts.repositories.resolver.DefaultExternalResourceArtifactResolver] Loading file:/Users/michaelmennis/.m2/repository/org/apache/htrace/htrace-core/3.1.0-incubating/htrace-core-3.1.0-incubating.jar
09:37:03.180 [DEBUG] [org.gradle.api.internal.artifacts.repositories.resolver.ExternalResourceResolver] Metadata file found for module 'org.apache.htrace:htrace-core:3.1.0-incubating' in repository 'MavenLocal'.
09:37:03.180 [DEBUG] [org.gradle.api.internal.artifacts.ivyservice.ivyresolve.RepositoryChainComponentMetaDataResolver] Using org.apache.htrace:htrace-core:3.1.0-incubating from Maven repository 'MavenLocal'
09:37:03.180 [DEBUG] [org.gradle.api.internal.artifacts.ivyservice.resolveengine.graph.DependencyGraphBuilder] Visiting dependency org.apache.hadoop:hadoop-common:2.7.0-mapr-1506-SNAPSHOT(runtime) -> dependency: org.apache.zookeeper:zookeeper:3.4.5-mapr-1503, scope: Compile, optional: false
09:37:03.180 [DEBUG] [org.gradle.api.internal.artifacts.ivyservice.resolveengine.graph.DependencyGraphBuilder] Visiting dependency org.apache.hadoop:hadoop-common:2.7.0-mapr-1506-SNAPSHOT(runtime) -> dependency: org.apache.commons:commons-compress:1.4.1, scope: Compile, optional: false
09:37:03.181 [DEBUG] [io.spring.gradle.dependencymanagement.internal.VersionConfiguringAction] Processing dependency 'org.apache.commons:commons-compress:1.4.1'
09:37:03.181 [DEBUG] [io.spring.gradle.dependencymanagement.internal.VersionConfiguringAction] No dependency management for dependency 'org.apache.commons:commons-compress:1.4.1'
09:37:03.181 [DEBUG] [org.gradle.api.internal.artifacts.ivyservice.resolveengine.graph.DependencyGraphBuilder] Selecting new module version org.apache.commons:commons-compress:1.4.1
09:37:03.181 [DEBUG] [org.gradle.api.internal.artifacts.ivyservice.ivyresolve.RepositoryChainComponentMetaDataResolver] Attempting to resolve component for org.apache.commons:commons-compress:1.4.1 using repositories [MavenLocal, maven, maven2, maven3]
09:37:03.181 [DEBUG] [org.gradle.api.internal.artifacts.repositories.resolver.DefaultExternalResourceArtifactResolver] Loading file:/Users/michaelmennis/.m2/repository/org/apache/commons/commons-compress/1.4.1/commons-compress-1.4.1.pom
09:37:03.182 [DEBUG] [org.gradle.api.internal.artifacts.ivyservice.ivyresolve.RepositoryChainComponentMetaDataResolver] Attempting to resolve component for org.apache.commons:commons-parent:24 using repositories [MavenLocal, maven, maven2, maven3]
09:37:03.182 [DEBUG] [org.gradle.api.internal.artifacts.ivyservice.ivyresolve.RepositoryChainComponentMetaDataResolver] Using org.apache.commons:commons-parent:24 from Maven repository 'MavenLocal'
09:37:03.184 [DEBUG] [org.gradle.api.internal.artifacts.ivyservice.ivyresolve.RepositoryChainComponentMetaDataResolver] Attempting to resolve component for org.apache:apache:9 using repositories [MavenLocal, maven, maven2, maven3]
09:37:03.184 [DEBUG] [org.gradle.api.internal.artifacts.ivyservice.ivyresolve.RepositoryChainComponentMetaDataResolver] Using org.apache:apache:9 from Maven repository 'MavenLocal'
09:37:03.185 [DEBUG] [org.gradle.api.internal.artifacts.repositories.resolver.DefaultExternalResourceArtifactResolver] Loading file:/Users/michaelmennis/.m2/repository/org/apache/commons/commons-compress/1.4.1/commons-compress-1.4.1.jar
09:37:03.185 [DEBUG] [org.gradle.api.internal.artifacts.repositories.resolver.ExternalResourceResolver] Metadata file found for module 'org.apache.commons:commons-compress:1.4.1' in repository 'MavenLocal'.
09:37:03.186 [DEBUG] [org.gradle.api.internal.artifacts.ivyservice.ivyresolve.RepositoryChainComponentMetaDataResolver] Using org.apache.commons:commons-compress:1.4.1 from Maven repository 'MavenLocal'
09:37:03.186 [DEBUG] [org.gradle.api.internal.artifacts.ivyservice.resolveengine.graph.DependencyGraphBuilder] Visiting configuration org.json:json:20140107(runtime).
09:37:03.186 [DEBUG] [org.gradle.api.internal.artifacts.ivyservice.resolveengine.graph.DependencyGraphBuilder] Visiting configuration xerces:xercesImpl:2.9.1(runtime).
09:37:03.186 [DEBUG] [org.gradle.api.internal.artifacts.ivyservice.resolveengine.graph.DependencyGraphBuilder] Visiting dependency xerces:xercesImpl:2.9.1(runtime) -> dependency: xml-apis:xml-apis:1.3.04, scope: Compile, optional: false
09:37:03.186 [DEBUG] [io.spring.gradle.dependencymanagement.internal.VersionConfiguringAction] Processing dependency 'xml-apis:xml-apis:1.3.04'
09:37:03.186 [DEBUG] [io.spring.gradle.dependencymanagement.internal.DependencyManagementContainer] Found managed version '1.4.01' for dependency 'xml-apis:xml-apis' in global dependency management
09:37:03.186 [DEBUG] [io.spring.gradle.dependencymanagement.internal.VersionConfiguringAction] Using version '1.4.01' for dependency 'xml-apis:xml-apis:1.3.04'
09:37:03.186 [DEBUG] [org.gradle.api.internal.artifacts.ivyservice.resolveengine.graph.DependencyGraphBuilder] Visiting configuration xalan:xalan:2.7.1(runtime).
09:37:03.186 [DEBUG] [org.gradle.api.internal.artifacts.ivyservice.resolveengine.graph.DependencyGraphBuilder] Visiting dependency xalan:xalan:2.7.1(runtime) -> dependency: xalan:serializer:2.7.1, scope: Compile, optional: false
09:37:03.186 [DEBUG] [io.spring.gradle.dependencymanagement.internal.VersionConfiguringAction] Processing dependency 'xalan:serializer:2.7.1'
09:37:03.186 [DEBUG] [io.spring.gradle.dependencymanagement.internal.VersionConfiguringAction] No dependency management for dependency 'xalan:serializer:2.7.1'
09:37:03.186 [DEBUG] [org.gradle.api.internal.artifacts.ivyservice.resolveengine.graph.DependencyGraphBuilder] Found new conflicting module version xalan:serializer:2.7.1
09:37:03.186 [DEBUG] [org.gradle.api.internal.artifacts.ivyservice.resolveengine.graph.DependencyGraphBuilder] Visiting configuration org.yaml:snakeyaml:1.17(runtime).
09:37:03.186 [DEBUG] [org.gradle.api.internal.artifacts.ivyservice.resolveengine.graph.DependencyGraphBuilder] Visiting configuration com.fasterxml.jackson.core:jackson-databind:2.8.8(runtime).
09:37:03.186 [DEBUG] [org.gradle.api.internal.artifacts.ivyservice.resolveengine.graph.DependencyGraphBuilder] Visiting dependency com.fasterxml.jackson.core:jackson-databind:2.8.8(runtime) -> dependency: com.fasterxml.jackson.core:jackson-annotations:2.8.0, scope: Compile, optional: false
09:37:03.186 [DEBUG] [org.gradle.api.internal.artifacts.ivyservice.resolveengine.graph.DependencyGraphBuilder] Visiting dependency com.fasterxml.jackson.core:jackson-databind:2.8.8(runtime) -> dependency: com.fasterxml.jackson.core:jackson-core:2.8.8, scope: Compile, optional: false
09:37:03.187 [DEBUG] [org.gradle.api.internal.artifacts.ivyservice.resolveengine.graph.DependencyGraphBuilder] Visiting configuration ch.qos.logback:logback-core:1.1.11(runtime).
09:37:03.187 [DEBUG] [org.gradle.api.internal.artifacts.ivyservice.resolveengine.graph.DependencyGraphBuilder] Visiting configuration commons-logging:commons-logging:1.2(runtime).
09:37:03.187 [DEBUG] [org.gradle.api.internal.artifacts.ivyservice.resolveengine.graph.DependencyGraphBuilder] version for commons-logging:commons-logging:1.2(runtime) is not selected. ignoring.
09:37:03.187 [DEBUG] [org.gradle.api.internal.artifacts.ivyservice.resolveengine.graph.DependencyGraphBuilder] Visiting configuration org.springframework:spring-core:4.3.9.RELEASE(runtime).
09:37:03.187 [DEBUG] [org.gradle.api.internal.artifacts.ivyservice.resolveengine.graph.DependencyGraphBuilder] Changed edges for org.springframework:spring-core:4.3.9.RELEASE(runtime) selects same versions as previous traversal. ignoring
09:37:03.187 [DEBUG] [org.gradle.api.internal.artifacts.ivyservice.resolveengine.graph.DependencyGraphBuilder] Visiting configuration org.springframework:spring-aop:4.3.9.RELEASE(runtime).
09:37:03.187 [DEBUG] [org.gradle.api.internal.artifacts.ivyservice.resolveengine.graph.DependencyGraphBuilder] Visiting dependency org.springframework:spring-aop:4.3.9.RELEASE(runtime) -> dependency: org.springframework:spring-beans:4.3.9.RELEASE, scope: Compile, optional: false
09:37:03.187 [DEBUG] [org.gradle.api.internal.artifacts.ivyservice.resolveengine.graph.DependencyGraphBuilder] Visiting dependency org.springframework:spring-aop:4.3.9.RELEASE(runtime) -> dependency: org.springframework:spring-core:4.3.9.RELEASE, scope: Compile, optional: false
09:37:03.187 [DEBUG] [org.gradle.api.internal.artifacts.ivyservice.resolveengine.graph.DependencyGraphBuilder] Visiting configuration org.springframework:spring-beans:4.3.9.RELEASE(runtime).
09:37:03.187 [DEBUG] [org.gradle.api.internal.artifacts.ivyservice.resolveengine.graph.DependencyGraphBuilder] Changed edges for org.springframework:spring-beans:4.3.9.RELEASE(runtime) selects same versions as previous traversal. ignoring
09:37:03.187 [DEBUG] [org.gradle.api.internal.artifacts.ivyservice.resolveengine.graph.DependencyGraphBuilder] Visiting configuration org.springframework:spring-expression:4.3.9.RELEASE(runtime).
09:37:03.187 [DEBUG] [org.gradle.api.internal.artifacts.ivyservice.resolveengine.graph.DependencyGraphBuilder] Visiting dependency org.springframework:spring-expression:4.3.9.RELEASE(runtime) -> dependency: org.springframework:spring-core:4.3.9.RELEASE, scope: Compile, optional: false
09:37:03.187 [DEBUG] [org.gradle.api.internal.artifacts.ivyservice.resolveengine.graph.DependencyGraphBuilder] Visiting configuration org.codehaus.groovy:groovy:2.4.11(runtime).
09:37:03.187 [DEBUG] [org.gradle.api.internal.artifacts.ivyservice.resolveengine.graph.DependencyGraphBuilder] Changed edges for org.codehaus.groovy:groovy:2.4.11(runtime) selects same versions as previous traversal. ignoring
09:37:03.187 [DEBUG] [org.gradle.api.internal.artifacts.ivyservice.resolveengine.graph.DependencyGraphBuilder] Visiting configuration org.slf4j:slf4j-api:1.7.25(runtime).
09:37:03.187 [DEBUG] [org.gradle.api.internal.artifacts.ivyservice.resolveengine.graph.DependencyGraphBuilder] Changed edges for org.slf4j:slf4j-api:1.7.25(runtime) selects same versions as previous traversal. ignoring
09:37:03.187 [DEBUG] [org.gradle.api.internal.artifacts.ivyservice.resolveengine.graph.DependencyGraphBuilder] Visiting configuration org.slf4j:jcl-over-slf4j:1.7.25(runtime).
09:37:03.187 [DEBUG] [org.gradle.api.internal.artifacts.ivyservice.resolveengine.graph.DependencyGraphBuilder] Changed edges for org.slf4j:jcl-over-slf4j:1.7.25(runtime) selects same versions as previous traversal. ignoring
09:37:03.187 [DEBUG] [org.gradle.api.internal.artifacts.ivyservice.resolveengine.graph.DependencyGraphBuilder] Visiting configuration org.codehaus.groovy:groovy-xml:2.4.11(runtime).
09:37:03.188 [DEBUG] [org.gradle.api.internal.artifacts.ivyservice.resolveengine.graph.DependencyGraphBuilder] Visiting dependency org.codehaus.groovy:groovy-xml:2.4.11(runtime) -> dependency: org.codehaus.groovy:groovy:2.4.11, scope: Compile, optional: false
09:37:03.188 [DEBUG] [org.gradle.api.internal.artifacts.ivyservice.resolveengine.graph.DependencyGraphBuilder] Visiting configuration org.codehaus.groovy:groovy-templates:2.4.11(runtime).
09:37:03.188 [DEBUG] [org.gradle.api.internal.artifacts.ivyservice.resolveengine.graph.DependencyGraphBuilder] Visiting dependency org.codehaus.groovy:groovy-templates:2.4.11(runtime) -> dependency: org.codehaus.groovy:groovy-xml:2.4.11, scope: Compile, optional: false
09:37:03.188 [DEBUG] [org.gradle.api.internal.artifacts.ivyservice.resolveengine.graph.DependencyGraphBuilder] Visiting dependency org.codehaus.groovy:groovy-templates:2.4.11(runtime) -> dependency: org.codehaus.groovy:groovy:2.4.11, scope: Compile, optional: false
09:37:03.188 [DEBUG] [org.gradle.api.internal.artifacts.ivyservice.resolveengine.graph.DependencyGraphBuilder] Visiting configuration com.googlecode.concurrentlinkedhashmap:concurrentlinkedhashmap-lru:1.4.2(runtime).
09:37:03.188 [DEBUG] [org.gradle.api.internal.artifacts.ivyservice.resolveengine.graph.DependencyGraphBuilder] Changed edges for com.googlecode.concurrentlinkedhashmap:concurrentlinkedhashmap-lru:1.4.2(runtime) selects same versions as previous traversal. ignoring
09:37:03.188 [DEBUG] [org.gradle.api.internal.artifacts.ivyservice.resolveengine.graph.DependencyGraphBuilder] Visiting configuration org.springframework:spring-tx:4.3.9.RELEASE(runtime).
09:37:03.188 [DEBUG] [org.gradle.api.internal.artifacts.ivyservice.resolveengine.graph.DependencyGraphBuilder] Changed edges for org.springframework:spring-tx:4.3.9.RELEASE(runtime) selects same versions as previous traversal. ignoring
09:37:03.188 [DEBUG] [org.gradle.api.internal.artifacts.ivyservice.resolveengine.graph.DependencyGraphBuilder] Visiting configuration org.springframework:spring-context:4.3.9.RELEASE(runtime).
09:37:03.188 [DEBUG] [org.gradle.api.internal.artifacts.ivyservice.resolveengine.graph.DependencyGraphBuilder] Changed edges for org.springframework:spring-context:4.3.9.RELEASE(runtime) selects same versions as previous traversal. ignoring
09:37:03.188 [DEBUG] [org.gradle.api.internal.artifacts.ivyservice.resolveengine.graph.DependencyGraphBuilder] Visiting configuration org.hibernate.javax.persistence:hibernate-jpa-2.1-api:1.0.0.Final(runtime).
09:37:03.188 [DEBUG] [org.gradle.api.internal.artifacts.ivyservice.resolveengine.graph.DependencyGraphBuilder] Changed edges for org.hibernate.javax.persistence:hibernate-jpa-2.1-api:1.0.0.Final(runtime) selects same versions as previous traversal. ignoring
09:37:03.188 [DEBUG] [org.gradle.api.internal.artifacts.ivyservice.resolveengine.graph.DependencyGraphBuilder] Visiting configuration javax.transaction:jta:1.1(runtime).
09:37:03.188 [DEBUG] [org.gradle.api.internal.artifacts.ivyservice.resolveengine.graph.DependencyGraphBuilder] Visiting configuration org.springframework.boot:spring-boot:1.5.4.RELEASE(runtime).
09:37:03.188 [DEBUG] [org.gradle.api.internal.artifacts.ivyservice.resolveengine.graph.DependencyGraphBuilder] Changed edges for org.springframework.boot:spring-boot:1.5.4.RELEASE(runtime) selects same versions as previous traversal. ignoring
09:37:03.188 [DEBUG] [org.gradle.api.internal.artifacts.ivyservice.resolveengine.graph.DependencyGraphBuilder] Visiting configuration org.springframework.boot:spring-boot-autoconfigure:1.5.4.RELEASE(runtime).
09:37:03.188 [DEBUG] [org.gradle.api.internal.artifacts.ivyservice.resolveengine.graph.DependencyGraphBuilder] Visiting dependency org.springframework.boot:spring-boot-autoconfigure:1.5.4.RELEASE(runtime) -> dependency: org.springframework.boot:spring-boot:1.5.4.RELEASE, scope: Compile, optional: false
09:37:03.188 [DEBUG] [org.gradle.api.internal.artifacts.ivyservice.resolveengine.graph.DependencyGraphBuilder] Visiting configuration org.springframework.boot:spring-boot-starter-logging:1.5.4.RELEASE(runtime).
09:37:03.188 [DEBUG] [org.gradle.api.internal.artifacts.ivyservice.resolveengine.graph.DependencyGraphBuilder] Visiting dependency org.springframework.boot:spring-boot-starter-logging:1.5.4.RELEASE(runtime) -> dependency: ch.qos.logback:logback-classic:1.1.11, scope: Compile, optional: false
09:37:03.188 [DEBUG] [org.gradle.api.internal.artifacts.ivyservice.resolveengine.graph.DependencyGraphBuilder] Visiting dependency org.springframework.boot:spring-boot-starter-logging:1.5.4.RELEASE(runtime) -> dependency: org.slf4j:jcl-over-slf4j:1.7.25, scope: Compile, optional: false
09:37:03.188 [DEBUG] [org.gradle.api.internal.artifacts.ivyservice.resolveengine.graph.DependencyGraphBuilder] Visiting dependency org.springframework.boot:spring-boot-starter-logging:1.5.4.RELEASE(runtime) -> dependency: org.slf4j:jul-to-slf4j:1.7.25, scope: Compile, optional: false
09:37:03.188 [DEBUG] [org.gradle.api.internal.artifacts.ivyservice.resolveengine.graph.DependencyGraphBuilder] Visiting dependency org.springframework.boot:spring-boot-starter-logging:1.5.4.RELEASE(runtime) -> dependency: org.slf4j:log4j-over-slf4j:1.7.25, scope: Compile, optional: false
09:37:03.188 [DEBUG] [org.gradle.api.internal.artifacts.ivyservice.resolveengine.graph.DependencyGraphBuilder] Visiting configuration org.apache.tomcat.embed:tomcat-embed-core:8.5.15(runtime).
09:37:03.188 [DEBUG] [org.gradle.api.internal.artifacts.ivyservice.resolveengine.graph.DependencyGraphBuilder] Changed edges for org.apache.tomcat.embed:tomcat-embed-core:8.5.15(runtime) selects same versions as previous traversal. ignoring
09:37:03.189 [DEBUG] [org.gradle.api.internal.artifacts.ivyservice.resolveengine.graph.DependencyGraphBuilder] Visiting configuration org.grails:grails-databinding:3.3.0(runtime).
09:37:03.189 [DEBUG] [org.gradle.api.internal.artifacts.ivyservice.resolveengine.graph.DependencyGraphBuilder] Visiting dependency org.grails:grails-databinding:3.3.0(runtime) -> dependency: org.codehaus.groovy:groovy:2.4.11, scope: Runtime, optional: false
09:37:03.189 [DEBUG] [org.gradle.api.internal.artifacts.ivyservice.resolveengine.graph.DependencyGraphBuilder] Visiting dependency org.grails:grails-databinding:3.3.0(runtime) -> dependency: org.slf4j:slf4j-api:1.7.22, scope: Runtime, optional: false
09:37:03.189 [DEBUG] [org.gradle.api.internal.artifacts.ivyservice.resolveengine.graph.DependencyGraphBuilder] Visiting dependency org.grails:grails-databinding:3.3.0(runtime) -> dependency: org.slf4j:jcl-over-slf4j:1.7.22, scope: Runtime, optional: false
09:37:03.189 [DEBUG] [org.gradle.api.internal.artifacts.ivyservice.resolveengine.graph.DependencyGraphBuilder] Visiting dependency org.grails:grails-databinding:3.3.0(runtime) -> dependency: org.codehaus.groovy:groovy-xml:2.4.11, scope: Runtime, optional: false
09:37:03.189 [DEBUG] [org.gradle.api.internal.artifacts.ivyservice.resolveengine.graph.DependencyGraphBuilder] Visiting configuration org.grails:grails-encoder:3.3.0(runtime).
09:37:03.189 [DEBUG] [org.gradle.api.internal.artifacts.ivyservice.resolveengine.graph.DependencyGraphBuilder] Visiting dependency org.grails:grails-encoder:3.3.0(runtime) -> dependency: org.codehaus.groovy:groovy:2.4.11, scope: Runtime, optional: false
09:37:03.189 [DEBUG] [org.gradle.api.internal.artifacts.ivyservice.resolveengine.graph.DependencyGraphBuilder] Visiting dependency org.grails:grails-encoder:3.3.0(runtime) -> dependency: org.slf4j:slf4j-api:1.7.22, scope: Runtime, optional: false
09:37:03.189 [DEBUG] [org.gradle.api.internal.artifacts.ivyservice.resolveengine.graph.DependencyGraphBuilder] Visiting dependency org.grails:grails-encoder:3.3.0(runtime) -> dependency: org.slf4j:jcl-over-slf4j:1.7.22, scope: Runtime, optional: false
09:37:03.189 [DEBUG] [org.gradle.api.internal.artifacts.ivyservice.resolveengine.graph.DependencyGraphBuilder] Visiting dependency org.grails:grails-encoder:3.3.0(runtime) -> dependency: org.grails:grails-core:3.3.0, scope: Runtime, optional: false
09:37:03.189 [DEBUG] [org.gradle.api.internal.artifacts.ivyservice.resolveengine.graph.DependencyGraphBuilder] Visiting dependency org.grails:grails-encoder:3.3.0(runtime) -> dependency: org.codehaus.groovy:groovy-json:2.4.11, scope: Runtime, optional: false
09:37:03.189 [DEBUG] [io.spring.gradle.dependencymanagement.internal.VersionConfiguringAction] Processing dependency 'org.codehaus.groovy:groovy-json:2.4.11'
09:37:03.189 [DEBUG] [io.spring.gradle.dependencymanagement.internal.DependencyManagementContainer] Found managed version '2.4.11' for dependency 'org.codehaus.groovy:groovy-json' in global dependency management
09:37:03.189 [DEBUG] [io.spring.gradle.dependencymanagement.internal.VersionConfiguringAction] Using version '2.4.11' for dependency 'org.codehaus.groovy:groovy-json:2.4.11'
09:37:03.189 [DEBUG] [org.gradle.api.internal.artifacts.ivyservice.resolveengine.graph.DependencyGraphBuilder] Selecting new module version org.codehaus.groovy:groovy-json:2.4.11
09:37:03.189 [DEBUG] [org.gradle.api.internal.artifacts.ivyservice.ivyresolve.RepositoryChainComponentMetaDataResolver] Attempting to resolve component for org.codehaus.groovy:groovy-json:2.4.11 using repositories [MavenLocal, maven, maven2, maven3]
09:37:03.189 [DEBUG] [org.gradle.api.internal.artifacts.ivyservice.ivyresolve.RepositoryChainComponentMetaDataResolver] Using org.codehaus.groovy:groovy-json:2.4.11 from Maven repository 'maven'
09:37:03.189 [DEBUG] [org.gradle.api.internal.artifacts.ivyservice.resolveengine.graph.DependencyGraphBuilder] Visiting dependency org.grails:grails-encoder:3.3.0(runtime) -> dependency: org.springframework:spring-web:4.3.9.RELEASE, scope: Runtime, optional: false
09:37:03.189 [DEBUG] [org.gradle.api.internal.artifacts.ivyservice.resolveengine.graph.DependencyGraphBuilder] Visiting configuration org.grails:grails-gsp:3.3.0(runtime).
09:37:03.189 [DEBUG] [org.gradle.api.internal.artifacts.ivyservice.resolveengine.graph.DependencyGraphBuilder] Visiting dependency org.grails:grails-gsp:3.3.0(runtime) -> dependency: org.codehaus.groovy:groovy:2.4.11, scope: Runtime, optional: false
09:37:03.189 [DEBUG] [org.gradle.api.internal.artifacts.ivyservice.resolveengine.graph.DependencyGraphBuilder] Visiting dependency org.grails:grails-gsp:3.3.0(runtime) -> dependency: org.slf4j:slf4j-api:1.7.22, scope: Runtime, optional: false
09:37:03.190 [DEBUG] [org.gradle.api.internal.artifacts.ivyservice.resolveengine.graph.DependencyGraphBuilder] Visiting dependency org.grails:grails-gsp:3.3.0(runtime) -> dependency: org.grails:grails-core:3.2.10, scope: Runtime, optional: false
09:37:03.190 [DEBUG] [org.gradle.api.internal.artifacts.ivyservice.resolveengine.graph.DependencyGraphBuilder] Visiting dependency org.grails:grails-gsp:3.3.0(runtime) -> dependency: org.grails:grails-taglib:3.3.0, scope: Runtime, optional: false
09:37:03.190 [DEBUG] [io.spring.gradle.dependencymanagement.internal.VersionConfiguringAction] Processing dependency 'org.grails:grails-taglib:3.3.0'
09:37:03.190 [DEBUG] [io.spring.gradle.dependencymanagement.internal.VersionConfiguringAction] No dependency management for dependency 'org.grails:grails-taglib:3.3.0'
09:37:03.190 [DEBUG] [org.gradle.api.internal.artifacts.ivyservice.resolveengine.graph.DependencyGraphBuilder] Selecting new module version org.grails:grails-taglib:3.3.0
09:37:03.190 [DEBUG] [org.gradle.api.internal.artifacts.ivyservice.ivyresolve.RepositoryChainComponentMetaDataResolver] Attempting to resolve component for org.grails:grails-taglib:3.3.0 using repositories [MavenLocal, maven, maven2, maven3]
09:37:03.190 [DEBUG] [org.gradle.api.internal.artifacts.repositories.resolver.DefaultExternalResourceArtifactResolver] Loading file:/Users/michaelmennis/.m2/repository/org/grails/grails-taglib/3.3.0/grails-taglib-3.3.0.pom
09:37:03.197 [DEBUG] [org.gradle.api.internal.artifacts.repositories.resolver.DefaultExternalResourceArtifactResolver] Loading file:/Users/michaelmennis/.m2/repository/org/grails/grails-taglib/3.3.0/grails-taglib-3.3.0.jar
09:37:03.197 [DEBUG] [org.gradle.api.internal.artifacts.repositories.resolver.ExternalResourceResolver] No meta-data file or artifact found for module 'org.grails:grails-taglib:3.3.0' in repository 'MavenLocal'.
09:37:03.201 [DEBUG] [org.gradle.api.internal.artifacts.ivyservice.ivyresolve.CachingModuleComponentRepository] Using cached module metadata for module 'org.grails:grails-taglib:3.3.0' in 'maven'
09:37:03.201 [DEBUG] [org.gradle.api.internal.artifacts.ivyservice.ivyresolve.RepositoryChainComponentMetaDataResolver] Using org.grails:grails-taglib:3.3.0 from Maven repository 'maven'
09:37:03.201 [DEBUG] [org.gradle.api.internal.artifacts.ivyservice.resolveengine.graph.DependencyGraphBuilder] Visiting dependency org.grails:grails-gsp:3.3.0(runtime) -> dependency: org.codehaus.groovy:groovy-templates:2.4.11, scope: Runtime, optional: false
09:37:03.201 [DEBUG] [org.gradle.api.internal.artifacts.ivyservice.resolveengine.graph.DependencyGraphBuilder] Visiting configuration org.springframework:spring-webmvc:4.3.9.RELEASE(runtime).
09:37:03.201 [DEBUG] [org.gradle.api.internal.artifacts.ivyservice.resolveengine.graph.DependencyGraphBuilder] Visiting dependency org.springframework:spring-webmvc:4.3.9.RELEASE(runtime) -> dependency: org.springframework:spring-aop:4.3.9.RELEASE, scope: Compile, optional: false
09:37:03.201 [DEBUG] [org.gradle.api.internal.artifacts.ivyservice.resolveengine.graph.DependencyGraphBuilder] Visiting dependency org.springframework:spring-webmvc:4.3.9.RELEASE(runtime) -> dependency: org.springframework:spring-beans:4.3.9.RELEASE, scope: Compile, optional: false
09:37:03.201 [DEBUG] [org.gradle.api.internal.artifacts.ivyservice.resolveengine.graph.DependencyGraphBuilder] Visiting dependency org.springframework:spring-webmvc:4.3.9.RELEASE(runtime) -> dependency: org.springframework:spring-context:4.3.9.RELEASE, scope: Compile, optional: false
09:37:03.201 [DEBUG] [org.gradle.api.internal.artifacts.ivyservice.resolveengine.graph.DependencyGraphBuilder] Visiting dependency org.springframework:spring-webmvc:4.3.9.RELEASE(runtime) -> dependency: org.springframework:spring-core:4.3.9.RELEASE, scope: Compile, optional: false
09:37:03.201 [DEBUG] [org.gradle.api.internal.artifacts.ivyservice.resolveengine.graph.DependencyGraphBuilder] Visiting dependency org.springframework:spring-webmvc:4.3.9.RELEASE(runtime) -> dependency: org.springframework:spring-expression:4.3.9.RELEASE, scope: Compile, optional: false
09:37:03.201 [DEBUG] [org.gradle.api.internal.artifacts.ivyservice.resolveengine.graph.DependencyGraphBuilder] Visiting dependency org.springframework:spring-webmvc:4.3.9.RELEASE(runtime) -> dependency: org.springframework:spring-web:4.3.9.RELEASE, scope: Compile, optional: false
09:37:03.201 [DEBUG] [org.gradle.api.internal.artifacts.ivyservice.resolveengine.graph.DependencyGraphBuilder] Visiting configuration org.springframework:spring-context-support:4.3.9.RELEASE(runtime).
09:37:03.201 [DEBUG] [org.gradle.api.internal.artifacts.ivyservice.resolveengine.graph.DependencyGraphBuilder] Visiting dependency org.springframework:spring-context-support:4.3.9.RELEASE(runtime) -> dependency: org.springframework:spring-beans:4.3.9.RELEASE, scope: Compile, optional: false
09:37:03.201 [DEBUG] [org.gradle.api.internal.artifacts.ivyservice.resolveengine.graph.DependencyGraphBuilder] Visiting dependency org.springframework:spring-context-support:4.3.9.RELEASE(runtime) -> dependency: org.springframework:spring-context:4.3.9.RELEASE, scope: Compile, optional: false
09:37:03.201 [DEBUG] [org.gradle.api.internal.artifacts.ivyservice.resolveengine.graph.DependencyGraphBuilder] Visiting dependency org.springframework:spring-context-support:4.3.9.RELEASE(runtime) -> dependency: org.springframework:spring-core:4.3.9.RELEASE, scope: Compile, optional: false
09:37:03.201 [DEBUG] [org.gradle.api.internal.artifacts.ivyservice.resolveengine.graph.DependencyGraphBuilder] Visiting configuration org.grails:grails-bootstrap:3.3.0(runtime).
09:37:03.201 [DEBUG] [org.gradle.api.internal.artifacts.ivyservice.resolveengine.graph.DependencyGraphBuilder] Changed edges for org.grails:grails-bootstrap:3.3.0(runtime) selects same versions as previous traversal. ignoring
09:37:03.201 [DEBUG] [org.gradle.api.internal.artifacts.ivyservice.resolveengine.graph.DependencyGraphBuilder] Visiting configuration org.grails:grails-spring:3.3.0(runtime).
09:37:03.201 [DEBUG] [org.gradle.api.internal.artifacts.ivyservice.resolveengine.graph.DependencyGraphBuilder] Changed edges for org.grails:grails-spring:3.3.0(runtime) selects same versions as previous traversal. ignoring
09:37:03.202 [DEBUG] [org.gradle.api.internal.artifacts.ivyservice.resolveengine.graph.DependencyGraphBuilder] Visiting configuration org.grails:grails-datastore-core:6.1.6.RELEASE(runtime).
09:37:03.202 [DEBUG] [org.gradle.api.internal.artifacts.ivyservice.resolveengine.graph.DependencyGraphBuilder] Changed edges for org.grails:grails-datastore-core:6.1.6.RELEASE(runtime) selects same versions as previous traversal. ignoring
09:37:03.202 [DEBUG] [org.gradle.api.internal.artifacts.ivyservice.resolveengine.graph.DependencyGraphBuilder] Visiting configuration xalan:serializer:2.7.2(runtime).
09:37:03.202 [DEBUG] [org.gradle.api.internal.artifacts.ivyservice.resolveengine.graph.DependencyGraphBuilder] version for xalan:serializer:2.7.2(runtime) is not selected. ignoring.
09:37:03.202 [DEBUG] [org.gradle.api.internal.artifacts.ivyservice.resolveengine.graph.DependencyGraphBuilder] Visiting configuration org.grails:grails-web-common:3.3.0(runtime).
09:37:03.202 [DEBUG] [org.gradle.api.internal.artifacts.ivyservice.resolveengine.graph.DependencyGraphBuilder] Changed edges for org.grails:grails-web-common:3.3.0(runtime) selects same versions as previous traversal. ignoring
09:37:03.202 [DEBUG] [org.gradle.api.internal.artifacts.ivyservice.resolveengine.graph.DependencyGraphBuilder] Visiting configuration org.grails:grails-web-databinding:3.3.0(runtime).
09:37:03.202 [DEBUG] [org.gradle.api.internal.artifacts.ivyservice.resolveengine.graph.DependencyGraphBuilder] Visiting dependency org.grails:grails-web-databinding:3.3.0(runtime) -> dependency: org.codehaus.groovy:groovy:2.4.11, scope: Runtime, optional: false
09:37:03.202 [DEBUG] [org.gradle.api.internal.artifacts.ivyservice.resolveengine.graph.DependencyGraphBuilder] Visiting dependency org.grails:grails-web-databinding:3.3.0(runtime) -> dependency: org.slf4j:slf4j-api:1.7.22, scope: Runtime, optional: false
09:37:03.202 [DEBUG] [org.gradle.api.internal.artifacts.ivyservice.resolveengine.graph.DependencyGraphBuilder] Visiting dependency org.grails:grails-web-databinding:3.3.0(runtime) -> dependency: org.slf4j:jcl-over-slf4j:1.7.22, scope: Runtime, optional: false
09:37:03.202 [DEBUG] [org.gradle.api.internal.artifacts.ivyservice.resolveengine.graph.DependencyGraphBuilder] Visiting dependency org.grails:grails-web-databinding:3.3.0(runtime) -> dependency: org.grails:grails-databinding:3.3.0, scope: Runtime, optional: false
09:37:03.202 [DEBUG] [org.gradle.api.internal.artifacts.ivyservice.resolveengine.graph.DependencyGraphBuilder] Visiting dependency org.grails:grails-web-databinding:3.3.0(runtime) -> dependency: org.grails:grails-web-common:3.3.0, scope: Runtime, optional: false
09:37:03.202 [DEBUG] [org.gradle.api.internal.artifacts.ivyservice.resolveengine.graph.DependencyGraphBuilder] Visiting configuration org.grails:grails-web-url-mappings:3.3.0(runtime).
09:37:03.202 [DEBUG] [org.gradle.api.internal.artifacts.ivyservice.resolveengine.graph.DependencyGraphBuilder] Visiting dependency org.grails:grails-web-url-mappings:3.3.0(runtime) -> dependency: org.codehaus.groovy:groovy:2.4.11, scope: Runtime, optional: false
09:37:03.202 [DEBUG] [org.gradle.api.internal.artifacts.ivyservice.resolveengine.graph.DependencyGraphBuilder] Visiting dependency org.grails:grails-web-url-mappings:3.3.0(runtime) -> dependency: org.slf4j:slf4j-api:1.7.22, scope: Runtime, optional: false
09:37:03.202 [DEBUG] [org.gradle.api.internal.artifacts.ivyservice.resolveengine.graph.DependencyGraphBuilder] Visiting dependency org.grails:grails-web-url-mappings:3.3.0(runtime) -> dependency: org.slf4j:jcl-over-slf4j:1.7.22, scope: Runtime, optional: false
09:37:03.202 [DEBUG] [org.gradle.api.internal.artifacts.ivyservice.resolveengine.graph.DependencyGraphBuilder] Visiting dependency org.grails:grails-web-url-mappings:3.3.0(runtime) -> dependency: org.grails:grails-web-common:3.3.0, scope: Runtime, optional: false
09:37:03.202 [DEBUG] [org.gradle.api.internal.artifacts.ivyservice.resolveengine.graph.DependencyGraphBuilder] Visiting dependency org.grails:grails-web-url-mappings:3.3.0(runtime) -> dependency: org.grails:grails-validation:3.3.0, scope: Runtime, optional: false
09:37:03.202 [DEBUG] [org.gradle.api.internal.artifacts.ivyservice.resolveengine.graph.DependencyGraphBuilder] Visiting dependency org.grails:grails-web-url-mappings:3.3.0(runtime) -> dependency: org.grails:grails-datastore-core:6.1.6.RELEASE, scope: Runtime, optional: false
09:37:03.202 [DEBUG] [org.gradle.api.internal.artifacts.ivyservice.resolveengine.graph.DependencyGraphBuilder] Visiting dependency org.grails:grails-web-url-mappings:3.3.0(runtime) -> dependency: com.googlecode.concurrentlinkedhashmap:concurrentlinkedhashmap-lru:1.4.2, scope: Runtime, optional: false
09:37:03.202 [DEBUG] [org.gradle.api.internal.artifacts.ivyservice.resolveengine.graph.DependencyGraphBuilder] Visiting configuration org.grails:grails-web-mvc:3.3.0(runtime).
09:37:03.202 [DEBUG] [org.gradle.api.internal.artifacts.ivyservice.resolveengine.graph.DependencyGraphBuilder] Visiting dependency org.grails:grails-web-mvc:3.3.0(runtime) -> dependency: org.codehaus.groovy:groovy:2.4.11, scope: Runtime, optional: false
09:37:03.202 [DEBUG] [org.gradle.api.internal.artifacts.ivyservice.resolveengine.graph.DependencyGraphBuilder] Visiting dependency org.grails:grails-web-mvc:3.3.0(runtime) -> dependency: org.slf4j:slf4j-api:1.7.22, scope: Runtime, optional: false
09:37:03.202 [DEBUG] [org.gradle.api.internal.artifacts.ivyservice.resolveengine.graph.DependencyGraphBuilder] Visiting dependency org.grails:grails-web-mvc:3.3.0(runtime) -> dependency: org.slf4j:jcl-over-slf4j:1.7.22, scope: Runtime, optional: false
09:37:03.202 [DEBUG] [org.gradle.api.internal.artifacts.ivyservice.resolveengine.graph.DependencyGraphBuilder] Visiting dependency org.grails:grails-web-mvc:3.3.0(runtime) -> dependency: org.grails:grails-web-common:3.3.0, scope: Runtime, optional: false
09:37:03.203 [DEBUG] [org.gradle.api.internal.artifacts.ivyservice.resolveengine.graph.DependencyGraphBuilder] Visiting dependency org.grails:grails-web-mvc:3.3.0(runtime) -> dependency: org.grails:grails-web-url-mappings:3.3.0, scope: Runtime, optional: false
09:37:03.203 [DEBUG] [org.gradle.api.internal.artifacts.ivyservice.resolveengine.graph.DependencyGraphBuilder] Visiting dependency org.grails:grails-web-mvc:3.3.0(runtime) -> dependency: org.grails:grails-web-sitemesh:3.3.0, scope: Runtime, optional: false
09:37:03.203 [DEBUG] [org.gradle.api.internal.artifacts.ivyservice.resolveengine.graph.DependencyGraphBuilder] Visiting configuration org.grails:grails-web-gsp:3.3.0(runtime).
09:37:03.203 [DEBUG] [org.gradle.api.internal.artifacts.ivyservice.resolveengine.graph.DependencyGraphBuilder] Visiting dependency org.grails:grails-web-gsp:3.3.0(runtime) -> dependency: org.codehaus.groovy:groovy:2.4.11, scope: Runtime, optional: false
09:37:03.203 [DEBUG] [org.gradle.api.internal.artifacts.ivyservice.resolveengine.graph.DependencyGraphBuilder] Visiting dependency org.grails:grails-web-gsp:3.3.0(runtime) -> dependency: org.slf4j:slf4j-api:1.7.22, scope: Runtime, optional: false
09:37:03.203 [DEBUG] [org.gradle.api.internal.artifacts.ivyservice.resolveengine.graph.DependencyGraphBuilder] Visiting dependency org.grails:grails-web-gsp:3.3.0(runtime) -> dependency: org.grails:grails-gsp:3.3.0, scope: Runtime, optional: false
09:37:03.203 [DEBUG] [org.gradle.api.internal.artifacts.ivyservice.resolveengine.graph.DependencyGraphBuilder] Visiting dependency org.grails:grails-web-gsp:3.3.0(runtime) -> dependency: org.grails:grails-web-common:3.2.10, scope: Runtime, optional: false
09:37:03.203 [DEBUG] [org.gradle.api.internal.artifacts.ivyservice.resolveengine.graph.DependencyGraphBuilder] Visiting dependency org.grails:grails-web-gsp:3.3.0(runtime) -> dependency: org.grails:grails-web-taglib:3.3.0, scope: Runtime, optional: false
09:37:03.203 [DEBUG] [io.spring.gradle.dependencymanagement.internal.VersionConfiguringAction] Processing dependency 'org.grails:grails-web-taglib:3.3.0'
09:37:03.203 [DEBUG] [io.spring.gradle.dependencymanagement.internal.VersionConfiguringAction] No dependency management for dependency 'org.grails:grails-web-taglib:3.3.0'
09:37:03.203 [DEBUG] [org.gradle.api.internal.artifacts.ivyservice.resolveengine.graph.DependencyGraphBuilder] Selecting new module version org.grails:grails-web-taglib:3.3.0
09:37:03.203 [DEBUG] [org.gradle.api.internal.artifacts.ivyservice.ivyresolve.RepositoryChainComponentMetaDataResolver] Attempting to resolve component for org.grails:grails-web-taglib:3.3.0 using repositories [MavenLocal, maven, maven2, maven3]
09:37:03.203 [DEBUG] [org.gradle.api.internal.artifacts.repositories.resolver.DefaultExternalResourceArtifactResolver] Loading file:/Users/michaelmennis/.m2/repository/org/grails/grails-web-taglib/3.3.0/grails-web-taglib-3.3.0.pom
09:37:03.203 [DEBUG] [org.gradle.api.internal.artifacts.repositories.resolver.DefaultExternalResourceArtifactResolver] Loading file:/Users/michaelmennis/.m2/repository/org/grails/grails-web-taglib/3.3.0/grails-web-taglib-3.3.0.jar
09:37:03.204 [DEBUG] [org.gradle.api.internal.artifacts.repositories.resolver.ExternalResourceResolver] No meta-data file or artifact found for module 'org.grails:grails-web-taglib:3.3.0' in repository 'MavenLocal'.
09:37:03.204 [DEBUG] [org.gradle.api.internal.artifacts.ivyservice.ivyresolve.CachingModuleComponentRepository] Using cached module metadata for module 'org.grails:grails-web-taglib:3.3.0' in 'maven'
09:37:03.204 [DEBUG] [org.gradle.api.internal.artifacts.ivyservice.ivyresolve.RepositoryChainComponentMetaDataResolver] Using org.grails:grails-web-taglib:3.3.0 from Maven repository 'maven'
09:37:03.204 [DEBUG] [org.gradle.api.internal.artifacts.ivyservice.resolveengine.graph.DependencyGraphBuilder] Visiting dependency org.grails:grails-web-gsp:3.3.0(runtime) -> dependency: org.grails:grails-web-sitemesh:3.3.0, scope: Runtime, optional: false
09:37:03.204 [DEBUG] [org.gradle.api.internal.artifacts.ivyservice.resolveengine.graph.DependencyGraphBuilder] Visiting configuration org.grails:grails-web-sitemesh:3.3.0(runtime).
09:37:03.204 [DEBUG] [org.gradle.api.internal.artifacts.ivyservice.resolveengine.graph.DependencyGraphBuilder] Visiting dependency org.grails:grails-web-sitemesh:3.3.0(runtime) -> dependency: org.codehaus.groovy:groovy:2.4.11, scope: Runtime, optional: false
09:37:03.204 [DEBUG] [org.gradle.api.internal.artifacts.ivyservice.resolveengine.graph.DependencyGraphBuilder] Visiting dependency org.grails:grails-web-sitemesh:3.3.0(runtime) -> dependency: org.slf4j:slf4j-api:1.7.22, scope: Runtime, optional: false
09:37:03.204 [DEBUG] [org.gradle.api.internal.artifacts.ivyservice.resolveengine.graph.DependencyGraphBuilder] Visiting dependency org.grails:grails-web-sitemesh:3.3.0(runtime) -> dependency: org.grails:grails-web-common:3.2.10, scope: Runtime, optional: false
09:37:03.204 [DEBUG] [org.gradle.api.internal.artifacts.ivyservice.resolveengine.graph.DependencyGraphBuilder] Visiting dependency org.grails:grails-web-sitemesh:3.3.0(runtime) -> dependency: opensymphony:sitemesh:2.4, scope: Runtime, optional: false
09:37:03.204 [DEBUG] [io.spring.gradle.dependencymanagement.internal.VersionConfiguringAction] Processing dependency 'opensymphony:sitemesh:2.4'
09:37:03.204 [DEBUG] [io.spring.gradle.dependencymanagement.internal.VersionConfiguringAction] No dependency management for dependency 'opensymphony:sitemesh:2.4'
09:37:03.204 [DEBUG] [org.gradle.api.internal.artifacts.ivyservice.resolveengine.graph.DependencyGraphBuilder] Selecting new module version opensymphony:sitemesh:2.4
09:37:03.205 [DEBUG] [org.gradle.api.internal.artifacts.ivyservice.ivyresolve.RepositoryChainComponentMetaDataResolver] Attempting to resolve component for opensymphony:sitemesh:2.4 using repositories [MavenLocal, maven, maven2, maven3]
09:37:03.205 [DEBUG] [org.gradle.api.internal.artifacts.repositories.resolver.DefaultExternalResourceArtifactResolver] Loading file:/Users/michaelmennis/.m2/repository/opensymphony/sitemesh/2.4/sitemesh-2.4.pom
09:37:03.205 [DEBUG] [org.gradle.api.internal.artifacts.repositories.resolver.DefaultExternalResourceArtifactResolver] Loading file:/Users/michaelmennis/.m2/repository/opensymphony/sitemesh/2.4/sitemesh-2.4.jar
09:37:03.205 [DEBUG] [org.gradle.api.internal.artifacts.repositories.resolver.ExternalResourceResolver] No meta-data file or artifact found for module 'opensymphony:sitemesh:2.4' in repository 'MavenLocal'.
09:37:03.205 [DEBUG] [org.gradle.api.internal.artifacts.ivyservice.ivyresolve.CachingModuleComponentRepository] Using cached module metadata for module 'opensymphony:sitemesh:2.4' in 'maven'
09:37:03.205 [DEBUG] [org.gradle.api.internal.artifacts.ivyservice.ivyresolve.RepositoryChainComponentMetaDataResolver] Using opensymphony:sitemesh:2.4 from Maven repository 'maven'
09:37:03.206 [DEBUG] [org.gradle.api.internal.artifacts.ivyservice.resolveengine.graph.DependencyGraphBuilder] Visiting configuration org.grails:grails-core:3.3.0(runtime).
09:37:03.206 [DEBUG] [org.gradle.api.internal.artifacts.ivyservice.resolveengine.graph.DependencyGraphBuilder] Changed edges for org.grails:grails-core:3.3.0(runtime) selects same versions as previous traversal. ignoring
09:37:03.206 [DEBUG] [org.gradle.api.internal.artifacts.ivyservice.resolveengine.graph.DependencyGraphBuilder] Visiting configuration org.grails:grails-web:3.3.0(runtime).
09:37:03.206 [DEBUG] [org.gradle.api.internal.artifacts.ivyservice.resolveengine.graph.DependencyGraphBuilder] Changed edges for org.grails:grails-web:3.3.0(runtime) selects same versions as previous traversal. ignoring
09:37:03.206 [DEBUG] [org.gradle.api.internal.artifacts.ivyservice.resolveengine.graph.DependencyGraphBuilder] Visiting configuration org.grails:grails-plugin-mimetypes:3.3.0(runtime).
09:37:03.206 [DEBUG] [org.gradle.api.internal.artifacts.ivyservice.resolveengine.graph.DependencyGraphBuilder] Visiting dependency org.grails:grails-plugin-mimetypes:3.3.0(runtime) -> dependency: org.codehaus.groovy:groovy:2.4.11, scope: Runtime, optional: false
09:37:03.206 [DEBUG] [org.gradle.api.internal.artifacts.ivyservice.resolveengine.graph.DependencyGraphBuilder] Visiting dependency org.grails:grails-plugin-mimetypes:3.3.0(runtime) -> dependency: org.slf4j:slf4j-api:1.7.22, scope: Runtime, optional: false
09:37:03.206 [DEBUG] [org.gradle.api.internal.artifacts.ivyservice.resolveengine.graph.DependencyGraphBuilder] Visiting dependency org.grails:grails-plugin-mimetypes:3.3.0(runtime) -> dependency: org.slf4j:jcl-over-slf4j:1.7.22, scope: Runtime, optional: false
09:37:03.206 [DEBUG] [org.gradle.api.internal.artifacts.ivyservice.resolveengine.graph.DependencyGraphBuilder] Visiting dependency org.grails:grails-plugin-mimetypes:3.3.0(runtime) -> dependency: org.grails:grails-web:3.3.0, scope: Runtime, optional: false
09:37:03.206 [DEBUG] [org.gradle.api.internal.artifacts.ivyservice.resolveengine.graph.DependencyGraphBuilder] Visiting configuration org.grails:grails-plugin-validation:3.3.0(runtime).
09:37:03.206 [DEBUG] [org.gradle.api.internal.artifacts.ivyservice.resolveengine.graph.DependencyGraphBuilder] Visiting dependency org.grails:grails-plugin-validation:3.3.0(runtime) -> dependency: org.codehaus.groovy:groovy:2.4.11, scope: Runtime, optional: false
09:37:03.206 [DEBUG] [org.gradle.api.internal.artifacts.ivyservice.resolveengine.graph.DependencyGraphBuilder] Visiting dependency org.grails:grails-plugin-validation:3.3.0(runtime) -> dependency: org.slf4j:slf4j-api:1.7.22, scope: Runtime, optional: false
09:37:03.206 [DEBUG] [org.gradle.api.internal.artifacts.ivyservice.resolveengine.graph.DependencyGraphBuilder] Visiting dependency org.grails:grails-plugin-validation:3.3.0(runtime) -> dependency: org.slf4j:jcl-over-slf4j:1.7.22, scope: Runtime, optional: false
09:37:03.206 [DEBUG] [org.gradle.api.internal.artifacts.ivyservice.resolveengine.graph.DependencyGraphBuilder] Visiting dependency org.grails:grails-plugin-validation:3.3.0(runtime) -> dependency: org.grails:grails-core:3.3.0, scope: Runtime, optional: false
09:37:03.206 [DEBUG] [org.gradle.api.internal.artifacts.ivyservice.resolveengine.graph.DependencyGraphBuilder] Visiting dependency org.grails:grails-plugin-validation:3.3.0(runtime) -> dependency: org.grails:grails-web:3.3.0, scope: Runtime, optional: false
09:37:03.206 [DEBUG] [org.gradle.api.internal.artifacts.ivyservice.resolveengine.graph.DependencyGraphBuilder] Visiting dependency org.grails:grails-plugin-validation:3.3.0(runtime) -> dependency: org.grails:grails-plugin-domain-class:3.3.0, scope: Runtime, optional: false
09:37:03.206 [DEBUG] [org.gradle.api.internal.artifacts.ivyservice.resolveengine.graph.DependencyGraphBuilder] Visiting configuration org.grails:grails-plugin-domain-class:3.3.0(runtime).
09:37:03.206 [DEBUG] [org.gradle.api.internal.artifacts.ivyservice.resolveengine.graph.DependencyGraphBuilder] Visiting dependency org.grails:grails-plugin-domain-class:3.3.0(runtime) -> dependency: org.codehaus.groovy:groovy:2.4.11, scope: Runtime, optional: false
09:37:03.206 [DEBUG] [org.gradle.api.internal.artifacts.ivyservice.resolveengine.graph.DependencyGraphBuilder] Visiting dependency org.grails:grails-plugin-domain-class:3.3.0(runtime) -> dependency: org.slf4j:slf4j-api:1.7.22, scope: Runtime, optional: false
09:37:03.207 [DEBUG] [org.gradle.api.internal.artifacts.ivyservice.resolveengine.graph.DependencyGraphBuilder] Visiting dependency org.grails:grails-plugin-domain-class:3.3.0(runtime) -> dependency: org.slf4j:jcl-over-slf4j:1.7.22, scope: Runtime, optional: false
09:37:03.207 [DEBUG] [org.gradle.api.internal.artifacts.ivyservice.resolveengine.graph.DependencyGraphBuilder] Visiting dependency org.grails:grails-plugin-domain-class:3.3.0(runtime) -> dependency: org.grails:grails-core:3.3.0, scope: Runtime, optional: false
09:37:03.207 [DEBUG] [org.gradle.api.internal.artifacts.ivyservice.resolveengine.graph.DependencyGraphBuilder] Visiting dependency org.grails:grails-plugin-domain-class:3.3.0(runtime) -> dependency: org.grails:grails-spring:3.3.0, scope: Runtime, optional: false
09:37:03.207 [DEBUG] [org.gradle.api.internal.artifacts.ivyservice.resolveengine.graph.DependencyGraphBuilder] Visiting dependency org.grails:grails-plugin-domain-class:3.3.0(runtime) -> dependency: org.grails:grails-validation:3.3.0, scope: Runtime, optional: false
09:37:03.207 [DEBUG] [org.gradle.api.internal.artifacts.ivyservice.resolveengine.graph.DependencyGraphBuilder] Visiting dependency org.grails:grails-plugin-domain-class:3.3.0(runtime) -> dependency: org.grails:grails-datastore-gorm-validation:6.1.6.RELEASE, scope: Runtime, optional: false
09:37:03.207 [DEBUG] [org.gradle.api.internal.artifacts.ivyservice.resolveengine.graph.DependencyGraphBuilder] Visiting dependency org.grails:grails-plugin-domain-class:3.3.0(runtime) -> dependency: org.grails:grails-datastore-gorm:6.1.6.RELEASE, scope: Runtime, optional: false
09:37:03.207 [DEBUG] [org.gradle.api.internal.artifacts.ivyservice.resolveengine.graph.DependencyGraphBuilder] Visiting dependency org.grails:grails-plugin-domain-class:3.3.0(runtime) -> dependency: org.grails:grails-datastore-gorm-support:6.1.6.RELEASE, scope: Runtime, optional: false
09:37:03.207 [DEBUG] [org.gradle.api.internal.artifacts.ivyservice.resolveengine.graph.DependencyGraphBuilder] Visiting dependency org.grails:grails-plugin-domain-class:3.3.0(runtime) -> dependency: org.grails:grails-datastore-core:6.1.6.RELEASE, scope: Runtime, optional: false
09:37:03.207 [DEBUG] [org.gradle.api.internal.artifacts.ivyservice.resolveengine.graph.DependencyGraphBuilder] Visiting configuration org.grails:grails-plugin-i18n:3.3.0(runtime).
09:37:03.207 [DEBUG] [org.gradle.api.internal.artifacts.ivyservice.resolveengine.graph.DependencyGraphBuilder] Visiting dependency org.grails:grails-plugin-i18n:3.3.0(runtime) -> dependency: org.codehaus.groovy:groovy:2.4.11, scope: Runtime, optional: false
09:37:03.207 [DEBUG] [org.gradle.api.internal.artifacts.ivyservice.resolveengine.graph.DependencyGraphBuilder] Visiting dependency org.grails:grails-plugin-i18n:3.3.0(runtime) -> dependency: org.slf4j:slf4j-api:1.7.22, scope: Runtime, optional: false
09:37:03.207 [DEBUG] [org.gradle.api.internal.artifacts.ivyservice.resolveengine.graph.DependencyGraphBuilder] Visiting dependency org.grails:grails-plugin-i18n:3.3.0(runtime) -> dependency: org.slf4j:jcl-over-slf4j:1.7.22, scope: Runtime, optional: false
09:37:03.207 [DEBUG] [org.gradle.api.internal.artifacts.ivyservice.resolveengine.graph.DependencyGraphBuilder] Visiting dependency org.grails:grails-plugin-i18n:3.3.0(runtime) -> dependency: org.grails:grails-web:3.3.0, scope: Runtime, optional: false
09:37:03.207 [DEBUG] [org.gradle.api.internal.artifacts.ivyservice.resolveengine.graph.DependencyGraphBuilder] Visiting configuration org.springframework:spring-jdbc:4.3.9.RELEASE(runtime).
09:37:03.207 [DEBUG] [org.gradle.api.internal.artifacts.ivyservice.resolveengine.graph.DependencyGraphBuilder] Visiting dependency org.springframework:spring-jdbc:4.3.9.RELEASE(runtime) -> dependency: org.springframework:spring-beans:4.3.9.RELEASE, scope: Compile, optional: false
09:37:03.207 [DEBUG] [org.gradle.api.internal.artifacts.ivyservice.resolveengine.graph.DependencyGraphBuilder] Visiting dependency org.springframework:spring-jdbc:4.3.9.RELEASE(runtime) -> dependency: org.springframework:spring-core:4.3.9.RELEASE, scope: Compile, optional: false
09:37:03.207 [DEBUG] [org.gradle.api.internal.artifacts.ivyservice.resolveengine.graph.DependencyGraphBuilder] Visiting dependency org.springframework:spring-jdbc:4.3.9.RELEASE(runtime) -> dependency: org.springframework:spring-tx:4.3.9.RELEASE, scope: Compile, optional: false
09:37:03.207 [DEBUG] [org.gradle.api.internal.artifacts.ivyservice.resolveengine.graph.DependencyGraphBuilder] Visiting configuration org.codehaus.groovy:groovy-sql:2.4.11(runtime).
09:37:03.207 [DEBUG] [org.gradle.api.internal.artifacts.ivyservice.resolveengine.graph.DependencyGraphBuilder] Visiting dependency org.codehaus.groovy:groovy-sql:2.4.11(runtime) -> dependency: org.codehaus.groovy:groovy:2.4.11, scope: Compile, optional: false
09:37:03.208 [DEBUG] [org.gradle.api.internal.artifacts.ivyservice.resolveengine.graph.DependencyGraphBuilder] Visiting configuration org.grails:grails-datastore-gorm:6.1.6.RELEASE(runtime).
09:37:03.208 [DEBUG] [org.gradle.api.internal.artifacts.ivyservice.resolveengine.graph.DependencyGraphBuilder] Visiting dependency org.grails:grails-datastore-gorm:6.1.6.RELEASE(runtime) -> dependency: org.codehaus.groovy:groovy:2.4.11, scope: Runtime, optional: false
09:37:03.208 [DEBUG] [org.gradle.api.internal.artifacts.ivyservice.resolveengine.graph.DependencyGraphBuilder] Visiting dependency org.grails:grails-datastore-gorm:6.1.6.RELEASE(runtime) -> dependency: org.grails:grails-datastore-core:6.1.6.RELEASE, scope: Runtime, optional: false
09:37:03.208 [DEBUG] [org.gradle.api.internal.artifacts.ivyservice.resolveengine.graph.DependencyGraphBuilder] Visiting dependency org.grails:grails-datastore-gorm:6.1.6.RELEASE(runtime) -> dependency: org.grails:grails-datastore-gorm-validation:6.1.6.RELEASE, scope: Runtime, optional: false
09:37:03.208 [DEBUG] [org.gradle.api.internal.artifacts.ivyservice.resolveengine.graph.DependencyGraphBuilder] Visiting dependency org.grails:grails-datastore-gorm:6.1.6.RELEASE(runtime) -> dependency: org.slf4j:slf4j-api:1.7.22, scope: Runtime, optional: false
09:37:03.208 [DEBUG] [org.gradle.api.internal.artifacts.ivyservice.resolveengine.graph.DependencyGraphBuilder] Visiting configuration org.apache.tomcat.embed:tomcat-embed-logging-log4j:8.5.2(runtime).
09:37:03.208 [DEBUG] [org.gradle.api.internal.artifacts.ivyservice.resolveengine.graph.DependencyGraphBuilder] Visiting configuration org.grails:grails-datastore-gorm-validation:6.1.6.RELEASE(runtime).
09:37:03.208 [DEBUG] [org.gradle.api.internal.artifacts.ivyservice.resolveengine.graph.DependencyGraphBuilder] Visiting dependency org.grails:grails-datastore-gorm-validation:6.1.6.RELEASE(runtime) -> dependency: org.codehaus.groovy:groovy:2.4.11, scope: Runtime, optional: false
09:37:03.208 [DEBUG] [org.gradle.api.internal.artifacts.ivyservice.resolveengine.graph.DependencyGraphBuilder] Visiting dependency org.grails:grails-datastore-gorm-validation:6.1.6.RELEASE(runtime) -> dependency: org.grails:grails-datastore-core:6.1.6.RELEASE, scope: Runtime, optional: false
09:37:03.208 [DEBUG] [org.gradle.api.internal.artifacts.ivyservice.resolveengine.graph.DependencyGraphBuilder] Visiting dependency org.grails:grails-datastore-gorm-validation:6.1.6.RELEASE(runtime) -> dependency: commons-validator:commons-validator:1.5.1, scope: Runtime, optional: false
09:37:03.208 [DEBUG] [io.spring.gradle.dependencymanagement.internal.VersionConfiguringAction] Processing dependency 'commons-validator:commons-validator:1.5.1'
09:37:03.208 [DEBUG] [io.spring.gradle.dependencymanagement.internal.VersionConfiguringAction] No dependency management for dependency 'commons-validator:commons-validator:1.5.1'
09:37:03.208 [DEBUG] [org.gradle.api.internal.artifacts.ivyservice.resolveengine.graph.DependencyGraphBuilder] Selecting new module version commons-validator:commons-validator:1.5.1
09:37:03.208 [DEBUG] [org.gradle.api.internal.artifacts.ivyservice.ivyresolve.RepositoryChainComponentMetaDataResolver] Attempting to resolve component for commons-validator:commons-validator:1.5.1 using repositories [MavenLocal, maven, maven2, maven3]
09:37:03.208 [DEBUG] [org.gradle.api.internal.artifacts.ivyservice.ivyresolve.RepositoryChainComponentMetaDataResolver] Using commons-validator:commons-validator:1.5.1 from Maven repository 'maven'
09:37:03.208 [DEBUG] [org.gradle.api.internal.artifacts.ivyservice.resolveengine.graph.DependencyGraphBuilder] Visiting configuration org.grails:grails-plugin-controllers:3.3.0(runtime).
09:37:03.208 [DEBUG] [org.gradle.api.internal.artifacts.ivyservice.resolveengine.graph.DependencyGraphBuilder] Changed edges for org.grails:grails-plugin-controllers:3.3.0(runtime) selects same versions as previous traversal. ignoring
09:37:03.208 [DEBUG] [org.gradle.api.internal.artifacts.ivyservice.resolveengine.graph.DependencyGraphBuilder] Visiting configuration org.grails:grails-validation:3.3.0(runtime).
09:37:03.208 [DEBUG] [org.gradle.api.internal.artifacts.ivyservice.resolveengine.graph.DependencyGraphBuilder] Changed edges for org.grails:grails-validation:3.3.0(runtime) selects same versions as previous traversal. ignoring
09:37:03.208 [DEBUG] [org.gradle.api.internal.artifacts.ivyservice.resolveengine.graph.DependencyGraphBuilder] Visiting configuration org.grails:grails-events:3.3.0(runtime).
09:37:03.209 [DEBUG] [org.gradle.api.internal.artifacts.ivyservice.resolveengine.graph.DependencyGraphBuilder] Changed edges for org.grails:grails-events:3.3.0(runtime) selects same versions as previous traversal. ignoring
09:37:03.209 [DEBUG] [org.gradle.api.internal.artifacts.ivyservice.resolveengine.graph.DependencyGraphBuilder] Visiting configuration org.grails:grails-events-transform:3.3.0(runtime).
09:37:03.209 [DEBUG] [org.gradle.api.internal.artifacts.ivyservice.resolveengine.graph.DependencyGraphBuilder] Changed edges for org.grails:grails-events-transform:3.3.0(runtime) selects same versions as previous traversal. ignoring
09:37:03.209 [DEBUG] [org.gradle.api.internal.artifacts.ivyservice.resolveengine.graph.DependencyGraphBuilder] Visiting configuration org.javassist:javassist:3.21.0-GA(runtime).
09:37:03.209 [DEBUG] [org.gradle.api.internal.artifacts.ivyservice.resolveengine.graph.DependencyGraphBuilder] Changed edges for org.javassist:javassist:3.21.0-GA(runtime) selects same versions as previous traversal. ignoring
09:37:03.209 [DEBUG] [org.gradle.api.internal.artifacts.ivyservice.resolveengine.graph.DependencyGraphBuilder] Visiting configuration org.springframework:spring-web:4.3.9.RELEASE(runtime).
09:37:03.209 [DEBUG] [org.gradle.api.internal.artifacts.ivyservice.resolveengine.graph.DependencyGraphBuilder] Visiting dependency org.springframework:spring-web:4.3.9.RELEASE(runtime) -> dependency: org.springframework:spring-aop:4.3.9.RELEASE, scope: Compile, optional: false
09:37:03.209 [DEBUG] [org.gradle.api.internal.artifacts.ivyservice.resolveengine.graph.DependencyGraphBuilder] Visiting dependency org.springframework:spring-web:4.3.9.RELEASE(runtime) -> dependency: org.springframework:spring-beans:4.3.9.RELEASE, scope: Compile, optional: false
09:37:03.209 [DEBUG] [org.gradle.api.internal.artifacts.ivyservice.resolveengine.graph.DependencyGraphBuilder] Visiting dependency org.springframework:spring-web:4.3.9.RELEASE(runtime) -> dependency: org.springframework:spring-context:4.3.9.RELEASE, scope: Compile, optional: false
09:37:03.209 [DEBUG] [org.gradle.api.internal.artifacts.ivyservice.resolveengine.graph.DependencyGraphBuilder] Visiting dependency org.springframework:spring-web:4.3.9.RELEASE(runtime) -> dependency: org.springframework:spring-core:4.3.9.RELEASE, scope: Compile, optional: false
09:37:03.209 [DEBUG] [org.gradle.api.internal.artifacts.ivyservice.resolveengine.graph.DependencyGraphBuilder] Visiting configuration org.grails:grails-datastore-gorm-hibernate-core:6.1.6.RELEASE(runtime).
09:37:03.209 [DEBUG] [org.gradle.api.internal.artifacts.ivyservice.resolveengine.graph.DependencyGraphBuilder] javax.transaction:jta is excluded from org.grails:grails-datastore-gorm-hibernate-core:6.1.6.RELEASE(runtime).
09:37:03.209 [DEBUG] [org.gradle.api.internal.artifacts.ivyservice.resolveengine.graph.DependencyGraphBuilder] Visiting dependency org.grails:grails-datastore-gorm-hibernate-core:6.1.6.RELEASE(runtime) -> dependency: org.codehaus.groovy:groovy:2.4.11, scope: Runtime, optional: false
09:37:03.209 [DEBUG] [org.gradle.api.internal.artifacts.ivyservice.resolveengine.graph.DependencyGraphBuilder] Visiting dependency org.grails:grails-datastore-gorm-hibernate-core:6.1.6.RELEASE(runtime) -> dependency: org.grails:grails-datastore-gorm:6.1.6.RELEASE, scope: Runtime, optional: false
09:37:03.209 [DEBUG] [org.gradle.api.internal.artifacts.ivyservice.resolveengine.graph.DependencyGraphBuilder] Visiting dependency org.grails:grails-datastore-gorm-hibernate-core:6.1.6.RELEASE(runtime) -> dependency: org.grails:grails-datastore-core:6.1.6.RELEASE, scope: Runtime, optional: false
09:37:03.209 [DEBUG] [org.gradle.api.internal.artifacts.ivyservice.resolveengine.graph.DependencyGraphBuilder] Visiting dependency org.grails:grails-datastore-gorm-hibernate-core:6.1.6.RELEASE(runtime) -> dependency: org.springframework:spring-jdbc:4.3.9.RELEASE, scope: Runtime, optional: false
09:37:03.209 [DEBUG] [org.gradle.api.internal.artifacts.ivyservice.resolveengine.graph.DependencyGraphBuilder] Visiting dependency org.grails:grails-datastore-gorm-hibernate-core:6.1.6.RELEASE(runtime) -> dependency: org.springframework:spring-orm:4.3.9.RELEASE, scope: Runtime, optional: false
09:37:03.210 [DEBUG] [org.gradle.api.internal.artifacts.ivyservice.resolveengine.graph.DependencyGraphBuilder] Visiting dependency org.grails:grails-datastore-gorm-hibernate-core:6.1.6.RELEASE(runtime) -> dependency: org.javassist:javassist:3.21.0-GA, scope: Runtime, optional: false
09:37:03.210 [DEBUG] [org.gradle.api.internal.artifacts.ivyservice.resolveengine.graph.DependencyGraphBuilder] Visiting configuration org.hibernate:hibernate-core:5.1.5.Final(runtime).
09:37:03.210 [DEBUG] [org.gradle.api.internal.artifacts.ivyservice.resolveengine.graph.DependencyGraphBuilder] Changed edges for org.hibernate:hibernate-core:5.1.5.Final(runtime) selects same versions as previous traversal. ignoring
09:37:03.210 [DEBUG] [org.gradle.api.internal.artifacts.ivyservice.resolveengine.graph.DependencyGraphBuilder] Visiting configuration org.hibernate:hibernate-validator:5.3.5.Final(runtime).
09:37:03.210 [DEBUG] [org.gradle.api.internal.artifacts.ivyservice.resolveengine.graph.DependencyGraphBuilder] Visiting dependency org.hibernate:hibernate-validator:5.3.5.Final(runtime) -> dependency: javax.validation:validation-api:1.1.0.Final, scope: Compile, optional: false
09:37:03.210 [DEBUG] [io.spring.gradle.dependencymanagement.internal.VersionConfiguringAction] Processing dependency 'javax.validation:validation-api:1.1.0.Final'
09:37:03.210 [DEBUG] [io.spring.gradle.dependencymanagement.internal.DependencyManagementContainer] Found managed version '1.1.0.Final' for dependency 'javax.validation:validation-api' in global dependency management
09:37:03.210 [DEBUG] [io.spring.gradle.dependencymanagement.internal.VersionConfiguringAction] Using version '1.1.0.Final' for dependency 'javax.validation:validation-api:1.1.0.Final'
09:37:03.210 [DEBUG] [org.gradle.api.internal.artifacts.ivyservice.resolveengine.graph.DependencyGraphBuilder] Selecting new module version javax.validation:validation-api:1.1.0.Final
09:37:03.210 [DEBUG] [org.gradle.api.internal.artifacts.ivyservice.ivyresolve.RepositoryChainComponentMetaDataResolver] Attempting to resolve component for javax.validation:validation-api:1.1.0.Final using repositories [MavenLocal, maven, maven2, maven3]
09:37:03.210 [DEBUG] [org.gradle.api.internal.artifacts.ivyservice.ivyresolve.RepositoryChainComponentMetaDataResolver] Using javax.validation:validation-api:1.1.0.Final from Maven repository 'MavenLocal'
09:37:03.210 [DEBUG] [org.gradle.api.internal.artifacts.ivyservice.resolveengine.graph.DependencyGraphBuilder] Visiting dependency org.hibernate:hibernate-validator:5.3.5.Final(runtime) -> dependency: org.jboss.logging:jboss-logging:3.3.0.Final, scope: Compile, optional: false
09:37:03.210 [DEBUG] [org.gradle.api.internal.artifacts.ivyservice.resolveengine.graph.DependencyGraphBuilder] Visiting dependency org.hibernate:hibernate-validator:5.3.5.Final(runtime) -> dependency: com.fasterxml:classmate:1.3.1, scope: Compile, optional: false
09:37:03.210 [DEBUG] [io.spring.gradle.dependencymanagement.internal.VersionConfiguringAction] Processing dependency 'com.fasterxml:classmate:1.3.1'
09:37:03.210 [DEBUG] [io.spring.gradle.dependencymanagement.internal.DependencyManagementContainer] Found managed version '1.3.3' for dependency 'com.fasterxml:classmate' in global dependency management
09:37:03.210 [DEBUG] [io.spring.gradle.dependencymanagement.internal.VersionConfiguringAction] Using version '1.3.3' for dependency 'com.fasterxml:classmate:1.3.1'
09:37:03.210 [DEBUG] [org.gradle.api.internal.artifacts.ivyservice.resolveengine.graph.DependencyGraphBuilder] Visiting configuration javax.el:javax.el-api:2.2.4(runtime).
09:37:03.210 [DEBUG] [org.gradle.api.internal.artifacts.ivyservice.resolveengine.graph.DependencyGraphBuilder] Visiting configuration xml-apis:xml-apis:1.4.01(runtime).
09:37:03.210 [DEBUG] [org.gradle.api.internal.artifacts.ivyservice.resolveengine.graph.DependencyGraphBuilder] Visiting configuration org.jboss.logging:jboss-logging:3.3.1.Final(runtime).
09:37:03.211 [DEBUG] [org.gradle.api.internal.artifacts.ivyservice.resolveengine.graph.DependencyGraphBuilder] Changed edges for org.jboss.logging:jboss-logging:3.3.1.Final(runtime) selects same versions as previous traversal. ignoring
09:37:03.211 [DEBUG] [org.gradle.api.internal.artifacts.ivyservice.resolveengine.graph.DependencyGraphBuilder] Visiting configuration org.grails:grails-web-jsp:3.3.0(runtime).
09:37:03.211 [DEBUG] [org.gradle.api.internal.artifacts.ivyservice.resolveengine.graph.DependencyGraphBuilder] Changed edges for org.grails:grails-web-jsp:3.3.0(runtime) selects same versions as previous traversal. ignoring
09:37:03.211 [DEBUG] [org.gradle.api.internal.artifacts.ivyservice.resolveengine.graph.DependencyGraphBuilder] Visiting configuration org.grails:grails-codecs:3.3.0(runtime).
09:37:03.211 [DEBUG] [org.gradle.api.internal.artifacts.ivyservice.resolveengine.graph.DependencyGraphBuilder] Visiting dependency org.grails:grails-codecs:3.3.0(runtime) -> dependency: org.codehaus.groovy:groovy:2.4.11, scope: Runtime, optional: false
09:37:03.211 [DEBUG] [org.gradle.api.internal.artifacts.ivyservice.resolveengine.graph.DependencyGraphBuilder] Visiting dependency org.grails:grails-codecs:3.3.0(runtime) -> dependency: org.slf4j:slf4j-api:1.7.22, scope: Runtime, optional: false
09:37:03.211 [DEBUG] [org.gradle.api.internal.artifacts.ivyservice.resolveengine.graph.DependencyGraphBuilder] Visiting dependency org.grails:grails-codecs:3.3.0(runtime) -> dependency: org.slf4j:jcl-over-slf4j:1.7.22, scope: Runtime, optional: false
09:37:03.211 [DEBUG] [org.gradle.api.internal.artifacts.ivyservice.resolveengine.graph.DependencyGraphBuilder] Visiting dependency org.grails:grails-codecs:3.3.0(runtime) -> dependency: commons-codec:commons-codec:1.10, scope: Runtime, optional: false
09:37:03.211 [DEBUG] [io.spring.gradle.dependencymanagement.internal.VersionConfiguringAction] Processing dependency 'commons-codec:commons-codec:1.10'
09:37:03.211 [DEBUG] [io.spring.gradle.dependencymanagement.internal.DependencyManagementContainer] Found managed version '1.10' for dependency 'commons-codec:commons-codec' in global dependency management
09:37:03.211 [DEBUG] [io.spring.gradle.dependencymanagement.internal.VersionConfiguringAction] Using version '1.10' for dependency 'commons-codec:commons-codec:1.10'
09:37:03.211 [DEBUG] [org.gradle.api.internal.artifacts.ivyservice.resolveengine.graph.DependencyGraphBuilder] Visiting configuration org.antlr:antlr4-runtime:4.5(runtime).
09:37:03.211 [DEBUG] [org.gradle.api.internal.artifacts.ivyservice.resolveengine.graph.DependencyGraphBuilder] org.abego.treelayout:org.abego.treelayout.core is excluded from org.antlr:antlr4-runtime:4.5(runtime).
09:37:03.211 [DEBUG] [org.gradle.api.internal.artifacts.ivyservice.resolveengine.graph.DependencyGraphBuilder] Visiting configuration com.google.guava:guava:18.0(runtime).
09:37:03.211 [DEBUG] [org.gradle.api.internal.artifacts.ivyservice.resolveengine.graph.DependencyGraphBuilder] Changed edges for com.google.guava:guava:18.0(runtime) selects same versions as previous traversal. ignoring
09:37:03.211 [DEBUG] [org.gradle.api.internal.artifacts.ivyservice.resolveengine.graph.DependencyGraphBuilder] Visiting configuration com.fasterxml.jackson.core:jackson-annotations:2.8.0(runtime).
09:37:03.211 [DEBUG] [org.gradle.api.internal.artifacts.ivyservice.resolveengine.graph.DependencyGraphBuilder] Changed edges for com.fasterxml.jackson.core:jackson-annotations:2.8.0(runtime) selects same versions as previous traversal. ignoring
09:37:03.211 [DEBUG] [org.gradle.api.internal.artifacts.ivyservice.resolveengine.graph.DependencyGraphBuilder] Visiting configuration com.fasterxml.jackson.core:jackson-core:2.8.8(runtime).
09:37:03.211 [DEBUG] [org.gradle.api.internal.artifacts.ivyservice.resolveengine.graph.DependencyGraphBuilder] Changed edges for com.fasterxml.jackson.core:jackson-core:2.8.8(runtime) selects same versions as previous traversal. ignoring
09:37:03.211 [DEBUG] [org.gradle.api.internal.artifacts.ivyservice.resolveengine.graph.DependencyGraphBuilder] Visiting configuration org.ojai:ojai:2.0-SNAPSHOT(runtime).
09:37:03.211 [DEBUG] [org.gradle.api.internal.artifacts.ivyservice.resolveengine.graph.DependencyGraphBuilder] Changed edges for org.ojai:ojai:2.0-SNAPSHOT(runtime) selects same versions as previous traversal. ignoring
09:37:03.212 [DEBUG] [org.gradle.api.internal.artifacts.ivyservice.resolveengine.graph.DependencyGraphBuilder] Visiting configuration com.google.protobuf:protobuf-java:2.5.0(runtime).
09:37:03.212 [DEBUG] [org.gradle.api.internal.artifacts.ivyservice.resolveengine.graph.DependencyGraphBuilder] Changed edges for com.google.protobuf:protobuf-java:2.5.0(runtime) selects same versions as previous traversal. ignoring
09:37:03.212 [DEBUG] [org.gradle.api.internal.artifacts.ivyservice.resolveengine.graph.DependencyGraphBuilder] Visiting configuration org.apache.drill.exec:drill-java-exec:1.11.0-sidev-SNAPSHOT(runtime).
09:37:03.212 [DEBUG] [org.gradle.api.internal.artifacts.ivyservice.resolveengine.graph.DependencyGraphBuilder] org.ow2.asm:asm-debug-all is excluded from org.apache.drill.exec:drill-java-exec:1.11.0-sidev-SNAPSHOT(runtime).
09:37:03.212 [DEBUG] [org.gradle.api.internal.artifacts.ivyservice.resolveengine.graph.DependencyGraphBuilder] com.sun.codemodel:codemodel is excluded from org.apache.drill.exec:drill-java-exec:1.11.0-sidev-SNAPSHOT(runtime).
09:37:03.212 [DEBUG] [org.gradle.api.internal.artifacts.ivyservice.resolveengine.graph.DependencyGraphBuilder] org.eclipse.jetty:jetty-server is excluded from org.apache.drill.exec:drill-java-exec:1.11.0-sidev-SNAPSHOT(runtime).
09:37:03.212 [DEBUG] [org.gradle.api.internal.artifacts.ivyservice.resolveengine.graph.DependencyGraphBuilder] org.eclipse.jetty:jetty-servlet is excluded from org.apache.drill.exec:drill-java-exec:1.11.0-sidev-SNAPSHOT(runtime).
09:37:03.212 [DEBUG] [org.gradle.api.internal.artifacts.ivyservice.resolveengine.graph.DependencyGraphBuilder] org.eclipse.jetty:jetty-servlets is excluded from org.apache.drill.exec:drill-java-exec:1.11.0-sidev-SNAPSHOT(runtime).
09:37:03.212 [DEBUG] [org.gradle.api.internal.artifacts.ivyservice.resolveengine.graph.DependencyGraphBuilder] org.glassfish.jersey.containers:jersey-container-jetty-servlet is excluded from org.apache.drill.exec:drill-java-exec:1.11.0-sidev-SNAPSHOT(runtime).
09:37:03.212 [DEBUG] [org.gradle.api.internal.artifacts.ivyservice.resolveengine.graph.DependencyGraphBuilder] org.glassfish.jersey.media:jersey-media-multipart is excluded from org.apache.drill.exec:drill-java-exec:1.11.0-sidev-SNAPSHOT(runtime).
09:37:03.212 [DEBUG] [org.gradle.api.internal.artifacts.ivyservice.resolveengine.graph.DependencyGraphBuilder] org.mongodb:mongo-java-driver is excluded from org.apache.drill.exec:drill-java-exec:1.11.0-sidev-SNAPSHOT(runtime).
09:37:03.212 [DEBUG] [org.gradle.api.internal.artifacts.ivyservice.resolveengine.graph.DependencyGraphBuilder] org.glassfish.jersey.ext:jersey-mvc-freemarker is excluded from org.apache.drill.exec:drill-java-exec:1.11.0-sidev-SNAPSHOT(runtime).
09:37:03.212 [DEBUG] [org.gradle.api.internal.artifacts.ivyservice.resolveengine.graph.DependencyGraphBuilder] org.apache.calcite:calcite-core is excluded from org.apache.drill.exec:drill-java-exec:1.11.0-sidev-SNAPSHOT(runtime).
09:37:03.212 [DEBUG] [org.gradle.api.internal.artifacts.ivyservice.resolveengine.graph.DependencyGraphBuilder] net.sf.jpam:jpam is excluded from org.apache.drill.exec:drill-java-exec:1.11.0-sidev-SNAPSHOT(runtime).
09:37:03.212 [DEBUG] [org.gradle.api.internal.artifacts.ivyservice.resolveengine.graph.DependencyGraphBuilder] org.bouncycastle:bcpkix-jdk15on is excluded from org.apache.drill.exec:drill-java-exec:1.11.0-sidev-SNAPSHOT(runtime).
09:37:03.212 [DEBUG] [org.gradle.api.internal.artifacts.ivyservice.resolveengine.graph.DependencyGraphBuilder] org.freemarker:freemarker is excluded from org.apache.drill.exec:drill-java-exec:1.11.0-sidev-SNAPSHOT(runtime).
09:37:03.212 [DEBUG] [org.gradle.api.internal.artifacts.ivyservice.resolveengine.graph.DependencyGraphBuilder] org.apache.parquet:parquet-column is excluded from org.apache.drill.exec:drill-java-exec:1.11.0-sidev-SNAPSHOT(runtime).
09:37:03.212 [DEBUG] [org.gradle.api.internal.artifacts.ivyservice.resolveengine.graph.DependencyGraphBuilder] org.apache.parquet:parquet-hadoop is excluded from org.apache.drill.exec:drill-java-exec:1.11.0-sidev-SNAPSHOT(runtime).
09:37:03.212 [DEBUG] [org.gradle.api.internal.artifacts.ivyservice.resolveengine.graph.DependencyGraphBuilder] org.apache.parquet:parquet-format is excluded from org.apache.drill.exec:drill-java-exec:1.11.0-sidev-SNAPSHOT(runtime).
09:37:03.212 [DEBUG] [org.gradle.api.internal.artifacts.ivyservice.resolveengine.graph.DependencyGraphBuilder] org.apache.parquet:parquet-common is excluded from org.apache.drill.exec:drill-java-exec:1.11.0-sidev-SNAPSHOT(runtime).
09:37:03.212 [DEBUG] [org.gradle.api.internal.artifacts.ivyservice.resolveengine.graph.DependencyGraphBuilder] org.apache.parquet:parquet-jackson is excluded from org.apache.drill.exec:drill-java-exec:1.11.0-sidev-SNAPSHOT(runtime).
09:37:03.212 [DEBUG] [org.gradle.api.internal.artifacts.ivyservice.resolveengine.graph.DependencyGraphBuilder] org.apache.parquet:parquet-encoding is excluded from org.apache.drill.exec:drill-java-exec:1.11.0-sidev-SNAPSHOT(runtime).
09:37:03.213 [DEBUG] [org.gradle.api.internal.artifacts.ivyservice.resolveengine.graph.DependencyGraphBuilder] org.apache.parquet:parquet-generator is excluded from org.apache.drill.exec:drill-java-exec:1.11.0-sidev-SNAPSHOT(runtime).
09:37:03.213 [DEBUG] [org.gradle.api.internal.artifacts.ivyservice.resolveengine.graph.DependencyGraphBuilder] javax.inject:javax.inject is excluded from org.apache.drill.exec:drill-java-exec:1.11.0-sidev-SNAPSHOT(runtime).
09:37:03.213 [DEBUG] [org.gradle.api.internal.artifacts.ivyservice.resolveengine.graph.DependencyGraphBuilder] com.beust:jcommander is excluded from org.apache.drill.exec:drill-java-exec:1.11.0-sidev-SNAPSHOT(runtime).
09:37:03.213 [DEBUG] [org.gradle.api.internal.artifacts.ivyservice.resolveengine.graph.DependencyGraphBuilder] org.codehaus.janino:janino is excluded from org.apache.drill.exec:drill-java-exec:1.11.0-sidev-SNAPSHOT(runtime).
09:37:03.213 [DEBUG] [org.gradle.api.internal.artifacts.ivyservice.resolveengine.graph.DependencyGraphBuilder] org.codehaus.janino:commons-compiler-jdk is excluded from org.apache.drill.exec:drill-java-exec:1.11.0-sidev-SNAPSHOT(runtime).
09:37:03.213 [DEBUG] [org.gradle.api.internal.artifacts.ivyservice.resolveengine.graph.DependencyGraphBuilder] org.mortbay.jetty:jetty-util is excluded from org.apache.drill.exec:drill-java-exec:1.11.0-sidev-SNAPSHOT(runtime).
09:37:03.213 [DEBUG] [org.gradle.api.internal.artifacts.ivyservice.resolveengine.graph.DependencyGraphBuilder] org.apache.avro:avro is excluded from org.apache.drill.exec:drill-java-exec:1.11.0-sidev-SNAPSHOT(runtime).
09:37:03.213 [DEBUG] [org.gradle.api.internal.artifacts.ivyservice.resolveengine.graph.DependencyGraphBuilder] org.apache.avro:avro-mapred is excluded from org.apache.drill.exec:drill-java-exec:1.11.0-sidev-SNAPSHOT(runtime).
09:37:03.213 [DEBUG] [org.gradle.api.internal.artifacts.ivyservice.resolveengine.graph.DependencyGraphBuilder] nl.basjes.parse.httpdlog:httpdlog-parser is excluded from org.apache.drill.exec:drill-java-exec:1.11.0-sidev-SNAPSHOT(runtime).
09:37:03.213 [DEBUG] [org.gradle.api.internal.artifacts.ivyservice.resolveengine.graph.DependencyGraphBuilder] org.slf4j:log4j-over-slf4j is excluded from org.apache.drill.exec:drill-java-exec:1.11.0-sidev-SNAPSHOT(runtime).
09:37:03.213 [DEBUG] [org.gradle.api.internal.artifacts.ivyservice.resolveengine.graph.DependencyGraphBuilder] org.mockito:mockito-core is excluded from org.apache.drill.exec:drill-java-exec:1.11.0-sidev-SNAPSHOT(runtime).
09:37:03.213 [DEBUG] [org.gradle.api.internal.artifacts.ivyservice.resolveengine.graph.DependencyGraphBuilder] Visiting dependency org.apache.drill.exec:drill-java-exec:1.11.0-sidev-SNAPSHOT(runtime) -> dependency: org.apache.commons:commons-pool2:2.1, scope: Compile, optional: false
09:37:03.213 [DEBUG] [io.spring.gradle.dependencymanagement.internal.VersionConfiguringAction] Processing dependency 'org.apache.commons:commons-pool2:2.1'
09:37:03.213 [DEBUG] [io.spring.gradle.dependencymanagement.internal.DependencyManagementContainer] Found managed version '2.4.2' for dependency 'org.apache.commons:commons-pool2' in global dependency management
09:37:03.213 [DEBUG] [io.spring.gradle.dependencymanagement.internal.VersionConfiguringAction] Using version '2.4.2' for dependency 'org.apache.commons:commons-pool2:2.1'
09:37:03.213 [DEBUG] [org.gradle.api.internal.artifacts.ivyservice.resolveengine.graph.DependencyGraphBuilder] Selecting new module version org.apache.commons:commons-pool2:2.4.2
09:37:03.213 [DEBUG] [org.gradle.api.internal.artifacts.ivyservice.ivyresolve.RepositoryChainComponentMetaDataResolver] Attempting to resolve component for org.apache.commons:commons-pool2:2.4.2 using repositories [MavenLocal, maven, maven2, maven3]
09:37:03.214 [DEBUG] [org.gradle.api.internal.artifacts.repositories.resolver.DefaultExternalResourceArtifactResolver] Loading file:/Users/michaelmennis/.m2/repository/org/apache/commons/commons-pool2/2.4.2/commons-pool2-2.4.2.pom
09:37:03.214 [DEBUG] [org.gradle.api.internal.artifacts.repositories.resolver.DefaultExternalResourceArtifactResolver] Loading file:/Users/michaelmennis/.m2/repository/org/apache/commons/commons-pool2/2.4.2/commons-pool2-2.4.2.jar
09:37:03.214 [DEBUG] [org.gradle.api.internal.artifacts.repositories.resolver.ExternalResourceResolver] No meta-data file or artifact found for module 'org.apache.commons:commons-pool2:2.4.2' in repository 'MavenLocal'.
09:37:03.214 [DEBUG] [org.gradle.api.internal.artifacts.ivyservice.ivyresolve.CachingModuleComponentRepository] Using cached module metadata for module 'org.apache.commons:commons-pool2:2.4.2' in 'maven'
09:37:03.214 [DEBUG] [org.gradle.api.internal.artifacts.ivyservice.ivyresolve.RepositoryChainComponentMetaDataResolver] Using org.apache.commons:commons-pool2:2.4.2 from Maven repository 'maven'
09:37:03.214 [DEBUG] [org.gradle.api.internal.artifacts.ivyservice.resolveengine.graph.DependencyGraphBuilder] Visiting dependency org.apache.drill.exec:drill-java-exec:1.11.0-sidev-SNAPSHOT(runtime) -> dependency: com.univocity:univocity-parsers:1.3.0, scope: Compile, optional: false
09:37:03.214 [DEBUG] [io.spring.gradle.dependencymanagement.internal.VersionConfiguringAction] Processing dependency 'com.univocity:univocity-parsers:1.3.0'
09:37:03.214 [DEBUG] [io.spring.gradle.dependencymanagement.internal.VersionConfiguringAction] No dependency management for dependency 'com.univocity:univocity-parsers:1.3.0'
09:37:03.214 [DEBUG] [org.gradle.api.internal.artifacts.ivyservice.resolveengine.graph.DependencyGraphBuilder] Selecting new module version com.univocity:univocity-parsers:1.3.0
09:37:03.215 [DEBUG] [org.gradle.api.internal.artifacts.ivyservice.ivyresolve.RepositoryChainComponentMetaDataResolver] Attempting to resolve component for com.univocity:univocity-parsers:1.3.0 using repositories [MavenLocal, maven, maven2, maven3]
09:37:03.215 [DEBUG] [org.gradle.api.internal.artifacts.repositories.resolver.DefaultExternalResourceArtifactResolver] Loading file:/Users/michaelmennis/.m2/repository/com/univocity/univocity-parsers/1.3.0/univocity-parsers-1.3.0.pom
09:37:03.216 [DEBUG] [org.gradle.api.internal.artifacts.repositories.resolver.DefaultExternalResourceArtifactResolver] Loading file:/Users/michaelmennis/.m2/repository/com/univocity/univocity-parsers/1.3.0/univocity-parsers-1.3.0.jar
09:37:03.217 [DEBUG] [org.gradle.api.internal.artifacts.repositories.resolver.ExternalResourceResolver] Metadata file found for module 'com.univocity:univocity-parsers:1.3.0' in repository 'MavenLocal'.
09:37:03.217 [DEBUG] [org.gradle.api.internal.artifacts.ivyservice.ivyresolve.RepositoryChainComponentMetaDataResolver] Using com.univocity:univocity-parsers:1.3.0 from Maven repository 'MavenLocal'
09:37:03.217 [DEBUG] [org.gradle.api.internal.artifacts.ivyservice.resolveengine.graph.DependencyGraphBuilder] Visiting dependency org.apache.drill.exec:drill-java-exec:1.11.0-sidev-SNAPSHOT(runtime) -> dependency: org.apache.commons:commons-math:2.2, scope: Compile, optional: false
09:37:03.217 [DEBUG] [io.spring.gradle.dependencymanagement.internal.VersionConfiguringAction] Processing dependency 'org.apache.commons:commons-math:2.2'
09:37:03.217 [DEBUG] [io.spring.gradle.dependencymanagement.internal.VersionConfiguringAction] No dependency management for dependency 'org.apache.commons:commons-math:2.2'
09:37:03.217 [DEBUG] [org.gradle.api.internal.artifacts.ivyservice.resolveengine.graph.DependencyGraphBuilder] Selecting new module version org.apache.commons:commons-math:2.2
09:37:03.217 [DEBUG] [org.gradle.api.internal.artifacts.ivyservice.ivyresolve.RepositoryChainComponentMetaDataResolver] Attempting to resolve component for org.apache.commons:commons-math:2.2 using repositories [MavenLocal, maven, maven2, maven3]
09:37:03.217 [DEBUG] [org.gradle.api.internal.artifacts.repositories.resolver.DefaultExternalResourceArtifactResolver] Loading file:/Users/michaelmennis/.m2/repository/org/apache/commons/commons-math/2.2/commons-math-2.2.pom
09:37:03.218 [DEBUG] [org.gradle.api.internal.artifacts.ivyservice.ivyresolve.RepositoryChainComponentMetaDataResolver] Attempting to resolve component for org.apache.commons:commons-parent:18 using repositories [MavenLocal, maven, maven2, maven3]
09:37:03.218 [DEBUG] [org.gradle.api.internal.artifacts.repositories.resolver.DefaultExternalResourceArtifactResolver] Loading file:/Users/michaelmennis/.m2/repository/org/apache/commons/commons-parent/18/commons-parent-18.pom
09:37:03.220 [DEBUG] [org.gradle.api.internal.artifacts.ivyservice.ivyresolve.RepositoryChainComponentMetaDataResolver] Attempting to resolve component for org.apache:apache:7 using repositories [MavenLocal, maven, maven2, maven3]
09:37:03.220 [DEBUG] [org.gradle.api.internal.artifacts.ivyservice.ivyresolve.RepositoryChainComponentMetaDataResolver] Using org.apache:apache:7 from Maven repository 'MavenLocal'
09:37:03.221 [DEBUG] [org.gradle.api.internal.artifacts.repositories.resolver.ExternalResourceResolver] Metadata file found for module 'org.apache.commons:commons-parent:18' in repository 'MavenLocal'.
09:37:03.221 [DEBUG] [org.gradle.api.internal.artifacts.ivyservice.ivyresolve.RepositoryChainComponentMetaDataResolver] Using org.apache.commons:commons-parent:18 from Maven repository 'MavenLocal'
09:37:03.221 [DEBUG] [org.gradle.api.internal.artifacts.repositories.resolver.DefaultExternalResourceArtifactResolver] Loading file:/Users/michaelmennis/.m2/repository/org/apache/commons/commons-parent/18/commons-parent-18.pom
09:37:03.223 [DEBUG] [org.gradle.api.internal.artifacts.ivyservice.ivyresolve.RepositoryChainComponentMetaDataResolver] Attempting to resolve component for org.apache:apache:7 using repositories [MavenLocal, maven, maven2, maven3]
09:37:03.223 [DEBUG] [org.gradle.api.internal.artifacts.ivyservice.ivyresolve.RepositoryChainComponentMetaDataResolver] Using org.apache:apache:7 from Maven repository 'MavenLocal'
09:37:03.225 [DEBUG] [org.gradle.api.internal.artifacts.repositories.resolver.DefaultExternalResourceArtifactResolver] Loading file:/Users/michaelmennis/.m2/repository/org/apache/commons/commons-math/2.2/commons-math-2.2.jar
09:37:03.225 [DEBUG] [org.gradle.api.internal.artifacts.repositories.resolver.ExternalResourceResolver] Metadata file found for module 'org.apache.commons:commons-math:2.2' in repository 'MavenLocal'.
09:37:03.225 [DEBUG] [org.gradle.api.internal.artifacts.ivyservice.ivyresolve.RepositoryChainComponentMetaDataResolver] Using org.apache.commons:commons-math:2.2 from Maven repository 'MavenLocal'
09:37:03.225 [DEBUG] [org.gradle.api.internal.artifacts.ivyservice.resolveengine.graph.DependencyGraphBuilder] Visiting dependency org.apache.drill.exec:drill-java-exec:1.11.0-sidev-SNAPSHOT(runtime) -> dependency: com.thoughtworks.paranamer:paranamer:2.5.6, scope: Compile, optional: false
09:37:03.225 [DEBUG] [io.spring.gradle.dependencymanagement.internal.VersionConfiguringAction] Processing dependency 'com.thoughtworks.paranamer:paranamer:2.5.6'
09:37:03.225 [DEBUG] [io.spring.gradle.dependencymanagement.internal.VersionConfiguringAction] No dependency management for dependency 'com.thoughtworks.paranamer:paranamer:2.5.6'
09:37:03.225 [DEBUG] [org.gradle.api.internal.artifacts.ivyservice.resolveengine.graph.DependencyGraphBuilder] Selecting new module version com.thoughtworks.paranamer:paranamer:2.5.6
09:37:03.225 [DEBUG] [org.gradle.api.internal.artifacts.ivyservice.ivyresolve.RepositoryChainComponentMetaDataResolver] Attempting to resolve component for com.thoughtworks.paranamer:paranamer:2.5.6 using repositories [MavenLocal, maven, maven2, maven3]
09:37:03.225 [DEBUG] [org.gradle.api.internal.artifacts.repositories.resolver.DefaultExternalResourceArtifactResolver] Loading file:/Users/michaelmennis/.m2/repository/com/thoughtworks/paranamer/paranamer/2.5.6/paranamer-2.5.6.pom
09:37:03.227 [DEBUG] [org.gradle.api.internal.artifacts.ivyservice.ivyresolve.RepositoryChainComponentMetaDataResolver] Attempting to resolve component for com.thoughtworks.paranamer:paranamer-parent:2.5.6 using repositories [MavenLocal, maven, maven2, maven3]
09:37:03.227 [DEBUG] [org.gradle.api.internal.artifacts.repositories.resolver.DefaultExternalResourceArtifactResolver] Loading file:/Users/michaelmennis/.m2/repository/com/thoughtworks/paranamer/paranamer-parent/2.5.6/paranamer-parent-2.5.6.pom
09:37:03.232 [DEBUG] [org.gradle.api.internal.artifacts.ivyservice.ivyresolve.RepositoryChainComponentMetaDataResolver] Attempting to resolve component for org.codehaus:codehaus-parent:1 using repositories [MavenLocal, maven, maven2, maven3]
09:37:03.232 [DEBUG] [org.gradle.api.internal.artifacts.repositories.resolver.DefaultExternalResourceArtifactResolver] Loading file:/Users/michaelmennis/.m2/repository/org/codehaus/codehaus-parent/1/codehaus-parent-1.pom
09:37:03.234 [DEBUG] [org.gradle.api.internal.artifacts.repositories.resolver.ExternalResourceResolver] Metadata file found for module 'org.codehaus:codehaus-parent:1' in repository 'MavenLocal'.
09:37:03.234 [DEBUG] [org.gradle.api.internal.artifacts.ivyservice.ivyresolve.RepositoryChainComponentMetaDataResolver] Using org.codehaus:codehaus-parent:1 from Maven repository 'MavenLocal'
09:37:03.234 [DEBUG] [org.gradle.api.internal.artifacts.repositories.resolver.DefaultExternalResourceArtifactResolver] Loading file:/Users/michaelmennis/.m2/repository/org/codehaus/codehaus-parent/1/codehaus-parent-1.pom
09:37:03.235 [DEBUG] [org.gradle.api.internal.artifacts.repositories.resolver.ExternalResourceResolver] Metadata file found for module 'com.thoughtworks.paranamer:paranamer-parent:2.5.6' in repository 'MavenLocal'.
09:37:03.235 [DEBUG] [org.gradle.api.internal.artifacts.ivyservice.ivyresolve.RepositoryChainComponentMetaDataResolver] Using com.thoughtworks.paranamer:paranamer-parent:2.5.6 from Maven repository 'MavenLocal'
09:37:03.235 [DEBUG] [org.gradle.api.internal.artifacts.repositories.resolver.DefaultExternalResourceArtifactResolver] Loading file:/Users/michaelmennis/.m2/repository/com/thoughtworks/paranamer/paranamer-parent/2.5.6/paranamer-parent-2.5.6.pom
09:37:03.236 [DEBUG] [org.gradle.api.internal.artifacts.ivyservice.ivyresolve.RepositoryChainComponentMetaDataResolver] Attempting to resolve component for org.codehaus:codehaus-parent:1 using repositories [MavenLocal, maven, maven2, maven3]
09:37:03.237 [DEBUG] [org.gradle.api.internal.artifacts.ivyservice.ivyresolve.RepositoryChainComponentMetaDataResolver] Using org.codehaus:codehaus-parent:1 from Maven repository 'MavenLocal'
09:37:03.238 [DEBUG] [org.gradle.api.internal.artifacts.repositories.resolver.DefaultExternalResourceArtifactResolver] Loading file:/Users/michaelmennis/.m2/repository/com/thoughtworks/paranamer/paranamer/2.5.6/paranamer-2.5.6.jar
09:37:03.238 [DEBUG] [org.gradle.api.internal.artifacts.repositories.resolver.ExternalResourceResolver] Metadata file found for module 'com.thoughtworks.paranamer:paranamer:2.5.6' in repository 'MavenLocal'.
09:37:03.238 [DEBUG] [org.gradle.api.internal.artifacts.ivyservice.ivyresolve.RepositoryChainComponentMetaDataResolver] Using com.thoughtworks.paranamer:paranamer:2.5.6 from Maven repository 'MavenLocal'
09:37:03.238 [DEBUG] [org.gradle.api.internal.artifacts.ivyservice.resolveengine.graph.DependencyGraphBuilder] Visiting dependency org.apache.drill.exec:drill-java-exec:1.11.0-sidev-SNAPSHOT(runtime) -> dependency: xerces:xercesImpl:2.11.0, scope: Compile, optional: false
09:37:03.238 [DEBUG] [io.spring.gradle.dependencymanagement.internal.VersionConfiguringAction] Processing dependency 'xerces:xercesImpl:2.11.0'
09:37:03.238 [DEBUG] [io.spring.gradle.dependencymanagement.internal.VersionConfiguringAction] No dependency management for dependency 'xerces:xercesImpl:2.11.0'
09:37:03.238 [DEBUG] [org.gradle.api.internal.artifacts.ivyservice.resolveengine.graph.DependencyGraphBuilder] Found new conflicting module version xerces:xercesImpl:2.11.0
09:37:03.238 [DEBUG] [org.gradle.api.internal.artifacts.ivyservice.resolveengine.graph.DependencyGraphBuilder] Visiting dependency org.apache.drill.exec:drill-java-exec:1.11.0-sidev-SNAPSHOT(runtime) -> dependency: xalan:xalan:2.7.1, scope: Compile, optional: false
09:37:03.238 [DEBUG] [org.gradle.api.internal.artifacts.ivyservice.resolveengine.graph.DependencyGraphBuilder] Visiting dependency org.apache.drill.exec:drill-java-exec:1.11.0-sidev-SNAPSHOT(runtime) -> dependency: com.fasterxml.jackson.jaxrs:jackson-jaxrs-json-provider:2.7.1, scope: Compile, optional: false
09:37:03.238 [DEBUG] [io.spring.gradle.dependencymanagement.internal.VersionConfiguringAction] Processing dependency 'com.fasterxml.jackson.jaxrs:jackson-jaxrs-json-provider:2.7.1'
09:37:03.238 [DEBUG] [io.spring.gradle.dependencymanagement.internal.DependencyManagementContainer] Found managed version '2.8.8' for dependency 'com.fasterxml.jackson.jaxrs:jackson-jaxrs-json-provider' in global dependency management
09:37:03.238 [DEBUG] [io.spring.gradle.dependencymanagement.internal.VersionConfiguringAction] Using version '2.8.8' for dependency 'com.fasterxml.jackson.jaxrs:jackson-jaxrs-json-provider:2.7.1'
09:37:03.238 [DEBUG] [org.gradle.api.internal.artifacts.ivyservice.resolveengine.graph.DependencyGraphBuilder] Selecting new module version com.fasterxml.jackson.jaxrs:jackson-jaxrs-json-provider:2.8.8
09:37:03.238 [DEBUG] [org.gradle.api.internal.artifacts.ivyservice.ivyresolve.RepositoryChainComponentMetaDataResolver] Attempting to resolve component for com.fasterxml.jackson.jaxrs:jackson-jaxrs-json-provider:2.8.8 using repositories [MavenLocal, maven, maven2, maven3]
09:37:03.239 [DEBUG] [org.gradle.api.internal.artifacts.repositories.resolver.DefaultExternalResourceArtifactResolver] Loading file:/Users/michaelmennis/.m2/repository/com/fasterxml/jackson/jaxrs/jackson-jaxrs-json-provider/2.8.8/jackson-jaxrs-json-provider-2.8.8.pom
09:37:03.239 [DEBUG] [org.gradle.api.internal.artifacts.repositories.resolver.DefaultExternalResourceArtifactResolver] Loading file:/Users/michaelmennis/.m2/repository/com/fasterxml/jackson/jaxrs/jackson-jaxrs-json-provider/2.8.8/jackson-jaxrs-json-provider-2.8.8.jar
09:37:03.239 [DEBUG] [org.gradle.api.internal.artifacts.repositories.resolver.ExternalResourceResolver] No meta-data file or artifact found for module 'com.fasterxml.jackson.jaxrs:jackson-jaxrs-json-provider:2.8.8' in repository 'MavenLocal'.
09:37:03.239 [DEBUG] [org.gradle.api.internal.artifacts.ivyservice.ivyresolve.CachingModuleComponentRepository] Using cached module metadata for module 'com.fasterxml.jackson.jaxrs:jackson-jaxrs-json-provider:2.8.8' in 'maven'
09:37:03.239 [DEBUG] [org.gradle.api.internal.artifacts.ivyservice.ivyresolve.RepositoryChainComponentMetaDataResolver] Using com.fasterxml.jackson.jaxrs:jackson-jaxrs-json-provider:2.8.8 from Maven repository 'maven'
09:37:03.239 [DEBUG] [org.gradle.api.internal.artifacts.ivyservice.resolveengine.graph.DependencyGraphBuilder] Visiting dependency org.apache.drill.exec:drill-java-exec:1.11.0-sidev-SNAPSHOT(runtime) -> dependency: com.fasterxml.jackson.module:jackson-module-afterburner:2.7.1, scope: Compile, optional: false
09:37:03.239 [DEBUG] [io.spring.gradle.dependencymanagement.internal.VersionConfiguringAction] Processing dependency 'com.fasterxml.jackson.module:jackson-module-afterburner:2.7.1'
09:37:03.239 [DEBUG] [io.spring.gradle.dependencymanagement.internal.DependencyManagementContainer] Found managed version '2.8.8' for dependency 'com.fasterxml.jackson.module:jackson-module-afterburner' in global dependency management
09:37:03.239 [DEBUG] [io.spring.gradle.dependencymanagement.internal.VersionConfiguringAction] Using version '2.8.8' for dependency 'com.fasterxml.jackson.module:jackson-module-afterburner:2.7.1'
09:37:03.239 [DEBUG] [org.gradle.api.internal.artifacts.ivyservice.resolveengine.graph.DependencyGraphBuilder] Selecting new module version com.fasterxml.jackson.module:jackson-module-afterburner:2.8.8
09:37:03.240 [DEBUG] [org.gradle.api.internal.artifacts.ivyservice.ivyresolve.RepositoryChainComponentMetaDataResolver] Attempting to resolve component for com.fasterxml.jackson.module:jackson-module-afterburner:2.8.8 using repositories [MavenLocal, maven, maven2, maven3]
09:37:03.240 [DEBUG] [org.gradle.api.internal.artifacts.repositories.resolver.DefaultExternalResourceArtifactResolver] Loading file:/Users/michaelmennis/.m2/repository/com/fasterxml/jackson/module/jackson-module-afterburner/2.8.8/jackson-module-afterburner-2.8.8.pom
09:37:03.240 [DEBUG] [org.gradle.api.internal.artifacts.repositories.resolver.DefaultExternalResourceArtifactResolver] Loading file:/Users/michaelmennis/.m2/repository/com/fasterxml/jackson/module/jackson-module-afterburner/2.8.8/jackson-module-afterburner-2.8.8.jar
09:37:03.240 [DEBUG] [org.gradle.api.internal.artifacts.repositories.resolver.ExternalResourceResolver] No meta-data file or artifact found for module 'com.fasterxml.jackson.module:jackson-module-afterburner:2.8.8' in repository 'MavenLocal'.
09:37:03.240 [DEBUG] [org.gradle.api.internal.artifacts.ivyservice.ivyresolve.CachingModuleComponentRepository] Using cached module metadata for module 'com.fasterxml.jackson.module:jackson-module-afterburner:2.8.8' in 'maven'
09:37:03.240 [DEBUG] [org.gradle.api.internal.artifacts.ivyservice.ivyresolve.RepositoryChainComponentMetaDataResolver] Using com.fasterxml.jackson.module:jackson-module-afterburner:2.8.8 from Maven repository 'maven'
09:37:03.240 [DEBUG] [org.gradle.api.internal.artifacts.ivyservice.resolveengine.graph.DependencyGraphBuilder] Visiting dependency org.apache.drill.exec:drill-java-exec:1.11.0-sidev-SNAPSHOT(runtime) -> dependency: org.apache.drill:drill-protocol:1.11.0-sidev-SNAPSHOT, scope: Compile, optional: false
09:37:03.240 [DEBUG] [io.spring.gradle.dependencymanagement.internal.VersionConfiguringAction] Processing dependency 'org.apache.drill:drill-protocol:1.11.0-sidev-SNAPSHOT'
09:37:03.240 [DEBUG] [io.spring.gradle.dependencymanagement.internal.VersionConfiguringAction] No dependency management for dependency 'org.apache.drill:drill-protocol:1.11.0-sidev-SNAPSHOT'
09:37:03.241 [DEBUG] [org.gradle.api.internal.artifacts.ivyservice.resolveengine.graph.DependencyGraphBuilder] Selecting new module version org.apache.drill:drill-protocol:1.11.0-sidev-SNAPSHOT
09:37:03.241 [DEBUG] [org.gradle.api.internal.artifacts.ivyservice.ivyresolve.RepositoryChainComponentMetaDataResolver] Attempting to resolve component for org.apache.drill:drill-protocol:1.11.0-sidev-SNAPSHOT using repositories [MavenLocal, maven, maven2, maven3]
09:37:03.241 [DEBUG] [org.gradle.api.internal.artifacts.repositories.resolver.DefaultExternalResourceArtifactResolver] Loading file:/Users/michaelmennis/.m2/repository/org/apache/drill/drill-protocol/1.11.0-sidev-SNAPSHOT/drill-protocol-1.11.0-sidev-SNAPSHOT.pom
09:37:03.242 [DEBUG] [org.gradle.api.internal.artifacts.ivyservice.ivyresolve.RepositoryChainComponentMetaDataResolver] Attempting to resolve component for org.apache.drill:drill-root:1.11.0-sidev-SNAPSHOT using repositories [MavenLocal, maven, maven2, maven3]
09:37:03.242 [DEBUG] [org.gradle.api.internal.artifacts.ivyservice.ivyresolve.RepositoryChainComponentMetaDataResolver] Using org.apache.drill:drill-root:1.11.0-sidev-SNAPSHOT from Maven repository 'MavenLocal'
09:37:03.244 [DEBUG] [org.gradle.api.internal.artifacts.ivyservice.ivyresolve.RepositoryChainComponentMetaDataResolver] Attempting to resolve component for org.apache:apache:14 using repositories [MavenLocal, maven, maven2, maven3]
09:37:03.244 [DEBUG] [org.gradle.api.internal.artifacts.ivyservice.ivyresolve.RepositoryChainComponentMetaDataResolver] Using org.apache:apache:14 from Maven repository 'MavenLocal'
09:37:03.246 [DEBUG] [org.gradle.api.internal.artifacts.repositories.resolver.DefaultExternalResourceArtifactResolver] Loading file:/Users/michaelmennis/.m2/repository/org/apache/drill/drill-protocol/1.11.0-sidev-SNAPSHOT/drill-protocol-1.11.0-sidev-SNAPSHOT.jar
09:37:03.246 [DEBUG] [org.gradle.api.internal.artifacts.repositories.resolver.ExternalResourceResolver] Metadata file found for module 'org.apache.drill:drill-protocol:1.11.0-sidev-SNAPSHOT' in repository 'MavenLocal'.
09:37:03.246 [DEBUG] [org.gradle.api.internal.artifacts.ivyservice.ivyresolve.RepositoryChainComponentMetaDataResolver] Using org.apache.drill:drill-protocol:1.11.0-sidev-SNAPSHOT from Maven repository 'MavenLocal'
09:37:03.247 [DEBUG] [org.gradle.api.internal.artifacts.ivyservice.resolveengine.graph.DependencyGraphBuilder] Visiting dependency org.apache.drill.exec:drill-java-exec:1.11.0-sidev-SNAPSHOT(runtime) -> dependency: org.apache.drill:drill-common:1.11.0-sidev-SNAPSHOT, scope: Compile, optional: false
09:37:03.247 [DEBUG] [io.spring.gradle.dependencymanagement.internal.VersionConfiguringAction] Processing dependency 'org.apache.drill:drill-common:1.11.0-sidev-SNAPSHOT'
09:37:03.247 [DEBUG] [io.spring.gradle.dependencymanagement.internal.VersionConfiguringAction] No dependency management for dependency 'org.apache.drill:drill-common:1.11.0-sidev-SNAPSHOT'
09:37:03.247 [DEBUG] [org.gradle.api.internal.artifacts.ivyservice.resolveengine.graph.DependencyGraphBuilder] Selecting new module version org.apache.drill:drill-common:1.11.0-sidev-SNAPSHOT
09:37:03.247 [DEBUG] [org.gradle.api.internal.artifacts.ivyservice.ivyresolve.RepositoryChainComponentMetaDataResolver] Attempting to resolve component for org.apache.drill:drill-common:1.11.0-sidev-SNAPSHOT using repositories [MavenLocal, maven, maven2, maven3]
09:37:03.248 [DEBUG] [org.gradle.api.internal.artifacts.repositories.resolver.DefaultExternalResourceArtifactResolver] Loading file:/Users/michaelmennis/.m2/repository/org/apache/drill/drill-common/1.11.0-sidev-SNAPSHOT/drill-common-1.11.0-sidev-SNAPSHOT.pom
09:37:03.249 [DEBUG] [org.gradle.api.internal.artifacts.ivyservice.ivyresolve.RepositoryChainComponentMetaDataResolver] Attempting to resolve component for org.apache.drill:drill-root:1.11.0-sidev-SNAPSHOT using repositories [MavenLocal, maven, maven2, maven3]
09:37:03.249 [DEBUG] [org.gradle.api.internal.artifacts.ivyservice.ivyresolve.RepositoryChainComponentMetaDataResolver] Using org.apache.drill:drill-root:1.11.0-sidev-SNAPSHOT from Maven repository 'MavenLocal'
09:37:03.252 [DEBUG] [org.gradle.api.internal.artifacts.ivyservice.ivyresolve.RepositoryChainComponentMetaDataResolver] Attempting to resolve component for org.apache:apache:14 using repositories [MavenLocal, maven, maven2, maven3]
09:37:03.252 [DEBUG] [org.gradle.api.internal.artifacts.ivyservice.ivyresolve.RepositoryChainComponentMetaDataResolver] Using org.apache:apache:14 from Maven repository 'MavenLocal'
09:37:03.254 [DEBUG] [org.gradle.api.internal.artifacts.repositories.resolver.DefaultExternalResourceArtifactResolver] Loading file:/Users/michaelmennis/.m2/repository/org/apache/drill/drill-common/1.11.0-sidev-SNAPSHOT/drill-common-1.11.0-sidev-SNAPSHOT.jar
09:37:03.255 [DEBUG] [org.gradle.api.internal.artifacts.repositories.resolver.ExternalResourceResolver] Metadata file found for module 'org.apache.drill:drill-common:1.11.0-sidev-SNAPSHOT' in repository 'MavenLocal'.
09:37:03.255 [DEBUG] [org.gradle.api.internal.artifacts.ivyservice.ivyresolve.RepositoryChainComponentMetaDataResolver] Using org.apache.drill:drill-common:1.11.0-sidev-SNAPSHOT from Maven repository 'MavenLocal'
09:37:03.255 [DEBUG] [org.gradle.api.internal.artifacts.ivyservice.resolveengine.graph.DependencyGraphBuilder] Visiting dependency org.apache.drill.exec:drill-java-exec:1.11.0-sidev-SNAPSHOT(runtime) -> dependency: org.apache.drill:drill-logical:1.11.0-sidev-SNAPSHOT, scope: Compile, optional: false
09:37:03.255 [DEBUG] [io.spring.gradle.dependencymanagement.internal.VersionConfiguringAction] Processing dependency 'org.apache.drill:drill-logical:1.11.0-sidev-SNAPSHOT'
09:37:03.255 [DEBUG] [io.spring.gradle.dependencymanagement.internal.VersionConfiguringAction] No dependency management for dependency 'org.apache.drill:drill-logical:1.11.0-sidev-SNAPSHOT'
09:37:03.255 [DEBUG] [org.gradle.api.internal.artifacts.ivyservice.resolveengine.graph.DependencyGraphBuilder] Selecting new module version org.apache.drill:drill-logical:1.11.0-sidev-SNAPSHOT
09:37:03.255 [DEBUG] [org.gradle.api.internal.artifacts.ivyservice.ivyresolve.RepositoryChainComponentMetaDataResolver] Attempting to resolve component for org.apache.drill:drill-logical:1.11.0-sidev-SNAPSHOT using repositories [MavenLocal, maven, maven2, maven3]
09:37:03.256 [DEBUG] [org.gradle.api.internal.artifacts.repositories.resolver.DefaultExternalResourceArtifactResolver] Loading file:/Users/michaelmennis/.m2/repository/org/apache/drill/drill-logical/1.11.0-sidev-SNAPSHOT/drill-logical-1.11.0-sidev-SNAPSHOT.pom
09:37:03.257 [DEBUG] [org.gradle.api.internal.artifacts.ivyservice.ivyresolve.RepositoryChainComponentMetaDataResolver] Attempting to resolve component for org.apache.drill:drill-root:1.11.0-sidev-SNAPSHOT using repositories [MavenLocal, maven, maven2, maven3]
09:37:03.257 [DEBUG] [org.gradle.api.internal.artifacts.ivyservice.ivyresolve.RepositoryChainComponentMetaDataResolver] Using org.apache.drill:drill-root:1.11.0-sidev-SNAPSHOT from Maven repository 'MavenLocal'
09:37:03.259 [DEBUG] [org.gradle.api.internal.artifacts.ivyservice.ivyresolve.RepositoryChainComponentMetaDataResolver] Attempting to resolve component for org.apache:apache:14 using repositories [MavenLocal, maven, maven2, maven3]
09:37:03.259 [DEBUG] [org.gradle.api.internal.artifacts.ivyservice.ivyresolve.RepositoryChainComponentMetaDataResolver] Using org.apache:apache:14 from Maven repository 'MavenLocal'
09:37:03.261 [DEBUG] [org.gradle.api.internal.artifacts.repositories.resolver.DefaultExternalResourceArtifactResolver] Loading file:/Users/michaelmennis/.m2/repository/org/apache/drill/drill-logical/1.11.0-sidev-SNAPSHOT/drill-logical-1.11.0-sidev-SNAPSHOT.jar
09:37:03.262 [DEBUG] [org.gradle.api.internal.artifacts.repositories.resolver.ExternalResourceResolver] Metadata file found for module 'org.apache.drill:drill-logical:1.11.0-sidev-SNAPSHOT' in repository 'MavenLocal'.
09:37:03.262 [DEBUG] [org.gradle.api.internal.artifacts.ivyservice.ivyresolve.RepositoryChainComponentMetaDataResolver] Using org.apache.drill:drill-logical:1.11.0-sidev-SNAPSHOT from Maven repository 'MavenLocal'
09:37:03.262 [DEBUG] [org.gradle.api.internal.artifacts.ivyservice.resolveengine.graph.DependencyGraphBuilder] Visiting dependency org.apache.drill.exec:drill-java-exec:1.11.0-sidev-SNAPSHOT(runtime) -> dependency: org.apache.drill.exec:drill-rpc:1.11.0-sidev-SNAPSHOT, scope: Compile, optional: false
09:37:03.262 [DEBUG] [io.spring.gradle.dependencymanagement.internal.VersionConfiguringAction] Processing dependency 'org.apache.drill.exec:drill-rpc:1.11.0-sidev-SNAPSHOT'
09:37:03.262 [DEBUG] [io.spring.gradle.dependencymanagement.internal.VersionConfiguringAction] No dependency management for dependency 'org.apache.drill.exec:drill-rpc:1.11.0-sidev-SNAPSHOT'
09:37:03.262 [DEBUG] [org.gradle.api.internal.artifacts.ivyservice.resolveengine.graph.DependencyGraphBuilder] Selecting new module version org.apache.drill.exec:drill-rpc:1.11.0-sidev-SNAPSHOT
09:37:03.262 [DEBUG] [org.gradle.api.internal.artifacts.ivyservice.ivyresolve.RepositoryChainComponentMetaDataResolver] Attempting to resolve component for org.apache.drill.exec:drill-rpc:1.11.0-sidev-SNAPSHOT using repositories [MavenLocal, maven, maven2, maven3]
09:37:03.262 [DEBUG] [org.gradle.api.internal.artifacts.repositories.resolver.DefaultExternalResourceArtifactResolver] Loading file:/Users/michaelmennis/.m2/repository/org/apache/drill/exec/drill-rpc/1.11.0-sidev-SNAPSHOT/drill-rpc-1.11.0-sidev-SNAPSHOT.pom
09:37:03.263 [DEBUG] [org.gradle.api.internal.artifacts.ivyservice.ivyresolve.RepositoryChainComponentMetaDataResolver] Attempting to resolve component for org.apache.drill.exec:exec-parent:1.11.0-sidev-SNAPSHOT using repositories [MavenLocal, maven, maven2, maven3]
09:37:03.263 [DEBUG] [org.gradle.api.internal.artifacts.ivyservice.ivyresolve.RepositoryChainComponentMetaDataResolver] Using org.apache.drill.exec:exec-parent:1.11.0-sidev-SNAPSHOT from Maven repository 'MavenLocal'
09:37:03.264 [DEBUG] [org.gradle.api.internal.artifacts.ivyservice.ivyresolve.RepositoryChainComponentMetaDataResolver] Attempting to resolve component for org.apache.drill:drill-root:1.11.0-sidev-SNAPSHOT using repositories [MavenLocal, maven, maven2, maven3]
09:37:03.264 [DEBUG] [org.gradle.api.internal.artifacts.ivyservice.ivyresolve.RepositoryChainComponentMetaDataResolver] Using org.apache.drill:drill-root:1.11.0-sidev-SNAPSHOT from Maven repository 'MavenLocal'
09:37:03.267 [DEBUG] [org.gradle.api.internal.artifacts.ivyservice.ivyresolve.RepositoryChainComponentMetaDataResolver] Attempting to resolve component for org.apache:apache:14 using repositories [MavenLocal, maven, maven2, maven3]
09:37:03.267 [DEBUG] [org.gradle.api.internal.artifacts.ivyservice.ivyresolve.RepositoryChainComponentMetaDataResolver] Using org.apache:apache:14 from Maven repository 'MavenLocal'
09:37:03.269 [DEBUG] [org.gradle.api.internal.artifacts.repositories.resolver.DefaultExternalResourceArtifactResolver] Loading file:/Users/michaelmennis/.m2/repository/org/apache/drill/exec/drill-rpc/1.11.0-sidev-SNAPSHOT/drill-rpc-1.11.0-sidev-SNAPSHOT.jar
09:37:03.269 [DEBUG] [org.gradle.api.internal.artifacts.repositories.resolver.ExternalResourceResolver] Metadata file found for module 'org.apache.drill.exec:drill-rpc:1.11.0-sidev-SNAPSHOT' in repository 'MavenLocal'.
09:37:03.270 [DEBUG] [org.gradle.api.internal.artifacts.ivyservice.ivyresolve.RepositoryChainComponentMetaDataResolver] Using org.apache.drill.exec:drill-rpc:1.11.0-sidev-SNAPSHOT from Maven repository 'MavenLocal'
09:37:03.270 [DEBUG] [org.gradle.api.internal.artifacts.ivyservice.resolveengine.graph.DependencyGraphBuilder] Visiting dependency org.apache.drill.exec:drill-java-exec:1.11.0-sidev-SNAPSHOT(runtime) -> dependency: org.apache.drill.memory:drill-memory-base:1.11.0-sidev-SNAPSHOT, scope: Compile, optional: false
09:37:03.270 [DEBUG] [io.spring.gradle.dependencymanagement.internal.VersionConfiguringAction] Processing dependency 'org.apache.drill.memory:drill-memory-base:1.11.0-sidev-SNAPSHOT'
09:37:03.270 [DEBUG] [io.spring.gradle.dependencymanagement.internal.VersionConfiguringAction] No dependency management for dependency 'org.apache.drill.memory:drill-memory-base:1.11.0-sidev-SNAPSHOT'
09:37:03.270 [DEBUG] [org.gradle.api.internal.artifacts.ivyservice.resolveengine.graph.DependencyGraphBuilder] Selecting new module version org.apache.drill.memory:drill-memory-base:1.11.0-sidev-SNAPSHOT
09:37:03.270 [DEBUG] [org.gradle.api.internal.artifacts.ivyservice.ivyresolve.RepositoryChainComponentMetaDataResolver] Attempting to resolve component for org.apache.drill.memory:drill-memory-base:1.11.0-sidev-SNAPSHOT using repositories [MavenLocal, maven, maven2, maven3]
09:37:03.270 [DEBUG] [org.gradle.api.internal.artifacts.repositories.resolver.DefaultExternalResourceArtifactResolver] Loading file:/Users/michaelmennis/.m2/repository/org/apache/drill/memory/drill-memory-base/1.11.0-sidev-SNAPSHOT/drill-memory-base-1.11.0-sidev-SNAPSHOT.pom
09:37:03.273 [DEBUG] [org.gradle.api.internal.artifacts.ivyservice.ivyresolve.RepositoryChainComponentMetaDataResolver] Attempting to resolve component for org.apache.drill.memory:memory-parent:1.11.0-sidev-SNAPSHOT using repositories [MavenLocal, maven, maven2, maven3]
09:37:03.273 [DEBUG] [org.gradle.api.internal.artifacts.repositories.resolver.DefaultExternalResourceArtifactResolver] Loading file:/Users/michaelmennis/.m2/repository/org/apache/drill/memory/memory-parent/1.11.0-sidev-SNAPSHOT/memory-parent-1.11.0-sidev-SNAPSHOT.pom
09:37:03.274 [DEBUG] [org.gradle.api.internal.artifacts.ivyservice.ivyresolve.RepositoryChainComponentMetaDataResolver] Attempting to resolve component for org.apache.drill.exec:exec-parent:1.11.0-sidev-SNAPSHOT using repositories [MavenLocal, maven, maven2, maven3]
09:37:03.274 [DEBUG] [org.gradle.api.internal.artifacts.ivyservice.ivyresolve.RepositoryChainComponentMetaDataResolver] Using org.apache.drill.exec:exec-parent:1.11.0-sidev-SNAPSHOT from Maven repository 'MavenLocal'
09:37:03.275 [DEBUG] [org.gradle.api.internal.artifacts.ivyservice.ivyresolve.RepositoryChainComponentMetaDataResolver] Attempting to resolve component for org.apache.drill:drill-root:1.11.0-sidev-SNAPSHOT using repositories [MavenLocal, maven, maven2, maven3]
09:37:03.275 [DEBUG] [org.gradle.api.internal.artifacts.ivyservice.ivyresolve.RepositoryChainComponentMetaDataResolver] Using org.apache.drill:drill-root:1.11.0-sidev-SNAPSHOT from Maven repository 'MavenLocal'
09:37:03.281 [DEBUG] [org.gradle.api.internal.artifacts.ivyservice.ivyresolve.RepositoryChainComponentMetaDataResolver] Attempting to resolve component for org.apache:apache:14 using repositories [MavenLocal, maven, maven2, maven3]
09:37:03.281 [DEBUG] [org.gradle.api.internal.artifacts.ivyservice.ivyresolve.RepositoryChainComponentMetaDataResolver] Using org.apache:apache:14 from Maven repository 'MavenLocal'
09:37:03.283 [DEBUG] [org.gradle.api.internal.artifacts.repositories.resolver.ExternalResourceResolver] Metadata file found for module 'org.apache.drill.memory:memory-parent:1.11.0-sidev-SNAPSHOT' in repository 'MavenLocal'.
09:37:03.283 [DEBUG] [org.gradle.api.internal.artifacts.ivyservice.ivyresolve.RepositoryChainComponentMetaDataResolver] Using org.apache.drill.memory:memory-parent:1.11.0-sidev-SNAPSHOT from Maven repository 'MavenLocal'
09:37:03.283 [DEBUG] [org.gradle.api.internal.artifacts.repositories.resolver.DefaultExternalResourceArtifactResolver] Loading file:/Users/michaelmennis/.m2/repository/org/apache/drill/memory/memory-parent/1.11.0-sidev-SNAPSHOT/memory-parent-1.11.0-sidev-SNAPSHOT.pom
09:37:03.284 [DEBUG] [org.gradle.api.internal.artifacts.ivyservice.ivyresolve.RepositoryChainComponentMetaDataResolver] Attempting to resolve component for org.apache.drill.exec:exec-parent:1.11.0-sidev-SNAPSHOT using repositories [MavenLocal, maven, maven2, maven3]
09:37:03.284 [DEBUG] [org.gradle.api.internal.artifacts.ivyservice.ivyresolve.RepositoryChainComponentMetaDataResolver] Using org.apache.drill.exec:exec-parent:1.11.0-sidev-SNAPSHOT from Maven repository 'MavenLocal'
09:37:03.285 [DEBUG] [org.gradle.api.internal.artifacts.ivyservice.ivyresolve.RepositoryChainComponentMetaDataResolver] Attempting to resolve component for org.apache.drill:drill-root:1.11.0-sidev-SNAPSHOT using repositories [MavenLocal, maven, maven2, maven3]
09:37:03.285 [DEBUG] [org.gradle.api.internal.artifacts.ivyservice.ivyresolve.RepositoryChainComponentMetaDataResolver] Using org.apache.drill:drill-root:1.11.0-sidev-SNAPSHOT from Maven repository 'MavenLocal'
09:37:03.288 [DEBUG] [org.gradle.api.internal.artifacts.ivyservice.ivyresolve.RepositoryChainComponentMetaDataResolver] Attempting to resolve component for org.apache:apache:14 using repositories [MavenLocal, maven, maven2, maven3]
09:37:03.288 [DEBUG] [org.gradle.api.internal.artifacts.ivyservice.ivyresolve.RepositoryChainComponentMetaDataResolver] Using org.apache:apache:14 from Maven repository 'MavenLocal'
09:37:03.293 [DEBUG] [org.gradle.api.internal.artifacts.repositories.resolver.DefaultExternalResourceArtifactResolver] Loading file:/Users/michaelmennis/.m2/repository/org/apache/drill/memory/drill-memory-base/1.11.0-sidev-SNAPSHOT/drill-memory-base-1.11.0-sidev-SNAPSHOT.jar
09:37:03.294 [DEBUG] [org.gradle.api.internal.artifacts.repositories.resolver.ExternalResourceResolver] Metadata file found for module 'org.apache.drill.memory:drill-memory-base:1.11.0-sidev-SNAPSHOT' in repository 'MavenLocal'.
09:37:03.294 [DEBUG] [org.gradle.api.internal.artifacts.ivyservice.ivyresolve.RepositoryChainComponentMetaDataResolver] Using org.apache.drill.memory:drill-memory-base:1.11.0-sidev-SNAPSHOT from Maven repository 'MavenLocal'
09:37:03.294 [DEBUG] [org.gradle.api.internal.artifacts.ivyservice.resolveengine.graph.DependencyGraphBuilder] Visiting dependency org.apache.drill.exec:drill-java-exec:1.11.0-sidev-SNAPSHOT(runtime) -> dependency: org.apache.drill.exec:vector:1.11.0-sidev-SNAPSHOT, scope: Compile, optional: false
09:37:03.294 [DEBUG] [io.spring.gradle.dependencymanagement.internal.VersionConfiguringAction] Processing dependency 'org.apache.drill.exec:vector:1.11.0-sidev-SNAPSHOT'
09:37:03.294 [DEBUG] [io.spring.gradle.dependencymanagement.internal.VersionConfiguringAction] No dependency management for dependency 'org.apache.drill.exec:vector:1.11.0-sidev-SNAPSHOT'
09:37:03.294 [DEBUG] [org.gradle.api.internal.artifacts.ivyservice.resolveengine.graph.DependencyGraphBuilder] Selecting new module version org.apache.drill.exec:vector:1.11.0-sidev-SNAPSHOT
09:37:03.294 [DEBUG] [org.gradle.api.internal.artifacts.ivyservice.ivyresolve.RepositoryChainComponentMetaDataResolver] Attempting to resolve component for org.apache.drill.exec:vector:1.11.0-sidev-SNAPSHOT using repositories [MavenLocal, maven, maven2, maven3]
09:37:03.295 [DEBUG] [org.gradle.api.internal.artifacts.repositories.resolver.DefaultExternalResourceArtifactResolver] Loading file:/Users/michaelmennis/.m2/repository/org/apache/drill/exec/vector/1.11.0-sidev-SNAPSHOT/vector-1.11.0-sidev-SNAPSHOT.pom
09:37:03.296 [DEBUG] [org.gradle.api.internal.artifacts.ivyservice.ivyresolve.RepositoryChainComponentMetaDataResolver] Attempting to resolve component for org.apache.drill.exec:exec-parent:1.11.0-sidev-SNAPSHOT using repositories [MavenLocal, maven, maven2, maven3]
09:37:03.296 [DEBUG] [org.gradle.api.internal.artifacts.ivyservice.ivyresolve.RepositoryChainComponentMetaDataResolver] Using org.apache.drill.exec:exec-parent:1.11.0-sidev-SNAPSHOT from Maven repository 'MavenLocal'
09:37:03.297 [DEBUG] [org.gradle.api.internal.artifacts.ivyservice.ivyresolve.RepositoryChainComponentMetaDataResolver] Attempting to resolve component for org.apache.drill:drill-root:1.11.0-sidev-SNAPSHOT using repositories [MavenLocal, maven, maven2, maven3]
09:37:03.297 [DEBUG] [org.gradle.api.internal.artifacts.ivyservice.ivyresolve.RepositoryChainComponentMetaDataResolver] Using org.apache.drill:drill-root:1.11.0-sidev-SNAPSHOT from Maven repository 'MavenLocal'
09:37:03.302 [DEBUG] [org.gradle.api.internal.artifacts.ivyservice.ivyresolve.RepositoryChainComponentMetaDataResolver] Attempting to resolve component for org.apache:apache:14 using repositories [MavenLocal, maven, maven2, maven3]
09:37:03.302 [DEBUG] [org.gradle.api.internal.artifacts.ivyservice.ivyresolve.RepositoryChainComponentMetaDataResolver] Using org.apache:apache:14 from Maven repository 'MavenLocal'
09:37:03.305 [DEBUG] [org.gradle.api.internal.artifacts.repositories.resolver.DefaultExternalResourceArtifactResolver] Loading file:/Users/michaelmennis/.m2/repository/org/apache/drill/exec/vector/1.11.0-sidev-SNAPSHOT/vector-1.11.0-sidev-SNAPSHOT.jar
09:37:03.305 [DEBUG] [org.gradle.api.internal.artifacts.repositories.resolver.ExternalResourceResolver] Metadata file found for module 'org.apache.drill.exec:vector:1.11.0-sidev-SNAPSHOT' in repository 'MavenLocal'.
09:37:03.305 [DEBUG] [org.gradle.api.internal.artifacts.ivyservice.ivyresolve.RepositoryChainComponentMetaDataResolver] Using org.apache.drill.exec:vector:1.11.0-sidev-SNAPSHOT from Maven repository 'MavenLocal'
09:37:03.307 [DEBUG] [org.gradle.api.internal.artifacts.ivyservice.resolveengine.graph.DependencyGraphBuilder] Visiting dependency org.apache.drill.exec:drill-java-exec:1.11.0-sidev-SNAPSHOT(runtime) -> dependency: org.apache.curator:curator-x-discovery:2.7.1, scope: Compile, optional: false
09:37:03.307 [DEBUG] [io.spring.gradle.dependencymanagement.internal.VersionConfiguringAction] Processing dependency 'org.apache.curator:curator-x-discovery:2.7.1'
09:37:03.308 [DEBUG] [io.spring.gradle.dependencymanagement.internal.VersionConfiguringAction] No dependency management for dependency 'org.apache.curator:curator-x-discovery:2.7.1'
09:37:03.308 [DEBUG] [org.gradle.api.internal.artifacts.ivyservice.resolveengine.graph.DependencyGraphBuilder] Selecting new module version org.apache.curator:curator-x-discovery:2.7.1
09:37:03.308 [DEBUG] [org.gradle.api.internal.artifacts.ivyservice.ivyresolve.RepositoryChainComponentMetaDataResolver] Attempting to resolve component for org.apache.curator:curator-x-discovery:2.7.1 using repositories [MavenLocal, maven, maven2, maven3]
09:37:03.308 [DEBUG] [org.gradle.api.internal.artifacts.repositories.resolver.DefaultExternalResourceArtifactResolver] Loading file:/Users/michaelmennis/.m2/repository/org/apache/curator/curator-x-discovery/2.7.1/curator-x-discovery-2.7.1.pom
09:37:03.309 [DEBUG] [org.gradle.api.internal.artifacts.ivyservice.ivyresolve.RepositoryChainComponentMetaDataResolver] Attempting to resolve component for org.apache.curator:apache-curator:2.7.1 using repositories [MavenLocal, maven, maven2, maven3]
09:37:03.309 [DEBUG] [org.gradle.api.internal.artifacts.ivyservice.ivyresolve.RepositoryChainComponentMetaDataResolver] Using org.apache.curator:apache-curator:2.7.1 from Maven repository 'MavenLocal'
09:37:03.311 [DEBUG] [org.gradle.api.internal.artifacts.ivyservice.ivyresolve.RepositoryChainComponentMetaDataResolver] Attempting to resolve component for org.apache:apache:14 using repositories [MavenLocal, maven, maven2, maven3]
09:37:03.311 [DEBUG] [org.gradle.api.internal.artifacts.ivyservice.ivyresolve.RepositoryChainComponentMetaDataResolver] Using org.apache:apache:14 from Maven repository 'MavenLocal'
09:37:03.314 [DEBUG] [org.gradle.api.internal.artifacts.repositories.resolver.DefaultExternalResourceArtifactResolver] Loading file:/Users/michaelmennis/.m2/repository/org/apache/curator/curator-x-discovery/2.7.1/curator-x-discovery-2.7.1.jar
09:37:03.314 [DEBUG] [org.gradle.api.internal.artifacts.repositories.resolver.ExternalResourceResolver] Metadata file found for module 'org.apache.curator:curator-x-discovery:2.7.1' in repository 'MavenLocal'.
09:37:03.314 [DEBUG] [org.gradle.api.internal.artifacts.ivyservice.ivyresolve.RepositoryChainComponentMetaDataResolver] Using org.apache.curator:curator-x-discovery:2.7.1 from Maven repository 'MavenLocal'
09:37:03.314 [DEBUG] [org.gradle.api.internal.artifacts.ivyservice.resolveengine.graph.DependencyGraphBuilder] Visiting dependency org.apache.drill.exec:drill-java-exec:1.11.0-sidev-SNAPSHOT(runtime) -> dependency: com.carrotsearch:hppc:0.7.1, scope: Compile, optional: false
09:37:03.314 [DEBUG] [io.spring.gradle.dependencymanagement.internal.VersionConfiguringAction] Processing dependency 'com.carrotsearch:hppc:0.7.1'
09:37:03.314 [DEBUG] [io.spring.gradle.dependencymanagement.internal.VersionConfiguringAction] No dependency management for dependency 'com.carrotsearch:hppc:0.7.1'
09:37:03.314 [DEBUG] [org.gradle.api.internal.artifacts.ivyservice.resolveengine.graph.DependencyGraphBuilder] Selecting new module version com.carrotsearch:hppc:0.7.1
09:37:03.314 [DEBUG] [org.gradle.api.internal.artifacts.ivyservice.ivyresolve.RepositoryChainComponentMetaDataResolver] Attempting to resolve component for com.carrotsearch:hppc:0.7.1 using repositories [MavenLocal, maven, maven2, maven3]
09:37:03.314 [DEBUG] [org.gradle.api.internal.artifacts.repositories.resolver.DefaultExternalResourceArtifactResolver] Loading file:/Users/michaelmennis/.m2/repository/com/carrotsearch/hppc/0.7.1/hppc-0.7.1.pom
09:37:03.316 [DEBUG] [org.gradle.api.internal.artifacts.ivyservice.ivyresolve.RepositoryChainComponentMetaDataResolver] Attempting to resolve component for com.carrotsearch:hppc-parent:0.7.1 using repositories [MavenLocal, maven, maven2, maven3]
09:37:03.316 [DEBUG] [org.gradle.api.internal.artifacts.repositories.resolver.DefaultExternalResourceArtifactResolver] Loading file:/Users/michaelmennis/.m2/repository/com/carrotsearch/hppc-parent/0.7.1/hppc-parent-0.7.1.pom
09:37:03.318 [DEBUG] [org.gradle.api.internal.artifacts.ivyservice.ivyresolve.RepositoryChainComponentMetaDataResolver] Attempting to resolve component for org.sonatype.oss:oss-parent:9 using repositories [MavenLocal, maven, maven2, maven3]
09:37:03.318 [DEBUG] [org.gradle.api.internal.artifacts.repositories.resolver.DefaultExternalResourceArtifactResolver] Loading file:/Users/michaelmennis/.m2/repository/org/sonatype/oss/oss-parent/9/oss-parent-9.pom
09:37:03.319 [DEBUG] [org.gradle.api.internal.artifacts.repositories.resolver.ExternalResourceResolver] Metadata file found for module 'org.sonatype.oss:oss-parent:9' in repository 'MavenLocal'.
09:37:03.319 [DEBUG] [org.gradle.api.internal.artifacts.ivyservice.ivyresolve.RepositoryChainComponentMetaDataResolver] Using org.sonatype.oss:oss-parent:9 from Maven repository 'MavenLocal'
09:37:03.319 [DEBUG] [org.gradle.api.internal.artifacts.repositories.resolver.DefaultExternalResourceArtifactResolver] Loading file:/Users/michaelmennis/.m2/repository/org/sonatype/oss/oss-parent/9/oss-parent-9.pom
09:37:03.320 [DEBUG] [org.gradle.api.internal.artifacts.repositories.resolver.ExternalResourceResolver] Metadata file found for module 'com.carrotsearch:hppc-parent:0.7.1' in repository 'MavenLocal'.
09:37:03.320 [DEBUG] [org.gradle.api.internal.artifacts.ivyservice.ivyresolve.RepositoryChainComponentMetaDataResolver] Using com.carrotsearch:hppc-parent:0.7.1 from Maven repository 'MavenLocal'
09:37:03.320 [DEBUG] [org.gradle.api.internal.artifacts.repositories.resolver.DefaultExternalResourceArtifactResolver] Loading file:/Users/michaelmennis/.m2/repository/com/carrotsearch/hppc-parent/0.7.1/hppc-parent-0.7.1.pom
09:37:03.321 [DEBUG] [org.gradle.api.internal.artifacts.ivyservice.ivyresolve.RepositoryChainComponentMetaDataResolver] Attempting to resolve component for org.sonatype.oss:oss-parent:9 using repositories [MavenLocal, maven, maven2, maven3]
09:37:03.328 [DEBUG] [org.gradle.api.internal.artifacts.ivyservice.ivyresolve.RepositoryChainComponentMetaDataResolver] Using org.sonatype.oss:oss-parent:9 from Maven repository 'MavenLocal'
09:37:03.335 [DEBUG] [org.gradle.api.internal.artifacts.repositories.resolver.DefaultExternalResourceArtifactResolver] Loading file:/Users/michaelmennis/.m2/repository/com/carrotsearch/hppc/0.7.1/hppc-0.7.1.jar
09:37:03.335 [DEBUG] [org.gradle.api.internal.artifacts.repositories.resolver.ExternalResourceResolver] Metadata file found for module 'com.carrotsearch:hppc:0.7.1' in repository 'MavenLocal'.
09:37:03.335 [DEBUG] [org.gradle.api.internal.artifacts.ivyservice.ivyresolve.RepositoryChainComponentMetaDataResolver] Using com.carrotsearch:hppc:0.7.1 from Maven repository 'MavenLocal'
09:37:03.335 [DEBUG] [org.gradle.api.internal.artifacts.ivyservice.resolveengine.graph.DependencyGraphBuilder] Visiting dependency org.apache.drill.exec:drill-java-exec:1.11.0-sidev-SNAPSHOT(runtime) -> dependency: com.google.protobuf:protobuf-java:2.5.0, scope: Compile, optional: false
09:37:03.335 [DEBUG] [org.gradle.api.internal.artifacts.ivyservice.resolveengine.graph.DependencyGraphBuilder] Visiting dependency org.apache.drill.exec:drill-java-exec:1.11.0-sidev-SNAPSHOT(runtime) -> dependency: joda-time:joda-time:2.9, scope: Compile, optional: false
09:37:03.335 [DEBUG] [io.spring.gradle.dependencymanagement.internal.VersionConfiguringAction] Processing dependency 'joda-time:joda-time:2.9'
09:37:03.335 [DEBUG] [io.spring.gradle.dependencymanagement.internal.DependencyManagementContainer] Found managed version '2.9.9' for dependency 'joda-time:joda-time' in global dependency management
09:37:03.336 [DEBUG] [io.spring.gradle.dependencymanagement.internal.VersionConfiguringAction] Using version '2.9.9' for dependency 'joda-time:joda-time:2.9'
09:37:03.336 [DEBUG] [org.gradle.api.internal.artifacts.ivyservice.resolveengine.graph.DependencyGraphBuilder] Selecting new module version joda-time:joda-time:2.9.9
09:37:03.336 [DEBUG] [org.gradle.api.internal.artifacts.ivyservice.ivyresolve.RepositoryChainComponentMetaDataResolver] Attempting to resolve component for joda-time:joda-time:2.9.9 using repositories [MavenLocal, maven, maven2, maven3]
09:37:03.336 [DEBUG] [org.gradle.api.internal.artifacts.repositories.resolver.DefaultExternalResourceArtifactResolver] Loading file:/Users/michaelmennis/.m2/repository/joda-time/joda-time/2.9.9/joda-time-2.9.9.pom
09:37:03.336 [DEBUG] [org.gradle.api.internal.artifacts.repositories.resolver.DefaultExternalResourceArtifactResolver] Loading file:/Users/michaelmennis/.m2/repository/joda-time/joda-time/2.9.9/joda-time-2.9.9.jar
09:37:03.336 [DEBUG] [org.gradle.api.internal.artifacts.repositories.resolver.ExternalResourceResolver] No meta-data file or artifact found for module 'joda-time:joda-time:2.9.9' in repository 'MavenLocal'.
09:37:03.336 [DEBUG] [org.gradle.api.internal.artifacts.ivyservice.ivyresolve.CachingModuleComponentRepository] Using cached module metadata for module 'joda-time:joda-time:2.9.9' in 'maven'
09:37:03.336 [DEBUG] [org.gradle.api.internal.artifacts.ivyservice.ivyresolve.RepositoryChainComponentMetaDataResolver] Using joda-time:joda-time:2.9.9 from Maven repository 'maven'
09:37:03.337 [DEBUG] [org.gradle.api.internal.artifacts.ivyservice.resolveengine.graph.DependencyGraphBuilder] Visiting dependency org.apache.drill.exec:drill-java-exec:1.11.0-sidev-SNAPSHOT(runtime) -> dependency: org.apache.hadoop:hadoop-common:2.7.1, scope: Compile, optional: false
09:37:03.337 [DEBUG] [io.spring.gradle.dependencymanagement.internal.VersionConfiguringAction] Processing dependency 'org.apache.hadoop:hadoop-common:2.7.1'
09:37:03.337 [DEBUG] [io.spring.gradle.dependencymanagement.internal.VersionConfiguringAction] No dependency management for dependency 'org.apache.hadoop:hadoop-common:2.7.1'
09:37:03.337 [DEBUG] [org.gradle.api.internal.artifacts.ivyservice.resolveengine.graph.DependencyGraphBuilder] Found new conflicting module version org.apache.hadoop:hadoop-common:2.7.1
09:37:03.337 [DEBUG] [org.gradle.api.internal.artifacts.ivyservice.resolveengine.graph.DependencyGraphBuilder] Visiting dependency org.apache.drill.exec:drill-java-exec:1.11.0-sidev-SNAPSHOT(runtime) -> dependency: org.apache.hadoop:hadoop-client:2.7.1, scope: Compile, optional: false
09:37:03.337 [DEBUG] [io.spring.gradle.dependencymanagement.internal.VersionConfiguringAction] Processing dependency 'org.apache.hadoop:hadoop-client:2.7.1'
09:37:03.337 [DEBUG] [io.spring.gradle.dependencymanagement.internal.VersionConfiguringAction] No dependency management for dependency 'org.apache.hadoop:hadoop-client:2.7.1'
09:37:03.337 [DEBUG] [org.gradle.api.internal.artifacts.ivyservice.resolveengine.graph.DependencyGraphBuilder] Selecting new module version org.apache.hadoop:hadoop-client:2.7.1
09:37:03.337 [DEBUG] [org.gradle.api.internal.artifacts.ivyservice.ivyresolve.RepositoryChainComponentMetaDataResolver] Attempting to resolve component for org.apache.hadoop:hadoop-client:2.7.1 using repositories [MavenLocal, maven, maven2, maven3]
09:37:03.337 [DEBUG] [org.gradle.api.internal.artifacts.repositories.resolver.DefaultExternalResourceArtifactResolver] Loading file:/Users/michaelmennis/.m2/repository/org/apache/hadoop/hadoop-client/2.7.1/hadoop-client-2.7.1.pom
09:37:03.338 [DEBUG] [org.gradle.api.internal.artifacts.ivyservice.ivyresolve.RepositoryChainComponentMetaDataResolver] Attempting to resolve component for org.apache.hadoop:hadoop-project-dist:2.7.1 using repositories [MavenLocal, maven, maven2, maven3]
09:37:03.338 [DEBUG] [org.gradle.api.internal.artifacts.repositories.resolver.DefaultExternalResourceArtifactResolver] Loading file:/Users/michaelmennis/.m2/repository/org/apache/hadoop/hadoop-project-dist/2.7.1/hadoop-project-dist-2.7.1.pom
09:37:03.340 [DEBUG] [org.gradle.api.internal.artifacts.ivyservice.ivyresolve.RepositoryChainComponentMetaDataResolver] Attempting to resolve component for org.apache.hadoop:hadoop-project:2.7.1 using repositories [MavenLocal, maven, maven2, maven3]
09:37:03.340 [DEBUG] [org.gradle.api.internal.artifacts.repositories.resolver.DefaultExternalResourceArtifactResolver] Loading file:/Users/michaelmennis/.m2/repository/org/apache/hadoop/hadoop-project/2.7.1/hadoop-project-2.7.1.pom
09:37:03.342 [DEBUG] [org.gradle.api.internal.artifacts.ivyservice.ivyresolve.RepositoryChainComponentMetaDataResolver] Attempting to resolve component for org.apache.hadoop:hadoop-main:2.7.1 using repositories [MavenLocal, maven, maven2, maven3]
09:37:03.342 [DEBUG] [org.gradle.api.internal.artifacts.repositories.resolver.DefaultExternalResourceArtifactResolver] Loading file:/Users/michaelmennis/.m2/repository/org/apache/hadoop/hadoop-main/2.7.1/hadoop-main-2.7.1.pom
09:37:03.344 [DEBUG] [org.gradle.api.internal.artifacts.repositories.resolver.ExternalResourceResolver] Metadata file found for module 'org.apache.hadoop:hadoop-main:2.7.1' in repository 'MavenLocal'.
09:37:03.344 [DEBUG] [org.gradle.api.internal.artifacts.ivyservice.ivyresolve.RepositoryChainComponentMetaDataResolver] Using org.apache.hadoop:hadoop-main:2.7.1 from Maven repository 'MavenLocal'
09:37:03.344 [DEBUG] [org.gradle.api.internal.artifacts.repositories.resolver.DefaultExternalResourceArtifactResolver] Loading file:/Users/michaelmennis/.m2/repository/org/apache/hadoop/hadoop-main/2.7.1/hadoop-main-2.7.1.pom
09:37:03.346 [DEBUG] [org.gradle.api.internal.artifacts.repositories.resolver.ExternalResourceResolver] Metadata file found for module 'org.apache.hadoop:hadoop-project:2.7.1' in repository 'MavenLocal'.
09:37:03.346 [DEBUG] [org.gradle.api.internal.artifacts.ivyservice.ivyresolve.RepositoryChainComponentMetaDataResolver] Using org.apache.hadoop:hadoop-project:2.7.1 from Maven repository 'MavenLocal'
09:37:03.346 [DEBUG] [org.gradle.api.internal.artifacts.repositories.resolver.DefaultExternalResourceArtifactResolver] Loading file:/Users/michaelmennis/.m2/repository/org/apache/hadoop/hadoop-project/2.7.1/hadoop-project-2.7.1.pom
09:37:03.349 [DEBUG] [org.gradle.api.internal.artifacts.ivyservice.ivyresolve.RepositoryChainComponentMetaDataResolver] Attempting to resolve component for org.apache.hadoop:hadoop-main:2.7.1 using repositories [MavenLocal, maven, maven2, maven3]
09:37:03.349 [DEBUG] [org.gradle.api.internal.artifacts.ivyservice.ivyresolve.RepositoryChainComponentMetaDataResolver] Using org.apache.hadoop:hadoop-main:2.7.1 from Maven repository 'MavenLocal'
09:37:03.360 [DEBUG] [org.gradle.api.internal.artifacts.repositories.resolver.ExternalResourceResolver] Metadata file found for module 'org.apache.hadoop:hadoop-project-dist:2.7.1' in repository 'MavenLocal'.
09:37:03.360 [DEBUG] [org.gradle.api.internal.artifacts.ivyservice.ivyresolve.RepositoryChainComponentMetaDataResolver] Using org.apache.hadoop:hadoop-project-dist:2.7.1 from Maven repository 'MavenLocal'
09:37:03.360 [DEBUG] [org.gradle.api.internal.artifacts.repositories.resolver.DefaultExternalResourceArtifactResolver] Loading file:/Users/michaelmennis/.m2/repository/org/apache/hadoop/hadoop-project-dist/2.7.1/hadoop-project-dist-2.7.1.pom
09:37:03.362 [DEBUG] [org.gradle.api.internal.artifacts.ivyservice.ivyresolve.RepositoryChainComponentMetaDataResolver] Attempting to resolve component for org.apache.hadoop:hadoop-project:2.7.1 using repositories [MavenLocal, maven, maven2, maven3]
09:37:03.362 [DEBUG] [org.gradle.api.internal.artifacts.ivyservice.ivyresolve.RepositoryChainComponentMetaDataResolver] Using org.apache.hadoop:hadoop-project:2.7.1 from Maven repository 'MavenLocal'
09:37:03.363 [DEBUG] [org.gradle.api.internal.artifacts.ivyservice.ivyresolve.RepositoryChainComponentMetaDataResolver] Attempting to resolve component for org.apache.hadoop:hadoop-main:2.7.1 using repositories [MavenLocal, maven, maven2, maven3]
09:37:03.363 [DEBUG] [org.gradle.api.internal.artifacts.ivyservice.ivyresolve.RepositoryChainComponentMetaDataResolver] Using org.apache.hadoop:hadoop-main:2.7.1 from Maven repository 'MavenLocal'
09:37:03.366 [DEBUG] [org.gradle.api.internal.artifacts.repositories.resolver.DefaultExternalResourceArtifactResolver] Loading file:/Users/michaelmennis/.m2/repository/org/apache/hadoop/hadoop-client/2.7.1/hadoop-client-2.7.1.jar
09:37:03.366 [DEBUG] [org.gradle.api.internal.artifacts.repositories.resolver.ExternalResourceResolver] Metadata file found for module 'org.apache.hadoop:hadoop-client:2.7.1' in repository 'MavenLocal'.
09:37:03.366 [DEBUG] [org.gradle.api.internal.artifacts.ivyservice.ivyresolve.RepositoryChainComponentMetaDataResolver] Using org.apache.hadoop:hadoop-client:2.7.1 from Maven repository 'MavenLocal'
09:37:03.366 [DEBUG] [org.gradle.api.internal.artifacts.ivyservice.resolveengine.graph.DependencyGraphBuilder] Visiting dependency org.apache.drill.exec:drill-java-exec:1.11.0-sidev-SNAPSHOT(runtime) -> dependency: io.netty:netty-handler:4.0.27.Final, scope: Compile, optional: false
09:37:03.366 [DEBUG] [io.spring.gradle.dependencymanagement.internal.VersionConfiguringAction] Processing dependency 'io.netty:netty-handler:4.0.27.Final'
09:37:03.366 [DEBUG] [io.spring.gradle.dependencymanagement.internal.VersionConfiguringAction] No dependency management for dependency 'io.netty:netty-handler:4.0.27.Final'
09:37:03.366 [DEBUG] [org.gradle.api.internal.artifacts.ivyservice.resolveengine.graph.DependencyGraphBuilder] Selecting new module version io.netty:netty-handler:4.0.27.Final
09:37:03.366 [DEBUG] [org.gradle.api.internal.artifacts.ivyservice.ivyresolve.RepositoryChainComponentMetaDataResolver] Attempting to resolve component for io.netty:netty-handler:4.0.27.Final using repositories [MavenLocal, maven, maven2, maven3]
09:37:03.366 [DEBUG] [org.gradle.api.internal.artifacts.repositories.resolver.DefaultExternalResourceArtifactResolver] Loading file:/Users/michaelmennis/.m2/repository/io/netty/netty-handler/4.0.27.Final/netty-handler-4.0.27.Final.pom
09:37:03.367 [DEBUG] [org.gradle.api.internal.artifacts.ivyservice.ivyresolve.RepositoryChainComponentMetaDataResolver] Attempting to resolve component for io.netty:netty-parent:4.0.27.Final using repositories [MavenLocal, maven, maven2, maven3]
09:37:03.368 [DEBUG] [org.gradle.api.internal.artifacts.repositories.resolver.DefaultExternalResourceArtifactResolver] Loading file:/Users/michaelmennis/.m2/repository/io/netty/netty-parent/4.0.27.Final/netty-parent-4.0.27.Final.pom
09:37:03.371 [DEBUG] [org.gradle.api.internal.artifacts.ivyservice.ivyresolve.RepositoryChainComponentMetaDataResolver] Attempting to resolve component for org.sonatype.oss:oss-parent:9 using repositories [MavenLocal, maven, maven2, maven3]
09:37:03.371 [DEBUG] [org.gradle.api.internal.artifacts.ivyservice.ivyresolve.RepositoryChainComponentMetaDataResolver] Using org.sonatype.oss:oss-parent:9 from Maven repository 'MavenLocal'
09:37:03.372 [DEBUG] [org.gradle.api.internal.artifacts.repositories.resolver.ExternalResourceResolver] Metadata file found for module 'io.netty:netty-parent:4.0.27.Final' in repository 'MavenLocal'.
09:37:03.372 [DEBUG] [org.gradle.api.internal.artifacts.ivyservice.ivyresolve.RepositoryChainComponentMetaDataResolver] Using io.netty:netty-parent:4.0.27.Final from Maven repository 'MavenLocal'
09:37:03.372 [DEBUG] [org.gradle.api.internal.artifacts.repositories.resolver.DefaultExternalResourceArtifactResolver] Loading file:/Users/michaelmennis/.m2/repository/io/netty/netty-parent/4.0.27.Final/netty-parent-4.0.27.Final.pom
09:37:03.374 [DEBUG] [org.gradle.api.internal.artifacts.ivyservice.ivyresolve.RepositoryChainComponentMetaDataResolver] Attempting to resolve component for org.sonatype.oss:oss-parent:9 using repositories [MavenLocal, maven, maven2, maven3]
09:37:03.374 [DEBUG] [org.gradle.api.internal.artifacts.ivyservice.ivyresolve.RepositoryChainComponentMetaDataResolver] Using org.sonatype.oss:oss-parent:9 from Maven repository 'MavenLocal'
09:37:03.376 [DEBUG] [org.gradle.api.internal.artifacts.repositories.resolver.DefaultExternalResourceArtifactResolver] Loading file:/Users/michaelmennis/.m2/repository/io/netty/netty-handler/4.0.27.Final/netty-handler-4.0.27.Final.jar
09:37:03.377 [DEBUG] [org.gradle.api.internal.artifacts.repositories.resolver.ExternalResourceResolver] Metadata file found for module 'io.netty:netty-handler:4.0.27.Final' in repository 'MavenLocal'.
09:37:03.377 [DEBUG] [org.gradle.api.internal.artifacts.ivyservice.ivyresolve.RepositoryChainComponentMetaDataResolver] Using io.netty:netty-handler:4.0.27.Final from Maven repository 'MavenLocal'
09:37:03.377 [DEBUG] [org.gradle.api.internal.artifacts.ivyservice.resolveengine.graph.DependencyGraphBuilder] Visiting dependency org.apache.drill.exec:drill-java-exec:1.11.0-sidev-SNAPSHOT(runtime) -> dependency: com.google.guava:guava:18.0, scope: Compile, optional: false
09:37:03.377 [DEBUG] [org.gradle.api.internal.artifacts.ivyservice.resolveengine.graph.DependencyGraphBuilder] Visiting dependency org.apache.drill.exec:drill-java-exec:1.11.0-sidev-SNAPSHOT(runtime) -> dependency: org.slf4j:slf4j-api:1.7.6, scope: Compile, optional: false
09:37:03.377 [DEBUG] [io.spring.gradle.dependencymanagement.internal.VersionConfiguringAction] Processing dependency 'org.slf4j:slf4j-api:1.7.6'
09:37:03.377 [DEBUG] [io.spring.gradle.dependencymanagement.internal.DependencyManagementContainer] Found managed version '1.7.25' for dependency 'org.slf4j:slf4j-api' in global dependency management
09:37:03.377 [DEBUG] [io.spring.gradle.dependencymanagement.internal.VersionConfiguringAction] Using version '1.7.25' for dependency 'org.slf4j:slf4j-api:1.7.6'
09:37:03.377 [DEBUG] [org.gradle.api.internal.artifacts.ivyservice.resolveengine.graph.DependencyGraphBuilder] Visiting dependency org.apache.drill.exec:drill-java-exec:1.11.0-sidev-SNAPSHOT(runtime) -> dependency: org.slf4j:jul-to-slf4j:1.7.6, scope: Compile, optional: false
09:37:03.377 [DEBUG] [io.spring.gradle.dependencymanagement.internal.VersionConfiguringAction] Processing dependency 'org.slf4j:jul-to-slf4j:1.7.6'
09:37:03.377 [DEBUG] [io.spring.gradle.dependencymanagement.internal.DependencyManagementContainer] Found managed version '1.7.25' for dependency 'org.slf4j:jul-to-slf4j' in global dependency management
09:37:03.377 [DEBUG] [io.spring.gradle.dependencymanagement.internal.VersionConfiguringAction] Using version '1.7.25' for dependency 'org.slf4j:jul-to-slf4j:1.7.6'
09:37:03.377 [DEBUG] [org.gradle.api.internal.artifacts.ivyservice.resolveengine.graph.DependencyGraphBuilder] Visiting dependency org.apache.drill.exec:drill-java-exec:1.11.0-sidev-SNAPSHOT(runtime) -> dependency: org.slf4j:jcl-over-slf4j:1.7.6, scope: Compile, optional: false
09:37:03.378 [DEBUG] [io.spring.gradle.dependencymanagement.internal.VersionConfiguringAction] Processing dependency 'org.slf4j:jcl-over-slf4j:1.7.6'
09:37:03.378 [DEBUG] [io.spring.gradle.dependencymanagement.internal.DependencyManagementContainer] Found managed version '1.7.25' for dependency 'org.slf4j:jcl-over-slf4j' in global dependency management
09:37:03.378 [DEBUG] [io.spring.gradle.dependencymanagement.internal.VersionConfiguringAction] Using version '1.7.25' for dependency 'org.slf4j:jcl-over-slf4j:1.7.6'
09:37:03.378 [DEBUG] [org.gradle.api.internal.artifacts.ivyservice.resolveengine.graph.DependencyGraphBuilder] Visiting dependency org.apache.drill.exec:drill-java-exec:1.11.0-sidev-SNAPSHOT(runtime) -> dependency: commons-io:commons-io:2.4, scope: Compile, optional: false
09:37:03.378 [DEBUG] [org.gradle.api.internal.artifacts.ivyservice.resolveengine.graph.DependencyGraphBuilder] Visiting dependency org.apache.drill.exec:drill-java-exec:1.11.0-sidev-SNAPSHOT(runtime) -> dependency: org.xerial.snappy:snappy-java:1.1.2.6, scope: Compile, optional: false
09:37:03.378 [DEBUG] [io.spring.gradle.dependencymanagement.internal.VersionConfiguringAction] Processing dependency 'org.xerial.snappy:snappy-java:1.1.2.6'
09:37:03.378 [DEBUG] [io.spring.gradle.dependencymanagement.internal.VersionConfiguringAction] No dependency management for dependency 'org.xerial.snappy:snappy-java:1.1.2.6'
09:37:03.378 [DEBUG] [org.gradle.api.internal.artifacts.ivyservice.resolveengine.graph.DependencyGraphBuilder] Selecting new module version org.xerial.snappy:snappy-java:1.1.2.6
09:37:03.378 [DEBUG] [org.gradle.api.internal.artifacts.ivyservice.ivyresolve.RepositoryChainComponentMetaDataResolver] Attempting to resolve component for org.xerial.snappy:snappy-java:1.1.2.6 using repositories [MavenLocal, maven, maven2, maven3]
09:37:03.378 [DEBUG] [org.gradle.api.internal.artifacts.repositories.resolver.DefaultExternalResourceArtifactResolver] Loading file:/Users/michaelmennis/.m2/repository/org/xerial/snappy/snappy-java/1.1.2.6/snappy-java-1.1.2.6.pom
09:37:03.379 [DEBUG] [org.gradle.api.internal.artifacts.repositories.resolver.DefaultExternalResourceArtifactResolver] Loading file:/Users/michaelmennis/.m2/repository/org/xerial/snappy/snappy-java/1.1.2.6/snappy-java-1.1.2.6.jar
09:37:03.380 [DEBUG] [org.gradle.api.internal.artifacts.repositories.resolver.ExternalResourceResolver] Metadata file found for module 'org.xerial.snappy:snappy-java:1.1.2.6' in repository 'MavenLocal'.
09:37:03.380 [DEBUG] [org.gradle.api.internal.artifacts.ivyservice.ivyresolve.RepositoryChainComponentMetaDataResolver] Using org.xerial.snappy:snappy-java:1.1.2.6 from Maven repository 'MavenLocal'
09:37:03.380 [DEBUG] [org.gradle.api.internal.artifacts.ivyservice.resolveengine.graph.DependencyGraphBuilder] Visiting configuration com.google.guava:guava:18.0(runtime).
09:37:03.380 [DEBUG] [org.gradle.api.internal.artifacts.ivyservice.resolveengine.graph.DependencyGraphBuilder] Changed edges for com.google.guava:guava:18.0(runtime) selects same versions as previous traversal. ignoring
09:37:03.380 [DEBUG] [org.gradle.api.internal.artifacts.ivyservice.resolveengine.graph.DependencyGraphBuilder] Visiting configuration xml-apis:xml-apis:1.4.01(runtime).
09:37:03.380 [DEBUG] [org.gradle.api.internal.artifacts.ivyservice.resolveengine.graph.DependencyGraphBuilder] Changed edges for xml-apis:xml-apis:1.4.01(runtime) selects same versions as previous traversal. ignoring
09:37:03.380 [DEBUG] [org.gradle.api.internal.artifacts.ivyservice.resolveengine.graph.DependencyGraphBuilder] Visiting configuration com.codahale.metrics:metrics-jvm:3.0.1(runtime).
09:37:03.380 [DEBUG] [org.gradle.api.internal.artifacts.ivyservice.resolveengine.graph.DependencyGraphBuilder] Visiting dependency com.codahale.metrics:metrics-jvm:3.0.1(runtime) -> dependency: com.codahale.metrics:metrics-core:3.0.1, scope: Compile, optional: false
09:37:03.380 [DEBUG] [io.spring.gradle.dependencymanagement.internal.VersionConfiguringAction] Processing dependency 'com.codahale.metrics:metrics-core:3.0.1'
09:37:03.380 [DEBUG] [io.spring.gradle.dependencymanagement.internal.VersionConfiguringAction] No dependency management for dependency 'com.codahale.metrics:metrics-core:3.0.1'
09:37:03.380 [DEBUG] [org.gradle.api.internal.artifacts.ivyservice.resolveengine.graph.DependencyGraphBuilder] Selecting new module version com.codahale.metrics:metrics-core:3.0.1
09:37:03.380 [DEBUG] [org.gradle.api.internal.artifacts.ivyservice.ivyresolve.RepositoryChainComponentMetaDataResolver] Attempting to resolve component for com.codahale.metrics:metrics-core:3.0.1 using repositories [MavenLocal, maven, maven2, maven3]
09:37:03.380 [DEBUG] [org.gradle.api.internal.artifacts.repositories.resolver.DefaultExternalResourceArtifactResolver] Loading file:/Users/michaelmennis/.m2/repository/com/codahale/metrics/metrics-core/3.0.1/metrics-core-3.0.1.pom
09:37:03.381 [DEBUG] [org.gradle.api.internal.artifacts.ivyservice.ivyresolve.RepositoryChainComponentMetaDataResolver] Attempting to resolve component for com.codahale.metrics:metrics-parent:3.0.1 using repositories [MavenLocal, maven, maven2, maven3]
09:37:03.381 [DEBUG] [org.gradle.api.internal.artifacts.ivyservice.ivyresolve.RepositoryChainComponentMetaDataResolver] Using com.codahale.metrics:metrics-parent:3.0.1 from Maven repository 'MavenLocal'
09:37:03.384 [DEBUG] [org.gradle.api.internal.artifacts.repositories.resolver.DefaultExternalResourceArtifactResolver] Loading file:/Users/michaelmennis/.m2/repository/com/codahale/metrics/metrics-core/3.0.1/metrics-core-3.0.1.jar
09:37:03.384 [DEBUG] [org.gradle.api.internal.artifacts.repositories.resolver.ExternalResourceResolver] Metadata file found for module 'com.codahale.metrics:metrics-core:3.0.1' in repository 'MavenLocal'.
09:37:03.384 [DEBUG] [org.gradle.api.internal.artifacts.ivyservice.ivyresolve.RepositoryChainComponentMetaDataResolver] Using com.codahale.metrics:metrics-core:3.0.1 from Maven repository 'MavenLocal'
09:37:03.384 [DEBUG] [org.gradle.api.internal.artifacts.ivyservice.resolveengine.graph.DependencyGraphBuilder] Visiting dependency com.codahale.metrics:metrics-jvm:3.0.1(runtime) -> dependency: org.slf4j:slf4j-api:1.7.5, scope: Compile, optional: false
09:37:03.385 [DEBUG] [io.spring.gradle.dependencymanagement.internal.VersionConfiguringAction] Processing dependency 'org.slf4j:slf4j-api:1.7.5'
09:37:03.385 [DEBUG] [io.spring.gradle.dependencymanagement.internal.DependencyManagementContainer] Found managed version '1.7.25' for dependency 'org.slf4j:slf4j-api' in global dependency management
09:37:03.385 [DEBUG] [io.spring.gradle.dependencymanagement.internal.VersionConfiguringAction] Using version '1.7.25' for dependency 'org.slf4j:slf4j-api:1.7.5'
09:37:03.385 [DEBUG] [org.gradle.api.internal.artifacts.ivyservice.resolveengine.graph.DependencyGraphBuilder] Visiting configuration commons-codec:commons-codec:1.10(runtime).
09:37:03.385 [DEBUG] [org.gradle.api.internal.artifacts.ivyservice.resolveengine.graph.DependencyGraphBuilder] Visiting configuration log4j:log4j:1.2.17(runtime).
09:37:03.385 [DEBUG] [org.gradle.api.internal.artifacts.ivyservice.resolveengine.graph.DependencyGraphBuilder] Visiting configuration org.slf4j:slf4j-log4j12:1.7.25(runtime).
09:37:03.385 [DEBUG] [org.gradle.api.internal.artifacts.ivyservice.resolveengine.graph.DependencyGraphBuilder] Visiting dependency org.slf4j:slf4j-log4j12:1.7.25(runtime) -> dependency: org.slf4j:slf4j-api:1.7.25, scope: Compile, optional: false
09:37:03.385 [DEBUG] [org.gradle.api.internal.artifacts.ivyservice.resolveengine.graph.DependencyGraphBuilder] Visiting dependency org.slf4j:slf4j-log4j12:1.7.25(runtime) -> dependency: log4j:log4j:1.2.17, scope: Compile, optional: false
09:37:03.385 [DEBUG] [org.gradle.api.internal.artifacts.ivyservice.resolveengine.graph.DependencyGraphBuilder] Visiting configuration org.apache.httpcomponents:httpclient:4.5.3(runtime).
09:37:03.385 [DEBUG] [org.gradle.api.internal.artifacts.ivyservice.resolveengine.graph.DependencyGraphBuilder] Visiting dependency org.apache.httpcomponents:httpclient:4.5.3(runtime) -> dependency: org.apache.httpcomponents:httpcore:4.4.6, scope: Compile, optional: false
09:37:03.385 [DEBUG] [io.spring.gradle.dependencymanagement.internal.VersionConfiguringAction] Processing dependency 'org.apache.httpcomponents:httpcore:4.4.6'
09:37:03.385 [DEBUG] [io.spring.gradle.dependencymanagement.internal.DependencyManagementContainer] Found managed version '4.4.6' for dependency 'org.apache.httpcomponents:httpcore' in global dependency management
09:37:03.386 [DEBUG] [io.spring.gradle.dependencymanagement.internal.VersionConfiguringAction] Using version '4.4.6' for dependency 'org.apache.httpcomponents:httpcore:4.4.6'
09:37:03.386 [DEBUG] [org.gradle.api.internal.artifacts.ivyservice.resolveengine.graph.DependencyGraphBuilder] Selecting new module version org.apache.httpcomponents:httpcore:4.4.6
09:37:03.386 [DEBUG] [org.gradle.api.internal.artifacts.ivyservice.ivyresolve.RepositoryChainComponentMetaDataResolver] Attempting to resolve component for org.apache.httpcomponents:httpcore:4.4.6 using repositories [MavenLocal, maven, maven2, maven3]
09:37:03.386 [DEBUG] [org.gradle.api.internal.artifacts.repositories.resolver.DefaultExternalResourceArtifactResolver] Loading file:/Users/michaelmennis/.m2/repository/org/apache/httpcomponents/httpcore/4.4.6/httpcore-4.4.6.pom
09:37:03.386 [DEBUG] [org.gradle.api.internal.artifacts.repositories.resolver.DefaultExternalResourceArtifactResolver] Loading file:/Users/michaelmennis/.m2/repository/org/apache/httpcomponents/httpcore/4.4.6/httpcore-4.4.6.jar
09:37:03.386 [DEBUG] [org.gradle.api.internal.artifacts.repositories.resolver.ExternalResourceResolver] No meta-data file or artifact found for module 'org.apache.httpcomponents:httpcore:4.4.6' in repository 'MavenLocal'.
09:37:03.386 [DEBUG] [org.gradle.api.internal.artifacts.ivyservice.ivyresolve.CachingModuleComponentRepository] Using cached module metadata for module 'org.apache.httpcomponents:httpcore:4.4.6' in 'maven'
09:37:03.386 [DEBUG] [org.gradle.api.internal.artifacts.ivyservice.ivyresolve.RepositoryChainComponentMetaDataResolver] Using org.apache.httpcomponents:httpcore:4.4.6 from Maven repository 'maven'
09:37:03.388 [DEBUG] [org.gradle.api.internal.artifacts.ivyservice.resolveengine.graph.DependencyGraphBuilder] Visiting dependency org.apache.httpcomponents:httpclient:4.5.3(runtime) -> dependency: commons-logging:commons-logging:1.2, scope: Compile, optional: false
09:37:03.388 [DEBUG] [org.gradle.api.internal.artifacts.ivyservice.resolveengine.graph.DependencyGraphBuilder] Visiting dependency org.apache.httpcomponents:httpclient:4.5.3(runtime) -> dependency: commons-codec:commons-codec:1.9, scope: Compile, optional: false
09:37:03.388 [DEBUG] [io.spring.gradle.dependencymanagement.internal.VersionConfiguringAction] Processing dependency 'commons-codec:commons-codec:1.9'
09:37:03.388 [DEBUG] [io.spring.gradle.dependencymanagement.internal.DependencyManagementContainer] Found managed version '1.10' for dependency 'commons-codec:commons-codec' in global dependency management
09:37:03.388 [DEBUG] [io.spring.gradle.dependencymanagement.internal.VersionConfiguringAction] Using version '1.10' for dependency 'commons-codec:commons-codec:1.9'
09:37:03.388 [DEBUG] [org.gradle.api.internal.artifacts.ivyservice.resolveengine.graph.DependencyGraphBuilder] Visiting configuration org.apache.zookeeper:zookeeper:3.4.5-mapr-1503(runtime).
09:37:03.388 [DEBUG] [org.gradle.api.internal.artifacts.ivyservice.resolveengine.graph.DependencyGraphBuilder] org.jboss.netty:netty is excluded from org.apache.zookeeper:zookeeper:3.4.5-mapr-1503(runtime).
09:37:03.388 [DEBUG] [org.gradle.api.internal.artifacts.ivyservice.resolveengine.graph.DependencyGraphBuilder] Visiting dependency org.apache.zookeeper:zookeeper:3.4.5-mapr-1503(runtime) -> dependency: org.slf4j:slf4j-api:1.6.1, scope: Compile, optional: false
09:37:03.388 [DEBUG] [io.spring.gradle.dependencymanagement.internal.VersionConfiguringAction] Processing dependency 'org.slf4j:slf4j-api:1.6.1'
09:37:03.388 [DEBUG] [io.spring.gradle.dependencymanagement.internal.DependencyManagementContainer] Found managed version '1.7.25' for dependency 'org.slf4j:slf4j-api' in global dependency management
09:37:03.388 [DEBUG] [io.spring.gradle.dependencymanagement.internal.VersionConfiguringAction] Using version '1.7.25' for dependency 'org.slf4j:slf4j-api:1.6.1'
09:37:03.388 [DEBUG] [org.gradle.api.internal.artifacts.ivyservice.resolveengine.graph.DependencyGraphBuilder] Visiting dependency org.apache.zookeeper:zookeeper:3.4.5-mapr-1503(runtime) -> dependency: org.slf4j:slf4j-log4j12:1.6.1, scope: Compile, optional: false
09:37:03.388 [DEBUG] [io.spring.gradle.dependencymanagement.internal.VersionConfiguringAction] Processing dependency 'org.slf4j:slf4j-log4j12:1.6.1'
09:37:03.388 [DEBUG] [io.spring.gradle.dependencymanagement.internal.DependencyManagementContainer] Found managed version '1.7.25' for dependency 'org.slf4j:slf4j-log4j12' in global dependency management
09:37:03.388 [DEBUG] [io.spring.gradle.dependencymanagement.internal.VersionConfiguringAction] Using version '1.7.25' for dependency 'org.slf4j:slf4j-log4j12:1.6.1'
09:37:03.388 [DEBUG] [org.gradle.api.internal.artifacts.ivyservice.resolveengine.graph.DependencyGraphBuilder] Visiting dependency org.apache.zookeeper:zookeeper:3.4.5-mapr-1503(runtime) -> dependency: log4j:log4j:1.2.15, scope: Compile, optional: false
09:37:03.389 [DEBUG] [io.spring.gradle.dependencymanagement.internal.VersionConfiguringAction] Processing dependency 'log4j:log4j:1.2.15'
09:37:03.389 [DEBUG] [io.spring.gradle.dependencymanagement.internal.VersionConfiguringAction] No dependency management for dependency 'log4j:log4j:1.2.15'
09:37:03.389 [DEBUG] [org.gradle.api.internal.artifacts.ivyservice.resolveengine.graph.DependencyGraphBuilder] Found new conflicting module version log4j:log4j:1.2.15
09:37:03.389 [DEBUG] [org.gradle.api.internal.artifacts.ivyservice.resolveengine.graph.DependencyGraphBuilder] Visiting dependency org.apache.zookeeper:zookeeper:3.4.5-mapr-1503(runtime) -> dependency: jline:jline:0.9.94, scope: Compile, optional: false
09:37:03.389 [DEBUG] [io.spring.gradle.dependencymanagement.internal.VersionConfiguringAction] Processing dependency 'jline:jline:0.9.94'
09:37:03.389 [DEBUG] [io.spring.gradle.dependencymanagement.internal.VersionConfiguringAction] No dependency management for dependency 'jline:jline:0.9.94'
09:37:03.389 [DEBUG] [org.gradle.api.internal.artifacts.ivyservice.resolveengine.graph.DependencyGraphBuilder] Selecting new module version jline:jline:0.9.94
09:37:03.389 [DEBUG] [org.gradle.api.internal.artifacts.ivyservice.ivyresolve.RepositoryChainComponentMetaDataResolver] Attempting to resolve component for jline:jline:0.9.94 using repositories [MavenLocal, maven, maven2, maven3]
09:37:03.389 [DEBUG] [org.gradle.api.internal.artifacts.repositories.resolver.DefaultExternalResourceArtifactResolver] Loading file:/Users/michaelmennis/.m2/repository/jline/jline/0.9.94/jline-0.9.94.pom
09:37:03.390 [DEBUG] [org.gradle.api.internal.artifacts.repositories.resolver.DefaultExternalResourceArtifactResolver] Loading file:/Users/michaelmennis/.m2/repository/jline/jline/0.9.94/jline-0.9.94.jar
09:37:03.390 [DEBUG] [org.gradle.api.internal.artifacts.repositories.resolver.ExternalResourceResolver] Metadata file found for module 'jline:jline:0.9.94' in repository 'MavenLocal'.
09:37:03.391 [DEBUG] [org.gradle.api.internal.artifacts.ivyservice.ivyresolve.RepositoryChainComponentMetaDataResolver] Using jline:jline:0.9.94 from Maven repository 'MavenLocal'
09:37:03.391 [DEBUG] [org.gradle.api.internal.artifacts.ivyservice.resolveengine.graph.DependencyGraphBuilder] Visiting configuration org.apache.curator:curator-framework:2.7.1(runtime).
09:37:03.391 [DEBUG] [org.gradle.api.internal.artifacts.ivyservice.resolveengine.graph.DependencyGraphBuilder] Visiting dependency org.apache.curator:curator-framework:2.7.1(runtime) -> dependency: org.apache.curator:curator-client:2.7.1, scope: Compile, optional: false
09:37:03.391 [DEBUG] [org.gradle.api.internal.artifacts.ivyservice.resolveengine.graph.DependencyGraphBuilder] Visiting dependency org.apache.curator:curator-framework:2.7.1(runtime) -> dependency: org.apache.zookeeper:zookeeper:3.4.6, scope: Compile, optional: false
09:37:03.391 [DEBUG] [io.spring.gradle.dependencymanagement.internal.VersionConfiguringAction] Processing dependency 'org.apache.zookeeper:zookeeper:3.4.6'
09:37:03.391 [DEBUG] [io.spring.gradle.dependencymanagement.internal.VersionConfiguringAction] No dependency management for dependency 'org.apache.zookeeper:zookeeper:3.4.6'
09:37:03.391 [DEBUG] [org.gradle.api.internal.artifacts.ivyservice.resolveengine.graph.DependencyGraphBuilder] Found new conflicting module version org.apache.zookeeper:zookeeper:3.4.6
09:37:03.391 [DEBUG] [org.gradle.api.internal.artifacts.ivyservice.resolveengine.graph.DependencyGraphBuilder] Visiting dependency org.apache.curator:curator-framework:2.7.1(runtime) -> dependency: com.google.guava:guava:16.0.1, scope: Compile, optional: false
09:37:03.391 [DEBUG] [io.spring.gradle.dependencymanagement.internal.VersionConfiguringAction] Processing dependency 'com.google.guava:guava:16.0.1'
09:37:03.391 [DEBUG] [io.spring.gradle.dependencymanagement.internal.DependencyManagementContainer] Found managed version '18.0' for dependency 'com.google.guava:guava' in dependency management for configuration 'runtime'
09:37:03.391 [DEBUG] [io.spring.gradle.dependencymanagement.internal.VersionConfiguringAction] Using version '18.0' for dependency 'com.google.guava:guava:16.0.1'
09:37:03.391 [DEBUG] [org.gradle.api.internal.artifacts.ivyservice.resolveengine.graph.DependencyGraphBuilder] Visiting configuration org.apache.hadoop:hadoop-annotations:2.7.0-mapr-1506-SNAPSHOT(runtime).
09:37:03.391 [DEBUG] [org.gradle.api.internal.artifacts.ivyservice.resolveengine.graph.DependencyGraphBuilder] org.apache.hadoop:hadoop-annotations:2.7.0-mapr-1506-SNAPSHOT(runtime) has no incoming edges. ignoring.
09:37:03.391 [DEBUG] [org.gradle.api.internal.artifacts.ivyservice.resolveengine.graph.DependencyGraphBuilder] Visiting configuration commons-cli:commons-cli:1.2(runtime).
09:37:03.392 [DEBUG] [org.gradle.api.internal.artifacts.ivyservice.resolveengine.graph.DependencyGraphBuilder] commons-cli:commons-cli:1.2(runtime) has no incoming edges. ignoring.
09:37:03.392 [DEBUG] [org.gradle.api.internal.artifacts.ivyservice.resolveengine.graph.DependencyGraphBuilder] Visiting configuration org.apache.commons:commons-math3:3.1.1(runtime).
09:37:03.392 [DEBUG] [org.gradle.api.internal.artifacts.ivyservice.resolveengine.graph.DependencyGraphBuilder] org.apache.commons:commons-math3:3.1.1(runtime) has no incoming edges. ignoring.
09:37:03.392 [DEBUG] [org.gradle.api.internal.artifacts.ivyservice.resolveengine.graph.DependencyGraphBuilder] Visiting configuration xmlenc:xmlenc:0.52(runtime).
09:37:03.392 [DEBUG] [org.gradle.api.internal.artifacts.ivyservice.resolveengine.graph.DependencyGraphBuilder] xmlenc:xmlenc:0.52(runtime) has no incoming edges. ignoring.
09:37:03.392 [DEBUG] [org.gradle.api.internal.artifacts.ivyservice.resolveengine.graph.DependencyGraphBuilder] Visiting configuration commons-httpclient:commons-httpclient:3.1(runtime).
09:37:03.392 [DEBUG] [org.gradle.api.internal.artifacts.ivyservice.resolveengine.graph.DependencyGraphBuilder] commons-httpclient:commons-httpclient:3.1(runtime) has no incoming edges. ignoring.
09:37:03.392 [DEBUG] [org.gradle.api.internal.artifacts.ivyservice.resolveengine.graph.DependencyGraphBuilder] Visiting configuration commons-io:commons-io:2.4(runtime).
09:37:03.392 [DEBUG] [org.gradle.api.internal.artifacts.ivyservice.resolveengine.graph.DependencyGraphBuilder] Visiting configuration commons-net:commons-net:3.1(runtime).
09:37:03.392 [DEBUG] [org.gradle.api.internal.artifacts.ivyservice.resolveengine.graph.DependencyGraphBuilder] commons-net:commons-net:3.1(runtime) has no incoming edges. ignoring.
09:37:03.392 [DEBUG] [org.gradle.api.internal.artifacts.ivyservice.resolveengine.graph.DependencyGraphBuilder] Visiting configuration commons-collections:commons-collections:3.2.2(runtime).
09:37:03.392 [DEBUG] [org.gradle.api.internal.artifacts.ivyservice.resolveengine.graph.DependencyGraphBuilder] commons-collections:commons-collections:3.2.2(runtime) has no incoming edges. ignoring.
09:37:03.392 [DEBUG] [org.gradle.api.internal.artifacts.ivyservice.resolveengine.graph.DependencyGraphBuilder] Visiting configuration commons-lang:commons-lang:2.6(runtime).
09:37:03.392 [DEBUG] [org.gradle.api.internal.artifacts.ivyservice.resolveengine.graph.DependencyGraphBuilder] Changed edges for commons-lang:commons-lang:2.6(runtime) selects same versions as previous traversal. ignoring
09:37:03.392 [DEBUG] [org.gradle.api.internal.artifacts.ivyservice.resolveengine.graph.DependencyGraphBuilder] Visiting configuration commons-configuration:commons-configuration:1.6(runtime).
09:37:03.392 [DEBUG] [org.gradle.api.internal.artifacts.ivyservice.resolveengine.graph.DependencyGraphBuilder] commons-configuration:commons-configuration:1.6(runtime) has no incoming edges. ignoring.
09:37:03.392 [DEBUG] [org.gradle.api.internal.artifacts.ivyservice.resolveengine.graph.DependencyGraphBuilder] Visiting configuration org.codehaus.jackson:jackson-core-asl:1.9.13(runtime).
09:37:03.392 [DEBUG] [org.gradle.api.internal.artifacts.ivyservice.resolveengine.graph.DependencyGraphBuilder] org.codehaus.jackson:jackson-core-asl:1.9.13(runtime) has no incoming edges. ignoring.
09:37:03.392 [DEBUG] [org.gradle.api.internal.artifacts.ivyservice.resolveengine.graph.DependencyGraphBuilder] Visiting configuration org.codehaus.jackson:jackson-mapper-asl:1.9.13(runtime).
09:37:03.392 [DEBUG] [org.gradle.api.internal.artifacts.ivyservice.resolveengine.graph.DependencyGraphBuilder] org.codehaus.jackson:jackson-mapper-asl:1.9.13(runtime) has no incoming edges. ignoring.
09:37:03.392 [DEBUG] [org.gradle.api.internal.artifacts.ivyservice.resolveengine.graph.DependencyGraphBuilder] Visiting configuration com.google.code.gson:gson:2.8.0(runtime).
09:37:03.392 [DEBUG] [org.gradle.api.internal.artifacts.ivyservice.resolveengine.graph.DependencyGraphBuilder] com.google.code.gson:gson:2.8.0(runtime) has no incoming edges. ignoring.
09:37:03.392 [DEBUG] [org.gradle.api.internal.artifacts.ivyservice.resolveengine.graph.DependencyGraphBuilder] Visiting configuration org.apache.hadoop:hadoop-auth:2.7.0-mapr-1506-SNAPSHOT(runtime).
09:37:03.393 [DEBUG] [org.gradle.api.internal.artifacts.ivyservice.resolveengine.graph.DependencyGraphBuilder] Changed edges for org.apache.hadoop:hadoop-auth:2.7.0-mapr-1506-SNAPSHOT(runtime) selects same versions as previous traversal. ignoring
09:37:03.393 [DEBUG] [org.gradle.api.internal.artifacts.ivyservice.resolveengine.graph.DependencyGraphBuilder] Visiting configuration org.apache.curator:curator-client:2.7.1(runtime).
09:37:03.393 [DEBUG] [org.gradle.api.internal.artifacts.ivyservice.resolveengine.graph.DependencyGraphBuilder] Visiting dependency org.apache.curator:curator-client:2.7.1(runtime) -> dependency: org.slf4j:slf4j-api:1.7.6, scope: Compile, optional: false
09:37:03.393 [DEBUG] [org.gradle.api.internal.artifacts.ivyservice.resolveengine.graph.DependencyGraphBuilder] Visiting dependency org.apache.curator:curator-client:2.7.1(runtime) -> dependency: org.apache.zookeeper:zookeeper:3.4.6, scope: Compile, optional: false
09:37:03.393 [DEBUG] [org.gradle.api.internal.artifacts.ivyservice.resolveengine.graph.DependencyGraphBuilder] Visiting dependency org.apache.curator:curator-client:2.7.1(runtime) -> dependency: com.google.guava:guava:16.0.1, scope: Compile, optional: false
09:37:03.393 [DEBUG] [org.gradle.api.internal.artifacts.ivyservice.resolveengine.graph.DependencyGraphBuilder] Visiting configuration org.apache.curator:curator-recipes:2.7.1(runtime).
09:37:03.393 [DEBUG] [org.gradle.api.internal.artifacts.ivyservice.resolveengine.graph.DependencyGraphBuilder] org.apache.curator:curator-recipes:2.7.1(runtime) has no incoming edges. ignoring.
09:37:03.393 [DEBUG] [org.gradle.api.internal.artifacts.ivyservice.resolveengine.graph.DependencyGraphBuilder] Visiting configuration org.apache.htrace:htrace-core:3.1.0-incubating(runtime).
09:37:03.393 [DEBUG] [org.gradle.api.internal.artifacts.ivyservice.resolveengine.graph.DependencyGraphBuilder] org.apache.htrace:htrace-core:3.1.0-incubating(runtime) has no incoming edges. ignoring.
09:37:03.393 [DEBUG] [org.gradle.api.internal.artifacts.ivyservice.resolveengine.graph.DependencyGraphBuilder] Visiting configuration org.apache.commons:commons-compress:1.4.1(runtime).
09:37:03.393 [DEBUG] [org.gradle.api.internal.artifacts.ivyservice.resolveengine.graph.DependencyGraphBuilder] org.apache.commons:commons-compress:1.4.1(runtime) has no incoming edges. ignoring.
09:37:03.393 [DEBUG] [org.gradle.api.internal.artifacts.ivyservice.resolveengine.graph.DependencyGraphBuilder] Visiting configuration org.springframework:spring-core:4.3.9.RELEASE(runtime).
09:37:03.393 [DEBUG] [org.gradle.api.internal.artifacts.ivyservice.resolveengine.graph.DependencyGraphBuilder] Changed edges for org.springframework:spring-core:4.3.9.RELEASE(runtime) selects same versions as previous traversal. ignoring
09:37:03.393 [DEBUG] [org.gradle.api.internal.artifacts.ivyservice.resolveengine.graph.DependencyGraphBuilder] Visiting configuration org.codehaus.groovy:groovy:2.4.11(runtime).
09:37:03.393 [DEBUG] [org.gradle.api.internal.artifacts.ivyservice.resolveengine.graph.DependencyGraphBuilder] Changed edges for org.codehaus.groovy:groovy:2.4.11(runtime) selects same versions as previous traversal. ignoring
09:37:03.393 [DEBUG] [org.gradle.api.internal.artifacts.ivyservice.resolveengine.graph.DependencyGraphBuilder] Visiting configuration org.codehaus.groovy:groovy-xml:2.4.11(runtime).
09:37:03.394 [DEBUG] [org.gradle.api.internal.artifacts.ivyservice.resolveengine.graph.DependencyGraphBuilder] Visiting dependency org.codehaus.groovy:groovy-xml:2.4.11(runtime) -> dependency: org.codehaus.groovy:groovy:2.4.11, scope: Compile, optional: false
09:37:03.394 [DEBUG] [org.gradle.api.internal.artifacts.ivyservice.resolveengine.graph.DependencyGraphBuilder] Visiting configuration org.codehaus.groovy:groovy:2.4.11(runtime).
09:37:03.394 [DEBUG] [org.gradle.api.internal.artifacts.ivyservice.resolveengine.graph.DependencyGraphBuilder] Changed edges for org.codehaus.groovy:groovy:2.4.11(runtime) selects same versions as previous traversal. ignoring
09:37:03.394 [DEBUG] [org.gradle.api.internal.artifacts.ivyservice.resolveengine.graph.DependencyGraphBuilder] Visiting configuration org.springframework.boot:spring-boot:1.5.4.RELEASE(runtime).
09:37:03.394 [DEBUG] [org.gradle.api.internal.artifacts.ivyservice.resolveengine.graph.DependencyGraphBuilder] Changed edges for org.springframework.boot:spring-boot:1.5.4.RELEASE(runtime) selects same versions as previous traversal. ignoring
09:37:03.394 [DEBUG] [org.gradle.api.internal.artifacts.ivyservice.resolveengine.graph.DependencyGraphBuilder] Visiting configuration ch.qos.logback:logback-classic:1.1.11(runtime).
09:37:03.394 [DEBUG] [org.gradle.api.internal.artifacts.ivyservice.resolveengine.graph.DependencyGraphBuilder] Changed edges for ch.qos.logback:logback-classic:1.1.11(runtime) selects same versions as previous traversal. ignoring
09:37:03.394 [DEBUG] [org.gradle.api.internal.artifacts.ivyservice.resolveengine.graph.DependencyGraphBuilder] Visiting configuration org.slf4j:jcl-over-slf4j:1.7.25(runtime).
09:37:03.394 [DEBUG] [org.gradle.api.internal.artifacts.ivyservice.resolveengine.graph.DependencyGraphBuilder] Changed edges for org.slf4j:jcl-over-slf4j:1.7.25(runtime) selects same versions as previous traversal. ignoring
09:37:03.394 [DEBUG] [org.gradle.api.internal.artifacts.ivyservice.resolveengine.graph.DependencyGraphBuilder] Visiting configuration org.slf4j:jul-to-slf4j:1.7.25(runtime).
09:37:03.394 [DEBUG] [org.gradle.api.internal.artifacts.ivyservice.resolveengine.graph.DependencyGraphBuilder] Changed edges for org.slf4j:jul-to-slf4j:1.7.25(runtime) selects same versions as previous traversal. ignoring
09:37:03.394 [DEBUG] [org.gradle.api.internal.artifacts.ivyservice.resolveengine.graph.DependencyGraphBuilder] Visiting configuration org.slf4j:log4j-over-slf4j:1.7.25(runtime).
09:37:03.394 [DEBUG] [org.gradle.api.internal.artifacts.ivyservice.resolveengine.graph.DependencyGraphBuilder] Changed edges for org.slf4j:log4j-over-slf4j:1.7.25(runtime) selects same versions as previous traversal. ignoring
09:37:03.394 [DEBUG] [org.gradle.api.internal.artifacts.ivyservice.resolveengine.graph.DependencyGraphBuilder] Visiting configuration org.slf4j:slf4j-api:1.7.25(runtime).
09:37:03.394 [DEBUG] [org.gradle.api.internal.artifacts.ivyservice.resolveengine.graph.DependencyGraphBuilder] Changed edges for org.slf4j:slf4j-api:1.7.25(runtime) selects same versions as previous traversal. ignoring
09:37:03.394 [DEBUG] [org.gradle.api.internal.artifacts.ivyservice.resolveengine.graph.DependencyGraphBuilder] Visiting configuration org.codehaus.groovy:groovy-json:2.4.11(runtime).
09:37:03.395 [DEBUG] [org.gradle.api.internal.artifacts.ivyservice.resolveengine.graph.DependencyGraphBuilder] Visiting dependency org.codehaus.groovy:groovy-json:2.4.11(runtime) -> dependency: org.codehaus.groovy:groovy:2.4.11, scope: Compile, optional: false
09:37:03.395 [DEBUG] [org.gradle.api.internal.artifacts.ivyservice.resolveengine.graph.DependencyGraphBuilder] Visiting configuration org.grails:grails-taglib:3.3.0(runtime).
09:37:03.395 [DEBUG] [org.gradle.api.internal.artifacts.ivyservice.resolveengine.graph.DependencyGraphBuilder] Visiting dependency org.grails:grails-taglib:3.3.0(runtime) -> dependency: org.codehaus.groovy:groovy:2.4.11, scope: Runtime, optional: false
09:37:03.395 [DEBUG] [org.gradle.api.internal.artifacts.ivyservice.resolveengine.graph.DependencyGraphBuilder] Visiting dependency org.grails:grails-taglib:3.3.0(runtime) -> dependency: org.slf4j:slf4j-api:1.7.22, scope: Runtime, optional: false
09:37:03.395 [DEBUG] [org.gradle.api.internal.artifacts.ivyservice.resolveengine.graph.DependencyGraphBuilder] Visiting dependency org.grails:grails-taglib:3.3.0(runtime) -> dependency: org.grails:grails-core:3.2.10, scope: Runtime, optional: false
09:37:03.395 [DEBUG] [org.gradle.api.internal.artifacts.ivyservice.resolveengine.graph.DependencyGraphBuilder] Visiting dependency org.grails:grails-taglib:3.3.0(runtime) -> dependency: org.grails:grails-encoder:3.2.10, scope: Runtime, optional: false
09:37:03.395 [DEBUG] [io.spring.gradle.dependencymanagement.internal.VersionConfiguringAction] Processing dependency 'org.grails:grails-encoder:3.2.10'
09:37:03.395 [DEBUG] [io.spring.gradle.dependencymanagement.internal.DependencyManagementContainer] Found managed version '3.3.0' for dependency 'org.grails:grails-encoder' in global dependency management
09:37:03.395 [DEBUG] [io.spring.gradle.dependencymanagement.internal.VersionConfiguringAction] Using version '3.3.0' for dependency 'org.grails:grails-encoder:3.2.10'
09:37:03.395 [DEBUG] [org.gradle.api.internal.artifacts.ivyservice.resolveengine.graph.DependencyGraphBuilder] Visiting configuration org.codehaus.groovy:groovy-templates:2.4.11(runtime).
09:37:03.395 [DEBUG] [org.gradle.api.internal.artifacts.ivyservice.resolveengine.graph.DependencyGraphBuilder] Changed edges for org.codehaus.groovy:groovy-templates:2.4.11(runtime) selects same versions as previous traversal. ignoring
09:37:03.395 [DEBUG] [org.gradle.api.internal.artifacts.ivyservice.resolveengine.graph.DependencyGraphBuilder] Visiting configuration org.springframework:spring-aop:4.3.9.RELEASE(runtime).
09:37:03.395 [DEBUG] [org.gradle.api.internal.artifacts.ivyservice.resolveengine.graph.DependencyGraphBuilder] Changed edges for org.springframework:spring-aop:4.3.9.RELEASE(runtime) selects same versions as previous traversal. ignoring
09:37:03.395 [DEBUG] [org.gradle.api.internal.artifacts.ivyservice.resolveengine.graph.DependencyGraphBuilder] Visiting configuration org.springframework:spring-beans:4.3.9.RELEASE(runtime).
09:37:03.395 [DEBUG] [org.gradle.api.internal.artifacts.ivyservice.resolveengine.graph.DependencyGraphBuilder] Changed edges for org.springframework:spring-beans:4.3.9.RELEASE(runtime) selects same versions as previous traversal. ignoring
09:37:03.395 [DEBUG] [org.gradle.api.internal.artifacts.ivyservice.resolveengine.graph.DependencyGraphBuilder] Visiting configuration org.springframework:spring-context:4.3.9.RELEASE(runtime).
09:37:03.395 [DEBUG] [org.gradle.api.internal.artifacts.ivyservice.resolveengine.graph.DependencyGraphBuilder] Changed edges for org.springframework:spring-context:4.3.9.RELEASE(runtime) selects same versions as previous traversal. ignoring
09:37:03.395 [DEBUG] [org.gradle.api.internal.artifacts.ivyservice.resolveengine.graph.DependencyGraphBuilder] Visiting configuration org.springframework:spring-expression:4.3.9.RELEASE(runtime).
09:37:03.395 [DEBUG] [org.gradle.api.internal.artifacts.ivyservice.resolveengine.graph.DependencyGraphBuilder] Changed edges for org.springframework:spring-expression:4.3.9.RELEASE(runtime) selects same versions as previous traversal. ignoring
09:37:03.396 [DEBUG] [org.gradle.api.internal.artifacts.ivyservice.resolveengine.graph.DependencyGraphBuilder] Visiting configuration org.grails:grails-databinding:3.3.0(runtime).
09:37:03.396 [DEBUG] [org.gradle.api.internal.artifacts.ivyservice.resolveengine.graph.DependencyGraphBuilder] Changed edges for org.grails:grails-databinding:3.3.0(runtime) selects same versions as previous traversal. ignoring
09:37:03.396 [DEBUG] [org.gradle.api.internal.artifacts.ivyservice.resolveengine.graph.DependencyGraphBuilder] Visiting configuration org.grails:grails-web-common:3.3.0(runtime).
09:37:03.396 [DEBUG] [org.gradle.api.internal.artifacts.ivyservice.resolveengine.graph.DependencyGraphBuilder] Changed edges for org.grails:grails-web-common:3.3.0(runtime) selects same versions as previous traversal. ignoring
09:37:03.396 [DEBUG] [org.gradle.api.internal.artifacts.ivyservice.resolveengine.graph.DependencyGraphBuilder] Visiting configuration org.grails:grails-datastore-core:6.1.6.RELEASE(runtime).
09:37:03.396 [DEBUG] [org.gradle.api.internal.artifacts.ivyservice.resolveengine.graph.DependencyGraphBuilder] Changed edges for org.grails:grails-datastore-core:6.1.6.RELEASE(runtime) selects same versions as previous traversal. ignoring
09:37:03.396 [DEBUG] [org.gradle.api.internal.artifacts.ivyservice.resolveengine.graph.DependencyGraphBuilder] Visiting configuration com.googlecode.concurrentlinkedhashmap:concurrentlinkedhashmap-lru:1.4.2(runtime).
09:37:03.397 [DEBUG] [org.gradle.api.internal.artifacts.ivyservice.resolveengine.graph.DependencyGraphBuilder] Changed edges for com.googlecode.concurrentlinkedhashmap:concurrentlinkedhashmap-lru:1.4.2(runtime) selects same versions as previous traversal. ignoring
09:37:03.397 [DEBUG] [org.gradle.api.internal.artifacts.ivyservice.resolveengine.graph.DependencyGraphBuilder] Visiting configuration org.grails:grails-web-url-mappings:3.3.0(runtime).
09:37:03.397 [DEBUG] [org.gradle.api.internal.artifacts.ivyservice.resolveengine.graph.DependencyGraphBuilder] Changed edges for org.grails:grails-web-url-mappings:3.3.0(runtime) selects same versions as previous traversal. ignoring
09:37:03.397 [DEBUG] [org.gradle.api.internal.artifacts.ivyservice.resolveengine.graph.DependencyGraphBuilder] Visiting configuration org.grails:grails-gsp:3.3.0(runtime).
09:37:03.397 [DEBUG] [org.gradle.api.internal.artifacts.ivyservice.resolveengine.graph.DependencyGraphBuilder] Changed edges for org.grails:grails-gsp:3.3.0(runtime) selects same versions as previous traversal. ignoring
09:37:03.397 [DEBUG] [org.gradle.api.internal.artifacts.ivyservice.resolveengine.graph.DependencyGraphBuilder] Visiting configuration org.grails:grails-web-taglib:3.3.0(runtime).
09:37:03.397 [DEBUG] [org.gradle.api.internal.artifacts.ivyservice.resolveengine.graph.DependencyGraphBuilder] Visiting dependency org.grails:grails-web-taglib:3.3.0(runtime) -> dependency: org.codehaus.groovy:groovy:2.4.11, scope: Runtime, optional: false
09:37:03.397 [DEBUG] [org.gradle.api.internal.artifacts.ivyservice.resolveengine.graph.DependencyGraphBuilder] Visiting dependency org.grails:grails-web-taglib:3.3.0(runtime) -> dependency: org.slf4j:slf4j-api:1.7.22, scope: Runtime, optional: false
09:37:03.398 [DEBUG] [org.gradle.api.internal.artifacts.ivyservice.resolveengine.graph.DependencyGraphBuilder] Visiting dependency org.grails:grails-web-taglib:3.3.0(runtime) -> dependency: org.grails:grails-web-common:3.2.10, scope: Runtime, optional: false
09:37:03.398 [DEBUG] [org.gradle.api.internal.artifacts.ivyservice.resolveengine.graph.DependencyGraphBuilder] Visiting dependency org.grails:grails-web-taglib:3.3.0(runtime) -> dependency: org.grails:grails-taglib:3.3.0, scope: Runtime, optional: false
09:37:03.398 [DEBUG] [org.gradle.api.internal.artifacts.ivyservice.resolveengine.graph.DependencyGraphBuilder] Visiting configuration opensymphony:sitemesh:2.4(runtime).
09:37:03.398 [DEBUG] [org.gradle.api.internal.artifacts.ivyservice.resolveengine.graph.DependencyGraphBuilder] Visiting configuration org.grails:grails-web:3.3.0(runtime).
09:37:03.398 [DEBUG] [org.gradle.api.internal.artifacts.ivyservice.resolveengine.graph.DependencyGraphBuilder] Changed edges for org.grails:grails-web:3.3.0(runtime) selects same versions as previous traversal. ignoring
09:37:03.398 [DEBUG] [org.gradle.api.internal.artifacts.ivyservice.resolveengine.graph.DependencyGraphBuilder] Visiting configuration org.grails:grails-core:3.3.0(runtime).
09:37:03.398 [DEBUG] [org.gradle.api.internal.artifacts.ivyservice.resolveengine.graph.DependencyGraphBuilder] Changed edges for org.grails:grails-core:3.3.0(runtime) selects same versions as previous traversal. ignoring
09:37:03.398 [DEBUG] [org.gradle.api.internal.artifacts.ivyservice.resolveengine.graph.DependencyGraphBuilder] Visiting configuration org.grails:grails-spring:3.3.0(runtime).
09:37:03.398 [DEBUG] [org.gradle.api.internal.artifacts.ivyservice.resolveengine.graph.DependencyGraphBuilder] Visiting dependency org.grails:grails-spring:3.3.0(runtime) -> dependency: org.codehaus.groovy:groovy:2.4.11, scope: Runtime, optional: false
09:37:03.398 [DEBUG] [org.gradle.api.internal.artifacts.ivyservice.resolveengine.graph.DependencyGraphBuilder] Visiting dependency org.grails:grails-spring:3.3.0(runtime) -> dependency: org.slf4j:slf4j-api:1.7.22, scope: Runtime, optional: false
09:37:03.398 [DEBUG] [org.gradle.api.internal.artifacts.ivyservice.resolveengine.graph.DependencyGraphBuilder] Visiting dependency org.grails:grails-spring:3.3.0(runtime) -> dependency: org.slf4j:jcl-over-slf4j:1.7.22, scope: Runtime, optional: false
09:37:03.398 [DEBUG] [org.gradle.api.internal.artifacts.ivyservice.resolveengine.graph.DependencyGraphBuilder] Visiting dependency org.grails:grails-spring:3.3.0(runtime) -> dependency: org.springframework:spring-tx:4.3.9.RELEASE, scope: Runtime, optional: false
09:37:03.398 [DEBUG] [org.gradle.api.internal.artifacts.ivyservice.resolveengine.graph.DependencyGraphBuilder] Visiting dependency org.grails:grails-spring:3.3.0(runtime) -> dependency: org.springframework:spring-web:4.3.9.RELEASE, scope: Runtime, optional: false
09:37:03.398 [DEBUG] [org.gradle.api.internal.artifacts.ivyservice.resolveengine.graph.DependencyGraphBuilder] Visiting dependency org.grails:grails-spring:3.3.0(runtime) -> dependency: org.grails:grails-bootstrap:3.3.0, scope: Runtime, optional: false
09:37:03.398 [DEBUG] [org.gradle.api.internal.artifacts.ivyservice.resolveengine.graph.DependencyGraphBuilder] Visiting configuration org.slf4j:jcl-over-slf4j:1.7.25(runtime).
09:37:03.398 [DEBUG] [org.gradle.api.internal.artifacts.ivyservice.resolveengine.graph.DependencyGraphBuilder] Changed edges for org.slf4j:jcl-over-slf4j:1.7.25(runtime) selects same versions as previous traversal. ignoring
09:37:03.398 [DEBUG] [org.gradle.api.internal.artifacts.ivyservice.resolveengine.graph.DependencyGraphBuilder] Visiting configuration org.grails:grails-datastore-gorm-support:6.1.6.RELEASE(runtime).
09:37:03.398 [DEBUG] [org.gradle.api.internal.artifacts.ivyservice.resolveengine.graph.DependencyGraphBuilder] Changed edges for org.grails:grails-datastore-gorm-support:6.1.6.RELEASE(runtime) selects same versions as previous traversal. ignoring
09:37:03.399 [DEBUG] [org.gradle.api.internal.artifacts.ivyservice.resolveengine.graph.DependencyGraphBuilder] Visiting configuration org.springframework:spring-tx:4.3.9.RELEASE(runtime).
09:37:03.399 [DEBUG] [org.gradle.api.internal.artifacts.ivyservice.resolveengine.graph.DependencyGraphBuilder] Changed edges for org.springframework:spring-tx:4.3.9.RELEASE(runtime) selects same versions as previous traversal. ignoring
09:37:03.399 [DEBUG] [org.gradle.api.internal.artifacts.ivyservice.resolveengine.graph.DependencyGraphBuilder] Visiting configuration commons-validator:commons-validator:1.5.1(runtime).
09:37:03.399 [DEBUG] [org.gradle.api.internal.artifacts.ivyservice.resolveengine.graph.DependencyGraphBuilder] commons-beanutils:commons-beanutils is excluded from commons-validator:commons-validator:1.5.1(runtime).
09:37:03.399 [DEBUG] [org.gradle.api.internal.artifacts.ivyservice.resolveengine.graph.DependencyGraphBuilder] commons-digester:commons-digester is excluded from commons-validator:commons-validator:1.5.1(runtime).
09:37:03.399 [DEBUG] [org.gradle.api.internal.artifacts.ivyservice.resolveengine.graph.DependencyGraphBuilder] commons-logging:commons-logging is excluded from commons-validator:commons-validator:1.5.1(runtime).
09:37:03.399 [DEBUG] [org.gradle.api.internal.artifacts.ivyservice.resolveengine.graph.DependencyGraphBuilder] Visiting dependency commons-validator:commons-validator:1.5.1(runtime) -> dependency: commons-collections:commons-collections:3.2.2, scope: Compile, optional: false
09:37:03.399 [DEBUG] [org.gradle.api.internal.artifacts.ivyservice.resolveengine.graph.DependencyGraphBuilder] Visiting configuration org.grails:grails-datastore-gorm:6.1.6.RELEASE(runtime).
09:37:03.399 [DEBUG] [org.gradle.api.internal.artifacts.ivyservice.resolveengine.graph.DependencyGraphBuilder] Changed edges for org.grails:grails-datastore-gorm:6.1.6.RELEASE(runtime) selects same versions as previous traversal. ignoring
09:37:03.399 [DEBUG] [org.gradle.api.internal.artifacts.ivyservice.resolveengine.graph.DependencyGraphBuilder] Visiting configuration org.springframework:spring-jdbc:4.3.9.RELEASE(runtime).
09:37:03.402 [DEBUG] [org.gradle.api.internal.artifacts.ivyservice.resolveengine.graph.DependencyGraphBuilder] Changed edges for org.springframework:spring-jdbc:4.3.9.RELEASE(runtime) selects same versions as previous traversal. ignoring
09:37:03.402 [DEBUG] [org.gradle.api.internal.artifacts.ivyservice.resolveengine.graph.DependencyGraphBuilder] Visiting configuration org.springframework:spring-orm:4.3.9.RELEASE(runtime).
09:37:03.402 [DEBUG] [org.gradle.api.internal.artifacts.ivyservice.resolveengine.graph.DependencyGraphBuilder] Changed edges for org.springframework:spring-orm:4.3.9.RELEASE(runtime) selects same versions as previous traversal. ignoring
09:37:03.403 [DEBUG] [org.gradle.api.internal.artifacts.ivyservice.resolveengine.graph.DependencyGraphBuilder] Visiting configuration org.javassist:javassist:3.21.0-GA(runtime).
09:37:03.403 [DEBUG] [org.gradle.api.internal.artifacts.ivyservice.resolveengine.graph.DependencyGraphBuilder] Changed edges for org.javassist:javassist:3.21.0-GA(runtime) selects same versions as previous traversal. ignoring
09:37:03.403 [DEBUG] [org.gradle.api.internal.artifacts.ivyservice.resolveengine.graph.DependencyGraphBuilder] Visiting configuration javax.validation:validation-api:1.1.0.Final(runtime).
09:37:03.403 [DEBUG] [org.gradle.api.internal.artifacts.ivyservice.resolveengine.graph.DependencyGraphBuilder] Visiting configuration com.fasterxml:classmate:1.3.3(runtime).
09:37:03.403 [DEBUG] [org.gradle.api.internal.artifacts.ivyservice.resolveengine.graph.DependencyGraphBuilder] Changed edges for com.fasterxml:classmate:1.3.3(runtime) selects same versions as previous traversal. ignoring
09:37:03.403 [DEBUG] [org.gradle.api.internal.artifacts.ivyservice.resolveengine.graph.DependencyGraphBuilder] Visiting configuration org.apache.commons:commons-pool2:2.4.2(runtime).
09:37:03.403 [DEBUG] [org.gradle.api.internal.artifacts.ivyservice.resolveengine.graph.DependencyGraphBuilder] Visiting configuration com.univocity:univocity-parsers:1.3.0(runtime).
09:37:03.403 [DEBUG] [org.gradle.api.internal.artifacts.ivyservice.resolveengine.graph.DependencyGraphBuilder] Visiting configuration org.apache.commons:commons-math:2.2(runtime).
09:37:03.403 [DEBUG] [org.gradle.api.internal.artifacts.ivyservice.resolveengine.graph.DependencyGraphBuilder] Visiting configuration com.thoughtworks.paranamer:paranamer:2.5.6(runtime).
09:37:03.403 [DEBUG] [org.gradle.api.internal.artifacts.ivyservice.resolveengine.graph.DependencyGraphBuilder] org.mockito:mockito-all is excluded from com.thoughtworks.paranamer:paranamer:2.5.6(runtime).
09:37:03.403 [DEBUG] [org.gradle.api.internal.artifacts.ivyservice.resolveengine.graph.DependencyGraphBuilder] Visiting configuration xalan:xalan:2.7.1(runtime).
09:37:03.403 [DEBUG] [org.gradle.api.internal.artifacts.ivyservice.resolveengine.graph.DependencyGraphBuilder] Changed edges for xalan:xalan:2.7.1(runtime) selects same versions as previous traversal. ignoring
09:37:03.403 [DEBUG] [org.gradle.api.internal.artifacts.ivyservice.resolveengine.graph.DependencyGraphBuilder] Visiting configuration com.fasterxml.jackson.jaxrs:jackson-jaxrs-json-provider:2.8.8(runtime).
09:37:03.403 [DEBUG] [org.gradle.api.internal.artifacts.ivyservice.resolveengine.graph.DependencyGraphBuilder] Visiting dependency com.fasterxml.jackson.jaxrs:jackson-jaxrs-json-provider:2.8.8(runtime) -> dependency: com.fasterxml.jackson.jaxrs:jackson-jaxrs-base:2.8.8, scope: Compile, optional: false
09:37:03.403 [DEBUG] [io.spring.gradle.dependencymanagement.internal.VersionConfiguringAction] Processing dependency 'com.fasterxml.jackson.jaxrs:jackson-jaxrs-base:2.8.8'
09:37:03.403 [DEBUG] [io.spring.gradle.dependencymanagement.internal.DependencyManagementContainer] Found managed version '2.8.8' for dependency 'com.fasterxml.jackson.jaxrs:jackson-jaxrs-base' in global dependency management
09:37:03.403 [DEBUG] [io.spring.gradle.dependencymanagement.internal.VersionConfiguringAction] Using version '2.8.8' for dependency 'com.fasterxml.jackson.jaxrs:jackson-jaxrs-base:2.8.8'
09:37:03.403 [DEBUG] [org.gradle.api.internal.artifacts.ivyservice.resolveengine.graph.DependencyGraphBuilder] Selecting new module version com.fasterxml.jackson.jaxrs:jackson-jaxrs-base:2.8.8
09:37:03.403 [DEBUG] [org.gradle.api.internal.artifacts.ivyservice.ivyresolve.RepositoryChainComponentMetaDataResolver] Attempting to resolve component for com.fasterxml.jackson.jaxrs:jackson-jaxrs-base:2.8.8 using repositories [MavenLocal, maven, maven2, maven3]
09:37:03.403 [DEBUG] [org.gradle.api.internal.artifacts.repositories.resolver.DefaultExternalResourceArtifactResolver] Loading file:/Users/michaelmennis/.m2/repository/com/fasterxml/jackson/jaxrs/jackson-jaxrs-base/2.8.8/jackson-jaxrs-base-2.8.8.pom
09:37:03.404 [DEBUG] [org.gradle.api.internal.artifacts.repositories.resolver.DefaultExternalResourceArtifactResolver] Loading file:/Users/michaelmennis/.m2/repository/com/fasterxml/jackson/jaxrs/jackson-jaxrs-base/2.8.8/jackson-jaxrs-base-2.8.8.jar
09:37:03.404 [DEBUG] [org.gradle.api.internal.artifacts.repositories.resolver.ExternalResourceResolver] No meta-data file or artifact found for module 'com.fasterxml.jackson.jaxrs:jackson-jaxrs-base:2.8.8' in repository 'MavenLocal'.
09:37:03.404 [DEBUG] [org.gradle.api.internal.artifacts.ivyservice.ivyresolve.CachingModuleComponentRepository] Using cached module metadata for module 'com.fasterxml.jackson.jaxrs:jackson-jaxrs-base:2.8.8' in 'maven'
09:37:03.404 [DEBUG] [org.gradle.api.internal.artifacts.ivyservice.ivyresolve.RepositoryChainComponentMetaDataResolver] Using com.fasterxml.jackson.jaxrs:jackson-jaxrs-base:2.8.8 from Maven repository 'maven'
09:37:03.404 [DEBUG] [org.gradle.api.internal.artifacts.ivyservice.resolveengine.graph.DependencyGraphBuilder] Visiting dependency com.fasterxml.jackson.jaxrs:jackson-jaxrs-json-provider:2.8.8(runtime) -> dependency: com.fasterxml.jackson.core:jackson-core:2.8.8, scope: Compile, optional: false
09:37:03.404 [DEBUG] [org.gradle.api.internal.artifacts.ivyservice.resolveengine.graph.DependencyGraphBuilder] Visiting dependency com.fasterxml.jackson.jaxrs:jackson-jaxrs-json-provider:2.8.8(runtime) -> dependency: com.fasterxml.jackson.core:jackson-databind:2.8.8, scope: Compile, optional: false
09:37:03.404 [DEBUG] [org.gradle.api.internal.artifacts.ivyservice.resolveengine.graph.DependencyGraphBuilder] Visiting dependency com.fasterxml.jackson.jaxrs:jackson-jaxrs-json-provider:2.8.8(runtime) -> dependency: com.fasterxml.jackson.module:jackson-module-jaxb-annotations:2.8.8, scope: Compile, optional: false
09:37:03.404 [DEBUG] [io.spring.gradle.dependencymanagement.internal.VersionConfiguringAction] Processing dependency 'com.fasterxml.jackson.module:jackson-module-jaxb-annotations:2.8.8'
09:37:03.404 [DEBUG] [io.spring.gradle.dependencymanagement.internal.DependencyManagementContainer] Found managed version '2.8.8' for dependency 'com.fasterxml.jackson.module:jackson-module-jaxb-annotations' in global dependency management
09:37:03.404 [DEBUG] [io.spring.gradle.dependencymanagement.internal.VersionConfiguringAction] Using version '2.8.8' for dependency 'com.fasterxml.jackson.module:jackson-module-jaxb-annotations:2.8.8'
09:37:03.404 [DEBUG] [org.gradle.api.internal.artifacts.ivyservice.resolveengine.graph.DependencyGraphBuilder] Selecting new module version com.fasterxml.jackson.module:jackson-module-jaxb-annotations:2.8.8
09:37:03.405 [DEBUG] [org.gradle.api.internal.artifacts.ivyservice.ivyresolve.RepositoryChainComponentMetaDataResolver] Attempting to resolve component for com.fasterxml.jackson.module:jackson-module-jaxb-annotations:2.8.8 using repositories [MavenLocal, maven, maven2, maven3]
09:37:03.405 [DEBUG] [org.gradle.api.internal.artifacts.repositories.resolver.DefaultExternalResourceArtifactResolver] Loading file:/Users/michaelmennis/.m2/repository/com/fasterxml/jackson/module/jackson-module-jaxb-annotations/2.8.8/jackson-module-jaxb-annotations-2.8.8.pom
09:37:03.405 [DEBUG] [org.gradle.api.internal.artifacts.repositories.resolver.DefaultExternalResourceArtifactResolver] Loading file:/Users/michaelmennis/.m2/repository/com/fasterxml/jackson/module/jackson-module-jaxb-annotations/2.8.8/jackson-module-jaxb-annotations-2.8.8.jar
09:37:03.405 [DEBUG] [org.gradle.api.internal.artifacts.repositories.resolver.ExternalResourceResolver] No meta-data file or artifact found for module 'com.fasterxml.jackson.module:jackson-module-jaxb-annotations:2.8.8' in repository 'MavenLocal'.
09:37:03.405 [DEBUG] [org.gradle.api.internal.artifacts.ivyservice.ivyresolve.CachingModuleComponentRepository] Using cached module metadata for module 'com.fasterxml.jackson.module:jackson-module-jaxb-annotations:2.8.8' in 'maven'
09:37:03.405 [DEBUG] [org.gradle.api.internal.artifacts.ivyservice.ivyresolve.RepositoryChainComponentMetaDataResolver] Using com.fasterxml.jackson.module:jackson-module-jaxb-annotations:2.8.8 from Maven repository 'maven'
09:37:03.405 [DEBUG] [org.gradle.api.internal.artifacts.ivyservice.resolveengine.graph.DependencyGraphBuilder] Visiting configuration com.fasterxml.jackson.module:jackson-module-afterburner:2.8.8(runtime).
09:37:03.405 [DEBUG] [org.gradle.api.internal.artifacts.ivyservice.resolveengine.graph.DependencyGraphBuilder] Visiting dependency com.fasterxml.jackson.module:jackson-module-afterburner:2.8.8(runtime) -> dependency: com.fasterxml.jackson.core:jackson-core:2.8.8, scope: Compile, optional: false
09:37:03.405 [DEBUG] [org.gradle.api.internal.artifacts.ivyservice.resolveengine.graph.DependencyGraphBuilder] Visiting dependency com.fasterxml.jackson.module:jackson-module-afterburner:2.8.8(runtime) -> dependency: com.fasterxml.jackson.core:jackson-databind:2.8.8, scope: Compile, optional: false
09:37:03.405 [DEBUG] [org.gradle.api.internal.artifacts.ivyservice.resolveengine.graph.DependencyGraphBuilder] Visiting configuration org.apache.drill:drill-protocol:1.11.0-sidev-SNAPSHOT(runtime).
09:37:03.405 [DEBUG] [org.gradle.api.internal.artifacts.ivyservice.resolveengine.graph.DependencyGraphBuilder] org.slf4j:log4j-over-slf4j is excluded from org.apache.drill:drill-protocol:1.11.0-sidev-SNAPSHOT(runtime).
09:37:03.405 [DEBUG] [org.gradle.api.internal.artifacts.ivyservice.resolveengine.graph.DependencyGraphBuilder] org.mockito:mockito-core is excluded from org.apache.drill:drill-protocol:1.11.0-sidev-SNAPSHOT(runtime).
09:37:03.405 [DEBUG] [org.gradle.api.internal.artifacts.ivyservice.resolveengine.graph.DependencyGraphBuilder] Visiting dependency org.apache.drill:drill-protocol:1.11.0-sidev-SNAPSHOT(runtime) -> dependency: com.google.protobuf:protobuf-java:2.5.0, scope: Compile, optional: false
09:37:03.406 [DEBUG] [org.gradle.api.internal.artifacts.ivyservice.resolveengine.graph.DependencyGraphBuilder] Visiting dependency org.apache.drill:drill-protocol:1.11.0-sidev-SNAPSHOT(runtime) -> dependency: com.dyuproject.protostuff:protostuff-core:1.0.8, scope: Compile, optional: false
09:37:03.406 [DEBUG] [io.spring.gradle.dependencymanagement.internal.VersionConfiguringAction] Processing dependency 'com.dyuproject.protostuff:protostuff-core:1.0.8'
09:37:03.406 [DEBUG] [io.spring.gradle.dependencymanagement.internal.VersionConfiguringAction] No dependency management for dependency 'com.dyuproject.protostuff:protostuff-core:1.0.8'
09:37:03.406 [DEBUG] [org.gradle.api.internal.artifacts.ivyservice.resolveengine.graph.DependencyGraphBuilder] Selecting new module version com.dyuproject.protostuff:protostuff-core:1.0.8
09:37:03.406 [DEBUG] [org.gradle.api.internal.artifacts.ivyservice.ivyresolve.RepositoryChainComponentMetaDataResolver] Attempting to resolve component for com.dyuproject.protostuff:protostuff-core:1.0.8 using repositories [MavenLocal, maven, maven2, maven3]
09:37:03.406 [DEBUG] [org.gradle.api.internal.artifacts.repositories.resolver.DefaultExternalResourceArtifactResolver] Loading file:/Users/michaelmennis/.m2/repository/com/dyuproject/protostuff/protostuff-core/1.0.8/protostuff-core-1.0.8.pom
09:37:03.407 [DEBUG] [org.gradle.api.internal.artifacts.ivyservice.ivyresolve.RepositoryChainComponentMetaDataResolver] Attempting to resolve component for com.dyuproject.protostuff:protostuff:1.0.8 using repositories [MavenLocal, maven, maven2, maven3]
09:37:03.408 [DEBUG] [org.gradle.api.internal.artifacts.repositories.resolver.DefaultExternalResourceArtifactResolver] Loading file:/Users/michaelmennis/.m2/repository/com/dyuproject/protostuff/protostuff/1.0.8/protostuff-1.0.8.pom
09:37:03.409 [DEBUG] [org.gradle.api.internal.artifacts.repositories.resolver.ExternalResourceResolver] Metadata file found for module 'com.dyuproject.protostuff:protostuff:1.0.8' in repository 'MavenLocal'.
09:37:03.409 [DEBUG] [org.gradle.api.internal.artifacts.ivyservice.ivyresolve.RepositoryChainComponentMetaDataResolver] Using com.dyuproject.protostuff:protostuff:1.0.8 from Maven repository 'MavenLocal'
09:37:03.409 [DEBUG] [org.gradle.api.internal.artifacts.repositories.resolver.DefaultExternalResourceArtifactResolver] Loading file:/Users/michaelmennis/.m2/repository/com/dyuproject/protostuff/protostuff/1.0.8/protostuff-1.0.8.pom
09:37:03.411 [DEBUG] [org.gradle.api.internal.artifacts.repositories.resolver.DefaultExternalResourceArtifactResolver] Loading file:/Users/michaelmennis/.m2/repository/com/dyuproject/protostuff/protostuff-core/1.0.8/protostuff-core-1.0.8.jar
09:37:03.411 [DEBUG] [org.gradle.api.internal.artifacts.repositories.resolver.ExternalResourceResolver] Metadata file found for module 'com.dyuproject.protostuff:protostuff-core:1.0.8' in repository 'MavenLocal'.
09:37:03.411 [DEBUG] [org.gradle.api.internal.artifacts.ivyservice.ivyresolve.RepositoryChainComponentMetaDataResolver] Using com.dyuproject.protostuff:protostuff-core:1.0.8 from Maven repository 'MavenLocal'
09:37:03.411 [DEBUG] [org.gradle.api.internal.artifacts.ivyservice.resolveengine.graph.DependencyGraphBuilder] Visiting dependency org.apache.drill:drill-protocol:1.11.0-sidev-SNAPSHOT(runtime) -> dependency: com.dyuproject.protostuff:protostuff-json:1.0.8, scope: Compile, optional: false
09:37:03.411 [DEBUG] [io.spring.gradle.dependencymanagement.internal.VersionConfiguringAction] Processing dependency 'com.dyuproject.protostuff:protostuff-json:1.0.8'
09:37:03.411 [DEBUG] [io.spring.gradle.dependencymanagement.internal.VersionConfiguringAction] No dependency management for dependency 'com.dyuproject.protostuff:protostuff-json:1.0.8'
09:37:03.411 [DEBUG] [org.gradle.api.internal.artifacts.ivyservice.resolveengine.graph.DependencyGraphBuilder] Selecting new module version com.dyuproject.protostuff:protostuff-json:1.0.8
09:37:03.411 [DEBUG] [org.gradle.api.internal.artifacts.ivyservice.ivyresolve.RepositoryChainComponentMetaDataResolver] Attempting to resolve component for com.dyuproject.protostuff:protostuff-json:1.0.8 using repositories [MavenLocal, maven, maven2, maven3]
09:37:03.411 [DEBUG] [org.gradle.api.internal.artifacts.repositories.resolver.DefaultExternalResourceArtifactResolver] Loading file:/Users/michaelmennis/.m2/repository/com/dyuproject/protostuff/protostuff-json/1.0.8/protostuff-json-1.0.8.pom
09:37:03.412 [DEBUG] [org.gradle.api.internal.artifacts.ivyservice.ivyresolve.RepositoryChainComponentMetaDataResolver] Attempting to resolve component for com.dyuproject.protostuff:protostuff:1.0.8 using repositories [MavenLocal, maven, maven2, maven3]
09:37:03.413 [DEBUG] [org.gradle.api.internal.artifacts.ivyservice.ivyresolve.RepositoryChainComponentMetaDataResolver] Using com.dyuproject.protostuff:protostuff:1.0.8 from Maven repository 'MavenLocal'
09:37:03.414 [DEBUG] [org.gradle.api.internal.artifacts.repositories.resolver.DefaultExternalResourceArtifactResolver] Loading file:/Users/michaelmennis/.m2/repository/com/dyuproject/protostuff/protostuff-json/1.0.8/protostuff-json-1.0.8.jar
09:37:03.414 [DEBUG] [org.gradle.api.internal.artifacts.repositories.resolver.ExternalResourceResolver] Metadata file found for module 'com.dyuproject.protostuff:protostuff-json:1.0.8' in repository 'MavenLocal'.
09:37:03.414 [DEBUG] [org.gradle.api.internal.artifacts.ivyservice.ivyresolve.RepositoryChainComponentMetaDataResolver] Using com.dyuproject.protostuff:protostuff-json:1.0.8 from Maven repository 'MavenLocal'
09:37:03.414 [DEBUG] [org.gradle.api.internal.artifacts.ivyservice.resolveengine.graph.DependencyGraphBuilder] Visiting dependency org.apache.drill:drill-protocol:1.11.0-sidev-SNAPSHOT(runtime) -> dependency: io.netty:netty-handler:4.0.27.Final, scope: Compile, optional: false
09:37:03.414 [DEBUG] [org.gradle.api.internal.artifacts.ivyservice.resolveengine.graph.DependencyGraphBuilder] Visiting dependency org.apache.drill:drill-protocol:1.11.0-sidev-SNAPSHOT(runtime) -> dependency: com.google.guava:guava:18.0, scope: Compile, optional: false
09:37:03.414 [DEBUG] [org.gradle.api.internal.artifacts.ivyservice.resolveengine.graph.DependencyGraphBuilder] Visiting dependency org.apache.drill:drill-protocol:1.11.0-sidev-SNAPSHOT(runtime) -> dependency: org.slf4j:slf4j-api:1.7.6, scope: Compile, optional: false
09:37:03.415 [DEBUG] [org.gradle.api.internal.artifacts.ivyservice.resolveengine.graph.DependencyGraphBuilder] Visiting dependency org.apache.drill:drill-protocol:1.11.0-sidev-SNAPSHOT(runtime) -> dependency: org.slf4j:jul-to-slf4j:1.7.6, scope: Compile, optional: false
09:37:03.415 [DEBUG] [org.gradle.api.internal.artifacts.ivyservice.resolveengine.graph.DependencyGraphBuilder] Visiting dependency org.apache.drill:drill-protocol:1.11.0-sidev-SNAPSHOT(runtime) -> dependency: org.slf4j:jcl-over-slf4j:1.7.6, scope: Compile, optional: false
09:37:03.415 [DEBUG] [org.gradle.api.internal.artifacts.ivyservice.resolveengine.graph.DependencyGraphBuilder] Visiting dependency org.apache.drill:drill-protocol:1.11.0-sidev-SNAPSHOT(runtime) -> dependency: commons-io:commons-io:2.4, scope: Compile, optional: false
09:37:03.415 [DEBUG] [org.gradle.api.internal.artifacts.ivyservice.resolveengine.graph.DependencyGraphBuilder] Visiting dependency org.apache.drill:drill-protocol:1.11.0-sidev-SNAPSHOT(runtime) -> dependency: org.xerial.snappy:snappy-java:1.1.2.6, scope: Compile, optional: false
09:37:03.415 [DEBUG] [org.gradle.api.internal.artifacts.ivyservice.resolveengine.graph.DependencyGraphBuilder] Visiting configuration org.apache.drill:drill-common:1.11.0-sidev-SNAPSHOT(runtime).
09:37:03.415 [DEBUG] [org.gradle.api.internal.artifacts.ivyservice.resolveengine.graph.DependencyGraphBuilder] org.apache.calcite:calcite-core is excluded from org.apache.drill:drill-common:1.11.0-sidev-SNAPSHOT(runtime).
09:37:03.415 [DEBUG] [org.gradle.api.internal.artifacts.ivyservice.resolveengine.graph.DependencyGraphBuilder] org.msgpack:msgpack is excluded from org.apache.drill:drill-common:1.11.0-sidev-SNAPSHOT(runtime).
09:37:03.415 [DEBUG] [org.gradle.api.internal.artifacts.ivyservice.resolveengine.graph.DependencyGraphBuilder] com.codahale.metrics:metrics-servlets is excluded from org.apache.drill:drill-common:1.11.0-sidev-SNAPSHOT(runtime).
09:37:03.415 [DEBUG] [org.gradle.api.internal.artifacts.ivyservice.resolveengine.graph.DependencyGraphBuilder] org.antlr:antlr-runtime is excluded from org.apache.drill:drill-common:1.11.0-sidev-SNAPSHOT(runtime).
09:37:03.415 [DEBUG] [org.gradle.api.internal.artifacts.ivyservice.resolveengine.graph.DependencyGraphBuilder] org.slf4j:log4j-over-slf4j is excluded from org.apache.drill:drill-common:1.11.0-sidev-SNAPSHOT(runtime).
09:37:03.415 [DEBUG] [org.gradle.api.internal.artifacts.ivyservice.resolveengine.graph.DependencyGraphBuilder] org.mockito:mockito-core is excluded from org.apache.drill:drill-common:1.11.0-sidev-SNAPSHOT(runtime).
09:37:03.415 [DEBUG] [org.gradle.api.internal.artifacts.ivyservice.resolveengine.graph.DependencyGraphBuilder] Visiting dependency org.apache.drill:drill-common:1.11.0-sidev-SNAPSHOT(runtime) -> dependency: org.apache.drill:drill-protocol:1.11.0-sidev-SNAPSHOT, scope: Compile, optional: false
09:37:03.415 [DEBUG] [org.gradle.api.internal.artifacts.ivyservice.resolveengine.graph.DependencyGraphBuilder] Visiting dependency org.apache.drill:drill-common:1.11.0-sidev-SNAPSHOT(runtime) -> dependency: junit:junit:4.11, scope: Compile, optional: false
09:37:03.415 [DEBUG] [io.spring.gradle.dependencymanagement.internal.VersionConfiguringAction] Processing dependency 'junit:junit:4.11'
09:37:03.415 [DEBUG] [io.spring.gradle.dependencymanagement.internal.DependencyManagementContainer] Found managed version '4.12' for dependency 'junit:junit' in global dependency management
09:37:03.415 [DEBUG] [io.spring.gradle.dependencymanagement.internal.VersionConfiguringAction] Using version '4.12' for dependency 'junit:junit:4.11'
09:37:03.416 [DEBUG] [org.gradle.api.internal.artifacts.ivyservice.resolveengine.graph.DependencyGraphBuilder] Selecting new module version junit:junit:4.12
09:37:03.416 [DEBUG] [org.gradle.api.internal.artifacts.ivyservice.ivyresolve.RepositoryChainComponentMetaDataResolver] Attempting to resolve component for junit:junit:4.12 using repositories [MavenLocal, maven, maven2, maven3]
09:37:03.416 [DEBUG] [org.gradle.api.internal.artifacts.repositories.resolver.DefaultExternalResourceArtifactResolver] Loading file:/Users/michaelmennis/.m2/repository/junit/junit/4.12/junit-4.12.pom
09:37:03.417 [DEBUG] [org.gradle.api.internal.artifacts.repositories.resolver.DefaultExternalResourceArtifactResolver] Loading file:/Users/michaelmennis/.m2/repository/junit/junit/4.12/junit-4.12.jar
09:37:03.418 [DEBUG] [org.gradle.api.internal.artifacts.repositories.resolver.ExternalResourceResolver] Metadata file found for module 'junit:junit:4.12' in repository 'MavenLocal'.
09:37:03.418 [DEBUG] [org.gradle.api.internal.artifacts.ivyservice.ivyresolve.RepositoryChainComponentMetaDataResolver] Using junit:junit:4.12 from Maven repository 'MavenLocal'
09:37:03.418 [DEBUG] [org.gradle.api.internal.artifacts.ivyservice.resolveengine.graph.DependencyGraphBuilder] Visiting dependency org.apache.drill:drill-common:1.11.0-sidev-SNAPSHOT(runtime) -> dependency: com.typesafe:config:1.0.0, scope: Compile, optional: false
09:37:03.418 [DEBUG] [io.spring.gradle.dependencymanagement.internal.VersionConfiguringAction] Processing dependency 'com.typesafe:config:1.0.0'
09:37:03.418 [DEBUG] [io.spring.gradle.dependencymanagement.internal.VersionConfiguringAction] No dependency management for dependency 'com.typesafe:config:1.0.0'
09:37:03.418 [DEBUG] [org.gradle.api.internal.artifacts.ivyservice.resolveengine.graph.DependencyGraphBuilder] Selecting new module version com.typesafe:config:1.0.0
09:37:03.418 [DEBUG] [org.gradle.api.internal.artifacts.ivyservice.ivyresolve.RepositoryChainComponentMetaDataResolver] Attempting to resolve component for com.typesafe:config:1.0.0 using repositories [MavenLocal, maven, maven2, maven3]
09:37:03.418 [DEBUG] [org.gradle.api.internal.artifacts.repositories.resolver.DefaultExternalResourceArtifactResolver] Loading file:/Users/michaelmennis/.m2/repository/com/typesafe/config/1.0.0/config-1.0.0.pom
09:37:03.419 [DEBUG] [org.gradle.api.internal.artifacts.repositories.resolver.DefaultExternalResourceArtifactResolver] Loading file:/Users/michaelmennis/.m2/repository/com/typesafe/config/1.0.0/config-1.0.0.jar
09:37:03.419 [DEBUG] [org.gradle.api.internal.artifacts.repositories.resolver.ExternalResourceResolver] Metadata file found for module 'com.typesafe:config:1.0.0' in repository 'MavenLocal'.
09:37:03.420 [DEBUG] [org.gradle.api.internal.artifacts.ivyservice.ivyresolve.RepositoryChainComponentMetaDataResolver] Using com.typesafe:config:1.0.0 from Maven repository 'MavenLocal'
09:37:03.420 [DEBUG] [org.gradle.api.internal.artifacts.ivyservice.resolveengine.graph.DependencyGraphBuilder] Visiting dependency org.apache.drill:drill-common:1.11.0-sidev-SNAPSHOT(runtime) -> dependency: org.apache.commons:commons-lang3:3.1, scope: Compile, optional: false
09:37:03.420 [DEBUG] [io.spring.gradle.dependencymanagement.internal.VersionConfiguringAction] Processing dependency 'org.apache.commons:commons-lang3:3.1'
09:37:03.420 [DEBUG] [io.spring.gradle.dependencymanagement.internal.VersionConfiguringAction] No dependency management for dependency 'org.apache.commons:commons-lang3:3.1'
09:37:03.420 [DEBUG] [org.gradle.api.internal.artifacts.ivyservice.resolveengine.graph.DependencyGraphBuilder] Selecting new module version org.apache.commons:commons-lang3:3.1
09:37:03.420 [DEBUG] [org.gradle.api.internal.artifacts.ivyservice.ivyresolve.RepositoryChainComponentMetaDataResolver] Attempting to resolve component for org.apache.commons:commons-lang3:3.1 using repositories [MavenLocal, maven, maven2, maven3]
09:37:03.420 [DEBUG] [org.gradle.api.internal.artifacts.repositories.resolver.DefaultExternalResourceArtifactResolver] Loading file:/Users/michaelmennis/.m2/repository/org/apache/commons/commons-lang3/3.1/commons-lang3-3.1.pom
09:37:03.421 [DEBUG] [org.gradle.api.internal.artifacts.ivyservice.ivyresolve.RepositoryChainComponentMetaDataResolver] Attempting to resolve component for org.apache.commons:commons-parent:22 using repositories [MavenLocal, maven, maven2, maven3]
09:37:03.421 [DEBUG] [org.gradle.api.internal.artifacts.ivyservice.ivyresolve.RepositoryChainComponentMetaDataResolver] Using org.apache.commons:commons-parent:22 from Maven repository 'MavenLocal'
09:37:03.423 [DEBUG] [org.gradle.api.internal.artifacts.ivyservice.ivyresolve.RepositoryChainComponentMetaDataResolver] Attempting to resolve component for org.apache:apache:9 using repositories [MavenLocal, maven, maven2, maven3]
09:37:03.423 [DEBUG] [org.gradle.api.internal.artifacts.ivyservice.ivyresolve.RepositoryChainComponentMetaDataResolver] Using org.apache:apache:9 from Maven repository 'MavenLocal'
09:37:03.425 [DEBUG] [org.gradle.api.internal.artifacts.repositories.resolver.DefaultExternalResourceArtifactResolver] Loading file:/Users/michaelmennis/.m2/repository/org/apache/commons/commons-lang3/3.1/commons-lang3-3.1.jar
09:37:03.425 [DEBUG] [org.gradle.api.internal.artifacts.repositories.resolver.ExternalResourceResolver] Metadata file found for module 'org.apache.commons:commons-lang3:3.1' in repository 'MavenLocal'.
09:37:03.425 [DEBUG] [org.gradle.api.internal.artifacts.ivyservice.ivyresolve.RepositoryChainComponentMetaDataResolver] Using org.apache.commons:commons-lang3:3.1 from Maven repository 'MavenLocal'
09:37:03.425 [DEBUG] [org.gradle.api.internal.artifacts.ivyservice.resolveengine.graph.DependencyGraphBuilder] Visiting dependency org.apache.drill:drill-common:1.11.0-sidev-SNAPSHOT(runtime) -> dependency: org.reflections:reflections:0.9.8, scope: Compile, optional: false
09:37:03.426 [DEBUG] [io.spring.gradle.dependencymanagement.internal.VersionConfiguringAction] Processing dependency 'org.reflections:reflections:0.9.8'
09:37:03.426 [DEBUG] [io.spring.gradle.dependencymanagement.internal.VersionConfiguringAction] No dependency management for dependency 'org.reflections:reflections:0.9.8'
09:37:03.426 [DEBUG] [org.gradle.api.internal.artifacts.ivyservice.resolveengine.graph.DependencyGraphBuilder] Selecting new module version org.reflections:reflections:0.9.8
09:37:03.426 [DEBUG] [org.gradle.api.internal.artifacts.ivyservice.ivyresolve.RepositoryChainComponentMetaDataResolver] Attempting to resolve component for org.reflections:reflections:0.9.8 using repositories [MavenLocal, maven, maven2, maven3]
09:37:03.426 [DEBUG] [org.gradle.api.internal.artifacts.repositories.resolver.DefaultExternalResourceArtifactResolver] Loading file:/Users/michaelmennis/.m2/repository/org/reflections/reflections/0.9.8/reflections-0.9.8.pom
09:37:03.427 [DEBUG] [org.gradle.api.internal.artifacts.ivyservice.ivyresolve.RepositoryChainComponentMetaDataResolver] Attempting to resolve component for org.reflections:reflections-parent:0.9.8 using repositories [MavenLocal, maven, maven2, maven3]
09:37:03.427 [DEBUG] [org.gradle.api.internal.artifacts.repositories.resolver.DefaultExternalResourceArtifactResolver] Loading file:/Users/michaelmennis/.m2/repository/org/reflections/reflections-parent/0.9.8/reflections-parent-0.9.8.pom
09:37:03.428 [DEBUG] [org.gradle.api.internal.artifacts.repositories.resolver.ExternalResourceResolver] Metadata file found for module 'org.reflections:reflections-parent:0.9.8' in repository 'MavenLocal'.
09:37:03.428 [DEBUG] [org.gradle.api.internal.artifacts.ivyservice.ivyresolve.RepositoryChainComponentMetaDataResolver] Using org.reflections:reflections-parent:0.9.8 from Maven repository 'MavenLocal'
09:37:03.428 [DEBUG] [org.gradle.api.internal.artifacts.repositories.resolver.DefaultExternalResourceArtifactResolver] Loading file:/Users/michaelmennis/.m2/repository/org/reflections/reflections-parent/0.9.8/reflections-parent-0.9.8.pom
09:37:03.430 [DEBUG] [org.gradle.api.internal.artifacts.repositories.resolver.DefaultExternalResourceArtifactResolver] Loading file:/Users/michaelmennis/.m2/repository/org/reflections/reflections/0.9.8/reflections-0.9.8.jar
09:37:03.430 [DEBUG] [org.gradle.api.internal.artifacts.repositories.resolver.ExternalResourceResolver] Metadata file found for module 'org.reflections:reflections:0.9.8' in repository 'MavenLocal'.
09:37:03.430 [DEBUG] [org.gradle.api.internal.artifacts.ivyservice.ivyresolve.RepositoryChainComponentMetaDataResolver] Using org.reflections:reflections:0.9.8 from Maven repository 'MavenLocal'
09:37:03.430 [DEBUG] [org.gradle.api.internal.artifacts.ivyservice.resolveengine.graph.DependencyGraphBuilder] Visiting dependency org.apache.drill:drill-common:1.11.0-sidev-SNAPSHOT(runtime) -> dependency: com.fasterxml.jackson.core:jackson-annotations:2.7.1, scope: Compile, optional: false
09:37:03.430 [DEBUG] [io.spring.gradle.dependencymanagement.internal.VersionConfiguringAction] Processing dependency 'com.fasterxml.jackson.core:jackson-annotations:2.7.1'
09:37:03.430 [DEBUG] [io.spring.gradle.dependencymanagement.internal.DependencyManagementContainer] Found managed version '2.8.0' for dependency 'com.fasterxml.jackson.core:jackson-annotations' in global dependency management
09:37:03.430 [DEBUG] [io.spring.gradle.dependencymanagement.internal.VersionConfiguringAction] Using version '2.8.0' for dependency 'com.fasterxml.jackson.core:jackson-annotations:2.7.1'
09:37:03.430 [DEBUG] [org.gradle.api.internal.artifacts.ivyservice.resolveengine.graph.DependencyGraphBuilder] Visiting dependency org.apache.drill:drill-common:1.11.0-sidev-SNAPSHOT(runtime) -> dependency: com.fasterxml.jackson.core:jackson-databind:2.7.1, scope: Compile, optional: false
09:37:03.430 [DEBUG] [io.spring.gradle.dependencymanagement.internal.VersionConfiguringAction] Processing dependency 'com.fasterxml.jackson.core:jackson-databind:2.7.1'
09:37:03.430 [DEBUG] [io.spring.gradle.dependencymanagement.internal.DependencyManagementContainer] Found managed version '2.8.8' for dependency 'com.fasterxml.jackson.core:jackson-databind' in global dependency management
09:37:03.430 [DEBUG] [io.spring.gradle.dependencymanagement.internal.VersionConfiguringAction] Using version '2.8.8' for dependency 'com.fasterxml.jackson.core:jackson-databind:2.7.1'
09:37:03.431 [DEBUG] [org.gradle.api.internal.artifacts.ivyservice.resolveengine.graph.DependencyGraphBuilder] Visiting dependency org.apache.drill:drill-common:1.11.0-sidev-SNAPSHOT(runtime) -> dependency: com.codahale.metrics:metrics-core:3.0.1, scope: Compile, optional: false
09:37:03.431 [DEBUG] [org.gradle.api.internal.artifacts.ivyservice.resolveengine.graph.DependencyGraphBuilder] Visiting dependency org.apache.drill:drill-common:1.11.0-sidev-SNAPSHOT(runtime) -> dependency: joda-time:joda-time:2.9, scope: Compile, optional: false
09:37:03.431 [DEBUG] [org.gradle.api.internal.artifacts.ivyservice.resolveengine.graph.DependencyGraphBuilder] Visiting dependency org.apache.drill:drill-common:1.11.0-sidev-SNAPSHOT(runtime) -> dependency: io.netty:netty-handler:4.0.27.Final, scope: Compile, optional: false
09:37:03.431 [DEBUG] [org.gradle.api.internal.artifacts.ivyservice.resolveengine.graph.DependencyGraphBuilder] Visiting dependency org.apache.drill:drill-common:1.11.0-sidev-SNAPSHOT(runtime) -> dependency: com.google.guava:guava:18.0, scope: Compile, optional: false
09:37:03.431 [DEBUG] [org.gradle.api.internal.artifacts.ivyservice.resolveengine.graph.DependencyGraphBuilder] Visiting dependency org.apache.drill:drill-common:1.11.0-sidev-SNAPSHOT(runtime) -> dependency: org.slf4j:slf4j-api:1.7.6, scope: Compile, optional: false
09:37:03.431 [DEBUG] [org.gradle.api.internal.artifacts.ivyservice.resolveengine.graph.DependencyGraphBuilder] Visiting dependency org.apache.drill:drill-common:1.11.0-sidev-SNAPSHOT(runtime) -> dependency: org.slf4j:jul-to-slf4j:1.7.6, scope: Compile, optional: false
09:37:03.431 [DEBUG] [org.gradle.api.internal.artifacts.ivyservice.resolveengine.graph.DependencyGraphBuilder] Visiting dependency org.apache.drill:drill-common:1.11.0-sidev-SNAPSHOT(runtime) -> dependency: org.slf4j:jcl-over-slf4j:1.7.6, scope: Compile, optional: false
09:37:03.431 [DEBUG] [org.gradle.api.internal.artifacts.ivyservice.resolveengine.graph.DependencyGraphBuilder] Visiting dependency org.apache.drill:drill-common:1.11.0-sidev-SNAPSHOT(runtime) -> dependency: commons-io:commons-io:2.4, scope: Compile, optional: false
09:37:03.431 [DEBUG] [org.gradle.api.internal.artifacts.ivyservice.resolveengine.graph.DependencyGraphBuilder] Visiting dependency org.apache.drill:drill-common:1.11.0-sidev-SNAPSHOT(runtime) -> dependency: org.xerial.snappy:snappy-java:1.1.2.6, scope: Compile, optional: false
09:37:03.431 [DEBUG] [org.gradle.api.internal.artifacts.ivyservice.resolveengine.graph.DependencyGraphBuilder] Visiting configuration org.apache.drill:drill-logical:1.11.0-sidev-SNAPSHOT(runtime).
09:37:03.431 [DEBUG] [org.gradle.api.internal.artifacts.ivyservice.resolveengine.graph.DependencyGraphBuilder] org.apache.calcite:calcite-core is excluded from org.apache.drill:drill-logical:1.11.0-sidev-SNAPSHOT(runtime).
09:37:03.431 [DEBUG] [org.gradle.api.internal.artifacts.ivyservice.resolveengine.graph.DependencyGraphBuilder] org.msgpack:msgpack is excluded from org.apache.drill:drill-logical:1.11.0-sidev-SNAPSHOT(runtime).
09:37:03.431 [DEBUG] [org.gradle.api.internal.artifacts.ivyservice.resolveengine.graph.DependencyGraphBuilder] com.codahale.metrics:metrics-servlets is excluded from org.apache.drill:drill-logical:1.11.0-sidev-SNAPSHOT(runtime).
09:37:03.431 [DEBUG] [org.gradle.api.internal.artifacts.ivyservice.resolveengine.graph.DependencyGraphBuilder] org.antlr:antlr-runtime is excluded from org.apache.drill:drill-logical:1.11.0-sidev-SNAPSHOT(runtime).
09:37:03.431 [DEBUG] [org.gradle.api.internal.artifacts.ivyservice.resolveengine.graph.DependencyGraphBuilder] org.slf4j:log4j-over-slf4j is excluded from org.apache.drill:drill-logical:1.11.0-sidev-SNAPSHOT(runtime).
09:37:03.431 [DEBUG] [org.gradle.api.internal.artifacts.ivyservice.resolveengine.graph.DependencyGraphBuilder] org.mockito:mockito-core is excluded from org.apache.drill:drill-logical:1.11.0-sidev-SNAPSHOT(runtime).
09:37:03.431 [DEBUG] [org.gradle.api.internal.artifacts.ivyservice.resolveengine.graph.DependencyGraphBuilder] Visiting dependency org.apache.drill:drill-logical:1.11.0-sidev-SNAPSHOT(runtime) -> dependency: org.apache.drill:drill-protocol:1.11.0-sidev-SNAPSHOT, scope: Compile, optional: false
09:37:03.431 [DEBUG] [org.gradle.api.internal.artifacts.ivyservice.resolveengine.graph.DependencyGraphBuilder] Visiting dependency org.apache.drill:drill-logical:1.11.0-sidev-SNAPSHOT(runtime) -> dependency: org.apache.drill:drill-common:1.11.0-sidev-SNAPSHOT, scope: Compile, optional: false
09:37:03.432 [DEBUG] [org.gradle.api.internal.artifacts.ivyservice.resolveengine.graph.DependencyGraphBuilder] Visiting dependency org.apache.drill:drill-logical:1.11.0-sidev-SNAPSHOT(runtime) -> dependency: junit:junit:4.11, scope: Compile, optional: false
09:37:03.432 [DEBUG] [org.gradle.api.internal.artifacts.ivyservice.resolveengine.graph.DependencyGraphBuilder] Visiting dependency org.apache.drill:drill-logical:1.11.0-sidev-SNAPSHOT(runtime) -> dependency: com.typesafe:config:1.0.0, scope: Compile, optional: false
09:37:03.432 [DEBUG] [org.gradle.api.internal.artifacts.ivyservice.resolveengine.graph.DependencyGraphBuilder] Visiting dependency org.apache.drill:drill-logical:1.11.0-sidev-SNAPSHOT(runtime) -> dependency: org.apache.commons:commons-lang3:3.1, scope: Compile, optional: false
09:37:03.432 [DEBUG] [org.gradle.api.internal.artifacts.ivyservice.resolveengine.graph.DependencyGraphBuilder] Visiting dependency org.apache.drill:drill-logical:1.11.0-sidev-SNAPSHOT(runtime) -> dependency: org.reflections:reflections:0.9.8, scope: Compile, optional: false
09:37:03.432 [DEBUG] [org.gradle.api.internal.artifacts.ivyservice.resolveengine.graph.DependencyGraphBuilder] Visiting dependency org.apache.drill:drill-logical:1.11.0-sidev-SNAPSHOT(runtime) -> dependency: com.fasterxml.jackson.core:jackson-annotations:2.7.1, scope: Compile, optional: false
09:37:03.432 [DEBUG] [org.gradle.api.internal.artifacts.ivyservice.resolveengine.graph.DependencyGraphBuilder] Visiting dependency org.apache.drill:drill-logical:1.11.0-sidev-SNAPSHOT(runtime) -> dependency: com.fasterxml.jackson.core:jackson-databind:2.7.1, scope: Compile, optional: false
09:37:03.432 [DEBUG] [org.gradle.api.internal.artifacts.ivyservice.resolveengine.graph.DependencyGraphBuilder] Visiting dependency org.apache.drill:drill-logical:1.11.0-sidev-SNAPSHOT(runtime) -> dependency: com.codahale.metrics:metrics-core:3.0.1, scope: Compile, optional: false
09:37:03.432 [DEBUG] [org.gradle.api.internal.artifacts.ivyservice.resolveengine.graph.DependencyGraphBuilder] Visiting dependency org.apache.drill:drill-logical:1.11.0-sidev-SNAPSHOT(runtime) -> dependency: joda-time:joda-time:2.9, scope: Compile, optional: false
09:37:03.432 [DEBUG] [org.gradle.api.internal.artifacts.ivyservice.resolveengine.graph.DependencyGraphBuilder] Visiting dependency org.apache.drill:drill-logical:1.11.0-sidev-SNAPSHOT(runtime) -> dependency: io.netty:netty-handler:4.0.27.Final, scope: Compile, optional: false
09:37:03.432 [DEBUG] [org.gradle.api.internal.artifacts.ivyservice.resolveengine.graph.DependencyGraphBuilder] Visiting dependency org.apache.drill:drill-logical:1.11.0-sidev-SNAPSHOT(runtime) -> dependency: com.google.guava:guava:18.0, scope: Compile, optional: false
09:37:03.432 [DEBUG] [org.gradle.api.internal.artifacts.ivyservice.resolveengine.graph.DependencyGraphBuilder] Visiting dependency org.apache.drill:drill-logical:1.11.0-sidev-SNAPSHOT(runtime) -> dependency: org.slf4j:slf4j-api:1.7.6, scope: Compile, optional: false
09:37:03.432 [DEBUG] [org.gradle.api.internal.artifacts.ivyservice.resolveengine.graph.DependencyGraphBuilder] Visiting dependency org.apache.drill:drill-logical:1.11.0-sidev-SNAPSHOT(runtime) -> dependency: org.slf4j:jul-to-slf4j:1.7.6, scope: Compile, optional: false
09:37:03.432 [DEBUG] [org.gradle.api.internal.artifacts.ivyservice.resolveengine.graph.DependencyGraphBuilder] Visiting dependency org.apache.drill:drill-logical:1.11.0-sidev-SNAPSHOT(runtime) -> dependency: org.slf4j:jcl-over-slf4j:1.7.6, scope: Compile, optional: false
09:37:03.432 [DEBUG] [org.gradle.api.internal.artifacts.ivyservice.resolveengine.graph.DependencyGraphBuilder] Visiting dependency org.apache.drill:drill-logical:1.11.0-sidev-SNAPSHOT(runtime) -> dependency: commons-io:commons-io:2.4, scope: Compile, optional: false
09:37:03.432 [DEBUG] [org.gradle.api.internal.artifacts.ivyservice.resolveengine.graph.DependencyGraphBuilder] Visiting dependency org.apache.drill:drill-logical:1.11.0-sidev-SNAPSHOT(runtime) -> dependency: org.xerial.snappy:snappy-java:1.1.2.6, scope: Compile, optional: false
09:37:03.432 [DEBUG] [org.gradle.api.internal.artifacts.ivyservice.resolveengine.graph.DependencyGraphBuilder] Visiting configuration org.apache.drill.exec:drill-rpc:1.11.0-sidev-SNAPSHOT(runtime).
09:37:03.432 [DEBUG] [org.gradle.api.internal.artifacts.ivyservice.resolveengine.graph.DependencyGraphBuilder] org.slf4j:log4j-over-slf4j is excluded from org.apache.drill.exec:drill-rpc:1.11.0-sidev-SNAPSHOT(runtime).
09:37:03.432 [DEBUG] [org.gradle.api.internal.artifacts.ivyservice.resolveengine.graph.DependencyGraphBuilder] org.mockito:mockito-core is excluded from org.apache.drill.exec:drill-rpc:1.11.0-sidev-SNAPSHOT(runtime).
09:37:03.432 [DEBUG] [org.gradle.api.internal.artifacts.ivyservice.resolveengine.graph.DependencyGraphBuilder] Visiting dependency org.apache.drill.exec:drill-rpc:1.11.0-sidev-SNAPSHOT(runtime) -> dependency: org.apache.drill:drill-protocol:1.11.0-sidev-SNAPSHOT, scope: Compile, optional: false
09:37:03.432 [DEBUG] [org.gradle.api.internal.artifacts.ivyservice.resolveengine.graph.DependencyGraphBuilder] Visiting dependency org.apache.drill.exec:drill-rpc:1.11.0-sidev-SNAPSHOT(runtime) -> dependency: org.apache.drill:drill-common:1.11.0-sidev-SNAPSHOT, scope: Compile, optional: false
09:37:03.433 [DEBUG] [org.gradle.api.internal.artifacts.ivyservice.resolveengine.graph.DependencyGraphBuilder] Visiting dependency org.apache.drill.exec:drill-rpc:1.11.0-sidev-SNAPSHOT(runtime) -> dependency: org.apache.drill.memory:drill-memory-base:1.11.0-sidev-SNAPSHOT, scope: Compile, optional: false
09:37:03.433 [DEBUG] [org.gradle.api.internal.artifacts.ivyservice.resolveengine.graph.DependencyGraphBuilder] Visiting dependency org.apache.drill.exec:drill-rpc:1.11.0-sidev-SNAPSHOT(runtime) -> dependency: com.google.protobuf:protobuf-java:2.5.0, scope: Compile, optional: false
09:37:03.433 [DEBUG] [org.gradle.api.internal.artifacts.ivyservice.resolveengine.graph.DependencyGraphBuilder] Visiting dependency org.apache.drill.exec:drill-rpc:1.11.0-sidev-SNAPSHOT(runtime) -> dependency: io.netty:netty-transport-native-epoll:4.0.27.Final, scope: Compile, optional: false
09:37:03.433 [DEBUG] [io.spring.gradle.dependencymanagement.internal.VersionConfiguringAction] Processing dependency 'io.netty:netty-transport-native-epoll:4.0.27.Final'
09:37:03.433 [DEBUG] [io.spring.gradle.dependencymanagement.internal.VersionConfiguringAction] No dependency management for dependency 'io.netty:netty-transport-native-epoll:4.0.27.Final'
09:37:03.433 [DEBUG] [org.gradle.api.internal.artifacts.ivyservice.resolveengine.graph.DependencyGraphBuilder] Selecting new module version io.netty:netty-transport-native-epoll:4.0.27.Final
09:37:03.433 [DEBUG] [org.gradle.api.internal.artifacts.ivyservice.ivyresolve.RepositoryChainComponentMetaDataResolver] Attempting to resolve component for io.netty:netty-transport-native-epoll:4.0.27.Final using repositories [MavenLocal, maven, maven2, maven3]
09:37:03.433 [DEBUG] [org.gradle.api.internal.artifacts.repositories.resolver.DefaultExternalResourceArtifactResolver] Loading file:/Users/michaelmennis/.m2/repository/io/netty/netty-transport-native-epoll/4.0.27.Final/netty-transport-native-epoll-4.0.27.Final.pom
09:37:03.435 [DEBUG] [org.gradle.api.internal.artifacts.ivyservice.ivyresolve.RepositoryChainComponentMetaDataResolver] Attempting to resolve component for io.netty:netty-parent:4.0.27.Final using repositories [MavenLocal, maven, maven2, maven3]
09:37:03.435 [DEBUG] [org.gradle.api.internal.artifacts.ivyservice.ivyresolve.RepositoryChainComponentMetaDataResolver] Using io.netty:netty-parent:4.0.27.Final from Maven repository 'MavenLocal'
09:37:03.437 [DEBUG] [org.gradle.api.internal.artifacts.ivyservice.ivyresolve.RepositoryChainComponentMetaDataResolver] Attempting to resolve component for org.sonatype.oss:oss-parent:9 using repositories [MavenLocal, maven, maven2, maven3]
09:37:03.437 [DEBUG] [org.gradle.api.internal.artifacts.ivyservice.ivyresolve.RepositoryChainComponentMetaDataResolver] Using org.sonatype.oss:oss-parent:9 from Maven repository 'MavenLocal'
09:37:03.447 [DEBUG] [org.gradle.api.internal.artifacts.repositories.resolver.DefaultExternalResourceArtifactResolver] Loading file:/Users/michaelmennis/.m2/repository/io/netty/netty-transport-native-epoll/4.0.27.Final/netty-transport-native-epoll-4.0.27.Final.jar
09:37:03.447 [DEBUG] [org.gradle.api.internal.artifacts.repositories.resolver.MavenResolver] POM file found for module 'io.netty:netty-transport-native-epoll:4.0.27.Final' in repository 'MavenLocal' but no artifact found. Ignoring.
09:37:03.447 [DEBUG] [org.gradle.api.internal.artifacts.repositories.resolver.DefaultExternalResourceArtifactResolver] Loading file:/Users/michaelmennis/.m2/repository/io/netty/netty-transport-native-epoll/4.0.27.Final/netty-transport-native-epoll-4.0.27.Final-linux-x86_64.jar
09:37:03.447 [DEBUG] [org.gradle.api.internal.artifacts.repositories.resolver.ExternalResourceResolver] Found artifact but no meta-data for module 'io.netty:netty-transport-native-epoll:4.0.27.Final' in repository 'MavenLocal', using default meta-data.
09:37:03.448 [DEBUG] [org.gradle.api.internal.artifacts.ivyservice.ivyresolve.CachingModuleComponentRepository] Using cached module metadata for module 'io.netty:netty-transport-native-epoll:4.0.27.Final' in 'maven'
09:37:03.448 [DEBUG] [org.gradle.api.internal.artifacts.ivyservice.ivyresolve.RepositoryChainComponentMetaDataResolver] Using io.netty:netty-transport-native-epoll:4.0.27.Final from Maven repository 'maven'
09:37:03.448 [DEBUG] [org.gradle.api.internal.artifacts.ivyservice.resolveengine.graph.DependencyGraphBuilder] Visiting dependency org.apache.drill.exec:drill-rpc:1.11.0-sidev-SNAPSHOT(runtime) -> dependency: io.netty:netty-handler:4.0.27.Final, scope: Compile, optional: false
09:37:03.448 [DEBUG] [org.gradle.api.internal.artifacts.ivyservice.resolveengine.graph.DependencyGraphBuilder] Visiting dependency org.apache.drill.exec:drill-rpc:1.11.0-sidev-SNAPSHOT(runtime) -> dependency: com.google.guava:guava:18.0, scope: Compile, optional: false
09:37:03.448 [DEBUG] [org.gradle.api.internal.artifacts.ivyservice.resolveengine.graph.DependencyGraphBuilder] Visiting dependency org.apache.drill.exec:drill-rpc:1.11.0-sidev-SNAPSHOT(runtime) -> dependency: org.slf4j:slf4j-api:1.7.6, scope: Compile, optional: false
09:37:03.448 [DEBUG] [org.gradle.api.internal.artifacts.ivyservice.resolveengine.graph.DependencyGraphBuilder] Visiting dependency org.apache.drill.exec:drill-rpc:1.11.0-sidev-SNAPSHOT(runtime) -> dependency: org.slf4j:jul-to-slf4j:1.7.6, scope: Compile, optional: false
09:37:03.448 [DEBUG] [org.gradle.api.internal.artifacts.ivyservice.resolveengine.graph.DependencyGraphBuilder] Visiting dependency org.apache.drill.exec:drill-rpc:1.11.0-sidev-SNAPSHOT(runtime) -> dependency: org.slf4j:jcl-over-slf4j:1.7.6, scope: Compile, optional: false
09:37:03.448 [DEBUG] [org.gradle.api.internal.artifacts.ivyservice.resolveengine.graph.DependencyGraphBuilder] Visiting dependency org.apache.drill.exec:drill-rpc:1.11.0-sidev-SNAPSHOT(runtime) -> dependency: commons-io:commons-io:2.4, scope: Compile, optional: false
09:37:03.448 [DEBUG] [org.gradle.api.internal.artifacts.ivyservice.resolveengine.graph.DependencyGraphBuilder] Visiting dependency org.apache.drill.exec:drill-rpc:1.11.0-sidev-SNAPSHOT(runtime) -> dependency: org.xerial.snappy:snappy-java:1.1.2.6, scope: Compile, optional: false
09:37:03.449 [DEBUG] [org.gradle.api.internal.artifacts.ivyservice.resolveengine.graph.DependencyGraphBuilder] Visiting configuration org.apache.drill.memory:drill-memory-base:1.11.0-sidev-SNAPSHOT(runtime).
09:37:03.449 [DEBUG] [org.gradle.api.internal.artifacts.ivyservice.resolveengine.graph.DependencyGraphBuilder] org.slf4j:log4j-over-slf4j is excluded from org.apache.drill.memory:drill-memory-base:1.11.0-sidev-SNAPSHOT(runtime).
09:37:03.449 [DEBUG] [org.gradle.api.internal.artifacts.ivyservice.resolveengine.graph.DependencyGraphBuilder] org.mockito:mockito-core is excluded from org.apache.drill.memory:drill-memory-base:1.11.0-sidev-SNAPSHOT(runtime).
09:37:03.449 [DEBUG] [org.gradle.api.internal.artifacts.ivyservice.resolveengine.graph.DependencyGraphBuilder] Visiting dependency org.apache.drill.memory:drill-memory-base:1.11.0-sidev-SNAPSHOT(runtime) -> dependency: com.codahale.metrics:metrics-core:3.0.1, scope: Compile, optional: false
09:37:03.449 [DEBUG] [org.gradle.api.internal.artifacts.ivyservice.resolveengine.graph.DependencyGraphBuilder] Visiting dependency org.apache.drill.memory:drill-memory-base:1.11.0-sidev-SNAPSHOT(runtime) -> dependency: org.apache.drill:drill-common:1.11.0-sidev-SNAPSHOT, scope: Compile, optional: false
09:37:03.449 [DEBUG] [org.gradle.api.internal.artifacts.ivyservice.resolveengine.graph.DependencyGraphBuilder] Visiting dependency org.apache.drill.memory:drill-memory-base:1.11.0-sidev-SNAPSHOT(runtime) -> dependency: com.carrotsearch:hppc:0.7.1, scope: Compile, optional: false
09:37:03.449 [DEBUG] [org.gradle.api.internal.artifacts.ivyservice.resolveengine.graph.DependencyGraphBuilder] Visiting dependency org.apache.drill.memory:drill-memory-base:1.11.0-sidev-SNAPSHOT(runtime) -> dependency: io.netty:netty-handler:4.0.27.Final, scope: Compile, optional: false
09:37:03.449 [DEBUG] [org.gradle.api.internal.artifacts.ivyservice.resolveengine.graph.DependencyGraphBuilder] Visiting dependency org.apache.drill.memory:drill-memory-base:1.11.0-sidev-SNAPSHOT(runtime) -> dependency: com.google.guava:guava:18.0, scope: Compile, optional: false
09:37:03.449 [DEBUG] [org.gradle.api.internal.artifacts.ivyservice.resolveengine.graph.DependencyGraphBuilder] Visiting dependency org.apache.drill.memory:drill-memory-base:1.11.0-sidev-SNAPSHOT(runtime) -> dependency: org.slf4j:slf4j-api:1.7.6, scope: Compile, optional: false
09:37:03.449 [DEBUG] [org.gradle.api.internal.artifacts.ivyservice.resolveengine.graph.DependencyGraphBuilder] Visiting dependency org.apache.drill.memory:drill-memory-base:1.11.0-sidev-SNAPSHOT(runtime) -> dependency: org.slf4j:jul-to-slf4j:1.7.6, scope: Compile, optional: false
09:37:03.449 [DEBUG] [org.gradle.api.internal.artifacts.ivyservice.resolveengine.graph.DependencyGraphBuilder] Visiting dependency org.apache.drill.memory:drill-memory-base:1.11.0-sidev-SNAPSHOT(runtime) -> dependency: org.slf4j:jcl-over-slf4j:1.7.6, scope: Compile, optional: false
09:37:03.449 [DEBUG] [org.gradle.api.internal.artifacts.ivyservice.resolveengine.graph.DependencyGraphBuilder] Visiting dependency org.apache.drill.memory:drill-memory-base:1.11.0-sidev-SNAPSHOT(runtime) -> dependency: commons-io:commons-io:2.4, scope: Compile, optional: false
09:37:03.449 [DEBUG] [org.gradle.api.internal.artifacts.ivyservice.resolveengine.graph.DependencyGraphBuilder] Visiting dependency org.apache.drill.memory:drill-memory-base:1.11.0-sidev-SNAPSHOT(runtime) -> dependency: org.xerial.snappy:snappy-java:1.1.2.6, scope: Compile, optional: false
09:37:03.449 [DEBUG] [org.gradle.api.internal.artifacts.ivyservice.resolveengine.graph.DependencyGraphBuilder] Visiting configuration org.apache.drill.exec:vector:1.11.0-sidev-SNAPSHOT(runtime).
09:37:03.449 [DEBUG] [org.gradle.api.internal.artifacts.ivyservice.resolveengine.graph.DependencyGraphBuilder] org.slf4j:log4j-over-slf4j is excluded from org.apache.drill.exec:vector:1.11.0-sidev-SNAPSHOT(runtime).
09:37:03.449 [DEBUG] [org.gradle.api.internal.artifacts.ivyservice.resolveengine.graph.DependencyGraphBuilder] org.mockito:mockito-core is excluded from org.apache.drill.exec:vector:1.11.0-sidev-SNAPSHOT(runtime).
09:37:03.449 [DEBUG] [org.gradle.api.internal.artifacts.ivyservice.resolveengine.graph.DependencyGraphBuilder] Visiting dependency org.apache.drill.exec:vector:1.11.0-sidev-SNAPSHOT(runtime) -> dependency: org.apache.drill:drill-protocol:1.11.0-sidev-SNAPSHOT, scope: Compile, optional: false
09:37:03.449 [DEBUG] [org.gradle.api.internal.artifacts.ivyservice.resolveengine.graph.DependencyGraphBuilder] Visiting dependency org.apache.drill.exec:vector:1.11.0-sidev-SNAPSHOT(runtime) -> dependency: org.apache.drill:drill-common:1.11.0-sidev-SNAPSHOT, scope: Compile, optional: false
09:37:03.449 [DEBUG] [org.gradle.api.internal.artifacts.ivyservice.resolveengine.graph.DependencyGraphBuilder] Visiting dependency org.apache.drill.exec:vector:1.11.0-sidev-SNAPSHOT(runtime) -> dependency: org.apache.drill.memory:drill-memory-base:1.11.0-sidev-SNAPSHOT, scope: Compile, optional: false
09:37:03.449 [DEBUG] [org.gradle.api.internal.artifacts.ivyservice.resolveengine.graph.DependencyGraphBuilder] Visiting dependency org.apache.drill.exec:vector:1.11.0-sidev-SNAPSHOT(runtime) -> dependency: joda-time:joda-time:2.9, scope: Compile, optional: false
09:37:03.449 [DEBUG] [org.gradle.api.internal.artifacts.ivyservice.resolveengine.graph.DependencyGraphBuilder] Visiting dependency org.apache.drill.exec:vector:1.11.0-sidev-SNAPSHOT(runtime) -> dependency: com.fasterxml.jackson.core:jackson-annotations:2.4.3, scope: Compile, optional: false
09:37:03.450 [DEBUG] [io.spring.gradle.dependencymanagement.internal.VersionConfiguringAction] Processing dependency 'com.fasterxml.jackson.core:jackson-annotations:2.4.3'
09:37:03.450 [DEBUG] [io.spring.gradle.dependencymanagement.internal.DependencyManagementContainer] Found managed version '2.8.0' for dependency 'com.fasterxml.jackson.core:jackson-annotations' in global dependency management
09:37:03.450 [DEBUG] [io.spring.gradle.dependencymanagement.internal.VersionConfiguringAction] Using version '2.8.0' for dependency 'com.fasterxml.jackson.core:jackson-annotations:2.4.3'
09:37:03.450 [DEBUG] [org.gradle.api.internal.artifacts.ivyservice.resolveengine.graph.DependencyGraphBuilder] Visiting dependency org.apache.drill.exec:vector:1.11.0-sidev-SNAPSHOT(runtime) -> dependency: com.fasterxml.jackson.core:jackson-databind:2.4.3, scope: Compile, optional: false
09:37:03.450 [DEBUG] [io.spring.gradle.dependencymanagement.internal.VersionConfiguringAction] Processing dependency 'com.fasterxml.jackson.core:jackson-databind:2.4.3'
09:37:03.450 [DEBUG] [io.spring.gradle.dependencymanagement.internal.DependencyManagementContainer] Found managed version '2.8.8' for dependency 'com.fasterxml.jackson.core:jackson-databind' in global dependency management
09:37:03.450 [DEBUG] [io.spring.gradle.dependencymanagement.internal.VersionConfiguringAction] Using version '2.8.8' for dependency 'com.fasterxml.jackson.core:jackson-databind:2.4.3'
09:37:03.450 [DEBUG] [org.gradle.api.internal.artifacts.ivyservice.resolveengine.graph.DependencyGraphBuilder] Visiting dependency org.apache.drill.exec:vector:1.11.0-sidev-SNAPSHOT(runtime) -> dependency: com.google.protobuf:protobuf-java:2.5.0, scope: Compile, optional: false
09:37:03.450 [DEBUG] [org.gradle.api.internal.artifacts.ivyservice.resolveengine.graph.DependencyGraphBuilder] Visiting dependency org.apache.drill.exec:vector:1.11.0-sidev-SNAPSHOT(runtime) -> dependency: com.carrotsearch:hppc:0.7.1, scope: Compile, optional: false
09:37:03.450 [DEBUG] [org.gradle.api.internal.artifacts.ivyservice.resolveengine.graph.DependencyGraphBuilder] Visiting dependency org.apache.drill.exec:vector:1.11.0-sidev-SNAPSHOT(runtime) -> dependency: io.netty:netty-handler:4.0.27.Final, scope: Compile, optional: false
09:37:03.450 [DEBUG] [org.gradle.api.internal.artifacts.ivyservice.resolveengine.graph.DependencyGraphBuilder] Visiting dependency org.apache.drill.exec:vector:1.11.0-sidev-SNAPSHOT(runtime) -> dependency: com.google.guava:guava:18.0, scope: Compile, optional: false
09:37:03.450 [DEBUG] [org.gradle.api.internal.artifacts.ivyservice.resolveengine.graph.DependencyGraphBuilder] Visiting dependency org.apache.drill.exec:vector:1.11.0-sidev-SNAPSHOT(runtime) -> dependency: org.slf4j:slf4j-api:1.7.6, scope: Compile, optional: false
09:37:03.450 [DEBUG] [org.gradle.api.internal.artifacts.ivyservice.resolveengine.graph.DependencyGraphBuilder] Visiting dependency org.apache.drill.exec:vector:1.11.0-sidev-SNAPSHOT(runtime) -> dependency: org.slf4j:jul-to-slf4j:1.7.6, scope: Compile, optional: false
09:37:03.450 [DEBUG] [org.gradle.api.internal.artifacts.ivyservice.resolveengine.graph.DependencyGraphBuilder] Visiting dependency org.apache.drill.exec:vector:1.11.0-sidev-SNAPSHOT(runtime) -> dependency: org.slf4j:jcl-over-slf4j:1.7.6, scope: Compile, optional: false
09:37:03.450 [DEBUG] [org.gradle.api.internal.artifacts.ivyservice.resolveengine.graph.DependencyGraphBuilder] Visiting dependency org.apache.drill.exec:vector:1.11.0-sidev-SNAPSHOT(runtime) -> dependency: commons-io:commons-io:2.4, scope: Compile, optional: false
09:37:03.450 [DEBUG] [org.gradle.api.internal.artifacts.ivyservice.resolveengine.graph.DependencyGraphBuilder] Visiting dependency org.apache.drill.exec:vector:1.11.0-sidev-SNAPSHOT(runtime) -> dependency: org.xerial.snappy:snappy-java:1.1.2.6, scope: Compile, optional: false
09:37:03.450 [DEBUG] [org.gradle.api.internal.artifacts.ivyservice.resolveengine.graph.DependencyGraphBuilder] Visiting configuration org.apache.curator:curator-x-discovery:2.7.1(runtime).
09:37:03.450 [DEBUG] [org.gradle.api.internal.artifacts.ivyservice.resolveengine.graph.DependencyGraphBuilder] Visiting dependency org.apache.curator:curator-x-discovery:2.7.1(runtime) -> dependency: org.apache.curator:curator-recipes:2.7.1, scope: Compile, optional: false
09:37:03.450 [DEBUG] [org.gradle.api.internal.artifacts.ivyservice.resolveengine.graph.DependencyGraphBuilder] Visiting dependency org.apache.curator:curator-x-discovery:2.7.1(runtime) -> dependency: org.codehaus.jackson:jackson-mapper-asl:1.9.13, scope: Compile, optional: false
09:37:03.451 [DEBUG] [org.gradle.api.internal.artifacts.ivyservice.resolveengine.graph.DependencyGraphBuilder] Visiting dependency org.apache.curator:curator-x-discovery:2.7.1(runtime) -> dependency: org.apache.zookeeper:zookeeper:3.4.6, scope: Compile, optional: false
09:37:03.451 [DEBUG] [org.gradle.api.internal.artifacts.ivyservice.resolveengine.graph.DependencyGraphBuilder] Visiting dependency org.apache.curator:curator-x-discovery:2.7.1(runtime) -> dependency: com.google.guava:guava:16.0.1, scope: Compile, optional: false
09:37:03.451 [DEBUG] [org.gradle.api.internal.artifacts.ivyservice.resolveengine.graph.DependencyGraphBuilder] Visiting configuration com.carrotsearch:hppc:0.7.1(runtime).
09:37:03.451 [DEBUG] [org.gradle.api.internal.artifacts.ivyservice.resolveengine.graph.DependencyGraphBuilder] Visiting configuration com.google.protobuf:protobuf-java:2.5.0(runtime).
09:37:03.451 [DEBUG] [org.gradle.api.internal.artifacts.ivyservice.resolveengine.graph.DependencyGraphBuilder] Changed edges for com.google.protobuf:protobuf-java:2.5.0(runtime) selects same versions as previous traversal. ignoring
09:37:03.451 [DEBUG] [org.gradle.api.internal.artifacts.ivyservice.resolveengine.graph.DependencyGraphBuilder] Visiting configuration joda-time:joda-time:2.9.9(runtime).
09:37:03.451 [DEBUG] [org.gradle.api.internal.artifacts.ivyservice.resolveengine.graph.DependencyGraphBuilder] Visiting configuration org.apache.hadoop:hadoop-client:2.7.1(runtime).
09:37:03.451 [DEBUG] [org.gradle.api.internal.artifacts.ivyservice.resolveengine.graph.DependencyGraphBuilder] org.apache.hadoop:hadoop-hdfs is excluded from org.apache.hadoop:hadoop-client:2.7.1(runtime).
09:37:03.451 [DEBUG] [org.gradle.api.internal.artifacts.ivyservice.resolveengine.graph.DependencyGraphBuilder] org.apache.hadoop:hadoop-mapreduce-client-app is excluded from org.apache.hadoop:hadoop-client:2.7.1(runtime).
09:37:03.451 [DEBUG] [org.gradle.api.internal.artifacts.ivyservice.resolveengine.graph.DependencyGraphBuilder] org.apache.hadoop:hadoop-yarn-api is excluded from org.apache.hadoop:hadoop-client:2.7.1(runtime).
09:37:03.451 [DEBUG] [org.gradle.api.internal.artifacts.ivyservice.resolveengine.graph.DependencyGraphBuilder] org.apache.hadoop:hadoop-mapreduce-client-core is excluded from org.apache.hadoop:hadoop-client:2.7.1(runtime).
09:37:03.451 [DEBUG] [org.gradle.api.internal.artifacts.ivyservice.resolveengine.graph.DependencyGraphBuilder] org.apache.hadoop:hadoop-mapreduce-client-jobclient is excluded from org.apache.hadoop:hadoop-client:2.7.1(runtime).
09:37:03.451 [DEBUG] [org.gradle.api.internal.artifacts.ivyservice.resolveengine.graph.DependencyGraphBuilder] Visiting dependency org.apache.hadoop:hadoop-client:2.7.1(runtime) -> dependency: org.apache.hadoop:hadoop-common:2.7.1, scope: Compile, optional: false
09:37:03.451 [DEBUG] [org.gradle.api.internal.artifacts.ivyservice.resolveengine.graph.DependencyGraphBuilder] Visiting dependency org.apache.hadoop:hadoop-client:2.7.1(runtime) -> dependency: org.apache.hadoop:hadoop-annotations:2.7.1, scope: Compile, optional: false
09:37:03.451 [DEBUG] [io.spring.gradle.dependencymanagement.internal.VersionConfiguringAction] Processing dependency 'org.apache.hadoop:hadoop-annotations:2.7.1'
09:37:03.451 [DEBUG] [io.spring.gradle.dependencymanagement.internal.VersionConfiguringAction] No dependency management for dependency 'org.apache.hadoop:hadoop-annotations:2.7.1'
09:37:03.451 [DEBUG] [org.gradle.api.internal.artifacts.ivyservice.resolveengine.graph.DependencyGraphBuilder] Found new conflicting module version org.apache.hadoop:hadoop-annotations:2.7.1
09:37:03.451 [DEBUG] [org.gradle.api.internal.artifacts.ivyservice.resolveengine.graph.DependencyGraphBuilder] Visiting configuration io.netty:netty-handler:4.0.27.Final(runtime).
09:37:03.451 [DEBUG] [org.gradle.api.internal.artifacts.ivyservice.resolveengine.graph.DependencyGraphBuilder] Visiting dependency io.netty:netty-handler:4.0.27.Final(runtime) -> dependency: io.netty:netty-buffer:4.0.27.Final, scope: Compile, optional: false
09:37:03.452 [DEBUG] [io.spring.gradle.dependencymanagement.internal.VersionConfiguringAction] Processing dependency 'io.netty:netty-buffer:4.0.27.Final'
09:37:03.452 [DEBUG] [io.spring.gradle.dependencymanagement.internal.VersionConfiguringAction] No dependency management for dependency 'io.netty:netty-buffer:4.0.27.Final'
09:37:03.452 [DEBUG] [org.gradle.api.internal.artifacts.ivyservice.resolveengine.graph.DependencyGraphBuilder] Selecting new module version io.netty:netty-buffer:4.0.27.Final
09:37:03.452 [DEBUG] [org.gradle.api.internal.artifacts.ivyservice.ivyresolve.RepositoryChainComponentMetaDataResolver] Attempting to resolve component for io.netty:netty-buffer:4.0.27.Final using repositories [MavenLocal, maven, maven2, maven3]
09:37:03.452 [DEBUG] [org.gradle.api.internal.artifacts.repositories.resolver.DefaultExternalResourceArtifactResolver] Loading file:/Users/michaelmennis/.m2/repository/io/netty/netty-buffer/4.0.27.Final/netty-buffer-4.0.27.Final.pom
09:37:03.456 [DEBUG] [org.gradle.api.internal.artifacts.ivyservice.ivyresolve.RepositoryChainComponentMetaDataResolver] Attempting to resolve component for io.netty:netty-parent:4.0.27.Final using repositories [MavenLocal, maven, maven2, maven3]
09:37:03.456 [DEBUG] [org.gradle.api.internal.artifacts.ivyservice.ivyresolve.RepositoryChainComponentMetaDataResolver] Using io.netty:netty-parent:4.0.27.Final from Maven repository 'MavenLocal'
09:37:03.458 [DEBUG] [org.gradle.api.internal.artifacts.ivyservice.ivyresolve.RepositoryChainComponentMetaDataResolver] Attempting to resolve component for org.sonatype.oss:oss-parent:9 using repositories [MavenLocal, maven, maven2, maven3]
09:37:03.458 [DEBUG] [org.gradle.api.internal.artifacts.ivyservice.ivyresolve.RepositoryChainComponentMetaDataResolver] Using org.sonatype.oss:oss-parent:9 from Maven repository 'MavenLocal'
09:37:03.460 [DEBUG] [org.gradle.api.internal.artifacts.repositories.resolver.DefaultExternalResourceArtifactResolver] Loading file:/Users/michaelmennis/.m2/repository/io/netty/netty-buffer/4.0.27.Final/netty-buffer-4.0.27.Final.jar
09:37:03.460 [DEBUG] [org.gradle.api.internal.artifacts.repositories.resolver.ExternalResourceResolver] Metadata file found for module 'io.netty:netty-buffer:4.0.27.Final' in repository 'MavenLocal'.
09:37:03.460 [DEBUG] [org.gradle.api.internal.artifacts.ivyservice.ivyresolve.RepositoryChainComponentMetaDataResolver] Using io.netty:netty-buffer:4.0.27.Final from Maven repository 'MavenLocal'
09:37:03.460 [DEBUG] [org.gradle.api.internal.artifacts.ivyservice.resolveengine.graph.DependencyGraphBuilder] Visiting dependency io.netty:netty-handler:4.0.27.Final(runtime) -> dependency: io.netty:netty-transport:4.0.27.Final, scope: Compile, optional: false
09:37:03.460 [DEBUG] [io.spring.gradle.dependencymanagement.internal.VersionConfiguringAction] Processing dependency 'io.netty:netty-transport:4.0.27.Final'
09:37:03.460 [DEBUG] [io.spring.gradle.dependencymanagement.internal.VersionConfiguringAction] No dependency management for dependency 'io.netty:netty-transport:4.0.27.Final'
09:37:03.460 [DEBUG] [org.gradle.api.internal.artifacts.ivyservice.resolveengine.graph.DependencyGraphBuilder] Selecting new module version io.netty:netty-transport:4.0.27.Final
09:37:03.460 [DEBUG] [org.gradle.api.internal.artifacts.ivyservice.ivyresolve.RepositoryChainComponentMetaDataResolver] Attempting to resolve component for io.netty:netty-transport:4.0.27.Final using repositories [MavenLocal, maven, maven2, maven3]
09:37:03.460 [DEBUG] [org.gradle.api.internal.artifacts.repositories.resolver.DefaultExternalResourceArtifactResolver] Loading file:/Users/michaelmennis/.m2/repository/io/netty/netty-transport/4.0.27.Final/netty-transport-4.0.27.Final.pom
09:37:03.461 [DEBUG] [org.gradle.api.internal.artifacts.ivyservice.ivyresolve.RepositoryChainComponentMetaDataResolver] Attempting to resolve component for io.netty:netty-parent:4.0.27.Final using repositories [MavenLocal, maven, maven2, maven3]
09:37:03.461 [DEBUG] [org.gradle.api.internal.artifacts.ivyservice.ivyresolve.RepositoryChainComponentMetaDataResolver] Using io.netty:netty-parent:4.0.27.Final from Maven repository 'MavenLocal'
09:37:03.463 [DEBUG] [org.gradle.api.internal.artifacts.ivyservice.ivyresolve.RepositoryChainComponentMetaDataResolver] Attempting to resolve component for org.sonatype.oss:oss-parent:9 using repositories [MavenLocal, maven, maven2, maven3]
09:37:03.463 [DEBUG] [org.gradle.api.internal.artifacts.ivyservice.ivyresolve.RepositoryChainComponentMetaDataResolver] Using org.sonatype.oss:oss-parent:9 from Maven repository 'MavenLocal'
09:37:03.465 [DEBUG] [org.gradle.api.internal.artifacts.repositories.resolver.DefaultExternalResourceArtifactResolver] Loading file:/Users/michaelmennis/.m2/repository/io/netty/netty-transport/4.0.27.Final/netty-transport-4.0.27.Final.jar
09:37:03.465 [DEBUG] [org.gradle.api.internal.artifacts.repositories.resolver.ExternalResourceResolver] Metadata file found for module 'io.netty:netty-transport:4.0.27.Final' in repository 'MavenLocal'.
09:37:03.465 [DEBUG] [org.gradle.api.internal.artifacts.ivyservice.ivyresolve.RepositoryChainComponentMetaDataResolver] Using io.netty:netty-transport:4.0.27.Final from Maven repository 'MavenLocal'
09:37:03.465 [DEBUG] [org.gradle.api.internal.artifacts.ivyservice.resolveengine.graph.DependencyGraphBuilder] Visiting dependency io.netty:netty-handler:4.0.27.Final(runtime) -> dependency: io.netty:netty-codec:4.0.27.Final, scope: Compile, optional: false
09:37:03.466 [DEBUG] [io.spring.gradle.dependencymanagement.internal.VersionConfiguringAction] Processing dependency 'io.netty:netty-codec:4.0.27.Final'
09:37:03.466 [DEBUG] [io.spring.gradle.dependencymanagement.internal.VersionConfiguringAction] No dependency management for dependency 'io.netty:netty-codec:4.0.27.Final'
09:37:03.466 [DEBUG] [org.gradle.api.internal.artifacts.ivyservice.resolveengine.graph.DependencyGraphBuilder] Selecting new module version io.netty:netty-codec:4.0.27.Final
09:37:03.466 [DEBUG] [org.gradle.api.internal.artifacts.ivyservice.ivyresolve.RepositoryChainComponentMetaDataResolver] Attempting to resolve component for io.netty:netty-codec:4.0.27.Final using repositories [MavenLocal, maven, maven2, maven3]
09:37:03.466 [DEBUG] [org.gradle.api.internal.artifacts.repositories.resolver.DefaultExternalResourceArtifactResolver] Loading file:/Users/michaelmennis/.m2/repository/io/netty/netty-codec/4.0.27.Final/netty-codec-4.0.27.Final.pom
09:37:03.467 [DEBUG] [org.gradle.api.internal.artifacts.ivyservice.ivyresolve.RepositoryChainComponentMetaDataResolver] Attempting to resolve component for io.netty:netty-parent:4.0.27.Final using repositories [MavenLocal, maven, maven2, maven3]
09:37:03.467 [DEBUG] [org.gradle.api.internal.artifacts.ivyservice.ivyresolve.RepositoryChainComponentMetaDataResolver] Using io.netty:netty-parent:4.0.27.Final from Maven repository 'MavenLocal'
09:37:03.469 [DEBUG] [org.gradle.api.internal.artifacts.ivyservice.ivyresolve.RepositoryChainComponentMetaDataResolver] Attempting to resolve component for org.sonatype.oss:oss-parent:9 using repositories [MavenLocal, maven, maven2, maven3]
09:37:03.469 [DEBUG] [org.gradle.api.internal.artifacts.ivyservice.ivyresolve.RepositoryChainComponentMetaDataResolver] Using org.sonatype.oss:oss-parent:9 from Maven repository 'MavenLocal'
09:37:03.472 [DEBUG] [org.gradle.api.internal.artifacts.repositories.resolver.DefaultExternalResourceArtifactResolver] Loading file:/Users/michaelmennis/.m2/repository/io/netty/netty-codec/4.0.27.Final/netty-codec-4.0.27.Final.jar
09:37:03.473 [DEBUG] [org.gradle.api.internal.artifacts.repositories.resolver.ExternalResourceResolver] Metadata file found for module 'io.netty:netty-codec:4.0.27.Final' in repository 'MavenLocal'.
09:37:03.473 [DEBUG] [org.gradle.api.internal.artifacts.ivyservice.ivyresolve.RepositoryChainComponentMetaDataResolver] Using io.netty:netty-codec:4.0.27.Final from Maven repository 'MavenLocal'
09:37:03.473 [DEBUG] [org.gradle.api.internal.artifacts.ivyservice.resolveengine.graph.DependencyGraphBuilder] Visiting configuration org.xerial.snappy:snappy-java:1.1.2.6(runtime).
09:37:03.473 [DEBUG] [org.gradle.api.internal.artifacts.ivyservice.resolveengine.graph.DependencyGraphBuilder] Visiting configuration com.codahale.metrics:metrics-core:3.0.1(runtime).
09:37:03.473 [DEBUG] [org.gradle.api.internal.artifacts.ivyservice.resolveengine.graph.DependencyGraphBuilder] Visiting dependency com.codahale.metrics:metrics-core:3.0.1(runtime) -> dependency: org.slf4j:slf4j-api:1.7.5, scope: Compile, optional: false
09:37:03.473 [DEBUG] [org.gradle.api.internal.artifacts.ivyservice.resolveengine.graph.DependencyGraphBuilder] Visiting configuration log4j:log4j:1.2.17(runtime).
09:37:03.473 [DEBUG] [org.gradle.api.internal.artifacts.ivyservice.resolveengine.graph.DependencyGraphBuilder] version for log4j:log4j:1.2.17(runtime) is not selected. ignoring.
09:37:03.473 [DEBUG] [org.gradle.api.internal.artifacts.ivyservice.resolveengine.graph.DependencyGraphBuilder] Visiting configuration org.apache.httpcomponents:httpcore:4.4.6(runtime).
09:37:03.473 [DEBUG] [org.gradle.api.internal.artifacts.ivyservice.resolveengine.graph.DependencyGraphBuilder] Visiting configuration commons-codec:commons-codec:1.10(runtime).
09:37:03.473 [DEBUG] [org.gradle.api.internal.artifacts.ivyservice.resolveengine.graph.DependencyGraphBuilder] Changed edges for commons-codec:commons-codec:1.10(runtime) selects same versions as previous traversal. ignoring
09:37:03.473 [DEBUG] [org.gradle.api.internal.artifacts.ivyservice.resolveengine.graph.DependencyGraphBuilder] Visiting configuration org.slf4j:slf4j-log4j12:1.7.25(runtime).
09:37:03.473 [DEBUG] [org.gradle.api.internal.artifacts.ivyservice.resolveengine.graph.DependencyGraphBuilder] Changed edges for org.slf4j:slf4j-log4j12:1.7.25(runtime) selects same versions as previous traversal. ignoring
09:37:03.473 [DEBUG] [org.gradle.api.internal.artifacts.ivyservice.resolveengine.graph.DependencyGraphBuilder] Visiting configuration jline:jline:0.9.94(runtime).
09:37:03.473 [DEBUG] [org.gradle.api.internal.artifacts.ivyservice.resolveengine.graph.DependencyGraphBuilder] jline:jline:0.9.94(runtime) has no incoming edges. ignoring.
09:37:03.473 [DEBUG] [org.gradle.api.internal.artifacts.ivyservice.resolveengine.graph.DependencyGraphBuilder] Visiting configuration com.google.guava:guava:18.0(runtime).
09:37:03.474 [DEBUG] [org.gradle.api.internal.artifacts.ivyservice.resolveengine.graph.DependencyGraphBuilder] Changed edges for com.google.guava:guava:18.0(runtime) selects same versions as previous traversal. ignoring
09:37:03.474 [DEBUG] [org.gradle.api.internal.artifacts.ivyservice.resolveengine.graph.DependencyGraphBuilder] Visiting configuration org.codehaus.groovy:groovy:2.4.11(runtime).
09:37:03.474 [DEBUG] [org.gradle.api.internal.artifacts.ivyservice.resolveengine.graph.DependencyGraphBuilder] Changed edges for org.codehaus.groovy:groovy:2.4.11(runtime) selects same versions as previous traversal. ignoring
09:37:03.474 [DEBUG] [org.gradle.api.internal.artifacts.ivyservice.resolveengine.graph.DependencyGraphBuilder] Visiting configuration org.slf4j:slf4j-api:1.7.25(runtime).
09:37:03.474 [DEBUG] [org.gradle.api.internal.artifacts.ivyservice.resolveengine.graph.DependencyGraphBuilder] Changed edges for org.slf4j:slf4j-api:1.7.25(runtime) selects same versions as previous traversal. ignoring
09:37:03.474 [DEBUG] [org.gradle.api.internal.artifacts.ivyservice.resolveengine.graph.DependencyGraphBuilder] Visiting configuration org.grails:grails-encoder:3.3.0(runtime).
09:37:03.474 [DEBUG] [org.gradle.api.internal.artifacts.ivyservice.resolveengine.graph.DependencyGraphBuilder] Changed edges for org.grails:grails-encoder:3.3.0(runtime) selects same versions as previous traversal. ignoring
09:37:03.474 [DEBUG] [org.gradle.api.internal.artifacts.ivyservice.resolveengine.graph.DependencyGraphBuilder] Visiting configuration org.grails:grails-web-common:3.3.0(runtime).
09:37:03.474 [DEBUG] [org.gradle.api.internal.artifacts.ivyservice.resolveengine.graph.DependencyGraphBuilder] Changed edges for org.grails:grails-web-common:3.3.0(runtime) selects same versions as previous traversal. ignoring
09:37:03.474 [DEBUG] [org.gradle.api.internal.artifacts.ivyservice.resolveengine.graph.DependencyGraphBuilder] Visiting configuration org.grails:grails-taglib:3.3.0(runtime).
09:37:03.474 [DEBUG] [org.gradle.api.internal.artifacts.ivyservice.resolveengine.graph.DependencyGraphBuilder] Changed edges for org.grails:grails-taglib:3.3.0(runtime) selects same versions as previous traversal. ignoring
09:37:03.474 [DEBUG] [org.gradle.api.internal.artifacts.ivyservice.resolveengine.graph.DependencyGraphBuilder] Visiting configuration org.springframework:spring-web:4.3.9.RELEASE(runtime).
09:37:03.474 [DEBUG] [org.gradle.api.internal.artifacts.ivyservice.resolveengine.graph.DependencyGraphBuilder] Changed edges for org.springframework:spring-web:4.3.9.RELEASE(runtime) selects same versions as previous traversal. ignoring
09:37:03.474 [DEBUG] [org.gradle.api.internal.artifacts.ivyservice.resolveengine.graph.DependencyGraphBuilder] Visiting configuration org.grails:grails-bootstrap:3.3.0(runtime).
09:37:03.474 [DEBUG] [org.gradle.api.internal.artifacts.ivyservice.resolveengine.graph.DependencyGraphBuilder] Visiting dependency org.grails:grails-bootstrap:3.3.0(runtime) -> dependency: org.codehaus.groovy:groovy:2.4.11, scope: Runtime, optional: false
09:37:03.475 [DEBUG] [org.gradle.api.internal.artifacts.ivyservice.resolveengine.graph.DependencyGraphBuilder] Visiting dependency org.grails:grails-bootstrap:3.3.0(runtime) -> dependency: org.slf4j:slf4j-api:1.7.22, scope: Runtime, optional: false
09:37:03.475 [DEBUG] [org.gradle.api.internal.artifacts.ivyservice.resolveengine.graph.DependencyGraphBuilder] Visiting dependency org.grails:grails-bootstrap:3.3.0(runtime) -> dependency: org.slf4j:jcl-over-slf4j:1.7.22, scope: Runtime, optional: false
09:37:03.475 [DEBUG] [org.gradle.api.internal.artifacts.ivyservice.resolveengine.graph.DependencyGraphBuilder] Visiting dependency org.grails:grails-bootstrap:3.3.0(runtime) -> dependency: org.codehaus.groovy:groovy-xml:2.4.11, scope: Runtime, optional: false
09:37:03.475 [DEBUG] [org.gradle.api.internal.artifacts.ivyservice.resolveengine.graph.DependencyGraphBuilder] Visiting dependency org.grails:grails-bootstrap:3.3.0(runtime) -> dependency: org.codehaus.groovy:groovy-templates:2.4.11, scope: Runtime, optional: false
09:37:03.475 [DEBUG] [org.gradle.api.internal.artifacts.ivyservice.resolveengine.graph.DependencyGraphBuilder] Visiting dependency org.grails:grails-bootstrap:3.3.0(runtime) -> dependency: org.yaml:snakeyaml:1.14, scope: Runtime, optional: false
09:37:03.475 [DEBUG] [org.gradle.api.internal.artifacts.ivyservice.resolveengine.graph.DependencyGraphBuilder] Visiting configuration org.yaml:snakeyaml:1.17(runtime).
09:37:03.475 [DEBUG] [org.gradle.api.internal.artifacts.ivyservice.resolveengine.graph.DependencyGraphBuilder] Changed edges for org.yaml:snakeyaml:1.17(runtime) selects same versions as previous traversal. ignoring
09:37:03.475 [DEBUG] [org.gradle.api.internal.artifacts.ivyservice.resolveengine.graph.DependencyGraphBuilder] Visiting configuration org.codehaus.groovy:groovy-templates:2.4.11(runtime).
09:37:03.475 [DEBUG] [org.gradle.api.internal.artifacts.ivyservice.resolveengine.graph.DependencyGraphBuilder] Changed edges for org.codehaus.groovy:groovy-templates:2.4.11(runtime) selects same versions as previous traversal. ignoring
09:37:03.475 [DEBUG] [org.gradle.api.internal.artifacts.ivyservice.resolveengine.graph.DependencyGraphBuilder] Visiting configuration org.codehaus.groovy:groovy-xml:2.4.11(runtime).
09:37:03.475 [DEBUG] [org.gradle.api.internal.artifacts.ivyservice.resolveengine.graph.DependencyGraphBuilder] Changed edges for org.codehaus.groovy:groovy-xml:2.4.11(runtime) selects same versions as previous traversal. ignoring
09:37:03.475 [DEBUG] [org.gradle.api.internal.artifacts.ivyservice.resolveengine.graph.DependencyGraphBuilder] Visiting configuration org.slf4j:slf4j-api:1.7.25(runtime).
09:37:03.475 [DEBUG] [org.gradle.api.internal.artifacts.ivyservice.resolveengine.graph.DependencyGraphBuilder] Changed edges for org.slf4j:slf4j-api:1.7.25(runtime) selects same versions as previous traversal. ignoring
09:37:03.475 [DEBUG] [org.gradle.api.internal.artifacts.ivyservice.resolveengine.graph.DependencyGraphBuilder] Visiting configuration org.codehaus.groovy:groovy:2.4.11(runtime).
09:37:03.476 [DEBUG] [org.gradle.api.internal.artifacts.ivyservice.resolveengine.graph.DependencyGraphBuilder] Changed edges for org.codehaus.groovy:groovy:2.4.11(runtime) selects same versions as previous traversal. ignoring
09:37:03.476 [DEBUG] [org.gradle.api.internal.artifacts.ivyservice.resolveengine.graph.DependencyGraphBuilder] Visiting configuration commons-collections:commons-collections:3.2.2(runtime).
09:37:03.476 [DEBUG] [org.gradle.api.internal.artifacts.ivyservice.resolveengine.graph.DependencyGraphBuilder] Visiting configuration com.fasterxml.jackson.jaxrs:jackson-jaxrs-base:2.8.8(runtime).
09:37:03.476 [DEBUG] [org.gradle.api.internal.artifacts.ivyservice.resolveengine.graph.DependencyGraphBuilder] Visiting dependency com.fasterxml.jackson.jaxrs:jackson-jaxrs-base:2.8.8(runtime) -> dependency: com.fasterxml.jackson.core:jackson-core:2.8.8, scope: Compile, optional: false
09:37:03.476 [DEBUG] [org.gradle.api.internal.artifacts.ivyservice.resolveengine.graph.DependencyGraphBuilder] Visiting dependency com.fasterxml.jackson.jaxrs:jackson-jaxrs-base:2.8.8(runtime) -> dependency: com.fasterxml.jackson.core:jackson-databind:2.8.8, scope: Compile, optional: false
09:37:03.476 [DEBUG] [org.gradle.api.internal.artifacts.ivyservice.resolveengine.graph.DependencyGraphBuilder] Visiting configuration com.fasterxml.jackson.core:jackson-core:2.8.8(runtime).
09:37:03.476 [DEBUG] [org.gradle.api.internal.artifacts.ivyservice.resolveengine.graph.DependencyGraphBuilder] Changed edges for com.fasterxml.jackson.core:jackson-core:2.8.8(runtime) selects same versions as previous traversal. ignoring
09:37:03.476 [DEBUG] [org.gradle.api.internal.artifacts.ivyservice.resolveengine.graph.DependencyGraphBuilder] Visiting configuration com.fasterxml.jackson.core:jackson-databind:2.8.8(runtime).
09:37:03.476 [DEBUG] [org.gradle.api.internal.artifacts.ivyservice.resolveengine.graph.DependencyGraphBuilder] Changed edges for com.fasterxml.jackson.core:jackson-databind:2.8.8(runtime) selects same versions as previous traversal. ignoring
09:37:03.476 [DEBUG] [org.gradle.api.internal.artifacts.ivyservice.resolveengine.graph.DependencyGraphBuilder] Visiting configuration com.fasterxml.jackson.module:jackson-module-jaxb-annotations:2.8.8(runtime).
09:37:03.476 [DEBUG] [org.gradle.api.internal.artifacts.ivyservice.resolveengine.graph.DependencyGraphBuilder] Visiting dependency com.fasterxml.jackson.module:jackson-module-jaxb-annotations:2.8.8(runtime) -> dependency: com.fasterxml.jackson.core:jackson-core:2.8.8, scope: Compile, optional: false
09:37:03.476 [DEBUG] [org.gradle.api.internal.artifacts.ivyservice.resolveengine.graph.DependencyGraphBuilder] Visiting dependency com.fasterxml.jackson.module:jackson-module-jaxb-annotations:2.8.8(runtime) -> dependency: com.fasterxml.jackson.core:jackson-annotations:2.8.0, scope: Compile, optional: false
09:37:03.476 [DEBUG] [org.gradle.api.internal.artifacts.ivyservice.resolveengine.graph.DependencyGraphBuilder] Visiting dependency com.fasterxml.jackson.module:jackson-module-jaxb-annotations:2.8.8(runtime) -> dependency: com.fasterxml.jackson.core:jackson-databind:2.8.8, scope: Compile, optional: false
09:37:03.476 [DEBUG] [org.gradle.api.internal.artifacts.ivyservice.resolveengine.graph.DependencyGraphBuilder] Visiting configuration com.dyuproject.protostuff:protostuff-core:1.0.8(runtime).
09:37:03.476 [DEBUG] [org.gradle.api.internal.artifacts.ivyservice.resolveengine.graph.DependencyGraphBuilder] Visiting dependency com.dyuproject.protostuff:protostuff-core:1.0.8(runtime) -> dependency: com.dyuproject.protostuff:protostuff-api:1.0.8, scope: Compile, optional: false
09:37:03.476 [DEBUG] [io.spring.gradle.dependencymanagement.internal.VersionConfiguringAction] Processing dependency 'com.dyuproject.protostuff:protostuff-api:1.0.8'
09:37:03.476 [DEBUG] [io.spring.gradle.dependencymanagement.internal.VersionConfiguringAction] No dependency management for dependency 'com.dyuproject.protostuff:protostuff-api:1.0.8'
09:37:03.477 [DEBUG] [org.gradle.api.internal.artifacts.ivyservice.resolveengine.graph.DependencyGraphBuilder] Selecting new module version com.dyuproject.protostuff:protostuff-api:1.0.8
09:37:03.477 [DEBUG] [org.gradle.api.internal.artifacts.ivyservice.ivyresolve.RepositoryChainComponentMetaDataResolver] Attempting to resolve component for com.dyuproject.protostuff:protostuff-api:1.0.8 using repositories [MavenLocal, maven, maven2, maven3]
09:37:03.477 [DEBUG] [org.gradle.api.internal.artifacts.repositories.resolver.DefaultExternalResourceArtifactResolver] Loading file:/Users/michaelmennis/.m2/repository/com/dyuproject/protostuff/protostuff-api/1.0.8/protostuff-api-1.0.8.pom
09:37:03.477 [DEBUG] [org.gradle.api.internal.artifacts.ivyservice.ivyresolve.RepositoryChainComponentMetaDataResolver] Attempting to resolve component for com.dyuproject.protostuff:protostuff:1.0.8 using repositories [MavenLocal, maven, maven2, maven3]
09:37:03.478 [DEBUG] [org.gradle.api.internal.artifacts.ivyservice.ivyresolve.RepositoryChainComponentMetaDataResolver] Using com.dyuproject.protostuff:protostuff:1.0.8 from Maven repository 'MavenLocal'
09:37:03.479 [DEBUG] [org.gradle.api.internal.artifacts.repositories.resolver.DefaultExternalResourceArtifactResolver] Loading file:/Users/michaelmennis/.m2/repository/com/dyuproject/protostuff/protostuff-api/1.0.8/protostuff-api-1.0.8.jar
09:37:03.479 [DEBUG] [org.gradle.api.internal.artifacts.repositories.resolver.ExternalResourceResolver] Metadata file found for module 'com.dyuproject.protostuff:protostuff-api:1.0.8' in repository 'MavenLocal'.
09:37:03.479 [DEBUG] [org.gradle.api.internal.artifacts.ivyservice.ivyresolve.RepositoryChainComponentMetaDataResolver] Using com.dyuproject.protostuff:protostuff-api:1.0.8 from Maven repository 'MavenLocal'
09:37:03.479 [DEBUG] [org.gradle.api.internal.artifacts.ivyservice.resolveengine.graph.DependencyGraphBuilder] Visiting configuration com.dyuproject.protostuff:protostuff-json:1.0.8(runtime).
09:37:03.479 [DEBUG] [org.gradle.api.internal.artifacts.ivyservice.resolveengine.graph.DependencyGraphBuilder] Visiting dependency com.dyuproject.protostuff:protostuff-json:1.0.8(runtime) -> dependency: com.dyuproject.protostuff:protostuff-api:1.0.8, scope: Compile, optional: false
09:37:03.479 [DEBUG] [org.gradle.api.internal.artifacts.ivyservice.resolveengine.graph.DependencyGraphBuilder] Visiting dependency com.dyuproject.protostuff:protostuff-json:1.0.8(runtime) -> dependency: org.codehaus.jackson:jackson-core-asl:1.9.13, scope: Compile, optional: false
09:37:03.479 [DEBUG] [org.gradle.api.internal.artifacts.ivyservice.resolveengine.graph.DependencyGraphBuilder] Visiting configuration org.slf4j:jul-to-slf4j:1.7.25(runtime).
09:37:03.479 [DEBUG] [org.gradle.api.internal.artifacts.ivyservice.resolveengine.graph.DependencyGraphBuilder] Changed edges for org.slf4j:jul-to-slf4j:1.7.25(runtime) selects same versions as previous traversal. ignoring
09:37:03.480 [DEBUG] [org.gradle.api.internal.artifacts.ivyservice.resolveengine.graph.DependencyGraphBuilder] Visiting configuration org.slf4j:jcl-over-slf4j:1.7.25(runtime).
09:37:03.480 [DEBUG] [org.gradle.api.internal.artifacts.ivyservice.resolveengine.graph.DependencyGraphBuilder] Changed edges for org.slf4j:jcl-over-slf4j:1.7.25(runtime) selects same versions as previous traversal. ignoring
09:37:03.480 [DEBUG] [org.gradle.api.internal.artifacts.ivyservice.resolveengine.graph.DependencyGraphBuilder] Visiting configuration commons-io:commons-io:2.4(runtime).
09:37:03.480 [DEBUG] [org.gradle.api.internal.artifacts.ivyservice.resolveengine.graph.DependencyGraphBuilder] Changed edges for commons-io:commons-io:2.4(runtime) selects same versions as previous traversal. ignoring
09:37:03.480 [DEBUG] [org.gradle.api.internal.artifacts.ivyservice.resolveengine.graph.DependencyGraphBuilder] Visiting configuration org.apache.drill:drill-protocol:1.11.0-sidev-SNAPSHOT(runtime).
09:37:03.480 [DEBUG] [org.gradle.api.internal.artifacts.ivyservice.resolveengine.graph.DependencyGraphBuilder] Changed edges for org.apache.drill:drill-protocol:1.11.0-sidev-SNAPSHOT(runtime) selects same versions as previous traversal. ignoring
09:37:03.480 [DEBUG] [org.gradle.api.internal.artifacts.ivyservice.resolveengine.graph.DependencyGraphBuilder] Visiting configuration junit:junit:4.12(runtime).
09:37:03.480 [DEBUG] [org.gradle.api.internal.artifacts.ivyservice.resolveengine.graph.DependencyGraphBuilder] Visiting dependency junit:junit:4.12(runtime) -> dependency: org.hamcrest:hamcrest-core:1.3, scope: Compile, optional: false
09:37:03.480 [DEBUG] [io.spring.gradle.dependencymanagement.internal.VersionConfiguringAction] Processing dependency 'org.hamcrest:hamcrest-core:1.3'
09:37:03.480 [DEBUG] [io.spring.gradle.dependencymanagement.internal.DependencyManagementContainer] Found managed version '1.3' for dependency 'org.hamcrest:hamcrest-core' in global dependency management
09:37:03.480 [DEBUG] [io.spring.gradle.dependencymanagement.internal.VersionConfiguringAction] Using version '1.3' for dependency 'org.hamcrest:hamcrest-core:1.3'
09:37:03.480 [DEBUG] [org.gradle.api.internal.artifacts.ivyservice.resolveengine.graph.DependencyGraphBuilder] Selecting new module version org.hamcrest:hamcrest-core:1.3
09:37:03.480 [DEBUG] [org.gradle.api.internal.artifacts.ivyservice.ivyresolve.RepositoryChainComponentMetaDataResolver] Attempting to resolve component for org.hamcrest:hamcrest-core:1.3 using repositories [MavenLocal, maven, maven2, maven3]
09:37:03.480 [DEBUG] [org.gradle.api.internal.artifacts.repositories.resolver.DefaultExternalResourceArtifactResolver] Loading file:/Users/michaelmennis/.m2/repository/org/hamcrest/hamcrest-core/1.3/hamcrest-core-1.3.pom
09:37:03.481 [DEBUG] [org.gradle.api.internal.artifacts.ivyservice.ivyresolve.RepositoryChainComponentMetaDataResolver] Attempting to resolve component for org.hamcrest:hamcrest-parent:1.3 using repositories [MavenLocal, maven, maven2, maven3]
09:37:03.482 [DEBUG] [org.gradle.api.internal.artifacts.repositories.resolver.DefaultExternalResourceArtifactResolver] Loading file:/Users/michaelmennis/.m2/repository/org/hamcrest/hamcrest-parent/1.3/hamcrest-parent-1.3.pom
09:37:03.483 [DEBUG] [org.gradle.api.internal.artifacts.repositories.resolver.ExternalResourceResolver] Metadata file found for module 'org.hamcrest:hamcrest-parent:1.3' in repository 'MavenLocal'.
09:37:03.483 [DEBUG] [org.gradle.api.internal.artifacts.ivyservice.ivyresolve.RepositoryChainComponentMetaDataResolver] Using org.hamcrest:hamcrest-parent:1.3 from Maven repository 'MavenLocal'
09:37:03.483 [DEBUG] [org.gradle.api.internal.artifacts.repositories.resolver.DefaultExternalResourceArtifactResolver] Loading file:/Users/michaelmennis/.m2/repository/org/hamcrest/hamcrest-parent/1.3/hamcrest-parent-1.3.pom
09:37:03.484 [DEBUG] [org.gradle.api.internal.artifacts.repositories.resolver.DefaultExternalResourceArtifactResolver] Loading file:/Users/michaelmennis/.m2/repository/org/hamcrest/hamcrest-core/1.3/hamcrest-core-1.3.jar
09:37:03.484 [DEBUG] [org.gradle.api.internal.artifacts.repositories.resolver.ExternalResourceResolver] Metadata file found for module 'org.hamcrest:hamcrest-core:1.3' in repository 'MavenLocal'.
09:37:03.484 [DEBUG] [org.gradle.api.internal.artifacts.ivyservice.ivyresolve.RepositoryChainComponentMetaDataResolver] Using org.hamcrest:hamcrest-core:1.3 from Maven repository 'MavenLocal'
09:37:03.484 [DEBUG] [org.gradle.api.internal.artifacts.ivyservice.resolveengine.graph.DependencyGraphBuilder] Visiting configuration com.typesafe:config:1.0.0(runtime).
09:37:03.484 [DEBUG] [org.gradle.api.internal.artifacts.ivyservice.resolveengine.graph.DependencyGraphBuilder] Visiting configuration org.apache.commons:commons-lang3:3.1(runtime).
09:37:03.484 [DEBUG] [org.gradle.api.internal.artifacts.ivyservice.resolveengine.graph.DependencyGraphBuilder] Visiting configuration org.reflections:reflections:0.9.8(runtime).
09:37:03.485 [DEBUG] [org.gradle.api.internal.artifacts.ivyservice.resolveengine.graph.DependencyGraphBuilder] Visiting dependency org.reflections:reflections:0.9.8(runtime) -> dependency: com.google.guava:guava:11.0.2, scope: Compile, optional: false
09:37:03.485 [DEBUG] [io.spring.gradle.dependencymanagement.internal.VersionConfiguringAction] Processing dependency 'com.google.guava:guava:11.0.2'
09:37:03.485 [DEBUG] [io.spring.gradle.dependencymanagement.internal.DependencyManagementContainer] Found managed version '18.0' for dependency 'com.google.guava:guava' in dependency management for configuration 'runtime'
09:37:03.485 [DEBUG] [io.spring.gradle.dependencymanagement.internal.VersionConfiguringAction] Using version '18.0' for dependency 'com.google.guava:guava:11.0.2'
09:37:03.485 [DEBUG] [org.gradle.api.internal.artifacts.ivyservice.resolveengine.graph.DependencyGraphBuilder] Visiting dependency org.reflections:reflections:0.9.8(runtime) -> dependency: javassist:javassist:3.12.1.GA, scope: Compile, optional: false
09:37:03.485 [DEBUG] [io.spring.gradle.dependencymanagement.internal.VersionConfiguringAction] Processing dependency 'javassist:javassist:3.12.1.GA'
09:37:03.485 [DEBUG] [io.spring.gradle.dependencymanagement.internal.VersionConfiguringAction] No dependency management for dependency 'javassist:javassist:3.12.1.GA'
09:37:03.485 [DEBUG] [org.gradle.api.internal.artifacts.ivyservice.resolveengine.graph.DependencyGraphBuilder] Selecting new module version javassist:javassist:3.12.1.GA
09:37:03.490 [DEBUG] [org.gradle.api.internal.artifacts.ivyservice.ivyresolve.RepositoryChainComponentMetaDataResolver] Attempting to resolve component for javassist:javassist:3.12.1.GA using repositories [MavenLocal, maven, maven2, maven3]
09:37:03.490 [DEBUG] [org.gradle.api.internal.artifacts.repositories.resolver.DefaultExternalResourceArtifactResolver] Loading file:/Users/michaelmennis/.m2/repository/javassist/javassist/3.12.1.GA/javassist-3.12.1.GA.pom
09:37:03.495 [DEBUG] [org.gradle.api.internal.artifacts.repositories.resolver.DefaultExternalResourceArtifactResolver] Loading file:/Users/michaelmennis/.m2/repository/javassist/javassist/3.12.1.GA/javassist-3.12.1.GA.jar
09:37:03.495 [DEBUG] [org.gradle.api.internal.artifacts.repositories.resolver.ExternalResourceResolver] Metadata file found for module 'javassist:javassist:3.12.1.GA' in repository 'MavenLocal'.
09:37:03.495 [DEBUG] [org.gradle.api.internal.artifacts.ivyservice.ivyresolve.RepositoryChainComponentMetaDataResolver] Using javassist:javassist:3.12.1.GA from Maven repository 'MavenLocal'
09:37:03.495 [DEBUG] [org.gradle.api.internal.artifacts.ivyservice.resolveengine.graph.DependencyGraphBuilder] Visiting dependency org.reflections:reflections:0.9.8(runtime) -> dependency: dom4j:dom4j:1.6.1, scope: Compile, optional: false
09:37:03.495 [DEBUG] [org.gradle.api.internal.artifacts.ivyservice.resolveengine.graph.DependencyGraphBuilder] Visiting configuration com.fasterxml.jackson.core:jackson-annotations:2.8.0(runtime).
09:37:03.495 [DEBUG] [org.gradle.api.internal.artifacts.ivyservice.resolveengine.graph.DependencyGraphBuilder] Changed edges for com.fasterxml.jackson.core:jackson-annotations:2.8.0(runtime) selects same versions as previous traversal. ignoring
09:37:03.495 [DEBUG] [org.gradle.api.internal.artifacts.ivyservice.resolveengine.graph.DependencyGraphBuilder] Visiting configuration org.apache.drill:drill-common:1.11.0-sidev-SNAPSHOT(runtime).
09:37:03.495 [DEBUG] [org.gradle.api.internal.artifacts.ivyservice.resolveengine.graph.DependencyGraphBuilder] Changed edges for org.apache.drill:drill-common:1.11.0-sidev-SNAPSHOT(runtime) selects same versions as previous traversal. ignoring
09:37:03.498 [DEBUG] [org.gradle.api.internal.artifacts.ivyservice.resolveengine.graph.DependencyGraphBuilder] Visiting configuration io.netty:netty-transport-native-epoll:4.0.27.Final(runtime).
09:37:03.498 [DEBUG] [org.gradle.api.internal.artifacts.ivyservice.resolveengine.graph.DependencyGraphBuilder] Visiting dependency io.netty:netty-transport-native-epoll:4.0.27.Final(runtime) -> dependency: io.netty:netty-common:4.0.27.Final, scope: Compile, optional: false
09:37:03.498 [DEBUG] [io.spring.gradle.dependencymanagement.internal.VersionConfiguringAction] Processing dependency 'io.netty:netty-common:4.0.27.Final'
09:37:03.498 [DEBUG] [io.spring.gradle.dependencymanagement.internal.VersionConfiguringAction] No dependency management for dependency 'io.netty:netty-common:4.0.27.Final'
09:37:03.498 [DEBUG] [org.gradle.api.internal.artifacts.ivyservice.resolveengine.graph.DependencyGraphBuilder] Selecting new module version io.netty:netty-common:4.0.27.Final
09:37:03.499 [DEBUG] [org.gradle.api.internal.artifacts.ivyservice.ivyresolve.RepositoryChainComponentMetaDataResolver] Attempting to resolve component for io.netty:netty-common:4.0.27.Final using repositories [MavenLocal, maven, maven2, maven3]
09:37:03.499 [DEBUG] [org.gradle.api.internal.artifacts.repositories.resolver.DefaultExternalResourceArtifactResolver] Loading file:/Users/michaelmennis/.m2/repository/io/netty/netty-common/4.0.27.Final/netty-common-4.0.27.Final.pom
09:37:03.500 [DEBUG] [org.gradle.api.internal.artifacts.ivyservice.ivyresolve.RepositoryChainComponentMetaDataResolver] Attempting to resolve component for io.netty:netty-parent:4.0.27.Final using repositories [MavenLocal, maven, maven2, maven3]
09:37:03.500 [DEBUG] [org.gradle.api.internal.artifacts.ivyservice.ivyresolve.RepositoryChainComponentMetaDataResolver] Using io.netty:netty-parent:4.0.27.Final from Maven repository 'MavenLocal'
09:37:03.502 [DEBUG] [org.gradle.api.internal.artifacts.ivyservice.ivyresolve.RepositoryChainComponentMetaDataResolver] Attempting to resolve component for org.sonatype.oss:oss-parent:9 using repositories [MavenLocal, maven, maven2, maven3]
09:37:03.503 [DEBUG] [org.gradle.api.internal.artifacts.ivyservice.ivyresolve.RepositoryChainComponentMetaDataResolver] Using org.sonatype.oss:oss-parent:9 from Maven repository 'MavenLocal'
09:37:03.504 [DEBUG] [org.gradle.api.internal.artifacts.repositories.resolver.DefaultExternalResourceArtifactResolver] Loading file:/Users/michaelmennis/.m2/repository/io/netty/netty-common/4.0.27.Final/netty-common-4.0.27.Final.jar
09:37:03.504 [DEBUG] [org.gradle.api.internal.artifacts.repositories.resolver.ExternalResourceResolver] Metadata file found for module 'io.netty:netty-common:4.0.27.Final' in repository 'MavenLocal'.
09:37:03.504 [DEBUG] [org.gradle.api.internal.artifacts.ivyservice.ivyresolve.RepositoryChainComponentMetaDataResolver] Using io.netty:netty-common:4.0.27.Final from Maven repository 'MavenLocal'
09:37:03.504 [DEBUG] [org.gradle.api.internal.artifacts.ivyservice.resolveengine.graph.DependencyGraphBuilder] Visiting dependency io.netty:netty-transport-native-epoll:4.0.27.Final(runtime) -> dependency: io.netty:netty-buffer:4.0.27.Final, scope: Compile, optional: false
09:37:03.505 [DEBUG] [org.gradle.api.internal.artifacts.ivyservice.resolveengine.graph.DependencyGraphBuilder] Visiting dependency io.netty:netty-transport-native-epoll:4.0.27.Final(runtime) -> dependency: io.netty:netty-transport:4.0.27.Final, scope: Compile, optional: false
09:37:03.505 [DEBUG] [org.gradle.api.internal.artifacts.ivyservice.resolveengine.graph.DependencyGraphBuilder] Visiting configuration org.apache.drill.memory:drill-memory-base:1.11.0-sidev-SNAPSHOT(runtime).
09:37:03.505 [DEBUG] [org.gradle.api.internal.artifacts.ivyservice.resolveengine.graph.DependencyGraphBuilder] Changed edges for org.apache.drill.memory:drill-memory-base:1.11.0-sidev-SNAPSHOT(runtime) selects same versions as previous traversal. ignoring
09:37:03.505 [DEBUG] [org.gradle.api.internal.artifacts.ivyservice.resolveengine.graph.DependencyGraphBuilder] Visiting configuration org.apache.curator:curator-recipes:2.7.1(runtime).
09:37:03.505 [DEBUG] [org.gradle.api.internal.artifacts.ivyservice.resolveengine.graph.DependencyGraphBuilder] Visiting dependency org.apache.curator:curator-recipes:2.7.1(runtime) -> dependency: org.apache.curator:curator-framework:2.7.1, scope: Compile, optional: false
09:37:03.505 [DEBUG] [org.gradle.api.internal.artifacts.ivyservice.resolveengine.graph.DependencyGraphBuilder] Visiting dependency org.apache.curator:curator-recipes:2.7.1(runtime) -> dependency: org.apache.zookeeper:zookeeper:3.4.6, scope: Compile, optional: false
09:37:03.505 [DEBUG] [org.gradle.api.internal.artifacts.ivyservice.resolveengine.graph.DependencyGraphBuilder] Visiting dependency org.apache.curator:curator-recipes:2.7.1(runtime) -> dependency: com.google.guava:guava:16.0.1, scope: Compile, optional: false
09:37:03.505 [DEBUG] [org.gradle.api.internal.artifacts.ivyservice.resolveengine.graph.DependencyGraphBuilder] Visiting configuration org.codehaus.jackson:jackson-mapper-asl:1.9.13(runtime).
09:37:03.505 [DEBUG] [org.gradle.api.internal.artifacts.ivyservice.resolveengine.graph.DependencyGraphBuilder] Visiting dependency org.codehaus.jackson:jackson-mapper-asl:1.9.13(runtime) -> dependency: org.codehaus.jackson:jackson-core-asl:1.9.13, scope: Compile, optional: false
09:37:03.505 [DEBUG] [org.gradle.api.internal.artifacts.ivyservice.resolveengine.graph.DependencyGraphBuilder] Visiting configuration io.netty:netty-buffer:4.0.27.Final(runtime).
09:37:03.505 [DEBUG] [org.gradle.api.internal.artifacts.ivyservice.resolveengine.graph.DependencyGraphBuilder] Visiting dependency io.netty:netty-buffer:4.0.27.Final(runtime) -> dependency: io.netty:netty-common:4.0.27.Final, scope: Compile, optional: false
09:37:03.505 [DEBUG] [org.gradle.api.internal.artifacts.ivyservice.resolveengine.graph.DependencyGraphBuilder] Visiting configuration io.netty:netty-transport:4.0.27.Final(runtime).
09:37:03.505 [DEBUG] [org.gradle.api.internal.artifacts.ivyservice.resolveengine.graph.DependencyGraphBuilder] Visiting dependency io.netty:netty-transport:4.0.27.Final(runtime) -> dependency: io.netty:netty-buffer:4.0.27.Final, scope: Compile, optional: false
09:37:03.505 [DEBUG] [org.gradle.api.internal.artifacts.ivyservice.resolveengine.graph.DependencyGraphBuilder] Visiting configuration io.netty:netty-codec:4.0.27.Final(runtime).
09:37:03.505 [DEBUG] [org.gradle.api.internal.artifacts.ivyservice.resolveengine.graph.DependencyGraphBuilder] Visiting dependency io.netty:netty-codec:4.0.27.Final(runtime) -> dependency: io.netty:netty-transport:4.0.27.Final, scope: Compile, optional: false
09:37:03.505 [DEBUG] [org.gradle.api.internal.artifacts.ivyservice.resolveengine.graph.DependencyGraphBuilder] Visiting configuration com.fasterxml.jackson.core:jackson-core:2.8.8(runtime).
09:37:03.505 [DEBUG] [org.gradle.api.internal.artifacts.ivyservice.resolveengine.graph.DependencyGraphBuilder] Changed edges for com.fasterxml.jackson.core:jackson-core:2.8.8(runtime) selects same versions as previous traversal. ignoring
09:37:03.505 [DEBUG] [org.gradle.api.internal.artifacts.ivyservice.resolveengine.graph.DependencyGraphBuilder] Visiting configuration com.fasterxml.jackson.core:jackson-databind:2.8.8(runtime).
09:37:03.505 [DEBUG] [org.gradle.api.internal.artifacts.ivyservice.resolveengine.graph.DependencyGraphBuilder] Changed edges for com.fasterxml.jackson.core:jackson-databind:2.8.8(runtime) selects same versions as previous traversal. ignoring
09:37:03.506 [DEBUG] [org.gradle.api.internal.artifacts.ivyservice.resolveengine.graph.DependencyGraphBuilder] Visiting configuration com.dyuproject.protostuff:protostuff-api:1.0.8(runtime).
09:37:03.506 [DEBUG] [org.gradle.api.internal.artifacts.ivyservice.resolveengine.graph.DependencyGraphBuilder] Visiting configuration org.codehaus.jackson:jackson-core-asl:1.9.13(runtime).
09:37:03.506 [DEBUG] [org.gradle.api.internal.artifacts.ivyservice.resolveengine.graph.DependencyGraphBuilder] Visiting configuration org.hamcrest:hamcrest-core:1.3(runtime).
09:37:03.506 [DEBUG] [org.gradle.api.internal.artifacts.ivyservice.resolveengine.graph.DependencyGraphBuilder] Visiting configuration com.google.guava:guava:18.0(runtime).
09:37:03.506 [DEBUG] [org.gradle.api.internal.artifacts.ivyservice.resolveengine.graph.DependencyGraphBuilder] Changed edges for com.google.guava:guava:18.0(runtime) selects same versions as previous traversal. ignoring
09:37:03.506 [DEBUG] [org.gradle.api.internal.artifacts.ivyservice.resolveengine.graph.DependencyGraphBuilder] Visiting configuration javassist:javassist:3.12.1.GA(runtime).
09:37:03.506 [DEBUG] [org.gradle.api.internal.artifacts.ivyservice.resolveengine.graph.DependencyGraphBuilder] Visiting configuration dom4j:dom4j:1.6.1(runtime).
09:37:03.506 [DEBUG] [org.gradle.api.internal.artifacts.ivyservice.resolveengine.graph.DependencyGraphBuilder] Changed edges for dom4j:dom4j:1.6.1(runtime) selects same versions as previous traversal. ignoring
09:37:03.506 [DEBUG] [org.gradle.api.internal.artifacts.ivyservice.resolveengine.graph.DependencyGraphBuilder] Visiting configuration io.netty:netty-common:4.0.27.Final(runtime).
09:37:03.506 [DEBUG] [org.gradle.api.internal.artifacts.ivyservice.resolveengine.graph.DependencyGraphBuilder] Visiting configuration org.apache.curator:curator-framework:2.7.1(runtime).
09:37:03.506 [DEBUG] [org.gradle.api.internal.artifacts.ivyservice.resolveengine.graph.DependencyGraphBuilder] Visiting dependency org.apache.curator:curator-framework:2.7.1(runtime) -> dependency: org.apache.curator:curator-client:2.7.1, scope: Compile, optional: false
09:37:03.506 [DEBUG] [org.gradle.api.internal.artifacts.ivyservice.resolveengine.graph.DependencyGraphBuilder] Visiting dependency org.apache.curator:curator-framework:2.7.1(runtime) -> dependency: org.apache.zookeeper:zookeeper:3.4.6, scope: Compile, optional: false
09:37:03.506 [DEBUG] [org.gradle.api.internal.artifacts.ivyservice.resolveengine.graph.DependencyGraphBuilder] Visiting dependency org.apache.curator:curator-framework:2.7.1(runtime) -> dependency: com.google.guava:guava:16.0.1, scope: Compile, optional: false
09:37:03.506 [DEBUG] [org.gradle.api.internal.artifacts.ivyservice.resolveengine.graph.DependencyGraphBuilder] Visiting configuration com.google.guava:guava:18.0(runtime).
09:37:03.507 [DEBUG] [org.gradle.api.internal.artifacts.ivyservice.resolveengine.graph.DependencyGraphBuilder] Changed edges for com.google.guava:guava:18.0(runtime) selects same versions as previous traversal. ignoring
09:37:03.507 [DEBUG] [org.gradle.api.internal.artifacts.ivyservice.resolveengine.graph.DependencyGraphBuilder] Visiting configuration org.apache.curator:curator-client:2.7.1(runtime).
09:37:03.507 [DEBUG] [org.gradle.api.internal.artifacts.ivyservice.resolveengine.graph.DependencyGraphBuilder] Visiting dependency org.apache.curator:curator-client:2.7.1(runtime) -> dependency: org.slf4j:slf4j-api:1.7.6, scope: Compile, optional: false
09:37:03.507 [DEBUG] [org.gradle.api.internal.artifacts.ivyservice.resolveengine.graph.DependencyGraphBuilder] Visiting dependency org.apache.curator:curator-client:2.7.1(runtime) -> dependency: org.apache.zookeeper:zookeeper:3.4.6, scope: Compile, optional: false
09:37:03.507 [DEBUG] [org.gradle.api.internal.artifacts.ivyservice.resolveengine.graph.DependencyGraphBuilder] Visiting dependency org.apache.curator:curator-client:2.7.1(runtime) -> dependency: com.google.guava:guava:16.0.1, scope: Compile, optional: false
09:37:03.507 [DEBUG] [org.gradle.api.internal.artifacts.ivyservice.resolveengine.graph.DependencyGraphBuilder] Visiting configuration com.google.guava:guava:18.0(runtime).
09:37:03.507 [DEBUG] [org.gradle.api.internal.artifacts.ivyservice.resolveengine.graph.DependencyGraphBuilder] Changed edges for com.google.guava:guava:18.0(runtime) selects same versions as previous traversal. ignoring
09:37:03.507 [DEBUG] [org.gradle.api.internal.artifacts.ivyservice.resolveengine.graph.DependencyGraphBuilder] Visiting configuration org.slf4j:slf4j-api:1.7.25(runtime).
09:37:03.507 [DEBUG] [org.gradle.api.internal.artifacts.ivyservice.resolveengine.graph.DependencyGraphBuilder] Changed edges for org.slf4j:slf4j-api:1.7.25(runtime) selects same versions as previous traversal. ignoring
09:37:03.507 [DEBUG] [org.gradle.api.internal.artifacts.ivyservice.resolveengine.graph.DependencyGraphBuilder] Visiting configuration io.netty:netty-buffer:4.0.27.Final(runtime).
09:37:03.507 [DEBUG] [org.gradle.api.internal.artifacts.ivyservice.resolveengine.graph.DependencyGraphBuilder] Changed edges for io.netty:netty-buffer:4.0.27.Final(runtime) selects same versions as previous traversal. ignoring
09:37:03.507 [DEBUG] [org.gradle.api.internal.artifacts.ivyservice.resolveengine.graph.DependencyGraphBuilder] Visiting configuration io.netty:netty-transport:4.0.27.Final(runtime).
09:37:03.507 [DEBUG] [org.gradle.api.internal.artifacts.ivyservice.resolveengine.graph.DependencyGraphBuilder] Changed edges for io.netty:netty-transport:4.0.27.Final(runtime) selects same versions as previous traversal. ignoring
09:37:03.508 [DEBUG] [org.gradle.api.internal.artifacts.ivyservice.resolveengine.graph.conflicts.DefaultConflictHandler] Selected commons-logging:commons-logging:1.2 from conflicting modules [commons-logging:commons-logging:1.2, commons-logging:commons-logging:1.1.1, commons-logging:commons-logging:1.1.3].
09:37:03.508 [DEBUG] [org.gradle.api.internal.artifacts.ivyservice.resolveengine.graph.DependencyGraphBuilder] Visiting configuration commons-logging:commons-logging:1.2(runtime).
09:37:03.508 [DEBUG] [org.gradle.api.internal.artifacts.ivyservice.resolveengine.graph.conflicts.DefaultConflictHandler] Selected xalan:serializer:2.7.2 from conflicting modules [xalan:serializer:2.7.2, xalan:serializer:2.7.1].
09:37:03.508 [DEBUG] [org.gradle.api.internal.artifacts.ivyservice.resolveengine.graph.DependencyGraphBuilder] Visiting configuration xalan:serializer:2.7.2(runtime).
09:37:03.508 [DEBUG] [org.gradle.api.internal.artifacts.ivyservice.resolveengine.graph.DependencyGraphBuilder] Visiting dependency xalan:serializer:2.7.2(runtime) -> dependency: xml-apis:xml-apis:1.3.04, scope: Compile, optional: false
09:37:03.508 [DEBUG] [org.gradle.api.internal.artifacts.ivyservice.resolveengine.graph.DependencyGraphBuilder] Visiting configuration xml-apis:xml-apis:1.4.01(runtime).
09:37:03.508 [DEBUG] [org.gradle.api.internal.artifacts.ivyservice.resolveengine.graph.DependencyGraphBuilder] Changed edges for xml-apis:xml-apis:1.4.01(runtime) selects same versions as previous traversal. ignoring
09:37:03.508 [DEBUG] [org.gradle.api.internal.artifacts.ivyservice.ivyresolve.RepositoryChainComponentMetaDataResolver] Attempting to resolve component for xerces:xercesImpl:2.11.0 using repositories [MavenLocal, maven, maven2, maven3]
09:37:03.509 [DEBUG] [org.gradle.api.internal.artifacts.repositories.resolver.DefaultExternalResourceArtifactResolver] Loading file:/Users/michaelmennis/.m2/repository/xerces/xercesImpl/2.11.0/xercesImpl-2.11.0.pom
09:37:03.510 [DEBUG] [org.gradle.api.internal.artifacts.repositories.resolver.DefaultExternalResourceArtifactResolver] Loading file:/Users/michaelmennis/.m2/repository/xerces/xercesImpl/2.11.0/xercesImpl-2.11.0.jar
09:37:03.510 [DEBUG] [org.gradle.api.internal.artifacts.repositories.resolver.ExternalResourceResolver] Metadata file found for module 'xerces:xercesImpl:2.11.0' in repository 'MavenLocal'.
09:37:03.510 [DEBUG] [org.gradle.api.internal.artifacts.ivyservice.ivyresolve.RepositoryChainComponentMetaDataResolver] Using xerces:xercesImpl:2.11.0 from Maven repository 'MavenLocal'
09:37:03.510 [DEBUG] [org.gradle.api.internal.artifacts.ivyservice.resolveengine.graph.conflicts.DefaultConflictHandler] Selected xerces:xercesImpl:2.11.0 from conflicting modules [xerces:xercesImpl:2.9.1, xerces:xercesImpl:2.11.0].
09:37:03.510 [DEBUG] [org.gradle.api.internal.artifacts.ivyservice.resolveengine.graph.DependencyGraphBuilder] Visiting configuration xerces:xercesImpl:2.9.1(runtime).
09:37:03.510 [DEBUG] [org.gradle.api.internal.artifacts.ivyservice.resolveengine.graph.DependencyGraphBuilder] version for xerces:xercesImpl:2.9.1(runtime) is not selected. ignoring.
09:37:03.510 [DEBUG] [org.gradle.api.internal.artifacts.ivyservice.resolveengine.graph.DependencyGraphBuilder] Visiting configuration xerces:xercesImpl:2.11.0(runtime).
09:37:03.510 [DEBUG] [org.gradle.api.internal.artifacts.ivyservice.resolveengine.graph.DependencyGraphBuilder] Visiting dependency xerces:xercesImpl:2.11.0(runtime) -> dependency: xml-apis:xml-apis:1.4.01, scope: Compile, optional: false
09:37:03.510 [DEBUG] [io.spring.gradle.dependencymanagement.internal.VersionConfiguringAction] Processing dependency 'xml-apis:xml-apis:1.4.01'
09:37:03.510 [DEBUG] [io.spring.gradle.dependencymanagement.internal.DependencyManagementContainer] Found managed version '1.4.01' for dependency 'xml-apis:xml-apis' in global dependency management
09:37:03.510 [DEBUG] [io.spring.gradle.dependencymanagement.internal.VersionConfiguringAction] Using version '1.4.01' for dependency 'xml-apis:xml-apis:1.4.01'
09:37:03.510 [DEBUG] [org.gradle.api.internal.artifacts.ivyservice.resolveengine.graph.DependencyGraphBuilder] Visiting configuration xml-apis:xml-apis:1.4.01(runtime).
09:37:03.510 [DEBUG] [org.gradle.api.internal.artifacts.ivyservice.resolveengine.graph.DependencyGraphBuilder] Changed edges for xml-apis:xml-apis:1.4.01(runtime) selects same versions as previous traversal. ignoring
09:37:03.511 [DEBUG] [org.gradle.api.internal.artifacts.ivyservice.ivyresolve.RepositoryChainComponentMetaDataResolver] Attempting to resolve component for org.apache.hadoop:hadoop-common:2.7.1 using repositories [MavenLocal, maven, maven2, maven3]
09:37:03.511 [DEBUG] [org.gradle.api.internal.artifacts.repositories.resolver.DefaultExternalResourceArtifactResolver] Loading file:/Users/michaelmennis/.m2/repository/org/apache/hadoop/hadoop-common/2.7.1/hadoop-common-2.7.1.pom
09:37:03.512 [DEBUG] [org.gradle.api.internal.artifacts.ivyservice.ivyresolve.RepositoryChainComponentMetaDataResolver] Attempting to resolve component for org.apache.hadoop:hadoop-project-dist:2.7.1 using repositories [MavenLocal, maven, maven2, maven3]
09:37:03.512 [DEBUG] [org.gradle.api.internal.artifacts.ivyservice.ivyresolve.RepositoryChainComponentMetaDataResolver] Using org.apache.hadoop:hadoop-project-dist:2.7.1 from Maven repository 'MavenLocal'
09:37:03.514 [DEBUG] [org.gradle.api.internal.artifacts.ivyservice.ivyresolve.RepositoryChainComponentMetaDataResolver] Attempting to resolve component for org.apache.hadoop:hadoop-project:2.7.1 using repositories [MavenLocal, maven, maven2, maven3]
09:37:03.514 [DEBUG] [org.gradle.api.internal.artifacts.ivyservice.ivyresolve.RepositoryChainComponentMetaDataResolver] Using org.apache.hadoop:hadoop-project:2.7.1 from Maven repository 'MavenLocal'
09:37:03.516 [DEBUG] [org.gradle.api.internal.artifacts.ivyservice.ivyresolve.RepositoryChainComponentMetaDataResolver] Attempting to resolve component for org.apache.hadoop:hadoop-main:2.7.1 using repositories [MavenLocal, maven, maven2, maven3]
09:37:03.516 [DEBUG] [org.gradle.api.internal.artifacts.ivyservice.ivyresolve.RepositoryChainComponentMetaDataResolver] Using org.apache.hadoop:hadoop-main:2.7.1 from Maven repository 'MavenLocal'
09:37:03.519 [DEBUG] [org.gradle.api.internal.artifacts.repositories.resolver.DefaultExternalResourceArtifactResolver] Loading file:/Users/michaelmennis/.m2/repository/org/apache/hadoop/hadoop-common/2.7.1/hadoop-common-2.7.1.jar
09:37:03.519 [DEBUG] [org.gradle.api.internal.artifacts.repositories.resolver.MavenResolver] POM file found for module 'org.apache.hadoop:hadoop-common:2.7.1' in repository 'MavenLocal' but no artifact found. Ignoring.
09:37:03.519 [DEBUG] [org.gradle.api.internal.artifacts.repositories.resolver.DefaultExternalResourceArtifactResolver] Loading file:/Users/michaelmennis/.m2/repository/org/apache/hadoop/hadoop-common/2.7.1/hadoop-common-2.7.1.jar
09:37:03.519 [DEBUG] [org.gradle.api.internal.artifacts.repositories.resolver.ExternalResourceResolver] No meta-data file or artifact found for module 'org.apache.hadoop:hadoop-common:2.7.1' in repository 'MavenLocal'.
09:37:03.520 [DEBUG] [org.gradle.api.internal.artifacts.ivyservice.ivyresolve.CachingModuleComponentRepository] Using cached module metadata for module 'org.apache.hadoop:hadoop-common:2.7.1' in 'maven'
09:37:03.520 [DEBUG] [org.gradle.api.internal.artifacts.ivyservice.ivyresolve.RepositoryChainComponentMetaDataResolver] Using org.apache.hadoop:hadoop-common:2.7.1 from Maven repository 'maven'
09:37:03.520 [DEBUG] [org.gradle.api.internal.artifacts.ivyservice.resolveengine.graph.conflicts.DefaultConflictHandler] Selected org.apache.hadoop:hadoop-common:2.7.1 from conflicting modules [org.apache.hadoop:hadoop-common:2.7.0-mapr-1506-SNAPSHOT, org.apache.hadoop:hadoop-common:2.7.1].
09:37:03.520 [DEBUG] [org.gradle.api.internal.artifacts.ivyservice.resolveengine.graph.DependencyGraphBuilder] Visiting configuration org.apache.hadoop:hadoop-common:2.7.0-mapr-1506-SNAPSHOT(runtime).
09:37:03.520 [DEBUG] [org.gradle.api.internal.artifacts.ivyservice.resolveengine.graph.DependencyGraphBuilder] version for org.apache.hadoop:hadoop-common:2.7.0-mapr-1506-SNAPSHOT(runtime) is not selected. ignoring.
09:37:03.520 [DEBUG] [org.gradle.api.internal.artifacts.ivyservice.resolveengine.graph.DependencyGraphBuilder] Visiting configuration org.apache.hadoop:hadoop-common:2.7.1(runtime).
09:37:03.521 [DEBUG] [org.gradle.api.internal.artifacts.ivyservice.resolveengine.graph.DependencyGraphBuilder] javax.servlet:servlet-api is excluded from org.apache.hadoop:hadoop-common:2.7.1(runtime).
09:37:03.521 [DEBUG] [org.gradle.api.internal.artifacts.ivyservice.resolveengine.graph.DependencyGraphBuilder] org.mortbay.jetty:jetty is excluded from org.apache.hadoop:hadoop-common:2.7.1(runtime).
09:37:03.521 [DEBUG] [org.gradle.api.internal.artifacts.ivyservice.resolveengine.graph.DependencyGraphBuilder] org.mortbay.jetty:jetty-util is excluded from org.apache.hadoop:hadoop-common:2.7.1(runtime).
09:37:03.521 [DEBUG] [org.gradle.api.internal.artifacts.ivyservice.resolveengine.graph.DependencyGraphBuilder] com.sun.jersey:jersey-core is excluded from org.apache.hadoop:hadoop-common:2.7.1(runtime).
09:37:03.521 [DEBUG] [org.gradle.api.internal.artifacts.ivyservice.resolveengine.graph.DependencyGraphBuilder] com.sun.jersey:jersey-json is excluded from org.apache.hadoop:hadoop-common:2.7.1(runtime).
09:37:03.521 [DEBUG] [org.gradle.api.internal.artifacts.ivyservice.resolveengine.graph.DependencyGraphBuilder] com.sun.jersey:jersey-server is excluded from org.apache.hadoop:hadoop-common:2.7.1(runtime).
09:37:03.521 [DEBUG] [org.gradle.api.internal.artifacts.ivyservice.resolveengine.graph.DependencyGraphBuilder] commons-logging:commons-logging is excluded from org.apache.hadoop:hadoop-common:2.7.1(runtime).
09:37:03.521 [DEBUG] [org.gradle.api.internal.artifacts.ivyservice.resolveengine.graph.DependencyGraphBuilder] net.java.dev.jets3t:jets3t is excluded from org.apache.hadoop:hadoop-common:2.7.1(runtime).
09:37:03.521 [DEBUG] [org.gradle.api.internal.artifacts.ivyservice.resolveengine.graph.DependencyGraphBuilder] org.apache.avro:avro is excluded from org.apache.hadoop:hadoop-common:2.7.1(runtime).
09:37:03.521 [DEBUG] [org.gradle.api.internal.artifacts.ivyservice.resolveengine.graph.DependencyGraphBuilder] Visiting dependency org.apache.hadoop:hadoop-common:2.7.1(runtime) -> dependency: org.apache.hadoop:hadoop-annotations:2.7.1, scope: Compile, optional: false
09:37:03.521 [DEBUG] [org.gradle.api.internal.artifacts.ivyservice.resolveengine.graph.DependencyGraphBuilder] Visiting dependency org.apache.hadoop:hadoop-common:2.7.1(runtime) -> dependency: com.google.guava:guava:11.0.2, scope: Compile, optional: false
09:37:03.521 [DEBUG] [org.gradle.api.internal.artifacts.ivyservice.resolveengine.graph.DependencyGraphBuilder] Visiting dependency org.apache.hadoop:hadoop-common:2.7.1(runtime) -> dependency: commons-cli:commons-cli:1.2, scope: Compile, optional: false
09:37:03.521 [DEBUG] [org.gradle.api.internal.artifacts.ivyservice.resolveengine.graph.DependencyGraphBuilder] Visiting dependency org.apache.hadoop:hadoop-common:2.7.1(runtime) -> dependency: org.apache.commons:commons-math3:3.1.1, scope: Compile, optional: false
09:37:03.521 [DEBUG] [org.gradle.api.internal.artifacts.ivyservice.resolveengine.graph.DependencyGraphBuilder] Visiting dependency org.apache.hadoop:hadoop-common:2.7.1(runtime) -> dependency: xmlenc:xmlenc:0.52, scope: Compile, optional: false
09:37:03.521 [DEBUG] [org.gradle.api.internal.artifacts.ivyservice.resolveengine.graph.DependencyGraphBuilder] Visiting dependency org.apache.hadoop:hadoop-common:2.7.1(runtime) -> dependency: commons-httpclient:commons-httpclient:3.1, scope: Compile, optional: false
09:37:03.521 [DEBUG] [org.gradle.api.internal.artifacts.ivyservice.resolveengine.graph.DependencyGraphBuilder] Visiting dependency org.apache.hadoop:hadoop-common:2.7.1(runtime) -> dependency: commons-codec:commons-codec:1.4, scope: Compile, optional: false
09:37:03.521 [DEBUG] [org.gradle.api.internal.artifacts.ivyservice.resolveengine.graph.DependencyGraphBuilder] Visiting dependency org.apache.hadoop:hadoop-common:2.7.1(runtime) -> dependency: commons-io:commons-io:2.4, scope: Compile, optional: false
09:37:03.521 [DEBUG] [org.gradle.api.internal.artifacts.ivyservice.resolveengine.graph.DependencyGraphBuilder] Visiting dependency org.apache.hadoop:hadoop-common:2.7.1(runtime) -> dependency: commons-net:commons-net:3.1, scope: Compile, optional: false
09:37:03.521 [DEBUG] [org.gradle.api.internal.artifacts.ivyservice.resolveengine.graph.DependencyGraphBuilder] Visiting dependency org.apache.hadoop:hadoop-common:2.7.1(runtime) -> dependency: commons-collections:commons-collections:3.2.1, scope: Compile, optional: false
09:37:03.522 [DEBUG] [io.spring.gradle.dependencymanagement.internal.VersionConfiguringAction] Processing dependency 'commons-collections:commons-collections:3.2.1'
09:37:03.522 [DEBUG] [io.spring.gradle.dependencymanagement.internal.DependencyManagementContainer] Found managed version '3.2.2' for dependency 'commons-collections:commons-collections' in global dependency management
09:37:03.522 [DEBUG] [io.spring.gradle.dependencymanagement.internal.VersionConfiguringAction] Using version '3.2.2' for dependency 'commons-collections:commons-collections:3.2.1'
09:37:03.522 [DEBUG] [org.gradle.api.internal.artifacts.ivyservice.resolveengine.graph.DependencyGraphBuilder] Visiting dependency org.apache.hadoop:hadoop-common:2.7.1(runtime) -> dependency: javax.servlet.jsp:jsp-api:2.1, scope: Runtime, optional: false
09:37:03.522 [DEBUG] [io.spring.gradle.dependencymanagement.internal.VersionConfiguringAction] Processing dependency 'javax.servlet.jsp:jsp-api:2.1'
09:37:03.522 [DEBUG] [io.spring.gradle.dependencymanagement.internal.VersionConfiguringAction] No dependency management for dependency 'javax.servlet.jsp:jsp-api:2.1'
09:37:03.522 [DEBUG] [org.gradle.api.internal.artifacts.ivyservice.resolveengine.graph.DependencyGraphBuilder] Selecting new module version javax.servlet.jsp:jsp-api:2.1
09:37:03.522 [DEBUG] [org.gradle.api.internal.artifacts.ivyservice.ivyresolve.RepositoryChainComponentMetaDataResolver] Attempting to resolve component for javax.servlet.jsp:jsp-api:2.1 using repositories [MavenLocal, maven, maven2, maven3]
09:37:03.522 [DEBUG] [org.gradle.api.internal.artifacts.repositories.resolver.DefaultExternalResourceArtifactResolver] Loading file:/Users/michaelmennis/.m2/repository/javax/servlet/jsp/jsp-api/2.1/jsp-api-2.1.pom
09:37:03.525 [ERROR] [system.err] [Fatal Error] jsp-api-2.1.pom:8:2: The markup in the document following the root element must be well-formed.
09:37:03.526 [DEBUG] [org.gradle.api.internal.artifacts.ivyservice.ivyresolve.CachingModuleComponentRepository] Using cached module metadata for module 'javax.servlet.jsp:jsp-api:2.1' in 'maven'
09:37:03.526 [DEBUG] [org.gradle.api.internal.artifacts.ivyservice.ivyresolve.RepositoryChainComponentMetaDataResolver] Using javax.servlet.jsp:jsp-api:2.1 from Maven repository 'maven'
09:37:03.526 [DEBUG] [org.gradle.api.internal.artifacts.ivyservice.ivyresolve.RepositoryChainComponentMetaDataResolver] Discarding resolve failure.
org.gradle.internal.resolve.ModuleVersionResolveException: Could not resolve javax.servlet.jsp:jsp-api:2.1.
	at org.gradle.api.internal.artifacts.ivyservice.ivyresolve.ErrorHandlingModuleComponentRepository$ErrorHandlingModuleComponentRepositoryAccess.resolveComponentMetaData(ErrorHandlingModuleComponentRepository.java:96)
	at org.gradle.api.internal.artifacts.ivyservice.ivyresolve.ComponentMetaDataResolveState.process(ComponentMetaDataResolveState.java:66)
	at org.gradle.api.internal.artifacts.ivyservice.ivyresolve.ComponentMetaDataResolveState.resolve(ComponentMetaDataResolveState.java:45)
	at org.gradle.api.internal.artifacts.ivyservice.ivyresolve.RepositoryChainComponentMetaDataResolver.findBestMatch(RepositoryChainComponentMetaDataResolver.java:116)
	at org.gradle.api.internal.artifacts.ivyservice.ivyresolve.RepositoryChainComponentMetaDataResolver.findBestMatch(RepositoryChainComponentMetaDataResolver.java:99)
	at org.gradle.api.internal.artifacts.ivyservice.ivyresolve.RepositoryChainComponentMetaDataResolver.resolveModule(RepositoryChainComponentMetaDataResolver.java:72)
	at org.gradle.api.internal.artifacts.ivyservice.ivyresolve.RepositoryChainComponentMetaDataResolver.resolve(RepositoryChainComponentMetaDataResolver.java:59)
	at org.gradle.api.internal.artifacts.ivyservice.resolveengine.ComponentResolversChain$ComponentMetaDataResolverChain.resolve(ComponentResolversChain.java:85)
	at org.gradle.api.internal.artifacts.ivyservice.clientmodule.ClientModuleResolver.resolve(ClientModuleResolver.java:45)
	at org.gradle.api.internal.artifacts.ivyservice.resolveengine.graph.DependencyGraphBuilder$ModuleVersionResolveState.resolve(DependencyGraphBuilder.java:608)
	at org.gradle.api.internal.artifacts.ivyservice.resolveengine.graph.DependencyGraphBuilder$ModuleVersionResolveState.getMetaData(DependencyGraphBuilder.java:619)
	at org.gradle.api.internal.artifacts.ivyservice.resolveengine.graph.DependencyGraphBuilder$DependencyEdge.calculateTargetConfigurations(DependencyGraphBuilder.java:274)
	at org.gradle.api.internal.artifacts.ivyservice.resolveengine.graph.DependencyGraphBuilder$DependencyEdge.attachToTargetConfigurations(DependencyGraphBuilder.java:247)
	at org.gradle.api.internal.artifacts.ivyservice.resolveengine.graph.DependencyGraphBuilder.traverseGraph(DependencyGraphBuilder.java:155)
	at org.gradle.api.internal.artifacts.ivyservice.resolveengine.graph.DependencyGraphBuilder.resolve(DependencyGraphBuilder.java:92)
	at org.gradle.api.internal.artifacts.ivyservice.resolveengine.DefaultArtifactDependencyResolver.resolve(DefaultArtifactDependencyResolver.java:82)
	at org.gradle.api.internal.artifacts.ivyservice.CacheLockingArtifactDependencyResolver$1.run(CacheLockingArtifactDependencyResolver.java:41)
	at org.gradle.internal.Factories$1.create(Factories.java:25)
	at org.gradle.cache.internal.DefaultCacheAccess.useCache(DefaultCacheAccess.java:179)
	at org.gradle.cache.internal.DefaultCacheAccess.useCache(DefaultCacheAccess.java:162)
	at org.gradle.cache.internal.DefaultPersistentDirectoryStore.useCache(DefaultPersistentDirectoryStore.java:129)
	at org.gradle.cache.internal.DefaultCacheFactory$ReferenceTrackingCache.useCache(DefaultCacheFactory.java:191)
	at org.gradle.api.internal.artifacts.ivyservice.DefaultCacheLockingManager.useCache(DefaultCacheLockingManager.java:56)
	at org.gradle.api.internal.artifacts.ivyservice.CacheLockingArtifactDependencyResolver.resolve(CacheLockingArtifactDependencyResolver.java:39)
	at org.gradle.api.internal.artifacts.ivyservice.DefaultConfigurationResolver.resolve(DefaultConfigurationResolver.java:97)
	at org.gradle.api.internal.artifacts.ivyservice.SelfResolvingDependencyConfigurationResolver.resolve(SelfResolvingDependencyConfigurationResolver.java:40)
	at org.gradle.api.internal.artifacts.ivyservice.ShortCircuitEmptyConfigurationResolver.resolve(ShortCircuitEmptyConfigurationResolver.java:62)
	at org.gradle.api.internal.artifacts.ivyservice.ErrorHandlingConfigurationResolver.resolve(ErrorHandlingConfigurationResolver.java:43)
	at org.gradle.api.internal.artifacts.configurations.DefaultConfiguration.resolveGraphIfRequired(DefaultConfiguration.java:399)
	at org.gradle.api.internal.artifacts.configurations.DefaultConfiguration.resolveNow(DefaultConfiguration.java:374)
	at org.gradle.api.internal.artifacts.configurations.DefaultConfiguration.getResolvedConfiguration(DefaultConfiguration.java:367)
	at org.gradle.api.internal.artifacts.configurations.DefaultConfiguration_Decorated.getResolvedConfiguration(Unknown Source)
	at org.gradle.api.internal.artifacts.configurations.DefaultConfiguration$ConfigurationFileCollection.getFiles(DefaultConfiguration.java:694)
	at org.gradle.api.internal.artifacts.configurations.DefaultConfiguration.getFiles(DefaultConfiguration.java:320)
	at org.gradle.api.internal.artifacts.configurations.DefaultConfiguration_Decorated.getFiles(Unknown Source)
	at sun.reflect.GeneratedMethodAccessor84.invoke(Unknown Source)
	at sun.reflect.DelegatingMethodAccessorImpl.invoke(DelegatingMethodAccessorImpl.java:43)
	at java.lang.reflect.Method.invoke(Method.java:498)
	at org.codehaus.groovy.reflection.CachedMethod.invoke(CachedMethod.java:93)
	at groovy.lang.MetaBeanProperty.getProperty(MetaBeanProperty.java:62)
	at org.gradle.internal.metaobject.BeanDynamicObject$MetaClassAdapter.getProperty(BeanDynamicObject.java:197)
	at org.gradle.internal.metaobject.BeanDynamicObject.getProperty(BeanDynamicObject.java:150)
	at org.gradle.internal.metaobject.CompositeDynamicObject.getProperty(CompositeDynamicObject.java:55)
	at org.gradle.internal.metaobject.AbstractDynamicObject.getProperty(AbstractDynamicObject.java:60)
	at org.gradle.api.internal.artifacts.configurations.DefaultConfiguration_Decorated.getProperty(Unknown Source)
	at org.codehaus.groovy.runtime.callsite.PogoGetPropertySite.getProperty(PogoGetPropertySite.java:50)
	at org.codehaus.groovy.runtime.callsite.AbstractCallSite.callGetProperty(AbstractCallSite.java:296)
	at org.grails.gradle.plugin.core.GrailsGradlePlugin$_createPathingJarTask_closure20$_closure40.doCall(GrailsGradlePlugin.groovy:583)
	at sun.reflect.NativeMethodAccessorImpl.invoke0(Native Method)
	at sun.reflect.NativeMethodAccessorImpl.invoke(NativeMethodAccessorImpl.java:62)
	at sun.reflect.DelegatingMethodAccessorImpl.invoke(DelegatingMethodAccessorImpl.java:43)
	at java.lang.reflect.Method.invoke(Method.java:498)
	at org.codehaus.groovy.reflection.CachedMethod.invoke(CachedMethod.java:93)
	at groovy.lang.MetaMethod.doMethodInvoke(MetaMethod.java:325)
	at org.codehaus.groovy.runtime.metaclass.ClosureMetaClass.invokeMethod(ClosureMetaClass.java:294)
	at groovy.lang.MetaClassImpl.invokeMethod(MetaClassImpl.java:1024)
	at groovy.lang.Closure.call(Closure.java:414)
	at groovy.lang.Closure.call(Closure.java:430)
	at org.codehaus.groovy.runtime.DefaultGroovyMethods.each(DefaultGroovyMethods.java:2030)
	at org.codehaus.groovy.runtime.DefaultGroovyMethods.each(DefaultGroovyMethods.java:1890)
	at org.codehaus.groovy.runtime.dgm$159.invoke(Unknown Source)
	at org.codehaus.groovy.runtime.callsite.PojoMetaMethodSite$PojoMetaMethodSiteNoUnwrapNoCoerce.invoke(PojoMetaMethodSite.java:274)
	at org.codehaus.groovy.runtime.callsite.PojoMetaMethodSite.call(PojoMetaMethodSite.java:56)
	at org.codehaus.groovy.runtime.callsite.AbstractCallSite.call(AbstractCallSite.java:125)
	at org.grails.gradle.plugin.core.GrailsGradlePlugin$_createPathingJarTask_closure20.doCall(GrailsGradlePlugin.groovy:582)
	at sun.reflect.NativeMethodAccessorImpl.invoke0(Native Method)
	at sun.reflect.NativeMethodAccessorImpl.invoke(NativeMethodAccessorImpl.java:62)
	at sun.reflect.DelegatingMethodAccessorImpl.invoke(DelegatingMethodAccessorImpl.java:43)
	at java.lang.reflect.Method.invoke(Method.java:498)
	at org.codehaus.groovy.reflection.CachedMethod.invoke(CachedMethod.java:93)
	at groovy.lang.MetaMethod.doMethodInvoke(MetaMethod.java:325)
	at org.codehaus.groovy.runtime.metaclass.ClosureMetaClass.invokeMethod(ClosureMetaClass.java:294)
	at groovy.lang.MetaClassImpl.invokeMethod(MetaClassImpl.java:1024)
	at groovy.lang.Closure.call(Closure.java:414)
	at groovy.lang.Closure.call(Closure.java:430)
	at org.gradle.api.internal.ClosureBackedAction.execute(ClosureBackedAction.java:70)
	at org.gradle.util.ConfigureUtil.configureTarget(ConfigureUtil.java:160)
	at org.gradle.util.ConfigureUtil.configureSelf(ConfigureUtil.java:136)
	at org.gradle.api.internal.AbstractTask.configure(AbstractTask.java:520)
	at org.gradle.api.internal.AbstractTask.configure(AbstractTask.java:77)
	at org.gradle.util.ConfigureUtil.configure(ConfigureUtil.java:104)
	at org.gradle.util.ConfigureUtil$1.execute(ConfigureUtil.java:123)
	at org.gradle.api.internal.tasks.DefaultTaskContainer.create(DefaultTaskContainer.java:129)
	at org.gradle.api.internal.tasks.DefaultTaskContainer_Decorated.create(Unknown Source)
	at org.gradle.api.internal.tasks.DefaultTaskContainer_Decorated$create.call(Unknown Source)
	at org.grails.gradle.plugin.core.GrailsGradlePlugin.createPathingJarTask(GrailsGradlePlugin.groovy:577)
	at sun.reflect.NativeMethodAccessorImpl.invoke0(Native Method)
	at sun.reflect.NativeMethodAccessorImpl.invoke(NativeMethodAccessorImpl.java:62)
	at sun.reflect.DelegatingMethodAccessorImpl.invoke(DelegatingMethodAccessorImpl.java:43)
	at java.lang.reflect.Method.invoke(Method.java:498)
	at org.codehaus.groovy.reflection.CachedMethod.invoke(CachedMethod.java:93)
	at groovy.lang.MetaMethod.doMethodInvoke(MetaMethod.java:325)
	at org.codehaus.groovy.runtime.metaclass.ClosureMetaClass.invokeMethod(ClosureMetaClass.java:384)
	at groovy.lang.MetaClassImpl.invokeMethod(MetaClassImpl.java:1024)
	at org.codehaus.groovy.runtime.callsite.PogoMetaClassSite.callCurrent(PogoMetaClassSite.java:69)
	at org.codehaus.groovy.runtime.callsite.AbstractCallSite.callCurrent(AbstractCallSite.java:182)
	at org.grails.gradle.plugin.core.GrailsGradlePlugin$_configurePathingJar_closure23.doCall(GrailsGradlePlugin.groovy:635)
	at sun.reflect.NativeMethodAccessorImpl.invoke0(Native Method)
	at sun.reflect.NativeMethodAccessorImpl.invoke(NativeMethodAccessorImpl.java:62)
	at sun.reflect.DelegatingMethodAccessorImpl.invoke(DelegatingMethodAccessorImpl.java:43)
	at java.lang.reflect.Method.invoke(Method.java:498)
	at org.codehaus.groovy.reflection.CachedMethod.invoke(CachedMethod.java:93)
	at groovy.lang.MetaMethod.doMethodInvoke(MetaMethod.java:325)
	at org.codehaus.groovy.runtime.metaclass.ClosureMetaClass.invokeMethod(ClosureMetaClass.java:294)
	at groovy.lang.MetaClassImpl.invokeMethod(MetaClassImpl.java:1024)
	at groovy.lang.Closure.call(Closure.java:414)
	at org.gradle.listener.ClosureBackedMethodInvocationDispatch.dispatch(ClosureBackedMethodInvocationDispatch.java:40)
	at org.gradle.listener.ClosureBackedMethodInvocationDispatch.dispatch(ClosureBackedMethodInvocationDispatch.java:25)
	at org.gradle.internal.event.AbstractBroadcastDispatch.dispatch(AbstractBroadcastDispatch.java:44)
	at org.gradle.internal.event.BroadcastDispatch.dispatch(BroadcastDispatch.java:79)
	at org.gradle.internal.event.BroadcastDispatch.dispatch(BroadcastDispatch.java:30)
	at org.gradle.internal.dispatch.ProxyDispatchAdapter$DispatchingInvocationHandler.invoke(ProxyDispatchAdapter.java:93)
	at com.sun.proxy.$Proxy15.afterEvaluate(Unknown Source)
	at org.gradle.configuration.project.LifecycleProjectEvaluator.notifyAfterEvaluate(LifecycleProjectEvaluator.java:67)
	at org.gradle.configuration.project.LifecycleProjectEvaluator.evaluate(LifecycleProjectEvaluator.java:61)
	at org.gradle.api.internal.project.DefaultProject.evaluate(DefaultProject.java:573)
	at org.gradle.api.internal.project.DefaultProject.evaluate(DefaultProject.java:125)
	at org.gradle.execution.TaskPathProjectEvaluator.configureHierarchy(TaskPathProjectEvaluator.java:42)
	at org.gradle.configuration.DefaultBuildConfigurer.configure(DefaultBuildConfigurer.java:38)
	at org.gradle.initialization.DefaultGradleLauncher$2.run(DefaultGradleLauncher.java:162)
	at org.gradle.internal.Factories$1.create(Factories.java:25)
	at org.gradle.internal.progress.DefaultBuildOperationExecutor.run(DefaultBuildOperationExecutor.java:91)
	at org.gradle.internal.progress.DefaultBuildOperationExecutor.run(DefaultBuildOperationExecutor.java:53)
	at org.gradle.initialization.DefaultGradleLauncher.doBuildStages(DefaultGradleLauncher.java:159)
	at org.gradle.initialization.DefaultGradleLauncher.access$200(DefaultGradleLauncher.java:36)
	at org.gradle.initialization.DefaultGradleLauncher$1.create(DefaultGradleLauncher.java:118)
	at org.gradle.initialization.DefaultGradleLauncher$1.create(DefaultGradleLauncher.java:112)
	at org.gradle.internal.progress.DefaultBuildOperationExecutor.run(DefaultBuildOperationExecutor.java:91)
	at org.gradle.internal.progress.DefaultBuildOperationExecutor.run(DefaultBuildOperationExecutor.java:63)
	at org.gradle.initialization.DefaultGradleLauncher.doBuild(DefaultGradleLauncher.java:112)
	at org.gradle.initialization.DefaultGradleLauncher.run(DefaultGradleLauncher.java:98)
	at org.gradle.launcher.exec.GradleBuildController.run(GradleBuildController.java:66)
	at org.gradle.tooling.internal.provider.ExecuteBuildActionRunner.run(ExecuteBuildActionRunner.java:28)
	at org.gradle.launcher.exec.ChainingBuildActionRunner.run(ChainingBuildActionRunner.java:35)
	at org.gradle.launcher.exec.InProcessBuildActionExecuter.execute(InProcessBuildActionExecuter.java:41)
	at org.gradle.launcher.exec.InProcessBuildActionExecuter.execute(InProcessBuildActionExecuter.java:26)
	at org.gradle.tooling.internal.provider.ContinuousBuildActionExecuter.execute(ContinuousBuildActionExecuter.java:75)
	at org.gradle.tooling.internal.provider.ContinuousBuildActionExecuter.execute(ContinuousBuildActionExecuter.java:49)
	at org.gradle.tooling.internal.provider.ServicesSetupBuildActionExecuter.execute(ServicesSetupBuildActionExecuter.java:44)
	at org.gradle.tooling.internal.provider.ServicesSetupBuildActionExecuter.execute(ServicesSetupBuildActionExecuter.java:29)
	at org.gradle.launcher.daemon.server.exec.ExecuteBuild.doBuild(ExecuteBuild.java:67)
	at org.gradle.launcher.daemon.server.exec.BuildCommandOnly.execute(BuildCommandOnly.java:36)
	at org.gradle.launcher.daemon.server.api.DaemonCommandExecution.proceed(DaemonCommandExecution.java:120)
	at org.gradle.launcher.daemon.server.exec.WatchForDisconnection.execute(WatchForDisconnection.java:47)
	at org.gradle.launcher.daemon.server.api.DaemonCommandExecution.proceed(DaemonCommandExecution.java:120)
	at org.gradle.launcher.daemon.server.exec.ResetDeprecationLogger.execute(ResetDeprecationLogger.java:26)
	at org.gradle.launcher.daemon.server.api.DaemonCommandExecution.proceed(DaemonCommandExecution.java:120)
	at org.gradle.launcher.daemon.server.exec.RequestStopIfSingleUsedDaemon.execute(RequestStopIfSingleUsedDaemon.java:34)
	at org.gradle.launcher.daemon.server.api.DaemonCommandExecution.proceed(DaemonCommandExecution.java:120)
	at org.gradle.launcher.daemon.server.exec.ForwardClientInput$2.call(ForwardClientInput.java:74)
	at org.gradle.launcher.daemon.server.exec.ForwardClientInput$2.call(ForwardClientInput.java:72)
	at org.gradle.util.Swapper.swap(Swapper.java:38)
	at org.gradle.launcher.daemon.server.exec.ForwardClientInput.execute(ForwardClientInput.java:72)
	at org.gradle.launcher.daemon.server.api.DaemonCommandExecution.proceed(DaemonCommandExecution.java:120)
	at org.gradle.launcher.daemon.server.exec.LogAndCheckHealth.execute(LogAndCheckHealth.java:55)
	at org.gradle.launcher.daemon.server.api.DaemonCommandExecution.proceed(DaemonCommandExecution.java:120)
	at org.gradle.launcher.daemon.server.exec.LogToClient.doBuild(LogToClient.java:60)
	at org.gradle.launcher.daemon.server.exec.BuildCommandOnly.execute(BuildCommandOnly.java:36)
	at org.gradle.launcher.daemon.server.api.DaemonCommandExecution.proceed(DaemonCommandExecution.java:120)
	at org.gradle.launcher.daemon.server.exec.EstablishBuildEnvironment.doBuild(EstablishBuildEnvironment.java:72)
	at org.gradle.launcher.daemon.server.exec.BuildCommandOnly.execute(BuildCommandOnly.java:36)
	at org.gradle.launcher.daemon.server.api.DaemonCommandExecution.proceed(DaemonCommandExecution.java:120)
	at org.gradle.launcher.daemon.server.exec.StartBuildOrRespondWithBusy$1.run(StartBuildOrRespondWithBusy.java:50)
	at org.gradle.launcher.daemon.server.DaemonStateCoordinator$1.run(DaemonStateCoordinator.java:293)
	at org.gradle.internal.concurrent.ExecutorPolicy$CatchAndRecordFailures.onExecute(ExecutorPolicy.java:54)
	at org.gradle.internal.concurrent.StoppableExecutorImpl$1.run(StoppableExecutorImpl.java:40)
	at java.util.concurrent.ThreadPoolExecutor.runWorker(ThreadPoolExecutor.java:1142)
	at java.util.concurrent.ThreadPoolExecutor$Worker.run(ThreadPoolExecutor.java:617)
	at java.lang.Thread.run(Thread.java:745)
Caused by: org.gradle.api.internal.artifacts.ivyservice.ivyresolve.parser.MetaDataParseException: Could not parse POM /Users/michaelmennis/.m2/repository/javax/servlet/jsp/jsp-api/2.1/jsp-api-2.1.pom
	at org.gradle.api.internal.artifacts.ivyservice.ivyresolve.parser.PomReader$2.transform(PomReader.java:139)
	at org.gradle.api.internal.artifacts.ivyservice.ivyresolve.parser.PomReader$2.transform(PomReader.java:134)
	at org.gradle.internal.resource.AbstractExternalResource.withContent(AbstractExternalResource.java:96)
	at org.gradle.api.internal.artifacts.ivyservice.ivyresolve.parser.PomReader.<init>(PomReader.java:134)
	at org.gradle.api.internal.artifacts.ivyservice.ivyresolve.parser.GradlePomModuleDescriptorParser.doParseDescriptor(GradlePomModuleDescriptorParser.java:69)
	at org.gradle.api.internal.artifacts.ivyservice.ivyresolve.parser.GradlePomModuleDescriptorParser.doParseDescriptor(GradlePomModuleDescriptorParser.java:48)
	at org.gradle.api.internal.artifacts.ivyservice.ivyresolve.parser.AbstractModuleDescriptorParser.parseDescriptor(AbstractModuleDescriptorParser.java:44)
	at org.gradle.api.internal.artifacts.ivyservice.ivyresolve.parser.AbstractModuleDescriptorParser.parseMetaData(AbstractModuleDescriptorParser.java:39)
	at org.gradle.api.internal.artifacts.repositories.resolver.MavenResolver.parseMetaDataFromResource(MavenResolver.java:212)
	at org.gradle.api.internal.artifacts.repositories.resolver.MavenResolver.parseMetaDataFromResource(MavenResolver.java:56)
	at org.gradle.api.internal.artifacts.repositories.resolver.ExternalResourceResolver.parseMetaDataFromArtifact(ExternalResourceResolver.java:204)
	at org.gradle.api.internal.artifacts.repositories.resolver.MavenLocalResolver.parseMetaDataFromArtifact(MavenLocalResolver.java:47)
	at org.gradle.api.internal.artifacts.repositories.resolver.MavenLocalResolver.parseMetaDataFromArtifact(MavenLocalResolver.java:34)
	at org.gradle.api.internal.artifacts.repositories.resolver.ExternalResourceResolver.resolveStaticDependency(ExternalResourceResolver.java:175)
	at org.gradle.api.internal.artifacts.repositories.resolver.MavenResolver.doResolveComponentMetaData(MavenResolver.java:110)
	at org.gradle.api.internal.artifacts.repositories.resolver.ExternalResourceResolver$RemoteRepositoryAccess.resolveComponentMetaData(ExternalResourceResolver.java:455)
	at org.gradle.api.internal.artifacts.ivyservice.ivyresolve.LocalModuleComponentRepository$LocalAccess.resolveComponentMetaData(LocalModuleComponentRepository.java:69)
	at org.gradle.api.internal.artifacts.ivyservice.ivyresolve.BaseModuleComponentRepositoryAccess.resolveComponentMetaData(BaseModuleComponentRepositoryAccess.java:49)
	at org.gradle.api.internal.artifacts.ivyservice.ivyresolve.memcache.InMemoryCachedModuleComponentRepository$CachedAccess.resolveComponentMetaData(InMemoryCachedModuleComponentRepository.java:82)
	at org.gradle.api.internal.artifacts.ivyservice.ivyresolve.ErrorHandlingModuleComponentRepository$ErrorHandlingModuleComponentRepositoryAccess.resolveComponentMetaData(ErrorHandlingModuleComponentRepository.java:94)
	... 168 more
Caused by: org.xml.sax.SAXParseException; systemId: file:/Users/michaelmennis/.m2/repository/javax/servlet/jsp/jsp-api/2.1/jsp-api-2.1.pom; lineNumber: 8; columnNumber: 2; The markup in the document following the root element must be well-formed.
	at com.sun.org.apache.xerces.internal.parsers.DOMParser.parse(DOMParser.java:257)
	at com.sun.org.apache.xerces.internal.jaxp.DocumentBuilderImpl.parse(DocumentBuilderImpl.java:339)
	at javax.xml.parsers.DocumentBuilder.parse(DocumentBuilder.java:150)
	at org.gradle.api.internal.artifacts.ivyservice.ivyresolve.parser.PomReader.parseToDom(PomReader.java:249)
	at org.gradle.api.internal.artifacts.ivyservice.ivyresolve.parser.PomReader.access$100(PomReader.java:59)
	at org.gradle.api.internal.artifacts.ivyservice.ivyresolve.parser.PomReader$2.transform(PomReader.java:137)
	... 187 more
09:37:03.530 [DEBUG] [org.gradle.api.internal.artifacts.ivyservice.resolveengine.graph.DependencyGraphBuilder] Visiting dependency org.apache.hadoop:hadoop-common:2.7.1(runtime) -> dependency: log4j:log4j:1.2.17, scope: Compile, optional: false
09:37:03.530 [DEBUG] [org.gradle.api.internal.artifacts.ivyservice.resolveengine.graph.DependencyGraphBuilder] Visiting dependency org.apache.hadoop:hadoop-common:2.7.1(runtime) -> dependency: commons-lang:commons-lang:2.6, scope: Compile, optional: false
09:37:03.530 [DEBUG] [org.gradle.api.internal.artifacts.ivyservice.resolveengine.graph.DependencyGraphBuilder] Visiting dependency org.apache.hadoop:hadoop-common:2.7.1(runtime) -> dependency: commons-configuration:commons-configuration:1.6, scope: Compile, optional: false
09:37:03.530 [DEBUG] [org.gradle.api.internal.artifacts.ivyservice.resolveengine.graph.DependencyGraphBuilder] Visiting dependency org.apache.hadoop:hadoop-common:2.7.1(runtime) -> dependency: org.slf4j:slf4j-api:1.7.10, scope: Compile, optional: false
09:37:03.530 [DEBUG] [org.gradle.api.internal.artifacts.ivyservice.resolveengine.graph.DependencyGraphBuilder] Visiting dependency org.apache.hadoop:hadoop-common:2.7.1(runtime) -> dependency: org.slf4j:slf4j-log4j12:1.7.10, scope: Runtime, optional: false
09:37:03.530 [DEBUG] [org.gradle.api.internal.artifacts.ivyservice.resolveengine.graph.DependencyGraphBuilder] Visiting dependency org.apache.hadoop:hadoop-common:2.7.1(runtime) -> dependency: org.codehaus.jackson:jackson-core-asl:1.9.13, scope: Compile, optional: false
09:37:03.531 [DEBUG] [org.gradle.api.internal.artifacts.ivyservice.resolveengine.graph.DependencyGraphBuilder] Visiting dependency org.apache.hadoop:hadoop-common:2.7.1(runtime) -> dependency: org.codehaus.jackson:jackson-mapper-asl:1.9.13, scope: Compile, optional: false
09:37:03.531 [DEBUG] [org.gradle.api.internal.artifacts.ivyservice.resolveengine.graph.DependencyGraphBuilder] Visiting dependency org.apache.hadoop:hadoop-common:2.7.1(runtime) -> dependency: com.google.protobuf:protobuf-java:2.5.0, scope: Compile, optional: false
09:37:03.531 [DEBUG] [org.gradle.api.internal.artifacts.ivyservice.resolveengine.graph.DependencyGraphBuilder] Visiting dependency org.apache.hadoop:hadoop-common:2.7.1(runtime) -> dependency: com.google.code.gson:gson:2.2.4, scope: Compile, optional: false
09:37:03.531 [DEBUG] [org.gradle.api.internal.artifacts.ivyservice.resolveengine.graph.DependencyGraphBuilder] Visiting dependency org.apache.hadoop:hadoop-common:2.7.1(runtime) -> dependency: org.apache.hadoop:hadoop-auth:2.7.1, scope: Compile, optional: false
09:37:03.531 [DEBUG] [io.spring.gradle.dependencymanagement.internal.VersionConfiguringAction] Processing dependency 'org.apache.hadoop:hadoop-auth:2.7.1'
09:37:03.531 [DEBUG] [io.spring.gradle.dependencymanagement.internal.VersionConfiguringAction] No dependency management for dependency 'org.apache.hadoop:hadoop-auth:2.7.1'
09:37:03.531 [DEBUG] [org.gradle.api.internal.artifacts.ivyservice.resolveengine.graph.DependencyGraphBuilder] Found new conflicting module version org.apache.hadoop:hadoop-auth:2.7.1
09:37:03.531 [DEBUG] [org.gradle.api.internal.artifacts.ivyservice.resolveengine.graph.DependencyGraphBuilder] Visiting dependency org.apache.hadoop:hadoop-common:2.7.1(runtime) -> dependency: com.jcraft:jsch:0.1.42, scope: Compile, optional: false
09:37:03.531 [DEBUG] [io.spring.gradle.dependencymanagement.internal.VersionConfiguringAction] Processing dependency 'com.jcraft:jsch:0.1.42'
09:37:03.531 [DEBUG] [io.spring.gradle.dependencymanagement.internal.DependencyManagementContainer] Found managed version '0.1.52' for dependency 'com.jcraft:jsch' in dependency management for configuration 'runtime'
09:37:03.531 [DEBUG] [io.spring.gradle.dependencymanagement.internal.VersionConfiguringAction] Using version '0.1.52' for dependency 'com.jcraft:jsch:0.1.42'
09:37:03.531 [DEBUG] [org.gradle.api.internal.artifacts.ivyservice.resolveengine.graph.DependencyGraphBuilder] Visiting dependency org.apache.hadoop:hadoop-common:2.7.1(runtime) -> dependency: org.apache.curator:curator-client:2.7.1, scope: Compile, optional: false
09:37:03.531 [DEBUG] [org.gradle.api.internal.artifacts.ivyservice.resolveengine.graph.DependencyGraphBuilder] Visiting dependency org.apache.hadoop:hadoop-common:2.7.1(runtime) -> dependency: org.apache.curator:curator-recipes:2.7.1, scope: Compile, optional: false
09:37:03.531 [DEBUG] [org.gradle.api.internal.artifacts.ivyservice.resolveengine.graph.DependencyGraphBuilder] Visiting dependency org.apache.hadoop:hadoop-common:2.7.1(runtime) -> dependency: com.google.code.findbugs:jsr305:3.0.0, scope: Compile, optional: false
09:37:03.531 [DEBUG] [io.spring.gradle.dependencymanagement.internal.VersionConfiguringAction] Processing dependency 'com.google.code.findbugs:jsr305:3.0.0'
09:37:03.531 [DEBUG] [io.spring.gradle.dependencymanagement.internal.VersionConfiguringAction] No dependency management for dependency 'com.google.code.findbugs:jsr305:3.0.0'
09:37:03.531 [DEBUG] [org.gradle.api.internal.artifacts.ivyservice.resolveengine.graph.DependencyGraphBuilder] Selecting new module version com.google.code.findbugs:jsr305:3.0.0
09:37:03.531 [DEBUG] [org.gradle.api.internal.artifacts.ivyservice.ivyresolve.RepositoryChainComponentMetaDataResolver] Attempting to resolve component for com.google.code.findbugs:jsr305:3.0.0 using repositories [MavenLocal, maven, maven2, maven3]
09:37:03.532 [DEBUG] [org.gradle.api.internal.artifacts.repositories.resolver.DefaultExternalResourceArtifactResolver] Loading file:/Users/michaelmennis/.m2/repository/com/google/code/findbugs/jsr305/3.0.0/jsr305-3.0.0.pom
09:37:03.535 [DEBUG] [org.gradle.api.internal.artifacts.repositories.resolver.DefaultExternalResourceArtifactResolver] Loading file:/Users/michaelmennis/.m2/repository/com/google/code/findbugs/jsr305/3.0.0/jsr305-3.0.0.jar
09:37:03.535 [DEBUG] [org.gradle.api.internal.artifacts.repositories.resolver.ExternalResourceResolver] Metadata file found for module 'com.google.code.findbugs:jsr305:3.0.0' in repository 'MavenLocal'.
09:37:03.536 [DEBUG] [org.gradle.api.internal.artifacts.ivyservice.ivyresolve.RepositoryChainComponentMetaDataResolver] Using com.google.code.findbugs:jsr305:3.0.0 from Maven repository 'MavenLocal'
09:37:03.536 [DEBUG] [org.gradle.api.internal.artifacts.ivyservice.resolveengine.graph.DependencyGraphBuilder] Visiting dependency org.apache.hadoop:hadoop-common:2.7.1(runtime) -> dependency: org.apache.htrace:htrace-core:3.1.0-incubating, scope: Compile, optional: false
09:37:03.536 [DEBUG] [org.gradle.api.internal.artifacts.ivyservice.resolveengine.graph.DependencyGraphBuilder] Visiting dependency org.apache.hadoop:hadoop-common:2.7.1(runtime) -> dependency: org.apache.zookeeper:zookeeper:3.4.6, scope: Compile, optional: false
09:37:03.536 [DEBUG] [org.gradle.api.internal.artifacts.ivyservice.resolveengine.graph.DependencyGraphBuilder] Visiting dependency org.apache.hadoop:hadoop-common:2.7.1(runtime) -> dependency: org.apache.commons:commons-compress:1.4.1, scope: Compile, optional: false
09:37:03.536 [DEBUG] [org.gradle.api.internal.artifacts.ivyservice.resolveengine.graph.DependencyGraphBuilder] Visiting configuration org.apache.curator:curator-framework:2.7.1(runtime).
09:37:03.536 [DEBUG] [org.gradle.api.internal.artifacts.ivyservice.resolveengine.graph.DependencyGraphBuilder] Visiting dependency org.apache.curator:curator-framework:2.7.1(runtime) -> dependency: org.apache.curator:curator-client:2.7.1, scope: Compile, optional: false
09:37:03.536 [DEBUG] [org.gradle.api.internal.artifacts.ivyservice.resolveengine.graph.DependencyGraphBuilder] Visiting dependency org.apache.curator:curator-framework:2.7.1(runtime) -> dependency: org.apache.zookeeper:zookeeper:3.4.6, scope: Compile, optional: false
09:37:03.536 [DEBUG] [org.gradle.api.internal.artifacts.ivyservice.resolveengine.graph.DependencyGraphBuilder] Visiting dependency org.apache.curator:curator-framework:2.7.1(runtime) -> dependency: com.google.guava:guava:16.0.1, scope: Compile, optional: false
09:37:03.536 [DEBUG] [org.gradle.api.internal.artifacts.ivyservice.resolveengine.graph.DependencyGraphBuilder] Visiting configuration org.apache.zookeeper:zookeeper:3.4.5-mapr-1503(runtime).
09:37:03.536 [DEBUG] [org.gradle.api.internal.artifacts.ivyservice.resolveengine.graph.DependencyGraphBuilder] version for org.apache.zookeeper:zookeeper:3.4.5-mapr-1503(runtime) is not selected. ignoring.
09:37:03.537 [DEBUG] [org.gradle.api.internal.artifacts.ivyservice.resolveengine.graph.DependencyGraphBuilder] Visiting configuration org.apache.httpcomponents:httpclient:4.5.3(runtime).
09:37:03.537 [DEBUG] [org.gradle.api.internal.artifacts.ivyservice.resolveengine.graph.DependencyGraphBuilder] org.apache.httpcomponents:httpclient:4.5.3(runtime) has no incoming edges. ignoring.
09:37:03.537 [DEBUG] [org.gradle.api.internal.artifacts.ivyservice.resolveengine.graph.DependencyGraphBuilder] Visiting configuration org.apache.httpcomponents:httpcore:4.4.6(runtime).
09:37:03.537 [DEBUG] [org.gradle.api.internal.artifacts.ivyservice.resolveengine.graph.DependencyGraphBuilder] org.apache.httpcomponents:httpcore:4.4.6(runtime) has no incoming edges. ignoring.
09:37:03.537 [DEBUG] [org.gradle.api.internal.artifacts.ivyservice.resolveengine.graph.DependencyGraphBuilder] Visiting configuration log4j:log4j:1.2.17(runtime).
09:37:03.537 [DEBUG] [org.gradle.api.internal.artifacts.ivyservice.resolveengine.graph.DependencyGraphBuilder] version for log4j:log4j:1.2.17(runtime) is not selected. ignoring.
09:37:03.537 [DEBUG] [org.gradle.api.internal.artifacts.ivyservice.resolveengine.graph.DependencyGraphBuilder] Visiting configuration commons-logging:commons-logging:1.2(runtime).
09:37:03.537 [DEBUG] [org.gradle.api.internal.artifacts.ivyservice.resolveengine.graph.DependencyGraphBuilder] Changed edges for commons-logging:commons-logging:1.2(runtime) selects same versions as previous traversal. ignoring
09:37:03.537 [DEBUG] [org.gradle.api.internal.artifacts.ivyservice.resolveengine.graph.DependencyGraphBuilder] Visiting configuration com.google.guava:guava:18.0(runtime).
09:37:03.537 [DEBUG] [org.gradle.api.internal.artifacts.ivyservice.resolveengine.graph.DependencyGraphBuilder] Changed edges for com.google.guava:guava:18.0(runtime) selects same versions as previous traversal. ignoring
09:37:03.537 [DEBUG] [org.gradle.api.internal.artifacts.ivyservice.resolveengine.graph.DependencyGraphBuilder] Visiting configuration commons-cli:commons-cli:1.2(runtime).
09:37:03.537 [DEBUG] [org.gradle.api.internal.artifacts.ivyservice.resolveengine.graph.DependencyGraphBuilder] Visiting configuration org.apache.commons:commons-math3:3.1.1(runtime).
09:37:03.537 [DEBUG] [org.gradle.api.internal.artifacts.ivyservice.resolveengine.graph.DependencyGraphBuilder] Visiting configuration xmlenc:xmlenc:0.52(runtime).
09:37:03.537 [DEBUG] [org.gradle.api.internal.artifacts.ivyservice.resolveengine.graph.DependencyGraphBuilder] Visiting configuration commons-httpclient:commons-httpclient:3.1(runtime).
09:37:03.537 [DEBUG] [org.gradle.api.internal.artifacts.ivyservice.resolveengine.graph.DependencyGraphBuilder] commons-logging:commons-logging is excluded from commons-httpclient:commons-httpclient:3.1(runtime).
09:37:03.538 [DEBUG] [org.gradle.api.internal.artifacts.ivyservice.resolveengine.graph.DependencyGraphBuilder] Visiting dependency commons-httpclient:commons-httpclient:3.1(runtime) -> dependency: commons-codec:commons-codec:1.2, scope: Compile, optional: false
09:37:03.538 [DEBUG] [io.spring.gradle.dependencymanagement.internal.VersionConfiguringAction] Processing dependency 'commons-codec:commons-codec:1.2'
09:37:03.538 [DEBUG] [io.spring.gradle.dependencymanagement.internal.DependencyManagementContainer] Found managed version '1.10' for dependency 'commons-codec:commons-codec' in global dependency management
09:37:03.538 [DEBUG] [io.spring.gradle.dependencymanagement.internal.VersionConfiguringAction] Using version '1.10' for dependency 'commons-codec:commons-codec:1.2'
09:37:03.538 [DEBUG] [org.gradle.api.internal.artifacts.ivyservice.resolveengine.graph.DependencyGraphBuilder] Visiting configuration commons-codec:commons-codec:1.10(runtime).
09:37:03.538 [DEBUG] [org.gradle.api.internal.artifacts.ivyservice.resolveengine.graph.DependencyGraphBuilder] Changed edges for commons-codec:commons-codec:1.10(runtime) selects same versions as previous traversal. ignoring
09:37:03.538 [DEBUG] [org.gradle.api.internal.artifacts.ivyservice.resolveengine.graph.DependencyGraphBuilder] Visiting configuration commons-io:commons-io:2.4(runtime).
09:37:03.538 [DEBUG] [org.gradle.api.internal.artifacts.ivyservice.resolveengine.graph.DependencyGraphBuilder] Visiting configuration commons-net:commons-net:3.1(runtime).
09:37:03.538 [DEBUG] [org.gradle.api.internal.artifacts.ivyservice.resolveengine.graph.DependencyGraphBuilder] Visiting configuration commons-collections:commons-collections:3.2.2(runtime).
09:37:03.538 [DEBUG] [org.gradle.api.internal.artifacts.ivyservice.resolveengine.graph.DependencyGraphBuilder] Visiting configuration javax.servlet.jsp:jsp-api:2.1(runtime).
09:37:03.538 [DEBUG] [org.gradle.api.internal.artifacts.ivyservice.resolveengine.graph.DependencyGraphBuilder] Visiting configuration commons-lang:commons-lang:2.6(runtime).
09:37:03.538 [DEBUG] [org.gradle.api.internal.artifacts.ivyservice.resolveengine.graph.DependencyGraphBuilder] Changed edges for commons-lang:commons-lang:2.6(runtime) selects same versions as previous traversal. ignoring
09:37:03.538 [DEBUG] [org.gradle.api.internal.artifacts.ivyservice.resolveengine.graph.DependencyGraphBuilder] Visiting configuration commons-configuration:commons-configuration:1.6(runtime).
09:37:03.538 [DEBUG] [org.gradle.api.internal.artifacts.ivyservice.resolveengine.graph.DependencyGraphBuilder] commons-logging:commons-logging is excluded from commons-configuration:commons-configuration:1.6(runtime).
09:37:03.538 [DEBUG] [org.gradle.api.internal.artifacts.ivyservice.resolveengine.graph.DependencyGraphBuilder] Visiting dependency commons-configuration:commons-configuration:1.6(runtime) -> dependency: commons-collections:commons-collections:3.2.1, scope: Compile, optional: false
09:37:03.538 [DEBUG] [org.gradle.api.internal.artifacts.ivyservice.resolveengine.graph.DependencyGraphBuilder] Visiting dependency commons-configuration:commons-configuration:1.6(runtime) -> dependency: commons-lang:commons-lang:2.4, scope: Compile, optional: false
09:37:03.538 [DEBUG] [io.spring.gradle.dependencymanagement.internal.VersionConfiguringAction] Processing dependency 'commons-lang:commons-lang:2.4'
09:37:03.538 [DEBUG] [io.spring.gradle.dependencymanagement.internal.VersionConfiguringAction] No dependency management for dependency 'commons-lang:commons-lang:2.4'
09:37:03.539 [DEBUG] [org.gradle.api.internal.artifacts.ivyservice.resolveengine.graph.DependencyGraphBuilder] Found new conflicting module version commons-lang:commons-lang:2.4
09:37:03.539 [DEBUG] [org.gradle.api.internal.artifacts.ivyservice.resolveengine.graph.DependencyGraphBuilder] Visiting dependency commons-configuration:commons-configuration:1.6(runtime) -> dependency: commons-digester:commons-digester:1.8, scope: Compile, optional: false
09:37:03.539 [DEBUG] [io.spring.gradle.dependencymanagement.internal.VersionConfiguringAction] Processing dependency 'commons-digester:commons-digester:1.8'
09:37:03.539 [DEBUG] [io.spring.gradle.dependencymanagement.internal.DependencyManagementContainer] Found managed version '2.1' for dependency 'commons-digester:commons-digester' in global dependency management
09:37:03.539 [DEBUG] [io.spring.gradle.dependencymanagement.internal.VersionConfiguringAction] Using version '2.1' for dependency 'commons-digester:commons-digester:1.8'
09:37:03.539 [DEBUG] [org.gradle.api.internal.artifacts.ivyservice.resolveengine.graph.DependencyGraphBuilder] Selecting new module version commons-digester:commons-digester:2.1
09:37:03.539 [DEBUG] [org.gradle.api.internal.artifacts.ivyservice.ivyresolve.RepositoryChainComponentMetaDataResolver] Attempting to resolve component for commons-digester:commons-digester:2.1 using repositories [MavenLocal, maven, maven2, maven3]
09:37:03.539 [DEBUG] [org.gradle.api.internal.artifacts.repositories.resolver.DefaultExternalResourceArtifactResolver] Loading file:/Users/michaelmennis/.m2/repository/commons-digester/commons-digester/2.1/commons-digester-2.1.pom
09:37:03.539 [DEBUG] [org.gradle.api.internal.artifacts.repositories.resolver.DefaultExternalResourceArtifactResolver] Loading file:/Users/michaelmennis/.m2/repository/commons-digester/commons-digester/2.1/commons-digester-2.1.jar
09:37:03.539 [DEBUG] [org.gradle.api.internal.artifacts.repositories.resolver.ExternalResourceResolver] No meta-data file or artifact found for module 'commons-digester:commons-digester:2.1' in repository 'MavenLocal'.
09:37:03.539 [DEBUG] [org.gradle.api.internal.artifacts.ivyservice.ivyresolve.CachingModuleComponentRepository] Using cached module metadata for module 'commons-digester:commons-digester:2.1' in 'maven'
09:37:03.539 [DEBUG] [org.gradle.api.internal.artifacts.ivyservice.ivyresolve.RepositoryChainComponentMetaDataResolver] Using commons-digester:commons-digester:2.1 from Maven repository 'maven'
09:37:03.540 [DEBUG] [org.gradle.api.internal.artifacts.ivyservice.resolveengine.graph.DependencyGraphBuilder] Visiting dependency commons-configuration:commons-configuration:1.6(runtime) -> dependency: commons-beanutils:commons-beanutils-core:1.8.0, scope: Compile, optional: false
09:37:03.540 [DEBUG] [io.spring.gradle.dependencymanagement.internal.VersionConfiguringAction] Processing dependency 'commons-beanutils:commons-beanutils-core:1.8.0'
09:37:03.540 [DEBUG] [io.spring.gradle.dependencymanagement.internal.VersionConfiguringAction] No dependency management for dependency 'commons-beanutils:commons-beanutils-core:1.8.0'
09:37:03.540 [DEBUG] [org.gradle.api.internal.artifacts.ivyservice.resolveengine.graph.DependencyGraphBuilder] Selecting new module version commons-beanutils:commons-beanutils-core:1.8.0
09:37:03.540 [DEBUG] [org.gradle.api.internal.artifacts.ivyservice.ivyresolve.RepositoryChainComponentMetaDataResolver] Attempting to resolve component for commons-beanutils:commons-beanutils-core:1.8.0 using repositories [MavenLocal, maven, maven2, maven3]
09:37:03.540 [DEBUG] [org.gradle.api.internal.artifacts.repositories.resolver.DefaultExternalResourceArtifactResolver] Loading file:/Users/michaelmennis/.m2/repository/commons-beanutils/commons-beanutils-core/1.8.0/commons-beanutils-core-1.8.0.pom
09:37:03.541 [DEBUG] [org.gradle.api.internal.artifacts.ivyservice.ivyresolve.RepositoryChainComponentMetaDataResolver] Attempting to resolve component for org.apache:apache:4 using repositories [MavenLocal, maven, maven2, maven3]
09:37:03.541 [DEBUG] [org.gradle.api.internal.artifacts.ivyservice.ivyresolve.RepositoryChainComponentMetaDataResolver] Using org.apache:apache:4 from Maven repository 'MavenLocal'
09:37:03.542 [DEBUG] [org.gradle.api.internal.artifacts.repositories.resolver.DefaultExternalResourceArtifactResolver] Loading file:/Users/michaelmennis/.m2/repository/commons-beanutils/commons-beanutils-core/1.8.0/commons-beanutils-core-1.8.0.jar
09:37:03.542 [DEBUG] [org.gradle.api.internal.artifacts.repositories.resolver.ExternalResourceResolver] Metadata file found for module 'commons-beanutils:commons-beanutils-core:1.8.0' in repository 'MavenLocal'.
09:37:03.543 [DEBUG] [org.gradle.api.internal.artifacts.ivyservice.ivyresolve.RepositoryChainComponentMetaDataResolver] Using commons-beanutils:commons-beanutils-core:1.8.0 from Maven repository 'MavenLocal'
09:37:03.543 [DEBUG] [org.gradle.api.internal.artifacts.ivyservice.resolveengine.graph.DependencyGraphBuilder] Visiting configuration org.slf4j:slf4j-api:1.7.25(runtime).
09:37:03.543 [DEBUG] [org.gradle.api.internal.artifacts.ivyservice.resolveengine.graph.DependencyGraphBuilder] Changed edges for org.slf4j:slf4j-api:1.7.25(runtime) selects same versions as previous traversal. ignoring
09:37:03.543 [DEBUG] [org.gradle.api.internal.artifacts.ivyservice.resolveengine.graph.DependencyGraphBuilder] Visiting configuration org.slf4j:slf4j-log4j12:1.7.25(runtime).
09:37:03.543 [DEBUG] [org.gradle.api.internal.artifacts.ivyservice.resolveengine.graph.DependencyGraphBuilder] Visiting dependency org.slf4j:slf4j-log4j12:1.7.25(runtime) -> dependency: org.slf4j:slf4j-api:1.7.25, scope: Compile, optional: false
09:37:03.543 [DEBUG] [org.gradle.api.internal.artifacts.ivyservice.resolveengine.graph.DependencyGraphBuilder] Visiting dependency org.slf4j:slf4j-log4j12:1.7.25(runtime) -> dependency: log4j:log4j:1.2.17, scope: Compile, optional: false
09:37:03.543 [DEBUG] [org.gradle.api.internal.artifacts.ivyservice.resolveengine.graph.DependencyGraphBuilder] Visiting configuration log4j:log4j:1.2.17(runtime).
09:37:03.543 [DEBUG] [org.gradle.api.internal.artifacts.ivyservice.resolveengine.graph.DependencyGraphBuilder] version for log4j:log4j:1.2.17(runtime) is not selected. ignoring.
09:37:03.543 [DEBUG] [org.gradle.api.internal.artifacts.ivyservice.resolveengine.graph.DependencyGraphBuilder] Visiting configuration org.slf4j:slf4j-api:1.7.25(runtime).
09:37:03.543 [DEBUG] [org.gradle.api.internal.artifacts.ivyservice.resolveengine.graph.DependencyGraphBuilder] Changed edges for org.slf4j:slf4j-api:1.7.25(runtime) selects same versions as previous traversal. ignoring
09:37:03.543 [DEBUG] [org.gradle.api.internal.artifacts.ivyservice.resolveengine.graph.DependencyGraphBuilder] Visiting configuration org.codehaus.jackson:jackson-core-asl:1.9.13(runtime).
09:37:03.544 [DEBUG] [org.gradle.api.internal.artifacts.ivyservice.resolveengine.graph.DependencyGraphBuilder] Visiting configuration org.codehaus.jackson:jackson-mapper-asl:1.9.13(runtime).
09:37:03.544 [DEBUG] [org.gradle.api.internal.artifacts.ivyservice.resolveengine.graph.DependencyGraphBuilder] Visiting dependency org.codehaus.jackson:jackson-mapper-asl:1.9.13(runtime) -> dependency: org.codehaus.jackson:jackson-core-asl:1.9.13, scope: Compile, optional: false
09:37:03.544 [DEBUG] [org.gradle.api.internal.artifacts.ivyservice.resolveengine.graph.DependencyGraphBuilder] Visiting configuration org.codehaus.jackson:jackson-core-asl:1.9.13(runtime).
09:37:03.544 [DEBUG] [org.gradle.api.internal.artifacts.ivyservice.resolveengine.graph.DependencyGraphBuilder] Changed edges for org.codehaus.jackson:jackson-core-asl:1.9.13(runtime) selects same versions as previous traversal. ignoring
09:37:03.544 [DEBUG] [org.gradle.api.internal.artifacts.ivyservice.resolveengine.graph.DependencyGraphBuilder] Visiting configuration com.google.protobuf:protobuf-java:2.5.0(runtime).
09:37:03.544 [DEBUG] [org.gradle.api.internal.artifacts.ivyservice.resolveengine.graph.DependencyGraphBuilder] Changed edges for com.google.protobuf:protobuf-java:2.5.0(runtime) selects same versions as previous traversal. ignoring
09:37:03.544 [DEBUG] [org.gradle.api.internal.artifacts.ivyservice.resolveengine.graph.DependencyGraphBuilder] Visiting configuration com.google.code.gson:gson:2.8.0(runtime).
09:37:03.544 [DEBUG] [org.gradle.api.internal.artifacts.ivyservice.resolveengine.graph.DependencyGraphBuilder] Visiting configuration com.jcraft:jsch:0.1.52(runtime).
09:37:03.544 [DEBUG] [org.gradle.api.internal.artifacts.ivyservice.resolveengine.graph.DependencyGraphBuilder] Visiting configuration org.apache.curator:curator-client:2.7.1(runtime).
09:37:03.544 [DEBUG] [org.gradle.api.internal.artifacts.ivyservice.resolveengine.graph.DependencyGraphBuilder] Visiting dependency org.apache.curator:curator-client:2.7.1(runtime) -> dependency: org.slf4j:slf4j-api:1.7.6, scope: Compile, optional: false
09:37:03.544 [DEBUG] [org.gradle.api.internal.artifacts.ivyservice.resolveengine.graph.DependencyGraphBuilder] Visiting dependency org.apache.curator:curator-client:2.7.1(runtime) -> dependency: org.apache.zookeeper:zookeeper:3.4.6, scope: Compile, optional: false
09:37:03.544 [DEBUG] [org.gradle.api.internal.artifacts.ivyservice.resolveengine.graph.DependencyGraphBuilder] Visiting dependency org.apache.curator:curator-client:2.7.1(runtime) -> dependency: com.google.guava:guava:16.0.1, scope: Compile, optional: false
09:37:03.544 [DEBUG] [org.gradle.api.internal.artifacts.ivyservice.resolveengine.graph.DependencyGraphBuilder] Visiting configuration com.google.guava:guava:18.0(runtime).
09:37:03.544 [DEBUG] [org.gradle.api.internal.artifacts.ivyservice.resolveengine.graph.DependencyGraphBuilder] Changed edges for com.google.guava:guava:18.0(runtime) selects same versions as previous traversal. ignoring
09:37:03.544 [DEBUG] [org.gradle.api.internal.artifacts.ivyservice.resolveengine.graph.DependencyGraphBuilder] Visiting configuration org.slf4j:slf4j-api:1.7.25(runtime).
09:37:03.545 [DEBUG] [org.gradle.api.internal.artifacts.ivyservice.resolveengine.graph.DependencyGraphBuilder] Changed edges for org.slf4j:slf4j-api:1.7.25(runtime) selects same versions as previous traversal. ignoring
09:37:03.545 [DEBUG] [org.gradle.api.internal.artifacts.ivyservice.resolveengine.graph.DependencyGraphBuilder] Visiting configuration org.apache.curator:curator-recipes:2.7.1(runtime).
09:37:03.545 [DEBUG] [org.gradle.api.internal.artifacts.ivyservice.resolveengine.graph.DependencyGraphBuilder] Visiting dependency org.apache.curator:curator-recipes:2.7.1(runtime) -> dependency: org.apache.curator:curator-framework:2.7.1, scope: Compile, optional: false
09:37:03.545 [DEBUG] [org.gradle.api.internal.artifacts.ivyservice.resolveengine.graph.DependencyGraphBuilder] Visiting dependency org.apache.curator:curator-recipes:2.7.1(runtime) -> dependency: org.apache.zookeeper:zookeeper:3.4.6, scope: Compile, optional: false
09:37:03.545 [DEBUG] [org.gradle.api.internal.artifacts.ivyservice.resolveengine.graph.DependencyGraphBuilder] Visiting dependency org.apache.curator:curator-recipes:2.7.1(runtime) -> dependency: com.google.guava:guava:16.0.1, scope: Compile, optional: false
09:37:03.545 [DEBUG] [org.gradle.api.internal.artifacts.ivyservice.resolveengine.graph.DependencyGraphBuilder] Visiting configuration com.google.guava:guava:18.0(runtime).
09:37:03.545 [DEBUG] [org.gradle.api.internal.artifacts.ivyservice.resolveengine.graph.DependencyGraphBuilder] Changed edges for com.google.guava:guava:18.0(runtime) selects same versions as previous traversal. ignoring
09:37:03.545 [DEBUG] [org.gradle.api.internal.artifacts.ivyservice.resolveengine.graph.DependencyGraphBuilder] Visiting configuration org.apache.curator:curator-framework:2.7.1(runtime).
09:37:03.545 [DEBUG] [org.gradle.api.internal.artifacts.ivyservice.resolveengine.graph.DependencyGraphBuilder] Visiting dependency org.apache.curator:curator-framework:2.7.1(runtime) -> dependency: org.apache.curator:curator-client:2.7.1, scope: Compile, optional: false
09:37:03.545 [DEBUG] [org.gradle.api.internal.artifacts.ivyservice.resolveengine.graph.DependencyGraphBuilder] Visiting dependency org.apache.curator:curator-framework:2.7.1(runtime) -> dependency: org.apache.zookeeper:zookeeper:3.4.6, scope: Compile, optional: false
09:37:03.545 [DEBUG] [org.gradle.api.internal.artifacts.ivyservice.resolveengine.graph.DependencyGraphBuilder] Visiting dependency org.apache.curator:curator-framework:2.7.1(runtime) -> dependency: com.google.guava:guava:16.0.1, scope: Compile, optional: false
09:37:03.545 [DEBUG] [org.gradle.api.internal.artifacts.ivyservice.resolveengine.graph.DependencyGraphBuilder] Visiting configuration com.google.guava:guava:18.0(runtime).
09:37:03.546 [DEBUG] [org.gradle.api.internal.artifacts.ivyservice.resolveengine.graph.DependencyGraphBuilder] Changed edges for com.google.guava:guava:18.0(runtime) selects same versions as previous traversal. ignoring
09:37:03.546 [DEBUG] [org.gradle.api.internal.artifacts.ivyservice.resolveengine.graph.DependencyGraphBuilder] Visiting configuration org.apache.curator:curator-client:2.7.1(runtime).
09:37:03.546 [DEBUG] [org.gradle.api.internal.artifacts.ivyservice.resolveengine.graph.DependencyGraphBuilder] Changed edges for org.apache.curator:curator-client:2.7.1(runtime) selects same versions as previous traversal. ignoring
09:37:03.546 [DEBUG] [org.gradle.api.internal.artifacts.ivyservice.resolveengine.graph.DependencyGraphBuilder] Visiting configuration com.google.code.findbugs:jsr305:3.0.0(runtime).
09:37:03.550 [DEBUG] [org.gradle.api.internal.artifacts.ivyservice.resolveengine.graph.DependencyGraphBuilder] Visiting configuration org.apache.htrace:htrace-core:3.1.0-incubating(runtime).
09:37:03.550 [DEBUG] [org.gradle.api.internal.artifacts.ivyservice.resolveengine.graph.DependencyGraphBuilder] Visiting configuration org.apache.commons:commons-compress:1.4.1(runtime).
09:37:03.550 [DEBUG] [org.gradle.api.internal.artifacts.ivyservice.resolveengine.graph.DependencyGraphBuilder] Visiting dependency org.apache.commons:commons-compress:1.4.1(runtime) -> dependency: org.tukaani:xz:1.0, scope: Compile, optional: false
09:37:03.550 [DEBUG] [io.spring.gradle.dependencymanagement.internal.VersionConfiguringAction] Processing dependency 'org.tukaani:xz:1.0'
09:37:03.550 [DEBUG] [io.spring.gradle.dependencymanagement.internal.VersionConfiguringAction] No dependency management for dependency 'org.tukaani:xz:1.0'
09:37:03.550 [DEBUG] [org.gradle.api.internal.artifacts.ivyservice.resolveengine.graph.DependencyGraphBuilder] Selecting new module version org.tukaani:xz:1.0
09:37:03.550 [DEBUG] [org.gradle.api.internal.artifacts.ivyservice.ivyresolve.RepositoryChainComponentMetaDataResolver] Attempting to resolve component for org.tukaani:xz:1.0 using repositories [MavenLocal, maven, maven2, maven3]
09:37:03.550 [DEBUG] [org.gradle.api.internal.artifacts.repositories.resolver.DefaultExternalResourceArtifactResolver] Loading file:/Users/michaelmennis/.m2/repository/org/tukaani/xz/1.0/xz-1.0.pom
09:37:03.551 [DEBUG] [org.gradle.api.internal.artifacts.repositories.resolver.DefaultExternalResourceArtifactResolver] Loading file:/Users/michaelmennis/.m2/repository/org/tukaani/xz/1.0/xz-1.0.jar
09:37:03.552 [DEBUG] [org.gradle.api.internal.artifacts.repositories.resolver.ExternalResourceResolver] Metadata file found for module 'org.tukaani:xz:1.0' in repository 'MavenLocal'.
09:37:03.552 [DEBUG] [org.gradle.api.internal.artifacts.ivyservice.ivyresolve.RepositoryChainComponentMetaDataResolver] Using org.tukaani:xz:1.0 from Maven repository 'MavenLocal'
09:37:03.552 [DEBUG] [org.gradle.api.internal.artifacts.ivyservice.resolveengine.graph.DependencyGraphBuilder] Visiting configuration commons-collections:commons-collections:3.2.2(runtime).
09:37:03.552 [DEBUG] [org.gradle.api.internal.artifacts.ivyservice.resolveengine.graph.DependencyGraphBuilder] Changed edges for commons-collections:commons-collections:3.2.2(runtime) selects same versions as previous traversal. ignoring
09:37:03.552 [DEBUG] [org.gradle.api.internal.artifacts.ivyservice.resolveengine.graph.DependencyGraphBuilder] Visiting configuration commons-digester:commons-digester:2.1(runtime).
09:37:03.552 [DEBUG] [org.gradle.api.internal.artifacts.ivyservice.resolveengine.graph.DependencyGraphBuilder] commons-logging:commons-logging is excluded from commons-digester:commons-digester:2.1(runtime).
09:37:03.552 [DEBUG] [org.gradle.api.internal.artifacts.ivyservice.resolveengine.graph.DependencyGraphBuilder] Visiting dependency commons-digester:commons-digester:2.1(runtime) -> dependency: commons-beanutils:commons-beanutils:1.8.3, scope: Compile, optional: false
09:37:03.552 [DEBUG] [io.spring.gradle.dependencymanagement.internal.VersionConfiguringAction] Processing dependency 'commons-beanutils:commons-beanutils:1.8.3'
09:37:03.552 [DEBUG] [io.spring.gradle.dependencymanagement.internal.DependencyManagementContainer] Found managed version '1.9.3' for dependency 'commons-beanutils:commons-beanutils' in global dependency management
09:37:03.552 [DEBUG] [io.spring.gradle.dependencymanagement.internal.VersionConfiguringAction] Using version '1.9.3' for dependency 'commons-beanutils:commons-beanutils:1.8.3'
09:37:03.552 [DEBUG] [org.gradle.api.internal.artifacts.ivyservice.resolveengine.graph.DependencyGraphBuilder] Selecting new module version commons-beanutils:commons-beanutils:1.9.3
09:37:03.552 [DEBUG] [org.gradle.api.internal.artifacts.ivyservice.ivyresolve.RepositoryChainComponentMetaDataResolver] Attempting to resolve component for commons-beanutils:commons-beanutils:1.9.3 using repositories [MavenLocal, maven, maven2, maven3]
09:37:03.552 [DEBUG] [org.gradle.api.internal.artifacts.repositories.resolver.DefaultExternalResourceArtifactResolver] Loading file:/Users/michaelmennis/.m2/repository/commons-beanutils/commons-beanutils/1.9.3/commons-beanutils-1.9.3.pom
09:37:03.552 [DEBUG] [org.gradle.api.internal.artifacts.repositories.resolver.DefaultExternalResourceArtifactResolver] Loading file:/Users/michaelmennis/.m2/repository/commons-beanutils/commons-beanutils/1.9.3/commons-beanutils-1.9.3.jar
09:37:03.552 [DEBUG] [org.gradle.api.internal.artifacts.repositories.resolver.ExternalResourceResolver] No meta-data file or artifact found for module 'commons-beanutils:commons-beanutils:1.9.3' in repository 'MavenLocal'.
09:37:03.553 [DEBUG] [org.gradle.api.internal.artifacts.ivyservice.ivyresolve.CachingModuleComponentRepository] Using cached module metadata for module 'commons-beanutils:commons-beanutils:1.9.3' in 'maven'
09:37:03.553 [DEBUG] [org.gradle.api.internal.artifacts.ivyservice.ivyresolve.RepositoryChainComponentMetaDataResolver] Using commons-beanutils:commons-beanutils:1.9.3 from Maven repository 'maven'
09:37:03.553 [DEBUG] [org.gradle.api.internal.artifacts.ivyservice.resolveengine.graph.DependencyGraphBuilder] Visiting configuration commons-beanutils:commons-beanutils-core:1.8.0(runtime).
09:37:03.553 [DEBUG] [org.gradle.api.internal.artifacts.ivyservice.resolveengine.graph.DependencyGraphBuilder] commons-logging:commons-logging is excluded from commons-beanutils:commons-beanutils-core:1.8.0(runtime).
09:37:03.553 [DEBUG] [org.gradle.api.internal.artifacts.ivyservice.resolveengine.graph.DependencyGraphBuilder] Visiting configuration org.tukaani:xz:1.0(runtime).
09:37:03.553 [DEBUG] [org.gradle.api.internal.artifacts.ivyservice.resolveengine.graph.DependencyGraphBuilder] Visiting configuration commons-beanutils:commons-beanutils:1.9.3(runtime).
09:37:03.553 [DEBUG] [org.gradle.api.internal.artifacts.ivyservice.resolveengine.graph.DependencyGraphBuilder] commons-logging:commons-logging is excluded from commons-beanutils:commons-beanutils:1.9.3(runtime).
09:37:03.553 [DEBUG] [org.gradle.api.internal.artifacts.ivyservice.resolveengine.graph.DependencyGraphBuilder] Visiting dependency commons-beanutils:commons-beanutils:1.9.3(runtime) -> dependency: commons-collections:commons-collections:3.2.2, scope: Compile, optional: false
09:37:03.553 [DEBUG] [org.gradle.api.internal.artifacts.ivyservice.resolveengine.graph.DependencyGraphBuilder] Visiting configuration commons-collections:commons-collections:3.2.2(runtime).
09:37:03.553 [DEBUG] [org.gradle.api.internal.artifacts.ivyservice.resolveengine.graph.DependencyGraphBuilder] Changed edges for commons-collections:commons-collections:3.2.2(runtime) selects same versions as previous traversal. ignoring
09:37:03.553 [DEBUG] [org.gradle.api.internal.artifacts.ivyservice.resolveengine.graph.conflicts.DefaultConflictHandler] Selected log4j:log4j:1.2.17 from conflicting modules [log4j:log4j:1.2.17, log4j:log4j:1.2.15].
09:37:03.553 [DEBUG] [org.gradle.api.internal.artifacts.ivyservice.resolveengine.graph.DependencyGraphBuilder] Visiting configuration log4j:log4j:1.2.17(runtime).
09:37:03.553 [DEBUG] [org.gradle.api.internal.artifacts.ivyservice.ivyresolve.RepositoryChainComponentMetaDataResolver] Attempting to resolve component for org.apache.zookeeper:zookeeper:3.4.6 using repositories [MavenLocal, maven, maven2, maven3]
09:37:03.553 [DEBUG] [org.gradle.api.internal.artifacts.repositories.resolver.DefaultExternalResourceArtifactResolver] Loading file:/Users/michaelmennis/.m2/repository/org/apache/zookeeper/zookeeper/3.4.6/zookeeper-3.4.6.pom
09:37:03.555 [DEBUG] [org.gradle.api.internal.artifacts.repositories.resolver.ExternalResourceResolver] Metadata file found for module 'org.apache.zookeeper:zookeeper:3.4.6' in repository 'MavenLocal'.
09:37:03.555 [DEBUG] [org.gradle.api.internal.artifacts.ivyservice.ivyresolve.RepositoryChainComponentMetaDataResolver] Using org.apache.zookeeper:zookeeper:3.4.6 from Maven repository 'MavenLocal'
09:37:03.555 [DEBUG] [org.gradle.api.internal.artifacts.ivyservice.resolveengine.graph.conflicts.DefaultConflictHandler] Selected org.apache.zookeeper:zookeeper:3.4.6 from conflicting modules [org.apache.zookeeper:zookeeper:3.4.5-mapr-1503, org.apache.zookeeper:zookeeper:3.4.6].
09:37:03.555 [DEBUG] [org.gradle.api.internal.artifacts.ivyservice.resolveengine.graph.DependencyGraphBuilder] Visiting configuration org.apache.zookeeper:zookeeper:3.4.6(runtime).
09:37:03.555 [DEBUG] [org.gradle.api.internal.artifacts.ivyservice.resolveengine.graph.DependencyGraphBuilder] Visiting dependency org.apache.zookeeper:zookeeper:3.4.6(runtime) -> dependency: org.slf4j:slf4j-api:1.6.1, scope: Compile, optional: false
09:37:03.555 [DEBUG] [org.gradle.api.internal.artifacts.ivyservice.resolveengine.graph.DependencyGraphBuilder] Visiting dependency org.apache.zookeeper:zookeeper:3.4.6(runtime) -> dependency: org.slf4j:slf4j-log4j12:1.6.1, scope: Compile, optional: false
09:37:03.555 [DEBUG] [org.gradle.api.internal.artifacts.ivyservice.resolveengine.graph.DependencyGraphBuilder] Visiting dependency org.apache.zookeeper:zookeeper:3.4.6(runtime) -> dependency: log4j:log4j:1.2.16, scope: Compile, optional: false
09:37:03.555 [DEBUG] [io.spring.gradle.dependencymanagement.internal.VersionConfiguringAction] Processing dependency 'log4j:log4j:1.2.16'
09:37:03.555 [DEBUG] [io.spring.gradle.dependencymanagement.internal.VersionConfiguringAction] No dependency management for dependency 'log4j:log4j:1.2.16'
09:37:03.555 [DEBUG] [org.gradle.api.internal.artifacts.ivyservice.resolveengine.graph.DependencyGraphBuilder] Found new conflicting module version log4j:log4j:1.2.16
09:37:03.555 [DEBUG] [org.gradle.api.internal.artifacts.ivyservice.resolveengine.graph.DependencyGraphBuilder] Visiting dependency org.apache.zookeeper:zookeeper:3.4.6(runtime) -> dependency: jline:jline:0.9.94, scope: Compile, optional: false
09:37:03.555 [DEBUG] [org.gradle.api.internal.artifacts.ivyservice.resolveengine.graph.DependencyGraphBuilder] Visiting dependency org.apache.zookeeper:zookeeper:3.4.6(runtime) -> dependency: io.netty:netty:3.7.0.Final, scope: Compile, optional: false
09:37:03.555 [DEBUG] [io.spring.gradle.dependencymanagement.internal.VersionConfiguringAction] Processing dependency 'io.netty:netty:3.7.0.Final'
09:37:03.555 [DEBUG] [io.spring.gradle.dependencymanagement.internal.VersionConfiguringAction] No dependency management for dependency 'io.netty:netty:3.7.0.Final'
09:37:03.555 [DEBUG] [org.gradle.api.internal.artifacts.ivyservice.resolveengine.graph.DependencyGraphBuilder] Selecting new module version io.netty:netty:3.7.0.Final
09:37:03.556 [DEBUG] [org.gradle.api.internal.artifacts.ivyservice.ivyresolve.RepositoryChainComponentMetaDataResolver] Attempting to resolve component for io.netty:netty:3.7.0.Final using repositories [MavenLocal, maven, maven2, maven3]
09:37:03.556 [DEBUG] [org.gradle.api.internal.artifacts.repositories.resolver.DefaultExternalResourceArtifactResolver] Loading file:/Users/michaelmennis/.m2/repository/io/netty/netty/3.7.0.Final/netty-3.7.0.Final.pom
09:37:03.557 [DEBUG] [org.gradle.api.internal.artifacts.ivyservice.ivyresolve.RepositoryChainComponentMetaDataResolver] Attempting to resolve component for org.sonatype.oss:oss-parent:7 using repositories [MavenLocal, maven, maven2, maven3]
09:37:03.557 [DEBUG] [org.gradle.api.internal.artifacts.ivyservice.ivyresolve.RepositoryChainComponentMetaDataResolver] Using org.sonatype.oss:oss-parent:7 from Maven repository 'MavenLocal'
09:37:03.559 [DEBUG] [org.gradle.api.internal.artifacts.repositories.resolver.DefaultExternalResourceArtifactResolver] Loading file:/Users/michaelmennis/.m2/repository/io/netty/netty/3.7.0.Final/netty-3.7.0.Final.jar
09:37:03.559 [DEBUG] [org.gradle.api.internal.artifacts.repositories.resolver.ExternalResourceResolver] Metadata file found for module 'io.netty:netty:3.7.0.Final' in repository 'MavenLocal'.
09:37:03.559 [DEBUG] [org.gradle.api.internal.artifacts.ivyservice.ivyresolve.RepositoryChainComponentMetaDataResolver] Using io.netty:netty:3.7.0.Final from Maven repository 'MavenLocal'
09:37:03.559 [DEBUG] [org.gradle.api.internal.artifacts.ivyservice.resolveengine.graph.DependencyGraphBuilder] Visiting configuration org.slf4j:slf4j-api:1.7.25(runtime).
09:37:03.559 [DEBUG] [org.gradle.api.internal.artifacts.ivyservice.resolveengine.graph.DependencyGraphBuilder] Changed edges for org.slf4j:slf4j-api:1.7.25(runtime) selects same versions as previous traversal. ignoring
09:37:03.559 [DEBUG] [org.gradle.api.internal.artifacts.ivyservice.resolveengine.graph.DependencyGraphBuilder] Visiting configuration org.slf4j:slf4j-log4j12:1.7.25(runtime).
09:37:03.559 [DEBUG] [org.gradle.api.internal.artifacts.ivyservice.resolveengine.graph.DependencyGraphBuilder] Visiting dependency org.slf4j:slf4j-log4j12:1.7.25(runtime) -> dependency: org.slf4j:slf4j-api:1.7.25, scope: Compile, optional: false
09:37:03.559 [DEBUG] [org.gradle.api.internal.artifacts.ivyservice.resolveengine.graph.DependencyGraphBuilder] Visiting dependency org.slf4j:slf4j-log4j12:1.7.25(runtime) -> dependency: log4j:log4j:1.2.17, scope: Compile, optional: false
09:37:03.559 [DEBUG] [org.gradle.api.internal.artifacts.ivyservice.resolveengine.graph.DependencyGraphBuilder] Visiting configuration log4j:log4j:1.2.17(runtime).
09:37:03.559 [DEBUG] [org.gradle.api.internal.artifacts.ivyservice.resolveengine.graph.DependencyGraphBuilder] version for log4j:log4j:1.2.17(runtime) is not selected. ignoring.
09:37:03.559 [DEBUG] [org.gradle.api.internal.artifacts.ivyservice.resolveengine.graph.DependencyGraphBuilder] Visiting configuration org.slf4j:slf4j-api:1.7.25(runtime).
09:37:03.560 [DEBUG] [org.gradle.api.internal.artifacts.ivyservice.resolveengine.graph.DependencyGraphBuilder] Changed edges for org.slf4j:slf4j-api:1.7.25(runtime) selects same versions as previous traversal. ignoring
09:37:03.560 [DEBUG] [org.gradle.api.internal.artifacts.ivyservice.resolveengine.graph.DependencyGraphBuilder] Visiting configuration jline:jline:0.9.94(runtime).
09:37:03.560 [DEBUG] [org.gradle.api.internal.artifacts.ivyservice.resolveengine.graph.DependencyGraphBuilder] junit:junit is excluded from jline:jline:0.9.94(runtime).
09:37:03.560 [DEBUG] [org.gradle.api.internal.artifacts.ivyservice.resolveengine.graph.DependencyGraphBuilder] Visiting configuration io.netty:netty:3.7.0.Final(runtime).
09:37:03.560 [DEBUG] [org.gradle.api.internal.artifacts.ivyservice.ivyresolve.RepositoryChainComponentMetaDataResolver] Attempting to resolve component for org.apache.hadoop:hadoop-annotations:2.7.1 using repositories [MavenLocal, maven, maven2, maven3]
09:37:03.560 [DEBUG] [org.gradle.api.internal.artifacts.repositories.resolver.DefaultExternalResourceArtifactResolver] Loading file:/Users/michaelmennis/.m2/repository/org/apache/hadoop/hadoop-annotations/2.7.1/hadoop-annotations-2.7.1.pom
09:37:03.561 [DEBUG] [org.gradle.api.internal.artifacts.ivyservice.ivyresolve.RepositoryChainComponentMetaDataResolver] Attempting to resolve component for org.apache.hadoop:hadoop-project:2.7.1 using repositories [MavenLocal, maven, maven2, maven3]
09:37:03.561 [DEBUG] [org.gradle.api.internal.artifacts.ivyservice.ivyresolve.RepositoryChainComponentMetaDataResolver] Using org.apache.hadoop:hadoop-project:2.7.1 from Maven repository 'MavenLocal'
09:37:03.563 [DEBUG] [org.gradle.api.internal.artifacts.ivyservice.ivyresolve.RepositoryChainComponentMetaDataResolver] Attempting to resolve component for org.apache.hadoop:hadoop-main:2.7.1 using repositories [MavenLocal, maven, maven2, maven3]
09:37:03.563 [DEBUG] [org.gradle.api.internal.artifacts.ivyservice.ivyresolve.RepositoryChainComponentMetaDataResolver] Using org.apache.hadoop:hadoop-main:2.7.1 from Maven repository 'MavenLocal'
09:37:03.565 [DEBUG] [org.gradle.api.internal.artifacts.repositories.resolver.DefaultExternalResourceArtifactResolver] Loading file:/Users/michaelmennis/.m2/repository/org/apache/hadoop/hadoop-annotations/2.7.1/hadoop-annotations-2.7.1.jar
09:37:03.565 [DEBUG] [org.gradle.api.internal.artifacts.repositories.resolver.MavenResolver] POM file found for module 'org.apache.hadoop:hadoop-annotations:2.7.1' in repository 'MavenLocal' but no artifact found. Ignoring.
09:37:03.565 [DEBUG] [org.gradle.api.internal.artifacts.repositories.resolver.DefaultExternalResourceArtifactResolver] Loading file:/Users/michaelmennis/.m2/repository/org/apache/hadoop/hadoop-annotations/2.7.1/hadoop-annotations-2.7.1.jar
09:37:03.565 [DEBUG] [org.gradle.api.internal.artifacts.repositories.resolver.ExternalResourceResolver] No meta-data file or artifact found for module 'org.apache.hadoop:hadoop-annotations:2.7.1' in repository 'MavenLocal'.
09:37:03.565 [DEBUG] [org.gradle.api.internal.artifacts.ivyservice.ivyresolve.CachingModuleComponentRepository] Using cached module metadata for module 'org.apache.hadoop:hadoop-annotations:2.7.1' in 'maven'
09:37:03.566 [DEBUG] [org.gradle.api.internal.artifacts.ivyservice.ivyresolve.RepositoryChainComponentMetaDataResolver] Using org.apache.hadoop:hadoop-annotations:2.7.1 from Maven repository 'maven'
09:37:03.566 [DEBUG] [org.gradle.api.internal.artifacts.ivyservice.resolveengine.graph.conflicts.DefaultConflictHandler] Selected org.apache.hadoop:hadoop-annotations:2.7.1 from conflicting modules [org.apache.hadoop:hadoop-annotations:2.7.0-mapr-1506-SNAPSHOT, org.apache.hadoop:hadoop-annotations:2.7.1].
09:37:03.568 [DEBUG] [org.gradle.api.internal.artifacts.ivyservice.resolveengine.graph.DependencyGraphBuilder] Visiting configuration org.apache.hadoop:hadoop-annotations:2.7.1(runtime).
09:37:03.569 [DEBUG] [org.gradle.api.internal.artifacts.ivyservice.ivyresolve.RepositoryChainComponentMetaDataResolver] Attempting to resolve component for org.apache.hadoop:hadoop-auth:2.7.1 using repositories [MavenLocal, maven, maven2, maven3]
09:37:03.569 [DEBUG] [org.gradle.api.internal.artifacts.repositories.resolver.DefaultExternalResourceArtifactResolver] Loading file:/Users/michaelmennis/.m2/repository/org/apache/hadoop/hadoop-auth/2.7.1/hadoop-auth-2.7.1.pom
09:37:03.570 [DEBUG] [org.gradle.api.internal.artifacts.ivyservice.ivyresolve.RepositoryChainComponentMetaDataResolver] Attempting to resolve component for org.apache.hadoop:hadoop-project:2.7.1 using repositories [MavenLocal, maven, maven2, maven3]
09:37:03.570 [DEBUG] [org.gradle.api.internal.artifacts.ivyservice.ivyresolve.RepositoryChainComponentMetaDataResolver] Using org.apache.hadoop:hadoop-project:2.7.1 from Maven repository 'MavenLocal'
09:37:03.572 [DEBUG] [org.gradle.api.internal.artifacts.ivyservice.ivyresolve.RepositoryChainComponentMetaDataResolver] Attempting to resolve component for org.apache.hadoop:hadoop-main:2.7.1 using repositories [MavenLocal, maven, maven2, maven3]
09:37:03.572 [DEBUG] [org.gradle.api.internal.artifacts.ivyservice.ivyresolve.RepositoryChainComponentMetaDataResolver] Using org.apache.hadoop:hadoop-main:2.7.1 from Maven repository 'MavenLocal'
09:37:03.575 [DEBUG] [org.gradle.api.internal.artifacts.repositories.resolver.DefaultExternalResourceArtifactResolver] Loading file:/Users/michaelmennis/.m2/repository/org/apache/hadoop/hadoop-auth/2.7.1/hadoop-auth-2.7.1.jar
09:37:03.575 [DEBUG] [org.gradle.api.internal.artifacts.repositories.resolver.MavenResolver] POM file found for module 'org.apache.hadoop:hadoop-auth:2.7.1' in repository 'MavenLocal' but no artifact found. Ignoring.
09:37:03.575 [DEBUG] [org.gradle.api.internal.artifacts.repositories.resolver.DefaultExternalResourceArtifactResolver] Loading file:/Users/michaelmennis/.m2/repository/org/apache/hadoop/hadoop-auth/2.7.1/hadoop-auth-2.7.1.jar
09:37:03.575 [DEBUG] [org.gradle.api.internal.artifacts.repositories.resolver.ExternalResourceResolver] No meta-data file or artifact found for module 'org.apache.hadoop:hadoop-auth:2.7.1' in repository 'MavenLocal'.
09:37:03.576 [DEBUG] [org.gradle.api.internal.artifacts.ivyservice.ivyresolve.CachingModuleComponentRepository] Using cached module metadata for module 'org.apache.hadoop:hadoop-auth:2.7.1' in 'maven'
09:37:03.576 [DEBUG] [org.gradle.api.internal.artifacts.ivyservice.ivyresolve.RepositoryChainComponentMetaDataResolver] Using org.apache.hadoop:hadoop-auth:2.7.1 from Maven repository 'maven'
09:37:03.576 [DEBUG] [org.gradle.api.internal.artifacts.ivyservice.resolveengine.graph.conflicts.DefaultConflictHandler] Selected org.apache.hadoop:hadoop-auth:2.7.1 from conflicting modules [org.apache.hadoop:hadoop-auth:2.7.0-mapr-1506-SNAPSHOT, org.apache.hadoop:hadoop-auth:2.7.1].
09:37:03.576 [DEBUG] [org.gradle.api.internal.artifacts.ivyservice.resolveengine.graph.DependencyGraphBuilder] Visiting configuration org.apache.hadoop:hadoop-auth:2.7.0-mapr-1506-SNAPSHOT(runtime).
09:37:03.576 [DEBUG] [org.gradle.api.internal.artifacts.ivyservice.resolveengine.graph.DependencyGraphBuilder] version for org.apache.hadoop:hadoop-auth:2.7.0-mapr-1506-SNAPSHOT(runtime) is not selected. ignoring.
09:37:03.576 [DEBUG] [org.gradle.api.internal.artifacts.ivyservice.resolveengine.graph.DependencyGraphBuilder] Visiting configuration org.apache.hadoop:hadoop-auth:2.7.1(runtime).
09:37:03.576 [DEBUG] [org.gradle.api.internal.artifacts.ivyservice.resolveengine.graph.DependencyGraphBuilder] Visiting dependency org.apache.hadoop:hadoop-auth:2.7.1(runtime) -> dependency: org.slf4j:slf4j-api:1.7.10, scope: Compile, optional: false
09:37:03.576 [DEBUG] [org.gradle.api.internal.artifacts.ivyservice.resolveengine.graph.DependencyGraphBuilder] Visiting dependency org.apache.hadoop:hadoop-auth:2.7.1(runtime) -> dependency: commons-codec:commons-codec:1.4, scope: Compile, optional: false
09:37:03.576 [DEBUG] [org.gradle.api.internal.artifacts.ivyservice.resolveengine.graph.DependencyGraphBuilder] Visiting dependency org.apache.hadoop:hadoop-auth:2.7.1(runtime) -> dependency: log4j:log4j:1.2.17, scope: Runtime, optional: false
09:37:03.576 [DEBUG] [org.gradle.api.internal.artifacts.ivyservice.resolveengine.graph.DependencyGraphBuilder] Visiting dependency org.apache.hadoop:hadoop-auth:2.7.1(runtime) -> dependency: org.slf4j:slf4j-log4j12:1.7.10, scope: Runtime, optional: false
09:37:03.577 [DEBUG] [org.gradle.api.internal.artifacts.ivyservice.resolveengine.graph.DependencyGraphBuilder] Visiting dependency org.apache.hadoop:hadoop-auth:2.7.1(runtime) -> dependency: org.apache.httpcomponents:httpclient:4.2.5, scope: Compile, optional: false
09:37:03.577 [DEBUG] [io.spring.gradle.dependencymanagement.internal.VersionConfiguringAction] Processing dependency 'org.apache.httpcomponents:httpclient:4.2.5'
09:37:03.577 [DEBUG] [io.spring.gradle.dependencymanagement.internal.DependencyManagementContainer] Found managed version '4.5.3' for dependency 'org.apache.httpcomponents:httpclient' in global dependency management
09:37:03.577 [DEBUG] [io.spring.gradle.dependencymanagement.internal.VersionConfiguringAction] Using version '4.5.3' for dependency 'org.apache.httpcomponents:httpclient:4.2.5'
09:37:03.577 [DEBUG] [org.gradle.api.internal.artifacts.ivyservice.resolveengine.graph.DependencyGraphBuilder] Visiting dependency org.apache.hadoop:hadoop-auth:2.7.1(runtime) -> dependency: org.apache.directory.server:apacheds-kerberos-codec:2.0.0-M15, scope: Compile, optional: false
09:37:03.578 [DEBUG] [io.spring.gradle.dependencymanagement.internal.VersionConfiguringAction] Processing dependency 'org.apache.directory.server:apacheds-kerberos-codec:2.0.0-M15'
09:37:03.578 [DEBUG] [io.spring.gradle.dependencymanagement.internal.VersionConfiguringAction] No dependency management for dependency 'org.apache.directory.server:apacheds-kerberos-codec:2.0.0-M15'
09:37:03.578 [DEBUG] [org.gradle.api.internal.artifacts.ivyservice.resolveengine.graph.DependencyGraphBuilder] Selecting new module version org.apache.directory.server:apacheds-kerberos-codec:2.0.0-M15
09:37:03.578 [DEBUG] [org.gradle.api.internal.artifacts.ivyservice.ivyresolve.RepositoryChainComponentMetaDataResolver] Attempting to resolve component for org.apache.directory.server:apacheds-kerberos-codec:2.0.0-M15 using repositories [MavenLocal, maven, maven2, maven3]
09:37:03.578 [DEBUG] [org.gradle.api.internal.artifacts.repositories.resolver.DefaultExternalResourceArtifactResolver] Loading file:/Users/michaelmennis/.m2/repository/org/apache/directory/server/apacheds-kerberos-codec/2.0.0-M15/apacheds-kerberos-codec-2.0.0-M15.pom
09:37:03.579 [DEBUG] [org.gradle.api.internal.artifacts.ivyservice.ivyresolve.RepositoryChainComponentMetaDataResolver] Attempting to resolve component for org.apache.directory.server:apacheds-parent:2.0.0-M15 using repositories [MavenLocal, maven, maven2, maven3]
09:37:03.579 [DEBUG] [org.gradle.api.internal.artifacts.repositories.resolver.DefaultExternalResourceArtifactResolver] Loading file:/Users/michaelmennis/.m2/repository/org/apache/directory/server/apacheds-parent/2.0.0-M15/apacheds-parent-2.0.0-M15.pom
09:37:03.581 [DEBUG] [org.gradle.api.internal.artifacts.ivyservice.ivyresolve.RepositoryChainComponentMetaDataResolver] Attempting to resolve component for org.apache.directory.project:project:31 using repositories [MavenLocal, maven, maven2, maven3]
09:37:03.581 [DEBUG] [org.gradle.api.internal.artifacts.repositories.resolver.DefaultExternalResourceArtifactResolver] Loading file:/Users/michaelmennis/.m2/repository/org/apache/directory/project/project/31/project-31.pom
09:37:03.582 [DEBUG] [org.gradle.api.internal.artifacts.ivyservice.ivyresolve.RepositoryChainComponentMetaDataResolver] Attempting to resolve component for org.apache:apache:11 using repositories [MavenLocal, maven, maven2, maven3]
09:37:03.582 [DEBUG] [org.gradle.api.internal.artifacts.repositories.resolver.DefaultExternalResourceArtifactResolver] Loading file:/Users/michaelmennis/.m2/repository/org/apache/apache/11/apache-11.pom
09:37:03.584 [DEBUG] [org.gradle.launcher.daemon.server.Daemon] DaemonExpirationPeriodicCheck running
09:37:03.584 [DEBUG] [org.gradle.cache.internal.DefaultFileLockManager] Waiting to acquire shared lock on daemon addresses registry.
09:37:03.584 [DEBUG] [org.gradle.cache.internal.DefaultFileLockManager] Lock acquired.
09:37:03.585 [DEBUG] [org.gradle.cache.internal.DefaultFileLockManager] Releasing lock on daemon addresses registry.
09:37:03.585 [DEBUG] [org.gradle.cache.internal.DefaultFileLockManager] Waiting to acquire shared lock on daemon addresses registry.
09:37:03.585 [DEBUG] [org.gradle.cache.internal.DefaultFileLockManager] Lock acquired.
09:37:03.585 [DEBUG] [org.gradle.cache.internal.DefaultFileLockManager] Releasing lock on daemon addresses registry.
09:37:03.594 [DEBUG] [org.gradle.api.internal.artifacts.repositories.resolver.ExternalResourceResolver] Metadata file found for module 'org.apache:apache:11' in repository 'MavenLocal'.
09:37:03.594 [DEBUG] [org.gradle.api.internal.artifacts.ivyservice.ivyresolve.RepositoryChainComponentMetaDataResolver] Using org.apache:apache:11 from Maven repository 'MavenLocal'
09:37:03.594 [DEBUG] [org.gradle.api.internal.artifacts.repositories.resolver.DefaultExternalResourceArtifactResolver] Loading file:/Users/michaelmennis/.m2/repository/org/apache/apache/11/apache-11.pom
09:37:03.596 [DEBUG] [org.gradle.api.internal.artifacts.repositories.resolver.ExternalResourceResolver] Metadata file found for module 'org.apache.directory.project:project:31' in repository 'MavenLocal'.
09:37:03.596 [DEBUG] [org.gradle.api.internal.artifacts.ivyservice.ivyresolve.RepositoryChainComponentMetaDataResolver] Using org.apache.directory.project:project:31 from Maven repository 'MavenLocal'
09:37:03.597 [DEBUG] [org.gradle.api.internal.artifacts.repositories.resolver.DefaultExternalResourceArtifactResolver] Loading file:/Users/michaelmennis/.m2/repository/org/apache/directory/project/project/31/project-31.pom
09:37:03.598 [DEBUG] [org.gradle.api.internal.artifacts.ivyservice.ivyresolve.RepositoryChainComponentMetaDataResolver] Attempting to resolve component for org.apache:apache:11 using repositories [MavenLocal, maven, maven2, maven3]
09:37:03.598 [DEBUG] [org.gradle.api.internal.artifacts.ivyservice.ivyresolve.RepositoryChainComponentMetaDataResolver] Using org.apache:apache:11 from Maven repository 'MavenLocal'
09:37:03.600 [DEBUG] [org.gradle.api.internal.artifacts.repositories.resolver.ExternalResourceResolver] Metadata file found for module 'org.apache.directory.server:apacheds-parent:2.0.0-M15' in repository 'MavenLocal'.
09:37:03.600 [DEBUG] [org.gradle.api.internal.artifacts.ivyservice.ivyresolve.RepositoryChainComponentMetaDataResolver] Using org.apache.directory.server:apacheds-parent:2.0.0-M15 from Maven repository 'MavenLocal'
09:37:03.600 [DEBUG] [org.gradle.api.internal.artifacts.repositories.resolver.DefaultExternalResourceArtifactResolver] Loading file:/Users/michaelmennis/.m2/repository/org/apache/directory/server/apacheds-parent/2.0.0-M15/apacheds-parent-2.0.0-M15.pom
09:37:03.602 [DEBUG] [org.gradle.api.internal.artifacts.ivyservice.ivyresolve.RepositoryChainComponentMetaDataResolver] Attempting to resolve component for org.apache.directory.project:project:31 using repositories [MavenLocal, maven, maven2, maven3]
09:37:03.602 [DEBUG] [org.gradle.api.internal.artifacts.ivyservice.ivyresolve.RepositoryChainComponentMetaDataResolver] Using org.apache.directory.project:project:31 from Maven repository 'MavenLocal'
09:37:03.603 [DEBUG] [org.gradle.api.internal.artifacts.ivyservice.ivyresolve.RepositoryChainComponentMetaDataResolver] Attempting to resolve component for org.apache:apache:11 using repositories [MavenLocal, maven, maven2, maven3]
09:37:03.603 [DEBUG] [org.gradle.api.internal.artifacts.ivyservice.ivyresolve.RepositoryChainComponentMetaDataResolver] Using org.apache:apache:11 from Maven repository 'MavenLocal'
09:37:03.613 [DEBUG] [org.gradle.api.internal.artifacts.repositories.resolver.DefaultExternalResourceArtifactResolver] Loading file:/Users/michaelmennis/.m2/repository/org/apache/directory/server/apacheds-kerberos-codec/2.0.0-M15/apacheds-kerberos-codec-2.0.0-M15.jar
09:37:03.614 [DEBUG] [org.gradle.api.internal.artifacts.repositories.resolver.ExternalResourceResolver] Metadata file found for module 'org.apache.directory.server:apacheds-kerberos-codec:2.0.0-M15' in repository 'MavenLocal'.
09:37:03.614 [DEBUG] [org.gradle.api.internal.artifacts.ivyservice.ivyresolve.RepositoryChainComponentMetaDataResolver] Using org.apache.directory.server:apacheds-kerberos-codec:2.0.0-M15 from Maven repository 'MavenLocal'
09:37:03.614 [DEBUG] [org.gradle.api.internal.artifacts.ivyservice.resolveengine.graph.DependencyGraphBuilder] Visiting dependency org.apache.hadoop:hadoop-auth:2.7.1(runtime) -> dependency: org.apache.zookeeper:zookeeper:3.4.6, scope: Compile, optional: false
09:37:03.614 [DEBUG] [org.gradle.api.internal.artifacts.ivyservice.resolveengine.graph.DependencyGraphBuilder] Visiting dependency org.apache.hadoop:hadoop-auth:2.7.1(runtime) -> dependency: org.apache.curator:curator-framework:2.7.1, scope: Compile, optional: false
09:37:03.614 [DEBUG] [org.gradle.api.internal.artifacts.ivyservice.resolveengine.graph.DependencyGraphBuilder] Visiting configuration org.slf4j:slf4j-api:1.7.25(runtime).
09:37:03.614 [DEBUG] [org.gradle.api.internal.artifacts.ivyservice.resolveengine.graph.DependencyGraphBuilder] Changed edges for org.slf4j:slf4j-api:1.7.25(runtime) selects same versions as previous traversal. ignoring
09:37:03.614 [DEBUG] [org.gradle.api.internal.artifacts.ivyservice.resolveengine.graph.DependencyGraphBuilder] Visiting configuration commons-codec:commons-codec:1.10(runtime).
09:37:03.614 [DEBUG] [org.gradle.api.internal.artifacts.ivyservice.resolveengine.graph.DependencyGraphBuilder] Changed edges for commons-codec:commons-codec:1.10(runtime) selects same versions as previous traversal. ignoring
09:37:03.614 [DEBUG] [org.gradle.api.internal.artifacts.ivyservice.resolveengine.graph.DependencyGraphBuilder] Visiting configuration org.slf4j:slf4j-log4j12:1.7.25(runtime).
09:37:03.614 [DEBUG] [org.gradle.api.internal.artifacts.ivyservice.resolveengine.graph.DependencyGraphBuilder] Visiting dependency org.slf4j:slf4j-log4j12:1.7.25(runtime) -> dependency: org.slf4j:slf4j-api:1.7.25, scope: Compile, optional: false
09:37:03.614 [DEBUG] [org.gradle.api.internal.artifacts.ivyservice.resolveengine.graph.DependencyGraphBuilder] Visiting dependency org.slf4j:slf4j-log4j12:1.7.25(runtime) -> dependency: log4j:log4j:1.2.17, scope: Compile, optional: false
09:37:03.614 [DEBUG] [org.gradle.api.internal.artifacts.ivyservice.resolveengine.graph.DependencyGraphBuilder] Visiting configuration org.slf4j:slf4j-api:1.7.25(runtime).
09:37:03.614 [DEBUG] [org.gradle.api.internal.artifacts.ivyservice.resolveengine.graph.DependencyGraphBuilder] Changed edges for org.slf4j:slf4j-api:1.7.25(runtime) selects same versions as previous traversal. ignoring
09:37:03.615 [DEBUG] [org.gradle.api.internal.artifacts.ivyservice.resolveengine.graph.DependencyGraphBuilder] Visiting configuration org.apache.httpcomponents:httpclient:4.5.3(runtime).
09:37:03.615 [DEBUG] [org.gradle.api.internal.artifacts.ivyservice.resolveengine.graph.DependencyGraphBuilder] Visiting dependency org.apache.httpcomponents:httpclient:4.5.3(runtime) -> dependency: org.apache.httpcomponents:httpcore:4.4.6, scope: Compile, optional: false
09:37:03.615 [DEBUG] [org.gradle.api.internal.artifacts.ivyservice.resolveengine.graph.DependencyGraphBuilder] Visiting dependency org.apache.httpcomponents:httpclient:4.5.3(runtime) -> dependency: commons-logging:commons-logging:1.2, scope: Compile, optional: false
09:37:03.615 [DEBUG] [org.gradle.api.internal.artifacts.ivyservice.resolveengine.graph.DependencyGraphBuilder] Visiting dependency org.apache.httpcomponents:httpclient:4.5.3(runtime) -> dependency: commons-codec:commons-codec:1.9, scope: Compile, optional: false
09:37:03.615 [DEBUG] [org.gradle.api.internal.artifacts.ivyservice.resolveengine.graph.DependencyGraphBuilder] Visiting configuration org.apache.directory.server:apacheds-kerberos-codec:2.0.0-M15(runtime).
09:37:03.615 [DEBUG] [org.gradle.api.internal.artifacts.ivyservice.resolveengine.graph.DependencyGraphBuilder] org.apache.directory.api:api-asn1-ber is excluded from org.apache.directory.server:apacheds-kerberos-codec:2.0.0-M15(runtime).
09:37:03.615 [DEBUG] [org.gradle.api.internal.artifacts.ivyservice.resolveengine.graph.DependencyGraphBuilder] org.apache.directory.api:api-i18n is excluded from org.apache.directory.server:apacheds-kerberos-codec:2.0.0-M15(runtime).
09:37:03.615 [DEBUG] [org.gradle.api.internal.artifacts.ivyservice.resolveengine.graph.DependencyGraphBuilder] org.apache.directory.api:api-ldap-model is excluded from org.apache.directory.server:apacheds-kerberos-codec:2.0.0-M15(runtime).
09:37:03.615 [DEBUG] [org.gradle.api.internal.artifacts.ivyservice.resolveengine.graph.DependencyGraphBuilder] net.sf.ehcache:ehcache-core is excluded from org.apache.directory.server:apacheds-kerberos-codec:2.0.0-M15(runtime).
09:37:03.615 [DEBUG] [org.gradle.api.internal.artifacts.ivyservice.resolveengine.graph.DependencyGraphBuilder] Visiting dependency org.apache.directory.server:apacheds-kerberos-codec:2.0.0-M15(runtime) -> dependency: org.apache.directory.server:apacheds-i18n:2.0.0-M15, scope: Compile, optional: false
09:37:03.615 [DEBUG] [io.spring.gradle.dependencymanagement.internal.VersionConfiguringAction] Processing dependency 'org.apache.directory.server:apacheds-i18n:2.0.0-M15'
09:37:03.615 [DEBUG] [io.spring.gradle.dependencymanagement.internal.VersionConfiguringAction] No dependency management for dependency 'org.apache.directory.server:apacheds-i18n:2.0.0-M15'
09:37:03.615 [DEBUG] [org.gradle.api.internal.artifacts.ivyservice.resolveengine.graph.DependencyGraphBuilder] Selecting new module version org.apache.directory.server:apacheds-i18n:2.0.0-M15
09:37:03.616 [DEBUG] [org.gradle.api.internal.artifacts.ivyservice.ivyresolve.RepositoryChainComponentMetaDataResolver] Attempting to resolve component for org.apache.directory.server:apacheds-i18n:2.0.0-M15 using repositories [MavenLocal, maven, maven2, maven3]
09:37:03.616 [DEBUG] [org.gradle.api.internal.artifacts.repositories.resolver.DefaultExternalResourceArtifactResolver] Loading file:/Users/michaelmennis/.m2/repository/org/apache/directory/server/apacheds-i18n/2.0.0-M15/apacheds-i18n-2.0.0-M15.pom
09:37:03.617 [DEBUG] [org.gradle.api.internal.artifacts.ivyservice.ivyresolve.RepositoryChainComponentMetaDataResolver] Attempting to resolve component for org.apache.directory.server:apacheds-parent:2.0.0-M15 using repositories [MavenLocal, maven, maven2, maven3]
09:37:03.617 [DEBUG] [org.gradle.api.internal.artifacts.ivyservice.ivyresolve.RepositoryChainComponentMetaDataResolver] Using org.apache.directory.server:apacheds-parent:2.0.0-M15 from Maven repository 'MavenLocal'
09:37:03.618 [DEBUG] [org.gradle.api.internal.artifacts.ivyservice.ivyresolve.RepositoryChainComponentMetaDataResolver] Attempting to resolve component for org.apache.directory.project:project:31 using repositories [MavenLocal, maven, maven2, maven3]
09:37:03.619 [DEBUG] [org.gradle.api.internal.artifacts.ivyservice.ivyresolve.RepositoryChainComponentMetaDataResolver] Using org.apache.directory.project:project:31 from Maven repository 'MavenLocal'
09:37:03.620 [DEBUG] [org.gradle.api.internal.artifacts.ivyservice.ivyresolve.RepositoryChainComponentMetaDataResolver] Attempting to resolve component for org.apache:apache:11 using repositories [MavenLocal, maven, maven2, maven3]
09:37:03.620 [DEBUG] [org.gradle.api.internal.artifacts.ivyservice.ivyresolve.RepositoryChainComponentMetaDataResolver] Using org.apache:apache:11 from Maven repository 'MavenLocal'
09:37:03.622 [DEBUG] [org.gradle.api.internal.artifacts.repositories.resolver.DefaultExternalResourceArtifactResolver] Loading file:/Users/michaelmennis/.m2/repository/org/apache/directory/server/apacheds-i18n/2.0.0-M15/apacheds-i18n-2.0.0-M15.jar
09:37:03.622 [DEBUG] [org.gradle.api.internal.artifacts.repositories.resolver.ExternalResourceResolver] Metadata file found for module 'org.apache.directory.server:apacheds-i18n:2.0.0-M15' in repository 'MavenLocal'.
09:37:03.622 [DEBUG] [org.gradle.api.internal.artifacts.ivyservice.ivyresolve.RepositoryChainComponentMetaDataResolver] Using org.apache.directory.server:apacheds-i18n:2.0.0-M15 from Maven repository 'MavenLocal'
09:37:03.622 [DEBUG] [org.gradle.api.internal.artifacts.ivyservice.resolveengine.graph.DependencyGraphBuilder] Visiting dependency org.apache.directory.server:apacheds-kerberos-codec:2.0.0-M15(runtime) -> dependency: org.apache.directory.api:api-asn1-api:1.0.0-M20, scope: Compile, optional: false
09:37:03.622 [DEBUG] [io.spring.gradle.dependencymanagement.internal.VersionConfiguringAction] Processing dependency 'org.apache.directory.api:api-asn1-api:1.0.0-M20'
09:37:03.622 [DEBUG] [io.spring.gradle.dependencymanagement.internal.VersionConfiguringAction] No dependency management for dependency 'org.apache.directory.api:api-asn1-api:1.0.0-M20'
09:37:03.622 [DEBUG] [org.gradle.api.internal.artifacts.ivyservice.resolveengine.graph.DependencyGraphBuilder] Selecting new module version org.apache.directory.api:api-asn1-api:1.0.0-M20
09:37:03.622 [DEBUG] [org.gradle.api.internal.artifacts.ivyservice.ivyresolve.RepositoryChainComponentMetaDataResolver] Attempting to resolve component for org.apache.directory.api:api-asn1-api:1.0.0-M20 using repositories [MavenLocal, maven, maven2, maven3]
09:37:03.622 [DEBUG] [org.gradle.api.internal.artifacts.repositories.resolver.DefaultExternalResourceArtifactResolver] Loading file:/Users/michaelmennis/.m2/repository/org/apache/directory/api/api-asn1-api/1.0.0-M20/api-asn1-api-1.0.0-M20.pom
09:37:03.623 [DEBUG] [org.gradle.api.internal.artifacts.ivyservice.ivyresolve.RepositoryChainComponentMetaDataResolver] Attempting to resolve component for org.apache.directory.api:api-asn1-parent:1.0.0-M20 using repositories [MavenLocal, maven, maven2, maven3]
09:37:03.623 [DEBUG] [org.gradle.api.internal.artifacts.repositories.resolver.DefaultExternalResourceArtifactResolver] Loading file:/Users/michaelmennis/.m2/repository/org/apache/directory/api/api-asn1-parent/1.0.0-M20/api-asn1-parent-1.0.0-M20.pom
09:37:03.624 [DEBUG] [org.gradle.api.internal.artifacts.ivyservice.ivyresolve.RepositoryChainComponentMetaDataResolver] Attempting to resolve component for org.apache.directory.api:api-parent:1.0.0-M20 using repositories [MavenLocal, maven, maven2, maven3]
09:37:03.624 [DEBUG] [org.gradle.api.internal.artifacts.repositories.resolver.DefaultExternalResourceArtifactResolver] Loading file:/Users/michaelmennis/.m2/repository/org/apache/directory/api/api-parent/1.0.0-M20/api-parent-1.0.0-M20.pom
09:37:03.626 [DEBUG] [org.gradle.api.internal.artifacts.ivyservice.ivyresolve.RepositoryChainComponentMetaDataResolver] Attempting to resolve component for org.apache.directory.project:project:31 using repositories [MavenLocal, maven, maven2, maven3]
09:37:03.626 [DEBUG] [org.gradle.api.internal.artifacts.ivyservice.ivyresolve.RepositoryChainComponentMetaDataResolver] Using org.apache.directory.project:project:31 from Maven repository 'MavenLocal'
09:37:03.628 [DEBUG] [org.gradle.api.internal.artifacts.ivyservice.ivyresolve.RepositoryChainComponentMetaDataResolver] Attempting to resolve component for org.apache:apache:11 using repositories [MavenLocal, maven, maven2, maven3]
09:37:03.628 [DEBUG] [org.gradle.api.internal.artifacts.ivyservice.ivyresolve.RepositoryChainComponentMetaDataResolver] Using org.apache:apache:11 from Maven repository 'MavenLocal'
09:37:03.630 [DEBUG] [org.gradle.api.internal.artifacts.repositories.resolver.ExternalResourceResolver] Metadata file found for module 'org.apache.directory.api:api-parent:1.0.0-M20' in repository 'MavenLocal'.
09:37:03.630 [DEBUG] [org.gradle.api.internal.artifacts.ivyservice.ivyresolve.RepositoryChainComponentMetaDataResolver] Using org.apache.directory.api:api-parent:1.0.0-M20 from Maven repository 'MavenLocal'
09:37:03.630 [DEBUG] [org.gradle.api.internal.artifacts.repositories.resolver.DefaultExternalResourceArtifactResolver] Loading file:/Users/michaelmennis/.m2/repository/org/apache/directory/api/api-parent/1.0.0-M20/api-parent-1.0.0-M20.pom
09:37:03.632 [DEBUG] [org.gradle.api.internal.artifacts.ivyservice.ivyresolve.RepositoryChainComponentMetaDataResolver] Attempting to resolve component for org.apache.directory.project:project:31 using repositories [MavenLocal, maven, maven2, maven3]
09:37:03.632 [DEBUG] [org.gradle.api.internal.artifacts.ivyservice.ivyresolve.RepositoryChainComponentMetaDataResolver] Using org.apache.directory.project:project:31 from Maven repository 'MavenLocal'
09:37:03.634 [DEBUG] [org.gradle.api.internal.artifacts.ivyservice.ivyresolve.RepositoryChainComponentMetaDataResolver] Attempting to resolve component for org.apache:apache:11 using repositories [MavenLocal, maven, maven2, maven3]
09:37:03.634 [DEBUG] [org.gradle.api.internal.artifacts.ivyservice.ivyresolve.RepositoryChainComponentMetaDataResolver] Using org.apache:apache:11 from Maven repository 'MavenLocal'
09:37:03.636 [DEBUG] [org.gradle.api.internal.artifacts.repositories.resolver.ExternalResourceResolver] Metadata file found for module 'org.apache.directory.api:api-asn1-parent:1.0.0-M20' in repository 'MavenLocal'.
09:37:03.636 [DEBUG] [org.gradle.api.internal.artifacts.ivyservice.ivyresolve.RepositoryChainComponentMetaDataResolver] Using org.apache.directory.api:api-asn1-parent:1.0.0-M20 from Maven repository 'MavenLocal'
09:37:03.636 [DEBUG] [org.gradle.api.internal.artifacts.repositories.resolver.DefaultExternalResourceArtifactResolver] Loading file:/Users/michaelmennis/.m2/repository/org/apache/directory/api/api-asn1-parent/1.0.0-M20/api-asn1-parent-1.0.0-M20.pom
09:37:03.638 [DEBUG] [org.gradle.api.internal.artifacts.ivyservice.ivyresolve.RepositoryChainComponentMetaDataResolver] Attempting to resolve component for org.apache.directory.api:api-parent:1.0.0-M20 using repositories [MavenLocal, maven, maven2, maven3]
09:37:03.638 [DEBUG] [org.gradle.api.internal.artifacts.ivyservice.ivyresolve.RepositoryChainComponentMetaDataResolver] Using org.apache.directory.api:api-parent:1.0.0-M20 from Maven repository 'MavenLocal'
09:37:03.639 [DEBUG] [org.gradle.api.internal.artifacts.ivyservice.ivyresolve.RepositoryChainComponentMetaDataResolver] Attempting to resolve component for org.apache.directory.project:project:31 using repositories [MavenLocal, maven, maven2, maven3]
09:37:03.639 [DEBUG] [org.gradle.api.internal.artifacts.ivyservice.ivyresolve.RepositoryChainComponentMetaDataResolver] Using org.apache.directory.project:project:31 from Maven repository 'MavenLocal'
09:37:03.641 [DEBUG] [org.gradle.api.internal.artifacts.ivyservice.ivyresolve.RepositoryChainComponentMetaDataResolver] Attempting to resolve component for org.apache:apache:11 using repositories [MavenLocal, maven, maven2, maven3]
09:37:03.641 [DEBUG] [org.gradle.api.internal.artifacts.ivyservice.ivyresolve.RepositoryChainComponentMetaDataResolver] Using org.apache:apache:11 from Maven repository 'MavenLocal'
09:37:03.644 [DEBUG] [org.gradle.api.internal.artifacts.repositories.resolver.DefaultExternalResourceArtifactResolver] Loading file:/Users/michaelmennis/.m2/repository/org/apache/directory/api/api-asn1-api/1.0.0-M20/api-asn1-api-1.0.0-M20.jar
09:37:03.644 [DEBUG] [org.gradle.api.internal.artifacts.repositories.resolver.ExternalResourceResolver] Metadata file found for module 'org.apache.directory.api:api-asn1-api:1.0.0-M20' in repository 'MavenLocal'.
09:37:03.644 [DEBUG] [org.gradle.api.internal.artifacts.ivyservice.ivyresolve.RepositoryChainComponentMetaDataResolver] Using org.apache.directory.api:api-asn1-api:1.0.0-M20 from Maven repository 'MavenLocal'
09:37:03.644 [DEBUG] [org.gradle.api.internal.artifacts.ivyservice.resolveengine.graph.DependencyGraphBuilder] Visiting dependency org.apache.directory.server:apacheds-kerberos-codec:2.0.0-M15(runtime) -> dependency: org.apache.directory.api:api-util:1.0.0-M20, scope: Compile, optional: false
09:37:03.644 [DEBUG] [io.spring.gradle.dependencymanagement.internal.VersionConfiguringAction] Processing dependency 'org.apache.directory.api:api-util:1.0.0-M20'
09:37:03.644 [DEBUG] [io.spring.gradle.dependencymanagement.internal.VersionConfiguringAction] No dependency management for dependency 'org.apache.directory.api:api-util:1.0.0-M20'
09:37:03.644 [DEBUG] [org.gradle.api.internal.artifacts.ivyservice.resolveengine.graph.DependencyGraphBuilder] Selecting new module version org.apache.directory.api:api-util:1.0.0-M20
09:37:03.644 [DEBUG] [org.gradle.api.internal.artifacts.ivyservice.ivyresolve.RepositoryChainComponentMetaDataResolver] Attempting to resolve component for org.apache.directory.api:api-util:1.0.0-M20 using repositories [MavenLocal, maven, maven2, maven3]
09:37:03.644 [DEBUG] [org.gradle.api.internal.artifacts.repositories.resolver.DefaultExternalResourceArtifactResolver] Loading file:/Users/michaelmennis/.m2/repository/org/apache/directory/api/api-util/1.0.0-M20/api-util-1.0.0-M20.pom
09:37:03.645 [DEBUG] [org.gradle.api.internal.artifacts.ivyservice.ivyresolve.RepositoryChainComponentMetaDataResolver] Attempting to resolve component for org.apache.directory.api:api-parent:1.0.0-M20 using repositories [MavenLocal, maven, maven2, maven3]
09:37:03.645 [DEBUG] [org.gradle.api.internal.artifacts.ivyservice.ivyresolve.RepositoryChainComponentMetaDataResolver] Using org.apache.directory.api:api-parent:1.0.0-M20 from Maven repository 'MavenLocal'
09:37:03.647 [DEBUG] [org.gradle.api.internal.artifacts.ivyservice.ivyresolve.RepositoryChainComponentMetaDataResolver] Attempting to resolve component for org.apache.directory.project:project:31 using repositories [MavenLocal, maven, maven2, maven3]
09:37:03.647 [DEBUG] [org.gradle.api.internal.artifacts.ivyservice.ivyresolve.RepositoryChainComponentMetaDataResolver] Using org.apache.directory.project:project:31 from Maven repository 'MavenLocal'
09:37:03.649 [DEBUG] [org.gradle.api.internal.artifacts.ivyservice.ivyresolve.RepositoryChainComponentMetaDataResolver] Attempting to resolve component for org.apache:apache:11 using repositories [MavenLocal, maven, maven2, maven3]
09:37:03.649 [DEBUG] [org.gradle.api.internal.artifacts.ivyservice.ivyresolve.RepositoryChainComponentMetaDataResolver] Using org.apache:apache:11 from Maven repository 'MavenLocal'
09:37:03.651 [DEBUG] [org.gradle.api.internal.artifacts.repositories.resolver.DefaultExternalResourceArtifactResolver] Loading file:/Users/michaelmennis/.m2/repository/org/apache/directory/api/api-util/1.0.0-M20/api-util-1.0.0-M20.jar
09:37:03.651 [DEBUG] [org.gradle.api.internal.artifacts.repositories.resolver.ExternalResourceResolver] Metadata file found for module 'org.apache.directory.api:api-util:1.0.0-M20' in repository 'MavenLocal'.
09:37:03.651 [DEBUG] [org.gradle.api.internal.artifacts.ivyservice.ivyresolve.RepositoryChainComponentMetaDataResolver] Using org.apache.directory.api:api-util:1.0.0-M20 from Maven repository 'MavenLocal'
09:37:03.651 [DEBUG] [org.gradle.api.internal.artifacts.ivyservice.resolveengine.graph.DependencyGraphBuilder] Visiting dependency org.apache.directory.server:apacheds-kerberos-codec:2.0.0-M15(runtime) -> dependency: org.slf4j:slf4j-api:1.7.5, scope: Compile, optional: false
09:37:03.651 [DEBUG] [org.gradle.api.internal.artifacts.ivyservice.resolveengine.graph.DependencyGraphBuilder] Visiting configuration org.apache.zookeeper:zookeeper:3.4.6(runtime).
09:37:03.651 [DEBUG] [org.gradle.api.internal.artifacts.ivyservice.resolveengine.graph.DependencyGraphBuilder] Visiting dependency org.apache.zookeeper:zookeeper:3.4.6(runtime) -> dependency: org.slf4j:slf4j-api:1.6.1, scope: Compile, optional: false
09:37:03.651 [DEBUG] [org.gradle.api.internal.artifacts.ivyservice.resolveengine.graph.DependencyGraphBuilder] Visiting dependency org.apache.zookeeper:zookeeper:3.4.6(runtime) -> dependency: org.slf4j:slf4j-log4j12:1.6.1, scope: Compile, optional: false
09:37:03.651 [DEBUG] [org.gradle.api.internal.artifacts.ivyservice.resolveengine.graph.DependencyGraphBuilder] Visiting dependency org.apache.zookeeper:zookeeper:3.4.6(runtime) -> dependency: log4j:log4j:1.2.16, scope: Compile, optional: false
09:37:03.651 [DEBUG] [org.gradle.api.internal.artifacts.ivyservice.resolveengine.graph.DependencyGraphBuilder] Visiting dependency org.apache.zookeeper:zookeeper:3.4.6(runtime) -> dependency: jline:jline:0.9.94, scope: Compile, optional: false
09:37:03.651 [DEBUG] [org.gradle.api.internal.artifacts.ivyservice.resolveengine.graph.DependencyGraphBuilder] Visiting dependency org.apache.zookeeper:zookeeper:3.4.6(runtime) -> dependency: io.netty:netty:3.7.0.Final, scope: Compile, optional: false
09:37:03.651 [DEBUG] [org.gradle.api.internal.artifacts.ivyservice.resolveengine.graph.DependencyGraphBuilder] Visiting configuration io.netty:netty:3.7.0.Final(runtime).
09:37:03.651 [DEBUG] [org.gradle.api.internal.artifacts.ivyservice.resolveengine.graph.DependencyGraphBuilder] Visiting configuration jline:jline:0.9.94(runtime).
09:37:03.651 [DEBUG] [org.gradle.api.internal.artifacts.ivyservice.resolveengine.graph.DependencyGraphBuilder] junit:junit is excluded from jline:jline:0.9.94(runtime).
09:37:03.652 [DEBUG] [org.gradle.api.internal.artifacts.ivyservice.resolveengine.graph.DependencyGraphBuilder] Visiting configuration org.slf4j:slf4j-log4j12:1.7.25(runtime).
09:37:03.652 [DEBUG] [org.gradle.api.internal.artifacts.ivyservice.resolveengine.graph.DependencyGraphBuilder] Changed edges for org.slf4j:slf4j-log4j12:1.7.25(runtime) selects same versions as previous traversal. ignoring
09:37:03.652 [DEBUG] [org.gradle.api.internal.artifacts.ivyservice.resolveengine.graph.DependencyGraphBuilder] Visiting configuration org.apache.curator:curator-framework:2.7.1(runtime).
09:37:03.652 [DEBUG] [org.gradle.api.internal.artifacts.ivyservice.resolveengine.graph.DependencyGraphBuilder] Visiting dependency org.apache.curator:curator-framework:2.7.1(runtime) -> dependency: org.apache.curator:curator-client:2.7.1, scope: Compile, optional: false
09:37:03.652 [DEBUG] [org.gradle.api.internal.artifacts.ivyservice.resolveengine.graph.DependencyGraphBuilder] Visiting dependency org.apache.curator:curator-framework:2.7.1(runtime) -> dependency: org.apache.zookeeper:zookeeper:3.4.6, scope: Compile, optional: false
09:37:03.652 [DEBUG] [org.gradle.api.internal.artifacts.ivyservice.resolveengine.graph.DependencyGraphBuilder] Visiting dependency org.apache.curator:curator-framework:2.7.1(runtime) -> dependency: com.google.guava:guava:16.0.1, scope: Compile, optional: false
09:37:03.652 [DEBUG] [org.gradle.api.internal.artifacts.ivyservice.resolveengine.graph.DependencyGraphBuilder] Visiting configuration com.google.guava:guava:18.0(runtime).
09:37:03.653 [DEBUG] [org.gradle.api.internal.artifacts.ivyservice.resolveengine.graph.DependencyGraphBuilder] Changed edges for com.google.guava:guava:18.0(runtime) selects same versions as previous traversal. ignoring
09:37:03.653 [DEBUG] [org.gradle.api.internal.artifacts.ivyservice.resolveengine.graph.DependencyGraphBuilder] Visiting configuration org.apache.zookeeper:zookeeper:3.4.6(runtime).
09:37:03.653 [DEBUG] [org.gradle.api.internal.artifacts.ivyservice.resolveengine.graph.DependencyGraphBuilder] Changed edges for org.apache.zookeeper:zookeeper:3.4.6(runtime) selects same versions as previous traversal. ignoring
09:37:03.653 [DEBUG] [org.gradle.api.internal.artifacts.ivyservice.resolveengine.graph.DependencyGraphBuilder] Visiting configuration org.apache.curator:curator-client:2.7.1(runtime).
09:37:03.653 [DEBUG] [org.gradle.api.internal.artifacts.ivyservice.resolveengine.graph.DependencyGraphBuilder] Visiting dependency org.apache.curator:curator-client:2.7.1(runtime) -> dependency: org.slf4j:slf4j-api:1.7.6, scope: Compile, optional: false
09:37:03.653 [DEBUG] [org.gradle.api.internal.artifacts.ivyservice.resolveengine.graph.DependencyGraphBuilder] Visiting dependency org.apache.curator:curator-client:2.7.1(runtime) -> dependency: org.apache.zookeeper:zookeeper:3.4.6, scope: Compile, optional: false
09:37:03.653 [DEBUG] [org.gradle.api.internal.artifacts.ivyservice.resolveengine.graph.DependencyGraphBuilder] Visiting dependency org.apache.curator:curator-client:2.7.1(runtime) -> dependency: com.google.guava:guava:16.0.1, scope: Compile, optional: false
09:37:03.653 [DEBUG] [org.gradle.api.internal.artifacts.ivyservice.resolveengine.graph.DependencyGraphBuilder] Visiting configuration com.google.guava:guava:18.0(runtime).
09:37:03.654 [DEBUG] [org.gradle.api.internal.artifacts.ivyservice.resolveengine.graph.DependencyGraphBuilder] Changed edges for com.google.guava:guava:18.0(runtime) selects same versions as previous traversal. ignoring
09:37:03.654 [DEBUG] [org.gradle.api.internal.artifacts.ivyservice.resolveengine.graph.DependencyGraphBuilder] Visiting configuration org.apache.zookeeper:zookeeper:3.4.6(runtime).
09:37:03.654 [DEBUG] [org.gradle.api.internal.artifacts.ivyservice.resolveengine.graph.DependencyGraphBuilder] Changed edges for org.apache.zookeeper:zookeeper:3.4.6(runtime) selects same versions as previous traversal. ignoring
09:37:03.654 [DEBUG] [org.gradle.api.internal.artifacts.ivyservice.resolveengine.graph.DependencyGraphBuilder] Visiting configuration org.apache.httpcomponents:httpcore:4.4.6(runtime).
09:37:03.654 [DEBUG] [org.gradle.api.internal.artifacts.ivyservice.resolveengine.graph.DependencyGraphBuilder] Visiting configuration commons-logging:commons-logging:1.2(runtime).
09:37:03.654 [DEBUG] [org.gradle.api.internal.artifacts.ivyservice.resolveengine.graph.DependencyGraphBuilder] Changed edges for commons-logging:commons-logging:1.2(runtime) selects same versions as previous traversal. ignoring
09:37:03.654 [DEBUG] [org.gradle.api.internal.artifacts.ivyservice.resolveengine.graph.DependencyGraphBuilder] Visiting configuration commons-codec:commons-codec:1.10(runtime).
09:37:03.654 [DEBUG] [org.gradle.api.internal.artifacts.ivyservice.resolveengine.graph.DependencyGraphBuilder] Changed edges for commons-codec:commons-codec:1.10(runtime) selects same versions as previous traversal. ignoring
09:37:03.654 [DEBUG] [org.gradle.api.internal.artifacts.ivyservice.resolveengine.graph.DependencyGraphBuilder] Visiting configuration org.apache.directory.server:apacheds-i18n:2.0.0-M15(runtime).
09:37:03.654 [DEBUG] [org.gradle.api.internal.artifacts.ivyservice.resolveengine.graph.DependencyGraphBuilder] Visiting dependency org.apache.directory.server:apacheds-i18n:2.0.0-M15(runtime) -> dependency: org.slf4j:slf4j-api:1.7.5, scope: Compile, optional: false
09:37:03.654 [DEBUG] [org.gradle.api.internal.artifacts.ivyservice.resolveengine.graph.DependencyGraphBuilder] Visiting configuration org.apache.directory.api:api-asn1-api:1.0.0-M20(runtime).
09:37:03.654 [DEBUG] [org.gradle.api.internal.artifacts.ivyservice.resolveengine.graph.DependencyGraphBuilder] org.apache.directory.api:api-i18n is excluded from org.apache.directory.api:api-asn1-api:1.0.0-M20(runtime).
09:37:03.654 [DEBUG] [org.gradle.api.internal.artifacts.ivyservice.resolveengine.graph.DependencyGraphBuilder] Visiting dependency org.apache.directory.api:api-asn1-api:1.0.0-M20(runtime) -> dependency: org.slf4j:slf4j-api:1.7.5, scope: Compile, optional: false
09:37:03.654 [DEBUG] [org.gradle.api.internal.artifacts.ivyservice.resolveengine.graph.DependencyGraphBuilder] Visiting configuration org.apache.directory.api:api-util:1.0.0-M20(runtime).
09:37:03.654 [DEBUG] [org.gradle.api.internal.artifacts.ivyservice.resolveengine.graph.DependencyGraphBuilder] org.apache.directory.api:api-i18n is excluded from org.apache.directory.api:api-util:1.0.0-M20(runtime).
09:37:03.654 [DEBUG] [org.gradle.api.internal.artifacts.ivyservice.resolveengine.graph.DependencyGraphBuilder] Visiting dependency org.apache.directory.api:api-util:1.0.0-M20(runtime) -> dependency: org.slf4j:slf4j-api:1.7.5, scope: Compile, optional: false
09:37:03.654 [DEBUG] [org.gradle.api.internal.artifacts.ivyservice.resolveengine.graph.DependencyGraphBuilder] Visiting configuration org.slf4j:slf4j-api:1.7.25(runtime).
09:37:03.655 [DEBUG] [org.gradle.api.internal.artifacts.ivyservice.resolveengine.graph.DependencyGraphBuilder] Changed edges for org.slf4j:slf4j-api:1.7.25(runtime) selects same versions as previous traversal. ignoring
09:37:03.655 [DEBUG] [org.gradle.api.internal.artifacts.ivyservice.resolveengine.graph.conflicts.DefaultConflictHandler] Selected commons-lang:commons-lang:2.6 from conflicting modules [commons-lang:commons-lang:2.6, commons-lang:commons-lang:2.4].
09:37:03.655 [DEBUG] [org.gradle.api.internal.artifacts.ivyservice.resolveengine.graph.DependencyGraphBuilder] Visiting configuration commons-lang:commons-lang:2.6(runtime).
09:37:03.655 [DEBUG] [org.gradle.api.internal.artifacts.ivyservice.resolveengine.graph.conflicts.DefaultConflictHandler] Selected log4j:log4j:1.2.17 from conflicting modules [log4j:log4j:1.2.17, log4j:log4j:1.2.15, log4j:log4j:1.2.16].
09:37:03.655 [DEBUG] [org.gradle.api.internal.artifacts.ivyservice.resolveengine.graph.DependencyGraphBuilder] Visiting configuration log4j:log4j:1.2.17(runtime).
09:37:03.659 [DEBUG] [org.gradle.api.internal.artifacts.repositories.resolver.DefaultExternalResourceArtifactResolver] Loading file:/Users/michaelmennis/.m2/repository/org/apache/zookeeper/zookeeper/3.4.6/zookeeper-3.4.6.jar
09:37:03.659 [DEBUG] [org.gradle.api.internal.artifacts.ivyservice.resolveengine.oldresult.TransientConfigurationResultsBuilder] Flushing resolved configuration data in Binary store in /private/var/folders/lg/10pd_zzs6lbgkq_mxt9hnq_40000gp/T/gradle4923067349366106501.bin. Wrote root 2.
09:37:03.660 [DEBUG] [org.gradle.api.internal.artifacts.ivyservice.ivyresolve.CachingModuleComponentRepository] Found artifact 'spring-boot-starter-logging.jar (org.springframework.boot:spring-boot-starter-logging:1.5.4.RELEASE)' in resolver cache: /Users/michaelmennis/.gradle/caches/modules-2/files-2.1/org.springframework.boot/spring-boot-starter-logging/1.5.4.RELEASE/6b4364cfee82890ce9a9c2c59066f3a6e525debd/spring-boot-starter-logging-1.5.4.RELEASE.jar
09:37:03.661 [DEBUG] [org.gradle.api.internal.artifacts.ivyservice.ivyresolve.CachingModuleComponentRepository] Found artifact 'spring-boot-autoconfigure.jar (org.springframework.boot:spring-boot-autoconfigure:1.5.4.RELEASE)' in resolver cache: /Users/michaelmennis/.gradle/caches/modules-2/files-2.1/org.springframework.boot/spring-boot-autoconfigure/1.5.4.RELEASE/5591fa7358d950f374532c7d92dccf113ebfa1bb/spring-boot-autoconfigure-1.5.4.RELEASE.jar
09:37:03.661 [DEBUG] [org.gradle.api.internal.artifacts.ivyservice.ivyresolve.CachingModuleComponentRepository] Found artifact 'grails-core.jar (org.grails:grails-core:3.3.0)' in resolver cache: /Users/michaelmennis/.gradle/caches/modules-2/files-2.1/org.grails/grails-core/3.3.0/255a93e9ce20367b66217c435c820dfafa22b522/grails-core-3.3.0.jar
09:37:03.661 [DEBUG] [org.gradle.api.internal.artifacts.ivyservice.ivyresolve.CachingModuleComponentRepository] Found artifact 'spring-boot-starter-actuator.jar (org.springframework.boot:spring-boot-starter-actuator:1.5.4.RELEASE)' in resolver cache: /Users/michaelmennis/.gradle/caches/modules-2/files-2.1/org.springframework.boot/spring-boot-starter-actuator/1.5.4.RELEASE/10f526d22f58a32a8c3af26ccb0a6f16f4649935/spring-boot-starter-actuator-1.5.4.RELEASE.jar
09:37:03.661 [DEBUG] [org.gradle.api.internal.artifacts.ivyservice.ivyresolve.CachingModuleComponentRepository] Found artifact 'spring-boot-starter-tomcat.jar (org.springframework.boot:spring-boot-starter-tomcat:1.5.4.RELEASE)' in resolver cache: /Users/michaelmennis/.gradle/caches/modules-2/files-2.1/org.springframework.boot/spring-boot-starter-tomcat/1.5.4.RELEASE/d7e26f1d0e594bd1aab7da227649fc12c1958416/spring-boot-starter-tomcat-1.5.4.RELEASE.jar
09:37:03.661 [DEBUG] [org.gradle.api.internal.artifacts.ivyservice.ivyresolve.CachingModuleComponentRepository] Found artifact 'grails-web-boot.jar (org.grails:grails-web-boot:3.3.0)' in resolver cache: /Users/michaelmennis/.gradle/caches/modules-2/files-2.1/org.grails/grails-web-boot/3.3.0/36f9f00eccf77cbf13853b1aeac8c8e18f02f8ec/grails-web-boot-3.3.0.jar
09:37:03.661 [DEBUG] [org.gradle.api.internal.artifacts.ivyservice.ivyresolve.CachingModuleComponentRepository] Found artifact 'grails-logging.jar (org.grails:grails-logging:3.3.0)' in resolver cache: /Users/michaelmennis/.gradle/caches/modules-2/files-2.1/org.grails/grails-logging/3.3.0/76509fc3d6f8c98a47516b2491fe094a48565d1e/grails-logging-3.3.0.jar
09:37:03.661 [DEBUG] [org.gradle.api.internal.artifacts.ivyservice.ivyresolve.CachingModuleComponentRepository] Found artifact 'grails-plugin-rest.jar (org.grails:grails-plugin-rest:3.3.0)' in resolver cache: /Users/michaelmennis/.gradle/caches/modules-2/files-2.1/org.grails/grails-plugin-rest/3.3.0/377755023c8a739decae53eef2b455508a50b03b/grails-plugin-rest-3.3.0.jar
09:37:03.661 [DEBUG] [org.gradle.api.internal.artifacts.ivyservice.ivyresolve.CachingModuleComponentRepository] Found artifact 'grails-plugin-databinding.jar (org.grails:grails-plugin-databinding:3.3.0)' in resolver cache: /Users/michaelmennis/.gradle/caches/modules-2/files-2.1/org.grails/grails-plugin-databinding/3.3.0/748320c551d8176e45cbf32ae8a9e5188af83e12/grails-plugin-databinding-3.3.0.jar
09:37:03.661 [DEBUG] [org.gradle.api.internal.artifacts.ivyservice.ivyresolve.CachingModuleComponentRepository] Found artifact 'grails-plugin-i18n.jar (org.grails:grails-plugin-i18n:3.3.0)' in resolver cache: /Users/michaelmennis/.gradle/caches/modules-2/files-2.1/org.grails/grails-plugin-i18n/3.3.0/dc4faa0d2038c884f3d95ed49262874973d3a436/grails-plugin-i18n-3.3.0.jar
09:37:03.661 [DEBUG] [org.gradle.api.internal.artifacts.ivyservice.ivyresolve.CachingModuleComponentRepository] Found artifact 'grails-plugin-services.jar (org.grails:grails-plugin-services:3.3.0)' in resolver cache: /Users/michaelmennis/.gradle/caches/modules-2/files-2.1/org.grails/grails-plugin-services/3.3.0/3a241ac30b3056e24b3e017e669c6118c1a9d19f/grails-plugin-services-3.3.0.jar
09:37:03.661 [DEBUG] [org.gradle.api.internal.artifacts.ivyservice.ivyresolve.CachingModuleComponentRepository] Found artifact 'grails-plugin-url-mappings.jar (org.grails:grails-plugin-url-mappings:3.3.0)' in resolver cache: /Users/michaelmennis/.gradle/caches/modules-2/files-2.1/org.grails/grails-plugin-url-mappings/3.3.0/df7a2ef0b11a3c07f2cd1815b1d2c2722d4e75fe/grails-plugin-url-mappings-3.3.0.jar
09:37:03.662 [DEBUG] [org.gradle.api.internal.artifacts.ivyservice.ivyresolve.CachingModuleComponentRepository] Found artifact 'grails-plugin-interceptors.jar (org.grails:grails-plugin-interceptors:3.3.0)' in resolver cache: /Users/michaelmennis/.gradle/caches/modules-2/files-2.1/org.grails/grails-plugin-interceptors/3.3.0/9864d7565f9623c76a0daafafe0ca45ca31cd46d/grails-plugin-interceptors-3.3.0.jar
09:37:03.662 [DEBUG] [org.gradle.api.internal.artifacts.ivyservice.ivyresolve.CachingModuleComponentRepository] Found artifact 'cache.jar (org.grails.plugins:cache:4.0.0)' in resolver cache: /Users/michaelmennis/.gradle/caches/modules-2/files-2.1/org.grails.plugins/cache/4.0.0/72be24e2f8b3e5407048f5cc5186dcd32e8de841/cache-4.0.0.jar
09:37:03.662 [DEBUG] [org.gradle.api.internal.artifacts.ivyservice.ivyresolve.CachingModuleComponentRepository] Found artifact 'async.jar (org.grails.plugins:async:3.3.0)' in resolver cache: /Users/michaelmennis/.gradle/caches/modules-2/files-2.1/org.grails.plugins/async/3.3.0/92d772e45c110e6052114f0aec29c59d8ae0d904/async-3.3.0.jar
09:37:03.662 [DEBUG] [org.gradle.api.internal.artifacts.ivyservice.ivyresolve.CachingModuleComponentRepository] Found artifact 'scaffolding.jar (org.grails.plugins:scaffolding:3.3.3)' in resolver cache: /Users/michaelmennis/.gradle/caches/modules-2/files-2.1/org.grails.plugins/scaffolding/3.3.3/84c5d0b6452caa16edf90248c99d1033544eb993/scaffolding-3.3.3.jar
09:37:03.662 [DEBUG] [org.gradle.api.internal.artifacts.ivyservice.ivyresolve.CachingModuleComponentRepository] Found artifact 'events.jar (org.grails.plugins:events:3.3.0)' in resolver cache: /Users/michaelmennis/.gradle/caches/modules-2/files-2.1/org.grails.plugins/events/3.3.0/3df6529c92e6d5b6932c3341af62b5689cffb46/events-3.3.0.jar
09:37:03.662 [DEBUG] [org.gradle.api.internal.artifacts.ivyservice.ivyresolve.CachingModuleComponentRepository] Found artifact 'gsp.jar (org.grails.plugins:gsp:3.3.0)' in resolver cache: /Users/michaelmennis/.gradle/caches/modules-2/files-2.1/org.grails.plugins/gsp/3.3.0/207d8d9c87e33608297fcd9a97c2105043774287/gsp-3.3.0.jar
09:37:03.662 [DEBUG] [org.gradle.api.internal.artifacts.ivyservice.ivyresolve.CachingModuleComponentRepository] Found artifact 'el-impl.jar (org.glassfish.web:el-impl:2.1.2-b03)' in resolver cache: /Users/michaelmennis/.gradle/caches/modules-2/files-2.1/org.glassfish.web/el-impl/2.1.2-b03/6bab1211b6e6b191fdbf06067bd05d2f75a62ac0/el-impl-2.1.2-b03.jar
09:37:03.662 [DEBUG] [org.gradle.api.internal.artifacts.ivyservice.ivyresolve.CachingModuleComponentRepository] Found artifact 'h2.jar (com.h2database:h2:1.4.195)' in resolver cache: /Users/michaelmennis/.gradle/caches/modules-2/files-2.1/com.h2database/h2/1.4.195/b25cc38f12b977694b8c85848e5bbecb2d88fd96/h2-1.4.195.jar
09:37:03.662 [DEBUG] [org.gradle.api.internal.artifacts.ivyservice.ivyresolve.CachingModuleComponentRepository] Found artifact 'tomcat-jdbc.jar (org.apache.tomcat:tomcat-jdbc:8.5.15)' in resolver cache: /Users/michaelmennis/.gradle/caches/modules-2/files-2.1/org.apache.tomcat/tomcat-jdbc/8.5.15/1f802a58c21283fcdff1572a390bf98ae7231ea3/tomcat-jdbc-8.5.15.jar
09:37:03.662 [DEBUG] [org.gradle.api.internal.artifacts.ivyservice.ivyresolve.CachingModuleComponentRepository] Found artifact 'asset-pipeline-grails.jar (com.bertramlabs.plugins:asset-pipeline-grails:2.14.2)' in resolver cache: /Users/michaelmennis/.gradle/caches/modules-2/files-2.1/com.bertramlabs.plugins/asset-pipeline-grails/2.14.2/78d9651f5fc3dee1fce57cd5b01a18f9e53486b0/asset-pipeline-grails-2.14.2.jar
09:37:03.662 [DEBUG] [org.gradle.api.internal.artifacts.repositories.resolver.DefaultExternalResourceArtifactResolver] Loading file:/Users/michaelmennis/.m2/repository/com/google/guava/guava/18.0/guava-18.0.jar
09:37:03.662 [DEBUG] [org.gradle.api.internal.artifacts.repositories.resolver.DefaultExternalResourceArtifactResolver] Loading file:/Users/michaelmennis/.m2/repository/org/json/json/20140107/json-20140107.jar
09:37:03.663 [DEBUG] [org.gradle.api.internal.artifacts.repositories.resolver.DefaultExternalResourceArtifactResolver] Loading file:/Users/michaelmennis/.m2/repository/com/jcraft/jsch/0.1.52/jsch-0.1.52.jar
09:37:03.663 [DEBUG] [org.gradle.api.internal.artifacts.ivyservice.ivyresolve.CachingModuleComponentRepository] Found artifact 'jackson-databind.jar (com.fasterxml.jackson.core:jackson-databind:2.8.8)' in resolver cache: /Users/michaelmennis/.gradle/caches/modules-2/files-2.1/com.fasterxml.jackson.core/jackson-databind/2.8.8/bf88c7b27e95cbadce4e7c316a56c3efffda8026/jackson-databind-2.8.8.jar
09:37:03.663 [DEBUG] [org.gradle.api.internal.artifacts.repositories.resolver.DefaultExternalResourceArtifactResolver] Loading file:/Users/michaelmennis/.m2/repository/com/mapr/ojai/mapr-ojai-driver/6.0.0-mapr-SNAPSHOT/mapr-ojai-driver-6.0.0-mapr-SNAPSHOT.jar
09:37:03.663 [DEBUG] [org.gradle.api.internal.artifacts.repositories.resolver.DefaultExternalResourceArtifactResolver] Loading file:/Users/michaelmennis/.m2/repository/com/mapr/hadoop/maprfs/6.0.0-mapr-SNAPSHOT/maprfs-6.0.0-mapr-SNAPSHOT.jar
09:37:03.663 [DEBUG] [org.gradle.api.internal.artifacts.repositories.resolver.DefaultExternalResourceArtifactResolver] Loading file:/Users/michaelmennis/.m2/repository/com/mapr/db/maprdb/6.0.0-mapr-SNAPSHOT/maprdb-6.0.0-mapr-SNAPSHOT.jar
09:37:03.663 [DEBUG] [org.gradle.api.internal.artifacts.ivyservice.ivyresolve.CachingModuleComponentRepository] Found artifact 'logback-classic.jar (ch.qos.logback:logback-classic:1.1.11)' in resolver cache: /Users/michaelmennis/.gradle/caches/modules-2/files-2.1/ch.qos.logback/logback-classic/1.1.11/ccedfbacef4a6515d2983e3f89ed753d5d4fb665/logback-classic-1.1.11.jar
09:37:03.663 [DEBUG] [org.gradle.api.internal.artifacts.ivyservice.ivyresolve.CachingModuleComponentRepository] Found artifact 'jcl-over-slf4j.jar (org.slf4j:jcl-over-slf4j:1.7.25)' in resolver cache: /Users/michaelmennis/.gradle/caches/modules-2/files-2.1/org.slf4j/jcl-over-slf4j/1.7.25/f8c32b13ff142a513eeb5b6330b1588dcb2c0461/jcl-over-slf4j-1.7.25.jar
09:37:03.663 [DEBUG] [org.gradle.api.internal.artifacts.ivyservice.ivyresolve.CachingModuleComponentRepository] Found artifact 'jul-to-slf4j.jar (org.slf4j:jul-to-slf4j:1.7.25)' in resolver cache: /Users/michaelmennis/.gradle/caches/modules-2/files-2.1/org.slf4j/jul-to-slf4j/1.7.25/af5364cd6679bfffb114f0dec8a157aaa283b76/jul-to-slf4j-1.7.25.jar
09:37:03.663 [DEBUG] [org.gradle.api.internal.artifacts.ivyservice.ivyresolve.CachingModuleComponentRepository] Found artifact 'log4j-over-slf4j.jar (org.slf4j:log4j-over-slf4j:1.7.25)' in resolver cache: /Users/michaelmennis/.gradle/caches/modules-2/files-2.1/org.slf4j/log4j-over-slf4j/1.7.25/a87bb47468f47ee7aabbd54f93e133d4215769c3/log4j-over-slf4j-1.7.25.jar
09:37:03.663 [DEBUG] [org.gradle.api.internal.artifacts.ivyservice.ivyresolve.CachingModuleComponentRepository] Found artifact 'spring-boot.jar (org.springframework.boot:spring-boot:1.5.4.RELEASE)' in resolver cache: /Users/michaelmennis/.gradle/caches/modules-2/files-2.1/org.springframework.boot/spring-boot/1.5.4.RELEASE/cf51bb0751c1362a417eb59824d27d2907780d2/spring-boot-1.5.4.RELEASE.jar
09:37:03.663 [DEBUG] [org.gradle.api.internal.artifacts.ivyservice.ivyresolve.CachingModuleComponentRepository] Found artifact 'slf4j-api.jar (org.slf4j:slf4j-api:1.7.25)' in resolver cache: /Users/michaelmennis/.gradle/caches/modules-2/files-2.1/org.slf4j/slf4j-api/1.7.25/da76ca59f6a57ee3102f8f9bd9cee742973efa8a/slf4j-api-1.7.25.jar
09:37:03.663 [DEBUG] [org.gradle.api.internal.artifacts.ivyservice.ivyresolve.CachingModuleComponentRepository] Found artifact 'grails-spring.jar (org.grails:grails-spring:3.3.0)' in resolver cache: /Users/michaelmennis/.gradle/caches/modules-2/files-2.1/org.grails/grails-spring/3.3.0/2ec60d186ee0a9bf42cb514c392282771a419b8d/grails-spring-3.3.0.jar
09:37:03.663 [DEBUG] [org.gradle.api.internal.artifacts.repositories.resolver.DefaultExternalResourceArtifactResolver] Loading file:/Users/michaelmennis/.m2/repository/xalan/serializer/2.7.2/serializer-2.7.2.jar
09:37:03.664 [DEBUG] [org.gradle.api.internal.artifacts.ivyservice.ivyresolve.CachingModuleComponentRepository] Found artifact 'spring-boot-starter.jar (org.springframework.boot:spring-boot-starter:1.5.4.RELEASE)' in resolver cache: /Users/michaelmennis/.gradle/caches/modules-2/files-2.1/org.springframework.boot/spring-boot-starter/1.5.4.RELEASE/74d5aa641503ddd12833c82cc19b295f9f40e8fa/spring-boot-starter-1.5.4.RELEASE.jar
09:37:03.664 [DEBUG] [org.gradle.api.internal.artifacts.ivyservice.ivyresolve.CachingModuleComponentRepository] Found artifact 'spring-boot-actuator.jar (org.springframework.boot:spring-boot-actuator:1.5.4.RELEASE)' in resolver cache: /Users/michaelmennis/.gradle/caches/modules-2/files-2.1/org.springframework.boot/spring-boot-actuator/1.5.4.RELEASE/6fed8833ba044e22a2924f8fe70db4f126be7489/spring-boot-actuator-1.5.4.RELEASE.jar
09:37:03.664 [DEBUG] [org.gradle.api.internal.artifacts.ivyservice.ivyresolve.CachingModuleComponentRepository] Found artifact 'tomcat-embed-core.jar (org.apache.tomcat.embed:tomcat-embed-core:8.5.15)' in resolver cache: /Users/michaelmennis/.gradle/caches/modules-2/files-2.1/org.apache.tomcat.embed/tomcat-embed-core/8.5.15/f197a93ae66212767b004fd93d7a1a8ea62bc3fa/tomcat-embed-core-8.5.15.jar
09:37:03.664 [DEBUG] [org.gradle.api.internal.artifacts.ivyservice.ivyresolve.CachingModuleComponentRepository] Found artifact 'tomcat-embed-el.jar (org.apache.tomcat.embed:tomcat-embed-el:8.5.15)' in resolver cache: /Users/michaelmennis/.gradle/caches/modules-2/files-2.1/org.apache.tomcat.embed/tomcat-embed-el/8.5.15/e4000e5386056eeebb43bf71e7d30c58d2473166/tomcat-embed-el-8.5.15.jar
09:37:03.664 [DEBUG] [org.gradle.api.internal.artifacts.ivyservice.ivyresolve.CachingModuleComponentRepository] Found artifact 'tomcat-embed-websocket.jar (org.apache.tomcat.embed:tomcat-embed-websocket:8.5.15)' in resolver cache: /Users/michaelmennis/.gradle/caches/modules-2/files-2.1/org.apache.tomcat.embed/tomcat-embed-websocket/8.5.15/a92b066b0ea9ee1cb05b7d5e4bfed4ad8898f741/tomcat-embed-websocket-8.5.15.jar
09:37:03.664 [DEBUG] [org.gradle.api.internal.artifacts.ivyservice.ivyresolve.CachingModuleComponentRepository] Found artifact 'grails-web-common.jar (org.grails:grails-web-common:3.3.0)' in resolver cache: /Users/michaelmennis/.gradle/caches/modules-2/files-2.1/org.grails/grails-web-common/3.3.0/9796c1880f90819a3d967c7b60ccd503d850f6f2/grails-web-common-3.3.0.jar
09:37:03.664 [DEBUG] [org.gradle.api.internal.artifacts.ivyservice.ivyresolve.CachingModuleComponentRepository] Found artifact 'grails-web.jar (org.grails:grails-web:3.3.0)' in resolver cache: /Users/michaelmennis/.gradle/caches/modules-2/files-2.1/org.grails/grails-web/3.3.0/b2b3e4cd775169863734da3f79acf2a079d6d9f4/grails-web-3.3.0.jar
09:37:03.664 [DEBUG] [org.gradle.api.internal.artifacts.ivyservice.ivyresolve.CachingModuleComponentRepository] Found artifact 'grails-plugin-controllers.jar (org.grails:grails-plugin-controllers:3.3.0)' in resolver cache: /Users/michaelmennis/.gradle/caches/modules-2/files-2.1/org.grails/grails-plugin-controllers/3.3.0/458466035737211e5ae09b9b62bed61d7220249a/grails-plugin-controllers-3.3.0.jar
09:37:03.664 [DEBUG] [org.gradle.api.internal.artifacts.ivyservice.ivyresolve.CachingModuleComponentRepository] Found artifact 'grails-plugin-datasource.jar (org.grails:grails-plugin-datasource:3.3.0)' in resolver cache: /Users/michaelmennis/.gradle/caches/modules-2/files-2.1/org.grails/grails-plugin-datasource/3.3.0/e96112616bc65dd920f2cfc725de10cb716e5483/grails-plugin-datasource-3.3.0.jar
09:37:03.664 [DEBUG] [org.gradle.api.internal.artifacts.ivyservice.ivyresolve.CachingModuleComponentRepository] Found artifact 'converters.jar (org.grails.plugins:converters:3.3.0)' in resolver cache: /Users/michaelmennis/.gradle/caches/modules-2/files-2.1/org.grails.plugins/converters/3.3.0/531bcff1aa1f98d7ae50a8fadd690c7dd2888a93/converters-3.3.0.jar
09:37:03.664 [DEBUG] [org.gradle.api.internal.artifacts.ivyservice.ivyresolve.CachingModuleComponentRepository] Found artifact 'grails-validation.jar (org.grails:grails-validation:3.3.0)' in resolver cache: /Users/michaelmennis/.gradle/caches/modules-2/files-2.1/org.grails/grails-validation/3.3.0/6b4f40ddf6245fe52649320432fd34cd48c57883/grails-validation-3.3.0.jar
09:37:03.664 [DEBUG] [org.gradle.api.internal.artifacts.ivyservice.ivyresolve.CachingModuleComponentRepository] Found artifact 'grails-async.jar (org.grails:grails-async:3.3.0)' in resolver cache: /Users/michaelmennis/.gradle/caches/modules-2/files-2.1/org.grails/grails-async/3.3.0/f50982b9d3aa7ea37336ca69a3a027bf8b87b29b/grails-async-3.3.0.jar
09:37:03.665 [DEBUG] [org.gradle.api.internal.artifacts.ivyservice.ivyresolve.CachingModuleComponentRepository] Found artifact 'fields.jar (org.grails.plugins:fields:2.1.5)' in resolver cache: /Users/michaelmennis/.gradle/caches/modules-2/files-2.1/org.grails.plugins/fields/2.1.5/74ccc593e1088b224449b0a31f6132211ac8ee47/fields-2.1.5.jar
09:37:03.665 [DEBUG] [org.gradle.api.internal.artifacts.ivyservice.ivyresolve.CachingModuleComponentRepository] Found artifact 'grails-events.jar (org.grails:grails-events:3.3.0)' in resolver cache: /Users/michaelmennis/.gradle/caches/modules-2/files-2.1/org.grails/grails-events/3.3.0/1631acc33606179319ca44d57af8bc2c2db91b9/grails-events-3.3.0.jar
09:37:03.665 [DEBUG] [org.gradle.api.internal.artifacts.ivyservice.ivyresolve.CachingModuleComponentRepository] Found artifact 'grails-events-transform.jar (org.grails:grails-events-transform:3.3.0)' in resolver cache: /Users/michaelmennis/.gradle/caches/modules-2/files-2.1/org.grails/grails-events-transform/3.3.0/8627740511bb37d2ac100ef22813b89fa664ebe5/grails-events-transform-3.3.0.jar
09:37:03.665 [DEBUG] [org.gradle.api.internal.artifacts.ivyservice.ivyresolve.CachingModuleComponentRepository] Found artifact 'grails-events-compat.jar (org.grails:grails-events-compat:3.3.0)' in resolver cache: /Users/michaelmennis/.gradle/caches/modules-2/files-2.1/org.grails/grails-events-compat/3.3.0/206a3c79a79b799ab72b5cc9da8797c9a5c932b9/grails-events-compat-3.3.0.jar
09:37:03.665 [DEBUG] [org.gradle.api.internal.artifacts.ivyservice.ivyresolve.CachingModuleComponentRepository] Found artifact 'jboss-logging.jar (org.jboss.logging:jboss-logging:3.3.1.Final)' in resolver cache: /Users/michaelmennis/.gradle/caches/modules-2/files-2.1/org.jboss.logging/jboss-logging/3.3.1.Final/c46217ab74b532568c0ed31dc599db3048bd1b67/jboss-logging-3.3.1.Final.jar
09:37:03.665 [DEBUG] [org.gradle.api.internal.artifacts.ivyservice.ivyresolve.CachingModuleComponentRepository] Found artifact 'classmate.jar (com.fasterxml:classmate:1.3.3)' in resolver cache: /Users/michaelmennis/.gradle/caches/modules-2/files-2.1/com.fasterxml/classmate/1.3.3/864c8e370a691e343210cc7c532fc198cee460d8/classmate-1.3.3.jar
09:37:03.665 [DEBUG] [org.gradle.api.internal.artifacts.ivyservice.ivyresolve.CachingModuleComponentRepository] Found artifact 'grails-web-jsp.jar (org.grails:grails-web-jsp:3.3.0)' in resolver cache: /Users/michaelmennis/.gradle/caches/modules-2/files-2.1/org.grails/grails-web-jsp/3.3.0/83df1e17ef4301c34db377e817bdb6a842e82b8e/grails-web-jsp-3.3.0.jar
09:37:03.666 [DEBUG] [org.gradle.api.internal.artifacts.ivyservice.ivyresolve.CachingModuleComponentRepository] Found artifact 'grails-web-gsp-taglib.jar (org.grails:grails-web-gsp-taglib:3.3.0)' in resolver cache: /Users/michaelmennis/.gradle/caches/modules-2/files-2.1/org.grails/grails-web-gsp-taglib/3.3.0/72e3b9636f0a777bebfeb117e3b2f95defd44959/grails-web-gsp-taglib-3.3.0.jar
09:37:03.666 [DEBUG] [org.gradle.api.internal.artifacts.repositories.resolver.DefaultExternalResourceArtifactResolver] Loading file:/Users/michaelmennis/.m2/repository/commons-lang/commons-lang/2.6/commons-lang-2.6.jar
09:37:03.666 [DEBUG] [org.gradle.api.internal.artifacts.ivyservice.ivyresolve.CachingModuleComponentRepository] Found artifact 'grails-plugin-codecs.jar (org.grails:grails-plugin-codecs:3.3.0)' in resolver cache: /Users/michaelmennis/.gradle/caches/modules-2/files-2.1/org.grails/grails-plugin-codecs/3.3.0/d34f5e87c7d01e3a99fafc0a50e0e80d73335759/grails-plugin-codecs-3.3.0.jar
09:37:03.666 [DEBUG] [org.gradle.api.internal.artifacts.ivyservice.ivyresolve.CachingModuleComponentRepository] Found artifact 'el-api.jar (javax.el:el-api:2.1.2-b03)' in resolver cache: /Users/michaelmennis/.gradle/caches/modules-2/files-2.1/javax.el/el-api/2.1.2-b03/1ac087d9d1a632d2ff82fa1e8b6610aca025ff2a/el-api-2.1.2-b03.jar
09:37:03.666 [DEBUG] [org.gradle.api.internal.artifacts.ivyservice.ivyresolve.CachingModuleComponentRepository] Found artifact 'tomcat-juli.jar (org.apache.tomcat:tomcat-juli:8.5.15)' in resolver cache: /Users/michaelmennis/.gradle/caches/modules-2/files-2.1/org.apache.tomcat/tomcat-juli/8.5.15/b21c47750b0d0356acbbbf0c30cb36cb2268dc8d/tomcat-juli-8.5.15.jar
09:37:03.667 [DEBUG] [org.gradle.api.internal.artifacts.ivyservice.ivyresolve.CachingModuleComponentRepository] Found artifact 'jackson-annotations.jar (com.fasterxml.jackson.core:jackson-annotations:2.8.0)' in resolver cache: /Users/michaelmennis/.gradle/caches/modules-2/files-2.1/com.fasterxml.jackson.core/jackson-annotations/2.8.0/45b426f7796b741035581a176744d91090e2e6fb/jackson-annotations-2.8.0.jar
09:37:03.667 [DEBUG] [org.gradle.api.internal.artifacts.ivyservice.ivyresolve.CachingModuleComponentRepository] Found artifact 'jackson-core.jar (com.fasterxml.jackson.core:jackson-core:2.8.8)' in resolver cache: /Users/michaelmennis/.gradle/caches/modules-2/files-2.1/com.fasterxml.jackson.core/jackson-core/2.8.8/d478fb6de45a7c3d2cad07c8ad70c7f0a797a020/jackson-core-2.8.8.jar
09:37:03.667 [DEBUG] [org.gradle.api.internal.artifacts.repositories.resolver.DefaultExternalResourceArtifactResolver] Loading file:/Users/michaelmennis/.m2/repository/org/ojai/ojai/2.0-SNAPSHOT/ojai-2.0-SNAPSHOT.jar
09:37:03.667 [DEBUG] [org.gradle.api.internal.artifacts.repositories.resolver.DefaultExternalResourceArtifactResolver] Loading file:/Users/michaelmennis/.m2/repository/net/sf/trove4j/trove4j/3.0.3/trove4j-3.0.3.jar
09:37:03.667 [DEBUG] [org.gradle.api.internal.artifacts.ivyservice.ivyresolve.CachingModuleComponentRepository] Found artifact 'drill-client.pom (org.apache.drill:drill-client:1.11.0-sidev-SNAPSHOT)' in resolver cache: /Users/michaelmennis/.gradle/caches/modules-2/files-2.1/org.apache.drill/drill-client/1.11.0-sidev-SNAPSHOT/be91e1dc54f18b46eb395077f715518b7a92798d/drill-client-1.11.0-sidev-SNAPSHOT.pom
09:37:03.667 [DEBUG] [org.gradle.api.internal.artifacts.repositories.resolver.DefaultExternalResourceArtifactResolver] Loading file:/Users/michaelmennis/.m2/repository/xalan/xalan/2.7.1/xalan-2.7.1.jar
09:37:03.667 [DEBUG] [org.gradle.api.internal.artifacts.ivyservice.ivyresolve.CachingModuleComponentRepository] Found artifact 'snakeyaml.jar (org.yaml:snakeyaml:1.17)' in resolver cache: /Users/michaelmennis/.gradle/caches/modules-2/files-2.1/org.yaml/snakeyaml/1.17/7a27ea250c5130b2922b86dea63cbb1cc10a660c/snakeyaml-1.17.jar
09:37:03.667 [DEBUG] [org.gradle.api.internal.artifacts.ivyservice.ivyresolve.CachingModuleComponentRepository] Found artifact 'logback-core.jar (ch.qos.logback:logback-core:1.1.11)' in resolver cache: /Users/michaelmennis/.gradle/caches/modules-2/files-2.1/ch.qos.logback/logback-core/1.1.11/88b8df40340eed549fb07e2613879bf6b006704d/logback-core-1.1.11.jar
09:37:03.667 [DEBUG] [org.gradle.api.internal.artifacts.ivyservice.ivyresolve.CachingModuleComponentRepository] Found artifact 'spring-aop.jar (org.springframework:spring-aop:4.3.9.RELEASE)' in resolver cache: /Users/michaelmennis/.gradle/caches/modules-2/files-2.1/org.springframework/spring-aop/4.3.9.RELEASE/95f5f5cf3cae64266a89dc1bc9e0484425cd8358/spring-aop-4.3.9.RELEASE.jar
09:37:03.667 [DEBUG] [org.gradle.api.internal.artifacts.ivyservice.ivyresolve.CachingModuleComponentRepository] Found artifact 'spring-expression.jar (org.springframework:spring-expression:4.3.9.RELEASE)' in resolver cache: /Users/michaelmennis/.gradle/caches/modules-2/files-2.1/org.springframework/spring-expression/4.3.9.RELEASE/4edca6913da9e62a6586714e053e01a61952a153/spring-expression-4.3.9.RELEASE.jar
09:37:03.667 [DEBUG] [org.gradle.api.internal.artifacts.ivyservice.ivyresolve.CachingModuleComponentRepository] Found artifact 'grails-databinding.jar (org.grails:grails-databinding:3.3.0)' in resolver cache: /Users/michaelmennis/.gradle/caches/modules-2/files-2.1/org.grails/grails-databinding/3.3.0/29d2edc86dda4126afe6d1802c44f6d5d38136f5/grails-databinding-3.3.0.jar
09:37:03.667 [DEBUG] [org.gradle.api.internal.artifacts.ivyservice.ivyresolve.CachingModuleComponentRepository] Found artifact 'grails-encoder.jar (org.grails:grails-encoder:3.3.0)' in resolver cache: /Users/michaelmennis/.gradle/caches/modules-2/files-2.1/org.grails/grails-encoder/3.3.0/c7c305636ad08d4e6f846a51e9079a79b1a1eaa0/grails-encoder-3.3.0.jar
09:37:03.668 [DEBUG] [org.gradle.api.internal.artifacts.ivyservice.ivyresolve.CachingModuleComponentRepository] Found artifact 'grails-gsp.jar (org.grails:grails-gsp:3.3.0)' in resolver cache: /Users/michaelmennis/.gradle/caches/modules-2/files-2.1/org.grails/grails-gsp/3.3.0/58e246e986a5d293806b3768d8efb73b1dc71047/grails-gsp-3.3.0.jar
09:37:03.668 [DEBUG] [org.gradle.api.internal.artifacts.ivyservice.ivyresolve.CachingModuleComponentRepository] Found artifact 'spring-webmvc.jar (org.springframework:spring-webmvc:4.3.9.RELEASE)' in resolver cache: /Users/michaelmennis/.gradle/caches/modules-2/files-2.1/org.springframework/spring-webmvc/4.3.9.RELEASE/ca80b4a00abc388d8046bf372099f35564371c47/spring-webmvc-4.3.9.RELEASE.jar
09:37:03.668 [DEBUG] [org.gradle.api.internal.artifacts.ivyservice.ivyresolve.CachingModuleComponentRepository] Found artifact 'spring-context-support.jar (org.springframework:spring-context-support:4.3.9.RELEASE)' in resolver cache: /Users/michaelmennis/.gradle/caches/modules-2/files-2.1/org.springframework/spring-context-support/4.3.9.RELEASE/89a700b072aaa699c2c389a86505e03df8d9b634/spring-context-support-4.3.9.RELEASE.jar
09:37:03.668 [DEBUG] [org.gradle.api.internal.artifacts.ivyservice.ivyresolve.CachingModuleComponentRepository] Found artifact 'grails-web-databinding.jar (org.grails:grails-web-databinding:3.3.0)' in resolver cache: /Users/michaelmennis/.gradle/caches/modules-2/files-2.1/org.grails/grails-web-databinding/3.3.0/132151b730e5ca858454f985d02ff3a7f93825dd/grails-web-databinding-3.3.0.jar
09:37:03.668 [DEBUG] [org.gradle.api.internal.artifacts.ivyservice.ivyresolve.CachingModuleComponentRepository] Found artifact 'grails-web-url-mappings.jar (org.grails:grails-web-url-mappings:3.3.0)' in resolver cache: /Users/michaelmennis/.gradle/caches/modules-2/files-2.1/org.grails/grails-web-url-mappings/3.3.0/790afa755a50c62c6d359e67f20791f30a0e2ff0/grails-web-url-mappings-3.3.0.jar
09:37:03.668 [DEBUG] [org.gradle.api.internal.artifacts.ivyservice.ivyresolve.CachingModuleComponentRepository] Found artifact 'grails-web-mvc.jar (org.grails:grails-web-mvc:3.3.0)' in resolver cache: /Users/michaelmennis/.gradle/caches/modules-2/files-2.1/org.grails/grails-web-mvc/3.3.0/e80077c3ec7613e108cece41ad24985e990ba226/grails-web-mvc-3.3.0.jar
09:37:03.668 [DEBUG] [org.gradle.api.internal.artifacts.ivyservice.ivyresolve.CachingModuleComponentRepository] Found artifact 'grails-web-gsp.jar (org.grails:grails-web-gsp:3.3.0)' in resolver cache: /Users/michaelmennis/.gradle/caches/modules-2/files-2.1/org.grails/grails-web-gsp/3.3.0/e0cd55173b03fca8b1caabde8633a4592d0e5dd3/grails-web-gsp-3.3.0.jar
09:37:03.668 [DEBUG] [org.gradle.api.internal.artifacts.ivyservice.ivyresolve.CachingModuleComponentRepository] Found artifact 'grails-web-sitemesh.jar (org.grails:grails-web-sitemesh:3.3.0)' in resolver cache: /Users/michaelmennis/.gradle/caches/modules-2/files-2.1/org.grails/grails-web-sitemesh/3.3.0/93ce68536c5806bcfc2b4a65cf57971f4bd0d2ce/grails-web-sitemesh-3.3.0.jar
09:37:03.668 [DEBUG] [org.gradle.api.internal.artifacts.ivyservice.ivyresolve.CachingModuleComponentRepository] Found artifact 'grails-plugin-mimetypes.jar (org.grails:grails-plugin-mimetypes:3.3.0)' in resolver cache: /Users/michaelmennis/.gradle/caches/modules-2/files-2.1/org.grails/grails-plugin-mimetypes/3.3.0/8de505bb83d990357416a8d3d3ec00c352a9a20/grails-plugin-mimetypes-3.3.0.jar
09:37:03.668 [DEBUG] [org.gradle.api.internal.artifacts.ivyservice.ivyresolve.CachingModuleComponentRepository] Found artifact 'grails-plugin-validation.jar (org.grails:grails-plugin-validation:3.3.0)' in resolver cache: /Users/michaelmennis/.gradle/caches/modules-2/files-2.1/org.grails/grails-plugin-validation/3.3.0/adecffd00c3ff79e27b148dd31078161307e675c/grails-plugin-validation-3.3.0.jar
09:37:03.668 [DEBUG] [org.gradle.api.internal.artifacts.ivyservice.ivyresolve.CachingModuleComponentRepository] Found artifact 'grails-plugin-domain-class.jar (org.grails:grails-plugin-domain-class:3.3.0)' in resolver cache: /Users/michaelmennis/.gradle/caches/modules-2/files-2.1/org.grails/grails-plugin-domain-class/3.3.0/441b4b426db9089706e2d5ac84c2cd80f4f55c9e/grails-plugin-domain-class-3.3.0.jar
09:37:03.669 [DEBUG] [org.gradle.api.internal.artifacts.ivyservice.ivyresolve.CachingModuleComponentRepository] Found artifact 'groovy-sql.jar (org.codehaus.groovy:groovy-sql:2.4.11)' in resolver cache: /Users/michaelmennis/.gradle/caches/modules-2/files-2.1/org.codehaus.groovy/groovy-sql/2.4.11/7dc8cd811a8a575a45570d4870e59dd101add69b/groovy-sql-2.4.11.jar
09:37:03.669 [DEBUG] [org.gradle.api.internal.artifacts.ivyservice.ivyresolve.CachingModuleComponentRepository] Found artifact 'tomcat-embed-logging-log4j.jar (org.apache.tomcat.embed:tomcat-embed-logging-log4j:8.5.2)' in resolver cache: /Users/michaelmennis/.gradle/caches/modules-2/files-2.1/org.apache.tomcat.embed/tomcat-embed-logging-log4j/8.5.2/53bdd1eebc7393713261d178ac096a742423f940/tomcat-embed-logging-log4j-8.5.2.jar
09:37:03.669 [DEBUG] [org.gradle.api.internal.artifacts.ivyservice.ivyresolve.CachingModuleComponentRepository] Found artifact 'hibernate-validator.jar (org.hibernate:hibernate-validator:5.3.5.Final)' in resolver cache: /Users/michaelmennis/.gradle/caches/modules-2/files-2.1/org.hibernate/hibernate-validator/5.3.5.Final/622a9bcef2eed6d41b5b8e0662c36212009e375/hibernate-validator-5.3.5.Final.jar
09:37:03.669 [DEBUG] [org.gradle.api.internal.artifacts.repositories.resolver.DefaultExternalResourceArtifactResolver] Loading file:/Users/michaelmennis/.m2/repository/xml-apis/xml-apis/1.4.01/xml-apis-1.4.01.jar
09:37:03.669 [DEBUG] [org.gradle.api.internal.artifacts.ivyservice.ivyresolve.CachingModuleComponentRepository] Found artifact 'grails-codecs.jar (org.grails:grails-codecs:3.3.0)' in resolver cache: /Users/michaelmennis/.gradle/caches/modules-2/files-2.1/org.grails/grails-codecs/3.3.0/f6eda2890fd857e81db689b9cc3ea1a1e0f664fd/grails-codecs-3.3.0.jar
09:37:03.669 [DEBUG] [org.gradle.api.internal.artifacts.repositories.resolver.DefaultExternalResourceArtifactResolver] Loading file:/Users/michaelmennis/.m2/repository/org/antlr/antlr4-runtime/4.5/antlr4-runtime-4.5.jar
09:37:03.669 [DEBUG] [org.gradle.api.internal.artifacts.repositories.resolver.DefaultExternalResourceArtifactResolver] Loading file:/Users/michaelmennis/.m2/repository/org/apache/drill/exec/drill-java-exec/1.11.0-sidev-SNAPSHOT/drill-java-exec-1.11.0-sidev-SNAPSHOT.jar
09:37:03.669 [DEBUG] [org.gradle.api.internal.artifacts.repositories.resolver.DefaultExternalResourceArtifactResolver] Loading file:/Users/michaelmennis/.m2/repository/com/codahale/metrics/metrics-jvm/3.0.1/metrics-jvm-3.0.1.jar
09:37:03.669 [DEBUG] [org.gradle.api.internal.artifacts.repositories.resolver.DefaultExternalResourceArtifactResolver] Loading file:/Users/michaelmennis/.m2/repository/commons-codec/commons-codec/1.10/commons-codec-1.10.jar
09:37:03.669 [DEBUG] [org.gradle.api.internal.artifacts.repositories.resolver.DefaultExternalResourceArtifactResolver] Loading file:/Users/michaelmennis/.m2/repository/log4j/log4j/1.2.17/log4j-1.2.17.jar
09:37:03.670 [DEBUG] [org.gradle.api.internal.artifacts.ivyservice.ivyresolve.CachingModuleComponentRepository] Found artifact 'slf4j-log4j12.jar (org.slf4j:slf4j-log4j12:1.7.25)' in resolver cache: /Users/michaelmennis/.gradle/caches/modules-2/files-2.1/org.slf4j/slf4j-log4j12/1.7.25/110cefe2df103412849d72ef7a67e4e91e4266b4/slf4j-log4j12-1.7.25.jar
09:37:03.670 [DEBUG] [org.gradle.api.internal.artifacts.ivyservice.ivyresolve.CachingModuleComponentRepository] Found artifact 'httpclient.jar (org.apache.httpcomponents:httpclient:4.5.3)' in resolver cache: /Users/michaelmennis/.gradle/caches/modules-2/files-2.1/org.apache.httpcomponents/httpclient/4.5.3/d1577ae15f01ef5438c5afc62162457c00a34713/httpclient-4.5.3.jar
09:37:03.670 [DEBUG] [org.gradle.api.internal.artifacts.repositories.resolver.DefaultExternalResourceArtifactResolver] Loading file:/Users/michaelmennis/.m2/repository/org/apache/curator/curator-framework/2.7.1/curator-framework-2.7.1.jar
09:37:03.670 [DEBUG] [org.gradle.api.internal.artifacts.repositories.resolver.DefaultExternalResourceArtifactResolver] Loading file:/Users/michaelmennis/.m2/repository/commons-cli/commons-cli/1.2/commons-cli-1.2.jar
09:37:03.670 [DEBUG] [org.gradle.api.internal.artifacts.repositories.resolver.DefaultExternalResourceArtifactResolver] Loading file:/Users/michaelmennis/.m2/repository/org/apache/commons/commons-math3/3.1.1/commons-math3-3.1.1.jar
09:37:03.670 [DEBUG] [org.gradle.api.internal.artifacts.repositories.resolver.DefaultExternalResourceArtifactResolver] Loading file:/Users/michaelmennis/.m2/repository/xmlenc/xmlenc/0.52/xmlenc-0.52.jar
09:37:03.670 [DEBUG] [org.gradle.api.internal.artifacts.repositories.resolver.DefaultExternalResourceArtifactResolver] Loading file:/Users/michaelmennis/.m2/repository/commons-httpclient/commons-httpclient/3.1/commons-httpclient-3.1.jar
09:37:03.670 [DEBUG] [org.gradle.api.internal.artifacts.repositories.resolver.DefaultExternalResourceArtifactResolver] Loading file:/Users/michaelmennis/.m2/repository/commons-io/commons-io/2.4/commons-io-2.4.jar
09:37:03.670 [DEBUG] [org.gradle.api.internal.artifacts.repositories.resolver.DefaultExternalResourceArtifactResolver] Loading file:/Users/michaelmennis/.m2/repository/commons-net/commons-net/3.1/commons-net-3.1.jar
09:37:03.670 [DEBUG] [org.gradle.api.internal.artifacts.repositories.resolver.DefaultExternalResourceArtifactResolver] Loading file:/Users/michaelmennis/.m2/repository/commons-configuration/commons-configuration/1.6/commons-configuration-1.6.jar
09:37:03.670 [DEBUG] [org.gradle.api.internal.artifacts.repositories.resolver.DefaultExternalResourceArtifactResolver] Loading file:/Users/michaelmennis/.m2/repository/org/codehaus/jackson/jackson-core-asl/1.9.13/jackson-core-asl-1.9.13.jar
09:37:03.671 [DEBUG] [org.gradle.api.internal.artifacts.repositories.resolver.DefaultExternalResourceArtifactResolver] Loading file:/Users/michaelmennis/.m2/repository/org/codehaus/jackson/jackson-mapper-asl/1.9.13/jackson-mapper-asl-1.9.13.jar
09:37:03.671 [DEBUG] [org.gradle.api.internal.artifacts.repositories.resolver.DefaultExternalResourceArtifactResolver] Loading file:/Users/michaelmennis/.m2/repository/com/google/code/gson/gson/2.8.0/gson-2.8.0.jar
09:37:03.671 [DEBUG] [org.gradle.api.internal.artifacts.repositories.resolver.DefaultExternalResourceArtifactResolver] Loading file:/Users/michaelmennis/.m2/repository/org/apache/curator/curator-client/2.7.1/curator-client-2.7.1.jar
09:37:03.671 [DEBUG] [org.gradle.api.internal.artifacts.repositories.resolver.DefaultExternalResourceArtifactResolver] Loading file:/Users/michaelmennis/.m2/repository/org/apache/curator/curator-recipes/2.7.1/curator-recipes-2.7.1.jar
09:37:03.671 [DEBUG] [org.gradle.api.internal.artifacts.repositories.resolver.DefaultExternalResourceArtifactResolver] Loading file:/Users/michaelmennis/.m2/repository/org/apache/htrace/htrace-core/3.1.0-incubating/htrace-core-3.1.0-incubating.jar
09:37:03.671 [DEBUG] [org.gradle.api.internal.artifacts.repositories.resolver.DefaultExternalResourceArtifactResolver] Loading file:/Users/michaelmennis/.m2/repository/org/apache/commons/commons-compress/1.4.1/commons-compress-1.4.1.jar
09:37:03.671 [DEBUG] [org.gradle.api.internal.artifacts.ivyservice.ivyresolve.CachingModuleComponentRepository] Found artifact 'grails-taglib.jar (org.grails:grails-taglib:3.3.0)' in resolver cache: /Users/michaelmennis/.gradle/caches/modules-2/files-2.1/org.grails/grails-taglib/3.3.0/38a8e5db6edc038642399f0b01268647f50e8acf/grails-taglib-3.3.0.jar
09:37:03.671 [DEBUG] [org.gradle.api.internal.artifacts.ivyservice.ivyresolve.CachingModuleComponentRepository] Found artifact 'grails-web-taglib.jar (org.grails:grails-web-taglib:3.3.0)' in resolver cache: /Users/michaelmennis/.gradle/caches/modules-2/files-2.1/org.grails/grails-web-taglib/3.3.0/7605089e33d591b25afdbb342c4babe332cda23f/grails-web-taglib-3.3.0.jar
09:37:03.671 [DEBUG] [org.gradle.api.internal.artifacts.ivyservice.ivyresolve.CachingModuleComponentRepository] Found artifact 'sitemesh.jar (opensymphony:sitemesh:2.4)' in resolver cache: /Users/michaelmennis/.gradle/caches/modules-2/files-2.1/opensymphony/sitemesh/2.4/fa84c82cce30a9a632c08dd2277d63993d972cf5/sitemesh-2.4.jar
09:37:03.672 [DEBUG] [org.gradle.api.internal.artifacts.ivyservice.ivyresolve.CachingModuleComponentRepository] Found artifact 'commons-pool2.jar (org.apache.commons:commons-pool2:2.4.2)' in resolver cache: /Users/michaelmennis/.gradle/caches/modules-2/files-2.1/org.apache.commons/commons-pool2/2.4.2/e5f4f28f19d57716fbc3989d7a357ebf1e454fea/commons-pool2-2.4.2.jar
09:37:03.672 [DEBUG] [org.gradle.api.internal.artifacts.repositories.resolver.DefaultExternalResourceArtifactResolver] Loading file:/Users/michaelmennis/.m2/repository/com/univocity/univocity-parsers/1.3.0/univocity-parsers-1.3.0.jar
09:37:03.672 [DEBUG] [org.gradle.api.internal.artifacts.repositories.resolver.DefaultExternalResourceArtifactResolver] Loading file:/Users/michaelmennis/.m2/repository/org/apache/commons/commons-math/2.2/commons-math-2.2.jar
09:37:03.672 [DEBUG] [org.gradle.api.internal.artifacts.repositories.resolver.DefaultExternalResourceArtifactResolver] Loading file:/Users/michaelmennis/.m2/repository/com/thoughtworks/paranamer/paranamer/2.5.6/paranamer-2.5.6.jar
09:37:03.672 [DEBUG] [org.gradle.api.internal.artifacts.ivyservice.ivyresolve.CachingModuleComponentRepository] Found artifact 'jackson-jaxrs-json-provider.jar (com.fasterxml.jackson.jaxrs:jackson-jaxrs-json-provider:2.8.8)' in resolver cache: /Users/michaelmennis/.gradle/caches/modules-2/files-2.1/com.fasterxml.jackson.jaxrs/jackson-jaxrs-json-provider/2.8.8/e70be1cd2ad47615a527f7475f63acadbf3be730/jackson-jaxrs-json-provider-2.8.8.jar
09:37:03.672 [DEBUG] [org.gradle.api.internal.artifacts.ivyservice.ivyresolve.CachingModuleComponentRepository] Found artifact 'jackson-module-afterburner.jar (com.fasterxml.jackson.module:jackson-module-afterburner:2.8.8)' in resolver cache: /Users/michaelmennis/.gradle/caches/modules-2/files-2.1/com.fasterxml.jackson.module/jackson-module-afterburner/2.8.8/4cdd631e6876be5b8344ceb1649f585961901fc8/jackson-module-afterburner-2.8.8.jar
09:37:03.672 [DEBUG] [org.gradle.api.internal.artifacts.repositories.resolver.DefaultExternalResourceArtifactResolver] Loading file:/Users/michaelmennis/.m2/repository/org/apache/drill/drill-protocol/1.11.0-sidev-SNAPSHOT/drill-protocol-1.11.0-sidev-SNAPSHOT.jar
09:37:03.672 [DEBUG] [org.gradle.api.internal.artifacts.repositories.resolver.DefaultExternalResourceArtifactResolver] Loading file:/Users/michaelmennis/.m2/repository/org/apache/drill/drill-common/1.11.0-sidev-SNAPSHOT/drill-common-1.11.0-sidev-SNAPSHOT.jar
09:37:03.672 [DEBUG] [org.gradle.api.internal.artifacts.repositories.resolver.DefaultExternalResourceArtifactResolver] Loading file:/Users/michaelmennis/.m2/repository/org/apache/drill/drill-logical/1.11.0-sidev-SNAPSHOT/drill-logical-1.11.0-sidev-SNAPSHOT.jar
09:37:03.673 [DEBUG] [org.gradle.api.internal.artifacts.repositories.resolver.DefaultExternalResourceArtifactResolver] Loading file:/Users/michaelmennis/.m2/repository/org/apache/drill/exec/drill-rpc/1.11.0-sidev-SNAPSHOT/drill-rpc-1.11.0-sidev-SNAPSHOT.jar
09:37:03.673 [DEBUG] [org.gradle.api.internal.artifacts.repositories.resolver.DefaultExternalResourceArtifactResolver] Loading file:/Users/michaelmennis/.m2/repository/org/apache/drill/memory/drill-memory-base/1.11.0-sidev-SNAPSHOT/drill-memory-base-1.11.0-sidev-SNAPSHOT.jar
09:37:03.673 [DEBUG] [org.gradle.api.internal.artifacts.repositories.resolver.DefaultExternalResourceArtifactResolver] Loading file:/Users/michaelmennis/.m2/repository/org/apache/drill/exec/vector/1.11.0-sidev-SNAPSHOT/vector-1.11.0-sidev-SNAPSHOT.jar
09:37:03.673 [DEBUG] [org.gradle.api.internal.artifacts.repositories.resolver.DefaultExternalResourceArtifactResolver] Loading file:/Users/michaelmennis/.m2/repository/org/apache/curator/curator-x-discovery/2.7.1/curator-x-discovery-2.7.1.jar
09:37:03.673 [DEBUG] [org.gradle.api.internal.artifacts.repositories.resolver.DefaultExternalResourceArtifactResolver] Loading file:/Users/michaelmennis/.m2/repository/com/carrotsearch/hppc/0.7.1/hppc-0.7.1.jar
09:37:03.673 [DEBUG] [org.gradle.api.internal.artifacts.ivyservice.ivyresolve.CachingModuleComponentRepository] Found artifact 'joda-time.jar (joda-time:joda-time:2.9.9)' in resolver cache: /Users/michaelmennis/.gradle/caches/modules-2/files-2.1/joda-time/joda-time/2.9.9/f7b520c458572890807d143670c9b24f4de90897/joda-time-2.9.9.jar
09:37:03.673 [DEBUG] [org.gradle.api.internal.artifacts.repositories.resolver.DefaultExternalResourceArtifactResolver] Loading file:/Users/michaelmennis/.m2/repository/org/apache/hadoop/hadoop-client/2.7.1/hadoop-client-2.7.1.jar
09:37:03.673 [DEBUG] [org.gradle.api.internal.artifacts.repositories.resolver.DefaultExternalResourceArtifactResolver] Loading file:/Users/michaelmennis/.m2/repository/io/netty/netty-handler/4.0.27.Final/netty-handler-4.0.27.Final.jar
09:37:03.673 [DEBUG] [org.gradle.api.internal.artifacts.repositories.resolver.DefaultExternalResourceArtifactResolver] Loading file:/Users/michaelmennis/.m2/repository/org/xerial/snappy/snappy-java/1.1.2.6/snappy-java-1.1.2.6.jar
09:37:03.673 [DEBUG] [org.gradle.api.internal.artifacts.repositories.resolver.DefaultExternalResourceArtifactResolver] Loading file:/Users/michaelmennis/.m2/repository/com/codahale/metrics/metrics-core/3.0.1/metrics-core-3.0.1.jar
09:37:03.674 [DEBUG] [org.gradle.api.internal.artifacts.ivyservice.ivyresolve.CachingModuleComponentRepository] Found artifact 'httpcore.jar (org.apache.httpcomponents:httpcore:4.4.6)' in resolver cache: /Users/michaelmennis/.gradle/caches/modules-2/files-2.1/org.apache.httpcomponents/httpcore/4.4.6/e3fd8ced1f52c7574af952e2e6da0df8df08eb82/httpcore-4.4.6.jar
09:37:03.674 [DEBUG] [org.gradle.api.internal.artifacts.repositories.resolver.DefaultExternalResourceArtifactResolver] Loading file:/Users/michaelmennis/.m2/repository/jline/jline/0.9.94/jline-0.9.94.jar
09:37:03.674 [DEBUG] [org.gradle.api.internal.artifacts.ivyservice.ivyresolve.CachingModuleComponentRepository] Found artifact 'jackson-jaxrs-base.jar (com.fasterxml.jackson.jaxrs:jackson-jaxrs-base:2.8.8)' in resolver cache: /Users/michaelmennis/.gradle/caches/modules-2/files-2.1/com.fasterxml.jackson.jaxrs/jackson-jaxrs-base/2.8.8/345a87f3c145912163964ded45803ebf0a9c775e/jackson-jaxrs-base-2.8.8.jar
09:37:03.674 [DEBUG] [org.gradle.api.internal.artifacts.ivyservice.ivyresolve.CachingModuleComponentRepository] Found artifact 'jackson-module-jaxb-annotations.jar (com.fasterxml.jackson.module:jackson-module-jaxb-annotations:2.8.8)' in resolver cache: /Users/michaelmennis/.gradle/caches/modules-2/files-2.1/com.fasterxml.jackson.module/jackson-module-jaxb-annotations/2.8.8/e2e95efc46d45be4b429b704efbb1d4b89721d3a/jackson-module-jaxb-annotations-2.8.8.jar
09:37:03.674 [DEBUG] [org.gradle.api.internal.artifacts.repositories.resolver.DefaultExternalResourceArtifactResolver] Loading file:/Users/michaelmennis/.m2/repository/com/dyuproject/protostuff/protostuff-core/1.0.8/protostuff-core-1.0.8.jar
09:37:03.674 [DEBUG] [org.gradle.api.internal.artifacts.repositories.resolver.DefaultExternalResourceArtifactResolver] Loading file:/Users/michaelmennis/.m2/repository/com/dyuproject/protostuff/protostuff-json/1.0.8/protostuff-json-1.0.8.jar
09:37:03.674 [DEBUG] [org.gradle.api.internal.artifacts.repositories.resolver.DefaultExternalResourceArtifactResolver] Loading file:/Users/michaelmennis/.m2/repository/junit/junit/4.12/junit-4.12.jar
09:37:03.674 [DEBUG] [org.gradle.api.internal.artifacts.repositories.resolver.DefaultExternalResourceArtifactResolver] Loading file:/Users/michaelmennis/.m2/repository/com/typesafe/config/1.0.0/config-1.0.0.jar
09:37:03.674 [DEBUG] [org.gradle.api.internal.artifacts.repositories.resolver.DefaultExternalResourceArtifactResolver] Loading file:/Users/michaelmennis/.m2/repository/org/apache/commons/commons-lang3/3.1/commons-lang3-3.1.jar
09:37:03.674 [DEBUG] [org.gradle.api.internal.artifacts.repositories.resolver.DefaultExternalResourceArtifactResolver] Loading file:/Users/michaelmennis/.m2/repository/org/reflections/reflections/0.9.8/reflections-0.9.8.jar
09:37:03.674 [DEBUG] [org.gradle.api.internal.artifacts.ivyservice.ivyresolve.CachingModuleComponentRepository] Found artifact 'netty-transport-native-epoll-linux-x86_64.jar (io.netty:netty-transport-native-epoll:4.0.27.Final)' in resolver cache: /Users/michaelmennis/.gradle/caches/modules-2/files-2.1/io.netty/netty-transport-native-epoll/4.0.27.Final/ad1f36cad1db63ca32e203c9c1660a855f3278e7/netty-transport-native-epoll-4.0.27.Final-linux-x86_64.jar
09:37:03.674 [DEBUG] [org.gradle.api.internal.artifacts.repositories.resolver.DefaultExternalResourceArtifactResolver] Loading file:/Users/michaelmennis/.m2/repository/io/netty/netty-buffer/4.0.27.Final/netty-buffer-4.0.27.Final.jar
09:37:03.674 [DEBUG] [org.gradle.api.internal.artifacts.repositories.resolver.DefaultExternalResourceArtifactResolver] Loading file:/Users/michaelmennis/.m2/repository/io/netty/netty-transport/4.0.27.Final/netty-transport-4.0.27.Final.jar
09:37:03.674 [DEBUG] [org.gradle.api.internal.artifacts.repositories.resolver.DefaultExternalResourceArtifactResolver] Loading file:/Users/michaelmennis/.m2/repository/io/netty/netty-codec/4.0.27.Final/netty-codec-4.0.27.Final.jar
09:37:03.675 [DEBUG] [org.gradle.api.internal.artifacts.repositories.resolver.DefaultExternalResourceArtifactResolver] Loading file:/Users/michaelmennis/.m2/repository/com/dyuproject/protostuff/protostuff-api/1.0.8/protostuff-api-1.0.8.jar
09:37:03.675 [DEBUG] [org.gradle.api.internal.artifacts.repositories.resolver.DefaultExternalResourceArtifactResolver] Loading file:/Users/michaelmennis/.m2/repository/org/hamcrest/hamcrest-core/1.3/hamcrest-core-1.3.jar
09:37:03.675 [DEBUG] [org.gradle.api.internal.artifacts.repositories.resolver.DefaultExternalResourceArtifactResolver] Loading file:/Users/michaelmennis/.m2/repository/javassist/javassist/3.12.1.GA/javassist-3.12.1.GA.jar
09:37:03.675 [DEBUG] [org.gradle.api.internal.artifacts.repositories.resolver.DefaultExternalResourceArtifactResolver] Loading file:/Users/michaelmennis/.m2/repository/io/netty/netty-common/4.0.27.Final/netty-common-4.0.27.Final.jar
09:37:03.675 [DEBUG] [org.gradle.api.internal.artifacts.repositories.resolver.DefaultExternalResourceArtifactResolver] Loading file:/Users/michaelmennis/.m2/repository/xerces/xercesImpl/2.11.0/xercesImpl-2.11.0.jar
09:37:03.675 [DEBUG] [org.gradle.api.internal.artifacts.ivyservice.ivyresolve.CachingModuleComponentRepository] Found artifact 'hadoop-common.jar (org.apache.hadoop:hadoop-common:2.7.1)' in resolver cache: /Users/michaelmennis/.gradle/caches/modules-2/files-2.1/org.apache.hadoop/hadoop-common/2.7.1/50580f5ebab60b1b318ad157f668d8e40a1cc0da/hadoop-common-2.7.1.jar
09:37:03.675 [DEBUG] [org.gradle.api.internal.artifacts.ivyservice.ivyresolve.CachingModuleComponentRepository] Found artifact 'jsp-api.jar (javax.servlet.jsp:jsp-api:2.1)' in resolver cache: /Users/michaelmennis/.gradle/caches/modules-2/files-2.1/javax.servlet.jsp/jsp-api/2.1/63f943103f250ef1f3a4d5e94d145a0f961f5316/jsp-api-2.1.jar
09:37:03.675 [DEBUG] [org.gradle.api.internal.artifacts.repositories.resolver.DefaultExternalResourceArtifactResolver] Loading file:/Users/michaelmennis/.m2/repository/com/google/code/findbugs/jsr305/3.0.0/jsr305-3.0.0.jar
09:37:03.675 [DEBUG] [org.gradle.api.internal.artifacts.ivyservice.ivyresolve.CachingModuleComponentRepository] Found artifact 'commons-digester.jar (commons-digester:commons-digester:2.1)' in resolver cache: /Users/michaelmennis/.gradle/caches/modules-2/files-2.1/commons-digester/commons-digester/2.1/73a8001e7a54a255eef0f03521ec1805dc738ca0/commons-digester-2.1.jar
09:37:03.675 [DEBUG] [org.gradle.api.internal.artifacts.repositories.resolver.DefaultExternalResourceArtifactResolver] Loading file:/Users/michaelmennis/.m2/repository/commons-beanutils/commons-beanutils-core/1.8.0/commons-beanutils-core-1.8.0.jar
09:37:03.675 [DEBUG] [org.gradle.api.internal.artifacts.repositories.resolver.DefaultExternalResourceArtifactResolver] Loading file:/Users/michaelmennis/.m2/repository/org/tukaani/xz/1.0/xz-1.0.jar
09:37:03.675 [DEBUG] [org.gradle.api.internal.artifacts.ivyservice.ivyresolve.CachingModuleComponentRepository] Found artifact 'commons-beanutils.jar (commons-beanutils:commons-beanutils:1.9.3)' in resolver cache: /Users/michaelmennis/.gradle/caches/modules-2/files-2.1/commons-beanutils/commons-beanutils/1.9.3/c845703de334ddc6b4b3cd26835458cb1cba1f3d/commons-beanutils-1.9.3.jar
09:37:03.675 [DEBUG] [org.gradle.api.internal.artifacts.repositories.resolver.DefaultExternalResourceArtifactResolver] Loading file:/Users/michaelmennis/.m2/repository/org/apache/zookeeper/zookeeper/3.4.6/zookeeper-3.4.6.jar
09:37:03.676 [DEBUG] [org.gradle.api.internal.artifacts.repositories.resolver.DefaultExternalResourceArtifactResolver] Loading file:/Users/michaelmennis/.m2/repository/io/netty/netty/3.7.0.Final/netty-3.7.0.Final.jar
09:37:03.676 [DEBUG] [org.gradle.api.internal.artifacts.ivyservice.ivyresolve.CachingModuleComponentRepository] Found artifact 'hadoop-annotations.jar (org.apache.hadoop:hadoop-annotations:2.7.1)' in resolver cache: /Users/michaelmennis/.gradle/caches/modules-2/files-2.1/org.apache.hadoop/hadoop-annotations/2.7.1/2a77fe74ee056bf45598cf7e20cd624e8388e627/hadoop-annotations-2.7.1.jar
09:37:03.676 [DEBUG] [org.gradle.api.internal.artifacts.ivyservice.ivyresolve.CachingModuleComponentRepository] Found artifact 'hadoop-auth.jar (org.apache.hadoop:hadoop-auth:2.7.1)' in resolver cache: /Users/michaelmennis/.gradle/caches/modules-2/files-2.1/org.apache.hadoop/hadoop-auth/2.7.1/2515f339f97f1d7ba850485e06e395a58586bc2e/hadoop-auth-2.7.1.jar
09:37:03.676 [DEBUG] [org.gradle.api.internal.artifacts.repositories.resolver.DefaultExternalResourceArtifactResolver] Loading file:/Users/michaelmennis/.m2/repository/org/apache/directory/server/apacheds-kerberos-codec/2.0.0-M15/apacheds-kerberos-codec-2.0.0-M15.jar
09:37:03.676 [DEBUG] [org.gradle.api.internal.artifacts.repositories.resolver.DefaultExternalResourceArtifactResolver] Loading file:/Users/michaelmennis/.m2/repository/org/apache/directory/server/apacheds-i18n/2.0.0-M15/apacheds-i18n-2.0.0-M15.jar
09:37:03.676 [DEBUG] [org.gradle.api.internal.artifacts.repositories.resolver.DefaultExternalResourceArtifactResolver] Loading file:/Users/michaelmennis/.m2/repository/org/apache/directory/api/api-asn1-api/1.0.0-M20/api-asn1-api-1.0.0-M20.jar
09:37:03.676 [DEBUG] [org.gradle.api.internal.artifacts.repositories.resolver.DefaultExternalResourceArtifactResolver] Loading file:/Users/michaelmennis/.m2/repository/org/apache/directory/api/api-util/1.0.0-M20/api-util-1.0.0-M20.jar
09:37:03.677 [DEBUG] [org.gradle.model.internal.registry.DefaultModelRegistry] Project : - Registering model element 'tasks.pathingJarCommand' (hidden = false)
09:37:03.678 [DEBUG] [org.gradle.api.internal.artifacts.ivyservice.resolveengine.DefaultArtifactDependencyResolver] Resolving configuration ':console'
09:37:03.678 [DEBUG] [org.gradle.api.internal.artifacts.ivyservice.ivyresolve.memcache.InMemoryCachedRepositoryFactory] Reusing in-memory cache for repo 'MavenLocal' [7d5236b1643586c7776714a6deab182].
09:37:03.678 [DEBUG] [org.gradle.internal.resource.transport.http.JavaSystemPropertiesProxySettings] Found java system property 'http.nonProxyHosts': local|*.local|169.254/16|*.169.254/16. Will ignore proxy settings for these hosts.
09:37:03.679 [DEBUG] [org.gradle.api.internal.artifacts.ivyservice.ivyresolve.memcache.InMemoryCachedRepositoryFactory] Reusing in-memory cache for repo 'maven' [a084cad2441d39086e90f182aad939c2].
09:37:03.679 [DEBUG] [org.gradle.internal.resource.transport.http.JavaSystemPropertiesProxySettings] Found java system property 'http.nonProxyHosts': local|*.local|169.254/16|*.169.254/16. Will ignore proxy settings for these hosts.
09:37:03.679 [DEBUG] [org.gradle.api.internal.artifacts.ivyservice.ivyresolve.memcache.InMemoryCachedRepositoryFactory] Reusing in-memory cache for repo 'maven2' [26f256bc2a7294bafb250fda8cb4301f].
09:37:03.679 [DEBUG] [org.gradle.internal.resource.transport.http.JavaSystemPropertiesProxySettings] Found java system property 'http.nonProxyHosts': local|*.local|169.254/16|*.169.254/16. Will ignore proxy settings for these hosts.
09:37:03.679 [DEBUG] [org.gradle.api.internal.artifacts.ivyservice.ivyresolve.memcache.InMemoryCachedRepositoryFactory] Reusing in-memory cache for repo 'maven3' [7b8cf9f181d18eb27a2a8240a77dc3d].
09:37:03.679 [DEBUG] [org.gradle.api.internal.artifacts.ivyservice.resolveengine.graph.DependencyGraphBuilder] Visiting configuration fakeyelp:fakeyelp:0.1(console).
09:37:03.680 [DEBUG] [org.gradle.api.internal.artifacts.ivyservice.resolveengine.graph.DependencyGraphBuilder] Visiting dependency fakeyelp:fakeyelp:0.1(console) -> dependency: org.grails:grails-console: from-conf: console to-conf: null
09:37:03.680 [DEBUG] [io.spring.gradle.dependencymanagement.internal.VersionConfiguringAction] Processing dependency 'org.grails:grails-console:'
09:37:03.680 [INFO] [io.spring.gradle.dependencymanagement.internal.DependencyManagement] Resolving dependency management for configuration 'console' of project 'fakeyelp'
09:37:03.680 [DEBUG] [io.spring.gradle.dependencymanagement.internal.DependencyManagement] Preserving existing versions: {}
09:37:03.680 [DEBUG] [io.spring.gradle.dependencymanagement.internal.DependencyManagementContainer] Found managed version '3.3.0' for dependency 'org.grails:grails-console' in global dependency management
09:37:03.680 [DEBUG] [io.spring.gradle.dependencymanagement.internal.VersionConfiguringAction] Using version '3.3.0' for dependency 'org.grails:grails-console:'
09:37:03.680 [DEBUG] [org.gradle.api.internal.artifacts.ivyservice.resolveengine.graph.DependencyGraphBuilder] Selecting new module version org.grails:grails-console:3.3.0
09:37:03.681 [DEBUG] [org.gradle.api.internal.artifacts.ivyservice.ivyresolve.RepositoryChainComponentMetaDataResolver] Attempting to resolve component for org.grails:grails-console:3.3.0 using repositories [MavenLocal, maven, maven2, maven3]
09:37:03.681 [DEBUG] [org.gradle.api.internal.artifacts.repositories.resolver.DefaultExternalResourceArtifactResolver] Loading file:/Users/michaelmennis/.m2/repository/org/grails/grails-console/3.3.0/grails-console-3.3.0.pom
09:37:03.681 [DEBUG] [org.gradle.api.internal.artifacts.repositories.resolver.DefaultExternalResourceArtifactResolver] Loading file:/Users/michaelmennis/.m2/repository/org/grails/grails-console/3.3.0/grails-console-3.3.0.jar
09:37:03.681 [DEBUG] [org.gradle.api.internal.artifacts.repositories.resolver.ExternalResourceResolver] No meta-data file or artifact found for module 'org.grails:grails-console:3.3.0' in repository 'MavenLocal'.
09:37:03.681 [DEBUG] [org.gradle.api.internal.artifacts.ivyservice.ivyresolve.CachingModuleComponentRepository] Using cached module metadata for module 'org.grails:grails-console:3.3.0' in 'maven'
09:37:03.681 [DEBUG] [org.gradle.api.internal.artifacts.ivyservice.ivyresolve.RepositoryChainComponentMetaDataResolver] Using org.grails:grails-console:3.3.0 from Maven repository 'maven'
09:37:03.682 [DEBUG] [org.gradle.api.internal.artifacts.ivyservice.resolveengine.graph.DependencyGraphBuilder] Visiting configuration org.grails:grails-console:3.3.0(default).
09:37:03.682 [DEBUG] [org.gradle.api.internal.artifacts.ivyservice.resolveengine.graph.DependencyGraphBuilder] Visiting dependency org.grails:grails-console:3.3.0(default) -> dependency: org.codehaus.groovy:groovy:2.4.11, scope: Runtime, optional: false
09:37:03.682 [DEBUG] [io.spring.gradle.dependencymanagement.internal.VersionConfiguringAction] Processing dependency 'org.codehaus.groovy:groovy:2.4.11'
09:37:03.682 [DEBUG] [io.spring.gradle.dependencymanagement.internal.DependencyManagementContainer] Found managed version '2.4.11' for dependency 'org.codehaus.groovy:groovy' in global dependency management
09:37:03.682 [DEBUG] [io.spring.gradle.dependencymanagement.internal.VersionConfiguringAction] Using version '2.4.11' for dependency 'org.codehaus.groovy:groovy:2.4.11'
09:37:03.682 [DEBUG] [org.gradle.api.internal.artifacts.ivyservice.resolveengine.graph.DependencyGraphBuilder] Selecting new module version org.codehaus.groovy:groovy:2.4.11
09:37:03.682 [DEBUG] [org.gradle.api.internal.artifacts.ivyservice.ivyresolve.RepositoryChainComponentMetaDataResolver] Attempting to resolve component for org.codehaus.groovy:groovy:2.4.11 using repositories [MavenLocal, maven, maven2, maven3]
09:37:03.682 [DEBUG] [org.gradle.api.internal.artifacts.ivyservice.ivyresolve.RepositoryChainComponentMetaDataResolver] Using org.codehaus.groovy:groovy:2.4.11 from Maven repository 'maven'
09:37:03.682 [DEBUG] [org.gradle.api.internal.artifacts.ivyservice.resolveengine.graph.DependencyGraphBuilder] Visiting dependency org.grails:grails-console:3.3.0(default) -> dependency: org.slf4j:slf4j-api:1.7.22, scope: Runtime, optional: false
09:37:03.682 [DEBUG] [io.spring.gradle.dependencymanagement.internal.VersionConfiguringAction] Processing dependency 'org.slf4j:slf4j-api:1.7.22'
09:37:03.682 [DEBUG] [io.spring.gradle.dependencymanagement.internal.DependencyManagementContainer] Found managed version '1.7.25' for dependency 'org.slf4j:slf4j-api' in global dependency management
09:37:03.682 [DEBUG] [io.spring.gradle.dependencymanagement.internal.VersionConfiguringAction] Using version '1.7.25' for dependency 'org.slf4j:slf4j-api:1.7.22'
09:37:03.682 [DEBUG] [org.gradle.api.internal.artifacts.ivyservice.resolveengine.graph.DependencyGraphBuilder] Selecting new module version org.slf4j:slf4j-api:1.7.25
09:37:03.682 [DEBUG] [org.gradle.api.internal.artifacts.ivyservice.ivyresolve.RepositoryChainComponentMetaDataResolver] Attempting to resolve component for org.slf4j:slf4j-api:1.7.25 using repositories [MavenLocal, maven, maven2, maven3]
09:37:03.682 [DEBUG] [org.gradle.api.internal.artifacts.ivyservice.ivyresolve.RepositoryChainComponentMetaDataResolver] Using org.slf4j:slf4j-api:1.7.25 from Maven repository 'maven'
09:37:03.682 [DEBUG] [org.gradle.api.internal.artifacts.ivyservice.resolveengine.graph.DependencyGraphBuilder] Visiting dependency org.grails:grails-console:3.3.0(default) -> dependency: org.slf4j:jcl-over-slf4j:1.7.22, scope: Runtime, optional: false
09:37:03.682 [DEBUG] [io.spring.gradle.dependencymanagement.internal.VersionConfiguringAction] Processing dependency 'org.slf4j:jcl-over-slf4j:1.7.22'
09:37:03.682 [DEBUG] [io.spring.gradle.dependencymanagement.internal.DependencyManagementContainer] Found managed version '1.7.25' for dependency 'org.slf4j:jcl-over-slf4j' in global dependency management
09:37:03.683 [DEBUG] [io.spring.gradle.dependencymanagement.internal.VersionConfiguringAction] Using version '1.7.25' for dependency 'org.slf4j:jcl-over-slf4j:1.7.22'
09:37:03.683 [DEBUG] [org.gradle.api.internal.artifacts.ivyservice.resolveengine.graph.DependencyGraphBuilder] Selecting new module version org.slf4j:jcl-over-slf4j:1.7.25
09:37:03.683 [DEBUG] [org.gradle.api.internal.artifacts.ivyservice.ivyresolve.RepositoryChainComponentMetaDataResolver] Attempting to resolve component for org.slf4j:jcl-over-slf4j:1.7.25 using repositories [MavenLocal, maven, maven2, maven3]
09:37:03.683 [DEBUG] [org.gradle.api.internal.artifacts.ivyservice.ivyresolve.RepositoryChainComponentMetaDataResolver] Using org.slf4j:jcl-over-slf4j:1.7.25 from Maven repository 'maven'
09:37:03.683 [DEBUG] [org.gradle.api.internal.artifacts.ivyservice.resolveengine.graph.DependencyGraphBuilder] Visiting dependency org.grails:grails-console:3.3.0(default) -> dependency: org.grails:grails-core:3.3.0, scope: Runtime, optional: false
09:37:03.683 [DEBUG] [io.spring.gradle.dependencymanagement.internal.VersionConfiguringAction] Processing dependency 'org.grails:grails-core:3.3.0'
09:37:03.684 [DEBUG] [io.spring.gradle.dependencymanagement.internal.DependencyManagementContainer] Found managed version '3.3.0' for dependency 'org.grails:grails-core' in global dependency management
09:37:03.684 [DEBUG] [io.spring.gradle.dependencymanagement.internal.VersionConfiguringAction] Using version '3.3.0' for dependency 'org.grails:grails-core:3.3.0'
09:37:03.684 [DEBUG] [org.gradle.api.internal.artifacts.ivyservice.resolveengine.graph.DependencyGraphBuilder] Selecting new module version org.grails:grails-core:3.3.0
09:37:03.684 [DEBUG] [org.gradle.api.internal.artifacts.ivyservice.ivyresolve.RepositoryChainComponentMetaDataResolver] Attempting to resolve component for org.grails:grails-core:3.3.0 using repositories [MavenLocal, maven, maven2, maven3]
09:37:03.684 [DEBUG] [org.gradle.api.internal.artifacts.ivyservice.ivyresolve.RepositoryChainComponentMetaDataResolver] Using org.grails:grails-core:3.3.0 from Maven repository 'maven'
09:37:03.684 [DEBUG] [org.gradle.api.internal.artifacts.ivyservice.resolveengine.graph.DependencyGraphBuilder] Visiting dependency org.grails:grails-console:3.3.0(default) -> dependency: org.codehaus.groovy:groovy-console:2.4.11, scope: Runtime, optional: false
09:37:03.684 [DEBUG] [io.spring.gradle.dependencymanagement.internal.VersionConfiguringAction] Processing dependency 'org.codehaus.groovy:groovy-console:2.4.11'
09:37:03.684 [DEBUG] [io.spring.gradle.dependencymanagement.internal.DependencyManagementContainer] Found managed version '2.4.11' for dependency 'org.codehaus.groovy:groovy-console' in global dependency management
09:37:03.684 [DEBUG] [io.spring.gradle.dependencymanagement.internal.VersionConfiguringAction] Using version '2.4.11' for dependency 'org.codehaus.groovy:groovy-console:2.4.11'
09:37:03.684 [DEBUG] [org.gradle.api.internal.artifacts.ivyservice.resolveengine.graph.DependencyGraphBuilder] Selecting new module version org.codehaus.groovy:groovy-console:2.4.11
09:37:03.684 [DEBUG] [org.gradle.api.internal.artifacts.ivyservice.ivyresolve.RepositoryChainComponentMetaDataResolver] Attempting to resolve component for org.codehaus.groovy:groovy-console:2.4.11 using repositories [MavenLocal, maven, maven2, maven3]
09:37:03.684 [DEBUG] [org.gradle.api.internal.artifacts.repositories.resolver.DefaultExternalResourceArtifactResolver] Loading file:/Users/michaelmennis/.m2/repository/org/codehaus/groovy/groovy-console/2.4.11/groovy-console-2.4.11.pom
09:37:03.684 [DEBUG] [org.gradle.api.internal.artifacts.repositories.resolver.DefaultExternalResourceArtifactResolver] Loading file:/Users/michaelmennis/.m2/repository/org/codehaus/groovy/groovy-console/2.4.11/groovy-console-2.4.11.jar
09:37:03.684 [DEBUG] [org.gradle.api.internal.artifacts.repositories.resolver.ExternalResourceResolver] No meta-data file or artifact found for module 'org.codehaus.groovy:groovy-console:2.4.11' in repository 'MavenLocal'.
09:37:03.685 [DEBUG] [org.gradle.api.internal.artifacts.ivyservice.ivyresolve.CachingModuleComponentRepository] Using cached module metadata for module 'org.codehaus.groovy:groovy-console:2.4.11' in 'maven'
09:37:03.685 [DEBUG] [org.gradle.api.internal.artifacts.ivyservice.ivyresolve.RepositoryChainComponentMetaDataResolver] Using org.codehaus.groovy:groovy-console:2.4.11 from Maven repository 'maven'
09:37:03.685 [DEBUG] [org.gradle.api.internal.artifacts.ivyservice.resolveengine.graph.DependencyGraphBuilder] Visiting dependency org.grails:grails-console:3.3.0(default) -> dependency: org.codehaus.groovy:groovy-groovysh:2.4.11, scope: Runtime, optional: false
09:37:03.685 [DEBUG] [io.spring.gradle.dependencymanagement.internal.VersionConfiguringAction] Processing dependency 'org.codehaus.groovy:groovy-groovysh:2.4.11'
09:37:03.685 [DEBUG] [io.spring.gradle.dependencymanagement.internal.DependencyManagementContainer] Found managed version '2.4.11' for dependency 'org.codehaus.groovy:groovy-groovysh' in global dependency management
09:37:03.685 [DEBUG] [io.spring.gradle.dependencymanagement.internal.VersionConfiguringAction] Using version '2.4.11' for dependency 'org.codehaus.groovy:groovy-groovysh:2.4.11'
09:37:03.685 [DEBUG] [org.gradle.api.internal.artifacts.ivyservice.resolveengine.graph.DependencyGraphBuilder] Selecting new module version org.codehaus.groovy:groovy-groovysh:2.4.11
09:37:03.685 [DEBUG] [org.gradle.api.internal.artifacts.ivyservice.ivyresolve.RepositoryChainComponentMetaDataResolver] Attempting to resolve component for org.codehaus.groovy:groovy-groovysh:2.4.11 using repositories [MavenLocal, maven, maven2, maven3]
09:37:03.685 [DEBUG] [org.gradle.api.internal.artifacts.repositories.resolver.DefaultExternalResourceArtifactResolver] Loading file:/Users/michaelmennis/.m2/repository/org/codehaus/groovy/groovy-groovysh/2.4.11/groovy-groovysh-2.4.11.pom
09:37:03.685 [DEBUG] [org.gradle.api.internal.artifacts.repositories.resolver.DefaultExternalResourceArtifactResolver] Loading file:/Users/michaelmennis/.m2/repository/org/codehaus/groovy/groovy-groovysh/2.4.11/groovy-groovysh-2.4.11.jar
09:37:03.685 [DEBUG] [org.gradle.api.internal.artifacts.repositories.resolver.ExternalResourceResolver] No meta-data file or artifact found for module 'org.codehaus.groovy:groovy-groovysh:2.4.11' in repository 'MavenLocal'.
09:37:03.691 [DEBUG] [org.gradle.api.internal.artifacts.ivyservice.ivyresolve.CachingModuleComponentRepository] Using cached module metadata for module 'org.codehaus.groovy:groovy-groovysh:2.4.11' in 'maven'
09:37:03.691 [DEBUG] [org.gradle.api.internal.artifacts.ivyservice.ivyresolve.RepositoryChainComponentMetaDataResolver] Using org.codehaus.groovy:groovy-groovysh:2.4.11 from Maven repository 'maven'
09:37:03.691 [DEBUG] [org.gradle.api.internal.artifacts.ivyservice.resolveengine.graph.DependencyGraphBuilder] Visiting dependency org.grails:grails-console:3.3.0(default) -> dependency: org.fusesource.jansi:jansi:1.14, scope: Runtime, optional: false
09:37:03.691 [DEBUG] [io.spring.gradle.dependencymanagement.internal.VersionConfiguringAction] Processing dependency 'org.fusesource.jansi:jansi:1.14'
09:37:03.691 [DEBUG] [io.spring.gradle.dependencymanagement.internal.VersionConfiguringAction] No dependency management for dependency 'org.fusesource.jansi:jansi:1.14'
09:37:03.691 [DEBUG] [org.gradle.api.internal.artifacts.ivyservice.resolveengine.graph.DependencyGraphBuilder] Selecting new module version org.fusesource.jansi:jansi:1.14
09:37:03.691 [DEBUG] [org.gradle.api.internal.artifacts.ivyservice.ivyresolve.RepositoryChainComponentMetaDataResolver] Attempting to resolve component for org.fusesource.jansi:jansi:1.14 using repositories [MavenLocal, maven, maven2, maven3]
09:37:03.691 [DEBUG] [org.gradle.api.internal.artifacts.ivyservice.ivyresolve.RepositoryChainComponentMetaDataResolver] Using org.fusesource.jansi:jansi:1.14 from Maven repository 'maven'
09:37:03.691 [DEBUG] [org.gradle.api.internal.artifacts.ivyservice.resolveengine.graph.DependencyGraphBuilder] Visiting dependency org.grails:grails-console:3.3.0(default) -> dependency: jline:jline:2.12, scope: Runtime, optional: false
09:37:03.691 [DEBUG] [io.spring.gradle.dependencymanagement.internal.VersionConfiguringAction] Processing dependency 'jline:jline:2.12'
09:37:03.691 [DEBUG] [io.spring.gradle.dependencymanagement.internal.VersionConfiguringAction] No dependency management for dependency 'jline:jline:2.12'
09:37:03.691 [DEBUG] [org.gradle.api.internal.artifacts.ivyservice.resolveengine.graph.DependencyGraphBuilder] Selecting new module version jline:jline:2.12
09:37:03.691 [DEBUG] [org.gradle.api.internal.artifacts.ivyservice.ivyresolve.RepositoryChainComponentMetaDataResolver] Attempting to resolve component for jline:jline:2.12 using repositories [MavenLocal, maven, maven2, maven3]
09:37:03.691 [DEBUG] [org.gradle.api.internal.artifacts.ivyservice.ivyresolve.RepositoryChainComponentMetaDataResolver] Using jline:jline:2.12 from Maven repository 'maven'
09:37:03.691 [DEBUG] [org.gradle.api.internal.artifacts.ivyservice.resolveengine.graph.DependencyGraphBuilder] Visiting dependency org.grails:grails-console:3.3.0(default) -> dependency: net.java.dev.jna:jna:4.2.2, scope: Runtime, optional: false
09:37:03.691 [DEBUG] [io.spring.gradle.dependencymanagement.internal.VersionConfiguringAction] Processing dependency 'net.java.dev.jna:jna:4.2.2'
09:37:03.692 [DEBUG] [io.spring.gradle.dependencymanagement.internal.DependencyManagementContainer] Found managed version '4.2.2' for dependency 'net.java.dev.jna:jna' in global dependency management
09:37:03.692 [DEBUG] [io.spring.gradle.dependencymanagement.internal.VersionConfiguringAction] Using version '4.2.2' for dependency 'net.java.dev.jna:jna:4.2.2'
09:37:03.692 [DEBUG] [org.gradle.api.internal.artifacts.ivyservice.resolveengine.graph.DependencyGraphBuilder] Selecting new module version net.java.dev.jna:jna:4.2.2
09:37:03.692 [DEBUG] [org.gradle.api.internal.artifacts.ivyservice.ivyresolve.RepositoryChainComponentMetaDataResolver] Attempting to resolve component for net.java.dev.jna:jna:4.2.2 using repositories [MavenLocal, maven, maven2, maven3]
09:37:03.692 [DEBUG] [org.gradle.api.internal.artifacts.repositories.resolver.DefaultExternalResourceArtifactResolver] Loading file:/Users/michaelmennis/.m2/repository/net/java/dev/jna/jna/4.2.2/jna-4.2.2.pom
09:37:03.693 [DEBUG] [org.gradle.api.internal.artifacts.repositories.resolver.DefaultExternalResourceArtifactResolver] Loading file:/Users/michaelmennis/.m2/repository/net/java/dev/jna/jna/4.2.2/jna-4.2.2.jar
09:37:03.694 [DEBUG] [org.gradle.api.internal.artifacts.repositories.resolver.ExternalResourceResolver] Metadata file found for module 'net.java.dev.jna:jna:4.2.2' in repository 'MavenLocal'.
09:37:03.694 [DEBUG] [org.gradle.api.internal.artifacts.ivyservice.ivyresolve.RepositoryChainComponentMetaDataResolver] Using net.java.dev.jna:jna:4.2.2 from Maven repository 'MavenLocal'
09:37:03.694 [DEBUG] [org.gradle.api.internal.artifacts.ivyservice.resolveengine.graph.DependencyGraphBuilder] Visiting dependency org.grails:grails-console:3.3.0(default) -> dependency: org.springframework.boot:spring-boot:1.5.4.RELEASE, scope: Runtime, optional: false
09:37:03.694 [DEBUG] [io.spring.gradle.dependencymanagement.internal.VersionConfiguringAction] Processing dependency 'org.springframework.boot:spring-boot:1.5.4.RELEASE'
09:37:03.694 [DEBUG] [io.spring.gradle.dependencymanagement.internal.DependencyManagementContainer] Found managed version '1.5.4.RELEASE' for dependency 'org.springframework.boot:spring-boot' in global dependency management
09:37:03.694 [DEBUG] [io.spring.gradle.dependencymanagement.internal.VersionConfiguringAction] Using version '1.5.4.RELEASE' for dependency 'org.springframework.boot:spring-boot:1.5.4.RELEASE'
09:37:03.694 [DEBUG] [org.gradle.api.internal.artifacts.ivyservice.resolveengine.graph.DependencyGraphBuilder] Selecting new module version org.springframework.boot:spring-boot:1.5.4.RELEASE
09:37:03.694 [DEBUG] [org.gradle.api.internal.artifacts.ivyservice.ivyresolve.RepositoryChainComponentMetaDataResolver] Attempting to resolve component for org.springframework.boot:spring-boot:1.5.4.RELEASE using repositories [MavenLocal, maven, maven2, maven3]
09:37:03.694 [DEBUG] [org.gradle.api.internal.artifacts.ivyservice.ivyresolve.RepositoryChainComponentMetaDataResolver] Using org.springframework.boot:spring-boot:1.5.4.RELEASE from Maven repository 'maven'
09:37:03.694 [DEBUG] [org.gradle.api.internal.artifacts.ivyservice.resolveengine.graph.DependencyGraphBuilder] Visiting dependency org.grails:grails-console:3.3.0(default) -> dependency: org.springframework:spring-test:4.3.9.RELEASE, scope: Runtime, optional: false
09:37:03.694 [DEBUG] [io.spring.gradle.dependencymanagement.internal.VersionConfiguringAction] Processing dependency 'org.springframework:spring-test:4.3.9.RELEASE'
09:37:03.694 [DEBUG] [io.spring.gradle.dependencymanagement.internal.DependencyManagementContainer] Found managed version '4.3.9.RELEASE' for dependency 'org.springframework:spring-test' in global dependency management
09:37:03.694 [DEBUG] [io.spring.gradle.dependencymanagement.internal.VersionConfiguringAction] Using version '4.3.9.RELEASE' for dependency 'org.springframework:spring-test:4.3.9.RELEASE'
09:37:03.694 [DEBUG] [org.gradle.api.internal.artifacts.ivyservice.resolveengine.graph.DependencyGraphBuilder] Selecting new module version org.springframework:spring-test:4.3.9.RELEASE
09:37:03.694 [DEBUG] [org.gradle.api.internal.artifacts.ivyservice.ivyresolve.RepositoryChainComponentMetaDataResolver] Attempting to resolve component for org.springframework:spring-test:4.3.9.RELEASE using repositories [MavenLocal, maven, maven2, maven3]
09:37:03.694 [DEBUG] [org.gradle.api.internal.artifacts.repositories.resolver.DefaultExternalResourceArtifactResolver] Loading file:/Users/michaelmennis/.m2/repository/org/springframework/spring-test/4.3.9.RELEASE/spring-test-4.3.9.RELEASE.pom
09:37:03.695 [DEBUG] [org.gradle.api.internal.artifacts.repositories.resolver.DefaultExternalResourceArtifactResolver] Loading file:/Users/michaelmennis/.m2/repository/org/springframework/spring-test/4.3.9.RELEASE/spring-test-4.3.9.RELEASE.jar
09:37:03.695 [DEBUG] [org.gradle.api.internal.artifacts.repositories.resolver.ExternalResourceResolver] No meta-data file or artifact found for module 'org.springframework:spring-test:4.3.9.RELEASE' in repository 'MavenLocal'.
09:37:03.696 [DEBUG] [org.gradle.api.internal.artifacts.ivyservice.ivyresolve.CachingModuleComponentRepository] Using cached module metadata for module 'org.springframework:spring-test:4.3.9.RELEASE' in 'maven'
09:37:03.696 [DEBUG] [org.gradle.api.internal.artifacts.ivyservice.ivyresolve.RepositoryChainComponentMetaDataResolver] Using org.springframework:spring-test:4.3.9.RELEASE from Maven repository 'maven'
09:37:03.696 [DEBUG] [org.gradle.api.internal.artifacts.ivyservice.resolveengine.graph.DependencyGraphBuilder] Visiting configuration org.codehaus.groovy:groovy:2.4.11(runtime).
09:37:03.696 [DEBUG] [org.gradle.api.internal.artifacts.ivyservice.resolveengine.graph.DependencyGraphBuilder] Visiting configuration org.slf4j:slf4j-api:1.7.25(runtime).
09:37:03.696 [DEBUG] [org.gradle.api.internal.artifacts.ivyservice.resolveengine.graph.DependencyGraphBuilder] Visiting configuration org.slf4j:jcl-over-slf4j:1.7.25(runtime).
09:37:03.696 [DEBUG] [org.gradle.api.internal.artifacts.ivyservice.resolveengine.graph.DependencyGraphBuilder] Visiting dependency org.slf4j:jcl-over-slf4j:1.7.25(runtime) -> dependency: org.slf4j:slf4j-api:1.7.25, scope: Compile, optional: false
09:37:03.696 [DEBUG] [io.spring.gradle.dependencymanagement.internal.VersionConfiguringAction] Processing dependency 'org.slf4j:slf4j-api:1.7.25'
09:37:03.696 [DEBUG] [io.spring.gradle.dependencymanagement.internal.DependencyManagementContainer] Found managed version '1.7.25' for dependency 'org.slf4j:slf4j-api' in global dependency management
09:37:03.696 [DEBUG] [io.spring.gradle.dependencymanagement.internal.VersionConfiguringAction] Using version '1.7.25' for dependency 'org.slf4j:slf4j-api:1.7.25'
09:37:03.697 [DEBUG] [org.gradle.api.internal.artifacts.ivyservice.resolveengine.graph.DependencyGraphBuilder] Visiting configuration org.grails:grails-core:3.3.0(runtime).
09:37:03.697 [DEBUG] [org.gradle.api.internal.artifacts.ivyservice.resolveengine.graph.DependencyGraphBuilder] Visiting dependency org.grails:grails-core:3.3.0(runtime) -> dependency: org.codehaus.groovy:groovy:2.4.11, scope: Runtime, optional: false
09:37:03.697 [DEBUG] [org.gradle.api.internal.artifacts.ivyservice.resolveengine.graph.DependencyGraphBuilder] Visiting dependency org.grails:grails-core:3.3.0(runtime) -> dependency: org.slf4j:slf4j-api:1.7.22, scope: Runtime, optional: false
09:37:03.697 [DEBUG] [org.gradle.api.internal.artifacts.ivyservice.resolveengine.graph.DependencyGraphBuilder] Visiting dependency org.grails:grails-core:3.3.0(runtime) -> dependency: org.slf4j:jcl-over-slf4j:1.7.22, scope: Runtime, optional: false
09:37:03.697 [DEBUG] [org.gradle.api.internal.artifacts.ivyservice.resolveengine.graph.DependencyGraphBuilder] Visiting dependency org.grails:grails-core:3.3.0(runtime) -> dependency: org.hibernate.javax.persistence:hibernate-jpa-2.1-api:1.0.0.Final, scope: Runtime, optional: false
09:37:03.697 [DEBUG] [io.spring.gradle.dependencymanagement.internal.VersionConfiguringAction] Processing dependency 'org.hibernate.javax.persistence:hibernate-jpa-2.1-api:1.0.0.Final'
09:37:03.697 [DEBUG] [io.spring.gradle.dependencymanagement.internal.VersionConfiguringAction] No dependency management for dependency 'org.hibernate.javax.persistence:hibernate-jpa-2.1-api:1.0.0.Final'
09:37:03.698 [DEBUG] [org.gradle.api.internal.artifacts.ivyservice.resolveengine.graph.DependencyGraphBuilder] Selecting new module version org.hibernate.javax.persistence:hibernate-jpa-2.1-api:1.0.0.Final
09:37:03.698 [DEBUG] [org.gradle.api.internal.artifacts.ivyservice.ivyresolve.RepositoryChainComponentMetaDataResolver] Attempting to resolve component for org.hibernate.javax.persistence:hibernate-jpa-2.1-api:1.0.0.Final using repositories [MavenLocal, maven, maven2, maven3]
09:37:03.698 [DEBUG] [org.gradle.api.internal.artifacts.ivyservice.ivyresolve.RepositoryChainComponentMetaDataResolver] Using org.hibernate.javax.persistence:hibernate-jpa-2.1-api:1.0.0.Final from Maven repository 'maven'
09:37:03.698 [DEBUG] [org.gradle.api.internal.artifacts.ivyservice.resolveengine.graph.DependencyGraphBuilder] Visiting dependency org.grails:grails-core:3.3.0(runtime) -> dependency: com.googlecode.concurrentlinkedhashmap:concurrentlinkedhashmap-lru:1.4.2, scope: Runtime, optional: false
09:37:03.698 [DEBUG] [io.spring.gradle.dependencymanagement.internal.VersionConfiguringAction] Processing dependency 'com.googlecode.concurrentlinkedhashmap:concurrentlinkedhashmap-lru:1.4.2'
09:37:03.698 [DEBUG] [io.spring.gradle.dependencymanagement.internal.VersionConfiguringAction] No dependency management for dependency 'com.googlecode.concurrentlinkedhashmap:concurrentlinkedhashmap-lru:1.4.2'
09:37:03.698 [DEBUG] [org.gradle.api.internal.artifacts.ivyservice.resolveengine.graph.DependencyGraphBuilder] Selecting new module version com.googlecode.concurrentlinkedhashmap:concurrentlinkedhashmap-lru:1.4.2
09:37:03.698 [DEBUG] [org.gradle.api.internal.artifacts.ivyservice.ivyresolve.RepositoryChainComponentMetaDataResolver] Attempting to resolve component for com.googlecode.concurrentlinkedhashmap:concurrentlinkedhashmap-lru:1.4.2 using repositories [MavenLocal, maven, maven2, maven3]
09:37:03.698 [DEBUG] [org.gradle.api.internal.artifacts.ivyservice.ivyresolve.RepositoryChainComponentMetaDataResolver] Using com.googlecode.concurrentlinkedhashmap:concurrentlinkedhashmap-lru:1.4.2 from Maven repository 'MavenLocal'
09:37:03.698 [DEBUG] [org.gradle.api.internal.artifacts.ivyservice.resolveengine.graph.DependencyGraphBuilder] Visiting dependency org.grails:grails-core:3.3.0(runtime) -> dependency: org.springframework.boot:spring-boot:1.5.4.RELEASE, scope: Runtime, optional: false
09:37:03.698 [DEBUG] [org.gradle.api.internal.artifacts.ivyservice.resolveengine.graph.DependencyGraphBuilder] Visiting dependency org.grails:grails-core:3.3.0(runtime) -> dependency: org.springframework:spring-core:4.3.9.RELEASE, scope: Runtime, optional: false
09:37:03.698 [DEBUG] [io.spring.gradle.dependencymanagement.internal.VersionConfiguringAction] Processing dependency 'org.springframework:spring-core:4.3.9.RELEASE'
09:37:03.698 [DEBUG] [io.spring.gradle.dependencymanagement.internal.DependencyManagementContainer] Found managed version '4.3.9.RELEASE' for dependency 'org.springframework:spring-core' in global dependency management
09:37:03.698 [DEBUG] [io.spring.gradle.dependencymanagement.internal.VersionConfiguringAction] Using version '4.3.9.RELEASE' for dependency 'org.springframework:spring-core:4.3.9.RELEASE'
09:37:03.698 [DEBUG] [org.gradle.api.internal.artifacts.ivyservice.resolveengine.graph.DependencyGraphBuilder] Selecting new module version org.springframework:spring-core:4.3.9.RELEASE
09:37:03.698 [DEBUG] [org.gradle.api.internal.artifacts.ivyservice.ivyresolve.RepositoryChainComponentMetaDataResolver] Attempting to resolve component for org.springframework:spring-core:4.3.9.RELEASE using repositories [MavenLocal, maven, maven2, maven3]
09:37:03.698 [DEBUG] [org.gradle.api.internal.artifacts.ivyservice.ivyresolve.RepositoryChainComponentMetaDataResolver] Using org.springframework:spring-core:4.3.9.RELEASE from Maven repository 'maven'
09:37:03.699 [DEBUG] [org.gradle.api.internal.artifacts.ivyservice.resolveengine.graph.DependencyGraphBuilder] Visiting dependency org.grails:grails-core:3.3.0(runtime) -> dependency: org.springframework:spring-tx:4.3.9.RELEASE, scope: Runtime, optional: false
09:37:03.699 [DEBUG] [io.spring.gradle.dependencymanagement.internal.VersionConfiguringAction] Processing dependency 'org.springframework:spring-tx:4.3.9.RELEASE'
09:37:03.699 [DEBUG] [io.spring.gradle.dependencymanagement.internal.DependencyManagementContainer] Found managed version '4.3.9.RELEASE' for dependency 'org.springframework:spring-tx' in global dependency management
09:37:03.699 [DEBUG] [io.spring.gradle.dependencymanagement.internal.VersionConfiguringAction] Using version '4.3.9.RELEASE' for dependency 'org.springframework:spring-tx:4.3.9.RELEASE'
09:37:03.699 [DEBUG] [org.gradle.api.internal.artifacts.ivyservice.resolveengine.graph.DependencyGraphBuilder] Selecting new module version org.springframework:spring-tx:4.3.9.RELEASE
09:37:03.699 [DEBUG] [org.gradle.api.internal.artifacts.ivyservice.ivyresolve.RepositoryChainComponentMetaDataResolver] Attempting to resolve component for org.springframework:spring-tx:4.3.9.RELEASE using repositories [MavenLocal, maven, maven2, maven3]
09:37:03.699 [DEBUG] [org.gradle.api.internal.artifacts.ivyservice.ivyresolve.RepositoryChainComponentMetaDataResolver] Using org.springframework:spring-tx:4.3.9.RELEASE from Maven repository 'maven'
09:37:03.699 [DEBUG] [org.gradle.api.internal.artifacts.ivyservice.resolveengine.graph.DependencyGraphBuilder] Visiting dependency org.grails:grails-core:3.3.0(runtime) -> dependency: org.springframework:spring-beans:4.3.9.RELEASE, scope: Runtime, optional: false
09:37:03.699 [DEBUG] [io.spring.gradle.dependencymanagement.internal.VersionConfiguringAction] Processing dependency 'org.springframework:spring-beans:4.3.9.RELEASE'
09:37:03.699 [DEBUG] [io.spring.gradle.dependencymanagement.internal.DependencyManagementContainer] Found managed version '4.3.9.RELEASE' for dependency 'org.springframework:spring-beans' in global dependency management
09:37:03.699 [DEBUG] [io.spring.gradle.dependencymanagement.internal.VersionConfiguringAction] Using version '4.3.9.RELEASE' for dependency 'org.springframework:spring-beans:4.3.9.RELEASE'
09:37:03.699 [DEBUG] [org.gradle.api.internal.artifacts.ivyservice.resolveengine.graph.DependencyGraphBuilder] Selecting new module version org.springframework:spring-beans:4.3.9.RELEASE
09:37:03.699 [DEBUG] [org.gradle.api.internal.artifacts.ivyservice.ivyresolve.RepositoryChainComponentMetaDataResolver] Attempting to resolve component for org.springframework:spring-beans:4.3.9.RELEASE using repositories [MavenLocal, maven, maven2, maven3]
09:37:03.699 [DEBUG] [org.gradle.api.internal.artifacts.ivyservice.ivyresolve.RepositoryChainComponentMetaDataResolver] Using org.springframework:spring-beans:4.3.9.RELEASE from Maven repository 'maven'
09:37:03.699 [DEBUG] [org.gradle.api.internal.artifacts.ivyservice.resolveengine.graph.DependencyGraphBuilder] Visiting dependency org.grails:grails-core:3.3.0(runtime) -> dependency: org.springframework:spring-context:4.3.9.RELEASE, scope: Runtime, optional: false
09:37:03.699 [DEBUG] [io.spring.gradle.dependencymanagement.internal.VersionConfiguringAction] Processing dependency 'org.springframework:spring-context:4.3.9.RELEASE'
09:37:03.699 [DEBUG] [io.spring.gradle.dependencymanagement.internal.DependencyManagementContainer] Found managed version '4.3.9.RELEASE' for dependency 'org.springframework:spring-context' in global dependency management
09:37:03.699 [DEBUG] [io.spring.gradle.dependencymanagement.internal.VersionConfiguringAction] Using version '4.3.9.RELEASE' for dependency 'org.springframework:spring-context:4.3.9.RELEASE'
09:37:03.699 [DEBUG] [org.gradle.api.internal.artifacts.ivyservice.resolveengine.graph.DependencyGraphBuilder] Selecting new module version org.springframework:spring-context:4.3.9.RELEASE
09:37:03.699 [DEBUG] [org.gradle.api.internal.artifacts.ivyservice.ivyresolve.RepositoryChainComponentMetaDataResolver] Attempting to resolve component for org.springframework:spring-context:4.3.9.RELEASE using repositories [MavenLocal, maven, maven2, maven3]
09:37:03.699 [DEBUG] [org.gradle.api.internal.artifacts.ivyservice.ivyresolve.RepositoryChainComponentMetaDataResolver] Using org.springframework:spring-context:4.3.9.RELEASE from Maven repository 'maven'
09:37:03.699 [DEBUG] [org.gradle.api.internal.artifacts.ivyservice.resolveengine.graph.DependencyGraphBuilder] Visiting dependency org.grails:grails-core:3.3.0(runtime) -> dependency: org.grails:grails-bootstrap:3.3.0, scope: Runtime, optional: false
09:37:03.700 [DEBUG] [io.spring.gradle.dependencymanagement.internal.VersionConfiguringAction] Processing dependency 'org.grails:grails-bootstrap:3.3.0'
09:37:03.700 [DEBUG] [io.spring.gradle.dependencymanagement.internal.DependencyManagementContainer] Found managed version '3.3.0' for dependency 'org.grails:grails-bootstrap' in global dependency management
09:37:03.700 [DEBUG] [io.spring.gradle.dependencymanagement.internal.VersionConfiguringAction] Using version '3.3.0' for dependency 'org.grails:grails-bootstrap:3.3.0'
09:37:03.700 [DEBUG] [org.gradle.api.internal.artifacts.ivyservice.resolveengine.graph.DependencyGraphBuilder] Selecting new module version org.grails:grails-bootstrap:3.3.0
09:37:03.700 [DEBUG] [org.gradle.api.internal.artifacts.ivyservice.ivyresolve.RepositoryChainComponentMetaDataResolver] Attempting to resolve component for org.grails:grails-bootstrap:3.3.0 using repositories [MavenLocal, maven, maven2, maven3]
09:37:03.700 [DEBUG] [org.gradle.api.internal.artifacts.ivyservice.ivyresolve.RepositoryChainComponentMetaDataResolver] Using org.grails:grails-bootstrap:3.3.0 from Maven repository 'maven'
09:37:03.700 [DEBUG] [org.gradle.api.internal.artifacts.ivyservice.resolveengine.graph.DependencyGraphBuilder] Visiting dependency org.grails:grails-core:3.3.0(runtime) -> dependency: org.grails:grails-spring:3.3.0, scope: Runtime, optional: false
09:37:03.700 [DEBUG] [io.spring.gradle.dependencymanagement.internal.VersionConfiguringAction] Processing dependency 'org.grails:grails-spring:3.3.0'
09:37:03.700 [DEBUG] [io.spring.gradle.dependencymanagement.internal.DependencyManagementContainer] Found managed version '3.3.0' for dependency 'org.grails:grails-spring' in global dependency management
09:37:03.700 [DEBUG] [io.spring.gradle.dependencymanagement.internal.VersionConfiguringAction] Using version '3.3.0' for dependency 'org.grails:grails-spring:3.3.0'
09:37:03.700 [DEBUG] [org.gradle.api.internal.artifacts.ivyservice.resolveengine.graph.DependencyGraphBuilder] Selecting new module version org.grails:grails-spring:3.3.0
09:37:03.700 [DEBUG] [org.gradle.api.internal.artifacts.ivyservice.ivyresolve.RepositoryChainComponentMetaDataResolver] Attempting to resolve component for org.grails:grails-spring:3.3.0 using repositories [MavenLocal, maven, maven2, maven3]
09:37:03.700 [DEBUG] [org.gradle.api.internal.artifacts.ivyservice.ivyresolve.RepositoryChainComponentMetaDataResolver] Using org.grails:grails-spring:3.3.0 from Maven repository 'maven'
09:37:03.700 [DEBUG] [org.gradle.api.internal.artifacts.ivyservice.resolveengine.graph.DependencyGraphBuilder] Visiting dependency org.grails:grails-core:3.3.0(runtime) -> dependency: org.grails:grails-datastore-core:6.1.6.RELEASE, scope: Runtime, optional: false
09:37:03.700 [DEBUG] [io.spring.gradle.dependencymanagement.internal.VersionConfiguringAction] Processing dependency 'org.grails:grails-datastore-core:6.1.6.RELEASE'
09:37:03.700 [DEBUG] [io.spring.gradle.dependencymanagement.internal.DependencyManagementContainer] Found managed version '6.1.6.RELEASE' for dependency 'org.grails:grails-datastore-core' in global dependency management
09:37:03.700 [DEBUG] [io.spring.gradle.dependencymanagement.internal.VersionConfiguringAction] Using version '6.1.6.RELEASE' for dependency 'org.grails:grails-datastore-core:6.1.6.RELEASE'
09:37:03.700 [DEBUG] [org.gradle.api.internal.artifacts.ivyservice.resolveengine.graph.DependencyGraphBuilder] Selecting new module version org.grails:grails-datastore-core:6.1.6.RELEASE
09:37:03.700 [DEBUG] [org.gradle.api.internal.artifacts.ivyservice.ivyresolve.RepositoryChainComponentMetaDataResolver] Attempting to resolve component for org.grails:grails-datastore-core:6.1.6.RELEASE using repositories [MavenLocal, maven, maven2, maven3]
09:37:03.700 [DEBUG] [org.gradle.api.internal.artifacts.ivyservice.ivyresolve.RepositoryChainComponentMetaDataResolver] Using org.grails:grails-datastore-core:6.1.6.RELEASE from Maven repository 'maven'
09:37:03.700 [DEBUG] [org.gradle.api.internal.artifacts.ivyservice.resolveengine.graph.DependencyGraphBuilder] Visiting dependency org.grails:grails-core:3.3.0(runtime) -> dependency: xalan:serializer:2.7.2, scope: Runtime, optional: false
09:37:03.700 [DEBUG] [io.spring.gradle.dependencymanagement.internal.VersionConfiguringAction] Processing dependency 'xalan:serializer:2.7.2'
09:37:03.701 [DEBUG] [io.spring.gradle.dependencymanagement.internal.VersionConfiguringAction] No dependency management for dependency 'xalan:serializer:2.7.2'
09:37:03.703 [DEBUG] [org.gradle.api.internal.artifacts.ivyservice.resolveengine.graph.DependencyGraphBuilder] Selecting new module version xalan:serializer:2.7.2
09:37:03.703 [DEBUG] [org.gradle.api.internal.artifacts.ivyservice.ivyresolve.RepositoryChainComponentMetaDataResolver] Attempting to resolve component for xalan:serializer:2.7.2 using repositories [MavenLocal, maven, maven2, maven3]
09:37:03.703 [DEBUG] [org.gradle.api.internal.artifacts.ivyservice.ivyresolve.RepositoryChainComponentMetaDataResolver] Using xalan:serializer:2.7.2 from Maven repository 'MavenLocal'
09:37:03.704 [DEBUG] [org.gradle.api.internal.artifacts.ivyservice.resolveengine.graph.DependencyGraphBuilder] Visiting configuration org.codehaus.groovy:groovy-console:2.4.11(runtime).
09:37:03.704 [DEBUG] [org.gradle.api.internal.artifacts.ivyservice.resolveengine.graph.DependencyGraphBuilder] Visiting dependency org.codehaus.groovy:groovy-console:2.4.11(runtime) -> dependency: org.codehaus.groovy:groovy-templates:2.4.11, scope: Compile, optional: false
09:37:03.704 [DEBUG] [io.spring.gradle.dependencymanagement.internal.VersionConfiguringAction] Processing dependency 'org.codehaus.groovy:groovy-templates:2.4.11'
09:37:03.704 [DEBUG] [io.spring.gradle.dependencymanagement.internal.DependencyManagementContainer] Found managed version '2.4.11' for dependency 'org.codehaus.groovy:groovy-templates' in global dependency management
09:37:03.704 [DEBUG] [io.spring.gradle.dependencymanagement.internal.VersionConfiguringAction] Using version '2.4.11' for dependency 'org.codehaus.groovy:groovy-templates:2.4.11'
09:37:03.704 [DEBUG] [org.gradle.api.internal.artifacts.ivyservice.resolveengine.graph.DependencyGraphBuilder] Selecting new module version org.codehaus.groovy:groovy-templates:2.4.11
09:37:03.704 [DEBUG] [org.gradle.api.internal.artifacts.ivyservice.ivyresolve.RepositoryChainComponentMetaDataResolver] Attempting to resolve component for org.codehaus.groovy:groovy-templates:2.4.11 using repositories [MavenLocal, maven, maven2, maven3]
09:37:03.704 [DEBUG] [org.gradle.api.internal.artifacts.ivyservice.ivyresolve.RepositoryChainComponentMetaDataResolver] Using org.codehaus.groovy:groovy-templates:2.4.11 from Maven repository 'maven'
09:37:03.704 [DEBUG] [org.gradle.api.internal.artifacts.ivyservice.resolveengine.graph.DependencyGraphBuilder] Visiting dependency org.codehaus.groovy:groovy-console:2.4.11(runtime) -> dependency: org.codehaus.groovy:groovy-swing:2.4.11, scope: Compile, optional: false
09:37:03.704 [DEBUG] [io.spring.gradle.dependencymanagement.internal.VersionConfiguringAction] Processing dependency 'org.codehaus.groovy:groovy-swing:2.4.11'
09:37:03.704 [DEBUG] [io.spring.gradle.dependencymanagement.internal.DependencyManagementContainer] Found managed version '2.4.11' for dependency 'org.codehaus.groovy:groovy-swing' in global dependency management
09:37:03.704 [DEBUG] [io.spring.gradle.dependencymanagement.internal.VersionConfiguringAction] Using version '2.4.11' for dependency 'org.codehaus.groovy:groovy-swing:2.4.11'
09:37:03.704 [DEBUG] [org.gradle.api.internal.artifacts.ivyservice.resolveengine.graph.DependencyGraphBuilder] Selecting new module version org.codehaus.groovy:groovy-swing:2.4.11
09:37:03.704 [DEBUG] [org.gradle.api.internal.artifacts.ivyservice.ivyresolve.RepositoryChainComponentMetaDataResolver] Attempting to resolve component for org.codehaus.groovy:groovy-swing:2.4.11 using repositories [MavenLocal, maven, maven2, maven3]
09:37:03.704 [DEBUG] [org.gradle.api.internal.artifacts.repositories.resolver.DefaultExternalResourceArtifactResolver] Loading file:/Users/michaelmennis/.m2/repository/org/codehaus/groovy/groovy-swing/2.4.11/groovy-swing-2.4.11.pom
09:37:03.704 [DEBUG] [org.gradle.api.internal.artifacts.repositories.resolver.DefaultExternalResourceArtifactResolver] Loading file:/Users/michaelmennis/.m2/repository/org/codehaus/groovy/groovy-swing/2.4.11/groovy-swing-2.4.11.jar
09:37:03.704 [DEBUG] [org.gradle.api.internal.artifacts.repositories.resolver.ExternalResourceResolver] No meta-data file or artifact found for module 'org.codehaus.groovy:groovy-swing:2.4.11' in repository 'MavenLocal'.
09:37:03.705 [DEBUG] [org.gradle.api.internal.artifacts.ivyservice.ivyresolve.CachingModuleComponentRepository] Using cached module metadata for module 'org.codehaus.groovy:groovy-swing:2.4.11' in 'maven'
09:37:03.705 [DEBUG] [org.gradle.api.internal.artifacts.ivyservice.ivyresolve.RepositoryChainComponentMetaDataResolver] Using org.codehaus.groovy:groovy-swing:2.4.11 from Maven repository 'maven'
09:37:03.705 [DEBUG] [org.gradle.api.internal.artifacts.ivyservice.resolveengine.graph.DependencyGraphBuilder] Visiting dependency org.codehaus.groovy:groovy-console:2.4.11(runtime) -> dependency: org.codehaus.groovy:groovy:2.4.11, scope: Compile, optional: false
09:37:03.705 [DEBUG] [org.gradle.api.internal.artifacts.ivyservice.resolveengine.graph.DependencyGraphBuilder] Visiting configuration org.codehaus.groovy:groovy-groovysh:2.4.11(runtime).
09:37:03.705 [DEBUG] [org.gradle.api.internal.artifacts.ivyservice.resolveengine.graph.DependencyGraphBuilder] Visiting dependency org.codehaus.groovy:groovy-groovysh:2.4.11(runtime) -> dependency: org.codehaus.groovy:groovy-console:2.4.11, scope: Compile, optional: false
09:37:03.705 [DEBUG] [org.gradle.api.internal.artifacts.ivyservice.resolveengine.graph.DependencyGraphBuilder] Visiting dependency org.codehaus.groovy:groovy-groovysh:2.4.11(runtime) -> dependency: jline:jline:2.12, scope: Compile, optional: false
09:37:03.705 [DEBUG] [org.gradle.api.internal.artifacts.ivyservice.resolveengine.graph.DependencyGraphBuilder] Visiting dependency org.codehaus.groovy:groovy-groovysh:2.4.11(runtime) -> dependency: org.codehaus.groovy:groovy:2.4.11, scope: Compile, optional: false
09:37:03.705 [DEBUG] [org.gradle.api.internal.artifacts.ivyservice.resolveengine.graph.DependencyGraphBuilder] Visiting configuration org.fusesource.jansi:jansi:1.14(runtime).
09:37:03.705 [DEBUG] [org.gradle.api.internal.artifacts.ivyservice.resolveengine.graph.DependencyGraphBuilder] Visiting configuration jline:jline:2.12(runtime).
09:37:03.705 [DEBUG] [org.gradle.api.internal.artifacts.ivyservice.resolveengine.graph.DependencyGraphBuilder] Visiting configuration net.java.dev.jna:jna:4.2.2(runtime).
09:37:03.706 [DEBUG] [org.gradle.api.internal.artifacts.ivyservice.resolveengine.graph.DependencyGraphBuilder] Visiting configuration org.springframework.boot:spring-boot:1.5.4.RELEASE(runtime).
09:37:03.706 [DEBUG] [org.gradle.api.internal.artifacts.ivyservice.resolveengine.graph.DependencyGraphBuilder] Visiting dependency org.springframework.boot:spring-boot:1.5.4.RELEASE(runtime) -> dependency: org.springframework:spring-core:4.3.9.RELEASE, scope: Compile, optional: false
09:37:03.706 [DEBUG] [org.gradle.api.internal.artifacts.ivyservice.resolveengine.graph.DependencyGraphBuilder] Visiting dependency org.springframework.boot:spring-boot:1.5.4.RELEASE(runtime) -> dependency: org.springframework:spring-context:4.3.9.RELEASE, scope: Compile, optional: false
09:37:03.706 [DEBUG] [org.gradle.api.internal.artifacts.ivyservice.resolveengine.graph.DependencyGraphBuilder] Visiting configuration org.springframework:spring-test:4.3.9.RELEASE(runtime).
09:37:03.706 [DEBUG] [org.gradle.api.internal.artifacts.ivyservice.resolveengine.graph.DependencyGraphBuilder] Visiting dependency org.springframework:spring-test:4.3.9.RELEASE(runtime) -> dependency: org.springframework:spring-core:4.3.9.RELEASE, scope: Compile, optional: false
09:37:03.706 [DEBUG] [org.gradle.api.internal.artifacts.ivyservice.resolveengine.graph.DependencyGraphBuilder] Visiting configuration org.slf4j:slf4j-api:1.7.25(runtime).
09:37:03.706 [DEBUG] [org.gradle.api.internal.artifacts.ivyservice.resolveengine.graph.DependencyGraphBuilder] Changed edges for org.slf4j:slf4j-api:1.7.25(runtime) selects same versions as previous traversal. ignoring
09:37:03.706 [DEBUG] [org.gradle.api.internal.artifacts.ivyservice.resolveengine.graph.DependencyGraphBuilder] Visiting configuration org.codehaus.groovy:groovy:2.4.11(runtime).
09:37:03.706 [DEBUG] [org.gradle.api.internal.artifacts.ivyservice.resolveengine.graph.DependencyGraphBuilder] Visiting configuration org.slf4j:jcl-over-slf4j:1.7.25(runtime).
09:37:03.706 [DEBUG] [org.gradle.api.internal.artifacts.ivyservice.resolveengine.graph.DependencyGraphBuilder] Changed edges for org.slf4j:jcl-over-slf4j:1.7.25(runtime) selects same versions as previous traversal. ignoring
09:37:03.706 [DEBUG] [org.gradle.api.internal.artifacts.ivyservice.resolveengine.graph.DependencyGraphBuilder] Visiting configuration org.hibernate.javax.persistence:hibernate-jpa-2.1-api:1.0.0.Final(runtime).
09:37:03.706 [DEBUG] [org.gradle.api.internal.artifacts.ivyservice.resolveengine.graph.DependencyGraphBuilder] Visiting configuration com.googlecode.concurrentlinkedhashmap:concurrentlinkedhashmap-lru:1.4.2(runtime).
09:37:03.706 [DEBUG] [org.gradle.api.internal.artifacts.ivyservice.resolveengine.graph.DependencyGraphBuilder] Visiting configuration org.springframework:spring-core:4.3.9.RELEASE(runtime).
09:37:03.706 [DEBUG] [org.gradle.api.internal.artifacts.ivyservice.resolveengine.graph.DependencyGraphBuilder] Visiting dependency org.springframework:spring-core:4.3.9.RELEASE(runtime) -> dependency: commons-logging:commons-logging:1.2, scope: Compile, optional: false
09:37:03.706 [DEBUG] [io.spring.gradle.dependencymanagement.internal.VersionConfiguringAction] Processing dependency 'commons-logging:commons-logging:1.2'
09:37:03.706 [DEBUG] [io.spring.gradle.dependencymanagement.internal.VersionConfiguringAction] No dependency management for dependency 'commons-logging:commons-logging:1.2'
09:37:03.706 [DEBUG] [org.gradle.api.internal.artifacts.ivyservice.resolveengine.graph.DependencyGraphBuilder] Selecting new module version commons-logging:commons-logging:1.2
09:37:03.706 [DEBUG] [org.gradle.api.internal.artifacts.ivyservice.ivyresolve.RepositoryChainComponentMetaDataResolver] Attempting to resolve component for commons-logging:commons-logging:1.2 using repositories [MavenLocal, maven, maven2, maven3]
09:37:03.706 [DEBUG] [org.gradle.api.internal.artifacts.ivyservice.ivyresolve.RepositoryChainComponentMetaDataResolver] Using commons-logging:commons-logging:1.2 from Maven repository 'MavenLocal'
09:37:03.706 [DEBUG] [org.gradle.api.internal.artifacts.ivyservice.resolveengine.graph.DependencyGraphBuilder] Visiting configuration org.springframework:spring-tx:4.3.9.RELEASE(runtime).
09:37:03.706 [DEBUG] [org.gradle.api.internal.artifacts.ivyservice.resolveengine.graph.DependencyGraphBuilder] Visiting dependency org.springframework:spring-tx:4.3.9.RELEASE(runtime) -> dependency: org.springframework:spring-beans:4.3.9.RELEASE, scope: Compile, optional: false
09:37:03.707 [DEBUG] [org.gradle.api.internal.artifacts.ivyservice.resolveengine.graph.DependencyGraphBuilder] Visiting dependency org.springframework:spring-tx:4.3.9.RELEASE(runtime) -> dependency: org.springframework:spring-core:4.3.9.RELEASE, scope: Compile, optional: false
09:37:03.707 [DEBUG] [org.gradle.api.internal.artifacts.ivyservice.resolveengine.graph.DependencyGraphBuilder] Visiting configuration org.springframework:spring-beans:4.3.9.RELEASE(runtime).
09:37:03.707 [DEBUG] [org.gradle.api.internal.artifacts.ivyservice.resolveengine.graph.DependencyGraphBuilder] Visiting dependency org.springframework:spring-beans:4.3.9.RELEASE(runtime) -> dependency: org.springframework:spring-core:4.3.9.RELEASE, scope: Compile, optional: false
09:37:03.707 [DEBUG] [org.gradle.api.internal.artifacts.ivyservice.resolveengine.graph.DependencyGraphBuilder] Visiting configuration org.springframework:spring-context:4.3.9.RELEASE(runtime).
09:37:03.707 [DEBUG] [org.gradle.api.internal.artifacts.ivyservice.resolveengine.graph.DependencyGraphBuilder] Visiting dependency org.springframework:spring-context:4.3.9.RELEASE(runtime) -> dependency: org.springframework:spring-aop:4.3.9.RELEASE, scope: Compile, optional: false
09:37:03.707 [DEBUG] [io.spring.gradle.dependencymanagement.internal.VersionConfiguringAction] Processing dependency 'org.springframework:spring-aop:4.3.9.RELEASE'
09:37:03.707 [DEBUG] [io.spring.gradle.dependencymanagement.internal.DependencyManagementContainer] Found managed version '4.3.9.RELEASE' for dependency 'org.springframework:spring-aop' in global dependency management
09:37:03.708 [DEBUG] [io.spring.gradle.dependencymanagement.internal.VersionConfiguringAction] Using version '4.3.9.RELEASE' for dependency 'org.springframework:spring-aop:4.3.9.RELEASE'
09:37:03.708 [DEBUG] [org.gradle.api.internal.artifacts.ivyservice.resolveengine.graph.DependencyGraphBuilder] Selecting new module version org.springframework:spring-aop:4.3.9.RELEASE
09:37:03.708 [DEBUG] [org.gradle.api.internal.artifacts.ivyservice.ivyresolve.RepositoryChainComponentMetaDataResolver] Attempting to resolve component for org.springframework:spring-aop:4.3.9.RELEASE using repositories [MavenLocal, maven, maven2, maven3]
09:37:03.708 [DEBUG] [org.gradle.api.internal.artifacts.ivyservice.ivyresolve.RepositoryChainComponentMetaDataResolver] Using org.springframework:spring-aop:4.3.9.RELEASE from Maven repository 'maven'
09:37:03.708 [DEBUG] [org.gradle.api.internal.artifacts.ivyservice.resolveengine.graph.DependencyGraphBuilder] Visiting dependency org.springframework:spring-context:4.3.9.RELEASE(runtime) -> dependency: org.springframework:spring-beans:4.3.9.RELEASE, scope: Compile, optional: false
09:37:03.708 [DEBUG] [org.gradle.api.internal.artifacts.ivyservice.resolveengine.graph.DependencyGraphBuilder] Visiting dependency org.springframework:spring-context:4.3.9.RELEASE(runtime) -> dependency: org.springframework:spring-core:4.3.9.RELEASE, scope: Compile, optional: false
09:37:03.708 [DEBUG] [org.gradle.api.internal.artifacts.ivyservice.resolveengine.graph.DependencyGraphBuilder] Visiting dependency org.springframework:spring-context:4.3.9.RELEASE(runtime) -> dependency: org.springframework:spring-expression:4.3.9.RELEASE, scope: Compile, optional: false
09:37:03.708 [DEBUG] [io.spring.gradle.dependencymanagement.internal.VersionConfiguringAction] Processing dependency 'org.springframework:spring-expression:4.3.9.RELEASE'
09:37:03.708 [DEBUG] [io.spring.gradle.dependencymanagement.internal.DependencyManagementContainer] Found managed version '4.3.9.RELEASE' for dependency 'org.springframework:spring-expression' in global dependency management
09:37:03.708 [DEBUG] [io.spring.gradle.dependencymanagement.internal.VersionConfiguringAction] Using version '4.3.9.RELEASE' for dependency 'org.springframework:spring-expression:4.3.9.RELEASE'
09:37:03.708 [DEBUG] [org.gradle.api.internal.artifacts.ivyservice.resolveengine.graph.DependencyGraphBuilder] Selecting new module version org.springframework:spring-expression:4.3.9.RELEASE
09:37:03.708 [DEBUG] [org.gradle.api.internal.artifacts.ivyservice.ivyresolve.RepositoryChainComponentMetaDataResolver] Attempting to resolve component for org.springframework:spring-expression:4.3.9.RELEASE using repositories [MavenLocal, maven, maven2, maven3]
09:37:03.708 [DEBUG] [org.gradle.api.internal.artifacts.ivyservice.ivyresolve.RepositoryChainComponentMetaDataResolver] Using org.springframework:spring-expression:4.3.9.RELEASE from Maven repository 'maven'
09:37:03.708 [DEBUG] [org.gradle.api.internal.artifacts.ivyservice.resolveengine.graph.DependencyGraphBuilder] Visiting configuration org.grails:grails-bootstrap:3.3.0(runtime).
09:37:03.709 [DEBUG] [org.gradle.api.internal.artifacts.ivyservice.resolveengine.graph.DependencyGraphBuilder] Visiting dependency org.grails:grails-bootstrap:3.3.0(runtime) -> dependency: org.codehaus.groovy:groovy:2.4.11, scope: Runtime, optional: false
09:37:03.709 [DEBUG] [org.gradle.api.internal.artifacts.ivyservice.resolveengine.graph.DependencyGraphBuilder] Visiting dependency org.grails:grails-bootstrap:3.3.0(runtime) -> dependency: org.slf4j:slf4j-api:1.7.22, scope: Runtime, optional: false
09:37:03.709 [DEBUG] [org.gradle.api.internal.artifacts.ivyservice.resolveengine.graph.DependencyGraphBuilder] Visiting dependency org.grails:grails-bootstrap:3.3.0(runtime) -> dependency: org.slf4j:jcl-over-slf4j:1.7.22, scope: Runtime, optional: false
09:37:03.709 [DEBUG] [org.gradle.api.internal.artifacts.ivyservice.resolveengine.graph.DependencyGraphBuilder] Visiting dependency org.grails:grails-bootstrap:3.3.0(runtime) -> dependency: org.codehaus.groovy:groovy-xml:2.4.11, scope: Runtime, optional: false
09:37:03.709 [DEBUG] [io.spring.gradle.dependencymanagement.internal.VersionConfiguringAction] Processing dependency 'org.codehaus.groovy:groovy-xml:2.4.11'
09:37:03.709 [DEBUG] [io.spring.gradle.dependencymanagement.internal.DependencyManagementContainer] Found managed version '2.4.11' for dependency 'org.codehaus.groovy:groovy-xml' in global dependency management
09:37:03.709 [DEBUG] [io.spring.gradle.dependencymanagement.internal.VersionConfiguringAction] Using version '2.4.11' for dependency 'org.codehaus.groovy:groovy-xml:2.4.11'
09:37:03.709 [DEBUG] [org.gradle.api.internal.artifacts.ivyservice.resolveengine.graph.DependencyGraphBuilder] Selecting new module version org.codehaus.groovy:groovy-xml:2.4.11
09:37:03.709 [DEBUG] [org.gradle.api.internal.artifacts.ivyservice.ivyresolve.RepositoryChainComponentMetaDataResolver] Attempting to resolve component for org.codehaus.groovy:groovy-xml:2.4.11 using repositories [MavenLocal, maven, maven2, maven3]
09:37:03.709 [DEBUG] [org.gradle.api.internal.artifacts.ivyservice.ivyresolve.RepositoryChainComponentMetaDataResolver] Using org.codehaus.groovy:groovy-xml:2.4.11 from Maven repository 'maven'
09:37:03.709 [DEBUG] [org.gradle.api.internal.artifacts.ivyservice.resolveengine.graph.DependencyGraphBuilder] Visiting dependency org.grails:grails-bootstrap:3.3.0(runtime) -> dependency: org.codehaus.groovy:groovy-templates:2.4.11, scope: Runtime, optional: false
09:37:03.709 [DEBUG] [org.gradle.api.internal.artifacts.ivyservice.resolveengine.graph.DependencyGraphBuilder] Visiting dependency org.grails:grails-bootstrap:3.3.0(runtime) -> dependency: org.yaml:snakeyaml:1.14, scope: Runtime, optional: false
09:37:03.709 [DEBUG] [io.spring.gradle.dependencymanagement.internal.VersionConfiguringAction] Processing dependency 'org.yaml:snakeyaml:1.14'
09:37:03.709 [DEBUG] [io.spring.gradle.dependencymanagement.internal.DependencyManagementContainer] Found managed version '1.17' for dependency 'org.yaml:snakeyaml' in global dependency management
09:37:03.709 [DEBUG] [io.spring.gradle.dependencymanagement.internal.VersionConfiguringAction] Using version '1.17' for dependency 'org.yaml:snakeyaml:1.14'
09:37:03.709 [DEBUG] [org.gradle.api.internal.artifacts.ivyservice.resolveengine.graph.DependencyGraphBuilder] Selecting new module version org.yaml:snakeyaml:1.17
09:37:03.709 [DEBUG] [org.gradle.api.internal.artifacts.ivyservice.ivyresolve.RepositoryChainComponentMetaDataResolver] Attempting to resolve component for org.yaml:snakeyaml:1.17 using repositories [MavenLocal, maven, maven2, maven3]
09:37:03.709 [DEBUG] [org.gradle.api.internal.artifacts.ivyservice.ivyresolve.RepositoryChainComponentMetaDataResolver] Using org.yaml:snakeyaml:1.17 from Maven repository 'maven'
09:37:03.709 [DEBUG] [org.gradle.api.internal.artifacts.ivyservice.resolveengine.graph.DependencyGraphBuilder] Visiting configuration org.grails:grails-spring:3.3.0(runtime).
09:37:03.710 [DEBUG] [org.gradle.api.internal.artifacts.ivyservice.resolveengine.graph.DependencyGraphBuilder] org.springframework:spring-tx is excluded from org.grails:grails-spring:3.3.0(runtime).
09:37:03.710 [DEBUG] [org.gradle.api.internal.artifacts.ivyservice.resolveengine.graph.DependencyGraphBuilder] org.springframework:spring-web is excluded from org.grails:grails-spring:3.3.0(runtime).
09:37:03.710 [DEBUG] [org.gradle.api.internal.artifacts.ivyservice.resolveengine.graph.DependencyGraphBuilder] org.grails:grails-bootstrap is excluded from org.grails:grails-spring:3.3.0(runtime).
09:37:03.710 [DEBUG] [org.gradle.api.internal.artifacts.ivyservice.resolveengine.graph.DependencyGraphBuilder] Visiting dependency org.grails:grails-spring:3.3.0(runtime) -> dependency: org.codehaus.groovy:groovy:2.4.11, scope: Runtime, optional: false
09:37:03.710 [DEBUG] [org.gradle.api.internal.artifacts.ivyservice.resolveengine.graph.DependencyGraphBuilder] Visiting dependency org.grails:grails-spring:3.3.0(runtime) -> dependency: org.slf4j:slf4j-api:1.7.22, scope: Runtime, optional: false
09:37:03.710 [DEBUG] [org.gradle.api.internal.artifacts.ivyservice.resolveengine.graph.DependencyGraphBuilder] Visiting dependency org.grails:grails-spring:3.3.0(runtime) -> dependency: org.slf4j:jcl-over-slf4j:1.7.22, scope: Runtime, optional: false
09:37:03.710 [DEBUG] [org.gradle.api.internal.artifacts.ivyservice.resolveengine.graph.DependencyGraphBuilder] Visiting configuration org.grails:grails-datastore-core:6.1.6.RELEASE(runtime).
09:37:03.710 [DEBUG] [org.gradle.api.internal.artifacts.ivyservice.resolveengine.graph.DependencyGraphBuilder] Visiting dependency org.grails:grails-datastore-core:6.1.6.RELEASE(runtime) -> dependency: org.codehaus.groovy:groovy:2.4.11, scope: Runtime, optional: false
09:37:03.710 [DEBUG] [org.gradle.api.internal.artifacts.ivyservice.resolveengine.graph.DependencyGraphBuilder] Visiting dependency org.grails:grails-datastore-core:6.1.6.RELEASE(runtime) -> dependency: com.googlecode.concurrentlinkedhashmap:concurrentlinkedhashmap-lru:1.4.2, scope: Runtime, optional: false
09:37:03.710 [DEBUG] [org.gradle.api.internal.artifacts.ivyservice.resolveengine.graph.DependencyGraphBuilder] Visiting dependency org.grails:grails-datastore-core:6.1.6.RELEASE(runtime) -> dependency: org.springframework:spring-core:4.3.9.RELEASE, scope: Runtime, optional: false
09:37:03.710 [DEBUG] [org.gradle.api.internal.artifacts.ivyservice.resolveengine.graph.DependencyGraphBuilder] Visiting dependency org.grails:grails-datastore-core:6.1.6.RELEASE(runtime) -> dependency: org.springframework:spring-beans:4.3.9.RELEASE, scope: Runtime, optional: false
09:37:03.710 [DEBUG] [org.gradle.api.internal.artifacts.ivyservice.resolveengine.graph.DependencyGraphBuilder] Visiting dependency org.grails:grails-datastore-core:6.1.6.RELEASE(runtime) -> dependency: org.springframework:spring-tx:4.3.9.RELEASE, scope: Runtime, optional: false
09:37:03.710 [DEBUG] [org.gradle.api.internal.artifacts.ivyservice.resolveengine.graph.DependencyGraphBuilder] Visiting dependency org.grails:grails-datastore-core:6.1.6.RELEASE(runtime) -> dependency: org.springframework:spring-context:4.3.9.RELEASE, scope: Runtime, optional: false
09:37:03.711 [DEBUG] [org.gradle.api.internal.artifacts.ivyservice.resolveengine.graph.DependencyGraphBuilder] Visiting dependency org.grails:grails-datastore-core:6.1.6.RELEASE(runtime) -> dependency: org.hibernate.javax.persistence:hibernate-jpa-2.1-api:1.0.0.Final, scope: Runtime, optional: false
09:37:03.711 [DEBUG] [org.gradle.api.internal.artifacts.ivyservice.resolveengine.graph.DependencyGraphBuilder] Visiting dependency org.grails:grails-datastore-core:6.1.6.RELEASE(runtime) -> dependency: org.javassist:javassist:3.21.0-GA, scope: Runtime, optional: false
09:37:03.711 [DEBUG] [io.spring.gradle.dependencymanagement.internal.VersionConfiguringAction] Processing dependency 'org.javassist:javassist:3.21.0-GA'
09:37:03.711 [DEBUG] [io.spring.gradle.dependencymanagement.internal.DependencyManagementContainer] Found managed version '3.21.0-GA' for dependency 'org.javassist:javassist' in global dependency management
09:37:03.711 [DEBUG] [io.spring.gradle.dependencymanagement.internal.VersionConfiguringAction] Using version '3.21.0-GA' for dependency 'org.javassist:javassist:3.21.0-GA'
09:37:03.711 [DEBUG] [org.gradle.api.internal.artifacts.ivyservice.resolveengine.graph.DependencyGraphBuilder] Selecting new module version org.javassist:javassist:3.21.0-GA
09:37:03.711 [DEBUG] [org.gradle.api.internal.artifacts.ivyservice.ivyresolve.RepositoryChainComponentMetaDataResolver] Attempting to resolve component for org.javassist:javassist:3.21.0-GA using repositories [MavenLocal, maven, maven2, maven3]
09:37:03.711 [DEBUG] [org.gradle.api.internal.artifacts.ivyservice.ivyresolve.RepositoryChainComponentMetaDataResolver] Using org.javassist:javassist:3.21.0-GA from Maven repository 'maven'
09:37:03.711 [DEBUG] [org.gradle.api.internal.artifacts.ivyservice.resolveengine.graph.DependencyGraphBuilder] Visiting dependency org.grails:grails-datastore-core:6.1.6.RELEASE(runtime) -> dependency: javax.transaction:jta:1.1, scope: Runtime, optional: false
09:37:03.711 [DEBUG] [io.spring.gradle.dependencymanagement.internal.VersionConfiguringAction] Processing dependency 'javax.transaction:jta:1.1'
09:37:03.711 [DEBUG] [io.spring.gradle.dependencymanagement.internal.VersionConfiguringAction] No dependency management for dependency 'javax.transaction:jta:1.1'
09:37:03.711 [DEBUG] [org.gradle.api.internal.artifacts.ivyservice.resolveengine.graph.DependencyGraphBuilder] Selecting new module version javax.transaction:jta:1.1
09:37:03.711 [DEBUG] [org.gradle.api.internal.artifacts.ivyservice.ivyresolve.RepositoryChainComponentMetaDataResolver] Attempting to resolve component for javax.transaction:jta:1.1 using repositories [MavenLocal, maven, maven2, maven3]
09:37:03.711 [DEBUG] [org.gradle.api.internal.artifacts.ivyservice.ivyresolve.RepositoryChainComponentMetaDataResolver] Using javax.transaction:jta:1.1 from Maven repository 'MavenLocal'
09:37:03.711 [DEBUG] [org.gradle.api.internal.artifacts.ivyservice.resolveengine.graph.DependencyGraphBuilder] Visiting dependency org.grails:grails-datastore-core:6.1.6.RELEASE(runtime) -> dependency: org.slf4j:slf4j-api:1.7.22, scope: Runtime, optional: false
09:37:03.711 [DEBUG] [org.gradle.api.internal.artifacts.ivyservice.resolveengine.graph.DependencyGraphBuilder] Visiting dependency org.grails:grails-datastore-core:6.1.6.RELEASE(runtime) -> dependency: org.slf4j:jcl-over-slf4j:1.7.22, scope: Runtime, optional: false
09:37:03.711 [DEBUG] [org.gradle.api.internal.artifacts.ivyservice.resolveengine.graph.DependencyGraphBuilder] Visiting configuration xalan:serializer:2.7.2(runtime).
09:37:03.711 [DEBUG] [org.gradle.api.internal.artifacts.ivyservice.resolveengine.graph.DependencyGraphBuilder] xml-apis:xml-apis is excluded from xalan:serializer:2.7.2(runtime).
09:37:03.711 [DEBUG] [org.gradle.api.internal.artifacts.ivyservice.resolveengine.graph.DependencyGraphBuilder] Visiting configuration org.codehaus.groovy:groovy-templates:2.4.11(runtime).
09:37:03.711 [DEBUG] [org.gradle.api.internal.artifacts.ivyservice.resolveengine.graph.DependencyGraphBuilder] Visiting dependency org.codehaus.groovy:groovy-templates:2.4.11(runtime) -> dependency: org.codehaus.groovy:groovy-xml:2.4.11, scope: Compile, optional: false
09:37:03.712 [DEBUG] [org.gradle.api.internal.artifacts.ivyservice.resolveengine.graph.DependencyGraphBuilder] Visiting dependency org.codehaus.groovy:groovy-templates:2.4.11(runtime) -> dependency: org.codehaus.groovy:groovy:2.4.11, scope: Compile, optional: false
09:37:03.712 [DEBUG] [org.gradle.api.internal.artifacts.ivyservice.resolveengine.graph.DependencyGraphBuilder] Visiting configuration org.codehaus.groovy:groovy-swing:2.4.11(runtime).
09:37:03.712 [DEBUG] [org.gradle.api.internal.artifacts.ivyservice.resolveengine.graph.DependencyGraphBuilder] Visiting dependency org.codehaus.groovy:groovy-swing:2.4.11(runtime) -> dependency: org.codehaus.groovy:groovy:2.4.11, scope: Compile, optional: false
09:37:03.712 [DEBUG] [org.gradle.api.internal.artifacts.ivyservice.resolveengine.graph.DependencyGraphBuilder] Visiting configuration org.codehaus.groovy:groovy-console:2.4.11(runtime).
09:37:03.712 [DEBUG] [org.gradle.api.internal.artifacts.ivyservice.resolveengine.graph.DependencyGraphBuilder] Changed edges for org.codehaus.groovy:groovy-console:2.4.11(runtime) selects same versions as previous traversal. ignoring
09:37:03.712 [DEBUG] [org.gradle.api.internal.artifacts.ivyservice.resolveengine.graph.DependencyGraphBuilder] Visiting configuration commons-logging:commons-logging:1.2(runtime).
09:37:03.712 [DEBUG] [org.gradle.api.internal.artifacts.ivyservice.resolveengine.graph.DependencyGraphBuilder] Visiting configuration org.springframework:spring-core:4.3.9.RELEASE(runtime).
09:37:03.712 [DEBUG] [org.gradle.api.internal.artifacts.ivyservice.resolveengine.graph.DependencyGraphBuilder] Changed edges for org.springframework:spring-core:4.3.9.RELEASE(runtime) selects same versions as previous traversal. ignoring
09:37:03.712 [DEBUG] [org.gradle.api.internal.artifacts.ivyservice.resolveengine.graph.DependencyGraphBuilder] Visiting configuration org.springframework:spring-aop:4.3.9.RELEASE(runtime).
09:37:03.712 [DEBUG] [org.gradle.api.internal.artifacts.ivyservice.resolveengine.graph.DependencyGraphBuilder] Visiting dependency org.springframework:spring-aop:4.3.9.RELEASE(runtime) -> dependency: org.springframework:spring-beans:4.3.9.RELEASE, scope: Compile, optional: false
09:37:03.712 [DEBUG] [org.gradle.api.internal.artifacts.ivyservice.resolveengine.graph.DependencyGraphBuilder] Visiting dependency org.springframework:spring-aop:4.3.9.RELEASE(runtime) -> dependency: org.springframework:spring-core:4.3.9.RELEASE, scope: Compile, optional: false
09:37:03.712 [DEBUG] [org.gradle.api.internal.artifacts.ivyservice.resolveengine.graph.DependencyGraphBuilder] Visiting configuration org.springframework:spring-beans:4.3.9.RELEASE(runtime).
09:37:03.712 [DEBUG] [org.gradle.api.internal.artifacts.ivyservice.resolveengine.graph.DependencyGraphBuilder] Visiting dependency org.springframework:spring-beans:4.3.9.RELEASE(runtime) -> dependency: org.springframework:spring-core:4.3.9.RELEASE, scope: Compile, optional: false
09:37:03.712 [DEBUG] [org.gradle.api.internal.artifacts.ivyservice.resolveengine.graph.DependencyGraphBuilder] Visiting configuration org.springframework:spring-expression:4.3.9.RELEASE(runtime).
09:37:03.712 [DEBUG] [org.gradle.api.internal.artifacts.ivyservice.resolveengine.graph.DependencyGraphBuilder] Visiting dependency org.springframework:spring-expression:4.3.9.RELEASE(runtime) -> dependency: org.springframework:spring-core:4.3.9.RELEASE, scope: Compile, optional: false
09:37:03.712 [DEBUG] [org.gradle.api.internal.artifacts.ivyservice.resolveengine.graph.DependencyGraphBuilder] Visiting configuration org.codehaus.groovy:groovy:2.4.11(runtime).
09:37:03.712 [DEBUG] [org.gradle.api.internal.artifacts.ivyservice.resolveengine.graph.DependencyGraphBuilder] Changed edges for org.codehaus.groovy:groovy:2.4.11(runtime) selects same versions as previous traversal. ignoring
09:37:03.712 [DEBUG] [org.gradle.api.internal.artifacts.ivyservice.resolveengine.graph.DependencyGraphBuilder] Visiting configuration org.slf4j:slf4j-api:1.7.25(runtime).
09:37:03.712 [DEBUG] [org.gradle.api.internal.artifacts.ivyservice.resolveengine.graph.DependencyGraphBuilder] Changed edges for org.slf4j:slf4j-api:1.7.25(runtime) selects same versions as previous traversal. ignoring
09:37:03.712 [DEBUG] [org.gradle.api.internal.artifacts.ivyservice.resolveengine.graph.DependencyGraphBuilder] Visiting configuration org.slf4j:jcl-over-slf4j:1.7.25(runtime).
09:37:03.712 [DEBUG] [org.gradle.api.internal.artifacts.ivyservice.resolveengine.graph.DependencyGraphBuilder] Changed edges for org.slf4j:jcl-over-slf4j:1.7.25(runtime) selects same versions as previous traversal. ignoring
09:37:03.712 [DEBUG] [org.gradle.api.internal.artifacts.ivyservice.resolveengine.graph.DependencyGraphBuilder] Visiting configuration org.codehaus.groovy:groovy-xml:2.4.11(runtime).
09:37:03.713 [DEBUG] [org.gradle.api.internal.artifacts.ivyservice.resolveengine.graph.DependencyGraphBuilder] Visiting dependency org.codehaus.groovy:groovy-xml:2.4.11(runtime) -> dependency: org.codehaus.groovy:groovy:2.4.11, scope: Compile, optional: false
09:37:03.713 [DEBUG] [org.gradle.api.internal.artifacts.ivyservice.resolveengine.graph.DependencyGraphBuilder] Visiting configuration org.yaml:snakeyaml:1.17(runtime).
09:37:03.713 [DEBUG] [org.gradle.api.internal.artifacts.ivyservice.resolveengine.graph.DependencyGraphBuilder] Visiting configuration com.googlecode.concurrentlinkedhashmap:concurrentlinkedhashmap-lru:1.4.2(runtime).
09:37:03.713 [DEBUG] [org.gradle.api.internal.artifacts.ivyservice.resolveengine.graph.DependencyGraphBuilder] Visiting configuration org.springframework:spring-tx:4.3.9.RELEASE(runtime).
09:37:03.713 [DEBUG] [org.gradle.api.internal.artifacts.ivyservice.resolveengine.graph.DependencyGraphBuilder] Changed edges for org.springframework:spring-tx:4.3.9.RELEASE(runtime) selects same versions as previous traversal. ignoring
09:37:03.713 [DEBUG] [org.gradle.api.internal.artifacts.ivyservice.resolveengine.graph.DependencyGraphBuilder] Visiting configuration org.springframework:spring-context:4.3.9.RELEASE(runtime).
09:37:03.713 [DEBUG] [org.gradle.api.internal.artifacts.ivyservice.resolveengine.graph.DependencyGraphBuilder] Changed edges for org.springframework:spring-context:4.3.9.RELEASE(runtime) selects same versions as previous traversal. ignoring
09:37:03.713 [DEBUG] [org.gradle.api.internal.artifacts.ivyservice.resolveengine.graph.DependencyGraphBuilder] Visiting configuration org.hibernate.javax.persistence:hibernate-jpa-2.1-api:1.0.0.Final(runtime).
09:37:03.713 [DEBUG] [org.gradle.api.internal.artifacts.ivyservice.resolveengine.graph.DependencyGraphBuilder] Changed edges for org.hibernate.javax.persistence:hibernate-jpa-2.1-api:1.0.0.Final(runtime) selects same versions as previous traversal. ignoring
09:37:03.713 [DEBUG] [org.gradle.api.internal.artifacts.ivyservice.resolveengine.graph.DependencyGraphBuilder] Visiting configuration org.javassist:javassist:3.21.0-GA(runtime).
09:37:03.713 [DEBUG] [org.gradle.api.internal.artifacts.ivyservice.resolveengine.graph.DependencyGraphBuilder] Visiting configuration javax.transaction:jta:1.1(runtime).
09:37:03.713 [DEBUG] [org.gradle.api.internal.artifacts.ivyservice.resolveengine.graph.DependencyGraphBuilder] Visiting configuration org.springframework:spring-core:4.3.9.RELEASE(runtime).
09:37:03.713 [DEBUG] [org.gradle.api.internal.artifacts.ivyservice.resolveengine.graph.DependencyGraphBuilder] Changed edges for org.springframework:spring-core:4.3.9.RELEASE(runtime) selects same versions as previous traversal. ignoring
09:37:03.713 [DEBUG] [org.gradle.api.internal.artifacts.ivyservice.resolveengine.graph.DependencyGraphBuilder] Visiting configuration org.codehaus.groovy:groovy:2.4.11(runtime).
09:37:03.713 [DEBUG] [org.gradle.api.internal.artifacts.ivyservice.resolveengine.graph.DependencyGraphBuilder] Changed edges for org.codehaus.groovy:groovy:2.4.11(runtime) selects same versions as previous traversal. ignoring
09:37:03.714 [DEBUG] [org.gradle.api.internal.artifacts.ivyservice.resolveengine.oldresult.TransientConfigurationResultsBuilder] Flushing resolved configuration data in Binary store in /private/var/folders/lg/10pd_zzs6lbgkq_mxt9hnq_40000gp/T/gradle4923067349366106501.bin. Wrote root 2.
09:37:03.715 [DEBUG] [org.gradle.api.internal.artifacts.ivyservice.ivyresolve.CachingModuleComponentRepository] Found artifact 'grails-console.jar (org.grails:grails-console:3.3.0)' in resolver cache: /Users/michaelmennis/.gradle/caches/modules-2/files-2.1/org.grails/grails-console/3.3.0/f089b8a623dfa2d7c0c9630662a1e26a1b8de490/grails-console-3.3.0.jar
09:37:03.717 [DEBUG] [org.gradle.api.internal.artifacts.ivyservice.ivyresolve.CachingModuleComponentRepository] Found artifact 'groovy-console.jar (org.codehaus.groovy:groovy-console:2.4.11)' in resolver cache: /Users/michaelmennis/.gradle/caches/modules-2/files-2.1/org.codehaus.groovy/groovy-console/2.4.11/680f47c198df6cd92bbc66b4543e47588686921f/groovy-console-2.4.11.jar
09:37:03.717 [DEBUG] [org.gradle.api.internal.artifacts.ivyservice.ivyresolve.CachingModuleComponentRepository] Found artifact 'groovy-groovysh.jar (org.codehaus.groovy:groovy-groovysh:2.4.11)' in resolver cache: /Users/michaelmennis/.gradle/caches/modules-2/files-2.1/org.codehaus.groovy/groovy-groovysh/2.4.11/76f72648e96ba021599b38fa645c966a0810ff88/groovy-groovysh-2.4.11.jar
09:37:03.717 [DEBUG] [org.gradle.api.internal.artifacts.repositories.resolver.DefaultExternalResourceArtifactResolver] Loading file:/Users/michaelmennis/.m2/repository/net/java/dev/jna/jna/4.2.2/jna-4.2.2.jar
09:37:03.717 [DEBUG] [org.gradle.api.internal.artifacts.ivyservice.ivyresolve.CachingModuleComponentRepository] Found artifact 'spring-test.jar (org.springframework:spring-test:4.3.9.RELEASE)' in resolver cache: /Users/michaelmennis/.gradle/caches/modules-2/files-2.1/org.springframework/spring-test/4.3.9.RELEASE/35bf4c38c9245f5baeeda4bea7c41f4f33c5daf3/spring-test-4.3.9.RELEASE.jar
09:37:03.717 [DEBUG] [org.gradle.api.internal.artifacts.ivyservice.ivyresolve.CachingModuleComponentRepository] Found artifact 'groovy-swing.jar (org.codehaus.groovy:groovy-swing:2.4.11)' in resolver cache: /Users/michaelmennis/.gradle/caches/modules-2/files-2.1/org.codehaus.groovy/groovy-swing/2.4.11/2c68ee73b66b4b16d0d290be778e3ae1c2647566/groovy-swing-2.4.11.jar
09:37:03.721 [INFO] [org.gradle.internal.buildevents.BuildLogger] All projects evaluated.
09:37:03.730 [DEBUG] [org.gradle.internal.operations.DefaultBuildOperationWorkerRegistry] Using 4 worker leases.
09:37:03.730 [DEBUG] [org.gradle.model.internal.registry.DefaultModelRegistry] Project : - Transitioning model element 'tasks' from state Created to SelfClosed
09:37:03.730 [DEBUG] [org.gradle.model.internal.registry.DefaultModelRegistry] Project : - Transitioning model element 'tasks' to state DefaultsApplied.
09:37:03.730 [DEBUG] [org.gradle.model.internal.registry.DefaultModelRegistry] Project : - Transitioning model element 'tasks' to state Initialized.
09:37:03.731 [DEBUG] [org.gradle.model.internal.registry.DefaultModelRegistry] Project : - Running model element 'binaries' rule action BinaryBasePlugin.Rules#binaries(BinaryContainer)
09:37:03.731 [DEBUG] [org.gradle.model.internal.registry.DefaultModelRegistry] Project : - Mutating binaries using BinaryBasePlugin.Rules#binaries(BinaryContainer)
09:37:03.731 [DEBUG] [org.gradle.model.internal.registry.DefaultModelRegistry] Project : - Transitioning model element 'binaries' to state Discovered.
09:37:03.731 [DEBUG] [org.gradle.model.internal.registry.DefaultModelRegistry] Project : - Running model element 'bridgedBinaries' rule action JavaBasePlugin.apply()
09:37:03.731 [DEBUG] [org.gradle.model.internal.registry.DefaultModelRegistry] Project : - Mutating bridgedBinaries using JavaBasePlugin.apply()
09:37:03.731 [DEBUG] [org.gradle.model.internal.registry.DefaultModelRegistry] Project : - Transitioning model element 'bridgedBinaries' to state Discovered.
09:37:03.731 [DEBUG] [org.gradle.model.internal.registry.DefaultModelRegistry] Project : - Running model element 'buildDir' rule action Project.<init>.buildDir()
09:37:03.731 [DEBUG] [org.gradle.model.internal.registry.DefaultModelRegistry] Project : - Mutating buildDir using Project.<init>.buildDir()
09:37:03.731 [DEBUG] [org.gradle.model.internal.registry.DefaultModelRegistry] Project : - Transitioning model element 'buildDir' to state Discovered.
09:37:03.731 [DEBUG] [org.gradle.model.internal.registry.DefaultModelRegistry] Project : - Running model element 'componentSpecFactory' rule action ComponentBasePlugin.PluginRules#componentSpecFactory(ProjectIdentifier, Instantiator, ITaskFactory, SourceDirectorySetFactory)
09:37:03.731 [DEBUG] [org.gradle.model.internal.registry.DefaultModelRegistry] Project : - Mutating componentSpecFactory using ComponentBasePlugin.PluginRules#componentSpecFactory(ProjectIdentifier, Instantiator, ITaskFactory, SourceDirectorySetFactory)
09:37:03.731 [DEBUG] [org.gradle.model.internal.registry.DefaultModelRegistry] Project : - Transitioning model element 'componentSpecFactory' to state Discovered.
09:37:03.731 [DEBUG] [org.gradle.model.internal.registry.DefaultModelRegistry] Project : - Running model element 'components' rule action ComponentBasePlugin.PluginRules#components(ComponentSpecContainer)
09:37:03.731 [DEBUG] [org.gradle.model.internal.registry.DefaultModelRegistry] Project : - Mutating components using ComponentBasePlugin.PluginRules#components(ComponentSpecContainer)
09:37:03.731 [DEBUG] [org.gradle.model.internal.registry.DefaultModelRegistry] Project : - Transitioning model element 'components' to state Discovered.
09:37:03.732 [DEBUG] [org.gradle.model.internal.registry.DefaultModelRegistry] Project : - Running model element 'extensionContainer' rule action Project.<init>.extensionContainer()
09:37:03.732 [DEBUG] [org.gradle.model.internal.registry.DefaultModelRegistry] Project : - Mutating extensionContainer using Project.<init>.extensionContainer()
09:37:03.732 [DEBUG] [org.gradle.model.internal.registry.DefaultModelRegistry] Project : - Transitioning model element 'extensionContainer' to state Discovered.
09:37:03.732 [DEBUG] [org.gradle.model.internal.registry.DefaultModelRegistry] Project : - Running model element 'fileOperations' rule action DefaultProject.BasicServicesRules#fileOperations(ServiceRegistry)
09:37:03.732 [DEBUG] [org.gradle.model.internal.registry.DefaultModelRegistry] Project : - Mutating fileOperations using DefaultProject.BasicServicesRules#fileOperations(ServiceRegistry)
09:37:03.732 [DEBUG] [org.gradle.model.internal.registry.DefaultModelRegistry] Project : - Transitioning model element 'fileOperations' to state Discovered.
09:37:03.732 [DEBUG] [org.gradle.model.internal.registry.DefaultModelRegistry] Project : - Running model element 'instantiator' rule action DefaultProject.BasicServicesRules#instantiator(ServiceRegistry)
09:37:03.732 [DEBUG] [org.gradle.model.internal.registry.DefaultModelRegistry] Project : - Mutating instantiator using DefaultProject.BasicServicesRules#instantiator(ServiceRegistry)
09:37:03.732 [DEBUG] [org.gradle.model.internal.registry.DefaultModelRegistry] Project : - Transitioning model element 'instantiator' to state Discovered.
09:37:03.732 [DEBUG] [org.gradle.model.internal.registry.DefaultModelRegistry] Project : - Running model element 'nodeInitializerRegistry' rule action DefaultProject.BasicServicesRules#nodeInitializerRegistry(ModelSchemaStore, StructBindingsStore)
09:37:03.732 [DEBUG] [org.gradle.model.internal.registry.DefaultModelRegistry] Project : - Mutating nodeInitializerRegistry using DefaultProject.BasicServicesRules#nodeInitializerRegistry(ModelSchemaStore, StructBindingsStore)
09:37:03.732 [DEBUG] [org.gradle.model.internal.registry.DefaultModelRegistry] Project : - Transitioning model element 'nodeInitializerRegistry' to state Discovered.
09:37:03.732 [DEBUG] [org.gradle.model.internal.registry.DefaultModelRegistry] Project : - Running model element 'projectIdentifier' rule action Project.<init>.projectIdentifier()
09:37:03.732 [DEBUG] [org.gradle.model.internal.registry.DefaultModelRegistry] Project : - Mutating projectIdentifier using Project.<init>.projectIdentifier()
09:37:03.732 [DEBUG] [org.gradle.model.internal.registry.DefaultModelRegistry] Project : - Transitioning model element 'projectIdentifier' to state Discovered.
09:37:03.732 [DEBUG] [org.gradle.model.internal.registry.DefaultModelRegistry] Project : - Running model element 'proxyFactory' rule action DefaultProject.BasicServicesRules#proxyFactory(ServiceRegistry)
09:37:03.732 [DEBUG] [org.gradle.model.internal.registry.DefaultModelRegistry] Project : - Mutating proxyFactory using DefaultProject.BasicServicesRules#proxyFactory(ServiceRegistry)
09:37:03.733 [DEBUG] [org.gradle.model.internal.registry.DefaultModelRegistry] Project : - Transitioning model element 'proxyFactory' to state Discovered.
09:37:03.733 [DEBUG] [org.gradle.model.internal.registry.DefaultModelRegistry] Project : - Running model element 'schemaStore' rule action DefaultProject.BasicServicesRules#schemaStore(ServiceRegistry)
09:37:03.733 [DEBUG] [org.gradle.model.internal.registry.DefaultModelRegistry] Project : - Mutating schemaStore using DefaultProject.BasicServicesRules#schemaStore(ServiceRegistry)
09:37:03.733 [DEBUG] [org.gradle.model.internal.registry.DefaultModelRegistry] Project : - Transitioning model element 'schemaStore' to state Discovered.
09:37:03.733 [DEBUG] [org.gradle.model.internal.registry.DefaultModelRegistry] Project : - Running model element 'serviceRegistry' rule action Project.<init>.serviceRegistry()
09:37:03.733 [DEBUG] [org.gradle.model.internal.registry.DefaultModelRegistry] Project : - Mutating serviceRegistry using Project.<init>.serviceRegistry()
09:37:03.733 [DEBUG] [org.gradle.model.internal.registry.DefaultModelRegistry] Project : - Transitioning model element 'serviceRegistry' to state Discovered.
09:37:03.733 [DEBUG] [org.gradle.model.internal.registry.DefaultModelRegistry] Project : - Running model element 'sourceDirectorySetFactory' rule action DefaultProject.BasicServicesRules#sourceDirectorySetFactory(ServiceRegistry)
09:37:03.733 [DEBUG] [org.gradle.model.internal.registry.DefaultModelRegistry] Project : - Mutating sourceDirectorySetFactory using DefaultProject.BasicServicesRules#sourceDirectorySetFactory(ServiceRegistry)
09:37:03.733 [DEBUG] [org.gradle.model.internal.registry.DefaultModelRegistry] Project : - Transitioning model element 'sourceDirectorySetFactory' to state Discovered.
09:37:03.733 [DEBUG] [org.gradle.model.internal.registry.DefaultModelRegistry] Project : - Running model element 'sources' rule action LanguageBasePlugin.Rules#sources(Instantiator)
09:37:03.733 [DEBUG] [org.gradle.model.internal.registry.DefaultModelRegistry] Project : - Mutating sources using LanguageBasePlugin.Rules#sources(Instantiator)
09:37:03.733 [DEBUG] [org.gradle.model.internal.registry.DefaultModelRegistry] Project : - Transitioning model element 'sources' to state Discovered.
09:37:03.733 [DEBUG] [org.gradle.model.internal.registry.DefaultModelRegistry] Project : - Running model element 'structBindingsStore' rule action DefaultProject.BasicServicesRules#structBindingsStore(ServiceRegistry)
09:37:03.733 [DEBUG] [org.gradle.model.internal.registry.DefaultModelRegistry] Project : - Mutating structBindingsStore using DefaultProject.BasicServicesRules#structBindingsStore(ServiceRegistry)
09:37:03.733 [DEBUG] [org.gradle.model.internal.registry.DefaultModelRegistry] Project : - Transitioning model element 'structBindingsStore' to state Discovered.
09:37:03.733 [DEBUG] [org.gradle.model.internal.registry.DefaultModelRegistry] Project : - Running model element 'taskFactory' rule action DefaultProject.BasicServicesRules#taskFactory(ServiceRegistry)
09:37:03.733 [DEBUG] [org.gradle.model.internal.registry.DefaultModelRegistry] Project : - Mutating taskFactory using DefaultProject.BasicServicesRules#taskFactory(ServiceRegistry)
09:37:03.733 [DEBUG] [org.gradle.model.internal.registry.DefaultModelRegistry] Project : - Transitioning model element 'taskFactory' to state Discovered.
09:37:03.733 [DEBUG] [org.gradle.model.internal.registry.DefaultModelRegistry] Project : - Running model element 'typeConverter' rule action DefaultProject.BasicServicesRules#typeConverter(ServiceRegistry)
09:37:03.734 [DEBUG] [org.gradle.model.internal.registry.DefaultModelRegistry] Project : - Mutating typeConverter using DefaultProject.BasicServicesRules#typeConverter(ServiceRegistry)
09:37:03.734 [DEBUG] [org.gradle.model.internal.registry.DefaultModelRegistry] Project : - Transitioning model element 'typeConverter' to state Discovered.
09:37:03.734 [DEBUG] [org.gradle.model.internal.registry.DefaultModelRegistry] Project : - Running model element 'serviceRegistry' rule action Project.<init>.serviceRegistry()
09:37:03.734 [DEBUG] [org.gradle.model.internal.registry.DefaultModelRegistry] Project : - Mutating serviceRegistry using Project.<init>.serviceRegistry()
09:37:03.734 [DEBUG] [org.gradle.model.internal.registry.DefaultModelRegistry] Project : - Transitioning model element 'serviceRegistry' to state Created.
09:37:03.734 [DEBUG] [org.gradle.model.internal.registry.DefaultModelRegistry] Project : - Transitioning model element 'serviceRegistry' to state DefaultsApplied.
09:37:03.734 [DEBUG] [org.gradle.model.internal.registry.DefaultModelRegistry] Project : - Transitioning model element 'serviceRegistry' to state Initialized.
09:37:03.734 [DEBUG] [org.gradle.model.internal.registry.DefaultModelRegistry] Project : - Transitioning model element 'serviceRegistry' to state Mutated.
09:37:03.734 [DEBUG] [org.gradle.model.internal.registry.DefaultModelRegistry] Project : - Transitioning model element 'serviceRegistry' to state Finalized.
09:37:03.734 [DEBUG] [org.gradle.model.internal.registry.DefaultModelRegistry] Project : - Transitioning model element 'serviceRegistry' to state SelfClosed.
09:37:03.734 [DEBUG] [org.gradle.model.internal.registry.DefaultModelRegistry] Project : - Transitioning model element 'serviceRegistry' to state GraphClosed.
09:37:03.734 [DEBUG] [org.gradle.model.internal.registry.DefaultModelRegistry] Project : - Running model element 'schemaStore' rule action DefaultProject.BasicServicesRules#schemaStore(ServiceRegistry)
09:37:03.734 [DEBUG] [org.gradle.model.internal.registry.DefaultModelRegistry] Project : - Mutating schemaStore using DefaultProject.BasicServicesRules#schemaStore(ServiceRegistry)
09:37:03.734 [DEBUG] [org.gradle.model.internal.registry.DefaultModelRegistry] Project : - Transitioning model element 'schemaStore' to state Created.
09:37:03.734 [DEBUG] [org.gradle.model.internal.registry.DefaultModelRegistry] Project : - Transitioning model element 'schemaStore' to state DefaultsApplied.
09:37:03.734 [DEBUG] [org.gradle.model.internal.registry.DefaultModelRegistry] Project : - Transitioning model element 'schemaStore' to state Initialized.
09:37:03.734 [DEBUG] [org.gradle.model.internal.registry.DefaultModelRegistry] Project : - Transitioning model element 'schemaStore' to state Mutated.
09:37:03.734 [DEBUG] [org.gradle.model.internal.registry.DefaultModelRegistry] Project : - Transitioning model element 'schemaStore' to state Finalized.
09:37:03.734 [DEBUG] [org.gradle.model.internal.registry.DefaultModelRegistry] Project : - Transitioning model element 'schemaStore' to state SelfClosed.
09:37:03.734 [DEBUG] [org.gradle.model.internal.registry.DefaultModelRegistry] Project : - Transitioning model element 'schemaStore' to state GraphClosed.
09:37:03.734 [DEBUG] [org.gradle.model.internal.registry.DefaultModelRegistry] Project : - Running model element 'structBindingsStore' rule action DefaultProject.BasicServicesRules#structBindingsStore(ServiceRegistry)
09:37:03.735 [DEBUG] [org.gradle.model.internal.registry.DefaultModelRegistry] Project : - Mutating structBindingsStore using DefaultProject.BasicServicesRules#structBindingsStore(ServiceRegistry)
09:37:03.735 [DEBUG] [org.gradle.model.internal.registry.DefaultModelRegistry] Project : - Transitioning model element 'structBindingsStore' to state Created.
09:37:03.735 [DEBUG] [org.gradle.model.internal.registry.DefaultModelRegistry] Project : - Transitioning model element 'structBindingsStore' to state DefaultsApplied.
09:37:03.735 [DEBUG] [org.gradle.model.internal.registry.DefaultModelRegistry] Project : - Transitioning model element 'structBindingsStore' to state Initialized.
09:37:03.735 [DEBUG] [org.gradle.model.internal.registry.DefaultModelRegistry] Project : - Transitioning model element 'structBindingsStore' to state Mutated.
09:37:03.735 [DEBUG] [org.gradle.model.internal.registry.DefaultModelRegistry] Project : - Transitioning model element 'structBindingsStore' to state Finalized.
09:37:03.735 [DEBUG] [org.gradle.model.internal.registry.DefaultModelRegistry] Project : - Transitioning model element 'structBindingsStore' to state SelfClosed.
09:37:03.735 [DEBUG] [org.gradle.model.internal.registry.DefaultModelRegistry] Project : - Transitioning model element 'structBindingsStore' to state GraphClosed.
09:37:03.735 [DEBUG] [org.gradle.model.internal.registry.DefaultModelRegistry] Project : - Running model element 'nodeInitializerRegistry' rule action DefaultProject.BasicServicesRules#nodeInitializerRegistry(ModelSchemaStore, StructBindingsStore)
09:37:03.735 [DEBUG] [org.gradle.model.internal.registry.DefaultModelRegistry] Project : - Mutating nodeInitializerRegistry using DefaultProject.BasicServicesRules#nodeInitializerRegistry(ModelSchemaStore, StructBindingsStore)
09:37:03.735 [DEBUG] [org.gradle.model.internal.registry.DefaultModelRegistry] Project : - Transitioning model element 'nodeInitializerRegistry' to state Created.
09:37:03.735 [DEBUG] [org.gradle.model.internal.registry.DefaultModelRegistry] Project : - Transitioning model element 'nodeInitializerRegistry' to state DefaultsApplied.
09:37:03.735 [DEBUG] [org.gradle.model.internal.registry.DefaultModelRegistry] Project : - Transitioning model element 'nodeInitializerRegistry' to state Initialized.
09:37:03.735 [DEBUG] [org.gradle.model.internal.registry.DefaultModelRegistry] Project : - Running model element 'projectIdentifier' rule action Project.<init>.projectIdentifier()
09:37:03.735 [DEBUG] [org.gradle.model.internal.registry.DefaultModelRegistry] Project : - Mutating projectIdentifier using Project.<init>.projectIdentifier()
09:37:03.735 [DEBUG] [org.gradle.model.internal.registry.DefaultModelRegistry] Project : - Transitioning model element 'projectIdentifier' to state Created.
09:37:03.736 [DEBUG] [org.gradle.model.internal.registry.DefaultModelRegistry] Project : - Transitioning model element 'projectIdentifier' to state DefaultsApplied.
09:37:03.736 [DEBUG] [org.gradle.model.internal.registry.DefaultModelRegistry] Project : - Transitioning model element 'projectIdentifier' to state Initialized.
09:37:03.736 [DEBUG] [org.gradle.model.internal.registry.DefaultModelRegistry] Project : - Transitioning model element 'projectIdentifier' to state Mutated.
09:37:03.736 [DEBUG] [org.gradle.model.internal.registry.DefaultModelRegistry] Project : - Transitioning model element 'projectIdentifier' to state Finalized.
09:37:03.736 [DEBUG] [org.gradle.model.internal.registry.DefaultModelRegistry] Project : - Transitioning model element 'projectIdentifier' to state SelfClosed.
09:37:03.736 [DEBUG] [org.gradle.model.internal.registry.DefaultModelRegistry] Project : - Transitioning model element 'projectIdentifier' to state GraphClosed.
09:37:03.736 [DEBUG] [org.gradle.model.internal.registry.DefaultModelRegistry] Project : - Running model element 'instantiator' rule action DefaultProject.BasicServicesRules#instantiator(ServiceRegistry)
09:37:03.736 [DEBUG] [org.gradle.model.internal.registry.DefaultModelRegistry] Project : - Mutating instantiator using DefaultProject.BasicServicesRules#instantiator(ServiceRegistry)
09:37:03.736 [DEBUG] [org.gradle.model.internal.registry.DefaultModelRegistry] Project : - Transitioning model element 'instantiator' to state Created.
09:37:03.736 [DEBUG] [org.gradle.model.internal.registry.DefaultModelRegistry] Project : - Transitioning model element 'instantiator' to state DefaultsApplied.
09:37:03.736 [DEBUG] [org.gradle.model.internal.registry.DefaultModelRegistry] Project : - Transitioning model element 'instantiator' to state Initialized.
09:37:03.736 [DEBUG] [org.gradle.model.internal.registry.DefaultModelRegistry] Project : - Transitioning model element 'instantiator' to state Mutated.
09:37:03.736 [DEBUG] [org.gradle.model.internal.registry.DefaultModelRegistry] Project : - Transitioning model element 'instantiator' to state Finalized.
09:37:03.736 [DEBUG] [org.gradle.model.internal.registry.DefaultModelRegistry] Project : - Transitioning model element 'instantiator' to state SelfClosed.
09:37:03.736 [DEBUG] [org.gradle.model.internal.registry.DefaultModelRegistry] Project : - Transitioning model element 'instantiator' to state GraphClosed.
09:37:03.736 [DEBUG] [org.gradle.model.internal.registry.DefaultModelRegistry] Project : - Running model element 'taskFactory' rule action DefaultProject.BasicServicesRules#taskFactory(ServiceRegistry)
09:37:03.736 [DEBUG] [org.gradle.model.internal.registry.DefaultModelRegistry] Project : - Mutating taskFactory using DefaultProject.BasicServicesRules#taskFactory(ServiceRegistry)
09:37:03.737 [DEBUG] [org.gradle.model.internal.registry.DefaultModelRegistry] Project : - Transitioning model element 'taskFactory' to state Created.
09:37:03.737 [DEBUG] [org.gradle.model.internal.registry.DefaultModelRegistry] Project : - Transitioning model element 'taskFactory' to state DefaultsApplied.
09:37:03.737 [DEBUG] [org.gradle.model.internal.registry.DefaultModelRegistry] Project : - Transitioning model element 'taskFactory' to state Initialized.
09:37:03.737 [DEBUG] [org.gradle.model.internal.registry.DefaultModelRegistry] Project : - Transitioning model element 'taskFactory' to state Mutated.
09:37:03.737 [DEBUG] [org.gradle.model.internal.registry.DefaultModelRegistry] Project : - Transitioning model element 'taskFactory' to state Finalized.
09:37:03.737 [DEBUG] [org.gradle.model.internal.registry.DefaultModelRegistry] Project : - Transitioning model element 'taskFactory' to state SelfClosed.
09:37:03.737 [DEBUG] [org.gradle.model.internal.registry.DefaultModelRegistry] Project : - Transitioning model element 'taskFactory' to state GraphClosed.
09:37:03.737 [DEBUG] [org.gradle.model.internal.registry.DefaultModelRegistry] Project : - Running model element 'sourceDirectorySetFactory' rule action DefaultProject.BasicServicesRules#sourceDirectorySetFactory(ServiceRegistry)
09:37:03.737 [DEBUG] [org.gradle.model.internal.registry.DefaultModelRegistry] Project : - Mutating sourceDirectorySetFactory using DefaultProject.BasicServicesRules#sourceDirectorySetFactory(ServiceRegistry)
09:37:03.737 [DEBUG] [org.gradle.model.internal.registry.DefaultModelRegistry] Project : - Transitioning model element 'sourceDirectorySetFactory' to state Created.
09:37:03.737 [DEBUG] [org.gradle.model.internal.registry.DefaultModelRegistry] Project : - Transitioning model element 'sourceDirectorySetFactory' to state DefaultsApplied.
09:37:03.737 [DEBUG] [org.gradle.model.internal.registry.DefaultModelRegistry] Project : - Transitioning model element 'sourceDirectorySetFactory' to state Initialized.
09:37:03.737 [DEBUG] [org.gradle.model.internal.registry.DefaultModelRegistry] Project : - Transitioning model element 'sourceDirectorySetFactory' to state Mutated.
09:37:03.737 [DEBUG] [org.gradle.model.internal.registry.DefaultModelRegistry] Project : - Transitioning model element 'sourceDirectorySetFactory' to state Finalized.
09:37:03.737 [DEBUG] [org.gradle.model.internal.registry.DefaultModelRegistry] Project : - Transitioning model element 'sourceDirectorySetFactory' to state SelfClosed.
09:37:03.737 [DEBUG] [org.gradle.model.internal.registry.DefaultModelRegistry] Project : - Transitioning model element 'sourceDirectorySetFactory' to state GraphClosed.
09:37:03.737 [DEBUG] [org.gradle.model.internal.registry.DefaultModelRegistry] Project : - Running model element 'componentSpecFactory' rule action ComponentBasePlugin.PluginRules#componentSpecFactory(ProjectIdentifier, Instantiator, ITaskFactory, SourceDirectorySetFactory)
09:37:03.737 [DEBUG] [org.gradle.model.internal.registry.DefaultModelRegistry] Project : - Mutating componentSpecFactory using ComponentBasePlugin.PluginRules#componentSpecFactory(ProjectIdentifier, Instantiator, ITaskFactory, SourceDirectorySetFactory)
09:37:03.737 [DEBUG] [org.gradle.model.internal.registry.DefaultModelRegistry] Project : - Transitioning model element 'componentSpecFactory' to state Created.
09:37:03.737 [DEBUG] [org.gradle.model.internal.registry.DefaultModelRegistry] Project : - Transitioning model element 'componentSpecFactory' to state DefaultsApplied.
09:37:03.738 [DEBUG] [org.gradle.model.internal.registry.DefaultModelRegistry] Project : - Transitioning model element 'componentSpecFactory' to state Initialized.
09:37:03.738 [DEBUG] [org.gradle.model.internal.registry.DefaultModelRegistry] Project : - Running model element 'componentSpecFactory' rule action ComponentBasePlugin.PluginRules#registerComponentSpec(TypeBuilder<ComponentSpec>)
09:37:03.738 [DEBUG] [org.gradle.model.internal.registry.DefaultModelRegistry] Project : - Mutating componentSpecFactory using ComponentBasePlugin.PluginRules#registerComponentSpec(TypeBuilder<ComponentSpec>)
09:37:03.738 [DEBUG] [org.gradle.model.internal.registry.DefaultModelRegistry] Project : - Running model element 'componentSpecFactory' rule action LanguageBasePlugin.Rules#registerBaseLanguageSourceSet(TypeBuilder<LanguageSourceSet>)
09:37:03.738 [DEBUG] [org.gradle.model.internal.registry.DefaultModelRegistry] Project : - Mutating componentSpecFactory using LanguageBasePlugin.Rules#registerBaseLanguageSourceSet(TypeBuilder<LanguageSourceSet>)
09:37:03.738 [DEBUG] [org.gradle.model.internal.registry.DefaultModelRegistry] Project : - Running model element 'componentSpecFactory' rule action BinaryBasePlugin.Rules#registerBaseBinarySpec(TypeBuilder<BinarySpec>)
09:37:03.738 [DEBUG] [org.gradle.model.internal.registry.DefaultModelRegistry] Project : - Mutating componentSpecFactory using BinaryBasePlugin.Rules#registerBaseBinarySpec(TypeBuilder<BinarySpec>)
09:37:03.738 [DEBUG] [org.gradle.model.internal.registry.DefaultModelRegistry] Project : - Transitioning model element 'componentSpecFactory' to state Mutated.
09:37:03.738 [DEBUG] [org.gradle.model.internal.registry.DefaultModelRegistry] Project : - Transitioning model element 'componentSpecFactory' to state Finalized.
09:37:03.738 [DEBUG] [org.gradle.model.internal.registry.DefaultModelRegistry] Project : - Running model element 'componentSpecFactory' rule action ComponentBasePlugin.PluginRules#validateComponentSpecRegistrations(ComponentSpecFactory)
09:37:03.738 [DEBUG] [org.gradle.model.internal.registry.DefaultModelRegistry] Project : - Mutating componentSpecFactory using ComponentBasePlugin.PluginRules#validateComponentSpecRegistrations(ComponentSpecFactory)
09:37:03.738 [DEBUG] [org.gradle.model.internal.registry.DefaultModelRegistry] Project : - Transitioning model element 'componentSpecFactory' to state SelfClosed.
09:37:03.738 [DEBUG] [org.gradle.model.internal.registry.DefaultModelRegistry] Project : - Transitioning model element 'componentSpecFactory' to state GraphClosed.
09:37:03.738 [DEBUG] [org.gradle.model.internal.registry.DefaultModelRegistry] Project : - Running model element 'nodeInitializerRegistry' rule action ComponentBasePlugin.PluginRules#registerNodeInitializerExtractors(NodeInitializerRegistry, ComponentSpecFactory, StructBindingsStore)
09:37:03.738 [DEBUG] [org.gradle.model.internal.registry.DefaultModelRegistry] Project : - Mutating nodeInitializerRegistry using ComponentBasePlugin.PluginRules#registerNodeInitializerExtractors(NodeInitializerRegistry, ComponentSpecFactory, StructBindingsStore)
09:37:03.738 [DEBUG] [org.gradle.model.internal.registry.DefaultModelRegistry] Project : - Transitioning model element 'nodeInitializerRegistry' to state Mutated.
09:37:03.738 [DEBUG] [org.gradle.model.internal.registry.DefaultModelRegistry] Project : - Transitioning model element 'nodeInitializerRegistry' to state Finalized.
09:37:03.738 [DEBUG] [org.gradle.model.internal.registry.DefaultModelRegistry] Project : - Transitioning model element 'nodeInitializerRegistry' to state SelfClosed.
09:37:03.738 [DEBUG] [org.gradle.model.internal.registry.DefaultModelRegistry] Project : - Transitioning model element 'nodeInitializerRegistry' to state GraphClosed.
09:37:03.738 [DEBUG] [org.gradle.model.internal.registry.DefaultModelRegistry] Project : - Running model element 'binaries' rule action BinaryBasePlugin.Rules#binaries(BinaryContainer)
09:37:03.739 [DEBUG] [org.gradle.model.internal.registry.DefaultModelRegistry] Project : - Mutating binaries using BinaryBasePlugin.Rules#binaries(BinaryContainer)
09:37:03.739 [DEBUG] [org.gradle.model.internal.registry.DefaultModelRegistry] Project : - Transitioning model element 'binaries' to state Created.
09:37:03.739 [DEBUG] [org.gradle.model.internal.registry.DefaultModelRegistry] Project : - Transitioning model element 'binaries' to state DefaultsApplied.
09:37:03.739 [DEBUG] [org.gradle.model.internal.registry.DefaultModelRegistry] Project : - Running model element 'binaries' rule action BinaryBasePlugin.Rules#binaries(BinaryContainer)
09:37:03.739 [DEBUG] [org.gradle.model.internal.registry.DefaultModelRegistry] Project : - Mutating binaries using BinaryBasePlugin.Rules#binaries(BinaryContainer)
09:37:03.739 [DEBUG] [org.gradle.model.internal.registry.DefaultModelRegistry] Project : - Transitioning model element 'binaries' to state Initialized.
09:37:03.739 [DEBUG] [org.gradle.model.internal.registry.DefaultModelRegistry] Project : - Running model element 'bridgedBinaries' rule action JavaBasePlugin.apply()
09:37:03.739 [DEBUG] [org.gradle.model.internal.registry.DefaultModelRegistry] Project : - Mutating bridgedBinaries using JavaBasePlugin.apply()
09:37:03.739 [DEBUG] [org.gradle.model.internal.registry.DefaultModelRegistry] Project : - Transitioning model element 'bridgedBinaries' to state Created.
09:37:03.739 [DEBUG] [org.gradle.model.internal.registry.DefaultModelRegistry] Project : - Transitioning model element 'bridgedBinaries' to state DefaultsApplied.
09:37:03.739 [DEBUG] [org.gradle.model.internal.registry.DefaultModelRegistry] Project : - Transitioning model element 'bridgedBinaries' to state Initialized.
09:37:03.739 [DEBUG] [org.gradle.model.internal.registry.DefaultModelRegistry] Project : - Transitioning model element 'bridgedBinaries' to state Mutated.
09:37:03.739 [DEBUG] [org.gradle.model.internal.registry.DefaultModelRegistry] Project : - Transitioning model element 'bridgedBinaries' to state Finalized.
09:37:03.739 [DEBUG] [org.gradle.model.internal.registry.DefaultModelRegistry] Project : - Transitioning model element 'bridgedBinaries' to state SelfClosed.
09:37:03.740 [DEBUG] [org.gradle.model.internal.registry.DefaultModelRegistry] Project : - Transitioning model element 'bridgedBinaries' to state GraphClosed.
09:37:03.740 [DEBUG] [org.gradle.model.internal.registry.DefaultModelRegistry] Project : - Running model element 'binaries' rule action JavaBasePlugin.Rules#attachBridgedBinaries(BinaryContainer, JavaBasePlugin.BridgedBinaries)
09:37:03.740 [DEBUG] [org.gradle.model.internal.registry.DefaultModelRegistry] Project : - Mutating binaries using JavaBasePlugin.Rules#attachBridgedBinaries(BinaryContainer, JavaBasePlugin.BridgedBinaries)
09:37:03.740 [DEBUG] [org.gradle.model.internal.registry.DefaultModelRegistry] Project : - Registering model element 'binaries.main' (hidden = false)
09:37:03.740 [DEBUG] [org.gradle.model.internal.registry.DefaultModelRegistry] Project : - Registering model element 'binaries.test' (hidden = false)
09:37:03.740 [DEBUG] [org.gradle.model.internal.registry.DefaultModelRegistry] Project : - Registering model element 'binaries.integrationTest' (hidden = false)
09:37:03.740 [DEBUG] [org.gradle.model.internal.registry.DefaultModelRegistry] Project : - Transitioning model element 'binaries' to state Mutated.
09:37:03.740 [DEBUG] [org.gradle.model.internal.registry.DefaultModelRegistry] Project : - Transitioning model element 'binaries' to state Finalized.
09:37:03.740 [DEBUG] [org.gradle.model.internal.registry.DefaultModelRegistry] Project : - Transitioning model element 'binaries' to state SelfClosed.
09:37:03.740 [DEBUG] [org.gradle.model.internal.registry.DefaultModelRegistry] Project : - Running model element 'binaries.integrationTest' rule action JavaBasePlugin.Rules#attachBridgedBinaries(BinaryContainer, JavaBasePlugin.BridgedBinaries) > put()
09:37:03.740 [DEBUG] [org.gradle.model.internal.registry.DefaultModelRegistry] Project : - Mutating binaries.integrationTest using JavaBasePlugin.Rules#attachBridgedBinaries(BinaryContainer, JavaBasePlugin.BridgedBinaries) > put()
09:37:03.740 [DEBUG] [org.gradle.model.internal.registry.DefaultModelRegistry] Project : - Transitioning model element 'binaries.integrationTest' to state Discovered.
09:37:03.740 [DEBUG] [org.gradle.model.internal.registry.DefaultModelRegistry] Project : - Running model element 'binaries.integrationTest' rule action JavaBasePlugin.Rules#attachBridgedBinaries(BinaryContainer, JavaBasePlugin.BridgedBinaries) > put()
09:37:03.740 [DEBUG] [org.gradle.model.internal.registry.DefaultModelRegistry] Project : - Mutating binaries.integrationTest using JavaBasePlugin.Rules#attachBridgedBinaries(BinaryContainer, JavaBasePlugin.BridgedBinaries) > put()
09:37:03.740 [DEBUG] [org.gradle.model.internal.registry.DefaultModelRegistry] Project : - Transitioning model element 'binaries.integrationTest' to state Created.
09:37:03.740 [DEBUG] [org.gradle.model.internal.registry.DefaultModelRegistry] Project : - Transitioning model element 'binaries.integrationTest' to state DefaultsApplied.
09:37:03.740 [DEBUG] [org.gradle.model.internal.registry.DefaultModelRegistry] Project : - Transitioning model element 'binaries.integrationTest' to state Initialized.
09:37:03.740 [DEBUG] [org.gradle.model.internal.registry.DefaultModelRegistry] Project : - Transitioning model element 'binaries.integrationTest' to state Mutated.
09:37:03.741 [DEBUG] [org.gradle.model.internal.registry.DefaultModelRegistry] Project : - Running model element 'binaries.integrationTest' rule action BinaryBasePlugin.Rules#defineBuildLifecycleTask(BinarySpecInternal, ITaskFactory)
09:37:03.741 [DEBUG] [org.gradle.model.internal.registry.DefaultModelRegistry] Project : - Mutating binaries.integrationTest using BinaryBasePlugin.Rules#defineBuildLifecycleTask(BinarySpecInternal, ITaskFactory)
09:37:03.741 [DEBUG] [org.gradle.model.internal.registry.DefaultModelRegistry] Project : - Running model element 'binaries.integrationTest' rule action BinaryBasePlugin.Rules#addSourceSetsOwnedByBinariesToTheirInputs(BinarySpecInternal)
09:37:03.741 [DEBUG] [org.gradle.model.internal.registry.DefaultModelRegistry] Project : - Mutating binaries.integrationTest using BinaryBasePlugin.Rules#addSourceSetsOwnedByBinariesToTheirInputs(BinarySpecInternal)
09:37:03.741 [DEBUG] [org.gradle.model.internal.registry.DefaultModelRegistry] Project : - Transitioning model element 'binaries.integrationTest' to state Finalized.
09:37:03.742 [DEBUG] [org.gradle.model.internal.registry.DefaultModelRegistry] Project : - Transitioning model element 'binaries.integrationTest' to state SelfClosed.
09:37:03.742 [DEBUG] [org.gradle.model.internal.registry.DefaultModelRegistry] Project : - Transitioning model element 'binaries.integrationTest' to state GraphClosed.
09:37:03.742 [DEBUG] [org.gradle.model.internal.registry.DefaultModelRegistry] Project : - Running model element 'binaries.main' rule action JavaBasePlugin.Rules#attachBridgedBinaries(BinaryContainer, JavaBasePlugin.BridgedBinaries) > put()
09:37:03.742 [DEBUG] [org.gradle.model.internal.registry.DefaultModelRegistry] Project : - Mutating binaries.main using JavaBasePlugin.Rules#attachBridgedBinaries(BinaryContainer, JavaBasePlugin.BridgedBinaries) > put()
09:37:03.742 [DEBUG] [org.gradle.model.internal.registry.DefaultModelRegistry] Project : - Transitioning model element 'binaries.main' to state Discovered.
09:37:03.742 [DEBUG] [org.gradle.model.internal.registry.DefaultModelRegistry] Project : - Running model element 'binaries.main' rule action JavaBasePlugin.Rules#attachBridgedBinaries(BinaryContainer, JavaBasePlugin.BridgedBinaries) > put()
09:37:03.742 [DEBUG] [org.gradle.model.internal.registry.DefaultModelRegistry] Project : - Mutating binaries.main using JavaBasePlugin.Rules#attachBridgedBinaries(BinaryContainer, JavaBasePlugin.BridgedBinaries) > put()
09:37:03.742 [DEBUG] [org.gradle.model.internal.registry.DefaultModelRegistry] Project : - Transitioning model element 'binaries.main' to state Created.
09:37:03.742 [DEBUG] [org.gradle.model.internal.registry.DefaultModelRegistry] Project : - Transitioning model element 'binaries.main' to state DefaultsApplied.
09:37:03.742 [DEBUG] [org.gradle.model.internal.registry.DefaultModelRegistry] Project : - Transitioning model element 'binaries.main' to state Initialized.
09:37:03.742 [DEBUG] [org.gradle.model.internal.registry.DefaultModelRegistry] Project : - Transitioning model element 'binaries.main' to state Mutated.
09:37:03.742 [DEBUG] [org.gradle.model.internal.registry.DefaultModelRegistry] Project : - Running model element 'binaries.main' rule action BinaryBasePlugin.Rules#defineBuildLifecycleTask(BinarySpecInternal, ITaskFactory)
09:37:03.742 [DEBUG] [org.gradle.model.internal.registry.DefaultModelRegistry] Project : - Mutating binaries.main using BinaryBasePlugin.Rules#defineBuildLifecycleTask(BinarySpecInternal, ITaskFactory)
09:37:03.742 [DEBUG] [org.gradle.model.internal.registry.DefaultModelRegistry] Project : - Running model element 'binaries.main' rule action BinaryBasePlugin.Rules#addSourceSetsOwnedByBinariesToTheirInputs(BinarySpecInternal)
09:37:03.742 [DEBUG] [org.gradle.model.internal.registry.DefaultModelRegistry] Project : - Mutating binaries.main using BinaryBasePlugin.Rules#addSourceSetsOwnedByBinariesToTheirInputs(BinarySpecInternal)
09:37:03.742 [DEBUG] [org.gradle.model.internal.registry.DefaultModelRegistry] Project : - Transitioning model element 'binaries.main' to state Finalized.
09:37:03.742 [DEBUG] [org.gradle.model.internal.registry.DefaultModelRegistry] Project : - Transitioning model element 'binaries.main' to state SelfClosed.
09:37:03.742 [DEBUG] [org.gradle.model.internal.registry.DefaultModelRegistry] Project : - Transitioning model element 'binaries.main' to state GraphClosed.
09:37:03.742 [DEBUG] [org.gradle.model.internal.registry.DefaultModelRegistry] Project : - Running model element 'binaries.test' rule action JavaBasePlugin.Rules#attachBridgedBinaries(BinaryContainer, JavaBasePlugin.BridgedBinaries) > put()
09:37:03.743 [DEBUG] [org.gradle.model.internal.registry.DefaultModelRegistry] Project : - Mutating binaries.test using JavaBasePlugin.Rules#attachBridgedBinaries(BinaryContainer, JavaBasePlugin.BridgedBinaries) > put()
09:37:03.743 [DEBUG] [org.gradle.model.internal.registry.DefaultModelRegistry] Project : - Transitioning model element 'binaries.test' to state Discovered.
09:37:03.743 [DEBUG] [org.gradle.model.internal.registry.DefaultModelRegistry] Project : - Running model element 'binaries.test' rule action JavaBasePlugin.Rules#attachBridgedBinaries(BinaryContainer, JavaBasePlugin.BridgedBinaries) > put()
09:37:03.743 [DEBUG] [org.gradle.model.internal.registry.DefaultModelRegistry] Project : - Mutating binaries.test using JavaBasePlugin.Rules#attachBridgedBinaries(BinaryContainer, JavaBasePlugin.BridgedBinaries) > put()
09:37:03.743 [DEBUG] [org.gradle.model.internal.registry.DefaultModelRegistry] Project : - Transitioning model element 'binaries.test' to state Created.
09:37:03.743 [DEBUG] [org.gradle.model.internal.registry.DefaultModelRegistry] Project : - Transitioning model element 'binaries.test' to state DefaultsApplied.
09:37:03.743 [DEBUG] [org.gradle.model.internal.registry.DefaultModelRegistry] Project : - Transitioning model element 'binaries.test' to state Initialized.
09:37:03.743 [DEBUG] [org.gradle.model.internal.registry.DefaultModelRegistry] Project : - Transitioning model element 'binaries.test' to state Mutated.
09:37:03.743 [DEBUG] [org.gradle.model.internal.registry.DefaultModelRegistry] Project : - Running model element 'binaries.test' rule action BinaryBasePlugin.Rules#defineBuildLifecycleTask(BinarySpecInternal, ITaskFactory)
09:37:03.743 [DEBUG] [org.gradle.model.internal.registry.DefaultModelRegistry] Project : - Mutating binaries.test using BinaryBasePlugin.Rules#defineBuildLifecycleTask(BinarySpecInternal, ITaskFactory)
09:37:03.743 [DEBUG] [org.gradle.model.internal.registry.DefaultModelRegistry] Project : - Running model element 'binaries.test' rule action BinaryBasePlugin.Rules#addSourceSetsOwnedByBinariesToTheirInputs(BinarySpecInternal)
09:37:03.743 [DEBUG] [org.gradle.model.internal.registry.DefaultModelRegistry] Project : - Mutating binaries.test using BinaryBasePlugin.Rules#addSourceSetsOwnedByBinariesToTheirInputs(BinarySpecInternal)
09:37:03.743 [DEBUG] [org.gradle.model.internal.registry.DefaultModelRegistry] Project : - Transitioning model element 'binaries.test' to state Finalized.
09:37:03.743 [DEBUG] [org.gradle.model.internal.registry.DefaultModelRegistry] Project : - Transitioning model element 'binaries.test' to state SelfClosed.
09:37:03.743 [DEBUG] [org.gradle.model.internal.registry.DefaultModelRegistry] Project : - Transitioning model element 'binaries.test' to state GraphClosed.
09:37:03.743 [DEBUG] [org.gradle.model.internal.registry.DefaultModelRegistry] Project : - Transitioning model element 'binaries' to state GraphClosed.
09:37:03.743 [DEBUG] [org.gradle.model.internal.registry.DefaultModelRegistry] Project : - Running model element 'tasks' rule action BinaryBasePlugin.Rules#copyBinaryTasksToTaskContainer(TaskContainer, BinaryContainer)
09:37:03.743 [DEBUG] [org.gradle.model.internal.registry.DefaultModelRegistry] Project : - Mutating tasks using BinaryBasePlugin.Rules#copyBinaryTasksToTaskContainer(TaskContainer, BinaryContainer)
09:37:03.744 [DEBUG] [org.gradle.model.internal.registry.DefaultModelRegistry] Project : - Transitioning model element 'binaries.integrationTest' from state GraphClosed to Discovered
09:37:03.744 [DEBUG] [org.gradle.model.internal.registry.DefaultModelRegistry] Project : - Transitioning model element 'binaries.main' from state GraphClosed to Discovered
09:37:03.744 [DEBUG] [org.gradle.model.internal.registry.DefaultModelRegistry] Project : - Transitioning model element 'binaries.test' from state GraphClosed to Discovered
09:37:03.744 [DEBUG] [org.gradle.model.internal.registry.DefaultModelRegistry] Project : - Transitioning model element 'binaries.integrationTest' from state GraphClosed to Initialized
09:37:03.744 [DEBUG] [org.gradle.model.internal.registry.DefaultModelRegistry] Project : - Transitioning model element 'binaries.integrationTest' from state GraphClosed to Discovered
09:37:03.744 [DEBUG] [org.gradle.model.internal.registry.DefaultModelRegistry] Project : - Transitioning model element 'binaries.main' from state GraphClosed to Initialized
09:37:03.744 [DEBUG] [org.gradle.model.internal.registry.DefaultModelRegistry] Project : - Transitioning model element 'binaries.main' from state GraphClosed to Discovered
09:37:03.744 [DEBUG] [org.gradle.model.internal.registry.DefaultModelRegistry] Project : - Transitioning model element 'binaries.test' from state GraphClosed to Initialized
09:37:03.744 [DEBUG] [org.gradle.model.internal.registry.DefaultModelRegistry] Project : - Transitioning model element 'binaries.test' from state GraphClosed to Discovered
09:37:03.744 [DEBUG] [org.gradle.model.internal.registry.DefaultModelRegistry] Project : - Transitioning model element 'tasks' to state Mutated.
09:37:03.744 [DEBUG] [org.gradle.model.internal.registry.DefaultModelRegistry] Project : - Transitioning model element 'tasks' to state Finalized.
09:37:03.744 [DEBUG] [org.gradle.model.internal.registry.DefaultModelRegistry] Project : - Transitioning model element 'tasks' to state SelfClosed.
09:37:03.744 [DEBUG] [org.gradle.model.internal.registry.DefaultModelRegistry] Project : - Transitioning model element 'tasks.build' from state Registered to Initialized
09:37:03.744 [DEBUG] [org.gradle.model.internal.registry.DefaultModelRegistry] Project : - Running model element 'tasks.build' rule action tasks.addPlaceholderAction(build)
09:37:03.744 [DEBUG] [org.gradle.model.internal.registry.DefaultModelRegistry] Project : - Mutating tasks.build using tasks.addPlaceholderAction(build)
09:37:03.744 [DEBUG] [org.gradle.model.internal.registry.DefaultModelRegistry] Project : - Transitioning model element 'tasks.build' to state Discovered.
09:37:03.744 [DEBUG] [org.gradle.model.internal.registry.DefaultModelRegistry] Project : - Running model element 'tasks.build' rule action tasks.addPlaceholderAction(build)
09:37:03.745 [DEBUG] [org.gradle.model.internal.registry.DefaultModelRegistry] Project : - Mutating tasks.build using tasks.addPlaceholderAction(build)
09:37:03.745 [DEBUG] [org.gradle.model.collection.internal.BridgedCollections] Ignoring element 'tasks' added to 'build' after it is closed.
09:37:03.745 [DEBUG] [org.gradle.model.internal.registry.DefaultModelRegistry] Project : - Transitioning model element 'tasks.build' to state Created.
09:37:03.745 [DEBUG] [org.gradle.model.internal.registry.DefaultModelRegistry] Project : - Transitioning model element 'tasks.build' to state DefaultsApplied.
09:37:03.745 [DEBUG] [org.gradle.model.internal.registry.DefaultModelRegistry] Project : - Running model element 'tasks.build' rule action copyToTaskContainer
09:37:03.745 [DEBUG] [org.gradle.model.internal.registry.DefaultModelRegistry] Project : - Mutating tasks.build using copyToTaskContainer
09:37:03.745 [DEBUG] [org.gradle.model.internal.registry.DefaultModelRegistry] Project : - Transitioning model element 'tasks.build' to state Initialized.
09:37:03.746 [INFO] [org.gradle.execution.TaskNameResolvingBuildConfigurationAction] Selected primary task 'build' from project :
09:37:03.746 [DEBUG] [org.gradle.model.internal.registry.DefaultModelRegistry] Project : - Transitioning model element 'tasks.build' from state Initialized to GraphClosed
09:37:03.746 [DEBUG] [org.gradle.model.internal.registry.DefaultModelRegistry] Project : - Transitioning model element 'tasks.build' to state Mutated.
09:37:03.746 [DEBUG] [org.gradle.model.internal.registry.DefaultModelRegistry] Project : - Transitioning model element 'tasks.build' to state Finalized.
09:37:03.746 [DEBUG] [org.gradle.model.internal.registry.DefaultModelRegistry] Project : - Transitioning model element 'tasks.build' to state SelfClosed.
09:37:03.746 [DEBUG] [org.gradle.model.internal.registry.DefaultModelRegistry] Project : - Transitioning model element 'tasks.build' to state GraphClosed.
09:37:03.746 [DEBUG] [org.gradle.model.internal.registry.DefaultModelRegistry] Project : - Transitioning model element 'tasks.assemble' from state Initialized to GraphClosed
09:37:03.746 [DEBUG] [org.gradle.model.internal.registry.DefaultModelRegistry] Project : - Transitioning model element 'tasks.assemble' to state Mutated.
09:37:03.746 [DEBUG] [org.gradle.model.internal.registry.DefaultModelRegistry] Project : - Transitioning model element 'tasks.assemble' to state Finalized.
09:37:03.746 [DEBUG] [org.gradle.model.internal.registry.DefaultModelRegistry] Project : - Transitioning model element 'tasks.assemble' to state SelfClosed.
09:37:03.746 [DEBUG] [org.gradle.model.internal.registry.DefaultModelRegistry] Project : - Transitioning model element 'tasks.assemble' to state GraphClosed.
09:37:03.747 [DEBUG] [org.gradle.model.internal.registry.DefaultModelRegistry] Project : - Transitioning model element 'tasks.war' from state Registered to GraphClosed
09:37:03.747 [DEBUG] [org.gradle.model.internal.registry.DefaultModelRegistry] Project : - Running model element 'tasks.war' rule action Project.<init>.tasks.war()
09:37:03.747 [DEBUG] [org.gradle.model.internal.registry.DefaultModelRegistry] Project : - Mutating tasks.war using Project.<init>.tasks.war()
09:37:03.747 [DEBUG] [org.gradle.model.internal.registry.DefaultModelRegistry] Project : - Transitioning model element 'tasks.war' to state Discovered.
09:37:03.747 [DEBUG] [org.gradle.model.internal.registry.DefaultModelRegistry] Project : - Running model element 'tasks.war' rule action Project.<init>.tasks.war()
09:37:03.747 [DEBUG] [org.gradle.model.internal.registry.DefaultModelRegistry] Project : - Mutating tasks.war using Project.<init>.tasks.war()
09:37:03.747 [DEBUG] [org.gradle.model.internal.registry.DefaultModelRegistry] Project : - Transitioning model element 'tasks.war' to state Created.
09:37:03.747 [DEBUG] [org.gradle.model.internal.registry.DefaultModelRegistry] Project : - Transitioning model element 'tasks.war' to state DefaultsApplied.
09:37:03.748 [DEBUG] [org.gradle.model.internal.registry.DefaultModelRegistry] Project : - Running model element 'tasks.war' rule action copyToTaskContainer
09:37:03.748 [DEBUG] [org.gradle.model.internal.registry.DefaultModelRegistry] Project : - Mutating tasks.war using copyToTaskContainer
09:37:03.748 [DEBUG] [org.gradle.model.internal.registry.DefaultModelRegistry] Project : - Transitioning model element 'tasks.war' to state Initialized.
09:37:03.748 [DEBUG] [org.gradle.model.internal.registry.DefaultModelRegistry] Project : - Transitioning model element 'tasks.war' to state Mutated.
09:37:03.748 [DEBUG] [org.gradle.model.internal.registry.DefaultModelRegistry] Project : - Transitioning model element 'tasks.war' to state Finalized.
09:37:03.748 [DEBUG] [org.gradle.model.internal.registry.DefaultModelRegistry] Project : - Transitioning model element 'tasks.war' to state SelfClosed.
09:37:03.748 [DEBUG] [org.gradle.model.internal.registry.DefaultModelRegistry] Project : - Transitioning model element 'tasks.war' to state GraphClosed.
09:37:03.748 [DEBUG] [org.gradle.model.internal.registry.DefaultModelRegistry] Project : - Transitioning model element 'tasks.assetCompile' from state Registered to GraphClosed
09:37:03.749 [DEBUG] [org.gradle.model.internal.registry.DefaultModelRegistry] Project : - Running model element 'tasks.assetCompile' rule action Project.<init>.tasks.assetCompile()
09:37:03.749 [DEBUG] [org.gradle.model.internal.registry.DefaultModelRegistry] Project : - Mutating tasks.assetCompile using Project.<init>.tasks.assetCompile()
09:37:03.749 [DEBUG] [org.gradle.model.internal.registry.DefaultModelRegistry] Project : - Transitioning model element 'tasks.assetCompile' to state Discovered.
09:37:03.749 [DEBUG] [org.gradle.model.internal.registry.DefaultModelRegistry] Project : - Running model element 'tasks.assetCompile' rule action Project.<init>.tasks.assetCompile()
09:37:03.749 [DEBUG] [org.gradle.model.internal.registry.DefaultModelRegistry] Project : - Mutating tasks.assetCompile using Project.<init>.tasks.assetCompile()
09:37:03.749 [DEBUG] [org.gradle.model.internal.registry.DefaultModelRegistry] Project : - Transitioning model element 'tasks.assetCompile' to state Created.
09:37:03.749 [DEBUG] [org.gradle.model.internal.registry.DefaultModelRegistry] Project : - Transitioning model element 'tasks.assetCompile' to state DefaultsApplied.
09:37:03.749 [DEBUG] [org.gradle.model.internal.registry.DefaultModelRegistry] Project : - Running model element 'tasks.assetCompile' rule action copyToTaskContainer
09:37:03.749 [DEBUG] [org.gradle.model.internal.registry.DefaultModelRegistry] Project : - Mutating tasks.assetCompile using copyToTaskContainer
09:37:03.749 [DEBUG] [org.gradle.model.internal.registry.DefaultModelRegistry] Project : - Transitioning model element 'tasks.assetCompile' to state Initialized.
09:37:03.749 [DEBUG] [org.gradle.model.internal.registry.DefaultModelRegistry] Project : - Transitioning model element 'tasks.assetCompile' to state Mutated.
09:37:03.749 [DEBUG] [org.gradle.model.internal.registry.DefaultModelRegistry] Project : - Transitioning model element 'tasks.assetCompile' to state Finalized.
09:37:03.749 [DEBUG] [org.gradle.model.internal.registry.DefaultModelRegistry] Project : - Transitioning model element 'tasks.assetCompile' to state SelfClosed.
09:37:03.749 [DEBUG] [org.gradle.model.internal.registry.DefaultModelRegistry] Project : - Transitioning model element 'tasks.assetCompile' to state GraphClosed.
09:37:03.750 [DEBUG] [org.gradle.model.internal.registry.DefaultModelRegistry] Project : - Transitioning model element 'tasks.compileGroovyPages' from state Registered to GraphClosed
09:37:03.750 [DEBUG] [org.gradle.model.internal.registry.DefaultModelRegistry] Project : - Running model element 'tasks.compileGroovyPages' rule action Project.<init>.tasks.compileGroovyPages()
09:37:03.750 [DEBUG] [org.gradle.model.internal.registry.DefaultModelRegistry] Project : - Mutating tasks.compileGroovyPages using Project.<init>.tasks.compileGroovyPages()
09:37:03.750 [DEBUG] [org.gradle.model.internal.registry.DefaultModelRegistry] Project : - Transitioning model element 'tasks.compileGroovyPages' to state Discovered.
09:37:03.750 [DEBUG] [org.gradle.model.internal.registry.DefaultModelRegistry] Project : - Running model element 'tasks.compileGroovyPages' rule action Project.<init>.tasks.compileGroovyPages()
09:37:03.750 [DEBUG] [org.gradle.model.internal.registry.DefaultModelRegistry] Project : - Mutating tasks.compileGroovyPages using Project.<init>.tasks.compileGroovyPages()
09:37:03.750 [DEBUG] [org.gradle.model.internal.registry.DefaultModelRegistry] Project : - Transitioning model element 'tasks.compileGroovyPages' to state Created.
09:37:03.750 [DEBUG] [org.gradle.model.internal.registry.DefaultModelRegistry] Project : - Transitioning model element 'tasks.compileGroovyPages' to state DefaultsApplied.
09:37:03.750 [DEBUG] [org.gradle.model.internal.registry.DefaultModelRegistry] Project : - Running model element 'tasks.compileGroovyPages' rule action copyToTaskContainer
09:37:03.750 [DEBUG] [org.gradle.model.internal.registry.DefaultModelRegistry] Project : - Mutating tasks.compileGroovyPages using copyToTaskContainer
09:37:03.750 [DEBUG] [org.gradle.model.internal.registry.DefaultModelRegistry] Project : - Transitioning model element 'tasks.compileGroovyPages' to state Initialized.
09:37:03.750 [DEBUG] [org.gradle.model.internal.registry.DefaultModelRegistry] Project : - Transitioning model element 'tasks.compileGroovyPages' to state Mutated.
09:37:03.750 [DEBUG] [org.gradle.model.internal.registry.DefaultModelRegistry] Project : - Transitioning model element 'tasks.compileGroovyPages' to state Finalized.
09:37:03.750 [DEBUG] [org.gradle.model.internal.registry.DefaultModelRegistry] Project : - Transitioning model element 'tasks.compileGroovyPages' to state SelfClosed.
09:37:03.750 [DEBUG] [org.gradle.model.internal.registry.DefaultModelRegistry] Project : - Transitioning model element 'tasks.compileGroovyPages' to state GraphClosed.
09:37:03.751 [DEBUG] [org.gradle.model.internal.registry.DefaultModelRegistry] Project : - Transitioning model element 'tasks.compileWebappGroovyPages' from state Registered to GraphClosed
09:37:03.751 [DEBUG] [org.gradle.model.internal.registry.DefaultModelRegistry] Project : - Running model element 'tasks.compileWebappGroovyPages' rule action Project.<init>.tasks.compileWebappGroovyPages()
09:37:03.751 [DEBUG] [org.gradle.model.internal.registry.DefaultModelRegistry] Project : - Mutating tasks.compileWebappGroovyPages using Project.<init>.tasks.compileWebappGroovyPages()
09:37:03.751 [DEBUG] [org.gradle.model.internal.registry.DefaultModelRegistry] Project : - Transitioning model element 'tasks.compileWebappGroovyPages' to state Discovered.
09:37:03.751 [DEBUG] [org.gradle.model.internal.registry.DefaultModelRegistry] Project : - Running model element 'tasks.compileWebappGroovyPages' rule action Project.<init>.tasks.compileWebappGroovyPages()
09:37:03.751 [DEBUG] [org.gradle.model.internal.registry.DefaultModelRegistry] Project : - Mutating tasks.compileWebappGroovyPages using Project.<init>.tasks.compileWebappGroovyPages()
09:37:03.751 [DEBUG] [org.gradle.model.internal.registry.DefaultModelRegistry] Project : - Transitioning model element 'tasks.compileWebappGroovyPages' to state Created.
09:37:03.751 [DEBUG] [org.gradle.model.internal.registry.DefaultModelRegistry] Project : - Transitioning model element 'tasks.compileWebappGroovyPages' to state DefaultsApplied.
09:37:03.751 [DEBUG] [org.gradle.model.internal.registry.DefaultModelRegistry] Project : - Running model element 'tasks.compileWebappGroovyPages' rule action copyToTaskContainer
09:37:03.751 [DEBUG] [org.gradle.model.internal.registry.DefaultModelRegistry] Project : - Mutating tasks.compileWebappGroovyPages using copyToTaskContainer
09:37:03.751 [DEBUG] [org.gradle.model.internal.registry.DefaultModelRegistry] Project : - Transitioning model element 'tasks.compileWebappGroovyPages' to state Initialized.
09:37:03.751 [DEBUG] [org.gradle.model.internal.registry.DefaultModelRegistry] Project : - Transitioning model element 'tasks.compileWebappGroovyPages' to state Mutated.
09:37:03.751 [DEBUG] [org.gradle.model.internal.registry.DefaultModelRegistry] Project : - Transitioning model element 'tasks.compileWebappGroovyPages' to state Finalized.
09:37:03.751 [DEBUG] [org.gradle.model.internal.registry.DefaultModelRegistry] Project : - Transitioning model element 'tasks.compileWebappGroovyPages' to state SelfClosed.
09:37:03.751 [DEBUG] [org.gradle.model.internal.registry.DefaultModelRegistry] Project : - Transitioning model element 'tasks.compileWebappGroovyPages' to state GraphClosed.
09:37:03.752 [DEBUG] [org.gradle.model.internal.registry.DefaultModelRegistry] Project : - Transitioning model element 'tasks.classes' from state Registered to GraphClosed
09:37:03.752 [DEBUG] [org.gradle.model.internal.registry.DefaultModelRegistry] Project : - Running model element 'tasks.classes' rule action Project.<init>.tasks.classes()
09:37:03.752 [DEBUG] [org.gradle.model.internal.registry.DefaultModelRegistry] Project : - Mutating tasks.classes using Project.<init>.tasks.classes()
09:37:03.752 [DEBUG] [org.gradle.model.internal.registry.DefaultModelRegistry] Project : - Transitioning model element 'tasks.classes' to state Discovered.
09:37:03.753 [DEBUG] [org.gradle.model.internal.registry.DefaultModelRegistry] Project : - Running model element 'tasks.classes' rule action Project.<init>.tasks.classes()
09:37:03.753 [DEBUG] [org.gradle.model.internal.registry.DefaultModelRegistry] Project : - Mutating tasks.classes using Project.<init>.tasks.classes()
09:37:03.753 [DEBUG] [org.gradle.model.internal.registry.DefaultModelRegistry] Project : - Transitioning model element 'tasks.classes' to state Created.
09:37:03.753 [DEBUG] [org.gradle.model.internal.registry.DefaultModelRegistry] Project : - Transitioning model element 'tasks.classes' to state DefaultsApplied.
09:37:03.753 [DEBUG] [org.gradle.model.internal.registry.DefaultModelRegistry] Project : - Running model element 'tasks.classes' rule action copyToTaskContainer
09:37:03.753 [DEBUG] [org.gradle.model.internal.registry.DefaultModelRegistry] Project : - Mutating tasks.classes using copyToTaskContainer
09:37:03.753 [DEBUG] [org.gradle.model.internal.registry.DefaultModelRegistry] Project : - Transitioning model element 'tasks.classes' to state Initialized.
09:37:03.753 [DEBUG] [org.gradle.model.internal.registry.DefaultModelRegistry] Project : - Transitioning model element 'tasks.classes' to state Mutated.
09:37:03.753 [DEBUG] [org.gradle.model.internal.registry.DefaultModelRegistry] Project : - Transitioning model element 'tasks.classes' to state Finalized.
09:37:03.753 [DEBUG] [org.gradle.model.internal.registry.DefaultModelRegistry] Project : - Transitioning model element 'tasks.classes' to state SelfClosed.
09:37:03.753 [DEBUG] [org.gradle.model.internal.registry.DefaultModelRegistry] Project : - Transitioning model element 'tasks.classes' to state GraphClosed.
09:37:03.753 [DEBUG] [org.gradle.model.internal.registry.DefaultModelRegistry] Project : - Transitioning model element 'tasks.compileGroovy' from state Registered to GraphClosed
09:37:03.753 [DEBUG] [org.gradle.model.internal.registry.DefaultModelRegistry] Project : - Running model element 'tasks.compileGroovy' rule action Project.<init>.tasks.compileGroovy()
09:37:03.753 [DEBUG] [org.gradle.model.internal.registry.DefaultModelRegistry] Project : - Mutating tasks.compileGroovy using Project.<init>.tasks.compileGroovy()
09:37:03.753 [DEBUG] [org.gradle.model.internal.registry.DefaultModelRegistry] Project : - Transitioning model element 'tasks.compileGroovy' to state Discovered.
09:37:03.753 [DEBUG] [org.gradle.model.internal.registry.DefaultModelRegistry] Project : - Running model element 'tasks.compileGroovy' rule action Project.<init>.tasks.compileGroovy()
09:37:03.753 [DEBUG] [org.gradle.model.internal.registry.DefaultModelRegistry] Project : - Mutating tasks.compileGroovy using Project.<init>.tasks.compileGroovy()
09:37:03.754 [DEBUG] [org.gradle.model.internal.registry.DefaultModelRegistry] Project : - Transitioning model element 'tasks.compileGroovy' to state Created.
09:37:03.754 [DEBUG] [org.gradle.model.internal.registry.DefaultModelRegistry] Project : - Transitioning model element 'tasks.compileGroovy' to state DefaultsApplied.
09:37:03.754 [DEBUG] [org.gradle.model.internal.registry.DefaultModelRegistry] Project : - Running model element 'tasks.compileGroovy' rule action copyToTaskContainer
09:37:03.754 [DEBUG] [org.gradle.model.internal.registry.DefaultModelRegistry] Project : - Mutating tasks.compileGroovy using copyToTaskContainer
09:37:03.754 [DEBUG] [org.gradle.model.internal.registry.DefaultModelRegistry] Project : - Transitioning model element 'tasks.compileGroovy' to state Initialized.
09:37:03.754 [DEBUG] [org.gradle.model.internal.registry.DefaultModelRegistry] Project : - Transitioning model element 'tasks.compileGroovy' to state Mutated.
09:37:03.754 [DEBUG] [org.gradle.model.internal.registry.DefaultModelRegistry] Project : - Transitioning model element 'tasks.compileGroovy' to state Finalized.
09:37:03.754 [DEBUG] [org.gradle.model.internal.registry.DefaultModelRegistry] Project : - Transitioning model element 'tasks.compileGroovy' to state SelfClosed.
09:37:03.754 [DEBUG] [org.gradle.model.internal.registry.DefaultModelRegistry] Project : - Transitioning model element 'tasks.compileGroovy' to state GraphClosed.
09:37:03.754 [DEBUG] [org.gradle.model.internal.registry.DefaultModelRegistry] Project : - Transitioning model element 'tasks.compileJava' from state Registered to GraphClosed
09:37:03.754 [DEBUG] [org.gradle.model.internal.registry.DefaultModelRegistry] Project : - Running model element 'tasks.compileJava' rule action Project.<init>.tasks.compileJava()
09:37:03.754 [DEBUG] [org.gradle.model.internal.registry.DefaultModelRegistry] Project : - Mutating tasks.compileJava using Project.<init>.tasks.compileJava()
09:37:03.754 [DEBUG] [org.gradle.model.internal.registry.DefaultModelRegistry] Project : - Transitioning model element 'tasks.compileJava' to state Discovered.
09:37:03.754 [DEBUG] [org.gradle.model.internal.registry.DefaultModelRegistry] Project : - Running model element 'tasks.compileJava' rule action Project.<init>.tasks.compileJava()
09:37:03.754 [DEBUG] [org.gradle.model.internal.registry.DefaultModelRegistry] Project : - Mutating tasks.compileJava using Project.<init>.tasks.compileJava()
09:37:03.754 [DEBUG] [org.gradle.model.internal.registry.DefaultModelRegistry] Project : - Transitioning model element 'tasks.compileJava' to state Created.
09:37:03.754 [DEBUG] [org.gradle.model.internal.registry.DefaultModelRegistry] Project : - Transitioning model element 'tasks.compileJava' to state DefaultsApplied.
09:37:03.755 [DEBUG] [org.gradle.model.internal.registry.DefaultModelRegistry] Project : - Running model element 'tasks.compileJava' rule action copyToTaskContainer
09:37:03.755 [DEBUG] [org.gradle.model.internal.registry.DefaultModelRegistry] Project : - Mutating tasks.compileJava using copyToTaskContainer
09:37:03.755 [DEBUG] [org.gradle.model.internal.registry.DefaultModelRegistry] Project : - Transitioning model element 'tasks.compileJava' to state Initialized.
09:37:03.755 [DEBUG] [org.gradle.model.internal.registry.DefaultModelRegistry] Project : - Transitioning model element 'tasks.compileJava' to state Mutated.
09:37:03.755 [DEBUG] [org.gradle.model.internal.registry.DefaultModelRegistry] Project : - Transitioning model element 'tasks.compileJava' to state Finalized.
09:37:03.755 [DEBUG] [org.gradle.model.internal.registry.DefaultModelRegistry] Project : - Transitioning model element 'tasks.compileJava' to state SelfClosed.
09:37:03.755 [DEBUG] [org.gradle.model.internal.registry.DefaultModelRegistry] Project : - Transitioning model element 'tasks.compileJava' to state GraphClosed.
09:37:03.755 [DEBUG] [org.gradle.model.internal.registry.DefaultModelRegistry] Project : - Transitioning model element 'tasks.processResources' from state Registered to GraphClosed
09:37:03.755 [DEBUG] [org.gradle.model.internal.registry.DefaultModelRegistry] Project : - Running model element 'tasks.processResources' rule action Project.<init>.tasks.processResources()
09:37:03.755 [DEBUG] [org.gradle.model.internal.registry.DefaultModelRegistry] Project : - Mutating tasks.processResources using Project.<init>.tasks.processResources()
09:37:03.755 [DEBUG] [org.gradle.model.internal.registry.DefaultModelRegistry] Project : - Transitioning model element 'tasks.processResources' to state Discovered.
09:37:03.755 [DEBUG] [org.gradle.model.internal.registry.DefaultModelRegistry] Project : - Running model element 'tasks.processResources' rule action Project.<init>.tasks.processResources()
09:37:03.755 [DEBUG] [org.gradle.model.internal.registry.DefaultModelRegistry] Project : - Mutating tasks.processResources using Project.<init>.tasks.processResources()
09:37:03.755 [DEBUG] [org.gradle.model.internal.registry.DefaultModelRegistry] Project : - Transitioning model element 'tasks.processResources' to state Created.
09:37:03.755 [DEBUG] [org.gradle.model.internal.registry.DefaultModelRegistry] Project : - Transitioning model element 'tasks.processResources' to state DefaultsApplied.
09:37:03.755 [DEBUG] [org.gradle.model.internal.registry.DefaultModelRegistry] Project : - Running model element 'tasks.processResources' rule action copyToTaskContainer
09:37:03.755 [DEBUG] [org.gradle.model.internal.registry.DefaultModelRegistry] Project : - Mutating tasks.processResources using copyToTaskContainer
09:37:03.755 [DEBUG] [org.gradle.model.internal.registry.DefaultModelRegistry] Project : - Transitioning model element 'tasks.processResources' to state Initialized.
09:37:03.755 [DEBUG] [org.gradle.model.internal.registry.DefaultModelRegistry] Project : - Transitioning model element 'tasks.processResources' to state Mutated.
09:37:03.755 [DEBUG] [org.gradle.model.internal.registry.DefaultModelRegistry] Project : - Transitioning model element 'tasks.processResources' to state Finalized.
09:37:03.755 [DEBUG] [org.gradle.model.internal.registry.DefaultModelRegistry] Project : - Transitioning model element 'tasks.processResources' to state SelfClosed.
09:37:03.755 [DEBUG] [org.gradle.model.internal.registry.DefaultModelRegistry] Project : - Transitioning model element 'tasks.processResources' to state GraphClosed.
09:37:03.756 [DEBUG] [org.gradle.model.internal.registry.DefaultModelRegistry] Project : - Transitioning model element 'tasks.buildProperties' from state Registered to GraphClosed
09:37:03.756 [DEBUG] [org.gradle.model.internal.registry.DefaultModelRegistry] Project : - Running model element 'tasks.buildProperties' rule action Project.<init>.tasks.buildProperties()
09:37:03.756 [DEBUG] [org.gradle.model.internal.registry.DefaultModelRegistry] Project : - Mutating tasks.buildProperties using Project.<init>.tasks.buildProperties()
09:37:03.756 [DEBUG] [org.gradle.model.internal.registry.DefaultModelRegistry] Project : - Transitioning model element 'tasks.buildProperties' to state Discovered.
09:37:03.756 [DEBUG] [org.gradle.model.internal.registry.DefaultModelRegistry] Project : - Running model element 'tasks.buildProperties' rule action Project.<init>.tasks.buildProperties()
09:37:03.756 [DEBUG] [org.gradle.model.internal.registry.DefaultModelRegistry] Project : - Mutating tasks.buildProperties using Project.<init>.tasks.buildProperties()
09:37:03.756 [DEBUG] [org.gradle.model.internal.registry.DefaultModelRegistry] Project : - Transitioning model element 'tasks.buildProperties' to state Created.
09:37:03.756 [DEBUG] [org.gradle.model.internal.registry.DefaultModelRegistry] Project : - Transitioning model element 'tasks.buildProperties' to state DefaultsApplied.
09:37:03.756 [DEBUG] [org.gradle.model.internal.registry.DefaultModelRegistry] Project : - Running model element 'tasks.buildProperties' rule action copyToTaskContainer
09:37:03.756 [DEBUG] [org.gradle.model.internal.registry.DefaultModelRegistry] Project : - Mutating tasks.buildProperties using copyToTaskContainer
09:37:03.756 [DEBUG] [org.gradle.model.internal.registry.DefaultModelRegistry] Project : - Transitioning model element 'tasks.buildProperties' to state Initialized.
09:37:03.756 [DEBUG] [org.gradle.model.internal.registry.DefaultModelRegistry] Project : - Transitioning model element 'tasks.buildProperties' to state Mutated.
09:37:03.756 [DEBUG] [org.gradle.model.internal.registry.DefaultModelRegistry] Project : - Transitioning model element 'tasks.buildProperties' to state Finalized.
09:37:03.756 [DEBUG] [org.gradle.model.internal.registry.DefaultModelRegistry] Project : - Transitioning model element 'tasks.buildProperties' to state SelfClosed.
09:37:03.756 [DEBUG] [org.gradle.model.internal.registry.DefaultModelRegistry] Project : - Transitioning model element 'tasks.buildProperties' to state GraphClosed.
09:37:03.756 [DEBUG] [org.gradle.model.internal.registry.DefaultModelRegistry] Project : - Transitioning model element 'tasks.bootRepackage' from state Registered to GraphClosed
09:37:03.756 [DEBUG] [org.gradle.model.internal.registry.DefaultModelRegistry] Project : - Running model element 'tasks.bootRepackage' rule action Project.<init>.tasks.bootRepackage()
09:37:03.756 [DEBUG] [org.gradle.model.internal.registry.DefaultModelRegistry] Project : - Mutating tasks.bootRepackage using Project.<init>.tasks.bootRepackage()
09:37:03.756 [DEBUG] [org.gradle.model.internal.registry.DefaultModelRegistry] Project : - Transitioning model element 'tasks.bootRepackage' to state Discovered.
09:37:03.756 [DEBUG] [org.gradle.model.internal.registry.DefaultModelRegistry] Project : - Running model element 'tasks.bootRepackage' rule action Project.<init>.tasks.bootRepackage()
09:37:03.756 [DEBUG] [org.gradle.model.internal.registry.DefaultModelRegistry] Project : - Mutating tasks.bootRepackage using Project.<init>.tasks.bootRepackage()
09:37:03.757 [DEBUG] [org.gradle.model.internal.registry.DefaultModelRegistry] Project : - Transitioning model element 'tasks.bootRepackage' to state Created.
09:37:03.757 [DEBUG] [org.gradle.model.internal.registry.DefaultModelRegistry] Project : - Transitioning model element 'tasks.bootRepackage' to state DefaultsApplied.
09:37:03.757 [DEBUG] [org.gradle.model.internal.registry.DefaultModelRegistry] Project : - Running model element 'tasks.bootRepackage' rule action copyToTaskContainer
09:37:03.757 [DEBUG] [org.gradle.model.internal.registry.DefaultModelRegistry] Project : - Mutating tasks.bootRepackage using copyToTaskContainer
09:37:03.757 [DEBUG] [org.gradle.model.internal.registry.DefaultModelRegistry] Project : - Transitioning model element 'tasks.bootRepackage' to state Initialized.
09:37:03.757 [DEBUG] [org.gradle.model.internal.registry.DefaultModelRegistry] Project : - Transitioning model element 'tasks.bootRepackage' to state Mutated.
09:37:03.757 [DEBUG] [org.gradle.model.internal.registry.DefaultModelRegistry] Project : - Transitioning model element 'tasks.bootRepackage' to state Finalized.
09:37:03.757 [DEBUG] [org.gradle.model.internal.registry.DefaultModelRegistry] Project : - Transitioning model element 'tasks.bootRepackage' to state SelfClosed.
09:37:03.757 [DEBUG] [org.gradle.model.internal.registry.DefaultModelRegistry] Project : - Transitioning model element 'tasks.bootRepackage' to state GraphClosed.
09:37:03.757 [DEBUG] [org.gradle.model.internal.registry.DefaultModelRegistry] Project : - Transitioning model element 'tasks' from state SelfClosed to SelfClosed
09:37:03.757 [DEBUG] [org.gradle.model.internal.registry.DefaultModelRegistry] Project : - Transitioning model element 'tasks.assemble' from state GraphClosed to Discovered
09:37:03.757 [DEBUG] [org.gradle.model.internal.registry.DefaultModelRegistry] Project : - Transitioning model element 'tasks.assetClean' from state Registered to Discovered
09:37:03.757 [DEBUG] [org.gradle.model.internal.registry.DefaultModelRegistry] Project : - Running model element 'tasks.assetClean' rule action Project.<init>.tasks.assetClean()
09:37:03.757 [DEBUG] [org.gradle.model.internal.registry.DefaultModelRegistry] Project : - Mutating tasks.assetClean using Project.<init>.tasks.assetClean()
09:37:03.757 [DEBUG] [org.gradle.model.internal.registry.DefaultModelRegistry] Project : - Transitioning model element 'tasks.assetClean' to state Discovered.
09:37:03.757 [DEBUG] [org.gradle.model.internal.registry.DefaultModelRegistry] Project : - Transitioning model element 'tasks.assetCompile' from state GraphClosed to Discovered
09:37:03.757 [DEBUG] [org.gradle.model.internal.registry.DefaultModelRegistry] Project : - Transitioning model element 'tasks.assetPluginPackage' from state Registered to Discovered
09:37:03.757 [DEBUG] [org.gradle.model.internal.registry.DefaultModelRegistry] Project : - Running model element 'tasks.assetPluginPackage' rule action Project.<init>.tasks.assetPluginPackage()
09:37:03.757 [DEBUG] [org.gradle.model.internal.registry.DefaultModelRegistry] Project : - Mutating tasks.assetPluginPackage using Project.<init>.tasks.assetPluginPackage()
09:37:03.757 [DEBUG] [org.gradle.model.internal.registry.DefaultModelRegistry] Project : - Transitioning model element 'tasks.assetPluginPackage' to state Discovered.
09:37:03.757 [DEBUG] [org.gradle.model.internal.registry.DefaultModelRegistry] Project : - Transitioning model element 'tasks.bootRepackage' from state GraphClosed to Discovered
09:37:03.757 [DEBUG] [org.gradle.model.internal.registry.DefaultModelRegistry] Project : - Transitioning model element 'tasks.bootRun' from state Registered to Discovered
09:37:03.757 [DEBUG] [org.gradle.model.internal.registry.DefaultModelRegistry] Project : - Running model element 'tasks.bootRun' rule action Project.<init>.tasks.bootRun()
09:37:03.757 [DEBUG] [org.gradle.model.internal.registry.DefaultModelRegistry] Project : - Mutating tasks.bootRun using Project.<init>.tasks.bootRun()
09:37:03.757 [DEBUG] [org.gradle.model.internal.registry.DefaultModelRegistry] Project : - Transitioning model element 'tasks.bootRun' to state Discovered.
09:37:03.758 [DEBUG] [org.gradle.model.internal.registry.DefaultModelRegistry] Project : - Transitioning model element 'tasks.build' from state GraphClosed to Discovered
09:37:03.758 [DEBUG] [org.gradle.model.internal.registry.DefaultModelRegistry] Project : - Transitioning model element 'tasks.buildDependents' from state Registered to Discovered
09:37:03.758 [DEBUG] [org.gradle.model.internal.registry.DefaultModelRegistry] Project : - Running model element 'tasks.buildDependents' rule action Project.<init>.tasks.buildDependents()
09:37:03.758 [DEBUG] [org.gradle.model.internal.registry.DefaultModelRegistry] Project : - Mutating tasks.buildDependents using Project.<init>.tasks.buildDependents()
09:37:03.758 [DEBUG] [org.gradle.model.internal.registry.DefaultModelRegistry] Project : - Transitioning model element 'tasks.buildDependents' to state Discovered.
09:37:03.758 [DEBUG] [org.gradle.model.internal.registry.DefaultModelRegistry] Project : - Transitioning model element 'tasks.buildEnvironment' from state Registered to Discovered
09:37:03.758 [DEBUG] [org.gradle.model.internal.registry.DefaultModelRegistry] Project : - Running model element 'tasks.buildEnvironment' rule action tasks.addPlaceholderAction(buildEnvironment)
09:37:03.758 [DEBUG] [org.gradle.model.internal.registry.DefaultModelRegistry] Project : - Mutating tasks.buildEnvironment using tasks.addPlaceholderAction(buildEnvironment)
09:37:03.758 [DEBUG] [org.gradle.model.internal.registry.DefaultModelRegistry] Project : - Transitioning model element 'tasks.buildEnvironment' to state Discovered.
09:37:03.758 [DEBUG] [org.gradle.model.internal.registry.DefaultModelRegistry] Project : - Transitioning model element 'tasks.buildNeeded' from state Registered to Discovered
09:37:03.758 [DEBUG] [org.gradle.model.internal.registry.DefaultModelRegistry] Project : - Running model element 'tasks.buildNeeded' rule action Project.<init>.tasks.buildNeeded()
09:37:03.758 [DEBUG] [org.gradle.model.internal.registry.DefaultModelRegistry] Project : - Mutating tasks.buildNeeded using Project.<init>.tasks.buildNeeded()
09:37:03.758 [DEBUG] [org.gradle.model.internal.registry.DefaultModelRegistry] Project : - Transitioning model element 'tasks.buildNeeded' to state Discovered.
09:37:03.758 [DEBUG] [org.gradle.model.internal.registry.DefaultModelRegistry] Project : - Transitioning model element 'tasks.buildProperties' from state GraphClosed to Discovered
09:37:03.758 [DEBUG] [org.gradle.model.internal.registry.DefaultModelRegistry] Project : - Transitioning model element 'tasks.check' from state Initialized to Discovered
09:37:03.758 [DEBUG] [org.gradle.model.internal.registry.DefaultModelRegistry] Project : - Transitioning model element 'tasks.classes' from state GraphClosed to Discovered
09:37:03.758 [DEBUG] [org.gradle.model.internal.registry.DefaultModelRegistry] Project : - Transitioning model element 'tasks.clean' from state Registered to Discovered
09:37:03.758 [DEBUG] [org.gradle.model.internal.registry.DefaultModelRegistry] Project : - Running model element 'tasks.clean' rule action tasks.addPlaceholderAction(clean)
09:37:03.758 [DEBUG] [org.gradle.model.internal.registry.DefaultModelRegistry] Project : - Mutating tasks.clean using tasks.addPlaceholderAction(clean)
09:37:03.758 [DEBUG] [org.gradle.model.internal.registry.DefaultModelRegistry] Project : - Transitioning model element 'tasks.clean' to state Discovered.
09:37:03.758 [DEBUG] [org.gradle.model.internal.registry.DefaultModelRegistry] Project : - Transitioning model element 'tasks.cleanEclipse' from state Registered to Discovered
09:37:03.758 [DEBUG] [org.gradle.model.internal.registry.DefaultModelRegistry] Project : - Running model element 'tasks.cleanEclipse' rule action Project.<init>.tasks.cleanEclipse()
09:37:03.758 [DEBUG] [org.gradle.model.internal.registry.DefaultModelRegistry] Project : - Mutating tasks.cleanEclipse using Project.<init>.tasks.cleanEclipse()
09:37:03.759 [DEBUG] [org.gradle.model.internal.registry.DefaultModelRegistry] Project : - Transitioning model element 'tasks.cleanEclipse' to state Discovered.
09:37:03.759 [DEBUG] [org.gradle.model.internal.registry.DefaultModelRegistry] Project : - Transitioning model element 'tasks.cleanEclipseClasspath' from state Registered to Discovered
09:37:03.759 [DEBUG] [org.gradle.model.internal.registry.DefaultModelRegistry] Project : - Running model element 'tasks.cleanEclipseClasspath' rule action Project.<init>.tasks.cleanEclipseClasspath()
09:37:03.759 [DEBUG] [org.gradle.model.internal.registry.DefaultModelRegistry] Project : - Mutating tasks.cleanEclipseClasspath using Project.<init>.tasks.cleanEclipseClasspath()
09:37:03.759 [DEBUG] [org.gradle.model.internal.registry.DefaultModelRegistry] Project : - Transitioning model element 'tasks.cleanEclipseClasspath' to state Discovered.
09:37:03.759 [DEBUG] [org.gradle.model.internal.registry.DefaultModelRegistry] Project : - Transitioning model element 'tasks.cleanEclipseJdt' from state Registered to Discovered
09:37:03.759 [DEBUG] [org.gradle.model.internal.registry.DefaultModelRegistry] Project : - Running model element 'tasks.cleanEclipseJdt' rule action Project.<init>.tasks.cleanEclipseJdt()
09:37:03.759 [DEBUG] [org.gradle.model.internal.registry.DefaultModelRegistry] Project : - Mutating tasks.cleanEclipseJdt using Project.<init>.tasks.cleanEclipseJdt()
09:37:03.759 [DEBUG] [org.gradle.model.internal.registry.DefaultModelRegistry] Project : - Transitioning model element 'tasks.cleanEclipseJdt' to state Discovered.
09:37:03.759 [DEBUG] [org.gradle.model.internal.registry.DefaultModelRegistry] Project : - Transitioning model element 'tasks.cleanEclipseProject' from state Registered to Discovered
09:37:03.759 [DEBUG] [org.gradle.model.internal.registry.DefaultModelRegistry] Project : - Running model element 'tasks.cleanEclipseProject' rule action Project.<init>.tasks.cleanEclipseProject()
09:37:03.759 [DEBUG] [org.gradle.model.internal.registry.DefaultModelRegistry] Project : - Mutating tasks.cleanEclipseProject using Project.<init>.tasks.cleanEclipseProject()
09:37:03.759 [DEBUG] [org.gradle.model.internal.registry.DefaultModelRegistry] Project : - Transitioning model element 'tasks.cleanEclipseProject' to state Discovered.
09:37:03.759 [DEBUG] [org.gradle.model.internal.registry.DefaultModelRegistry] Project : - Transitioning model element 'tasks.cleanEclipseWtp' from state Registered to Discovered
09:37:03.759 [DEBUG] [org.gradle.model.internal.registry.DefaultModelRegistry] Project : - Running model element 'tasks.cleanEclipseWtp' rule action Project.<init>.tasks.cleanEclipseWtp()
09:37:03.759 [DEBUG] [org.gradle.model.internal.registry.DefaultModelRegistry] Project : - Mutating tasks.cleanEclipseWtp using Project.<init>.tasks.cleanEclipseWtp()
09:37:03.759 [DEBUG] [org.gradle.model.internal.registry.DefaultModelRegistry] Project : - Transitioning model element 'tasks.cleanEclipseWtp' to state Discovered.
09:37:03.759 [DEBUG] [org.gradle.model.internal.registry.DefaultModelRegistry] Project : - Transitioning model element 'tasks.cleanEclipseWtpComponent' from state Registered to Discovered
09:37:03.759 [DEBUG] [org.gradle.model.internal.registry.DefaultModelRegistry] Project : - Running model element 'tasks.cleanEclipseWtpComponent' rule action Project.<init>.tasks.cleanEclipseWtpComponent()
09:37:03.759 [DEBUG] [org.gradle.model.internal.registry.DefaultModelRegistry] Project : - Mutating tasks.cleanEclipseWtpComponent using Project.<init>.tasks.cleanEclipseWtpComponent()
09:37:03.759 [DEBUG] [org.gradle.model.internal.registry.DefaultModelRegistry] Project : - Transitioning model element 'tasks.cleanEclipseWtpComponent' to state Discovered.
09:37:03.759 [DEBUG] [org.gradle.model.internal.registry.DefaultModelRegistry] Project : - Transitioning model element 'tasks.cleanEclipseWtpFacet' from state Registered to Discovered
09:37:03.759 [DEBUG] [org.gradle.model.internal.registry.DefaultModelRegistry] Project : - Running model element 'tasks.cleanEclipseWtpFacet' rule action Project.<init>.tasks.cleanEclipseWtpFacet()
09:37:03.760 [DEBUG] [org.gradle.model.internal.registry.DefaultModelRegistry] Project : - Mutating tasks.cleanEclipseWtpFacet using Project.<init>.tasks.cleanEclipseWtpFacet()
09:37:03.760 [DEBUG] [org.gradle.model.internal.registry.DefaultModelRegistry] Project : - Transitioning model element 'tasks.cleanEclipseWtpFacet' to state Discovered.
09:37:03.760 [DEBUG] [org.gradle.model.internal.registry.DefaultModelRegistry] Project : - Transitioning model element 'tasks.cleanIdea' from state Registered to Discovered
09:37:03.760 [DEBUG] [org.gradle.model.internal.registry.DefaultModelRegistry] Project : - Running model element 'tasks.cleanIdea' rule action Project.<init>.tasks.cleanIdea()
09:37:03.760 [DEBUG] [org.gradle.model.internal.registry.DefaultModelRegistry] Project : - Mutating tasks.cleanIdea using Project.<init>.tasks.cleanIdea()
09:37:03.760 [DEBUG] [org.gradle.model.internal.registry.DefaultModelRegistry] Project : - Transitioning model element 'tasks.cleanIdea' to state Discovered.
09:37:03.760 [DEBUG] [org.gradle.model.internal.registry.DefaultModelRegistry] Project : - Transitioning model element 'tasks.cleanIdeaModule' from state Registered to Discovered
09:37:03.760 [DEBUG] [org.gradle.model.internal.registry.DefaultModelRegistry] Project : - Running model element 'tasks.cleanIdeaModule' rule action Project.<init>.tasks.cleanIdeaModule()
09:37:03.760 [DEBUG] [org.gradle.model.internal.registry.DefaultModelRegistry] Project : - Mutating tasks.cleanIdeaModule using Project.<init>.tasks.cleanIdeaModule()
09:37:03.760 [DEBUG] [org.gradle.model.internal.registry.DefaultModelRegistry] Project : - Transitioning model element 'tasks.cleanIdeaModule' to state Discovered.
09:37:03.760 [DEBUG] [org.gradle.model.internal.registry.DefaultModelRegistry] Project : - Transitioning model element 'tasks.cleanIdeaProject' from state Registered to Discovered
09:37:03.760 [DEBUG] [org.gradle.model.internal.registry.DefaultModelRegistry] Project : - Running model element 'tasks.cleanIdeaProject' rule action Project.<init>.tasks.cleanIdeaProject()
09:37:03.761 [DEBUG] [org.gradle.model.internal.registry.DefaultModelRegistry] Project : - Mutating tasks.cleanIdeaProject using Project.<init>.tasks.cleanIdeaProject()
09:37:03.761 [DEBUG] [org.gradle.model.internal.registry.DefaultModelRegistry] Project : - Transitioning model element 'tasks.cleanIdeaProject' to state Discovered.
09:37:03.761 [DEBUG] [org.gradle.model.internal.registry.DefaultModelRegistry] Project : - Transitioning model element 'tasks.cleanIdeaWorkspace' from state Registered to Discovered
09:37:03.761 [DEBUG] [org.gradle.model.internal.registry.DefaultModelRegistry] Project : - Running model element 'tasks.cleanIdeaWorkspace' rule action Project.<init>.tasks.cleanIdeaWorkspace()
09:37:03.761 [DEBUG] [org.gradle.model.internal.registry.DefaultModelRegistry] Project : - Mutating tasks.cleanIdeaWorkspace using Project.<init>.tasks.cleanIdeaWorkspace()
09:37:03.761 [DEBUG] [org.gradle.model.internal.registry.DefaultModelRegistry] Project : - Transitioning model element 'tasks.cleanIdeaWorkspace' to state Discovered.
09:37:03.761 [DEBUG] [org.gradle.model.internal.registry.DefaultModelRegistry] Project : - Transitioning model element 'tasks.compileGroovy' from state GraphClosed to Discovered
09:37:03.761 [DEBUG] [org.gradle.model.internal.registry.DefaultModelRegistry] Project : - Transitioning model element 'tasks.compileGroovyPages' from state GraphClosed to Discovered
09:37:03.761 [DEBUG] [org.gradle.model.internal.registry.DefaultModelRegistry] Project : - Transitioning model element 'tasks.compileIntegrationTestGroovy' from state Registered to Discovered
09:37:03.761 [DEBUG] [org.gradle.model.internal.registry.DefaultModelRegistry] Project : - Running model element 'tasks.compileIntegrationTestGroovy' rule action Project.<init>.tasks.compileIntegrationTestGroovy()
09:37:03.761 [DEBUG] [org.gradle.model.internal.registry.DefaultModelRegistry] Project : - Mutating tasks.compileIntegrationTestGroovy using Project.<init>.tasks.compileIntegrationTestGroovy()
09:37:03.761 [DEBUG] [org.gradle.model.internal.registry.DefaultModelRegistry] Project : - Transitioning model element 'tasks.compileIntegrationTestGroovy' to state Discovered.
09:37:03.761 [DEBUG] [org.gradle.model.internal.registry.DefaultModelRegistry] Project : - Transitioning model element 'tasks.compileIntegrationTestJava' from state Registered to Discovered
09:37:03.761 [DEBUG] [org.gradle.model.internal.registry.DefaultModelRegistry] Project : - Running model element 'tasks.compileIntegrationTestJava' rule action Project.<init>.tasks.compileIntegrationTestJava()
09:37:03.761 [DEBUG] [org.gradle.model.internal.registry.DefaultModelRegistry] Project : - Mutating tasks.compileIntegrationTestJava using Project.<init>.tasks.compileIntegrationTestJava()
09:37:03.761 [DEBUG] [org.gradle.model.internal.registry.DefaultModelRegistry] Project : - Transitioning model element 'tasks.compileIntegrationTestJava' to state Discovered.
09:37:03.761 [DEBUG] [org.gradle.model.internal.registry.DefaultModelRegistry] Project : - Transitioning model element 'tasks.compileJava' from state GraphClosed to Discovered
09:37:03.761 [DEBUG] [org.gradle.model.internal.registry.DefaultModelRegistry] Project : - Transitioning model element 'tasks.compileTestGroovy' from state Registered to Discovered
09:37:03.761 [DEBUG] [org.gradle.model.internal.registry.DefaultModelRegistry] Project : - Running model element 'tasks.compileTestGroovy' rule action Project.<init>.tasks.compileTestGroovy()
09:37:03.761 [DEBUG] [org.gradle.model.internal.registry.DefaultModelRegistry] Project : - Mutating tasks.compileTestGroovy using Project.<init>.tasks.compileTestGroovy()
09:37:03.761 [DEBUG] [org.gradle.model.internal.registry.DefaultModelRegistry] Project : - Transitioning model element 'tasks.compileTestGroovy' to state Discovered.
09:37:03.762 [DEBUG] [org.gradle.model.internal.registry.DefaultModelRegistry] Project : - Transitioning model element 'tasks.compileTestJava' from state Registered to Discovered
09:37:03.762 [DEBUG] [org.gradle.model.internal.registry.DefaultModelRegistry] Project : - Running model element 'tasks.compileTestJava' rule action Project.<init>.tasks.compileTestJava()
09:37:03.762 [DEBUG] [org.gradle.model.internal.registry.DefaultModelRegistry] Project : - Mutating tasks.compileTestJava using Project.<init>.tasks.compileTestJava()
09:37:03.762 [DEBUG] [org.gradle.model.internal.registry.DefaultModelRegistry] Project : - Transitioning model element 'tasks.compileTestJava' to state Discovered.
09:37:03.762 [DEBUG] [org.gradle.model.internal.registry.DefaultModelRegistry] Project : - Transitioning model element 'tasks.compileWebappGroovyPages' from state GraphClosed to Discovered
09:37:03.762 [DEBUG] [org.gradle.model.internal.registry.DefaultModelRegistry] Project : - Transitioning model element 'tasks.components' from state Registered to Discovered
09:37:03.762 [DEBUG] [org.gradle.model.internal.registry.DefaultModelRegistry] Project : - Running model element 'tasks.components' rule action tasks.addPlaceholderAction(components)
09:37:03.762 [DEBUG] [org.gradle.model.internal.registry.DefaultModelRegistry] Project : - Mutating tasks.components using tasks.addPlaceholderAction(components)
09:37:03.762 [DEBUG] [org.gradle.model.internal.registry.DefaultModelRegistry] Project : - Transitioning model element 'tasks.components' to state Discovered.
09:37:03.762 [DEBUG] [org.gradle.model.internal.registry.DefaultModelRegistry] Project : - Transitioning model element 'tasks.console' from state Registered to Discovered
09:37:03.762 [DEBUG] [org.gradle.model.internal.registry.DefaultModelRegistry] Project : - Running model element 'tasks.console' rule action Project.<init>.tasks.console()
09:37:03.762 [DEBUG] [org.gradle.model.internal.registry.DefaultModelRegistry] Project : - Mutating tasks.console using Project.<init>.tasks.console()
09:37:03.762 [DEBUG] [org.gradle.model.internal.registry.DefaultModelRegistry] Project : - Transitioning model element 'tasks.console' to state Discovered.
09:37:03.762 [DEBUG] [org.gradle.model.internal.registry.DefaultModelRegistry] Project : - Transitioning model element 'tasks.dependencies' from state Registered to Discovered
09:37:03.762 [DEBUG] [org.gradle.model.internal.registry.DefaultModelRegistry] Project : - Running model element 'tasks.dependencies' rule action tasks.addPlaceholderAction(dependencies)
09:37:03.762 [DEBUG] [org.gradle.model.internal.registry.DefaultModelRegistry] Project : - Mutating tasks.dependencies using tasks.addPlaceholderAction(dependencies)
09:37:03.762 [DEBUG] [org.gradle.model.internal.registry.DefaultModelRegistry] Project : - Transitioning model element 'tasks.dependencies' to state Discovered.
09:37:03.762 [DEBUG] [org.gradle.model.internal.registry.DefaultModelRegistry] Project : - Transitioning model element 'tasks.dependencyInsight' from state Registered to Discovered
09:37:03.762 [DEBUG] [org.gradle.model.internal.registry.DefaultModelRegistry] Project : - Running model element 'tasks.dependencyInsight' rule action tasks.addPlaceholderAction(dependencyInsight)
09:37:03.762 [DEBUG] [org.gradle.model.internal.registry.DefaultModelRegistry] Project : - Mutating tasks.dependencyInsight using tasks.addPlaceholderAction(dependencyInsight)
09:37:03.762 [DEBUG] [org.gradle.model.internal.registry.DefaultModelRegistry] Project : - Transitioning model element 'tasks.dependencyInsight' to state Discovered.
09:37:03.762 [DEBUG] [org.gradle.model.internal.registry.DefaultModelRegistry] Project : - Transitioning model element 'tasks.dependencyManagement' from state Registered to Discovered
09:37:03.762 [DEBUG] [org.gradle.model.internal.registry.DefaultModelRegistry] Project : - Running model element 'tasks.dependencyManagement' rule action Project.<init>.tasks.dependencyManagement()
09:37:03.763 [DEBUG] [org.gradle.model.internal.registry.DefaultModelRegistry] Project : - Mutating tasks.dependencyManagement using Project.<init>.tasks.dependencyManagement()
09:37:03.763 [DEBUG] [org.gradle.model.internal.registry.DefaultModelRegistry] Project : - Transitioning model element 'tasks.dependencyManagement' to state Discovered.
09:37:03.763 [DEBUG] [org.gradle.model.internal.registry.DefaultModelRegistry] Project : - Transitioning model element 'tasks.dependentComponents' from state Registered to Discovered
09:37:03.763 [DEBUG] [org.gradle.model.internal.registry.DefaultModelRegistry] Project : - Running model element 'tasks.dependentComponents' rule action tasks.addPlaceholderAction(dependentComponents)
09:37:03.763 [DEBUG] [org.gradle.model.internal.registry.DefaultModelRegistry] Project : - Mutating tasks.dependentComponents using tasks.addPlaceholderAction(dependentComponents)
09:37:03.763 [DEBUG] [org.gradle.model.internal.registry.DefaultModelRegistry] Project : - Transitioning model element 'tasks.dependentComponents' to state Discovered.
09:37:03.763 [DEBUG] [org.gradle.model.internal.registry.DefaultModelRegistry] Project : - Transitioning model element 'tasks.eclipse' from state Registered to Discovered
09:37:03.763 [DEBUG] [org.gradle.model.internal.registry.DefaultModelRegistry] Project : - Running model element 'tasks.eclipse' rule action Project.<init>.tasks.eclipse()
09:37:03.763 [DEBUG] [org.gradle.model.internal.registry.DefaultModelRegistry] Project : - Mutating tasks.eclipse using Project.<init>.tasks.eclipse()
09:37:03.763 [DEBUG] [org.gradle.model.internal.registry.DefaultModelRegistry] Project : - Transitioning model element 'tasks.eclipse' to state Discovered.
09:37:03.763 [DEBUG] [org.gradle.model.internal.registry.DefaultModelRegistry] Project : - Transitioning model element 'tasks.eclipseClasspath' from state Registered to Discovered
09:37:03.763 [DEBUG] [org.gradle.model.internal.registry.DefaultModelRegistry] Project : - Running model element 'tasks.eclipseClasspath' rule action Project.<init>.tasks.eclipseClasspath()
09:37:03.763 [DEBUG] [org.gradle.model.internal.registry.DefaultModelRegistry] Project : - Mutating tasks.eclipseClasspath using Project.<init>.tasks.eclipseClasspath()
09:37:03.763 [DEBUG] [org.gradle.model.internal.registry.DefaultModelRegistry] Project : - Transitioning model element 'tasks.eclipseClasspath' to state Discovered.
09:37:03.763 [DEBUG] [org.gradle.model.internal.registry.DefaultModelRegistry] Project : - Transitioning model element 'tasks.eclipseJdt' from state Registered to Discovered
09:37:03.763 [DEBUG] [org.gradle.model.internal.registry.DefaultModelRegistry] Project : - Running model element 'tasks.eclipseJdt' rule action Project.<init>.tasks.eclipseJdt()
09:37:03.763 [DEBUG] [org.gradle.model.internal.registry.DefaultModelRegistry] Project : - Mutating tasks.eclipseJdt using Project.<init>.tasks.eclipseJdt()
09:37:03.763 [DEBUG] [org.gradle.model.internal.registry.DefaultModelRegistry] Project : - Transitioning model element 'tasks.eclipseJdt' to state Discovered.
09:37:03.763 [DEBUG] [org.gradle.model.internal.registry.DefaultModelRegistry] Project : - Transitioning model element 'tasks.eclipseProject' from state Registered to Discovered
09:37:03.763 [DEBUG] [org.gradle.model.internal.registry.DefaultModelRegistry] Project : - Running model element 'tasks.eclipseProject' rule action Project.<init>.tasks.eclipseProject()
09:37:03.763 [DEBUG] [org.gradle.model.internal.registry.DefaultModelRegistry] Project : - Mutating tasks.eclipseProject using Project.<init>.tasks.eclipseProject()
09:37:03.763 [DEBUG] [org.gradle.model.internal.registry.DefaultModelRegistry] Project : - Transitioning model element 'tasks.eclipseProject' to state Discovered.
09:37:03.763 [DEBUG] [org.gradle.model.internal.registry.DefaultModelRegistry] Project : - Transitioning model element 'tasks.eclipseWtp' from state Registered to Discovered
09:37:03.763 [DEBUG] [org.gradle.model.internal.registry.DefaultModelRegistry] Project : - Running model element 'tasks.eclipseWtp' rule action Project.<init>.tasks.eclipseWtp()
09:37:03.764 [DEBUG] [org.gradle.model.internal.registry.DefaultModelRegistry] Project : - Mutating tasks.eclipseWtp using Project.<init>.tasks.eclipseWtp()
09:37:03.764 [DEBUG] [org.gradle.model.internal.registry.DefaultModelRegistry] Project : - Transitioning model element 'tasks.eclipseWtp' to state Discovered.
09:37:03.764 [DEBUG] [org.gradle.model.internal.registry.DefaultModelRegistry] Project : - Transitioning model element 'tasks.eclipseWtpComponent' from state Registered to Discovered
09:37:03.764 [DEBUG] [org.gradle.model.internal.registry.DefaultModelRegistry] Project : - Running model element 'tasks.eclipseWtpComponent' rule action Project.<init>.tasks.eclipseWtpComponent()
09:37:03.764 [DEBUG] [org.gradle.model.internal.registry.DefaultModelRegistry] Project : - Mutating tasks.eclipseWtpComponent using Project.<init>.tasks.eclipseWtpComponent()
09:37:03.764 [DEBUG] [org.gradle.model.internal.registry.DefaultModelRegistry] Project : - Transitioning model element 'tasks.eclipseWtpComponent' to state Discovered.
09:37:03.764 [DEBUG] [org.gradle.model.internal.registry.DefaultModelRegistry] Project : - Transitioning model element 'tasks.eclipseWtpFacet' from state Registered to Discovered
09:37:03.764 [DEBUG] [org.gradle.model.internal.registry.DefaultModelRegistry] Project : - Running model element 'tasks.eclipseWtpFacet' rule action Project.<init>.tasks.eclipseWtpFacet()
09:37:03.764 [DEBUG] [org.gradle.model.internal.registry.DefaultModelRegistry] Project : - Mutating tasks.eclipseWtpFacet using Project.<init>.tasks.eclipseWtpFacet()
09:37:03.764 [DEBUG] [org.gradle.model.internal.registry.DefaultModelRegistry] Project : - Transitioning model element 'tasks.eclipseWtpFacet' to state Discovered.
09:37:03.764 [DEBUG] [org.gradle.model.internal.registry.DefaultModelRegistry] Project : - Transitioning model element 'tasks.findMainClass' from state Registered to Discovered
09:37:03.764 [DEBUG] [org.gradle.model.internal.registry.DefaultModelRegistry] Project : - Running model element 'tasks.findMainClass' rule action Project.<init>.tasks.findMainClass()
09:37:03.764 [DEBUG] [org.gradle.model.internal.registry.DefaultModelRegistry] Project : - Mutating tasks.findMainClass using Project.<init>.tasks.findMainClass()
09:37:03.764 [DEBUG] [org.gradle.model.internal.registry.DefaultModelRegistry] Project : - Running model element 'tasks.findMainClass' rule action Project.<init>.tasks.findMainClass()
09:37:03.764 [DEBUG] [org.gradle.model.internal.registry.DefaultModelRegistry] Project : - Mutating tasks.findMainClass using Project.<init>.tasks.findMainClass()
09:37:03.764 [DEBUG] [org.gradle.model.internal.registry.DefaultModelRegistry] Project : - Transitioning model element 'tasks.findMainClass' to state Discovered.
09:37:03.764 [DEBUG] [org.gradle.model.internal.registry.DefaultModelRegistry] Project : - Transitioning model element 'tasks.findMainClass' from state Discovered to GraphClosed
09:37:03.764 [DEBUG] [org.gradle.model.internal.registry.DefaultModelRegistry] Project : - Running model element 'tasks.findMainClass' rule action Project.<init>.tasks.findMainClass()
09:37:03.764 [DEBUG] [org.gradle.model.internal.registry.DefaultModelRegistry] Project : - Mutating tasks.findMainClass using Project.<init>.tasks.findMainClass()
09:37:03.764 [DEBUG] [org.gradle.model.internal.registry.DefaultModelRegistry] Project : - Running model element 'tasks.findMainClass' rule action Project.<init>.tasks.findMainClass()
09:37:03.764 [DEBUG] [org.gradle.model.internal.registry.DefaultModelRegistry] Project : - Mutating tasks.findMainClass using Project.<init>.tasks.findMainClass()
09:37:03.764 [DEBUG] [org.gradle.model.internal.registry.DefaultModelRegistry] Project : - Transitioning model element 'tasks.findMainClass' to state Created.
09:37:03.764 [DEBUG] [org.gradle.model.internal.registry.DefaultModelRegistry] Project : - Transitioning model element 'tasks.findMainClass' to state DefaultsApplied.
09:37:03.765 [DEBUG] [org.gradle.model.internal.registry.DefaultModelRegistry] Project : - Running model element 'tasks.findMainClass' rule action copyToTaskContainer
09:37:03.765 [DEBUG] [org.gradle.model.internal.registry.DefaultModelRegistry] Project : - Mutating tasks.findMainClass using copyToTaskContainer
09:37:03.765 [DEBUG] [org.gradle.model.internal.registry.DefaultModelRegistry] Project : - Transitioning model element 'tasks.findMainClass' to state Initialized.
09:37:03.765 [DEBUG] [org.gradle.model.internal.registry.DefaultModelRegistry] Project : - Transitioning model element 'tasks.findMainClass' to state Mutated.
09:37:03.765 [DEBUG] [org.gradle.model.internal.registry.DefaultModelRegistry] Project : - Transitioning model element 'tasks.findMainClass' to state Finalized.
09:37:03.765 [DEBUG] [org.gradle.model.internal.registry.DefaultModelRegistry] Project : - Transitioning model element 'tasks.findMainClass' to state SelfClosed.
09:37:03.765 [DEBUG] [org.gradle.model.internal.registry.DefaultModelRegistry] Project : - Transitioning model element 'tasks.findMainClass' to state GraphClosed.
09:37:03.765 [DEBUG] [org.gradle.model.internal.registry.DefaultModelRegistry] Project : - Transitioning model element 'tasks.groovydoc' from state Registered to Discovered
09:37:03.765 [DEBUG] [org.gradle.model.internal.registry.DefaultModelRegistry] Project : - Running model element 'tasks.groovydoc' rule action Project.<init>.tasks.groovydoc()
09:37:03.765 [DEBUG] [org.gradle.model.internal.registry.DefaultModelRegistry] Project : - Mutating tasks.groovydoc using Project.<init>.tasks.groovydoc()
09:37:03.765 [DEBUG] [org.gradle.model.internal.registry.DefaultModelRegistry] Project : - Transitioning model element 'tasks.groovydoc' to state Discovered.
09:37:03.765 [DEBUG] [org.gradle.model.internal.registry.DefaultModelRegistry] Project : - Transitioning model element 'tasks.help' from state Registered to Discovered
09:37:03.765 [DEBUG] [org.gradle.model.internal.registry.DefaultModelRegistry] Project : - Running model element 'tasks.help' rule action tasks.addPlaceholderAction(help)
09:37:03.765 [DEBUG] [org.gradle.model.internal.registry.DefaultModelRegistry] Project : - Mutating tasks.help using tasks.addPlaceholderAction(help)
09:37:03.765 [DEBUG] [org.gradle.model.internal.registry.DefaultModelRegistry] Project : - Transitioning model element 'tasks.help' to state Discovered.
09:37:03.765 [DEBUG] [org.gradle.model.internal.registry.DefaultModelRegistry] Project : - Transitioning model element 'tasks.idea' from state Registered to Discovered
09:37:03.765 [DEBUG] [org.gradle.model.internal.registry.DefaultModelRegistry] Project : - Running model element 'tasks.idea' rule action Project.<init>.tasks.idea()
09:37:03.765 [DEBUG] [org.gradle.model.internal.registry.DefaultModelRegistry] Project : - Mutating tasks.idea using Project.<init>.tasks.idea()
09:37:03.765 [DEBUG] [org.gradle.model.internal.registry.DefaultModelRegistry] Project : - Transitioning model element 'tasks.idea' to state Discovered.
09:37:03.765 [DEBUG] [org.gradle.model.internal.registry.DefaultModelRegistry] Project : - Transitioning model element 'tasks.ideaModule' from state Registered to Discovered
09:37:03.765 [DEBUG] [org.gradle.model.internal.registry.DefaultModelRegistry] Project : - Running model element 'tasks.ideaModule' rule action Project.<init>.tasks.ideaModule()
09:37:03.765 [DEBUG] [org.gradle.model.internal.registry.DefaultModelRegistry] Project : - Mutating tasks.ideaModule using Project.<init>.tasks.ideaModule()
09:37:03.766 [DEBUG] [org.gradle.model.internal.registry.DefaultModelRegistry] Project : - Transitioning model element 'tasks.ideaModule' to state Discovered.
09:37:03.766 [DEBUG] [org.gradle.model.internal.registry.DefaultModelRegistry] Project : - Transitioning model element 'tasks.ideaProject' from state Registered to Discovered
09:37:03.766 [DEBUG] [org.gradle.model.internal.registry.DefaultModelRegistry] Project : - Running model element 'tasks.ideaProject' rule action Project.<init>.tasks.ideaProject()
09:37:03.766 [DEBUG] [org.gradle.model.internal.registry.DefaultModelRegistry] Project : - Mutating tasks.ideaProject using Project.<init>.tasks.ideaProject()
09:37:03.766 [DEBUG] [org.gradle.model.internal.registry.DefaultModelRegistry] Project : - Transitioning model element 'tasks.ideaProject' to state Discovered.
09:37:03.766 [DEBUG] [org.gradle.model.internal.registry.DefaultModelRegistry] Project : - Transitioning model element 'tasks.ideaWorkspace' from state Registered to Discovered
09:37:03.766 [DEBUG] [org.gradle.model.internal.registry.DefaultModelRegistry] Project : - Running model element 'tasks.ideaWorkspace' rule action Project.<init>.tasks.ideaWorkspace()
09:37:03.766 [DEBUG] [org.gradle.model.internal.registry.DefaultModelRegistry] Project : - Mutating tasks.ideaWorkspace using Project.<init>.tasks.ideaWorkspace()
09:37:03.766 [DEBUG] [org.gradle.model.internal.registry.DefaultModelRegistry] Project : - Transitioning model element 'tasks.ideaWorkspace' to state Discovered.
09:37:03.766 [DEBUG] [org.gradle.model.internal.registry.DefaultModelRegistry] Project : - Transitioning model element 'tasks.init' from state Registered to Discovered
09:37:03.766 [DEBUG] [org.gradle.model.internal.registry.DefaultModelRegistry] Project : - Running model element 'tasks.init' rule action tasks.addPlaceholderAction(init)
09:37:03.766 [DEBUG] [org.gradle.model.internal.registry.DefaultModelRegistry] Project : - Mutating tasks.init using tasks.addPlaceholderAction(init)
09:37:03.766 [DEBUG] [org.gradle.model.internal.registry.DefaultModelRegistry] Project : - Transitioning model element 'tasks.init' to state Discovered.
09:37:03.766 [DEBUG] [org.gradle.model.internal.registry.DefaultModelRegistry] Project : - Transitioning model element 'tasks.integrationTest' from state Registered to Discovered
09:37:03.766 [DEBUG] [org.gradle.model.internal.registry.DefaultModelRegistry] Project : - Running model element 'tasks.integrationTest' rule action Project.<init>.tasks.integrationTest()
09:37:03.766 [DEBUG] [org.gradle.model.internal.registry.DefaultModelRegistry] Project : - Mutating tasks.integrationTest using Project.<init>.tasks.integrationTest()
09:37:03.766 [DEBUG] [org.gradle.model.internal.registry.DefaultModelRegistry] Project : - Transitioning model element 'tasks.integrationTest' to state Discovered.
09:37:03.766 [DEBUG] [org.gradle.model.internal.registry.DefaultModelRegistry] Project : - Transitioning model element 'tasks.integrationTestClasses' from state Registered to Discovered
09:37:03.766 [DEBUG] [org.gradle.model.internal.registry.DefaultModelRegistry] Project : - Running model element 'tasks.integrationTestClasses' rule action Project.<init>.tasks.integrationTestClasses()
09:37:03.767 [DEBUG] [org.gradle.model.internal.registry.DefaultModelRegistry] Project : - Mutating tasks.integrationTestClasses using Project.<init>.tasks.integrationTestClasses()
09:37:03.767 [DEBUG] [org.gradle.model.internal.registry.DefaultModelRegistry] Project : - Transitioning model element 'tasks.integrationTestClasses' to state Discovered.
09:37:03.767 [DEBUG] [org.gradle.model.internal.registry.DefaultModelRegistry] Project : - Transitioning model element 'tasks.jar' from state Registered to Discovered
09:37:03.767 [DEBUG] [org.gradle.model.internal.registry.DefaultModelRegistry] Project : - Running model element 'tasks.jar' rule action Project.<init>.tasks.jar()
09:37:03.767 [DEBUG] [org.gradle.model.internal.registry.DefaultModelRegistry] Project : - Mutating tasks.jar using Project.<init>.tasks.jar()
09:37:03.767 [DEBUG] [org.gradle.model.internal.registry.DefaultModelRegistry] Project : - Transitioning model element 'tasks.jar' to state Discovered.
09:37:03.767 [DEBUG] [org.gradle.model.internal.registry.DefaultModelRegistry] Project : - Transitioning model element 'tasks.javadoc' from state Registered to Discovered
09:37:03.767 [DEBUG] [org.gradle.model.internal.registry.DefaultModelRegistry] Project : - Running model element 'tasks.javadoc' rule action Project.<init>.tasks.javadoc()
09:37:03.767 [DEBUG] [org.gradle.model.internal.registry.DefaultModelRegistry] Project : - Mutating tasks.javadoc using Project.<init>.tasks.javadoc()
09:37:03.767 [DEBUG] [org.gradle.model.internal.registry.DefaultModelRegistry] Project : - Transitioning model element 'tasks.javadoc' to state Discovered.
09:37:03.767 [DEBUG] [org.gradle.model.internal.registry.DefaultModelRegistry] Project : - Transitioning model element 'tasks.mergeTestReports' from state Registered to Discovered
09:37:03.767 [DEBUG] [org.gradle.model.internal.registry.DefaultModelRegistry] Project : - Running model element 'tasks.mergeTestReports' rule action Project.<init>.tasks.mergeTestReports()
09:37:03.767 [DEBUG] [org.gradle.model.internal.registry.DefaultModelRegistry] Project : - Mutating tasks.mergeTestReports using Project.<init>.tasks.mergeTestReports()
09:37:03.767 [DEBUG] [org.gradle.model.internal.registry.DefaultModelRegistry] Project : - Transitioning model element 'tasks.mergeTestReports' to state Discovered.
09:37:03.767 [DEBUG] [org.gradle.model.internal.registry.DefaultModelRegistry] Project : - Transitioning model element 'tasks.model' from state Registered to Discovered
09:37:03.767 [DEBUG] [org.gradle.model.internal.registry.DefaultModelRegistry] Project : - Running model element 'tasks.model' rule action tasks.addPlaceholderAction(model)
09:37:03.767 [DEBUG] [org.gradle.model.internal.registry.DefaultModelRegistry] Project : - Mutating tasks.model using tasks.addPlaceholderAction(model)
09:37:03.767 [DEBUG] [org.gradle.model.internal.registry.DefaultModelRegistry] Project : - Transitioning model element 'tasks.model' to state Discovered.
09:37:03.767 [DEBUG] [org.gradle.model.internal.registry.DefaultModelRegistry] Project : - Transitioning model element 'tasks.pathingJar' from state Registered to Discovered
09:37:03.767 [DEBUG] [org.gradle.model.internal.registry.DefaultModelRegistry] Project : - Running model element 'tasks.pathingJar' rule action Project.<init>.tasks.pathingJar()
09:37:03.767 [DEBUG] [org.gradle.model.internal.registry.DefaultModelRegistry] Project : - Mutating tasks.pathingJar using Project.<init>.tasks.pathingJar()
09:37:03.767 [DEBUG] [org.gradle.model.internal.registry.DefaultModelRegistry] Project : - Transitioning model element 'tasks.pathingJar' to state Discovered.
09:37:03.767 [DEBUG] [org.gradle.model.internal.registry.DefaultModelRegistry] Project : - Transitioning model element 'tasks.pathingJarCommand' from state Registered to Discovered
09:37:03.767 [DEBUG] [org.gradle.model.internal.registry.DefaultModelRegistry] Project : - Running model element 'tasks.pathingJarCommand' rule action Project.<init>.tasks.pathingJarCommand()
09:37:03.767 [DEBUG] [org.gradle.model.internal.registry.DefaultModelRegistry] Project : - Mutating tasks.pathingJarCommand using Project.<init>.tasks.pathingJarCommand()
09:37:03.768 [DEBUG] [org.gradle.model.internal.registry.DefaultModelRegistry] Project : - Transitioning model element 'tasks.pathingJarCommand' to state Discovered.
09:37:03.768 [DEBUG] [org.gradle.model.internal.registry.DefaultModelRegistry] Project : - Transitioning model element 'tasks.processIntegrationTestResources' from state Registered to Discovered
09:37:03.768 [DEBUG] [org.gradle.model.internal.registry.DefaultModelRegistry] Project : - Running model element 'tasks.processIntegrationTestResources' rule action Project.<init>.tasks.processIntegrationTestResources()
09:37:03.768 [DEBUG] [org.gradle.model.internal.registry.DefaultModelRegistry] Project : - Mutating tasks.processIntegrationTestResources using Project.<init>.tasks.processIntegrationTestResources()
09:37:03.768 [DEBUG] [org.gradle.model.internal.registry.DefaultModelRegistry] Project : - Transitioning model element 'tasks.processIntegrationTestResources' to state Discovered.
09:37:03.768 [DEBUG] [org.gradle.model.internal.registry.DefaultModelRegistry] Project : - Transitioning model element 'tasks.processResources' from state GraphClosed to Discovered
09:37:03.768 [DEBUG] [org.gradle.model.internal.registry.DefaultModelRegistry] Project : - Transitioning model element 'tasks.processTestResources' from state Registered to Discovered
09:37:03.768 [DEBUG] [org.gradle.model.internal.registry.DefaultModelRegistry] Project : - Running model element 'tasks.processTestResources' rule action Project.<init>.tasks.processTestResources()
09:37:03.768 [DEBUG] [org.gradle.model.internal.registry.DefaultModelRegistry] Project : - Mutating tasks.processTestResources using Project.<init>.tasks.processTestResources()
09:37:03.768 [DEBUG] [org.gradle.model.internal.registry.DefaultModelRegistry] Project : - Transitioning model element 'tasks.processTestResources' to state Discovered.
09:37:03.768 [DEBUG] [org.gradle.model.internal.registry.DefaultModelRegistry] Project : - Transitioning model element 'tasks.projects' from state Registered to Discovered
09:37:03.768 [DEBUG] [org.gradle.model.internal.registry.DefaultModelRegistry] Project : - Running model element 'tasks.projects' rule action tasks.addPlaceholderAction(projects)
09:37:03.768 [DEBUG] [org.gradle.model.internal.registry.DefaultModelRegistry] Project : - Mutating tasks.projects using tasks.addPlaceholderAction(projects)
09:37:03.768 [DEBUG] [org.gradle.model.internal.registry.DefaultModelRegistry] Project : - Transitioning model element 'tasks.projects' to state Discovered.
09:37:03.768 [DEBUG] [org.gradle.model.internal.registry.DefaultModelRegistry] Project : - Transitioning model element 'tasks.properties' from state Registered to Discovered
09:37:03.768 [DEBUG] [org.gradle.model.internal.registry.DefaultModelRegistry] Project : - Running model element 'tasks.properties' rule action tasks.addPlaceholderAction(properties)
09:37:03.768 [DEBUG] [org.gradle.model.internal.registry.DefaultModelRegistry] Project : - Mutating tasks.properties using tasks.addPlaceholderAction(properties)
09:37:03.768 [DEBUG] [org.gradle.model.internal.registry.DefaultModelRegistry] Project : - Transitioning model element 'tasks.properties' to state Discovered.
09:37:03.768 [DEBUG] [org.gradle.model.internal.registry.DefaultModelRegistry] Project : - Transitioning model element 'tasks.runCommand' from state Registered to Discovered
09:37:03.769 [DEBUG] [org.gradle.model.internal.registry.DefaultModelRegistry] Project : - Running model element 'tasks.runCommand' rule action Project.<init>.tasks.runCommand()
09:37:03.769 [DEBUG] [org.gradle.model.internal.registry.DefaultModelRegistry] Project : - Mutating tasks.runCommand using Project.<init>.tasks.runCommand()
09:37:03.769 [DEBUG] [org.gradle.model.internal.registry.DefaultModelRegistry] Project : - Transitioning model element 'tasks.runCommand' to state Discovered.
09:37:03.769 [DEBUG] [org.gradle.model.internal.registry.DefaultModelRegistry] Project : - Transitioning model element 'tasks.runScript' from state Registered to Discovered
09:37:03.769 [DEBUG] [org.gradle.model.internal.registry.DefaultModelRegistry] Project : - Running model element 'tasks.runScript' rule action Project.<init>.tasks.runScript()
09:37:03.769 [DEBUG] [org.gradle.model.internal.registry.DefaultModelRegistry] Project : - Mutating tasks.runScript using Project.<init>.tasks.runScript()
09:37:03.769 [DEBUG] [org.gradle.model.internal.registry.DefaultModelRegistry] Project : - Transitioning model element 'tasks.runScript' to state Discovered.
09:37:03.769 [DEBUG] [org.gradle.model.internal.registry.DefaultModelRegistry] Project : - Transitioning model element 'tasks.schemaExport' from state Registered to Discovered
09:37:03.769 [DEBUG] [org.gradle.model.internal.registry.DefaultModelRegistry] Project : - Running model element 'tasks.schemaExport' rule action Project.<init>.tasks.schemaExport()
09:37:03.769 [DEBUG] [org.gradle.model.internal.registry.DefaultModelRegistry] Project : - Mutating tasks.schemaExport using Project.<init>.tasks.schemaExport()
09:37:03.769 [DEBUG] [org.gradle.model.internal.registry.DefaultModelRegistry] Project : - Transitioning model element 'tasks.schemaExport' to state Discovered.
09:37:03.769 [DEBUG] [org.gradle.model.internal.registry.DefaultModelRegistry] Project : - Transitioning model element 'tasks.shell' from state Registered to Discovered
09:37:03.769 [DEBUG] [org.gradle.model.internal.registry.DefaultModelRegistry] Project : - Running model element 'tasks.shell' rule action Project.<init>.tasks.shell()
09:37:03.769 [DEBUG] [org.gradle.model.internal.registry.DefaultModelRegistry] Project : - Mutating tasks.shell using Project.<init>.tasks.shell()
09:37:03.769 [DEBUG] [org.gradle.model.internal.registry.DefaultModelRegistry] Project : - Transitioning model element 'tasks.shell' to state Discovered.
09:37:03.769 [DEBUG] [org.gradle.model.internal.registry.DefaultModelRegistry] Project : - Transitioning model element 'tasks.tasks' from state Registered to Discovered
09:37:03.769 [DEBUG] [org.gradle.model.internal.registry.DefaultModelRegistry] Project : - Running model element 'tasks.tasks' rule action tasks.addPlaceholderAction(tasks)
09:37:03.769 [DEBUG] [org.gradle.model.internal.registry.DefaultModelRegistry] Project : - Mutating tasks.tasks using tasks.addPlaceholderAction(tasks)
09:37:03.769 [DEBUG] [org.gradle.model.internal.registry.DefaultModelRegistry] Project : - Transitioning model element 'tasks.tasks' to state Discovered.
09:37:03.769 [DEBUG] [org.gradle.model.internal.registry.DefaultModelRegistry] Project : - Transitioning model element 'tasks.test' from state Registered to Discovered
09:37:03.769 [DEBUG] [org.gradle.model.internal.registry.DefaultModelRegistry] Project : - Running model element 'tasks.test' rule action Project.<init>.tasks.test()
09:37:03.769 [DEBUG] [org.gradle.model.internal.registry.DefaultModelRegistry] Project : - Mutating tasks.test using Project.<init>.tasks.test()
09:37:03.769 [DEBUG] [org.gradle.model.internal.registry.DefaultModelRegistry] Project : - Transitioning model element 'tasks.test' to state Discovered.
09:37:03.770 [DEBUG] [org.gradle.model.internal.registry.DefaultModelRegistry] Project : - Transitioning model element 'tasks.testClasses' from state Registered to Discovered
09:37:03.770 [DEBUG] [org.gradle.model.internal.registry.DefaultModelRegistry] Project : - Running model element 'tasks.testClasses' rule action Project.<init>.tasks.testClasses()
09:37:03.770 [DEBUG] [org.gradle.model.internal.registry.DefaultModelRegistry] Project : - Mutating tasks.testClasses using Project.<init>.tasks.testClasses()
09:37:03.770 [DEBUG] [org.gradle.model.internal.registry.DefaultModelRegistry] Project : - Transitioning model element 'tasks.testClasses' to state Discovered.
09:37:03.770 [DEBUG] [org.gradle.model.internal.registry.DefaultModelRegistry] Project : - Transitioning model element 'tasks.urlMappingsReport' from state Registered to Discovered
09:37:03.770 [DEBUG] [org.gradle.model.internal.registry.DefaultModelRegistry] Project : - Running model element 'tasks.urlMappingsReport' rule action Project.<init>.tasks.urlMappingsReport()
09:37:03.770 [DEBUG] [org.gradle.model.internal.registry.DefaultModelRegistry] Project : - Mutating tasks.urlMappingsReport using Project.<init>.tasks.urlMappingsReport()
09:37:03.770 [DEBUG] [org.gradle.model.internal.registry.DefaultModelRegistry] Project : - Transitioning model element 'tasks.urlMappingsReport' to state Discovered.
09:37:03.770 [DEBUG] [org.gradle.model.internal.registry.DefaultModelRegistry] Project : - Transitioning model element 'tasks.war' from state GraphClosed to Discovered
09:37:03.770 [DEBUG] [org.gradle.model.internal.registry.DefaultModelRegistry] Project : - Transitioning model element 'tasks.wrapper' from state Registered to Discovered
09:37:03.770 [DEBUG] [org.gradle.model.internal.registry.DefaultModelRegistry] Project : - Running model element 'tasks.wrapper' rule action tasks.addPlaceholderAction(wrapper)
09:37:03.770 [DEBUG] [org.gradle.model.internal.registry.DefaultModelRegistry] Project : - Mutating tasks.wrapper using tasks.addPlaceholderAction(wrapper)
09:37:03.770 [DEBUG] [org.gradle.model.internal.registry.DefaultModelRegistry] Project : - Transitioning model element 'tasks.wrapper' to state Discovered.
09:37:03.770 [DEBUG] [org.gradle.model.internal.registry.DefaultModelRegistry] Project : - Transitioning model element 'tasks.findMainClass' from state GraphClosed to GraphClosed
09:37:03.770 [DEBUG] [org.gradle.model.internal.registry.DefaultModelRegistry] Project : - Transitioning model element 'tasks' from state SelfClosed to SelfClosed
09:37:03.771 [DEBUG] [org.gradle.model.internal.registry.DefaultModelRegistry] Project : - Transitioning model element 'tasks.assemble' from state GraphClosed to Discovered
09:37:03.771 [DEBUG] [org.gradle.model.internal.registry.DefaultModelRegistry] Project : - Transitioning model element 'tasks.assetClean' from state Discovered to Discovered
09:37:03.771 [DEBUG] [org.gradle.model.internal.registry.DefaultModelRegistry] Project : - Transitioning model element 'tasks.assetCompile' from state GraphClosed to Discovered
09:37:03.771 [DEBUG] [org.gradle.model.internal.registry.DefaultModelRegistry] Project : - Transitioning model element 'tasks.assetPluginPackage' from state Discovered to Discovered
09:37:03.771 [DEBUG] [org.gradle.model.internal.registry.DefaultModelRegistry] Project : - Transitioning model element 'tasks.bootRepackage' from state GraphClosed to Discovered
09:37:03.771 [DEBUG] [org.gradle.model.internal.registry.DefaultModelRegistry] Project : - Transitioning model element 'tasks.bootRun' from state Discovered to Discovered
09:37:03.771 [DEBUG] [org.gradle.model.internal.registry.DefaultModelRegistry] Project : - Transitioning model element 'tasks.build' from state GraphClosed to Discovered
09:37:03.771 [DEBUG] [org.gradle.model.internal.registry.DefaultModelRegistry] Project : - Transitioning model element 'tasks.buildDependents' from state Discovered to Discovered
09:37:03.771 [DEBUG] [org.gradle.model.internal.registry.DefaultModelRegistry] Project : - Transitioning model element 'tasks.buildEnvironment' from state Discovered to Discovered
09:37:03.771 [DEBUG] [org.gradle.model.internal.registry.DefaultModelRegistry] Project : - Transitioning model element 'tasks.buildNeeded' from state Discovered to Discovered
09:37:03.771 [DEBUG] [org.gradle.model.internal.registry.DefaultModelRegistry] Project : - Transitioning model element 'tasks.buildProperties' from state GraphClosed to Discovered
09:37:03.771 [DEBUG] [org.gradle.model.internal.registry.DefaultModelRegistry] Project : - Transitioning model element 'tasks.check' from state Initialized to Discovered
09:37:03.771 [DEBUG] [org.gradle.model.internal.registry.DefaultModelRegistry] Project : - Transitioning model element 'tasks.classes' from state GraphClosed to Discovered
09:37:03.771 [DEBUG] [org.gradle.model.internal.registry.DefaultModelRegistry] Project : - Transitioning model element 'tasks.clean' from state Discovered to Discovered
09:37:03.771 [DEBUG] [org.gradle.model.internal.registry.DefaultModelRegistry] Project : - Transitioning model element 'tasks.cleanEclipse' from state Discovered to Discovered
09:37:03.771 [DEBUG] [org.gradle.model.internal.registry.DefaultModelRegistry] Project : - Transitioning model element 'tasks.cleanEclipseClasspath' from state Discovered to Discovered
09:37:03.771 [DEBUG] [org.gradle.model.internal.registry.DefaultModelRegistry] Project : - Transitioning model element 'tasks.cleanEclipseJdt' from state Discovered to Discovered
09:37:03.771 [DEBUG] [org.gradle.model.internal.registry.DefaultModelRegistry] Project : - Transitioning model element 'tasks.cleanEclipseProject' from state Discovered to Discovered
09:37:03.771 [DEBUG] [org.gradle.model.internal.registry.DefaultModelRegistry] Project : - Transitioning model element 'tasks.cleanEclipseWtp' from state Discovered to Discovered
09:37:03.771 [DEBUG] [org.gradle.model.internal.registry.DefaultModelRegistry] Project : - Transitioning model element 'tasks.cleanEclipseWtpComponent' from state Discovered to Discovered
09:37:03.771 [DEBUG] [org.gradle.model.internal.registry.DefaultModelRegistry] Project : - Transitioning model element 'tasks.cleanEclipseWtpFacet' from state Discovered to Discovered
09:37:03.771 [DEBUG] [org.gradle.model.internal.registry.DefaultModelRegistry] Project : - Transitioning model element 'tasks.cleanIdea' from state Discovered to Discovered
09:37:03.771 [DEBUG] [org.gradle.model.internal.registry.DefaultModelRegistry] Project : - Transitioning model element 'tasks.cleanIdeaModule' from state Discovered to Discovered
09:37:03.771 [DEBUG] [org.gradle.model.internal.registry.DefaultModelRegistry] Project : - Transitioning model element 'tasks.cleanIdeaProject' from state Discovered to Discovered
09:37:03.771 [DEBUG] [org.gradle.model.internal.registry.DefaultModelRegistry] Project : - Transitioning model element 'tasks.cleanIdeaWorkspace' from state Discovered to Discovered
09:37:03.771 [DEBUG] [org.gradle.model.internal.registry.DefaultModelRegistry] Project : - Transitioning model element 'tasks.compileGroovy' from state GraphClosed to Discovered
09:37:03.771 [DEBUG] [org.gradle.model.internal.registry.DefaultModelRegistry] Project : - Transitioning model element 'tasks.compileGroovy' from state GraphClosed to GraphClosed
09:37:03.771 [DEBUG] [org.gradle.model.internal.registry.DefaultModelRegistry] Project : - Transitioning model element 'tasks.compileGroovyPages' from state GraphClosed to Discovered
09:37:03.772 [DEBUG] [org.gradle.model.internal.registry.DefaultModelRegistry] Project : - Transitioning model element 'tasks.compileIntegrationTestGroovy' from state Discovered to Discovered
09:37:03.772 [DEBUG] [org.gradle.model.internal.registry.DefaultModelRegistry] Project : - Transitioning model element 'tasks.compileIntegrationTestGroovy' from state Discovered to GraphClosed
09:37:03.772 [DEBUG] [org.gradle.model.internal.registry.DefaultModelRegistry] Project : - Running model element 'tasks.compileIntegrationTestGroovy' rule action Project.<init>.tasks.compileIntegrationTestGroovy()
09:37:03.772 [DEBUG] [org.gradle.model.internal.registry.DefaultModelRegistry] Project : - Mutating tasks.compileIntegrationTestGroovy using Project.<init>.tasks.compileIntegrationTestGroovy()
09:37:03.772 [DEBUG] [org.gradle.model.internal.registry.DefaultModelRegistry] Project : - Transitioning model element 'tasks.compileIntegrationTestGroovy' to state Created.
09:37:03.772 [DEBUG] [org.gradle.model.internal.registry.DefaultModelRegistry] Project : - Transitioning model element 'tasks.compileIntegrationTestGroovy' to state DefaultsApplied.
09:37:03.772 [DEBUG] [org.gradle.model.internal.registry.DefaultModelRegistry] Project : - Running model element 'tasks.compileIntegrationTestGroovy' rule action copyToTaskContainer
09:37:03.772 [DEBUG] [org.gradle.model.internal.registry.DefaultModelRegistry] Project : - Mutating tasks.compileIntegrationTestGroovy using copyToTaskContainer
09:37:03.772 [DEBUG] [org.gradle.model.internal.registry.DefaultModelRegistry] Project : - Transitioning model element 'tasks.compileIntegrationTestGroovy' to state Initialized.
09:37:03.772 [DEBUG] [org.gradle.model.internal.registry.DefaultModelRegistry] Project : - Transitioning model element 'tasks.compileIntegrationTestGroovy' to state Mutated.
09:37:03.772 [DEBUG] [org.gradle.model.internal.registry.DefaultModelRegistry] Project : - Transitioning model element 'tasks.compileIntegrationTestGroovy' to state Finalized.
09:37:03.772 [DEBUG] [org.gradle.model.internal.registry.DefaultModelRegistry] Project : - Transitioning model element 'tasks.compileIntegrationTestGroovy' to state SelfClosed.
09:37:03.772 [DEBUG] [org.gradle.model.internal.registry.DefaultModelRegistry] Project : - Transitioning model element 'tasks.compileIntegrationTestGroovy' to state GraphClosed.
09:37:03.772 [DEBUG] [org.gradle.model.internal.registry.DefaultModelRegistry] Project : - Transitioning model element 'tasks.compileIntegrationTestJava' from state Discovered to Discovered
09:37:03.772 [DEBUG] [org.gradle.model.internal.registry.DefaultModelRegistry] Project : - Transitioning model element 'tasks.compileJava' from state GraphClosed to Discovered
09:37:03.772 [DEBUG] [org.gradle.model.internal.registry.DefaultModelRegistry] Project : - Transitioning model element 'tasks.compileTestGroovy' from state Discovered to Discovered
09:37:03.772 [DEBUG] [org.gradle.model.internal.registry.DefaultModelRegistry] Project : - Transitioning model element 'tasks.compileTestGroovy' from state Discovered to GraphClosed
09:37:03.772 [DEBUG] [org.gradle.model.internal.registry.DefaultModelRegistry] Project : - Running model element 'tasks.compileTestGroovy' rule action Project.<init>.tasks.compileTestGroovy()
09:37:03.772 [DEBUG] [org.gradle.model.internal.registry.DefaultModelRegistry] Project : - Mutating tasks.compileTestGroovy using Project.<init>.tasks.compileTestGroovy()
09:37:03.772 [DEBUG] [org.gradle.model.internal.registry.DefaultModelRegistry] Project : - Transitioning model element 'tasks.compileTestGroovy' to state Created.
09:37:03.772 [DEBUG] [org.gradle.model.internal.registry.DefaultModelRegistry] Project : - Transitioning model element 'tasks.compileTestGroovy' to state DefaultsApplied.
09:37:03.772 [DEBUG] [org.gradle.model.internal.registry.DefaultModelRegistry] Project : - Running model element 'tasks.compileTestGroovy' rule action copyToTaskContainer
09:37:03.772 [DEBUG] [org.gradle.model.internal.registry.DefaultModelRegistry] Project : - Mutating tasks.compileTestGroovy using copyToTaskContainer
09:37:03.773 [DEBUG] [org.gradle.model.internal.registry.DefaultModelRegistry] Project : - Transitioning model element 'tasks.compileTestGroovy' to state Initialized.
09:37:03.773 [DEBUG] [org.gradle.model.internal.registry.DefaultModelRegistry] Project : - Transitioning model element 'tasks.compileTestGroovy' to state Mutated.
09:37:03.773 [DEBUG] [org.gradle.model.internal.registry.DefaultModelRegistry] Project : - Transitioning model element 'tasks.compileTestGroovy' to state Finalized.
09:37:03.773 [DEBUG] [org.gradle.model.internal.registry.DefaultModelRegistry] Project : - Transitioning model element 'tasks.compileTestGroovy' to state SelfClosed.
09:37:03.773 [DEBUG] [org.gradle.model.internal.registry.DefaultModelRegistry] Project : - Transitioning model element 'tasks.compileTestGroovy' to state GraphClosed.
09:37:03.773 [DEBUG] [org.gradle.model.internal.registry.DefaultModelRegistry] Project : - Transitioning model element 'tasks.compileTestJava' from state Discovered to Discovered
09:37:03.773 [DEBUG] [org.gradle.model.internal.registry.DefaultModelRegistry] Project : - Transitioning model element 'tasks.compileWebappGroovyPages' from state GraphClosed to Discovered
09:37:03.773 [DEBUG] [org.gradle.model.internal.registry.DefaultModelRegistry] Project : - Transitioning model element 'tasks.components' from state Discovered to Discovered
09:37:03.773 [DEBUG] [org.gradle.model.internal.registry.DefaultModelRegistry] Project : - Transitioning model element 'tasks.console' from state Discovered to Discovered
09:37:03.773 [DEBUG] [org.gradle.model.internal.registry.DefaultModelRegistry] Project : - Transitioning model element 'tasks.dependencies' from state Discovered to Discovered
09:37:03.773 [DEBUG] [org.gradle.model.internal.registry.DefaultModelRegistry] Project : - Transitioning model element 'tasks.dependencyInsight' from state Discovered to Discovered
09:37:03.773 [DEBUG] [org.gradle.model.internal.registry.DefaultModelRegistry] Project : - Transitioning model element 'tasks.dependencyManagement' from state Discovered to Discovered
09:37:03.773 [DEBUG] [org.gradle.model.internal.registry.DefaultModelRegistry] Project : - Transitioning model element 'tasks.dependentComponents' from state Discovered to Discovered
09:37:03.773 [DEBUG] [org.gradle.model.internal.registry.DefaultModelRegistry] Project : - Transitioning model element 'tasks.eclipse' from state Discovered to Discovered
09:37:03.773 [DEBUG] [org.gradle.model.internal.registry.DefaultModelRegistry] Project : - Transitioning model element 'tasks.eclipseClasspath' from state Discovered to Discovered
09:37:03.773 [DEBUG] [org.gradle.model.internal.registry.DefaultModelRegistry] Project : - Transitioning model element 'tasks.eclipseJdt' from state Discovered to Discovered
09:37:03.773 [DEBUG] [org.gradle.model.internal.registry.DefaultModelRegistry] Project : - Transitioning model element 'tasks.eclipseProject' from state Discovered to Discovered
09:37:03.773 [DEBUG] [org.gradle.model.internal.registry.DefaultModelRegistry] Project : - Transitioning model element 'tasks.eclipseWtp' from state Discovered to Discovered
09:37:03.773 [DEBUG] [org.gradle.model.internal.registry.DefaultModelRegistry] Project : - Transitioning model element 'tasks.eclipseWtpComponent' from state Discovered to Discovered
09:37:03.773 [DEBUG] [org.gradle.model.internal.registry.DefaultModelRegistry] Project : - Transitioning model element 'tasks.eclipseWtpFacet' from state Discovered to Discovered
09:37:03.773 [DEBUG] [org.gradle.model.internal.registry.DefaultModelRegistry] Project : - Transitioning model element 'tasks.findMainClass' from state GraphClosed to Discovered
09:37:03.773 [DEBUG] [org.gradle.model.internal.registry.DefaultModelRegistry] Project : - Transitioning model element 'tasks.groovydoc' from state Discovered to Discovered
09:37:03.773 [DEBUG] [org.gradle.model.internal.registry.DefaultModelRegistry] Project : - Transitioning model element 'tasks.help' from state Discovered to Discovered
09:37:03.773 [DEBUG] [org.gradle.model.internal.registry.DefaultModelRegistry] Project : - Transitioning model element 'tasks.idea' from state Discovered to Discovered
09:37:03.773 [DEBUG] [org.gradle.model.internal.registry.DefaultModelRegistry] Project : - Transitioning model element 'tasks.ideaModule' from state Discovered to Discovered
09:37:03.773 [DEBUG] [org.gradle.model.internal.registry.DefaultModelRegistry] Project : - Transitioning model element 'tasks.ideaProject' from state Discovered to Discovered
09:37:03.773 [DEBUG] [org.gradle.model.internal.registry.DefaultModelRegistry] Project : - Transitioning model element 'tasks.ideaWorkspace' from state Discovered to Discovered
09:37:03.774 [DEBUG] [org.gradle.model.internal.registry.DefaultModelRegistry] Project : - Transitioning model element 'tasks.init' from state Discovered to Discovered
09:37:03.774 [DEBUG] [org.gradle.model.internal.registry.DefaultModelRegistry] Project : - Transitioning model element 'tasks.integrationTest' from state Discovered to Discovered
09:37:03.774 [DEBUG] [org.gradle.model.internal.registry.DefaultModelRegistry] Project : - Transitioning model element 'tasks.integrationTestClasses' from state Discovered to Discovered
09:37:03.774 [DEBUG] [org.gradle.model.internal.registry.DefaultModelRegistry] Project : - Transitioning model element 'tasks.jar' from state Discovered to Discovered
09:37:03.774 [DEBUG] [org.gradle.model.internal.registry.DefaultModelRegistry] Project : - Transitioning model element 'tasks.javadoc' from state Discovered to Discovered
09:37:03.774 [DEBUG] [org.gradle.model.internal.registry.DefaultModelRegistry] Project : - Transitioning model element 'tasks.mergeTestReports' from state Discovered to Discovered
09:37:03.774 [DEBUG] [org.gradle.model.internal.registry.DefaultModelRegistry] Project : - Transitioning model element 'tasks.model' from state Discovered to Discovered
09:37:03.774 [DEBUG] [org.gradle.model.internal.registry.DefaultModelRegistry] Project : - Transitioning model element 'tasks.pathingJar' from state Discovered to Discovered
09:37:03.774 [DEBUG] [org.gradle.model.internal.registry.DefaultModelRegistry] Project : - Transitioning model element 'tasks.pathingJarCommand' from state Discovered to Discovered
09:37:03.774 [DEBUG] [org.gradle.model.internal.registry.DefaultModelRegistry] Project : - Transitioning model element 'tasks.processIntegrationTestResources' from state Discovered to Discovered
09:37:03.774 [DEBUG] [org.gradle.model.internal.registry.DefaultModelRegistry] Project : - Transitioning model element 'tasks.processResources' from state GraphClosed to Discovered
09:37:03.774 [DEBUG] [org.gradle.model.internal.registry.DefaultModelRegistry] Project : - Transitioning model element 'tasks.processTestResources' from state Discovered to Discovered
09:37:03.774 [DEBUG] [org.gradle.model.internal.registry.DefaultModelRegistry] Project : - Transitioning model element 'tasks.projects' from state Discovered to Discovered
09:37:03.774 [DEBUG] [org.gradle.model.internal.registry.DefaultModelRegistry] Project : - Transitioning model element 'tasks.properties' from state Discovered to Discovered
09:37:03.774 [DEBUG] [org.gradle.model.internal.registry.DefaultModelRegistry] Project : - Transitioning model element 'tasks.runCommand' from state Discovered to Discovered
09:37:03.774 [DEBUG] [org.gradle.model.internal.registry.DefaultModelRegistry] Project : - Transitioning model element 'tasks.runScript' from state Discovered to Discovered
09:37:03.774 [DEBUG] [org.gradle.model.internal.registry.DefaultModelRegistry] Project : - Transitioning model element 'tasks.schemaExport' from state Discovered to Discovered
09:37:03.774 [DEBUG] [org.gradle.model.internal.registry.DefaultModelRegistry] Project : - Transitioning model element 'tasks.shell' from state Discovered to Discovered
09:37:03.774 [DEBUG] [org.gradle.model.internal.registry.DefaultModelRegistry] Project : - Transitioning model element 'tasks.tasks' from state Discovered to Discovered
09:37:03.774 [DEBUG] [org.gradle.model.internal.registry.DefaultModelRegistry] Project : - Transitioning model element 'tasks.test' from state Discovered to Discovered
09:37:03.774 [DEBUG] [org.gradle.model.internal.registry.DefaultModelRegistry] Project : - Transitioning model element 'tasks.testClasses' from state Discovered to Discovered
09:37:03.774 [DEBUG] [org.gradle.model.internal.registry.DefaultModelRegistry] Project : - Transitioning model element 'tasks.urlMappingsReport' from state Discovered to Discovered
09:37:03.774 [DEBUG] [org.gradle.model.internal.registry.DefaultModelRegistry] Project : - Transitioning model element 'tasks.war' from state GraphClosed to Discovered
09:37:03.774 [DEBUG] [org.gradle.model.internal.registry.DefaultModelRegistry] Project : - Transitioning model element 'tasks.wrapper' from state Discovered to Discovered
09:37:03.775 [DEBUG] [org.gradle.model.internal.registry.DefaultModelRegistry] Project : - Transitioning model element 'tasks.check' from state Initialized to GraphClosed
09:37:03.775 [DEBUG] [org.gradle.model.internal.registry.DefaultModelRegistry] Project : - Transitioning model element 'tasks.check' to state Mutated.
09:37:03.775 [DEBUG] [org.gradle.model.internal.registry.DefaultModelRegistry] Project : - Transitioning model element 'tasks.check' to state Finalized.
09:37:03.775 [DEBUG] [org.gradle.model.internal.registry.DefaultModelRegistry] Project : - Transitioning model element 'tasks.check' to state SelfClosed.
09:37:03.775 [DEBUG] [org.gradle.model.internal.registry.DefaultModelRegistry] Project : - Transitioning model element 'tasks.check' to state GraphClosed.
09:37:03.775 [DEBUG] [org.gradle.model.internal.registry.DefaultModelRegistry] Project : - Transitioning model element 'tasks.integrationTest' from state Discovered to GraphClosed
09:37:03.775 [DEBUG] [org.gradle.model.internal.registry.DefaultModelRegistry] Project : - Running model element 'tasks.integrationTest' rule action Project.<init>.tasks.integrationTest()
09:37:03.775 [DEBUG] [org.gradle.model.internal.registry.DefaultModelRegistry] Project : - Mutating tasks.integrationTest using Project.<init>.tasks.integrationTest()
09:37:03.775 [DEBUG] [org.gradle.model.internal.registry.DefaultModelRegistry] Project : - Transitioning model element 'tasks.integrationTest' to state Created.
09:37:03.775 [DEBUG] [org.gradle.model.internal.registry.DefaultModelRegistry] Project : - Transitioning model element 'tasks.integrationTest' to state DefaultsApplied.
09:37:03.775 [DEBUG] [org.gradle.model.internal.registry.DefaultModelRegistry] Project : - Running model element 'tasks.integrationTest' rule action copyToTaskContainer
09:37:03.775 [DEBUG] [org.gradle.model.internal.registry.DefaultModelRegistry] Project : - Mutating tasks.integrationTest using copyToTaskContainer
09:37:03.775 [DEBUG] [org.gradle.model.internal.registry.DefaultModelRegistry] Project : - Transitioning model element 'tasks.integrationTest' to state Initialized.
09:37:03.775 [DEBUG] [org.gradle.model.internal.registry.DefaultModelRegistry] Project : - Transitioning model element 'tasks.integrationTest' to state Mutated.
09:37:03.775 [DEBUG] [org.gradle.model.internal.registry.DefaultModelRegistry] Project : - Transitioning model element 'tasks.integrationTest' to state Finalized.
09:37:03.775 [DEBUG] [org.gradle.model.internal.registry.DefaultModelRegistry] Project : - Transitioning model element 'tasks.integrationTest' to state SelfClosed.
09:37:03.775 [DEBUG] [org.gradle.model.internal.registry.DefaultModelRegistry] Project : - Transitioning model element 'tasks.integrationTest' to state GraphClosed.
09:37:03.776 [DEBUG] [org.gradle.model.internal.registry.DefaultModelRegistry] Project : - Transitioning model element 'tasks.mergeTestReports' from state Discovered to GraphClosed
09:37:03.776 [DEBUG] [org.gradle.model.internal.registry.DefaultModelRegistry] Project : - Running model element 'tasks.mergeTestReports' rule action Project.<init>.tasks.mergeTestReports()
09:37:03.776 [DEBUG] [org.gradle.model.internal.registry.DefaultModelRegistry] Project : - Mutating tasks.mergeTestReports using Project.<init>.tasks.mergeTestReports()
09:37:03.787 [DEBUG] [org.gradle.model.internal.registry.DefaultModelRegistry] Project : - Transitioning model element 'tasks.mergeTestReports' to state Created.
09:37:03.787 [DEBUG] [org.gradle.model.internal.registry.DefaultModelRegistry] Project : - Transitioning model element 'tasks.mergeTestReports' to state DefaultsApplied.
09:37:03.787 [DEBUG] [org.gradle.model.internal.registry.DefaultModelRegistry] Project : - Running model element 'tasks.mergeTestReports' rule action copyToTaskContainer
09:37:03.787 [DEBUG] [org.gradle.model.internal.registry.DefaultModelRegistry] Project : - Mutating tasks.mergeTestReports using copyToTaskContainer
09:37:03.787 [DEBUG] [org.gradle.model.internal.registry.DefaultModelRegistry] Project : - Transitioning model element 'tasks.mergeTestReports' to state Initialized.
09:37:03.787 [DEBUG] [org.gradle.model.internal.registry.DefaultModelRegistry] Project : - Transitioning model element 'tasks.mergeTestReports' to state Mutated.
09:37:03.787 [DEBUG] [org.gradle.model.internal.registry.DefaultModelRegistry] Project : - Transitioning model element 'tasks.mergeTestReports' to state Finalized.
09:37:03.787 [DEBUG] [org.gradle.model.internal.registry.DefaultModelRegistry] Project : - Transitioning model element 'tasks.mergeTestReports' to state SelfClosed.
09:37:03.787 [DEBUG] [org.gradle.model.internal.registry.DefaultModelRegistry] Project : - Transitioning model element 'tasks.mergeTestReports' to state GraphClosed.
09:37:03.788 [DEBUG] [org.gradle.model.internal.registry.DefaultModelRegistry] Project : - Transitioning model element 'tasks.testClasses' from state Discovered to GraphClosed
09:37:03.788 [DEBUG] [org.gradle.model.internal.registry.DefaultModelRegistry] Project : - Running model element 'tasks.testClasses' rule action Project.<init>.tasks.testClasses()
09:37:03.788 [DEBUG] [org.gradle.model.internal.registry.DefaultModelRegistry] Project : - Mutating tasks.testClasses using Project.<init>.tasks.testClasses()
09:37:03.789 [DEBUG] [org.gradle.model.internal.registry.DefaultModelRegistry] Project : - Transitioning model element 'tasks.testClasses' to state Created.
09:37:03.789 [DEBUG] [org.gradle.model.internal.registry.DefaultModelRegistry] Project : - Transitioning model element 'tasks.testClasses' to state DefaultsApplied.
09:37:03.789 [DEBUG] [org.gradle.model.internal.registry.DefaultModelRegistry] Project : - Running model element 'tasks.testClasses' rule action copyToTaskContainer
09:37:03.789 [DEBUG] [org.gradle.model.internal.registry.DefaultModelRegistry] Project : - Mutating tasks.testClasses using copyToTaskContainer
09:37:03.789 [DEBUG] [org.gradle.model.internal.registry.DefaultModelRegistry] Project : - Transitioning model element 'tasks.testClasses' to state Initialized.
09:37:03.789 [DEBUG] [org.gradle.model.internal.registry.DefaultModelRegistry] Project : - Transitioning model element 'tasks.testClasses' to state Mutated.
09:37:03.789 [DEBUG] [org.gradle.model.internal.registry.DefaultModelRegistry] Project : - Transitioning model element 'tasks.testClasses' to state Finalized.
09:37:03.789 [DEBUG] [org.gradle.model.internal.registry.DefaultModelRegistry] Project : - Transitioning model element 'tasks.testClasses' to state SelfClosed.
09:37:03.789 [DEBUG] [org.gradle.model.internal.registry.DefaultModelRegistry] Project : - Transitioning model element 'tasks.testClasses' to state GraphClosed.
09:37:03.789 [DEBUG] [org.gradle.model.internal.registry.DefaultModelRegistry] Project : - Transitioning model element 'tasks.compileTestJava' from state Discovered to GraphClosed
09:37:03.789 [DEBUG] [org.gradle.model.internal.registry.DefaultModelRegistry] Project : - Running model element 'tasks.compileTestJava' rule action Project.<init>.tasks.compileTestJava()
09:37:03.789 [DEBUG] [org.gradle.model.internal.registry.DefaultModelRegistry] Project : - Mutating tasks.compileTestJava using Project.<init>.tasks.compileTestJava()
09:37:03.789 [DEBUG] [org.gradle.model.internal.registry.DefaultModelRegistry] Project : - Transitioning model element 'tasks.compileTestJava' to state Created.
09:37:03.789 [DEBUG] [org.gradle.model.internal.registry.DefaultModelRegistry] Project : - Transitioning model element 'tasks.compileTestJava' to state DefaultsApplied.
09:37:03.789 [DEBUG] [org.gradle.model.internal.registry.DefaultModelRegistry] Project : - Running model element 'tasks.compileTestJava' rule action copyToTaskContainer
09:37:03.789 [DEBUG] [org.gradle.model.internal.registry.DefaultModelRegistry] Project : - Mutating tasks.compileTestJava using copyToTaskContainer
09:37:03.790 [DEBUG] [org.gradle.model.internal.registry.DefaultModelRegistry] Project : - Transitioning model element 'tasks.compileTestJava' to state Initialized.
09:37:03.790 [DEBUG] [org.gradle.model.internal.registry.DefaultModelRegistry] Project : - Transitioning model element 'tasks.compileTestJava' to state Mutated.
09:37:03.790 [DEBUG] [org.gradle.model.internal.registry.DefaultModelRegistry] Project : - Transitioning model element 'tasks.compileTestJava' to state Finalized.
09:37:03.790 [DEBUG] [org.gradle.model.internal.registry.DefaultModelRegistry] Project : - Transitioning model element 'tasks.compileTestJava' to state SelfClosed.
09:37:03.790 [DEBUG] [org.gradle.model.internal.registry.DefaultModelRegistry] Project : - Transitioning model element 'tasks.compileTestJava' to state GraphClosed.
09:37:03.790 [DEBUG] [org.gradle.model.internal.registry.DefaultModelRegistry] Project : - Transitioning model element 'tasks.compileTestGroovy' from state GraphClosed to GraphClosed
09:37:03.790 [DEBUG] [org.gradle.model.internal.registry.DefaultModelRegistry] Project : - Transitioning model element 'tasks.processTestResources' from state Discovered to GraphClosed
09:37:03.790 [DEBUG] [org.gradle.model.internal.registry.DefaultModelRegistry] Project : - Running model element 'tasks.processTestResources' rule action Project.<init>.tasks.processTestResources()
09:37:03.790 [DEBUG] [org.gradle.model.internal.registry.DefaultModelRegistry] Project : - Mutating tasks.processTestResources using Project.<init>.tasks.processTestResources()
09:37:03.790 [DEBUG] [org.gradle.model.internal.registry.DefaultModelRegistry] Project : - Transitioning model element 'tasks.processTestResources' to state Created.
09:37:03.790 [DEBUG] [org.gradle.model.internal.registry.DefaultModelRegistry] Project : - Transitioning model element 'tasks.processTestResources' to state DefaultsApplied.
09:37:03.790 [DEBUG] [org.gradle.model.internal.registry.DefaultModelRegistry] Project : - Running model element 'tasks.processTestResources' rule action copyToTaskContainer
09:37:03.790 [DEBUG] [org.gradle.model.internal.registry.DefaultModelRegistry] Project : - Mutating tasks.processTestResources using copyToTaskContainer
09:37:03.790 [DEBUG] [org.gradle.model.internal.registry.DefaultModelRegistry] Project : - Transitioning model element 'tasks.processTestResources' to state Initialized.
09:37:03.790 [DEBUG] [org.gradle.model.internal.registry.DefaultModelRegistry] Project : - Transitioning model element 'tasks.processTestResources' to state Mutated.
09:37:03.790 [DEBUG] [org.gradle.model.internal.registry.DefaultModelRegistry] Project : - Transitioning model element 'tasks.processTestResources' to state Finalized.
09:37:03.790 [DEBUG] [org.gradle.model.internal.registry.DefaultModelRegistry] Project : - Transitioning model element 'tasks.processTestResources' to state SelfClosed.
09:37:03.791 [DEBUG] [org.gradle.model.internal.registry.DefaultModelRegistry] Project : - Transitioning model element 'tasks.processTestResources' to state GraphClosed.
09:37:03.791 [DEBUG] [org.gradle.model.internal.registry.DefaultModelRegistry] Project : - Transitioning model element 'tasks.integrationTestClasses' from state Discovered to GraphClosed
09:37:03.791 [DEBUG] [org.gradle.model.internal.registry.DefaultModelRegistry] Project : - Running model element 'tasks.integrationTestClasses' rule action Project.<init>.tasks.integrationTestClasses()
09:37:03.791 [DEBUG] [org.gradle.model.internal.registry.DefaultModelRegistry] Project : - Mutating tasks.integrationTestClasses using Project.<init>.tasks.integrationTestClasses()
09:37:03.791 [DEBUG] [org.gradle.model.internal.registry.DefaultModelRegistry] Project : - Transitioning model element 'tasks.integrationTestClasses' to state Created.
09:37:03.791 [DEBUG] [org.gradle.model.internal.registry.DefaultModelRegistry] Project : - Transitioning model element 'tasks.integrationTestClasses' to state DefaultsApplied.
09:37:03.791 [DEBUG] [org.gradle.model.internal.registry.DefaultModelRegistry] Project : - Running model element 'tasks.integrationTestClasses' rule action copyToTaskContainer
09:37:03.791 [DEBUG] [org.gradle.model.internal.registry.DefaultModelRegistry] Project : - Mutating tasks.integrationTestClasses using copyToTaskContainer
09:37:03.791 [DEBUG] [org.gradle.model.internal.registry.DefaultModelRegistry] Project : - Transitioning model element 'tasks.integrationTestClasses' to state Initialized.
09:37:03.791 [DEBUG] [org.gradle.model.internal.registry.DefaultModelRegistry] Project : - Transitioning model element 'tasks.integrationTestClasses' to state Mutated.
09:37:03.791 [DEBUG] [org.gradle.model.internal.registry.DefaultModelRegistry] Project : - Transitioning model element 'tasks.integrationTestClasses' to state Finalized.
09:37:03.791 [DEBUG] [org.gradle.model.internal.registry.DefaultModelRegistry] Project : - Transitioning model element 'tasks.integrationTestClasses' to state SelfClosed.
09:37:03.791 [DEBUG] [org.gradle.model.internal.registry.DefaultModelRegistry] Project : - Transitioning model element 'tasks.integrationTestClasses' to state GraphClosed.
09:37:03.791 [DEBUG] [org.gradle.model.internal.registry.DefaultModelRegistry] Project : - Transitioning model element 'tasks.compileIntegrationTestGroovy' from state GraphClosed to GraphClosed
09:37:03.792 [DEBUG] [org.gradle.model.internal.registry.DefaultModelRegistry] Project : - Transitioning model element 'tasks.compileIntegrationTestJava' from state Discovered to GraphClosed
09:37:03.792 [DEBUG] [org.gradle.model.internal.registry.DefaultModelRegistry] Project : - Running model element 'tasks.compileIntegrationTestJava' rule action Project.<init>.tasks.compileIntegrationTestJava()
09:37:03.792 [DEBUG] [org.gradle.model.internal.registry.DefaultModelRegistry] Project : - Mutating tasks.compileIntegrationTestJava using Project.<init>.tasks.compileIntegrationTestJava()
09:37:03.792 [DEBUG] [org.gradle.model.internal.registry.DefaultModelRegistry] Project : - Transitioning model element 'tasks.compileIntegrationTestJava' to state Created.
09:37:03.792 [DEBUG] [org.gradle.model.internal.registry.DefaultModelRegistry] Project : - Transitioning model element 'tasks.compileIntegrationTestJava' to state DefaultsApplied.
09:37:03.792 [DEBUG] [org.gradle.model.internal.registry.DefaultModelRegistry] Project : - Running model element 'tasks.compileIntegrationTestJava' rule action copyToTaskContainer
09:37:03.792 [DEBUG] [org.gradle.model.internal.registry.DefaultModelRegistry] Project : - Mutating tasks.compileIntegrationTestJava using copyToTaskContainer
09:37:03.792 [DEBUG] [org.gradle.model.internal.registry.DefaultModelRegistry] Project : - Transitioning model element 'tasks.compileIntegrationTestJava' to state Initialized.
09:37:03.792 [DEBUG] [org.gradle.model.internal.registry.DefaultModelRegistry] Project : - Transitioning model element 'tasks.compileIntegrationTestJava' to state Mutated.
09:37:03.792 [DEBUG] [org.gradle.model.internal.registry.DefaultModelRegistry] Project : - Transitioning model element 'tasks.compileIntegrationTestJava' to state Finalized.
09:37:03.792 [DEBUG] [org.gradle.model.internal.registry.DefaultModelRegistry] Project : - Transitioning model element 'tasks.compileIntegrationTestJava' to state SelfClosed.
09:37:03.792 [DEBUG] [org.gradle.model.internal.registry.DefaultModelRegistry] Project : - Transitioning model element 'tasks.compileIntegrationTestJava' to state GraphClosed.
09:37:03.794 [DEBUG] [org.gradle.model.internal.registry.DefaultModelRegistry] Project : - Transitioning model element 'tasks.processIntegrationTestResources' from state Discovered to GraphClosed
09:37:03.794 [DEBUG] [org.gradle.model.internal.registry.DefaultModelRegistry] Project : - Running model element 'tasks.processIntegrationTestResources' rule action Project.<init>.tasks.processIntegrationTestResources()
09:37:03.794 [DEBUG] [org.gradle.model.internal.registry.DefaultModelRegistry] Project : - Mutating tasks.processIntegrationTestResources using Project.<init>.tasks.processIntegrationTestResources()
09:37:03.794 [DEBUG] [org.gradle.model.internal.registry.DefaultModelRegistry] Project : - Transitioning model element 'tasks.processIntegrationTestResources' to state Created.
09:37:03.794 [DEBUG] [org.gradle.model.internal.registry.DefaultModelRegistry] Project : - Transitioning model element 'tasks.processIntegrationTestResources' to state DefaultsApplied.
09:37:03.794 [DEBUG] [org.gradle.model.internal.registry.DefaultModelRegistry] Project : - Running model element 'tasks.processIntegrationTestResources' rule action copyToTaskContainer
09:37:03.794 [DEBUG] [org.gradle.model.internal.registry.DefaultModelRegistry] Project : - Mutating tasks.processIntegrationTestResources using copyToTaskContainer
09:37:03.794 [DEBUG] [org.gradle.model.internal.registry.DefaultModelRegistry] Project : - Transitioning model element 'tasks.processIntegrationTestResources' to state Initialized.
09:37:03.794 [DEBUG] [org.gradle.model.internal.registry.DefaultModelRegistry] Project : - Transitioning model element 'tasks.processIntegrationTestResources' to state Mutated.
09:37:03.794 [DEBUG] [org.gradle.model.internal.registry.DefaultModelRegistry] Project : - Transitioning model element 'tasks.processIntegrationTestResources' to state Finalized.
09:37:03.794 [DEBUG] [org.gradle.model.internal.registry.DefaultModelRegistry] Project : - Transitioning model element 'tasks.processIntegrationTestResources' to state SelfClosed.
09:37:03.794 [DEBUG] [org.gradle.model.internal.registry.DefaultModelRegistry] Project : - Transitioning model element 'tasks.processIntegrationTestResources' to state GraphClosed.
09:37:03.795 [DEBUG] [org.gradle.model.internal.registry.DefaultModelRegistry] Project : - Transitioning model element 'tasks.test' from state Discovered to GraphClosed
09:37:03.795 [DEBUG] [org.gradle.model.internal.registry.DefaultModelRegistry] Project : - Running model element 'tasks.test' rule action Project.<init>.tasks.test()
09:37:03.795 [DEBUG] [org.gradle.model.internal.registry.DefaultModelRegistry] Project : - Mutating tasks.test using Project.<init>.tasks.test()
09:37:03.795 [DEBUG] [org.gradle.model.internal.registry.DefaultModelRegistry] Project : - Transitioning model element 'tasks.test' to state Created.
09:37:03.795 [DEBUG] [org.gradle.model.internal.registry.DefaultModelRegistry] Project : - Transitioning model element 'tasks.test' to state DefaultsApplied.
09:37:03.795 [DEBUG] [org.gradle.model.internal.registry.DefaultModelRegistry] Project : - Running model element 'tasks.test' rule action copyToTaskContainer
09:37:03.795 [DEBUG] [org.gradle.model.internal.registry.DefaultModelRegistry] Project : - Mutating tasks.test using copyToTaskContainer
09:37:03.795 [DEBUG] [org.gradle.model.internal.registry.DefaultModelRegistry] Project : - Transitioning model element 'tasks.test' to state Initialized.
09:37:03.795 [DEBUG] [org.gradle.model.internal.registry.DefaultModelRegistry] Project : - Transitioning model element 'tasks.test' to state Mutated.
09:37:03.795 [DEBUG] [org.gradle.model.internal.registry.DefaultModelRegistry] Project : - Transitioning model element 'tasks.test' to state Finalized.
09:37:03.795 [DEBUG] [org.gradle.model.internal.registry.DefaultModelRegistry] Project : - Transitioning model element 'tasks.test' to state SelfClosed.
09:37:03.795 [DEBUG] [org.gradle.model.internal.registry.DefaultModelRegistry] Project : - Transitioning model element 'tasks.test' to state GraphClosed.
09:37:03.801 [DEBUG] [org.gradle.execution.taskgraph.DefaultTaskGraphExecuter] Timing: Creating the DAG took 0.055 secs
09:37:03.802 [INFO] [org.gradle.internal.buildevents.BuildLogger] Tasks to be executed: [task ':compileJava', task ':compileGroovy', task ':buildProperties', task ':processResources', task ':classes', task ':compileTestJava', task ':compileTestGroovy', task ':processTestResources', task ':testClasses', task ':compileIntegrationTestJava', task ':compileIntegrationTestGroovy', task ':findMainClass', task ':assetCompile', task ':compileWebappGroovyPages', task ':compileGroovyPages', task ':war', task ':bootRepackage', task ':assemble', task ':test', task ':processIntegrationTestResources', task ':integrationTestClasses', task ':integrationTest', task ':mergeTestReports', task ':check', task ':build']
09:37:03.805 [INFO] [org.gradle.api.internal.changedetection.state.InMemoryTaskArtifactCache] In-memory cache of /Users/michaelmennis/grails_dev/fakeyelp/.gradle/3.2/taskArtifacts/fileHashes.bin: Size{124}, CacheStats{hitCount=257, missCount=124, loadSuccessCount=124, loadExceptionCount=0, totalLoadTime=32212931, evictionCount=0}
09:37:03.805 [DEBUG] [org.gradle.cache.internal.LockOnDemandCrossProcessCacheAccess] Acquiring file lock for task history cache (/Users/michaelmennis/grails_dev/fakeyelp/.gradle/3.2/taskArtifacts)
09:37:03.819 [DEBUG] [org.gradle.cache.internal.DefaultFileLockManager] Waiting to acquire exclusive lock on task history cache (/Users/michaelmennis/grails_dev/fakeyelp/.gradle/3.2/taskArtifacts).
09:37:03.820 [DEBUG] [org.gradle.cache.internal.DefaultFileLockManager] Lock acquired.
09:37:03.820 [INFO] [org.gradle.api.internal.changedetection.state.InMemoryTaskArtifactCache] In-memory cache of /Users/michaelmennis/grails_dev/fakeyelp/.gradle/3.2/taskArtifacts/fileSnapshots.bin: Size{2}, CacheStats{hitCount=0, missCount=0, loadSuccessCount=0, loadExceptionCount=0, totalLoadTime=0, evictionCount=0}
09:37:03.820 [INFO] [org.gradle.api.internal.changedetection.state.InMemoryTaskArtifactCache] In-memory cache of /Users/michaelmennis/grails_dev/fakeyelp/.gradle/3.2/taskArtifacts/taskArtifacts.bin: Size{3}, CacheStats{hitCount=4, missCount=3, loadSuccessCount=3, loadExceptionCount=0, totalLoadTime=7379842, evictionCount=0}
09:37:03.820 [DEBUG] [org.gradle.internal.operations.DefaultBuildOperationWorkerRegistry] Worker root.1 started (1 in use).
09:37:03.821 [INFO] [org.gradle.execution.taskgraph.AbstractTaskPlanExecutor] :compileJava (Thread[Daemon worker,5,main]) started.
09:37:03.821 [LIFECYCLE] [class org.gradle.internal.buildevents.TaskExecutionLogger] :compileJava
09:37:03.821 [DEBUG] [org.gradle.api.internal.tasks.execution.ExecuteAtMostOnceTaskExecuter] Starting to execute task ':compileJava'
09:37:03.821 [INFO] [org.gradle.api.internal.tasks.execution.ResolveTaskArtifactStateTaskExecuter] Putting task artifact state for task ':compileJava' into context took 0.0 secs.
09:37:03.822 [INFO] [org.gradle.api.internal.file.collections.DirectoryFileTree] file or directory '/Users/michaelmennis/grails_dev/fakeyelp/src/main/java', not found
09:37:03.822 [INFO] [org.gradle.api.internal.tasks.execution.SkipEmptySourceFilesTaskExecuter] Skipping task ':compileJava' as it has no source files and no previous output files.
09:37:03.822 [DEBUG] [org.gradle.api.internal.tasks.execution.ResolveTaskArtifactStateTaskExecuter] Removed task artifact state for {} from context.
09:37:03.822 [DEBUG] [org.gradle.api.internal.tasks.execution.ExecuteAtMostOnceTaskExecuter] Finished executing task ':compileJava'
09:37:03.822 [LIFECYCLE] [class org.gradle.internal.buildevents.TaskExecutionLogger] :compileJava UP-TO-DATE
09:37:03.823 [INFO] [org.gradle.execution.taskgraph.AbstractTaskPlanExecutor] :compileJava (Thread[Daemon worker,5,main]) completed. Took 0.001 secs.
09:37:03.823 [DEBUG] [org.gradle.internal.operations.DefaultBuildOperationWorkerRegistry] Worker root.1 completed (0 in use)
09:37:03.823 [DEBUG] [org.gradle.internal.operations.DefaultBuildOperationWorkerRegistry] Worker root.2 started (1 in use).
09:37:03.823 [INFO] [org.gradle.execution.taskgraph.AbstractTaskPlanExecutor] :compileGroovy (Thread[Daemon worker,5,main]) started.
09:37:03.823 [LIFECYCLE] [class org.gradle.internal.buildevents.TaskExecutionLogger] :compileGroovy
09:37:03.823 [DEBUG] [org.gradle.api.internal.tasks.execution.ExecuteAtMostOnceTaskExecuter] Starting to execute task ':compileGroovy'
09:37:03.824 [INFO] [org.gradle.api.internal.tasks.execution.ResolveTaskArtifactStateTaskExecuter] Putting task artifact state for task ':compileGroovy' into context took 0.0 secs.
09:37:03.840 [DEBUG] [org.gradle.api.internal.tasks.execution.SkipUpToDateTaskExecuter] Determining if task ':compileGroovy' is up-to-date
09:37:03.840 [INFO] [org.gradle.api.internal.changedetection.rules.TaskTypeTaskStateChanges] Task :compileGroovy class loader hash: 7c7a6176ccdb49e13669f57d6232545f
09:37:03.840 [INFO] [org.gradle.api.internal.changedetection.rules.TaskTypeTaskStateChanges] Task :compileGroovy actions class loader hash: 1221bcd5351714ce1a66f1c7ef106298
09:37:03.851 [DEBUG] [io.spring.gradle.dependencymanagement.internal.ImplicitDependencyManagementCollector] Adding managed version in configuration 'compileClasspath' for dependency 'DefaultExternalModuleDependency{group='org.hibernate', name='hibernate-core', version='5.1.5.Final', configuration='default'}'
09:37:03.851 [DEBUG] [io.spring.gradle.dependencymanagement.internal.ImplicitDependencyManagementCollector] Adding managed version in configuration 'compileOnly' for dependency 'DefaultExternalModuleDependency{group='org.hibernate', name='hibernate-core', version='5.1.5.Final', configuration='default'}'
09:37:03.851 [DEBUG] [io.spring.gradle.dependencymanagement.internal.ImplicitDependencyManagementCollector] Adding managed version in configuration 'compile' for dependency 'DefaultExternalModuleDependency{group='org.hibernate', name='hibernate-core', version='5.1.5.Final', configuration='default'}'
09:37:03.853 [DEBUG] [org.gradle.api.internal.artifacts.ivyservice.resolveengine.DefaultArtifactDependencyResolver] Resolving configuration ':compileClasspath'
09:37:03.854 [DEBUG] [org.gradle.api.internal.artifacts.ivyservice.ivyresolve.memcache.InMemoryCachedRepositoryFactory] Reusing in-memory cache for repo 'MavenLocal' [7d5236b1643586c7776714a6deab182].
09:37:03.854 [DEBUG] [org.gradle.internal.resource.transport.http.JavaSystemPropertiesProxySettings] Found java system property 'http.nonProxyHosts': local|*.local|169.254/16|*.169.254/16. Will ignore proxy settings for these hosts.
09:37:03.854 [DEBUG] [org.gradle.api.internal.artifacts.ivyservice.ivyresolve.memcache.InMemoryCachedRepositoryFactory] Reusing in-memory cache for repo 'maven' [a084cad2441d39086e90f182aad939c2].
09:37:03.854 [DEBUG] [org.gradle.internal.resource.transport.http.JavaSystemPropertiesProxySettings] Found java system property 'http.nonProxyHosts': local|*.local|169.254/16|*.169.254/16. Will ignore proxy settings for these hosts.
09:37:03.854 [DEBUG] [org.gradle.api.internal.artifacts.ivyservice.ivyresolve.memcache.InMemoryCachedRepositoryFactory] Reusing in-memory cache for repo 'maven2' [26f256bc2a7294bafb250fda8cb4301f].
09:37:03.855 [DEBUG] [org.gradle.internal.resource.transport.http.JavaSystemPropertiesProxySettings] Found java system property 'http.nonProxyHosts': local|*.local|169.254/16|*.169.254/16. Will ignore proxy settings for these hosts.
09:37:03.856 [DEBUG] [org.gradle.api.internal.artifacts.ivyservice.ivyresolve.memcache.InMemoryCachedRepositoryFactory] Reusing in-memory cache for repo 'maven3' [7b8cf9f181d18eb27a2a8240a77dc3d].
09:37:03.856 [DEBUG] [org.gradle.api.internal.artifacts.ivyservice.resolveengine.graph.DependencyGraphBuilder] Visiting configuration fakeyelp:fakeyelp:0.1(compileClasspath).
09:37:03.856 [DEBUG] [org.gradle.api.internal.artifacts.ivyservice.resolveengine.graph.DependencyGraphBuilder] Visiting dependency fakeyelp:fakeyelp:0.1(compileClasspath) -> dependency: org.springframework.boot:spring-boot-starter-logging: from-conf: compile to-conf: null
09:37:03.856 [DEBUG] [io.spring.gradle.dependencymanagement.internal.VersionConfiguringAction] Processing dependency 'org.springframework.boot:spring-boot-starter-logging:'
09:37:03.857 [INFO] [io.spring.gradle.dependencymanagement.internal.DependencyManagement] Resolving dependency management for configuration 'compileClasspath' of project 'fakeyelp'
09:37:03.857 [DEBUG] [io.spring.gradle.dependencymanagement.internal.DependencyManagement] Preserving existing versions: {org.hibernate:hibernate-core=5.1.5.Final}
09:37:03.857 [INFO] [io.spring.gradle.dependencymanagement.internal.DependencyManagement] Resolving dependency management for configuration 'compileOnly' of project 'fakeyelp'
09:37:03.864 [DEBUG] [io.spring.gradle.dependencymanagement.internal.DependencyManagement] Preserving existing versions: {org.hibernate:hibernate-core=5.1.5.Final}
09:37:03.864 [INFO] [io.spring.gradle.dependencymanagement.internal.DependencyManagement] Resolving dependency management for configuration 'assets' of project 'fakeyelp'
09:37:03.864 [DEBUG] [io.spring.gradle.dependencymanagement.internal.DependencyManagement] Preserving existing versions: {}
09:37:03.864 [DEBUG] [io.spring.gradle.dependencymanagement.internal.DependencyManagementContainer] Found managed version '1.5.4.RELEASE' for dependency 'org.springframework.boot:spring-boot-starter-logging' in global dependency management
09:37:03.864 [DEBUG] [io.spring.gradle.dependencymanagement.internal.VersionConfiguringAction] Using version '1.5.4.RELEASE' for dependency 'org.springframework.boot:spring-boot-starter-logging:'
09:37:03.864 [DEBUG] [org.gradle.api.internal.artifacts.ivyservice.resolveengine.graph.DependencyGraphBuilder] Selecting new module version org.springframework.boot:spring-boot-starter-logging:1.5.4.RELEASE
09:37:03.864 [DEBUG] [org.gradle.api.internal.artifacts.ivyservice.ivyresolve.RepositoryChainComponentMetaDataResolver] Attempting to resolve component for org.springframework.boot:spring-boot-starter-logging:1.5.4.RELEASE using repositories [MavenLocal, maven, maven2, maven3]
09:37:03.864 [DEBUG] [org.gradle.api.internal.artifacts.ivyservice.ivyresolve.RepositoryChainComponentMetaDataResolver] Using org.springframework.boot:spring-boot-starter-logging:1.5.4.RELEASE from Maven repository 'maven'
09:37:03.864 [DEBUG] [org.gradle.api.internal.artifacts.ivyservice.resolveengine.graph.DependencyGraphBuilder] Visiting dependency fakeyelp:fakeyelp:0.1(compileClasspath) -> dependency: org.springframework.boot:spring-boot-autoconfigure: from-conf: compile to-conf: null
09:37:03.865 [DEBUG] [io.spring.gradle.dependencymanagement.internal.VersionConfiguringAction] Processing dependency 'org.springframework.boot:spring-boot-autoconfigure:'
09:37:03.865 [DEBUG] [io.spring.gradle.dependencymanagement.internal.DependencyManagementContainer] Found managed version '1.5.4.RELEASE' for dependency 'org.springframework.boot:spring-boot-autoconfigure' in global dependency management
09:37:03.865 [DEBUG] [io.spring.gradle.dependencymanagement.internal.VersionConfiguringAction] Using version '1.5.4.RELEASE' for dependency 'org.springframework.boot:spring-boot-autoconfigure:'
09:37:03.865 [DEBUG] [org.gradle.api.internal.artifacts.ivyservice.resolveengine.graph.DependencyGraphBuilder] Selecting new module version org.springframework.boot:spring-boot-autoconfigure:1.5.4.RELEASE
09:37:03.865 [DEBUG] [org.gradle.api.internal.artifacts.ivyservice.ivyresolve.RepositoryChainComponentMetaDataResolver] Attempting to resolve component for org.springframework.boot:spring-boot-autoconfigure:1.5.4.RELEASE using repositories [MavenLocal, maven, maven2, maven3]
09:37:03.865 [DEBUG] [org.gradle.api.internal.artifacts.ivyservice.ivyresolve.RepositoryChainComponentMetaDataResolver] Using org.springframework.boot:spring-boot-autoconfigure:1.5.4.RELEASE from Maven repository 'maven'
09:37:03.865 [DEBUG] [org.gradle.api.internal.artifacts.ivyservice.resolveengine.graph.DependencyGraphBuilder] Visiting dependency fakeyelp:fakeyelp:0.1(compileClasspath) -> dependency: org.grails:grails-core: from-conf: compile to-conf: null
09:37:03.865 [DEBUG] [io.spring.gradle.dependencymanagement.internal.VersionConfiguringAction] Processing dependency 'org.grails:grails-core:'
09:37:03.865 [DEBUG] [io.spring.gradle.dependencymanagement.internal.DependencyManagementContainer] Found managed version '3.3.0' for dependency 'org.grails:grails-core' in global dependency management
09:37:03.865 [DEBUG] [io.spring.gradle.dependencymanagement.internal.VersionConfiguringAction] Using version '3.3.0' for dependency 'org.grails:grails-core:'
09:37:03.865 [DEBUG] [org.gradle.api.internal.artifacts.ivyservice.resolveengine.graph.DependencyGraphBuilder] Selecting new module version org.grails:grails-core:3.3.0
09:37:03.865 [DEBUG] [org.gradle.api.internal.artifacts.ivyservice.ivyresolve.RepositoryChainComponentMetaDataResolver] Attempting to resolve component for org.grails:grails-core:3.3.0 using repositories [MavenLocal, maven, maven2, maven3]
09:37:03.865 [DEBUG] [org.gradle.api.internal.artifacts.ivyservice.ivyresolve.RepositoryChainComponentMetaDataResolver] Using org.grails:grails-core:3.3.0 from Maven repository 'maven'
09:37:03.865 [DEBUG] [org.gradle.api.internal.artifacts.ivyservice.resolveengine.graph.DependencyGraphBuilder] Visiting dependency fakeyelp:fakeyelp:0.1(compileClasspath) -> dependency: org.springframework.boot:spring-boot-starter-actuator: from-conf: compile to-conf: null
09:37:03.865 [DEBUG] [io.spring.gradle.dependencymanagement.internal.VersionConfiguringAction] Processing dependency 'org.springframework.boot:spring-boot-starter-actuator:'
09:37:03.865 [DEBUG] [io.spring.gradle.dependencymanagement.internal.DependencyManagementContainer] Found managed version '1.5.4.RELEASE' for dependency 'org.springframework.boot:spring-boot-starter-actuator' in global dependency management
09:37:03.865 [DEBUG] [io.spring.gradle.dependencymanagement.internal.VersionConfiguringAction] Using version '1.5.4.RELEASE' for dependency 'org.springframework.boot:spring-boot-starter-actuator:'
09:37:03.865 [DEBUG] [org.gradle.api.internal.artifacts.ivyservice.resolveengine.graph.DependencyGraphBuilder] Selecting new module version org.springframework.boot:spring-boot-starter-actuator:1.5.4.RELEASE
09:37:03.865 [DEBUG] [org.gradle.api.internal.artifacts.ivyservice.ivyresolve.RepositoryChainComponentMetaDataResolver] Attempting to resolve component for org.springframework.boot:spring-boot-starter-actuator:1.5.4.RELEASE using repositories [MavenLocal, maven, maven2, maven3]
09:37:03.865 [DEBUG] [org.gradle.api.internal.artifacts.ivyservice.ivyresolve.RepositoryChainComponentMetaDataResolver] Using org.springframework.boot:spring-boot-starter-actuator:1.5.4.RELEASE from Maven repository 'maven'
09:37:03.866 [DEBUG] [org.gradle.api.internal.artifacts.ivyservice.resolveengine.graph.DependencyGraphBuilder] Visiting dependency fakeyelp:fakeyelp:0.1(compileClasspath) -> dependency: org.springframework.boot:spring-boot-starter-tomcat: from-conf: compile to-conf: null
09:37:03.866 [DEBUG] [io.spring.gradle.dependencymanagement.internal.VersionConfiguringAction] Processing dependency 'org.springframework.boot:spring-boot-starter-tomcat:'
09:37:03.866 [DEBUG] [io.spring.gradle.dependencymanagement.internal.DependencyManagementContainer] Found managed version '1.5.4.RELEASE' for dependency 'org.springframework.boot:spring-boot-starter-tomcat' in global dependency management
09:37:03.866 [DEBUG] [io.spring.gradle.dependencymanagement.internal.VersionConfiguringAction] Using version '1.5.4.RELEASE' for dependency 'org.springframework.boot:spring-boot-starter-tomcat:'
09:37:03.866 [DEBUG] [org.gradle.api.internal.artifacts.ivyservice.resolveengine.graph.DependencyGraphBuilder] Selecting new module version org.springframework.boot:spring-boot-starter-tomcat:1.5.4.RELEASE
09:37:03.866 [DEBUG] [org.gradle.api.internal.artifacts.ivyservice.ivyresolve.RepositoryChainComponentMetaDataResolver] Attempting to resolve component for org.springframework.boot:spring-boot-starter-tomcat:1.5.4.RELEASE using repositories [MavenLocal, maven, maven2, maven3]
09:37:03.866 [DEBUG] [org.gradle.api.internal.artifacts.ivyservice.ivyresolve.RepositoryChainComponentMetaDataResolver] Using org.springframework.boot:spring-boot-starter-tomcat:1.5.4.RELEASE from Maven repository 'maven'
09:37:03.866 [DEBUG] [org.gradle.api.internal.artifacts.ivyservice.resolveengine.graph.DependencyGraphBuilder] Visiting dependency fakeyelp:fakeyelp:0.1(compileClasspath) -> dependency: org.grails:grails-web-boot: from-conf: compile to-conf: null
09:37:03.867 [DEBUG] [io.spring.gradle.dependencymanagement.internal.VersionConfiguringAction] Processing dependency 'org.grails:grails-web-boot:'
09:37:03.867 [DEBUG] [io.spring.gradle.dependencymanagement.internal.DependencyManagementContainer] Found managed version '3.3.0' for dependency 'org.grails:grails-web-boot' in global dependency management
09:37:03.867 [DEBUG] [io.spring.gradle.dependencymanagement.internal.VersionConfiguringAction] Using version '3.3.0' for dependency 'org.grails:grails-web-boot:'
09:37:03.868 [DEBUG] [org.gradle.api.internal.artifacts.ivyservice.resolveengine.graph.DependencyGraphBuilder] Selecting new module version org.grails:grails-web-boot:3.3.0
09:37:03.868 [DEBUG] [org.gradle.api.internal.artifacts.ivyservice.ivyresolve.RepositoryChainComponentMetaDataResolver] Attempting to resolve component for org.grails:grails-web-boot:3.3.0 using repositories [MavenLocal, maven, maven2, maven3]
09:37:03.868 [DEBUG] [org.gradle.api.internal.artifacts.ivyservice.ivyresolve.RepositoryChainComponentMetaDataResolver] Using org.grails:grails-web-boot:3.3.0 from Maven repository 'maven'
09:37:03.868 [DEBUG] [org.gradle.api.internal.artifacts.ivyservice.resolveengine.graph.DependencyGraphBuilder] Visiting dependency fakeyelp:fakeyelp:0.1(compileClasspath) -> dependency: org.grails:grails-logging: from-conf: compile to-conf: null
09:37:03.879 [DEBUG] [io.spring.gradle.dependencymanagement.internal.VersionConfiguringAction] Processing dependency 'org.grails:grails-logging:'
09:37:03.879 [DEBUG] [io.spring.gradle.dependencymanagement.internal.DependencyManagementContainer] Found managed version '3.3.0' for dependency 'org.grails:grails-logging' in global dependency management
09:37:03.879 [DEBUG] [io.spring.gradle.dependencymanagement.internal.VersionConfiguringAction] Using version '3.3.0' for dependency 'org.grails:grails-logging:'
09:37:03.879 [DEBUG] [org.gradle.api.internal.artifacts.ivyservice.resolveengine.graph.DependencyGraphBuilder] Selecting new module version org.grails:grails-logging:3.3.0
09:37:03.879 [DEBUG] [org.gradle.api.internal.artifacts.ivyservice.ivyresolve.RepositoryChainComponentMetaDataResolver] Attempting to resolve component for org.grails:grails-logging:3.3.0 using repositories [MavenLocal, maven, maven2, maven3]
09:37:03.879 [DEBUG] [org.gradle.api.internal.artifacts.ivyservice.ivyresolve.RepositoryChainComponentMetaDataResolver] Using org.grails:grails-logging:3.3.0 from Maven repository 'maven'
09:37:03.879 [DEBUG] [org.gradle.api.internal.artifacts.ivyservice.resolveengine.graph.DependencyGraphBuilder] Visiting dependency fakeyelp:fakeyelp:0.1(compileClasspath) -> dependency: org.grails:grails-plugin-rest: from-conf: compile to-conf: null
09:37:03.879 [DEBUG] [io.spring.gradle.dependencymanagement.internal.VersionConfiguringAction] Processing dependency 'org.grails:grails-plugin-rest:'
09:37:03.879 [DEBUG] [io.spring.gradle.dependencymanagement.internal.DependencyManagementContainer] Found managed version '3.3.0' for dependency 'org.grails:grails-plugin-rest' in global dependency management
09:37:03.879 [DEBUG] [io.spring.gradle.dependencymanagement.internal.VersionConfiguringAction] Using version '3.3.0' for dependency 'org.grails:grails-plugin-rest:'
09:37:03.879 [DEBUG] [org.gradle.api.internal.artifacts.ivyservice.resolveengine.graph.DependencyGraphBuilder] Selecting new module version org.grails:grails-plugin-rest:3.3.0
09:37:03.879 [DEBUG] [org.gradle.api.internal.artifacts.ivyservice.ivyresolve.RepositoryChainComponentMetaDataResolver] Attempting to resolve component for org.grails:grails-plugin-rest:3.3.0 using repositories [MavenLocal, maven, maven2, maven3]
09:37:03.879 [DEBUG] [org.gradle.api.internal.artifacts.ivyservice.ivyresolve.RepositoryChainComponentMetaDataResolver] Using org.grails:grails-plugin-rest:3.3.0 from Maven repository 'maven'
09:37:03.879 [DEBUG] [org.gradle.api.internal.artifacts.ivyservice.resolveengine.graph.DependencyGraphBuilder] Visiting dependency fakeyelp:fakeyelp:0.1(compileClasspath) -> dependency: org.grails:grails-plugin-databinding: from-conf: compile to-conf: null
09:37:03.879 [DEBUG] [io.spring.gradle.dependencymanagement.internal.VersionConfiguringAction] Processing dependency 'org.grails:grails-plugin-databinding:'
09:37:03.880 [DEBUG] [io.spring.gradle.dependencymanagement.internal.DependencyManagementContainer] Found managed version '3.3.0' for dependency 'org.grails:grails-plugin-databinding' in global dependency management
09:37:03.880 [DEBUG] [io.spring.gradle.dependencymanagement.internal.VersionConfiguringAction] Using version '3.3.0' for dependency 'org.grails:grails-plugin-databinding:'
09:37:03.880 [DEBUG] [org.gradle.api.internal.artifacts.ivyservice.resolveengine.graph.DependencyGraphBuilder] Selecting new module version org.grails:grails-plugin-databinding:3.3.0
09:37:03.880 [DEBUG] [org.gradle.api.internal.artifacts.ivyservice.ivyresolve.RepositoryChainComponentMetaDataResolver] Attempting to resolve component for org.grails:grails-plugin-databinding:3.3.0 using repositories [MavenLocal, maven, maven2, maven3]
09:37:03.880 [DEBUG] [org.gradle.api.internal.artifacts.ivyservice.ivyresolve.RepositoryChainComponentMetaDataResolver] Using org.grails:grails-plugin-databinding:3.3.0 from Maven repository 'maven'
09:37:03.880 [DEBUG] [org.gradle.api.internal.artifacts.ivyservice.resolveengine.graph.DependencyGraphBuilder] Visiting dependency fakeyelp:fakeyelp:0.1(compileClasspath) -> dependency: org.grails:grails-plugin-i18n: from-conf: compile to-conf: null
09:37:03.880 [DEBUG] [io.spring.gradle.dependencymanagement.internal.VersionConfiguringAction] Processing dependency 'org.grails:grails-plugin-i18n:'
09:37:03.880 [DEBUG] [io.spring.gradle.dependencymanagement.internal.DependencyManagementContainer] Found managed version '3.3.0' for dependency 'org.grails:grails-plugin-i18n' in global dependency management
09:37:03.880 [DEBUG] [io.spring.gradle.dependencymanagement.internal.VersionConfiguringAction] Using version '3.3.0' for dependency 'org.grails:grails-plugin-i18n:'
09:37:03.880 [DEBUG] [org.gradle.api.internal.artifacts.ivyservice.resolveengine.graph.DependencyGraphBuilder] Selecting new module version org.grails:grails-plugin-i18n:3.3.0
09:37:03.880 [DEBUG] [org.gradle.api.internal.artifacts.ivyservice.ivyresolve.RepositoryChainComponentMetaDataResolver] Attempting to resolve component for org.grails:grails-plugin-i18n:3.3.0 using repositories [MavenLocal, maven, maven2, maven3]
09:37:03.880 [DEBUG] [org.gradle.api.internal.artifacts.ivyservice.ivyresolve.RepositoryChainComponentMetaDataResolver] Using org.grails:grails-plugin-i18n:3.3.0 from Maven repository 'maven'
09:37:03.880 [DEBUG] [org.gradle.api.internal.artifacts.ivyservice.resolveengine.graph.DependencyGraphBuilder] Visiting dependency fakeyelp:fakeyelp:0.1(compileClasspath) -> dependency: org.grails:grails-plugin-services: from-conf: compile to-conf: null
09:37:03.880 [DEBUG] [io.spring.gradle.dependencymanagement.internal.VersionConfiguringAction] Processing dependency 'org.grails:grails-plugin-services:'
09:37:03.880 [DEBUG] [io.spring.gradle.dependencymanagement.internal.DependencyManagementContainer] Found managed version '3.3.0' for dependency 'org.grails:grails-plugin-services' in global dependency management
09:37:03.880 [DEBUG] [io.spring.gradle.dependencymanagement.internal.VersionConfiguringAction] Using version '3.3.0' for dependency 'org.grails:grails-plugin-services:'
09:37:03.880 [DEBUG] [org.gradle.api.internal.artifacts.ivyservice.resolveengine.graph.DependencyGraphBuilder] Selecting new module version org.grails:grails-plugin-services:3.3.0
09:37:03.881 [DEBUG] [org.gradle.api.internal.artifacts.ivyservice.ivyresolve.RepositoryChainComponentMetaDataResolver] Attempting to resolve component for org.grails:grails-plugin-services:3.3.0 using repositories [MavenLocal, maven, maven2, maven3]
09:37:03.881 [DEBUG] [org.gradle.api.internal.artifacts.ivyservice.ivyresolve.RepositoryChainComponentMetaDataResolver] Using org.grails:grails-plugin-services:3.3.0 from Maven repository 'maven'
09:37:03.881 [DEBUG] [org.gradle.api.internal.artifacts.ivyservice.resolveengine.graph.DependencyGraphBuilder] Visiting dependency fakeyelp:fakeyelp:0.1(compileClasspath) -> dependency: org.grails:grails-plugin-url-mappings: from-conf: compile to-conf: null
09:37:03.881 [DEBUG] [io.spring.gradle.dependencymanagement.internal.VersionConfiguringAction] Processing dependency 'org.grails:grails-plugin-url-mappings:'
09:37:03.881 [DEBUG] [io.spring.gradle.dependencymanagement.internal.DependencyManagementContainer] Found managed version '3.3.0' for dependency 'org.grails:grails-plugin-url-mappings' in global dependency management
09:37:03.881 [DEBUG] [io.spring.gradle.dependencymanagement.internal.VersionConfiguringAction] Using version '3.3.0' for dependency 'org.grails:grails-plugin-url-mappings:'
09:37:03.881 [DEBUG] [org.gradle.api.internal.artifacts.ivyservice.resolveengine.graph.DependencyGraphBuilder] Selecting new module version org.grails:grails-plugin-url-mappings:3.3.0
09:37:03.881 [DEBUG] [org.gradle.api.internal.artifacts.ivyservice.ivyresolve.RepositoryChainComponentMetaDataResolver] Attempting to resolve component for org.grails:grails-plugin-url-mappings:3.3.0 using repositories [MavenLocal, maven, maven2, maven3]
09:37:03.881 [DEBUG] [org.gradle.api.internal.artifacts.ivyservice.ivyresolve.RepositoryChainComponentMetaDataResolver] Using org.grails:grails-plugin-url-mappings:3.3.0 from Maven repository 'maven'
09:37:03.881 [DEBUG] [org.gradle.api.internal.artifacts.ivyservice.resolveengine.graph.DependencyGraphBuilder] Visiting dependency fakeyelp:fakeyelp:0.1(compileClasspath) -> dependency: org.grails:grails-plugin-interceptors: from-conf: compile to-conf: null
09:37:03.881 [DEBUG] [io.spring.gradle.dependencymanagement.internal.VersionConfiguringAction] Processing dependency 'org.grails:grails-plugin-interceptors:'
09:37:03.881 [DEBUG] [io.spring.gradle.dependencymanagement.internal.DependencyManagementContainer] Found managed version '3.3.0' for dependency 'org.grails:grails-plugin-interceptors' in global dependency management
09:37:03.881 [DEBUG] [io.spring.gradle.dependencymanagement.internal.VersionConfiguringAction] Using version '3.3.0' for dependency 'org.grails:grails-plugin-interceptors:'
09:37:03.881 [DEBUG] [org.gradle.api.internal.artifacts.ivyservice.resolveengine.graph.DependencyGraphBuilder] Selecting new module version org.grails:grails-plugin-interceptors:3.3.0
09:37:03.881 [DEBUG] [org.gradle.api.internal.artifacts.ivyservice.ivyresolve.RepositoryChainComponentMetaDataResolver] Attempting to resolve component for org.grails:grails-plugin-interceptors:3.3.0 using repositories [MavenLocal, maven, maven2, maven3]
09:37:03.881 [DEBUG] [org.gradle.api.internal.artifacts.ivyservice.ivyresolve.RepositoryChainComponentMetaDataResolver] Using org.grails:grails-plugin-interceptors:3.3.0 from Maven repository 'maven'
09:37:03.881 [DEBUG] [org.gradle.api.internal.artifacts.ivyservice.resolveengine.graph.DependencyGraphBuilder] Visiting dependency fakeyelp:fakeyelp:0.1(compileClasspath) -> dependency: org.grails.plugins:cache: from-conf: compile to-conf: null
09:37:03.881 [DEBUG] [io.spring.gradle.dependencymanagement.internal.VersionConfiguringAction] Processing dependency 'org.grails.plugins:cache:'
09:37:03.881 [DEBUG] [io.spring.gradle.dependencymanagement.internal.DependencyManagementContainer] Found managed version '4.0.0' for dependency 'org.grails.plugins:cache' in global dependency management
09:37:03.881 [DEBUG] [io.spring.gradle.dependencymanagement.internal.VersionConfiguringAction] Using version '4.0.0' for dependency 'org.grails.plugins:cache:'
09:37:03.881 [DEBUG] [org.gradle.api.internal.artifacts.ivyservice.resolveengine.graph.DependencyGraphBuilder] Selecting new module version org.grails.plugins:cache:4.0.0
09:37:03.882 [DEBUG] [org.gradle.api.internal.artifacts.ivyservice.ivyresolve.RepositoryChainComponentMetaDataResolver] Attempting to resolve component for org.grails.plugins:cache:4.0.0 using repositories [MavenLocal, maven, maven2, maven3]
09:37:03.882 [DEBUG] [org.gradle.api.internal.artifacts.ivyservice.ivyresolve.RepositoryChainComponentMetaDataResolver] Using org.grails.plugins:cache:4.0.0 from Maven repository 'maven'
09:37:03.882 [DEBUG] [org.gradle.api.internal.artifacts.ivyservice.resolveengine.graph.DependencyGraphBuilder] Visiting dependency fakeyelp:fakeyelp:0.1(compileClasspath) -> dependency: org.grails.plugins:async: from-conf: compile to-conf: null
09:37:03.882 [DEBUG] [io.spring.gradle.dependencymanagement.internal.VersionConfiguringAction] Processing dependency 'org.grails.plugins:async:'
09:37:03.882 [DEBUG] [io.spring.gradle.dependencymanagement.internal.DependencyManagementContainer] Found managed version '3.3.0' for dependency 'org.grails.plugins:async' in global dependency management
09:37:03.882 [DEBUG] [io.spring.gradle.dependencymanagement.internal.VersionConfiguringAction] Using version '3.3.0' for dependency 'org.grails.plugins:async:'
09:37:03.882 [DEBUG] [org.gradle.api.internal.artifacts.ivyservice.resolveengine.graph.DependencyGraphBuilder] Selecting new module version org.grails.plugins:async:3.3.0
09:37:03.882 [DEBUG] [org.gradle.api.internal.artifacts.ivyservice.ivyresolve.RepositoryChainComponentMetaDataResolver] Attempting to resolve component for org.grails.plugins:async:3.3.0 using repositories [MavenLocal, maven, maven2, maven3]
09:37:03.882 [DEBUG] [org.gradle.api.internal.artifacts.ivyservice.ivyresolve.RepositoryChainComponentMetaDataResolver] Using org.grails.plugins:async:3.3.0 from Maven repository 'maven'
09:37:03.882 [DEBUG] [org.gradle.api.internal.artifacts.ivyservice.resolveengine.graph.DependencyGraphBuilder] Visiting dependency fakeyelp:fakeyelp:0.1(compileClasspath) -> dependency: org.grails.plugins:scaffolding: from-conf: compile to-conf: null
09:37:03.882 [DEBUG] [io.spring.gradle.dependencymanagement.internal.VersionConfiguringAction] Processing dependency 'org.grails.plugins:scaffolding:'
09:37:03.882 [DEBUG] [io.spring.gradle.dependencymanagement.internal.DependencyManagementContainer] Found managed version '3.3.3' for dependency 'org.grails.plugins:scaffolding' in global dependency management
09:37:03.882 [DEBUG] [io.spring.gradle.dependencymanagement.internal.VersionConfiguringAction] Using version '3.3.3' for dependency 'org.grails.plugins:scaffolding:'
09:37:03.882 [DEBUG] [org.gradle.api.internal.artifacts.ivyservice.resolveengine.graph.DependencyGraphBuilder] Selecting new module version org.grails.plugins:scaffolding:3.3.3
09:37:03.882 [DEBUG] [org.gradle.api.internal.artifacts.ivyservice.ivyresolve.RepositoryChainComponentMetaDataResolver] Attempting to resolve component for org.grails.plugins:scaffolding:3.3.3 using repositories [MavenLocal, maven, maven2, maven3]
09:37:03.882 [DEBUG] [org.gradle.api.internal.artifacts.ivyservice.ivyresolve.RepositoryChainComponentMetaDataResolver] Using org.grails.plugins:scaffolding:3.3.3 from Maven repository 'maven'
09:37:03.882 [DEBUG] [org.gradle.api.internal.artifacts.ivyservice.resolveengine.graph.DependencyGraphBuilder] Visiting dependency fakeyelp:fakeyelp:0.1(compileClasspath) -> dependency: org.grails.plugins:events: from-conf: compile to-conf: null
09:37:03.882 [DEBUG] [io.spring.gradle.dependencymanagement.internal.VersionConfiguringAction] Processing dependency 'org.grails.plugins:events:'
09:37:03.882 [DEBUG] [io.spring.gradle.dependencymanagement.internal.DependencyManagementContainer] Found managed version '3.3.0' for dependency 'org.grails.plugins:events' in global dependency management
09:37:03.882 [DEBUG] [io.spring.gradle.dependencymanagement.internal.VersionConfiguringAction] Using version '3.3.0' for dependency 'org.grails.plugins:events:'
09:37:03.882 [DEBUG] [org.gradle.api.internal.artifacts.ivyservice.resolveengine.graph.DependencyGraphBuilder] Selecting new module version org.grails.plugins:events:3.3.0
09:37:03.882 [DEBUG] [org.gradle.api.internal.artifacts.ivyservice.ivyresolve.RepositoryChainComponentMetaDataResolver] Attempting to resolve component for org.grails.plugins:events:3.3.0 using repositories [MavenLocal, maven, maven2, maven3]
09:37:03.882 [DEBUG] [org.gradle.api.internal.artifacts.ivyservice.ivyresolve.RepositoryChainComponentMetaDataResolver] Using org.grails.plugins:events:3.3.0 from Maven repository 'maven'
09:37:03.882 [DEBUG] [org.gradle.api.internal.artifacts.ivyservice.resolveengine.graph.DependencyGraphBuilder] Visiting dependency fakeyelp:fakeyelp:0.1(compileClasspath) -> dependency: org.grails.plugins:hibernate5: from-conf: compile to-conf: null
09:37:03.883 [DEBUG] [io.spring.gradle.dependencymanagement.internal.VersionConfiguringAction] Processing dependency 'org.grails.plugins:hibernate5:'
09:37:03.883 [DEBUG] [io.spring.gradle.dependencymanagement.internal.DependencyManagementContainer] Found managed version '6.1.6' for dependency 'org.grails.plugins:hibernate5' in global dependency management
09:37:03.883 [DEBUG] [io.spring.gradle.dependencymanagement.internal.VersionConfiguringAction] Using version '6.1.6' for dependency 'org.grails.plugins:hibernate5:'
09:37:03.883 [DEBUG] [org.gradle.api.internal.artifacts.ivyservice.resolveengine.graph.DependencyGraphBuilder] Selecting new module version org.grails.plugins:hibernate5:6.1.6
09:37:03.883 [DEBUG] [org.gradle.api.internal.artifacts.ivyservice.ivyresolve.RepositoryChainComponentMetaDataResolver] Attempting to resolve component for org.grails.plugins:hibernate5:6.1.6 using repositories [MavenLocal, maven, maven2, maven3]
09:37:03.883 [DEBUG] [org.gradle.api.internal.artifacts.ivyservice.ivyresolve.RepositoryChainComponentMetaDataResolver] Using org.grails.plugins:hibernate5:6.1.6 from Maven repository 'maven'
09:37:03.883 [DEBUG] [org.gradle.api.internal.artifacts.ivyservice.resolveengine.graph.DependencyGraphBuilder] Visiting dependency fakeyelp:fakeyelp:0.1(compileClasspath) -> dependency: org.hibernate:hibernate-core:5.1.5.Final from-conf: compile to-conf: null
09:37:03.883 [DEBUG] [io.spring.gradle.dependencymanagement.internal.VersionConfiguringAction] Processing dependency 'org.hibernate:hibernate-core:5.1.5.Final'
09:37:03.886 [DEBUG] [io.spring.gradle.dependencymanagement.internal.DependencyManagementContainer] Found managed version '5.1.5.Final' for dependency 'org.hibernate:hibernate-core' in dependency management for configuration 'compileClasspath'
09:37:03.886 [DEBUG] [io.spring.gradle.dependencymanagement.internal.VersionConfiguringAction] Using version '5.1.5.Final' for dependency 'org.hibernate:hibernate-core:5.1.5.Final'
09:37:03.886 [DEBUG] [org.gradle.api.internal.artifacts.ivyservice.resolveengine.graph.DependencyGraphBuilder] Selecting new module version org.hibernate:hibernate-core:5.1.5.Final
09:37:03.886 [DEBUG] [org.gradle.api.internal.artifacts.ivyservice.ivyresolve.RepositoryChainComponentMetaDataResolver] Attempting to resolve component for org.hibernate:hibernate-core:5.1.5.Final using repositories [MavenLocal, maven, maven2, maven3]
09:37:03.886 [DEBUG] [org.gradle.api.internal.artifacts.ivyservice.ivyresolve.RepositoryChainComponentMetaDataResolver] Using org.hibernate:hibernate-core:5.1.5.Final from Maven repository 'maven'
09:37:03.886 [DEBUG] [org.gradle.api.internal.artifacts.ivyservice.resolveengine.graph.DependencyGraphBuilder] Visiting dependency fakeyelp:fakeyelp:0.1(compileClasspath) -> dependency: org.grails.plugins:gsp: from-conf: compile to-conf: null
09:37:03.886 [DEBUG] [io.spring.gradle.dependencymanagement.internal.VersionConfiguringAction] Processing dependency 'org.grails.plugins:gsp:'
09:37:03.886 [DEBUG] [io.spring.gradle.dependencymanagement.internal.DependencyManagementContainer] Found managed version '3.3.0' for dependency 'org.grails.plugins:gsp' in global dependency management
09:37:03.886 [DEBUG] [io.spring.gradle.dependencymanagement.internal.VersionConfiguringAction] Using version '3.3.0' for dependency 'org.grails.plugins:gsp:'
09:37:03.886 [DEBUG] [org.gradle.api.internal.artifacts.ivyservice.resolveengine.graph.DependencyGraphBuilder] Selecting new module version org.grails.plugins:gsp:3.3.0
09:37:03.886 [DEBUG] [org.gradle.api.internal.artifacts.ivyservice.ivyresolve.RepositoryChainComponentMetaDataResolver] Attempting to resolve component for org.grails.plugins:gsp:3.3.0 using repositories [MavenLocal, maven, maven2, maven3]
09:37:03.886 [DEBUG] [org.gradle.api.internal.artifacts.ivyservice.ivyresolve.RepositoryChainComponentMetaDataResolver] Using org.grails.plugins:gsp:3.3.0 from Maven repository 'maven'
09:37:03.886 [DEBUG] [org.gradle.api.internal.artifacts.ivyservice.resolveengine.graph.DependencyGraphBuilder] Visiting configuration org.springframework.boot:spring-boot-starter-logging:1.5.4.RELEASE(default).
09:37:03.887 [DEBUG] [org.gradle.api.internal.artifacts.ivyservice.resolveengine.graph.DependencyGraphBuilder] Visiting dependency org.springframework.boot:spring-boot-starter-logging:1.5.4.RELEASE(default) -> dependency: ch.qos.logback:logback-classic:1.1.11, scope: Compile, optional: false
09:37:03.887 [DEBUG] [io.spring.gradle.dependencymanagement.internal.VersionConfiguringAction] Processing dependency 'ch.qos.logback:logback-classic:1.1.11'
09:37:03.887 [DEBUG] [io.spring.gradle.dependencymanagement.internal.DependencyManagementContainer] Found managed version '1.1.11' for dependency 'ch.qos.logback:logback-classic' in global dependency management
09:37:03.887 [DEBUG] [io.spring.gradle.dependencymanagement.internal.VersionConfiguringAction] Using version '1.1.11' for dependency 'ch.qos.logback:logback-classic:1.1.11'
09:37:03.887 [DEBUG] [org.gradle.api.internal.artifacts.ivyservice.resolveengine.graph.DependencyGraphBuilder] Selecting new module version ch.qos.logback:logback-classic:1.1.11
09:37:03.887 [DEBUG] [org.gradle.api.internal.artifacts.ivyservice.ivyresolve.RepositoryChainComponentMetaDataResolver] Attempting to resolve component for ch.qos.logback:logback-classic:1.1.11 using repositories [MavenLocal, maven, maven2, maven3]
09:37:03.887 [DEBUG] [org.gradle.api.internal.artifacts.ivyservice.ivyresolve.RepositoryChainComponentMetaDataResolver] Using ch.qos.logback:logback-classic:1.1.11 from Maven repository 'maven'
09:37:03.887 [DEBUG] [org.gradle.api.internal.artifacts.ivyservice.resolveengine.graph.DependencyGraphBuilder] Visiting dependency org.springframework.boot:spring-boot-starter-logging:1.5.4.RELEASE(default) -> dependency: org.slf4j:jcl-over-slf4j:1.7.25, scope: Compile, optional: false
09:37:03.887 [DEBUG] [io.spring.gradle.dependencymanagement.internal.VersionConfiguringAction] Processing dependency 'org.slf4j:jcl-over-slf4j:1.7.25'
09:37:03.887 [DEBUG] [io.spring.gradle.dependencymanagement.internal.DependencyManagementContainer] Found managed version '1.7.25' for dependency 'org.slf4j:jcl-over-slf4j' in global dependency management
09:37:03.887 [DEBUG] [io.spring.gradle.dependencymanagement.internal.VersionConfiguringAction] Using version '1.7.25' for dependency 'org.slf4j:jcl-over-slf4j:1.7.25'
09:37:03.887 [DEBUG] [org.gradle.api.internal.artifacts.ivyservice.resolveengine.graph.DependencyGraphBuilder] Selecting new module version org.slf4j:jcl-over-slf4j:1.7.25
09:37:03.887 [DEBUG] [org.gradle.api.internal.artifacts.ivyservice.ivyresolve.RepositoryChainComponentMetaDataResolver] Attempting to resolve component for org.slf4j:jcl-over-slf4j:1.7.25 using repositories [MavenLocal, maven, maven2, maven3]
09:37:03.887 [DEBUG] [org.gradle.api.internal.artifacts.ivyservice.ivyresolve.RepositoryChainComponentMetaDataResolver] Using org.slf4j:jcl-over-slf4j:1.7.25 from Maven repository 'maven'
09:37:03.887 [DEBUG] [org.gradle.api.internal.artifacts.ivyservice.resolveengine.graph.DependencyGraphBuilder] Visiting dependency org.springframework.boot:spring-boot-starter-logging:1.5.4.RELEASE(default) -> dependency: org.slf4j:jul-to-slf4j:1.7.25, scope: Compile, optional: false
09:37:03.887 [DEBUG] [io.spring.gradle.dependencymanagement.internal.VersionConfiguringAction] Processing dependency 'org.slf4j:jul-to-slf4j:1.7.25'
09:37:03.887 [DEBUG] [io.spring.gradle.dependencymanagement.internal.DependencyManagementContainer] Found managed version '1.7.25' for dependency 'org.slf4j:jul-to-slf4j' in global dependency management
09:37:03.887 [DEBUG] [io.spring.gradle.dependencymanagement.internal.VersionConfiguringAction] Using version '1.7.25' for dependency 'org.slf4j:jul-to-slf4j:1.7.25'
09:37:03.888 [DEBUG] [org.gradle.api.internal.artifacts.ivyservice.resolveengine.graph.DependencyGraphBuilder] Selecting new module version org.slf4j:jul-to-slf4j:1.7.25
09:37:03.888 [DEBUG] [org.gradle.api.internal.artifacts.ivyservice.ivyresolve.RepositoryChainComponentMetaDataResolver] Attempting to resolve component for org.slf4j:jul-to-slf4j:1.7.25 using repositories [MavenLocal, maven, maven2, maven3]
09:37:03.888 [DEBUG] [org.gradle.api.internal.artifacts.ivyservice.ivyresolve.RepositoryChainComponentMetaDataResolver] Using org.slf4j:jul-to-slf4j:1.7.25 from Maven repository 'maven'
09:37:03.888 [DEBUG] [org.gradle.api.internal.artifacts.ivyservice.resolveengine.graph.DependencyGraphBuilder] Visiting dependency org.springframework.boot:spring-boot-starter-logging:1.5.4.RELEASE(default) -> dependency: org.slf4j:log4j-over-slf4j:1.7.25, scope: Compile, optional: false
09:37:03.888 [DEBUG] [io.spring.gradle.dependencymanagement.internal.VersionConfiguringAction] Processing dependency 'org.slf4j:log4j-over-slf4j:1.7.25'
09:37:03.888 [DEBUG] [io.spring.gradle.dependencymanagement.internal.DependencyManagementContainer] Found managed version '1.7.25' for dependency 'org.slf4j:log4j-over-slf4j' in global dependency management
09:37:03.888 [DEBUG] [io.spring.gradle.dependencymanagement.internal.VersionConfiguringAction] Using version '1.7.25' for dependency 'org.slf4j:log4j-over-slf4j:1.7.25'
09:37:03.888 [DEBUG] [org.gradle.api.internal.artifacts.ivyservice.resolveengine.graph.DependencyGraphBuilder] Selecting new module version org.slf4j:log4j-over-slf4j:1.7.25
09:37:03.888 [DEBUG] [org.gradle.api.internal.artifacts.ivyservice.ivyresolve.RepositoryChainComponentMetaDataResolver] Attempting to resolve component for org.slf4j:log4j-over-slf4j:1.7.25 using repositories [MavenLocal, maven, maven2, maven3]
09:37:03.888 [DEBUG] [org.gradle.api.internal.artifacts.ivyservice.ivyresolve.RepositoryChainComponentMetaDataResolver] Using org.slf4j:log4j-over-slf4j:1.7.25 from Maven repository 'maven'
09:37:03.888 [DEBUG] [org.gradle.api.internal.artifacts.ivyservice.resolveengine.graph.DependencyGraphBuilder] Visiting configuration org.springframework.boot:spring-boot-autoconfigure:1.5.4.RELEASE(default).
09:37:03.888 [DEBUG] [org.gradle.api.internal.artifacts.ivyservice.resolveengine.graph.DependencyGraphBuilder] Visiting dependency org.springframework.boot:spring-boot-autoconfigure:1.5.4.RELEASE(default) -> dependency: org.springframework.boot:spring-boot:1.5.4.RELEASE, scope: Compile, optional: false
09:37:03.888 [DEBUG] [io.spring.gradle.dependencymanagement.internal.VersionConfiguringAction] Processing dependency 'org.springframework.boot:spring-boot:1.5.4.RELEASE'
09:37:03.888 [DEBUG] [io.spring.gradle.dependencymanagement.internal.DependencyManagementContainer] Found managed version '1.5.4.RELEASE' for dependency 'org.springframework.boot:spring-boot' in global dependency management
09:37:03.888 [DEBUG] [io.spring.gradle.dependencymanagement.internal.VersionConfiguringAction] Using version '1.5.4.RELEASE' for dependency 'org.springframework.boot:spring-boot:1.5.4.RELEASE'
09:37:03.888 [DEBUG] [org.gradle.api.internal.artifacts.ivyservice.resolveengine.graph.DependencyGraphBuilder] Selecting new module version org.springframework.boot:spring-boot:1.5.4.RELEASE
09:37:03.888 [DEBUG] [org.gradle.api.internal.artifacts.ivyservice.ivyresolve.RepositoryChainComponentMetaDataResolver] Attempting to resolve component for org.springframework.boot:spring-boot:1.5.4.RELEASE using repositories [MavenLocal, maven, maven2, maven3]
09:37:03.888 [DEBUG] [org.gradle.api.internal.artifacts.ivyservice.ivyresolve.RepositoryChainComponentMetaDataResolver] Using org.springframework.boot:spring-boot:1.5.4.RELEASE from Maven repository 'maven'
09:37:03.888 [DEBUG] [org.gradle.api.internal.artifacts.ivyservice.resolveengine.graph.DependencyGraphBuilder] Visiting configuration org.grails:grails-core:3.3.0(default).
09:37:03.889 [DEBUG] [org.gradle.api.internal.artifacts.ivyservice.resolveengine.graph.DependencyGraphBuilder] Visiting dependency org.grails:grails-core:3.3.0(default) -> dependency: org.codehaus.groovy:groovy:2.4.11, scope: Runtime, optional: false
09:37:03.889 [DEBUG] [io.spring.gradle.dependencymanagement.internal.VersionConfiguringAction] Processing dependency 'org.codehaus.groovy:groovy:2.4.11'
09:37:03.889 [DEBUG] [io.spring.gradle.dependencymanagement.internal.DependencyManagementContainer] Found managed version '2.4.11' for dependency 'org.codehaus.groovy:groovy' in global dependency management
09:37:03.889 [DEBUG] [io.spring.gradle.dependencymanagement.internal.VersionConfiguringAction] Using version '2.4.11' for dependency 'org.codehaus.groovy:groovy:2.4.11'
09:37:03.889 [DEBUG] [org.gradle.api.internal.artifacts.ivyservice.resolveengine.graph.DependencyGraphBuilder] Selecting new module version org.codehaus.groovy:groovy:2.4.11
09:37:03.889 [DEBUG] [org.gradle.api.internal.artifacts.ivyservice.ivyresolve.RepositoryChainComponentMetaDataResolver] Attempting to resolve component for org.codehaus.groovy:groovy:2.4.11 using repositories [MavenLocal, maven, maven2, maven3]
09:37:03.889 [DEBUG] [org.gradle.api.internal.artifacts.ivyservice.ivyresolve.RepositoryChainComponentMetaDataResolver] Using org.codehaus.groovy:groovy:2.4.11 from Maven repository 'maven'
09:37:03.889 [DEBUG] [org.gradle.api.internal.artifacts.ivyservice.resolveengine.graph.DependencyGraphBuilder] Visiting dependency org.grails:grails-core:3.3.0(default) -> dependency: org.slf4j:slf4j-api:1.7.22, scope: Runtime, optional: false
09:37:03.889 [DEBUG] [io.spring.gradle.dependencymanagement.internal.VersionConfiguringAction] Processing dependency 'org.slf4j:slf4j-api:1.7.22'
09:37:03.889 [DEBUG] [io.spring.gradle.dependencymanagement.internal.DependencyManagementContainer] Found managed version '1.7.25' for dependency 'org.slf4j:slf4j-api' in global dependency management
09:37:03.889 [DEBUG] [io.spring.gradle.dependencymanagement.internal.VersionConfiguringAction] Using version '1.7.25' for dependency 'org.slf4j:slf4j-api:1.7.22'
09:37:03.889 [DEBUG] [org.gradle.api.internal.artifacts.ivyservice.resolveengine.graph.DependencyGraphBuilder] Selecting new module version org.slf4j:slf4j-api:1.7.25
09:37:03.889 [DEBUG] [org.gradle.api.internal.artifacts.ivyservice.ivyresolve.RepositoryChainComponentMetaDataResolver] Attempting to resolve component for org.slf4j:slf4j-api:1.7.25 using repositories [MavenLocal, maven, maven2, maven3]
09:37:03.889 [DEBUG] [org.gradle.api.internal.artifacts.ivyservice.ivyresolve.RepositoryChainComponentMetaDataResolver] Using org.slf4j:slf4j-api:1.7.25 from Maven repository 'maven'
09:37:03.889 [DEBUG] [org.gradle.api.internal.artifacts.ivyservice.resolveengine.graph.DependencyGraphBuilder] Visiting dependency org.grails:grails-core:3.3.0(default) -> dependency: org.slf4j:jcl-over-slf4j:1.7.22, scope: Runtime, optional: false
09:37:03.889 [DEBUG] [io.spring.gradle.dependencymanagement.internal.VersionConfiguringAction] Processing dependency 'org.slf4j:jcl-over-slf4j:1.7.22'
09:37:03.893 [DEBUG] [io.spring.gradle.dependencymanagement.internal.DependencyManagementContainer] Found managed version '1.7.25' for dependency 'org.slf4j:jcl-over-slf4j' in global dependency management
09:37:03.893 [DEBUG] [io.spring.gradle.dependencymanagement.internal.VersionConfiguringAction] Using version '1.7.25' for dependency 'org.slf4j:jcl-over-slf4j:1.7.22'
09:37:03.893 [DEBUG] [org.gradle.api.internal.artifacts.ivyservice.resolveengine.graph.DependencyGraphBuilder] Visiting dependency org.grails:grails-core:3.3.0(default) -> dependency: org.hibernate.javax.persistence:hibernate-jpa-2.1-api:1.0.0.Final, scope: Runtime, optional: false
09:37:03.893 [DEBUG] [io.spring.gradle.dependencymanagement.internal.VersionConfiguringAction] Processing dependency 'org.hibernate.javax.persistence:hibernate-jpa-2.1-api:1.0.0.Final'
09:37:03.893 [DEBUG] [io.spring.gradle.dependencymanagement.internal.VersionConfiguringAction] No dependency management for dependency 'org.hibernate.javax.persistence:hibernate-jpa-2.1-api:1.0.0.Final'
09:37:03.897 [DEBUG] [org.gradle.api.internal.artifacts.ivyservice.resolveengine.graph.DependencyGraphBuilder] Selecting new module version org.hibernate.javax.persistence:hibernate-jpa-2.1-api:1.0.0.Final
09:37:03.897 [DEBUG] [org.gradle.api.internal.artifacts.ivyservice.ivyresolve.RepositoryChainComponentMetaDataResolver] Attempting to resolve component for org.hibernate.javax.persistence:hibernate-jpa-2.1-api:1.0.0.Final using repositories [MavenLocal, maven, maven2, maven3]
09:37:03.897 [DEBUG] [org.gradle.api.internal.artifacts.ivyservice.ivyresolve.RepositoryChainComponentMetaDataResolver] Using org.hibernate.javax.persistence:hibernate-jpa-2.1-api:1.0.0.Final from Maven repository 'maven'
09:37:03.897 [DEBUG] [org.gradle.api.internal.artifacts.ivyservice.resolveengine.graph.DependencyGraphBuilder] Visiting dependency org.grails:grails-core:3.3.0(default) -> dependency: com.googlecode.concurrentlinkedhashmap:concurrentlinkedhashmap-lru:1.4.2, scope: Runtime, optional: false
09:37:03.897 [DEBUG] [io.spring.gradle.dependencymanagement.internal.VersionConfiguringAction] Processing dependency 'com.googlecode.concurrentlinkedhashmap:concurrentlinkedhashmap-lru:1.4.2'
09:37:03.897 [DEBUG] [io.spring.gradle.dependencymanagement.internal.VersionConfiguringAction] No dependency management for dependency 'com.googlecode.concurrentlinkedhashmap:concurrentlinkedhashmap-lru:1.4.2'
09:37:03.897 [DEBUG] [org.gradle.api.internal.artifacts.ivyservice.resolveengine.graph.DependencyGraphBuilder] Selecting new module version com.googlecode.concurrentlinkedhashmap:concurrentlinkedhashmap-lru:1.4.2
09:37:03.897 [DEBUG] [org.gradle.api.internal.artifacts.ivyservice.ivyresolve.RepositoryChainComponentMetaDataResolver] Attempting to resolve component for com.googlecode.concurrentlinkedhashmap:concurrentlinkedhashmap-lru:1.4.2 using repositories [MavenLocal, maven, maven2, maven3]
09:37:03.897 [DEBUG] [org.gradle.api.internal.artifacts.ivyservice.ivyresolve.RepositoryChainComponentMetaDataResolver] Using com.googlecode.concurrentlinkedhashmap:concurrentlinkedhashmap-lru:1.4.2 from Maven repository 'MavenLocal'
09:37:03.897 [DEBUG] [org.gradle.api.internal.artifacts.ivyservice.resolveengine.graph.DependencyGraphBuilder] Visiting dependency org.grails:grails-core:3.3.0(default) -> dependency: org.springframework.boot:spring-boot:1.5.4.RELEASE, scope: Runtime, optional: false
09:37:03.897 [DEBUG] [org.gradle.api.internal.artifacts.ivyservice.resolveengine.graph.DependencyGraphBuilder] Visiting dependency org.grails:grails-core:3.3.0(default) -> dependency: org.springframework:spring-core:4.3.9.RELEASE, scope: Runtime, optional: false
09:37:03.898 [DEBUG] [io.spring.gradle.dependencymanagement.internal.VersionConfiguringAction] Processing dependency 'org.springframework:spring-core:4.3.9.RELEASE'
09:37:03.898 [DEBUG] [io.spring.gradle.dependencymanagement.internal.DependencyManagementContainer] Found managed version '4.3.9.RELEASE' for dependency 'org.springframework:spring-core' in global dependency management
09:37:03.898 [DEBUG] [io.spring.gradle.dependencymanagement.internal.VersionConfiguringAction] Using version '4.3.9.RELEASE' for dependency 'org.springframework:spring-core:4.3.9.RELEASE'
09:37:03.898 [DEBUG] [org.gradle.api.internal.artifacts.ivyservice.resolveengine.graph.DependencyGraphBuilder] Selecting new module version org.springframework:spring-core:4.3.9.RELEASE
09:37:03.898 [DEBUG] [org.gradle.api.internal.artifacts.ivyservice.ivyresolve.RepositoryChainComponentMetaDataResolver] Attempting to resolve component for org.springframework:spring-core:4.3.9.RELEASE using repositories [MavenLocal, maven, maven2, maven3]
09:37:03.898 [DEBUG] [org.gradle.api.internal.artifacts.ivyservice.ivyresolve.RepositoryChainComponentMetaDataResolver] Using org.springframework:spring-core:4.3.9.RELEASE from Maven repository 'maven'
09:37:03.898 [DEBUG] [org.gradle.api.internal.artifacts.ivyservice.resolveengine.graph.DependencyGraphBuilder] Visiting dependency org.grails:grails-core:3.3.0(default) -> dependency: org.springframework:spring-tx:4.3.9.RELEASE, scope: Runtime, optional: false
09:37:03.898 [DEBUG] [io.spring.gradle.dependencymanagement.internal.VersionConfiguringAction] Processing dependency 'org.springframework:spring-tx:4.3.9.RELEASE'
09:37:03.899 [DEBUG] [io.spring.gradle.dependencymanagement.internal.DependencyManagementContainer] Found managed version '4.3.9.RELEASE' for dependency 'org.springframework:spring-tx' in global dependency management
09:37:03.899 [DEBUG] [io.spring.gradle.dependencymanagement.internal.VersionConfiguringAction] Using version '4.3.9.RELEASE' for dependency 'org.springframework:spring-tx:4.3.9.RELEASE'
09:37:03.899 [DEBUG] [org.gradle.api.internal.artifacts.ivyservice.resolveengine.graph.DependencyGraphBuilder] Selecting new module version org.springframework:spring-tx:4.3.9.RELEASE
09:37:03.899 [DEBUG] [org.gradle.api.internal.artifacts.ivyservice.ivyresolve.RepositoryChainComponentMetaDataResolver] Attempting to resolve component for org.springframework:spring-tx:4.3.9.RELEASE using repositories [MavenLocal, maven, maven2, maven3]
09:37:03.899 [DEBUG] [org.gradle.api.internal.artifacts.ivyservice.ivyresolve.RepositoryChainComponentMetaDataResolver] Using org.springframework:spring-tx:4.3.9.RELEASE from Maven repository 'maven'
09:37:03.900 [DEBUG] [org.gradle.api.internal.artifacts.ivyservice.resolveengine.graph.DependencyGraphBuilder] Visiting dependency org.grails:grails-core:3.3.0(default) -> dependency: org.springframework:spring-beans:4.3.9.RELEASE, scope: Runtime, optional: false
09:37:03.900 [DEBUG] [io.spring.gradle.dependencymanagement.internal.VersionConfiguringAction] Processing dependency 'org.springframework:spring-beans:4.3.9.RELEASE'
09:37:03.900 [DEBUG] [io.spring.gradle.dependencymanagement.internal.DependencyManagementContainer] Found managed version '4.3.9.RELEASE' for dependency 'org.springframework:spring-beans' in global dependency management
09:37:03.900 [DEBUG] [io.spring.gradle.dependencymanagement.internal.VersionConfiguringAction] Using version '4.3.9.RELEASE' for dependency 'org.springframework:spring-beans:4.3.9.RELEASE'
09:37:03.900 [DEBUG] [org.gradle.api.internal.artifacts.ivyservice.resolveengine.graph.DependencyGraphBuilder] Selecting new module version org.springframework:spring-beans:4.3.9.RELEASE
09:37:03.900 [DEBUG] [org.gradle.api.internal.artifacts.ivyservice.ivyresolve.RepositoryChainComponentMetaDataResolver] Attempting to resolve component for org.springframework:spring-beans:4.3.9.RELEASE using repositories [MavenLocal, maven, maven2, maven3]
09:37:03.900 [DEBUG] [org.gradle.api.internal.artifacts.ivyservice.ivyresolve.RepositoryChainComponentMetaDataResolver] Using org.springframework:spring-beans:4.3.9.RELEASE from Maven repository 'maven'
09:37:03.900 [DEBUG] [org.gradle.api.internal.artifacts.ivyservice.resolveengine.graph.DependencyGraphBuilder] Visiting dependency org.grails:grails-core:3.3.0(default) -> dependency: org.springframework:spring-context:4.3.9.RELEASE, scope: Runtime, optional: false
09:37:03.900 [DEBUG] [io.spring.gradle.dependencymanagement.internal.VersionConfiguringAction] Processing dependency 'org.springframework:spring-context:4.3.9.RELEASE'
09:37:03.900 [DEBUG] [io.spring.gradle.dependencymanagement.internal.DependencyManagementContainer] Found managed version '4.3.9.RELEASE' for dependency 'org.springframework:spring-context' in global dependency management
09:37:03.900 [DEBUG] [io.spring.gradle.dependencymanagement.internal.VersionConfiguringAction] Using version '4.3.9.RELEASE' for dependency 'org.springframework:spring-context:4.3.9.RELEASE'
09:37:03.900 [DEBUG] [org.gradle.api.internal.artifacts.ivyservice.resolveengine.graph.DependencyGraphBuilder] Selecting new module version org.springframework:spring-context:4.3.9.RELEASE
09:37:03.900 [DEBUG] [org.gradle.api.internal.artifacts.ivyservice.ivyresolve.RepositoryChainComponentMetaDataResolver] Attempting to resolve component for org.springframework:spring-context:4.3.9.RELEASE using repositories [MavenLocal, maven, maven2, maven3]
09:37:03.900 [DEBUG] [org.gradle.api.internal.artifacts.ivyservice.ivyresolve.RepositoryChainComponentMetaDataResolver] Using org.springframework:spring-context:4.3.9.RELEASE from Maven repository 'maven'
09:37:03.900 [DEBUG] [org.gradle.api.internal.artifacts.ivyservice.resolveengine.graph.DependencyGraphBuilder] Visiting dependency org.grails:grails-core:3.3.0(default) -> dependency: org.grails:grails-bootstrap:3.3.0, scope: Runtime, optional: false
09:37:03.900 [DEBUG] [io.spring.gradle.dependencymanagement.internal.VersionConfiguringAction] Processing dependency 'org.grails:grails-bootstrap:3.3.0'
09:37:03.901 [DEBUG] [io.spring.gradle.dependencymanagement.internal.DependencyManagementContainer] Found managed version '3.3.0' for dependency 'org.grails:grails-bootstrap' in global dependency management
09:37:03.901 [DEBUG] [io.spring.gradle.dependencymanagement.internal.VersionConfiguringAction] Using version '3.3.0' for dependency 'org.grails:grails-bootstrap:3.3.0'
09:37:03.901 [DEBUG] [org.gradle.api.internal.artifacts.ivyservice.resolveengine.graph.DependencyGraphBuilder] Selecting new module version org.grails:grails-bootstrap:3.3.0
09:37:03.901 [DEBUG] [org.gradle.api.internal.artifacts.ivyservice.ivyresolve.RepositoryChainComponentMetaDataResolver] Attempting to resolve component for org.grails:grails-bootstrap:3.3.0 using repositories [MavenLocal, maven, maven2, maven3]
09:37:03.901 [DEBUG] [org.gradle.api.internal.artifacts.ivyservice.ivyresolve.RepositoryChainComponentMetaDataResolver] Using org.grails:grails-bootstrap:3.3.0 from Maven repository 'maven'
09:37:03.901 [DEBUG] [org.gradle.api.internal.artifacts.ivyservice.resolveengine.graph.DependencyGraphBuilder] Visiting dependency org.grails:grails-core:3.3.0(default) -> dependency: org.grails:grails-spring:3.3.0, scope: Runtime, optional: false
09:37:03.901 [DEBUG] [io.spring.gradle.dependencymanagement.internal.VersionConfiguringAction] Processing dependency 'org.grails:grails-spring:3.3.0'
09:37:03.901 [DEBUG] [io.spring.gradle.dependencymanagement.internal.DependencyManagementContainer] Found managed version '3.3.0' for dependency 'org.grails:grails-spring' in global dependency management
09:37:03.901 [DEBUG] [io.spring.gradle.dependencymanagement.internal.VersionConfiguringAction] Using version '3.3.0' for dependency 'org.grails:grails-spring:3.3.0'
09:37:03.901 [DEBUG] [org.gradle.api.internal.artifacts.ivyservice.resolveengine.graph.DependencyGraphBuilder] Selecting new module version org.grails:grails-spring:3.3.0
09:37:03.901 [DEBUG] [org.gradle.api.internal.artifacts.ivyservice.ivyresolve.RepositoryChainComponentMetaDataResolver] Attempting to resolve component for org.grails:grails-spring:3.3.0 using repositories [MavenLocal, maven, maven2, maven3]
09:37:03.901 [DEBUG] [org.gradle.api.internal.artifacts.ivyservice.ivyresolve.RepositoryChainComponentMetaDataResolver] Using org.grails:grails-spring:3.3.0 from Maven repository 'maven'
09:37:03.901 [DEBUG] [org.gradle.api.internal.artifacts.ivyservice.resolveengine.graph.DependencyGraphBuilder] Visiting dependency org.grails:grails-core:3.3.0(default) -> dependency: org.grails:grails-datastore-core:6.1.6.RELEASE, scope: Runtime, optional: false
09:37:03.901 [DEBUG] [io.spring.gradle.dependencymanagement.internal.VersionConfiguringAction] Processing dependency 'org.grails:grails-datastore-core:6.1.6.RELEASE'
09:37:03.901 [DEBUG] [io.spring.gradle.dependencymanagement.internal.DependencyManagementContainer] Found managed version '6.1.6.RELEASE' for dependency 'org.grails:grails-datastore-core' in global dependency management
09:37:03.901 [DEBUG] [io.spring.gradle.dependencymanagement.internal.VersionConfiguringAction] Using version '6.1.6.RELEASE' for dependency 'org.grails:grails-datastore-core:6.1.6.RELEASE'
09:37:03.901 [DEBUG] [org.gradle.api.internal.artifacts.ivyservice.resolveengine.graph.DependencyGraphBuilder] Selecting new module version org.grails:grails-datastore-core:6.1.6.RELEASE
09:37:03.901 [DEBUG] [org.gradle.api.internal.artifacts.ivyservice.ivyresolve.RepositoryChainComponentMetaDataResolver] Attempting to resolve component for org.grails:grails-datastore-core:6.1.6.RELEASE using repositories [MavenLocal, maven, maven2, maven3]
09:37:03.901 [DEBUG] [org.gradle.api.internal.artifacts.ivyservice.ivyresolve.RepositoryChainComponentMetaDataResolver] Using org.grails:grails-datastore-core:6.1.6.RELEASE from Maven repository 'maven'
09:37:03.901 [DEBUG] [org.gradle.api.internal.artifacts.ivyservice.resolveengine.graph.DependencyGraphBuilder] Visiting dependency org.grails:grails-core:3.3.0(default) -> dependency: xalan:serializer:2.7.2, scope: Runtime, optional: false
09:37:03.901 [DEBUG] [io.spring.gradle.dependencymanagement.internal.VersionConfiguringAction] Processing dependency 'xalan:serializer:2.7.2'
09:37:03.901 [DEBUG] [io.spring.gradle.dependencymanagement.internal.VersionConfiguringAction] No dependency management for dependency 'xalan:serializer:2.7.2'
09:37:03.901 [DEBUG] [org.gradle.api.internal.artifacts.ivyservice.resolveengine.graph.DependencyGraphBuilder] Selecting new module version xalan:serializer:2.7.2
09:37:03.901 [DEBUG] [org.gradle.api.internal.artifacts.ivyservice.ivyresolve.RepositoryChainComponentMetaDataResolver] Attempting to resolve component for xalan:serializer:2.7.2 using repositories [MavenLocal, maven, maven2, maven3]
09:37:03.901 [DEBUG] [org.gradle.api.internal.artifacts.ivyservice.ivyresolve.RepositoryChainComponentMetaDataResolver] Using xalan:serializer:2.7.2 from Maven repository 'MavenLocal'
09:37:03.902 [DEBUG] [org.gradle.api.internal.artifacts.ivyservice.resolveengine.graph.DependencyGraphBuilder] Visiting configuration org.springframework.boot:spring-boot-starter-actuator:1.5.4.RELEASE(default).
09:37:03.902 [DEBUG] [org.gradle.api.internal.artifacts.ivyservice.resolveengine.graph.DependencyGraphBuilder] Visiting dependency org.springframework.boot:spring-boot-starter-actuator:1.5.4.RELEASE(default) -> dependency: org.springframework.boot:spring-boot-starter:1.5.4.RELEASE, scope: Compile, optional: false
09:37:03.902 [DEBUG] [io.spring.gradle.dependencymanagement.internal.VersionConfiguringAction] Processing dependency 'org.springframework.boot:spring-boot-starter:1.5.4.RELEASE'
09:37:03.902 [DEBUG] [io.spring.gradle.dependencymanagement.internal.DependencyManagementContainer] Found managed version '1.5.4.RELEASE' for dependency 'org.springframework.boot:spring-boot-starter' in global dependency management
09:37:03.902 [DEBUG] [io.spring.gradle.dependencymanagement.internal.VersionConfiguringAction] Using version '1.5.4.RELEASE' for dependency 'org.springframework.boot:spring-boot-starter:1.5.4.RELEASE'
09:37:03.902 [DEBUG] [org.gradle.api.internal.artifacts.ivyservice.resolveengine.graph.DependencyGraphBuilder] Selecting new module version org.springframework.boot:spring-boot-starter:1.5.4.RELEASE
09:37:03.902 [DEBUG] [org.gradle.api.internal.artifacts.ivyservice.ivyresolve.RepositoryChainComponentMetaDataResolver] Attempting to resolve component for org.springframework.boot:spring-boot-starter:1.5.4.RELEASE using repositories [MavenLocal, maven, maven2, maven3]
09:37:03.902 [DEBUG] [org.gradle.api.internal.artifacts.ivyservice.ivyresolve.RepositoryChainComponentMetaDataResolver] Using org.springframework.boot:spring-boot-starter:1.5.4.RELEASE from Maven repository 'maven'
09:37:03.902 [DEBUG] [org.gradle.api.internal.artifacts.ivyservice.resolveengine.graph.DependencyGraphBuilder] Visiting dependency org.springframework.boot:spring-boot-starter-actuator:1.5.4.RELEASE(default) -> dependency: org.springframework.boot:spring-boot-actuator:1.5.4.RELEASE, scope: Compile, optional: false
09:37:03.902 [DEBUG] [io.spring.gradle.dependencymanagement.internal.VersionConfiguringAction] Processing dependency 'org.springframework.boot:spring-boot-actuator:1.5.4.RELEASE'
09:37:03.902 [DEBUG] [io.spring.gradle.dependencymanagement.internal.DependencyManagementContainer] Found managed version '1.5.4.RELEASE' for dependency 'org.springframework.boot:spring-boot-actuator' in global dependency management
09:37:03.902 [DEBUG] [io.spring.gradle.dependencymanagement.internal.VersionConfiguringAction] Using version '1.5.4.RELEASE' for dependency 'org.springframework.boot:spring-boot-actuator:1.5.4.RELEASE'
09:37:03.902 [DEBUG] [org.gradle.api.internal.artifacts.ivyservice.resolveengine.graph.DependencyGraphBuilder] Selecting new module version org.springframework.boot:spring-boot-actuator:1.5.4.RELEASE
09:37:03.902 [DEBUG] [org.gradle.api.internal.artifacts.ivyservice.ivyresolve.RepositoryChainComponentMetaDataResolver] Attempting to resolve component for org.springframework.boot:spring-boot-actuator:1.5.4.RELEASE using repositories [MavenLocal, maven, maven2, maven3]
09:37:03.902 [DEBUG] [org.gradle.api.internal.artifacts.ivyservice.ivyresolve.RepositoryChainComponentMetaDataResolver] Using org.springframework.boot:spring-boot-actuator:1.5.4.RELEASE from Maven repository 'maven'
09:37:03.902 [DEBUG] [org.gradle.api.internal.artifacts.ivyservice.resolveengine.graph.DependencyGraphBuilder] Visiting configuration org.springframework.boot:spring-boot-starter-tomcat:1.5.4.RELEASE(default).
09:37:03.902 [DEBUG] [org.gradle.api.internal.artifacts.ivyservice.resolveengine.graph.DependencyGraphBuilder] Visiting dependency org.springframework.boot:spring-boot-starter-tomcat:1.5.4.RELEASE(default) -> dependency: org.apache.tomcat.embed:tomcat-embed-core:8.5.15, scope: Compile, optional: false
09:37:03.902 [DEBUG] [io.spring.gradle.dependencymanagement.internal.VersionConfiguringAction] Processing dependency 'org.apache.tomcat.embed:tomcat-embed-core:8.5.15'
09:37:03.902 [DEBUG] [io.spring.gradle.dependencymanagement.internal.DependencyManagementContainer] Found managed version '8.5.15' for dependency 'org.apache.tomcat.embed:tomcat-embed-core' in global dependency management
09:37:03.902 [DEBUG] [io.spring.gradle.dependencymanagement.internal.VersionConfiguringAction] Using version '8.5.15' for dependency 'org.apache.tomcat.embed:tomcat-embed-core:8.5.15'
09:37:03.902 [DEBUG] [org.gradle.api.internal.artifacts.ivyservice.resolveengine.graph.DependencyGraphBuilder] Selecting new module version org.apache.tomcat.embed:tomcat-embed-core:8.5.15
09:37:03.902 [DEBUG] [org.gradle.api.internal.artifacts.ivyservice.ivyresolve.RepositoryChainComponentMetaDataResolver] Attempting to resolve component for org.apache.tomcat.embed:tomcat-embed-core:8.5.15 using repositories [MavenLocal, maven, maven2, maven3]
09:37:03.902 [DEBUG] [org.gradle.api.internal.artifacts.ivyservice.ivyresolve.RepositoryChainComponentMetaDataResolver] Using org.apache.tomcat.embed:tomcat-embed-core:8.5.15 from Maven repository 'maven'
09:37:03.903 [DEBUG] [org.gradle.api.internal.artifacts.ivyservice.resolveengine.graph.DependencyGraphBuilder] Visiting dependency org.springframework.boot:spring-boot-starter-tomcat:1.5.4.RELEASE(default) -> dependency: org.apache.tomcat.embed:tomcat-embed-el:8.5.15, scope: Compile, optional: false
09:37:03.903 [DEBUG] [io.spring.gradle.dependencymanagement.internal.VersionConfiguringAction] Processing dependency 'org.apache.tomcat.embed:tomcat-embed-el:8.5.15'
09:37:03.903 [DEBUG] [io.spring.gradle.dependencymanagement.internal.DependencyManagementContainer] Found managed version '8.5.15' for dependency 'org.apache.tomcat.embed:tomcat-embed-el' in global dependency management
09:37:03.903 [DEBUG] [io.spring.gradle.dependencymanagement.internal.VersionConfiguringAction] Using version '8.5.15' for dependency 'org.apache.tomcat.embed:tomcat-embed-el:8.5.15'
09:37:03.903 [DEBUG] [org.gradle.api.internal.artifacts.ivyservice.resolveengine.graph.DependencyGraphBuilder] Selecting new module version org.apache.tomcat.embed:tomcat-embed-el:8.5.15
09:37:03.903 [DEBUG] [org.gradle.api.internal.artifacts.ivyservice.ivyresolve.RepositoryChainComponentMetaDataResolver] Attempting to resolve component for org.apache.tomcat.embed:tomcat-embed-el:8.5.15 using repositories [MavenLocal, maven, maven2, maven3]
09:37:03.903 [DEBUG] [org.gradle.api.internal.artifacts.ivyservice.ivyresolve.RepositoryChainComponentMetaDataResolver] Using org.apache.tomcat.embed:tomcat-embed-el:8.5.15 from Maven repository 'maven'
09:37:03.903 [DEBUG] [org.gradle.api.internal.artifacts.ivyservice.resolveengine.graph.DependencyGraphBuilder] Visiting dependency org.springframework.boot:spring-boot-starter-tomcat:1.5.4.RELEASE(default) -> dependency: org.apache.tomcat.embed:tomcat-embed-websocket:8.5.15, scope: Compile, optional: false
09:37:03.903 [DEBUG] [io.spring.gradle.dependencymanagement.internal.VersionConfiguringAction] Processing dependency 'org.apache.tomcat.embed:tomcat-embed-websocket:8.5.15'
09:37:03.903 [DEBUG] [io.spring.gradle.dependencymanagement.internal.DependencyManagementContainer] Found managed version '8.5.15' for dependency 'org.apache.tomcat.embed:tomcat-embed-websocket' in global dependency management
09:37:03.903 [DEBUG] [io.spring.gradle.dependencymanagement.internal.VersionConfiguringAction] Using version '8.5.15' for dependency 'org.apache.tomcat.embed:tomcat-embed-websocket:8.5.15'
09:37:03.903 [DEBUG] [org.gradle.api.internal.artifacts.ivyservice.resolveengine.graph.DependencyGraphBuilder] Selecting new module version org.apache.tomcat.embed:tomcat-embed-websocket:8.5.15
09:37:03.903 [DEBUG] [org.gradle.api.internal.artifacts.ivyservice.ivyresolve.RepositoryChainComponentMetaDataResolver] Attempting to resolve component for org.apache.tomcat.embed:tomcat-embed-websocket:8.5.15 using repositories [MavenLocal, maven, maven2, maven3]
09:37:03.903 [DEBUG] [org.gradle.api.internal.artifacts.ivyservice.ivyresolve.RepositoryChainComponentMetaDataResolver] Using org.apache.tomcat.embed:tomcat-embed-websocket:8.5.15 from Maven repository 'maven'
09:37:03.903 [DEBUG] [org.gradle.api.internal.artifacts.ivyservice.resolveengine.graph.DependencyGraphBuilder] Visiting configuration org.grails:grails-web-boot:3.3.0(default).
09:37:03.903 [DEBUG] [org.gradle.api.internal.artifacts.ivyservice.resolveengine.graph.DependencyGraphBuilder] Visiting dependency org.grails:grails-web-boot:3.3.0(default) -> dependency: org.codehaus.groovy:groovy:2.4.11, scope: Runtime, optional: false
09:37:03.903 [DEBUG] [org.gradle.api.internal.artifacts.ivyservice.resolveengine.graph.DependencyGraphBuilder] Visiting dependency org.grails:grails-web-boot:3.3.0(default) -> dependency: org.slf4j:slf4j-api:1.7.22, scope: Runtime, optional: false
09:37:03.903 [DEBUG] [org.gradle.api.internal.artifacts.ivyservice.resolveengine.graph.DependencyGraphBuilder] Visiting dependency org.grails:grails-web-boot:3.3.0(default) -> dependency: org.slf4j:jcl-over-slf4j:1.7.22, scope: Runtime, optional: false
09:37:03.903 [DEBUG] [org.gradle.api.internal.artifacts.ivyservice.resolveengine.graph.DependencyGraphBuilder] Visiting dependency org.grails:grails-web-boot:3.3.0(default) -> dependency: org.grails:grails-web-common:3.3.0, scope: Runtime, optional: false
09:37:03.903 [DEBUG] [io.spring.gradle.dependencymanagement.internal.VersionConfiguringAction] Processing dependency 'org.grails:grails-web-common:3.3.0'
09:37:03.903 [DEBUG] [io.spring.gradle.dependencymanagement.internal.DependencyManagementContainer] Found managed version '3.3.0' for dependency 'org.grails:grails-web-common' in global dependency management
09:37:03.903 [DEBUG] [io.spring.gradle.dependencymanagement.internal.VersionConfiguringAction] Using version '3.3.0' for dependency 'org.grails:grails-web-common:3.3.0'
09:37:03.904 [DEBUG] [org.gradle.api.internal.artifacts.ivyservice.resolveengine.graph.DependencyGraphBuilder] Selecting new module version org.grails:grails-web-common:3.3.0
09:37:03.904 [DEBUG] [org.gradle.api.internal.artifacts.ivyservice.ivyresolve.RepositoryChainComponentMetaDataResolver] Attempting to resolve component for org.grails:grails-web-common:3.3.0 using repositories [MavenLocal, maven, maven2, maven3]
09:37:03.904 [DEBUG] [org.gradle.api.internal.artifacts.ivyservice.ivyresolve.RepositoryChainComponentMetaDataResolver] Using org.grails:grails-web-common:3.3.0 from Maven repository 'maven'
09:37:03.904 [DEBUG] [org.gradle.api.internal.artifacts.ivyservice.resolveengine.graph.DependencyGraphBuilder] Visiting configuration org.grails:grails-logging:3.3.0(default).
09:37:03.904 [DEBUG] [org.gradle.api.internal.artifacts.ivyservice.resolveengine.graph.DependencyGraphBuilder] Visiting dependency org.grails:grails-logging:3.3.0(default) -> dependency: org.codehaus.groovy:groovy:2.4.11, scope: Runtime, optional: false
09:37:03.904 [DEBUG] [org.gradle.api.internal.artifacts.ivyservice.resolveengine.graph.DependencyGraphBuilder] Visiting dependency org.grails:grails-logging:3.3.0(default) -> dependency: org.slf4j:slf4j-api:1.7.22, scope: Runtime, optional: false
09:37:03.904 [DEBUG] [org.gradle.api.internal.artifacts.ivyservice.resolveengine.graph.DependencyGraphBuilder] Visiting dependency org.grails:grails-logging:3.3.0(default) -> dependency: org.slf4j:jcl-over-slf4j:1.7.22, scope: Runtime, optional: false
09:37:03.905 [DEBUG] [org.gradle.api.internal.artifacts.ivyservice.resolveengine.graph.DependencyGraphBuilder] Visiting dependency org.grails:grails-logging:3.3.0(default) -> dependency: org.grails:grails-core:3.3.0, scope: Runtime, optional: false
09:37:03.905 [DEBUG] [io.spring.gradle.dependencymanagement.internal.VersionConfiguringAction] Processing dependency 'org.grails:grails-core:3.3.0'
09:37:03.905 [DEBUG] [io.spring.gradle.dependencymanagement.internal.DependencyManagementContainer] Found managed version '3.3.0' for dependency 'org.grails:grails-core' in global dependency management
09:37:03.905 [DEBUG] [io.spring.gradle.dependencymanagement.internal.VersionConfiguringAction] Using version '3.3.0' for dependency 'org.grails:grails-core:3.3.0'
09:37:03.905 [DEBUG] [org.gradle.api.internal.artifacts.ivyservice.resolveengine.graph.DependencyGraphBuilder] Visiting configuration org.grails:grails-plugin-rest:3.3.0(default).
09:37:03.905 [DEBUG] [org.gradle.api.internal.artifacts.ivyservice.resolveengine.graph.DependencyGraphBuilder] Visiting dependency org.grails:grails-plugin-rest:3.3.0(default) -> dependency: org.codehaus.groovy:groovy:2.4.11, scope: Runtime, optional: false
09:37:03.905 [DEBUG] [org.gradle.api.internal.artifacts.ivyservice.resolveengine.graph.DependencyGraphBuilder] Visiting dependency org.grails:grails-plugin-rest:3.3.0(default) -> dependency: org.slf4j:slf4j-api:1.7.22, scope: Runtime, optional: false
09:37:03.905 [DEBUG] [org.gradle.api.internal.artifacts.ivyservice.resolveengine.graph.DependencyGraphBuilder] Visiting dependency org.grails:grails-plugin-rest:3.3.0(default) -> dependency: org.slf4j:jcl-over-slf4j:1.7.22, scope: Runtime, optional: false
09:37:03.905 [DEBUG] [org.gradle.api.internal.artifacts.ivyservice.resolveengine.graph.DependencyGraphBuilder] Visiting dependency org.grails:grails-plugin-rest:3.3.0(default) -> dependency: org.grails:grails-web:3.3.0, scope: Runtime, optional: false
09:37:03.905 [DEBUG] [io.spring.gradle.dependencymanagement.internal.VersionConfiguringAction] Processing dependency 'org.grails:grails-web:3.3.0'
09:37:03.905 [DEBUG] [io.spring.gradle.dependencymanagement.internal.DependencyManagementContainer] Found managed version '3.3.0' for dependency 'org.grails:grails-web' in global dependency management
09:37:03.905 [DEBUG] [io.spring.gradle.dependencymanagement.internal.VersionConfiguringAction] Using version '3.3.0' for dependency 'org.grails:grails-web:3.3.0'
09:37:03.905 [DEBUG] [org.gradle.api.internal.artifacts.ivyservice.resolveengine.graph.DependencyGraphBuilder] Selecting new module version org.grails:grails-web:3.3.0
09:37:03.905 [DEBUG] [org.gradle.api.internal.artifacts.ivyservice.ivyresolve.RepositoryChainComponentMetaDataResolver] Attempting to resolve component for org.grails:grails-web:3.3.0 using repositories [MavenLocal, maven, maven2, maven3]
09:37:03.905 [DEBUG] [org.gradle.api.internal.artifacts.ivyservice.ivyresolve.RepositoryChainComponentMetaDataResolver] Using org.grails:grails-web:3.3.0 from Maven repository 'maven'
09:37:03.905 [DEBUG] [org.gradle.api.internal.artifacts.ivyservice.resolveengine.graph.DependencyGraphBuilder] Visiting dependency org.grails:grails-plugin-rest:3.3.0(default) -> dependency: org.grails:grails-plugin-controllers:3.3.0, scope: Runtime, optional: false
09:37:03.905 [DEBUG] [io.spring.gradle.dependencymanagement.internal.VersionConfiguringAction] Processing dependency 'org.grails:grails-plugin-controllers:3.3.0'
09:37:03.905 [DEBUG] [io.spring.gradle.dependencymanagement.internal.DependencyManagementContainer] Found managed version '3.3.0' for dependency 'org.grails:grails-plugin-controllers' in global dependency management
09:37:03.905 [DEBUG] [io.spring.gradle.dependencymanagement.internal.VersionConfiguringAction] Using version '3.3.0' for dependency 'org.grails:grails-plugin-controllers:3.3.0'
09:37:03.905 [DEBUG] [org.gradle.api.internal.artifacts.ivyservice.resolveengine.graph.DependencyGraphBuilder] Selecting new module version org.grails:grails-plugin-controllers:3.3.0
09:37:03.905 [DEBUG] [org.gradle.api.internal.artifacts.ivyservice.ivyresolve.RepositoryChainComponentMetaDataResolver] Attempting to resolve component for org.grails:grails-plugin-controllers:3.3.0 using repositories [MavenLocal, maven, maven2, maven3]
09:37:03.905 [DEBUG] [org.gradle.api.internal.artifacts.ivyservice.ivyresolve.RepositoryChainComponentMetaDataResolver] Using org.grails:grails-plugin-controllers:3.3.0 from Maven repository 'maven'
09:37:03.906 [DEBUG] [org.gradle.api.internal.artifacts.ivyservice.resolveengine.graph.DependencyGraphBuilder] Visiting dependency org.grails:grails-plugin-rest:3.3.0(default) -> dependency: org.grails:grails-plugin-datasource:3.3.0, scope: Runtime, optional: false
09:37:03.906 [DEBUG] [io.spring.gradle.dependencymanagement.internal.VersionConfiguringAction] Processing dependency 'org.grails:grails-plugin-datasource:3.3.0'
09:37:03.906 [DEBUG] [io.spring.gradle.dependencymanagement.internal.DependencyManagementContainer] Found managed version '3.3.0' for dependency 'org.grails:grails-plugin-datasource' in global dependency management
09:37:03.906 [DEBUG] [io.spring.gradle.dependencymanagement.internal.VersionConfiguringAction] Using version '3.3.0' for dependency 'org.grails:grails-plugin-datasource:3.3.0'
09:37:03.906 [DEBUG] [org.gradle.api.internal.artifacts.ivyservice.resolveengine.graph.DependencyGraphBuilder] Selecting new module version org.grails:grails-plugin-datasource:3.3.0
09:37:03.906 [DEBUG] [org.gradle.api.internal.artifacts.ivyservice.ivyresolve.RepositoryChainComponentMetaDataResolver] Attempting to resolve component for org.grails:grails-plugin-datasource:3.3.0 using repositories [MavenLocal, maven, maven2, maven3]
09:37:03.906 [DEBUG] [org.gradle.api.internal.artifacts.ivyservice.ivyresolve.RepositoryChainComponentMetaDataResolver] Using org.grails:grails-plugin-datasource:3.3.0 from Maven repository 'maven'
09:37:03.906 [DEBUG] [org.gradle.api.internal.artifacts.ivyservice.resolveengine.graph.DependencyGraphBuilder] Visiting dependency org.grails:grails-plugin-rest:3.3.0(default) -> dependency: org.grails.plugins:converters:3.3.0, scope: Runtime, optional: false
09:37:03.906 [DEBUG] [io.spring.gradle.dependencymanagement.internal.VersionConfiguringAction] Processing dependency 'org.grails.plugins:converters:3.3.0'
09:37:03.906 [DEBUG] [io.spring.gradle.dependencymanagement.internal.VersionConfiguringAction] No dependency management for dependency 'org.grails.plugins:converters:3.3.0'
09:37:03.906 [DEBUG] [org.gradle.api.internal.artifacts.ivyservice.resolveengine.graph.DependencyGraphBuilder] Selecting new module version org.grails.plugins:converters:3.3.0
09:37:03.906 [DEBUG] [org.gradle.api.internal.artifacts.ivyservice.ivyresolve.RepositoryChainComponentMetaDataResolver] Attempting to resolve component for org.grails.plugins:converters:3.3.0 using repositories [MavenLocal, maven, maven2, maven3]
09:37:03.906 [DEBUG] [org.gradle.api.internal.artifacts.ivyservice.ivyresolve.RepositoryChainComponentMetaDataResolver] Using org.grails.plugins:converters:3.3.0 from Maven repository 'maven'
09:37:03.906 [DEBUG] [org.gradle.api.internal.artifacts.ivyservice.resolveengine.graph.DependencyGraphBuilder] Visiting configuration org.grails:grails-plugin-databinding:3.3.0(default).
09:37:03.906 [DEBUG] [org.gradle.api.internal.artifacts.ivyservice.resolveengine.graph.DependencyGraphBuilder] Visiting dependency org.grails:grails-plugin-databinding:3.3.0(default) -> dependency: org.codehaus.groovy:groovy:2.4.11, scope: Runtime, optional: false
09:37:03.906 [DEBUG] [org.gradle.api.internal.artifacts.ivyservice.resolveengine.graph.DependencyGraphBuilder] Visiting dependency org.grails:grails-plugin-databinding:3.3.0(default) -> dependency: org.slf4j:slf4j-api:1.7.22, scope: Runtime, optional: false
09:37:03.906 [DEBUG] [org.gradle.api.internal.artifacts.ivyservice.resolveengine.graph.DependencyGraphBuilder] Visiting dependency org.grails:grails-plugin-databinding:3.3.0(default) -> dependency: org.slf4j:jcl-over-slf4j:1.7.22, scope: Runtime, optional: false
09:37:03.906 [DEBUG] [org.gradle.api.internal.artifacts.ivyservice.resolveengine.graph.DependencyGraphBuilder] Visiting dependency org.grails:grails-plugin-databinding:3.3.0(default) -> dependency: org.grails:grails-core:3.3.0, scope: Runtime, optional: false
09:37:03.906 [DEBUG] [org.gradle.api.internal.artifacts.ivyservice.resolveengine.graph.DependencyGraphBuilder] Visiting dependency org.grails:grails-plugin-databinding:3.3.0(default) -> dependency: org.grails:grails-web:3.3.0, scope: Runtime, optional: false
09:37:03.906 [DEBUG] [org.gradle.api.internal.artifacts.ivyservice.resolveengine.graph.DependencyGraphBuilder] Visiting configuration org.grails:grails-plugin-i18n:3.3.0(default).
09:37:03.906 [DEBUG] [org.gradle.api.internal.artifacts.ivyservice.resolveengine.graph.DependencyGraphBuilder] Visiting dependency org.grails:grails-plugin-i18n:3.3.0(default) -> dependency: org.codehaus.groovy:groovy:2.4.11, scope: Runtime, optional: false
09:37:03.906 [DEBUG] [org.gradle.api.internal.artifacts.ivyservice.resolveengine.graph.DependencyGraphBuilder] Visiting dependency org.grails:grails-plugin-i18n:3.3.0(default) -> dependency: org.slf4j:slf4j-api:1.7.22, scope: Runtime, optional: false
09:37:03.906 [DEBUG] [org.gradle.api.internal.artifacts.ivyservice.resolveengine.graph.DependencyGraphBuilder] Visiting dependency org.grails:grails-plugin-i18n:3.3.0(default) -> dependency: org.slf4j:jcl-over-slf4j:1.7.22, scope: Runtime, optional: false
09:37:03.907 [DEBUG] [org.gradle.api.internal.artifacts.ivyservice.resolveengine.graph.DependencyGraphBuilder] Visiting dependency org.grails:grails-plugin-i18n:3.3.0(default) -> dependency: org.grails:grails-web:3.3.0, scope: Runtime, optional: false
09:37:03.907 [DEBUG] [org.gradle.api.internal.artifacts.ivyservice.resolveengine.graph.DependencyGraphBuilder] Visiting configuration org.grails:grails-plugin-services:3.3.0(default).
09:37:03.907 [DEBUG] [org.gradle.api.internal.artifacts.ivyservice.resolveengine.graph.DependencyGraphBuilder] Visiting dependency org.grails:grails-plugin-services:3.3.0(default) -> dependency: org.codehaus.groovy:groovy:2.4.11, scope: Runtime, optional: false
09:37:03.907 [DEBUG] [org.gradle.api.internal.artifacts.ivyservice.resolveengine.graph.DependencyGraphBuilder] Visiting dependency org.grails:grails-plugin-services:3.3.0(default) -> dependency: org.slf4j:slf4j-api:1.7.22, scope: Runtime, optional: false
09:37:03.907 [DEBUG] [org.gradle.api.internal.artifacts.ivyservice.resolveengine.graph.DependencyGraphBuilder] Visiting dependency org.grails:grails-plugin-services:3.3.0(default) -> dependency: org.slf4j:jcl-over-slf4j:1.7.22, scope: Runtime, optional: false
09:37:03.907 [DEBUG] [org.gradle.api.internal.artifacts.ivyservice.resolveengine.graph.DependencyGraphBuilder] Visiting dependency org.grails:grails-plugin-services:3.3.0(default) -> dependency: org.springframework:spring-tx:4.3.9.RELEASE, scope: Runtime, optional: false
09:37:03.907 [DEBUG] [org.gradle.api.internal.artifacts.ivyservice.resolveengine.graph.DependencyGraphBuilder] Visiting dependency org.grails:grails-plugin-services:3.3.0(default) -> dependency: org.grails:grails-core:3.3.0, scope: Runtime, optional: false
09:37:03.907 [DEBUG] [org.gradle.api.internal.artifacts.ivyservice.resolveengine.graph.DependencyGraphBuilder] Visiting dependency org.grails:grails-plugin-services:3.3.0(default) -> dependency: org.grails:grails-plugin-datasource:3.3.0, scope: Runtime, optional: false
09:37:03.907 [DEBUG] [org.gradle.api.internal.artifacts.ivyservice.resolveengine.graph.DependencyGraphBuilder] Visiting configuration org.grails:grails-plugin-url-mappings:3.3.0(default).
09:37:03.907 [DEBUG] [org.gradle.api.internal.artifacts.ivyservice.resolveengine.graph.DependencyGraphBuilder] Visiting dependency org.grails:grails-plugin-url-mappings:3.3.0(default) -> dependency: org.codehaus.groovy:groovy:2.4.11, scope: Runtime, optional: false
09:37:03.907 [DEBUG] [org.gradle.api.internal.artifacts.ivyservice.resolveengine.graph.DependencyGraphBuilder] Visiting dependency org.grails:grails-plugin-url-mappings:3.3.0(default) -> dependency: org.slf4j:slf4j-api:1.7.22, scope: Runtime, optional: false
09:37:03.907 [DEBUG] [org.gradle.api.internal.artifacts.ivyservice.resolveengine.graph.DependencyGraphBuilder] Visiting dependency org.grails:grails-plugin-url-mappings:3.3.0(default) -> dependency: org.slf4j:jcl-over-slf4j:1.7.22, scope: Runtime, optional: false
09:37:03.907 [DEBUG] [org.gradle.api.internal.artifacts.ivyservice.resolveengine.graph.DependencyGraphBuilder] Visiting dependency org.grails:grails-plugin-url-mappings:3.3.0(default) -> dependency: com.googlecode.concurrentlinkedhashmap:concurrentlinkedhashmap-lru:1.4.2, scope: Runtime, optional: false
09:37:03.907 [DEBUG] [org.gradle.api.internal.artifacts.ivyservice.resolveengine.graph.DependencyGraphBuilder] Visiting dependency org.grails:grails-plugin-url-mappings:3.3.0(default) -> dependency: org.grails:grails-web:3.3.0, scope: Runtime, optional: false
09:37:03.907 [DEBUG] [org.gradle.api.internal.artifacts.ivyservice.resolveengine.graph.DependencyGraphBuilder] Visiting dependency org.grails:grails-plugin-url-mappings:3.3.0(default) -> dependency: org.grails:grails-plugin-controllers:3.3.0, scope: Runtime, optional: false
09:37:03.907 [DEBUG] [org.gradle.api.internal.artifacts.ivyservice.resolveengine.graph.DependencyGraphBuilder] Visiting dependency org.grails:grails-plugin-url-mappings:3.3.0(default) -> dependency: org.grails:grails-validation:3.3.0, scope: Runtime, optional: false
09:37:03.907 [DEBUG] [io.spring.gradle.dependencymanagement.internal.VersionConfiguringAction] Processing dependency 'org.grails:grails-validation:3.3.0'
09:37:03.907 [DEBUG] [io.spring.gradle.dependencymanagement.internal.DependencyManagementContainer] Found managed version '3.3.0' for dependency 'org.grails:grails-validation' in global dependency management
09:37:03.907 [DEBUG] [io.spring.gradle.dependencymanagement.internal.VersionConfiguringAction] Using version '3.3.0' for dependency 'org.grails:grails-validation:3.3.0'
09:37:03.907 [DEBUG] [org.gradle.api.internal.artifacts.ivyservice.resolveengine.graph.DependencyGraphBuilder] Selecting new module version org.grails:grails-validation:3.3.0
09:37:03.907 [DEBUG] [org.gradle.api.internal.artifacts.ivyservice.ivyresolve.RepositoryChainComponentMetaDataResolver] Attempting to resolve component for org.grails:grails-validation:3.3.0 using repositories [MavenLocal, maven, maven2, maven3]
09:37:03.908 [DEBUG] [org.gradle.api.internal.artifacts.ivyservice.ivyresolve.RepositoryChainComponentMetaDataResolver] Using org.grails:grails-validation:3.3.0 from Maven repository 'maven'
09:37:03.908 [DEBUG] [org.gradle.api.internal.artifacts.ivyservice.resolveengine.graph.DependencyGraphBuilder] Visiting configuration org.grails:grails-plugin-interceptors:3.3.0(default).
09:37:03.908 [DEBUG] [org.gradle.api.internal.artifacts.ivyservice.resolveengine.graph.DependencyGraphBuilder] Visiting dependency org.grails:grails-plugin-interceptors:3.3.0(default) -> dependency: org.codehaus.groovy:groovy:2.4.11, scope: Runtime, optional: false
09:37:03.908 [DEBUG] [org.gradle.api.internal.artifacts.ivyservice.resolveengine.graph.DependencyGraphBuilder] Visiting dependency org.grails:grails-plugin-interceptors:3.3.0(default) -> dependency: org.slf4j:slf4j-api:1.7.22, scope: Runtime, optional: false
09:37:03.908 [DEBUG] [org.gradle.api.internal.artifacts.ivyservice.resolveengine.graph.DependencyGraphBuilder] Visiting dependency org.grails:grails-plugin-interceptors:3.3.0(default) -> dependency: org.slf4j:jcl-over-slf4j:1.7.22, scope: Runtime, optional: false
09:37:03.909 [DEBUG] [org.gradle.api.internal.artifacts.ivyservice.resolveengine.graph.DependencyGraphBuilder] Visiting dependency org.grails:grails-plugin-interceptors:3.3.0(default) -> dependency: org.grails:grails-plugin-controllers:3.3.0, scope: Runtime, optional: false
09:37:03.909 [DEBUG] [org.gradle.api.internal.artifacts.ivyservice.resolveengine.graph.DependencyGraphBuilder] Visiting dependency org.grails:grails-plugin-interceptors:3.3.0(default) -> dependency: org.grails:grails-plugin-url-mappings:3.3.0, scope: Runtime, optional: false
09:37:03.909 [DEBUG] [io.spring.gradle.dependencymanagement.internal.VersionConfiguringAction] Processing dependency 'org.grails:grails-plugin-url-mappings:3.3.0'
09:37:03.909 [DEBUG] [io.spring.gradle.dependencymanagement.internal.DependencyManagementContainer] Found managed version '3.3.0' for dependency 'org.grails:grails-plugin-url-mappings' in global dependency management
09:37:03.909 [DEBUG] [io.spring.gradle.dependencymanagement.internal.VersionConfiguringAction] Using version '3.3.0' for dependency 'org.grails:grails-plugin-url-mappings:3.3.0'
09:37:03.909 [DEBUG] [org.gradle.api.internal.artifacts.ivyservice.resolveengine.graph.DependencyGraphBuilder] Visiting configuration org.grails.plugins:cache:4.0.0(default).
09:37:03.909 [DEBUG] [org.gradle.api.internal.artifacts.ivyservice.resolveengine.graph.DependencyGraphBuilder] Visiting dependency org.grails.plugins:cache:4.0.0(default) -> dependency: com.googlecode.concurrentlinkedhashmap:concurrentlinkedhashmap-lru:1.4.2, scope: Runtime, optional: false
09:37:03.909 [DEBUG] [org.gradle.api.internal.artifacts.ivyservice.resolveengine.graph.DependencyGraphBuilder] Visiting dependency org.grails.plugins:cache:4.0.0(default) -> dependency: org.javassist:javassist:3.17.1-GA, scope: Runtime, optional: false
09:37:03.909 [DEBUG] [io.spring.gradle.dependencymanagement.internal.VersionConfiguringAction] Processing dependency 'org.javassist:javassist:3.17.1-GA'
09:37:03.909 [DEBUG] [io.spring.gradle.dependencymanagement.internal.DependencyManagementContainer] Found managed version '3.21.0-GA' for dependency 'org.javassist:javassist' in global dependency management
09:37:03.909 [DEBUG] [io.spring.gradle.dependencymanagement.internal.VersionConfiguringAction] Using version '3.21.0-GA' for dependency 'org.javassist:javassist:3.17.1-GA'
09:37:03.909 [DEBUG] [org.gradle.api.internal.artifacts.ivyservice.resolveengine.graph.DependencyGraphBuilder] Selecting new module version org.javassist:javassist:3.21.0-GA
09:37:03.909 [DEBUG] [org.gradle.api.internal.artifacts.ivyservice.ivyresolve.RepositoryChainComponentMetaDataResolver] Attempting to resolve component for org.javassist:javassist:3.21.0-GA using repositories [MavenLocal, maven, maven2, maven3]
09:37:03.909 [DEBUG] [org.gradle.api.internal.artifacts.ivyservice.ivyresolve.RepositoryChainComponentMetaDataResolver] Using org.javassist:javassist:3.21.0-GA from Maven repository 'maven'
09:37:03.909 [DEBUG] [org.gradle.api.internal.artifacts.ivyservice.resolveengine.graph.DependencyGraphBuilder] Visiting configuration org.grails.plugins:async:3.3.0(default).
09:37:03.910 [DEBUG] [org.gradle.api.internal.artifacts.ivyservice.resolveengine.graph.DependencyGraphBuilder] Visiting dependency org.grails.plugins:async:3.3.0(default) -> dependency: org.codehaus.groovy:groovy:2.4.11, scope: Runtime, optional: false
09:37:03.910 [DEBUG] [org.gradle.api.internal.artifacts.ivyservice.resolveengine.graph.DependencyGraphBuilder] Visiting dependency org.grails.plugins:async:3.3.0(default) -> dependency: org.slf4j:slf4j-api:1.7.22, scope: Runtime, optional: false
09:37:03.910 [DEBUG] [org.gradle.api.internal.artifacts.ivyservice.resolveengine.graph.DependencyGraphBuilder] Visiting dependency org.grails.plugins:async:3.3.0(default) -> dependency: org.grails:grails-plugin-controllers:3.2.10, scope: Runtime, optional: false
09:37:03.910 [DEBUG] [io.spring.gradle.dependencymanagement.internal.VersionConfiguringAction] Processing dependency 'org.grails:grails-plugin-controllers:3.2.10'
09:37:03.910 [DEBUG] [io.spring.gradle.dependencymanagement.internal.DependencyManagementContainer] Found managed version '3.3.0' for dependency 'org.grails:grails-plugin-controllers' in global dependency management
09:37:03.910 [DEBUG] [io.spring.gradle.dependencymanagement.internal.VersionConfiguringAction] Using version '3.3.0' for dependency 'org.grails:grails-plugin-controllers:3.2.10'
09:37:03.910 [DEBUG] [org.gradle.api.internal.artifacts.ivyservice.resolveengine.graph.DependencyGraphBuilder] Visiting dependency org.grails.plugins:async:3.3.0(default) -> dependency: org.grails.plugins:events:3.3.0, scope: Runtime, optional: false
09:37:03.910 [DEBUG] [io.spring.gradle.dependencymanagement.internal.VersionConfiguringAction] Processing dependency 'org.grails.plugins:events:3.3.0'
09:37:03.910 [DEBUG] [io.spring.gradle.dependencymanagement.internal.DependencyManagementContainer] Found managed version '3.3.0' for dependency 'org.grails.plugins:events' in global dependency management
09:37:03.910 [DEBUG] [io.spring.gradle.dependencymanagement.internal.VersionConfiguringAction] Using version '3.3.0' for dependency 'org.grails.plugins:events:3.3.0'
09:37:03.910 [DEBUG] [org.gradle.api.internal.artifacts.ivyservice.resolveengine.graph.DependencyGraphBuilder] Visiting dependency org.grails.plugins:async:3.3.0(default) -> dependency: org.grails:grails-async:3.3.0, scope: Runtime, optional: false
09:37:03.910 [DEBUG] [io.spring.gradle.dependencymanagement.internal.VersionConfiguringAction] Processing dependency 'org.grails:grails-async:3.3.0'
09:37:03.910 [DEBUG] [io.spring.gradle.dependencymanagement.internal.VersionConfiguringAction] No dependency management for dependency 'org.grails:grails-async:3.3.0'
09:37:03.910 [DEBUG] [org.gradle.api.internal.artifacts.ivyservice.resolveengine.graph.DependencyGraphBuilder] Selecting new module version org.grails:grails-async:3.3.0
09:37:03.910 [DEBUG] [org.gradle.api.internal.artifacts.ivyservice.ivyresolve.RepositoryChainComponentMetaDataResolver] Attempting to resolve component for org.grails:grails-async:3.3.0 using repositories [MavenLocal, maven, maven2, maven3]
09:37:03.910 [DEBUG] [org.gradle.api.internal.artifacts.ivyservice.ivyresolve.RepositoryChainComponentMetaDataResolver] Using org.grails:grails-async:3.3.0 from Maven repository 'maven'
09:37:03.910 [DEBUG] [org.gradle.api.internal.artifacts.ivyservice.resolveengine.graph.DependencyGraphBuilder] Visiting configuration org.grails.plugins:scaffolding:3.3.3(default).
09:37:03.911 [DEBUG] [org.gradle.api.internal.artifacts.ivyservice.resolveengine.graph.DependencyGraphBuilder] Visiting dependency org.grails.plugins:scaffolding:3.3.3(default) -> dependency: org.grails.plugins:fields:2.0.3, scope: Runtime, optional: false
09:37:03.911 [DEBUG] [io.spring.gradle.dependencymanagement.internal.VersionConfiguringAction] Processing dependency 'org.grails.plugins:fields:2.0.3'
09:37:03.911 [DEBUG] [io.spring.gradle.dependencymanagement.internal.DependencyManagementContainer] Found managed version '2.1.5' for dependency 'org.grails.plugins:fields' in global dependency management
09:37:03.911 [DEBUG] [io.spring.gradle.dependencymanagement.internal.VersionConfiguringAction] Using version '2.1.5' for dependency 'org.grails.plugins:fields:2.0.3'
09:37:03.911 [DEBUG] [org.gradle.api.internal.artifacts.ivyservice.resolveengine.graph.DependencyGraphBuilder] Selecting new module version org.grails.plugins:fields:2.1.5
09:37:03.911 [DEBUG] [org.gradle.api.internal.artifacts.ivyservice.ivyresolve.RepositoryChainComponentMetaDataResolver] Attempting to resolve component for org.grails.plugins:fields:2.1.5 using repositories [MavenLocal, maven, maven2, maven3]
09:37:03.911 [DEBUG] [org.gradle.api.internal.artifacts.ivyservice.ivyresolve.RepositoryChainComponentMetaDataResolver] Using org.grails.plugins:fields:2.1.5 from Maven repository 'maven'
09:37:03.911 [DEBUG] [org.gradle.api.internal.artifacts.ivyservice.resolveengine.graph.DependencyGraphBuilder] Visiting configuration org.grails.plugins:events:3.3.0(default).
09:37:03.911 [DEBUG] [org.gradle.api.internal.artifacts.ivyservice.resolveengine.graph.DependencyGraphBuilder] Visiting dependency org.grails.plugins:events:3.3.0(default) -> dependency: org.codehaus.groovy:groovy:2.4.11, scope: Runtime, optional: false
09:37:03.911 [DEBUG] [org.gradle.api.internal.artifacts.ivyservice.resolveengine.graph.DependencyGraphBuilder] Visiting dependency org.grails.plugins:events:3.3.0(default) -> dependency: org.slf4j:slf4j-api:1.7.22, scope: Runtime, optional: false
09:37:03.911 [DEBUG] [org.gradle.api.internal.artifacts.ivyservice.resolveengine.graph.DependencyGraphBuilder] Visiting dependency org.grails.plugins:events:3.3.0(default) -> dependency: org.grails:grails-core:3.2.10, scope: Runtime, optional: false
09:37:03.911 [DEBUG] [io.spring.gradle.dependencymanagement.internal.VersionConfiguringAction] Processing dependency 'org.grails:grails-core:3.2.10'
09:37:03.911 [DEBUG] [io.spring.gradle.dependencymanagement.internal.DependencyManagementContainer] Found managed version '3.3.0' for dependency 'org.grails:grails-core' in global dependency management
09:37:03.911 [DEBUG] [io.spring.gradle.dependencymanagement.internal.VersionConfiguringAction] Using version '3.3.0' for dependency 'org.grails:grails-core:3.2.10'
09:37:03.911 [DEBUG] [org.gradle.api.internal.artifacts.ivyservice.resolveengine.graph.DependencyGraphBuilder] Visiting dependency org.grails.plugins:events:3.3.0(default) -> dependency: org.grails:grails-events:3.3.0, scope: Runtime, optional: false
09:37:03.911 [DEBUG] [io.spring.gradle.dependencymanagement.internal.VersionConfiguringAction] Processing dependency 'org.grails:grails-events:3.3.0'
09:37:03.911 [DEBUG] [io.spring.gradle.dependencymanagement.internal.VersionConfiguringAction] No dependency management for dependency 'org.grails:grails-events:3.3.0'
09:37:03.911 [DEBUG] [org.gradle.api.internal.artifacts.ivyservice.resolveengine.graph.DependencyGraphBuilder] Selecting new module version org.grails:grails-events:3.3.0
09:37:03.911 [DEBUG] [org.gradle.api.internal.artifacts.ivyservice.ivyresolve.RepositoryChainComponentMetaDataResolver] Attempting to resolve component for org.grails:grails-events:3.3.0 using repositories [MavenLocal, maven, maven2, maven3]
09:37:03.911 [DEBUG] [org.gradle.api.internal.artifacts.ivyservice.ivyresolve.RepositoryChainComponentMetaDataResolver] Using org.grails:grails-events:3.3.0 from Maven repository 'maven'
09:37:03.911 [DEBUG] [org.gradle.api.internal.artifacts.ivyservice.resolveengine.graph.DependencyGraphBuilder] Visiting dependency org.grails.plugins:events:3.3.0(default) -> dependency: org.grails:grails-events-transform:3.3.0, scope: Runtime, optional: false
09:37:03.912 [DEBUG] [io.spring.gradle.dependencymanagement.internal.VersionConfiguringAction] Processing dependency 'org.grails:grails-events-transform:3.3.0'
09:37:03.912 [DEBUG] [io.spring.gradle.dependencymanagement.internal.VersionConfiguringAction] No dependency management for dependency 'org.grails:grails-events-transform:3.3.0'
09:37:03.912 [DEBUG] [org.gradle.api.internal.artifacts.ivyservice.resolveengine.graph.DependencyGraphBuilder] Selecting new module version org.grails:grails-events-transform:3.3.0
09:37:03.912 [DEBUG] [org.gradle.api.internal.artifacts.ivyservice.ivyresolve.RepositoryChainComponentMetaDataResolver] Attempting to resolve component for org.grails:grails-events-transform:3.3.0 using repositories [MavenLocal, maven, maven2, maven3]
09:37:03.912 [DEBUG] [org.gradle.api.internal.artifacts.ivyservice.ivyresolve.RepositoryChainComponentMetaDataResolver] Using org.grails:grails-events-transform:3.3.0 from Maven repository 'maven'
09:37:03.912 [DEBUG] [org.gradle.api.internal.artifacts.ivyservice.resolveengine.graph.DependencyGraphBuilder] Visiting dependency org.grails.plugins:events:3.3.0(default) -> dependency: org.grails:grails-events-compat:3.3.0, scope: Runtime, optional: false
09:37:03.912 [DEBUG] [io.spring.gradle.dependencymanagement.internal.VersionConfiguringAction] Processing dependency 'org.grails:grails-events-compat:3.3.0'
09:37:03.912 [DEBUG] [io.spring.gradle.dependencymanagement.internal.VersionConfiguringAction] No dependency management for dependency 'org.grails:grails-events-compat:3.3.0'
09:37:03.912 [DEBUG] [org.gradle.api.internal.artifacts.ivyservice.resolveengine.graph.DependencyGraphBuilder] Selecting new module version org.grails:grails-events-compat:3.3.0
09:37:03.912 [DEBUG] [org.gradle.api.internal.artifacts.ivyservice.ivyresolve.RepositoryChainComponentMetaDataResolver] Attempting to resolve component for org.grails:grails-events-compat:3.3.0 using repositories [MavenLocal, maven, maven2, maven3]
09:37:03.912 [DEBUG] [org.gradle.api.internal.artifacts.ivyservice.ivyresolve.RepositoryChainComponentMetaDataResolver] Using org.grails:grails-events-compat:3.3.0 from Maven repository 'maven'
09:37:03.912 [DEBUG] [org.gradle.api.internal.artifacts.ivyservice.resolveengine.graph.DependencyGraphBuilder] Visiting configuration org.grails.plugins:hibernate5:6.1.6(default).
09:37:03.912 [DEBUG] [org.gradle.api.internal.artifacts.ivyservice.resolveengine.graph.DependencyGraphBuilder] Visiting dependency org.grails.plugins:hibernate5:6.1.6(default) -> dependency: org.hibernate:hibernate-core:5.1.5.Final, scope: Runtime, optional: false
09:37:03.912 [DEBUG] [org.gradle.api.internal.artifacts.ivyservice.resolveengine.graph.DependencyGraphBuilder] Visiting dependency org.grails.plugins:hibernate5:6.1.6(default) -> dependency: org.grails:grails-datastore-web:6.1.6.RELEASE, scope: Runtime, optional: false
09:37:03.912 [DEBUG] [io.spring.gradle.dependencymanagement.internal.VersionConfiguringAction] Processing dependency 'org.grails:grails-datastore-web:6.1.6.RELEASE'
09:37:03.912 [DEBUG] [io.spring.gradle.dependencymanagement.internal.DependencyManagementContainer] Found managed version '6.1.6.RELEASE' for dependency 'org.grails:grails-datastore-web' in global dependency management
09:37:03.912 [DEBUG] [io.spring.gradle.dependencymanagement.internal.VersionConfiguringAction] Using version '6.1.6.RELEASE' for dependency 'org.grails:grails-datastore-web:6.1.6.RELEASE'
09:37:03.912 [DEBUG] [org.gradle.api.internal.artifacts.ivyservice.resolveengine.graph.DependencyGraphBuilder] Selecting new module version org.grails:grails-datastore-web:6.1.6.RELEASE
09:37:03.912 [DEBUG] [org.gradle.api.internal.artifacts.ivyservice.ivyresolve.RepositoryChainComponentMetaDataResolver] Attempting to resolve component for org.grails:grails-datastore-web:6.1.6.RELEASE using repositories [MavenLocal, maven, maven2, maven3]
09:37:03.912 [DEBUG] [org.gradle.api.internal.artifacts.ivyservice.ivyresolve.RepositoryChainComponentMetaDataResolver] Using org.grails:grails-datastore-web:6.1.6.RELEASE from Maven repository 'maven'
09:37:03.912 [DEBUG] [org.gradle.api.internal.artifacts.ivyservice.resolveengine.graph.DependencyGraphBuilder] Visiting dependency org.grails.plugins:hibernate5:6.1.6(default) -> dependency: org.grails:grails-datastore-gorm-support:6.1.6.RELEASE, scope: Runtime, optional: false
09:37:03.913 [DEBUG] [io.spring.gradle.dependencymanagement.internal.VersionConfiguringAction] Processing dependency 'org.grails:grails-datastore-gorm-support:6.1.6.RELEASE'
09:37:03.913 [DEBUG] [io.spring.gradle.dependencymanagement.internal.DependencyManagementContainer] Found managed version '6.1.6.RELEASE' for dependency 'org.grails:grails-datastore-gorm-support' in global dependency management
09:37:03.913 [DEBUG] [io.spring.gradle.dependencymanagement.internal.VersionConfiguringAction] Using version '6.1.6.RELEASE' for dependency 'org.grails:grails-datastore-gorm-support:6.1.6.RELEASE'
09:37:03.913 [DEBUG] [org.gradle.api.internal.artifacts.ivyservice.resolveengine.graph.DependencyGraphBuilder] Selecting new module version org.grails:grails-datastore-gorm-support:6.1.6.RELEASE
09:37:03.913 [DEBUG] [org.gradle.api.internal.artifacts.ivyservice.ivyresolve.RepositoryChainComponentMetaDataResolver] Attempting to resolve component for org.grails:grails-datastore-gorm-support:6.1.6.RELEASE using repositories [MavenLocal, maven, maven2, maven3]
09:37:03.913 [DEBUG] [org.gradle.api.internal.artifacts.ivyservice.ivyresolve.RepositoryChainComponentMetaDataResolver] Using org.grails:grails-datastore-gorm-support:6.1.6.RELEASE from Maven repository 'maven'
09:37:03.913 [DEBUG] [org.gradle.api.internal.artifacts.ivyservice.resolveengine.graph.DependencyGraphBuilder] Visiting dependency org.grails.plugins:hibernate5:6.1.6(default) -> dependency: org.grails:grails-datastore-gorm-hibernate5:6.1.6.RELEASE, scope: Runtime, optional: false
09:37:03.913 [DEBUG] [io.spring.gradle.dependencymanagement.internal.VersionConfiguringAction] Processing dependency 'org.grails:grails-datastore-gorm-hibernate5:6.1.6.RELEASE'
09:37:03.913 [DEBUG] [io.spring.gradle.dependencymanagement.internal.VersionConfiguringAction] No dependency management for dependency 'org.grails:grails-datastore-gorm-hibernate5:6.1.6.RELEASE'
09:37:03.913 [DEBUG] [org.gradle.api.internal.artifacts.ivyservice.resolveengine.graph.DependencyGraphBuilder] Selecting new module version org.grails:grails-datastore-gorm-hibernate5:6.1.6.RELEASE
09:37:03.913 [DEBUG] [org.gradle.api.internal.artifacts.ivyservice.ivyresolve.RepositoryChainComponentMetaDataResolver] Attempting to resolve component for org.grails:grails-datastore-gorm-hibernate5:6.1.6.RELEASE using repositories [MavenLocal, maven, maven2, maven3]
09:37:03.913 [DEBUG] [org.gradle.api.internal.artifacts.ivyservice.ivyresolve.RepositoryChainComponentMetaDataResolver] Using org.grails:grails-datastore-gorm-hibernate5:6.1.6.RELEASE from Maven repository 'maven'
09:37:03.913 [DEBUG] [org.gradle.api.internal.artifacts.ivyservice.resolveengine.graph.DependencyGraphBuilder] Visiting dependency org.grails.plugins:hibernate5:6.1.6(default) -> dependency: org.springframework:spring-orm:4.2.3.RELEASE, scope: Runtime, optional: false
09:37:03.913 [DEBUG] [io.spring.gradle.dependencymanagement.internal.VersionConfiguringAction] Processing dependency 'org.springframework:spring-orm:4.2.3.RELEASE'
09:37:03.913 [DEBUG] [io.spring.gradle.dependencymanagement.internal.DependencyManagementContainer] Found managed version '4.3.9.RELEASE' for dependency 'org.springframework:spring-orm' in global dependency management
09:37:03.913 [DEBUG] [io.spring.gradle.dependencymanagement.internal.VersionConfiguringAction] Using version '4.3.9.RELEASE' for dependency 'org.springframework:spring-orm:4.2.3.RELEASE'
09:37:03.913 [DEBUG] [org.gradle.api.internal.artifacts.ivyservice.resolveengine.graph.DependencyGraphBuilder] Selecting new module version org.springframework:spring-orm:4.3.9.RELEASE
09:37:03.913 [DEBUG] [org.gradle.api.internal.artifacts.ivyservice.ivyresolve.RepositoryChainComponentMetaDataResolver] Attempting to resolve component for org.springframework:spring-orm:4.3.9.RELEASE using repositories [MavenLocal, maven, maven2, maven3]
09:37:03.913 [DEBUG] [org.gradle.api.internal.artifacts.ivyservice.ivyresolve.RepositoryChainComponentMetaDataResolver] Using org.springframework:spring-orm:4.3.9.RELEASE from Maven repository 'maven'
09:37:03.913 [DEBUG] [org.gradle.api.internal.artifacts.ivyservice.resolveengine.graph.DependencyGraphBuilder] Visiting configuration org.hibernate:hibernate-core:5.1.5.Final(default).
09:37:03.914 [DEBUG] [org.gradle.api.internal.artifacts.ivyservice.resolveengine.graph.DependencyGraphBuilder] Visiting dependency org.hibernate:hibernate-core:5.1.5.Final(default) -> dependency: org.jboss.logging:jboss-logging:3.3.0.Final, scope: Compile, optional: false
09:37:03.914 [DEBUG] [io.spring.gradle.dependencymanagement.internal.VersionConfiguringAction] Processing dependency 'org.jboss.logging:jboss-logging:3.3.0.Final'
09:37:03.914 [DEBUG] [io.spring.gradle.dependencymanagement.internal.DependencyManagementContainer] Found managed version '3.3.1.Final' for dependency 'org.jboss.logging:jboss-logging' in global dependency management
09:37:03.914 [DEBUG] [io.spring.gradle.dependencymanagement.internal.VersionConfiguringAction] Using version '3.3.1.Final' for dependency 'org.jboss.logging:jboss-logging:3.3.0.Final'
09:37:03.914 [DEBUG] [org.gradle.api.internal.artifacts.ivyservice.resolveengine.graph.DependencyGraphBuilder] Selecting new module version org.jboss.logging:jboss-logging:3.3.1.Final
09:37:03.914 [DEBUG] [org.gradle.api.internal.artifacts.ivyservice.ivyresolve.RepositoryChainComponentMetaDataResolver] Attempting to resolve component for org.jboss.logging:jboss-logging:3.3.1.Final using repositories [MavenLocal, maven, maven2, maven3]
09:37:03.914 [DEBUG] [org.gradle.api.internal.artifacts.ivyservice.ivyresolve.RepositoryChainComponentMetaDataResolver] Using org.jboss.logging:jboss-logging:3.3.1.Final from Maven repository 'maven'
09:37:03.914 [DEBUG] [org.gradle.api.internal.artifacts.ivyservice.resolveengine.graph.DependencyGraphBuilder] Visiting dependency org.hibernate:hibernate-core:5.1.5.Final(default) -> dependency: org.hibernate.javax.persistence:hibernate-jpa-2.1-api:1.0.0.Final, scope: Compile, optional: false
09:37:03.914 [DEBUG] [org.gradle.api.internal.artifacts.ivyservice.resolveengine.graph.DependencyGraphBuilder] Visiting dependency org.hibernate:hibernate-core:5.1.5.Final(default) -> dependency: org.javassist:javassist:3.20.0-GA, scope: Compile, optional: false
09:37:03.914 [DEBUG] [io.spring.gradle.dependencymanagement.internal.VersionConfiguringAction] Processing dependency 'org.javassist:javassist:3.20.0-GA'
09:37:03.914 [DEBUG] [io.spring.gradle.dependencymanagement.internal.DependencyManagementContainer] Found managed version '3.21.0-GA' for dependency 'org.javassist:javassist' in global dependency management
09:37:03.914 [DEBUG] [io.spring.gradle.dependencymanagement.internal.VersionConfiguringAction] Using version '3.21.0-GA' for dependency 'org.javassist:javassist:3.20.0-GA'
09:37:03.914 [DEBUG] [org.gradle.api.internal.artifacts.ivyservice.resolveengine.graph.DependencyGraphBuilder] Visiting dependency org.hibernate:hibernate-core:5.1.5.Final(default) -> dependency: antlr:antlr:2.7.7, scope: Compile, optional: false
09:37:03.914 [DEBUG] [io.spring.gradle.dependencymanagement.internal.VersionConfiguringAction] Processing dependency 'antlr:antlr:2.7.7'
09:37:03.914 [DEBUG] [io.spring.gradle.dependencymanagement.internal.DependencyManagementContainer] Found managed version '2.7.7' for dependency 'antlr:antlr' in global dependency management
09:37:03.914 [DEBUG] [io.spring.gradle.dependencymanagement.internal.VersionConfiguringAction] Using version '2.7.7' for dependency 'antlr:antlr:2.7.7'
09:37:03.914 [DEBUG] [org.gradle.api.internal.artifacts.ivyservice.resolveengine.graph.DependencyGraphBuilder] Selecting new module version antlr:antlr:2.7.7
09:37:03.914 [DEBUG] [org.gradle.api.internal.artifacts.ivyservice.ivyresolve.RepositoryChainComponentMetaDataResolver] Attempting to resolve component for antlr:antlr:2.7.7 using repositories [MavenLocal, maven, maven2, maven3]
09:37:03.914 [DEBUG] [org.gradle.api.internal.artifacts.ivyservice.ivyresolve.RepositoryChainComponentMetaDataResolver] Using antlr:antlr:2.7.7 from Maven repository 'MavenLocal'
09:37:03.914 [DEBUG] [org.gradle.api.internal.artifacts.ivyservice.resolveengine.graph.DependencyGraphBuilder] Visiting dependency org.hibernate:hibernate-core:5.1.5.Final(default) -> dependency: org.apache.geronimo.specs:geronimo-jta_1.1_spec:1.1.1, scope: Compile, optional: false
09:37:03.914 [DEBUG] [io.spring.gradle.dependencymanagement.internal.VersionConfiguringAction] Processing dependency 'org.apache.geronimo.specs:geronimo-jta_1.1_spec:1.1.1'
09:37:03.915 [DEBUG] [io.spring.gradle.dependencymanagement.internal.VersionConfiguringAction] No dependency management for dependency 'org.apache.geronimo.specs:geronimo-jta_1.1_spec:1.1.1'
09:37:03.915 [DEBUG] [org.gradle.api.internal.artifacts.ivyservice.resolveengine.graph.DependencyGraphBuilder] Selecting new module version org.apache.geronimo.specs:geronimo-jta_1.1_spec:1.1.1
09:37:03.915 [DEBUG] [org.gradle.api.internal.artifacts.ivyservice.ivyresolve.RepositoryChainComponentMetaDataResolver] Attempting to resolve component for org.apache.geronimo.specs:geronimo-jta_1.1_spec:1.1.1 using repositories [MavenLocal, maven, maven2, maven3]
09:37:03.915 [DEBUG] [org.gradle.api.internal.artifacts.ivyservice.ivyresolve.RepositoryChainComponentMetaDataResolver] Using org.apache.geronimo.specs:geronimo-jta_1.1_spec:1.1.1 from Maven repository 'MavenLocal'
09:37:03.915 [DEBUG] [org.gradle.api.internal.artifacts.ivyservice.resolveengine.graph.DependencyGraphBuilder] Visiting dependency org.hibernate:hibernate-core:5.1.5.Final(default) -> dependency: org.jboss:jandex:2.0.3.Final, scope: Compile, optional: false
09:37:03.915 [DEBUG] [io.spring.gradle.dependencymanagement.internal.VersionConfiguringAction] Processing dependency 'org.jboss:jandex:2.0.3.Final'
09:37:03.915 [DEBUG] [io.spring.gradle.dependencymanagement.internal.VersionConfiguringAction] No dependency management for dependency 'org.jboss:jandex:2.0.3.Final'
09:37:03.915 [DEBUG] [org.gradle.api.internal.artifacts.ivyservice.resolveengine.graph.DependencyGraphBuilder] Selecting new module version org.jboss:jandex:2.0.3.Final
09:37:03.915 [DEBUG] [org.gradle.api.internal.artifacts.ivyservice.ivyresolve.RepositoryChainComponentMetaDataResolver] Attempting to resolve component for org.jboss:jandex:2.0.3.Final using repositories [MavenLocal, maven, maven2, maven3]
09:37:03.915 [DEBUG] [org.gradle.api.internal.artifacts.ivyservice.ivyresolve.RepositoryChainComponentMetaDataResolver] Using org.jboss:jandex:2.0.3.Final from Maven repository 'maven'
09:37:03.915 [DEBUG] [org.gradle.api.internal.artifacts.ivyservice.resolveengine.graph.DependencyGraphBuilder] Visiting dependency org.hibernate:hibernate-core:5.1.5.Final(default) -> dependency: com.fasterxml:classmate:1.3.0, scope: Compile, optional: false
09:37:03.915 [DEBUG] [io.spring.gradle.dependencymanagement.internal.VersionConfiguringAction] Processing dependency 'com.fasterxml:classmate:1.3.0'
09:37:03.915 [DEBUG] [io.spring.gradle.dependencymanagement.internal.DependencyManagementContainer] Found managed version '1.3.3' for dependency 'com.fasterxml:classmate' in global dependency management
09:37:03.915 [DEBUG] [io.spring.gradle.dependencymanagement.internal.VersionConfiguringAction] Using version '1.3.3' for dependency 'com.fasterxml:classmate:1.3.0'
09:37:03.915 [DEBUG] [org.gradle.api.internal.artifacts.ivyservice.resolveengine.graph.DependencyGraphBuilder] Selecting new module version com.fasterxml:classmate:1.3.3
09:37:03.915 [DEBUG] [org.gradle.api.internal.artifacts.ivyservice.ivyresolve.RepositoryChainComponentMetaDataResolver] Attempting to resolve component for com.fasterxml:classmate:1.3.3 using repositories [MavenLocal, maven, maven2, maven3]
09:37:03.915 [DEBUG] [org.gradle.api.internal.artifacts.ivyservice.ivyresolve.RepositoryChainComponentMetaDataResolver] Using com.fasterxml:classmate:1.3.3 from Maven repository 'maven'
09:37:03.915 [DEBUG] [org.gradle.api.internal.artifacts.ivyservice.resolveengine.graph.DependencyGraphBuilder] Visiting dependency org.hibernate:hibernate-core:5.1.5.Final(default) -> dependency: dom4j:dom4j:1.6.1, scope: Compile, optional: false
09:37:03.916 [DEBUG] [io.spring.gradle.dependencymanagement.internal.VersionConfiguringAction] Processing dependency 'dom4j:dom4j:1.6.1'
09:37:03.916 [DEBUG] [io.spring.gradle.dependencymanagement.internal.DependencyManagementContainer] Found managed version '1.6.1' for dependency 'dom4j:dom4j' in global dependency management
09:37:03.916 [DEBUG] [io.spring.gradle.dependencymanagement.internal.VersionConfiguringAction] Using version '1.6.1' for dependency 'dom4j:dom4j:1.6.1'
09:37:03.916 [DEBUG] [org.gradle.api.internal.artifacts.ivyservice.resolveengine.graph.DependencyGraphBuilder] Selecting new module version dom4j:dom4j:1.6.1
09:37:03.916 [DEBUG] [org.gradle.api.internal.artifacts.ivyservice.ivyresolve.RepositoryChainComponentMetaDataResolver] Attempting to resolve component for dom4j:dom4j:1.6.1 using repositories [MavenLocal, maven, maven2, maven3]
09:37:03.916 [DEBUG] [org.gradle.api.internal.artifacts.ivyservice.ivyresolve.RepositoryChainComponentMetaDataResolver] Using dom4j:dom4j:1.6.1 from Maven repository 'MavenLocal'
09:37:03.916 [DEBUG] [org.gradle.api.internal.artifacts.ivyservice.resolveengine.graph.DependencyGraphBuilder] Visiting dependency org.hibernate:hibernate-core:5.1.5.Final(default) -> dependency: org.hibernate.common:hibernate-commons-annotations:5.0.1.Final, scope: Compile, optional: false
09:37:03.916 [DEBUG] [io.spring.gradle.dependencymanagement.internal.VersionConfiguringAction] Processing dependency 'org.hibernate.common:hibernate-commons-annotations:5.0.1.Final'
09:37:03.916 [DEBUG] [io.spring.gradle.dependencymanagement.internal.VersionConfiguringAction] No dependency management for dependency 'org.hibernate.common:hibernate-commons-annotations:5.0.1.Final'
09:37:03.916 [DEBUG] [org.gradle.api.internal.artifacts.ivyservice.resolveengine.graph.DependencyGraphBuilder] Selecting new module version org.hibernate.common:hibernate-commons-annotations:5.0.1.Final
09:37:03.916 [DEBUG] [org.gradle.api.internal.artifacts.ivyservice.ivyresolve.RepositoryChainComponentMetaDataResolver] Attempting to resolve component for org.hibernate.common:hibernate-commons-annotations:5.0.1.Final using repositories [MavenLocal, maven, maven2, maven3]
09:37:03.916 [DEBUG] [org.gradle.api.internal.artifacts.ivyservice.ivyresolve.RepositoryChainComponentMetaDataResolver] Using org.hibernate.common:hibernate-commons-annotations:5.0.1.Final from Maven repository 'maven'
09:37:03.916 [DEBUG] [org.gradle.api.internal.artifacts.ivyservice.resolveengine.graph.DependencyGraphBuilder] Visiting configuration org.grails.plugins:gsp:3.3.0(default).
09:37:03.916 [DEBUG] [org.gradle.api.internal.artifacts.ivyservice.resolveengine.graph.DependencyGraphBuilder] Visiting dependency org.grails.plugins:gsp:3.3.0(default) -> dependency: org.grails:grails-web-jsp:3.3.0, scope: Runtime, optional: false
09:37:03.916 [DEBUG] [io.spring.gradle.dependencymanagement.internal.VersionConfiguringAction] Processing dependency 'org.grails:grails-web-jsp:3.3.0'
09:37:03.916 [DEBUG] [io.spring.gradle.dependencymanagement.internal.VersionConfiguringAction] No dependency management for dependency 'org.grails:grails-web-jsp:3.3.0'
09:37:03.916 [DEBUG] [org.gradle.api.internal.artifacts.ivyservice.resolveengine.graph.DependencyGraphBuilder] Selecting new module version org.grails:grails-web-jsp:3.3.0
09:37:03.916 [DEBUG] [org.gradle.api.internal.artifacts.ivyservice.ivyresolve.RepositoryChainComponentMetaDataResolver] Attempting to resolve component for org.grails:grails-web-jsp:3.3.0 using repositories [MavenLocal, maven, maven2, maven3]
09:37:03.917 [DEBUG] [org.gradle.api.internal.artifacts.ivyservice.ivyresolve.RepositoryChainComponentMetaDataResolver] Using org.grails:grails-web-jsp:3.3.0 from Maven repository 'maven'
09:37:03.917 [DEBUG] [org.gradle.api.internal.artifacts.ivyservice.resolveengine.graph.DependencyGraphBuilder] Visiting dependency org.grails.plugins:gsp:3.3.0(default) -> dependency: org.grails:grails-web-gsp-taglib:3.3.0, scope: Runtime, optional: false
09:37:03.917 [DEBUG] [io.spring.gradle.dependencymanagement.internal.VersionConfiguringAction] Processing dependency 'org.grails:grails-web-gsp-taglib:3.3.0'
09:37:03.917 [DEBUG] [io.spring.gradle.dependencymanagement.internal.VersionConfiguringAction] No dependency management for dependency 'org.grails:grails-web-gsp-taglib:3.3.0'
09:37:03.917 [DEBUG] [org.gradle.api.internal.artifacts.ivyservice.resolveengine.graph.DependencyGraphBuilder] Selecting new module version org.grails:grails-web-gsp-taglib:3.3.0
09:37:03.917 [DEBUG] [org.gradle.api.internal.artifacts.ivyservice.ivyresolve.RepositoryChainComponentMetaDataResolver] Attempting to resolve component for org.grails:grails-web-gsp-taglib:3.3.0 using repositories [MavenLocal, maven, maven2, maven3]
09:37:03.917 [DEBUG] [org.gradle.api.internal.artifacts.ivyservice.ivyresolve.RepositoryChainComponentMetaDataResolver] Using org.grails:grails-web-gsp-taglib:3.3.0 from Maven repository 'maven'
09:37:03.917 [DEBUG] [org.gradle.api.internal.artifacts.ivyservice.resolveengine.graph.DependencyGraphBuilder] Visiting dependency org.grails.plugins:gsp:3.3.0(default) -> dependency: commons-lang:commons-lang:2.6, scope: Runtime, optional: false
09:37:03.917 [DEBUG] [io.spring.gradle.dependencymanagement.internal.VersionConfiguringAction] Processing dependency 'commons-lang:commons-lang:2.6'
09:37:03.917 [DEBUG] [io.spring.gradle.dependencymanagement.internal.VersionConfiguringAction] No dependency management for dependency 'commons-lang:commons-lang:2.6'
09:37:03.917 [DEBUG] [org.gradle.api.internal.artifacts.ivyservice.resolveengine.graph.DependencyGraphBuilder] Selecting new module version commons-lang:commons-lang:2.6
09:37:03.917 [DEBUG] [org.gradle.api.internal.artifacts.ivyservice.ivyresolve.RepositoryChainComponentMetaDataResolver] Attempting to resolve component for commons-lang:commons-lang:2.6 using repositories [MavenLocal, maven, maven2, maven3]
09:37:03.917 [DEBUG] [org.gradle.api.internal.artifacts.ivyservice.ivyresolve.RepositoryChainComponentMetaDataResolver] Using commons-lang:commons-lang:2.6 from Maven repository 'MavenLocal'
09:37:03.917 [DEBUG] [org.gradle.api.internal.artifacts.ivyservice.resolveengine.graph.DependencyGraphBuilder] Visiting dependency org.grails.plugins:gsp:3.3.0(default) -> dependency: org.grails:grails-plugin-codecs:3.2.10, scope: Runtime, optional: false
09:37:03.917 [DEBUG] [io.spring.gradle.dependencymanagement.internal.VersionConfiguringAction] Processing dependency 'org.grails:grails-plugin-codecs:3.2.10'
09:37:03.917 [DEBUG] [io.spring.gradle.dependencymanagement.internal.DependencyManagementContainer] Found managed version '3.3.0' for dependency 'org.grails:grails-plugin-codecs' in global dependency management
09:37:03.917 [DEBUG] [io.spring.gradle.dependencymanagement.internal.VersionConfiguringAction] Using version '3.3.0' for dependency 'org.grails:grails-plugin-codecs:3.2.10'
09:37:03.917 [DEBUG] [org.gradle.api.internal.artifacts.ivyservice.resolveengine.graph.DependencyGraphBuilder] Selecting new module version org.grails:grails-plugin-codecs:3.3.0
09:37:03.917 [DEBUG] [org.gradle.api.internal.artifacts.ivyservice.ivyresolve.RepositoryChainComponentMetaDataResolver] Attempting to resolve component for org.grails:grails-plugin-codecs:3.3.0 using repositories [MavenLocal, maven, maven2, maven3]
09:37:03.917 [DEBUG] [org.gradle.api.internal.artifacts.ivyservice.ivyresolve.RepositoryChainComponentMetaDataResolver] Using org.grails:grails-plugin-codecs:3.3.0 from Maven repository 'maven'
09:37:03.918 [DEBUG] [org.gradle.api.internal.artifacts.ivyservice.resolveengine.graph.DependencyGraphBuilder] Visiting configuration ch.qos.logback:logback-classic:1.1.11(runtime).
09:37:03.918 [DEBUG] [org.gradle.api.internal.artifacts.ivyservice.resolveengine.graph.DependencyGraphBuilder] Visiting dependency ch.qos.logback:logback-classic:1.1.11(runtime) -> dependency: ch.qos.logback:logback-core:1.1.11, scope: Compile, optional: false
09:37:03.918 [DEBUG] [io.spring.gradle.dependencymanagement.internal.VersionConfiguringAction] Processing dependency 'ch.qos.logback:logback-core:1.1.11'
09:37:03.918 [DEBUG] [io.spring.gradle.dependencymanagement.internal.DependencyManagementContainer] Found managed version '1.1.11' for dependency 'ch.qos.logback:logback-core' in global dependency management
09:37:03.918 [DEBUG] [io.spring.gradle.dependencymanagement.internal.VersionConfiguringAction] Using version '1.1.11' for dependency 'ch.qos.logback:logback-core:1.1.11'
09:37:03.918 [DEBUG] [org.gradle.api.internal.artifacts.ivyservice.resolveengine.graph.DependencyGraphBuilder] Selecting new module version ch.qos.logback:logback-core:1.1.11
09:37:03.918 [DEBUG] [org.gradle.api.internal.artifacts.ivyservice.ivyresolve.RepositoryChainComponentMetaDataResolver] Attempting to resolve component for ch.qos.logback:logback-core:1.1.11 using repositories [MavenLocal, maven, maven2, maven3]
09:37:03.918 [DEBUG] [org.gradle.api.internal.artifacts.ivyservice.ivyresolve.RepositoryChainComponentMetaDataResolver] Using ch.qos.logback:logback-core:1.1.11 from Maven repository 'maven'
09:37:03.918 [DEBUG] [org.gradle.api.internal.artifacts.ivyservice.resolveengine.graph.DependencyGraphBuilder] Visiting dependency ch.qos.logback:logback-classic:1.1.11(runtime) -> dependency: org.slf4j:slf4j-api:1.7.22, scope: Compile, optional: false
09:37:03.918 [DEBUG] [org.gradle.api.internal.artifacts.ivyservice.resolveengine.graph.DependencyGraphBuilder] Visiting configuration org.slf4j:jcl-over-slf4j:1.7.25(runtime).
09:37:03.918 [DEBUG] [org.gradle.api.internal.artifacts.ivyservice.resolveengine.graph.DependencyGraphBuilder] Visiting dependency org.slf4j:jcl-over-slf4j:1.7.25(runtime) -> dependency: org.slf4j:slf4j-api:1.7.25, scope: Compile, optional: false
09:37:03.918 [DEBUG] [io.spring.gradle.dependencymanagement.internal.VersionConfiguringAction] Processing dependency 'org.slf4j:slf4j-api:1.7.25'
09:37:03.918 [DEBUG] [io.spring.gradle.dependencymanagement.internal.DependencyManagementContainer] Found managed version '1.7.25' for dependency 'org.slf4j:slf4j-api' in global dependency management
09:37:03.918 [DEBUG] [io.spring.gradle.dependencymanagement.internal.VersionConfiguringAction] Using version '1.7.25' for dependency 'org.slf4j:slf4j-api:1.7.25'
09:37:03.918 [DEBUG] [org.gradle.api.internal.artifacts.ivyservice.resolveengine.graph.DependencyGraphBuilder] Visiting configuration org.slf4j:jul-to-slf4j:1.7.25(runtime).
09:37:03.918 [DEBUG] [org.gradle.api.internal.artifacts.ivyservice.resolveengine.graph.DependencyGraphBuilder] Visiting dependency org.slf4j:jul-to-slf4j:1.7.25(runtime) -> dependency: org.slf4j:slf4j-api:1.7.25, scope: Compile, optional: false
09:37:03.918 [DEBUG] [org.gradle.api.internal.artifacts.ivyservice.resolveengine.graph.DependencyGraphBuilder] Visiting configuration org.slf4j:log4j-over-slf4j:1.7.25(runtime).
09:37:03.918 [DEBUG] [org.gradle.api.internal.artifacts.ivyservice.resolveengine.graph.DependencyGraphBuilder] Visiting dependency org.slf4j:log4j-over-slf4j:1.7.25(runtime) -> dependency: org.slf4j:slf4j-api:1.7.25, scope: Compile, optional: false
09:37:03.918 [DEBUG] [org.gradle.api.internal.artifacts.ivyservice.resolveengine.graph.DependencyGraphBuilder] Visiting configuration org.springframework.boot:spring-boot:1.5.4.RELEASE(runtime).
09:37:03.919 [DEBUG] [org.gradle.api.internal.artifacts.ivyservice.resolveengine.graph.DependencyGraphBuilder] Visiting dependency org.springframework.boot:spring-boot:1.5.4.RELEASE(runtime) -> dependency: org.springframework:spring-core:4.3.9.RELEASE, scope: Compile, optional: false
09:37:03.919 [DEBUG] [org.gradle.api.internal.artifacts.ivyservice.resolveengine.graph.DependencyGraphBuilder] Visiting dependency org.springframework.boot:spring-boot:1.5.4.RELEASE(runtime) -> dependency: org.springframework:spring-context:4.3.9.RELEASE, scope: Compile, optional: false
09:37:03.919 [DEBUG] [org.gradle.api.internal.artifacts.ivyservice.resolveengine.graph.DependencyGraphBuilder] Visiting configuration org.codehaus.groovy:groovy:2.4.11(runtime).
09:37:03.919 [DEBUG] [org.gradle.api.internal.artifacts.ivyservice.resolveengine.graph.DependencyGraphBuilder] Visiting configuration org.slf4j:slf4j-api:1.7.25(runtime).
09:37:03.919 [DEBUG] [org.gradle.api.internal.artifacts.ivyservice.resolveengine.graph.DependencyGraphBuilder] Visiting configuration org.hibernate.javax.persistence:hibernate-jpa-2.1-api:1.0.0.Final(runtime).
09:37:03.919 [DEBUG] [org.gradle.api.internal.artifacts.ivyservice.resolveengine.graph.DependencyGraphBuilder] Visiting configuration com.googlecode.concurrentlinkedhashmap:concurrentlinkedhashmap-lru:1.4.2(runtime).
09:37:03.919 [DEBUG] [org.gradle.api.internal.artifacts.ivyservice.resolveengine.graph.DependencyGraphBuilder] Visiting configuration org.springframework:spring-core:4.3.9.RELEASE(runtime).
09:37:03.919 [DEBUG] [org.gradle.api.internal.artifacts.ivyservice.resolveengine.graph.DependencyGraphBuilder] Visiting dependency org.springframework:spring-core:4.3.9.RELEASE(runtime) -> dependency: commons-logging:commons-logging:1.2, scope: Compile, optional: false
09:37:03.919 [DEBUG] [io.spring.gradle.dependencymanagement.internal.VersionConfiguringAction] Processing dependency 'commons-logging:commons-logging:1.2'
09:37:03.919 [DEBUG] [io.spring.gradle.dependencymanagement.internal.VersionConfiguringAction] No dependency management for dependency 'commons-logging:commons-logging:1.2'
09:37:03.919 [DEBUG] [org.gradle.api.internal.artifacts.ivyservice.resolveengine.graph.DependencyGraphBuilder] Selecting new module version commons-logging:commons-logging:1.2
09:37:03.919 [DEBUG] [org.gradle.api.internal.artifacts.ivyservice.ivyresolve.RepositoryChainComponentMetaDataResolver] Attempting to resolve component for commons-logging:commons-logging:1.2 using repositories [MavenLocal, maven, maven2, maven3]
09:37:03.919 [DEBUG] [org.gradle.api.internal.artifacts.ivyservice.ivyresolve.RepositoryChainComponentMetaDataResolver] Using commons-logging:commons-logging:1.2 from Maven repository 'MavenLocal'
09:37:03.919 [DEBUG] [org.gradle.api.internal.artifacts.ivyservice.resolveengine.graph.DependencyGraphBuilder] Visiting configuration org.springframework:spring-tx:4.3.9.RELEASE(runtime).
09:37:03.919 [DEBUG] [org.gradle.api.internal.artifacts.ivyservice.resolveengine.graph.DependencyGraphBuilder] Visiting dependency org.springframework:spring-tx:4.3.9.RELEASE(runtime) -> dependency: org.springframework:spring-beans:4.3.9.RELEASE, scope: Compile, optional: false
09:37:03.919 [DEBUG] [org.gradle.api.internal.artifacts.ivyservice.resolveengine.graph.DependencyGraphBuilder] Visiting dependency org.springframework:spring-tx:4.3.9.RELEASE(runtime) -> dependency: org.springframework:spring-core:4.3.9.RELEASE, scope: Compile, optional: false
09:37:03.919 [DEBUG] [org.gradle.api.internal.artifacts.ivyservice.resolveengine.graph.DependencyGraphBuilder] Visiting configuration org.springframework:spring-beans:4.3.9.RELEASE(runtime).
09:37:03.919 [DEBUG] [org.gradle.api.internal.artifacts.ivyservice.resolveengine.graph.DependencyGraphBuilder] Visiting dependency org.springframework:spring-beans:4.3.9.RELEASE(runtime) -> dependency: org.springframework:spring-core:4.3.9.RELEASE, scope: Compile, optional: false
09:37:03.919 [DEBUG] [org.gradle.api.internal.artifacts.ivyservice.resolveengine.graph.DependencyGraphBuilder] Visiting configuration org.springframework:spring-context:4.3.9.RELEASE(runtime).
09:37:03.920 [DEBUG] [org.gradle.api.internal.artifacts.ivyservice.resolveengine.graph.DependencyGraphBuilder] Visiting dependency org.springframework:spring-context:4.3.9.RELEASE(runtime) -> dependency: org.springframework:spring-aop:4.3.9.RELEASE, scope: Compile, optional: false
09:37:03.920 [DEBUG] [io.spring.gradle.dependencymanagement.internal.VersionConfiguringAction] Processing dependency 'org.springframework:spring-aop:4.3.9.RELEASE'
09:37:03.920 [DEBUG] [io.spring.gradle.dependencymanagement.internal.DependencyManagementContainer] Found managed version '4.3.9.RELEASE' for dependency 'org.springframework:spring-aop' in global dependency management
09:37:03.920 [DEBUG] [io.spring.gradle.dependencymanagement.internal.VersionConfiguringAction] Using version '4.3.9.RELEASE' for dependency 'org.springframework:spring-aop:4.3.9.RELEASE'
09:37:03.920 [DEBUG] [org.gradle.api.internal.artifacts.ivyservice.resolveengine.graph.DependencyGraphBuilder] Selecting new module version org.springframework:spring-aop:4.3.9.RELEASE
09:37:03.920 [DEBUG] [org.gradle.api.internal.artifacts.ivyservice.ivyresolve.RepositoryChainComponentMetaDataResolver] Attempting to resolve component for org.springframework:spring-aop:4.3.9.RELEASE using repositories [MavenLocal, maven, maven2, maven3]
09:37:03.920 [DEBUG] [org.gradle.api.internal.artifacts.ivyservice.ivyresolve.RepositoryChainComponentMetaDataResolver] Using org.springframework:spring-aop:4.3.9.RELEASE from Maven repository 'maven'
09:37:03.920 [DEBUG] [org.gradle.api.internal.artifacts.ivyservice.resolveengine.graph.DependencyGraphBuilder] Visiting dependency org.springframework:spring-context:4.3.9.RELEASE(runtime) -> dependency: org.springframework:spring-beans:4.3.9.RELEASE, scope: Compile, optional: false
09:37:03.920 [DEBUG] [org.gradle.api.internal.artifacts.ivyservice.resolveengine.graph.DependencyGraphBuilder] Visiting dependency org.springframework:spring-context:4.3.9.RELEASE(runtime) -> dependency: org.springframework:spring-core:4.3.9.RELEASE, scope: Compile, optional: false
09:37:03.920 [DEBUG] [org.gradle.api.internal.artifacts.ivyservice.resolveengine.graph.DependencyGraphBuilder] Visiting dependency org.springframework:spring-context:4.3.9.RELEASE(runtime) -> dependency: org.springframework:spring-expression:4.3.9.RELEASE, scope: Compile, optional: false
09:37:03.920 [DEBUG] [io.spring.gradle.dependencymanagement.internal.VersionConfiguringAction] Processing dependency 'org.springframework:spring-expression:4.3.9.RELEASE'
09:37:03.920 [DEBUG] [io.spring.gradle.dependencymanagement.internal.DependencyManagementContainer] Found managed version '4.3.9.RELEASE' for dependency 'org.springframework:spring-expression' in global dependency management
09:37:03.920 [DEBUG] [io.spring.gradle.dependencymanagement.internal.VersionConfiguringAction] Using version '4.3.9.RELEASE' for dependency 'org.springframework:spring-expression:4.3.9.RELEASE'
09:37:03.920 [DEBUG] [org.gradle.api.internal.artifacts.ivyservice.resolveengine.graph.DependencyGraphBuilder] Selecting new module version org.springframework:spring-expression:4.3.9.RELEASE
09:37:03.920 [DEBUG] [org.gradle.api.internal.artifacts.ivyservice.ivyresolve.RepositoryChainComponentMetaDataResolver] Attempting to resolve component for org.springframework:spring-expression:4.3.9.RELEASE using repositories [MavenLocal, maven, maven2, maven3]
09:37:03.920 [DEBUG] [org.gradle.api.internal.artifacts.ivyservice.ivyresolve.RepositoryChainComponentMetaDataResolver] Using org.springframework:spring-expression:4.3.9.RELEASE from Maven repository 'maven'
09:37:03.920 [DEBUG] [org.gradle.api.internal.artifacts.ivyservice.resolveengine.graph.DependencyGraphBuilder] Visiting configuration org.grails:grails-bootstrap:3.3.0(runtime).
09:37:03.920 [DEBUG] [org.gradle.api.internal.artifacts.ivyservice.resolveengine.graph.DependencyGraphBuilder] Visiting dependency org.grails:grails-bootstrap:3.3.0(runtime) -> dependency: org.codehaus.groovy:groovy:2.4.11, scope: Runtime, optional: false
09:37:03.920 [DEBUG] [org.gradle.api.internal.artifacts.ivyservice.resolveengine.graph.DependencyGraphBuilder] Visiting dependency org.grails:grails-bootstrap:3.3.0(runtime) -> dependency: org.slf4j:slf4j-api:1.7.22, scope: Runtime, optional: false
09:37:03.920 [DEBUG] [org.gradle.api.internal.artifacts.ivyservice.resolveengine.graph.DependencyGraphBuilder] Visiting dependency org.grails:grails-bootstrap:3.3.0(runtime) -> dependency: org.slf4j:jcl-over-slf4j:1.7.22, scope: Runtime, optional: false
09:37:03.921 [DEBUG] [org.gradle.api.internal.artifacts.ivyservice.resolveengine.graph.DependencyGraphBuilder] Visiting dependency org.grails:grails-bootstrap:3.3.0(runtime) -> dependency: org.codehaus.groovy:groovy-xml:2.4.11, scope: Runtime, optional: false
09:37:03.921 [DEBUG] [io.spring.gradle.dependencymanagement.internal.VersionConfiguringAction] Processing dependency 'org.codehaus.groovy:groovy-xml:2.4.11'
09:37:03.921 [DEBUG] [io.spring.gradle.dependencymanagement.internal.DependencyManagementContainer] Found managed version '2.4.11' for dependency 'org.codehaus.groovy:groovy-xml' in global dependency management
09:37:03.921 [DEBUG] [io.spring.gradle.dependencymanagement.internal.VersionConfiguringAction] Using version '2.4.11' for dependency 'org.codehaus.groovy:groovy-xml:2.4.11'
09:37:03.921 [DEBUG] [org.gradle.api.internal.artifacts.ivyservice.resolveengine.graph.DependencyGraphBuilder] Selecting new module version org.codehaus.groovy:groovy-xml:2.4.11
09:37:03.921 [DEBUG] [org.gradle.api.internal.artifacts.ivyservice.ivyresolve.RepositoryChainComponentMetaDataResolver] Attempting to resolve component for org.codehaus.groovy:groovy-xml:2.4.11 using repositories [MavenLocal, maven, maven2, maven3]
09:37:03.921 [DEBUG] [org.gradle.api.internal.artifacts.ivyservice.ivyresolve.RepositoryChainComponentMetaDataResolver] Using org.codehaus.groovy:groovy-xml:2.4.11 from Maven repository 'maven'
09:37:03.921 [DEBUG] [org.gradle.api.internal.artifacts.ivyservice.resolveengine.graph.DependencyGraphBuilder] Visiting dependency org.grails:grails-bootstrap:3.3.0(runtime) -> dependency: org.codehaus.groovy:groovy-templates:2.4.11, scope: Runtime, optional: false
09:37:03.921 [DEBUG] [io.spring.gradle.dependencymanagement.internal.VersionConfiguringAction] Processing dependency 'org.codehaus.groovy:groovy-templates:2.4.11'
09:37:03.921 [DEBUG] [io.spring.gradle.dependencymanagement.internal.DependencyManagementContainer] Found managed version '2.4.11' for dependency 'org.codehaus.groovy:groovy-templates' in global dependency management
09:37:03.921 [DEBUG] [io.spring.gradle.dependencymanagement.internal.VersionConfiguringAction] Using version '2.4.11' for dependency 'org.codehaus.groovy:groovy-templates:2.4.11'
09:37:03.921 [DEBUG] [org.gradle.api.internal.artifacts.ivyservice.resolveengine.graph.DependencyGraphBuilder] Selecting new module version org.codehaus.groovy:groovy-templates:2.4.11
09:37:03.921 [DEBUG] [org.gradle.api.internal.artifacts.ivyservice.ivyresolve.RepositoryChainComponentMetaDataResolver] Attempting to resolve component for org.codehaus.groovy:groovy-templates:2.4.11 using repositories [MavenLocal, maven, maven2, maven3]
09:37:03.921 [DEBUG] [org.gradle.api.internal.artifacts.ivyservice.ivyresolve.RepositoryChainComponentMetaDataResolver] Using org.codehaus.groovy:groovy-templates:2.4.11 from Maven repository 'maven'
09:37:03.921 [DEBUG] [org.gradle.api.internal.artifacts.ivyservice.resolveengine.graph.DependencyGraphBuilder] Visiting dependency org.grails:grails-bootstrap:3.3.0(runtime) -> dependency: org.yaml:snakeyaml:1.14, scope: Runtime, optional: false
09:37:03.921 [DEBUG] [io.spring.gradle.dependencymanagement.internal.VersionConfiguringAction] Processing dependency 'org.yaml:snakeyaml:1.14'
09:37:03.921 [DEBUG] [io.spring.gradle.dependencymanagement.internal.DependencyManagementContainer] Found managed version '1.17' for dependency 'org.yaml:snakeyaml' in global dependency management
09:37:03.922 [DEBUG] [io.spring.gradle.dependencymanagement.internal.VersionConfiguringAction] Using version '1.17' for dependency 'org.yaml:snakeyaml:1.14'
09:37:03.922 [DEBUG] [org.gradle.api.internal.artifacts.ivyservice.resolveengine.graph.DependencyGraphBuilder] Selecting new module version org.yaml:snakeyaml:1.17
09:37:03.922 [DEBUG] [org.gradle.api.internal.artifacts.ivyservice.ivyresolve.RepositoryChainComponentMetaDataResolver] Attempting to resolve component for org.yaml:snakeyaml:1.17 using repositories [MavenLocal, maven, maven2, maven3]
09:37:03.922 [DEBUG] [org.gradle.api.internal.artifacts.ivyservice.ivyresolve.RepositoryChainComponentMetaDataResolver] Using org.yaml:snakeyaml:1.17 from Maven repository 'maven'
09:37:03.922 [DEBUG] [org.gradle.api.internal.artifacts.ivyservice.resolveengine.graph.DependencyGraphBuilder] Visiting configuration org.grails:grails-spring:3.3.0(runtime).
09:37:03.922 [DEBUG] [org.gradle.api.internal.artifacts.ivyservice.resolveengine.graph.DependencyGraphBuilder] org.springframework:spring-tx is excluded from org.grails:grails-spring:3.3.0(runtime).
09:37:03.922 [DEBUG] [org.gradle.api.internal.artifacts.ivyservice.resolveengine.graph.DependencyGraphBuilder] org.springframework:spring-web is excluded from org.grails:grails-spring:3.3.0(runtime).
09:37:03.922 [DEBUG] [org.gradle.api.internal.artifacts.ivyservice.resolveengine.graph.DependencyGraphBuilder] org.grails:grails-bootstrap is excluded from org.grails:grails-spring:3.3.0(runtime).
09:37:03.922 [DEBUG] [org.gradle.api.internal.artifacts.ivyservice.resolveengine.graph.DependencyGraphBuilder] Visiting dependency org.grails:grails-spring:3.3.0(runtime) -> dependency: org.codehaus.groovy:groovy:2.4.11, scope: Runtime, optional: false
09:37:03.922 [DEBUG] [org.gradle.api.internal.artifacts.ivyservice.resolveengine.graph.DependencyGraphBuilder] Visiting dependency org.grails:grails-spring:3.3.0(runtime) -> dependency: org.slf4j:slf4j-api:1.7.22, scope: Runtime, optional: false
09:37:03.922 [DEBUG] [org.gradle.api.internal.artifacts.ivyservice.resolveengine.graph.DependencyGraphBuilder] Visiting dependency org.grails:grails-spring:3.3.0(runtime) -> dependency: org.slf4j:jcl-over-slf4j:1.7.22, scope: Runtime, optional: false
09:37:03.922 [DEBUG] [org.gradle.api.internal.artifacts.ivyservice.resolveengine.graph.DependencyGraphBuilder] Visiting configuration org.grails:grails-datastore-core:6.1.6.RELEASE(runtime).
09:37:03.922 [DEBUG] [org.gradle.api.internal.artifacts.ivyservice.resolveengine.graph.DependencyGraphBuilder] Visiting dependency org.grails:grails-datastore-core:6.1.6.RELEASE(runtime) -> dependency: org.codehaus.groovy:groovy:2.4.11, scope: Runtime, optional: false
09:37:03.922 [DEBUG] [org.gradle.api.internal.artifacts.ivyservice.resolveengine.graph.DependencyGraphBuilder] Visiting dependency org.grails:grails-datastore-core:6.1.6.RELEASE(runtime) -> dependency: com.googlecode.concurrentlinkedhashmap:concurrentlinkedhashmap-lru:1.4.2, scope: Runtime, optional: false
09:37:03.922 [DEBUG] [org.gradle.api.internal.artifacts.ivyservice.resolveengine.graph.DependencyGraphBuilder] Visiting dependency org.grails:grails-datastore-core:6.1.6.RELEASE(runtime) -> dependency: org.springframework:spring-core:4.3.9.RELEASE, scope: Runtime, optional: false
09:37:03.922 [DEBUG] [org.gradle.api.internal.artifacts.ivyservice.resolveengine.graph.DependencyGraphBuilder] Visiting dependency org.grails:grails-datastore-core:6.1.6.RELEASE(runtime) -> dependency: org.springframework:spring-beans:4.3.9.RELEASE, scope: Runtime, optional: false
09:37:03.922 [DEBUG] [org.gradle.api.internal.artifacts.ivyservice.resolveengine.graph.DependencyGraphBuilder] Visiting dependency org.grails:grails-datastore-core:6.1.6.RELEASE(runtime) -> dependency: org.springframework:spring-tx:4.3.9.RELEASE, scope: Runtime, optional: false
09:37:03.922 [DEBUG] [org.gradle.api.internal.artifacts.ivyservice.resolveengine.graph.DependencyGraphBuilder] Visiting dependency org.grails:grails-datastore-core:6.1.6.RELEASE(runtime) -> dependency: org.springframework:spring-context:4.3.9.RELEASE, scope: Runtime, optional: false
09:37:03.922 [DEBUG] [org.gradle.api.internal.artifacts.ivyservice.resolveengine.graph.DependencyGraphBuilder] Visiting dependency org.grails:grails-datastore-core:6.1.6.RELEASE(runtime) -> dependency: org.hibernate.javax.persistence:hibernate-jpa-2.1-api:1.0.0.Final, scope: Runtime, optional: false
09:37:03.923 [DEBUG] [org.gradle.api.internal.artifacts.ivyservice.resolveengine.graph.DependencyGraphBuilder] Visiting dependency org.grails:grails-datastore-core:6.1.6.RELEASE(runtime) -> dependency: org.javassist:javassist:3.21.0-GA, scope: Runtime, optional: false
09:37:03.923 [DEBUG] [io.spring.gradle.dependencymanagement.internal.VersionConfiguringAction] Processing dependency 'org.javassist:javassist:3.21.0-GA'
09:37:03.923 [DEBUG] [io.spring.gradle.dependencymanagement.internal.DependencyManagementContainer] Found managed version '3.21.0-GA' for dependency 'org.javassist:javassist' in global dependency management
09:37:03.923 [DEBUG] [io.spring.gradle.dependencymanagement.internal.VersionConfiguringAction] Using version '3.21.0-GA' for dependency 'org.javassist:javassist:3.21.0-GA'
09:37:03.923 [DEBUG] [org.gradle.api.internal.artifacts.ivyservice.resolveengine.graph.DependencyGraphBuilder] Visiting dependency org.grails:grails-datastore-core:6.1.6.RELEASE(runtime) -> dependency: javax.transaction:jta:1.1, scope: Runtime, optional: false
09:37:03.923 [DEBUG] [io.spring.gradle.dependencymanagement.internal.VersionConfiguringAction] Processing dependency 'javax.transaction:jta:1.1'
09:37:03.923 [DEBUG] [io.spring.gradle.dependencymanagement.internal.VersionConfiguringAction] No dependency management for dependency 'javax.transaction:jta:1.1'
09:37:03.923 [DEBUG] [org.gradle.api.internal.artifacts.ivyservice.resolveengine.graph.DependencyGraphBuilder] Selecting new module version javax.transaction:jta:1.1
09:37:03.923 [DEBUG] [org.gradle.api.internal.artifacts.ivyservice.ivyresolve.RepositoryChainComponentMetaDataResolver] Attempting to resolve component for javax.transaction:jta:1.1 using repositories [MavenLocal, maven, maven2, maven3]
09:37:03.923 [DEBUG] [org.gradle.api.internal.artifacts.ivyservice.ivyresolve.RepositoryChainComponentMetaDataResolver] Using javax.transaction:jta:1.1 from Maven repository 'MavenLocal'
09:37:03.923 [DEBUG] [org.gradle.api.internal.artifacts.ivyservice.resolveengine.graph.DependencyGraphBuilder] Visiting dependency org.grails:grails-datastore-core:6.1.6.RELEASE(runtime) -> dependency: org.slf4j:slf4j-api:1.7.22, scope: Runtime, optional: false
09:37:03.923 [DEBUG] [org.gradle.api.internal.artifacts.ivyservice.resolveengine.graph.DependencyGraphBuilder] Visiting dependency org.grails:grails-datastore-core:6.1.6.RELEASE(runtime) -> dependency: org.slf4j:jcl-over-slf4j:1.7.22, scope: Runtime, optional: false
09:37:03.923 [DEBUG] [org.gradle.api.internal.artifacts.ivyservice.resolveengine.graph.DependencyGraphBuilder] Visiting configuration xalan:serializer:2.7.2(runtime).
09:37:03.923 [DEBUG] [org.gradle.api.internal.artifacts.ivyservice.resolveengine.graph.DependencyGraphBuilder] xml-apis:xml-apis is excluded from xalan:serializer:2.7.2(runtime).
09:37:03.923 [DEBUG] [org.gradle.api.internal.artifacts.ivyservice.resolveengine.graph.DependencyGraphBuilder] Visiting configuration org.springframework.boot:spring-boot-starter:1.5.4.RELEASE(runtime).
09:37:03.923 [DEBUG] [org.gradle.api.internal.artifacts.ivyservice.resolveengine.graph.DependencyGraphBuilder] Visiting dependency org.springframework.boot:spring-boot-starter:1.5.4.RELEASE(runtime) -> dependency: org.springframework.boot:spring-boot:1.5.4.RELEASE, scope: Compile, optional: false
09:37:03.923 [DEBUG] [org.gradle.api.internal.artifacts.ivyservice.resolveengine.graph.DependencyGraphBuilder] Visiting dependency org.springframework.boot:spring-boot-starter:1.5.4.RELEASE(runtime) -> dependency: org.springframework.boot:spring-boot-autoconfigure:1.5.4.RELEASE, scope: Compile, optional: false
09:37:03.924 [DEBUG] [io.spring.gradle.dependencymanagement.internal.VersionConfiguringAction] Processing dependency 'org.springframework.boot:spring-boot-autoconfigure:1.5.4.RELEASE'
09:37:03.924 [DEBUG] [io.spring.gradle.dependencymanagement.internal.DependencyManagementContainer] Found managed version '1.5.4.RELEASE' for dependency 'org.springframework.boot:spring-boot-autoconfigure' in global dependency management
09:37:03.924 [DEBUG] [io.spring.gradle.dependencymanagement.internal.VersionConfiguringAction] Using version '1.5.4.RELEASE' for dependency 'org.springframework.boot:spring-boot-autoconfigure:1.5.4.RELEASE'
09:37:03.924 [DEBUG] [org.gradle.api.internal.artifacts.ivyservice.resolveengine.graph.DependencyGraphBuilder] Visiting dependency org.springframework.boot:spring-boot-starter:1.5.4.RELEASE(runtime) -> dependency: org.springframework.boot:spring-boot-starter-logging:1.5.4.RELEASE, scope: Compile, optional: false
09:37:03.924 [DEBUG] [io.spring.gradle.dependencymanagement.internal.VersionConfiguringAction] Processing dependency 'org.springframework.boot:spring-boot-starter-logging:1.5.4.RELEASE'
09:37:03.924 [DEBUG] [io.spring.gradle.dependencymanagement.internal.DependencyManagementContainer] Found managed version '1.5.4.RELEASE' for dependency 'org.springframework.boot:spring-boot-starter-logging' in global dependency management
09:37:03.924 [DEBUG] [io.spring.gradle.dependencymanagement.internal.VersionConfiguringAction] Using version '1.5.4.RELEASE' for dependency 'org.springframework.boot:spring-boot-starter-logging:1.5.4.RELEASE'
09:37:03.924 [DEBUG] [org.gradle.api.internal.artifacts.ivyservice.resolveengine.graph.DependencyGraphBuilder] Visiting dependency org.springframework.boot:spring-boot-starter:1.5.4.RELEASE(runtime) -> dependency: org.springframework:spring-core:4.3.9.RELEASE, scope: Compile, optional: false
09:37:03.924 [DEBUG] [org.gradle.api.internal.artifacts.ivyservice.resolveengine.graph.DependencyGraphBuilder] Visiting dependency org.springframework.boot:spring-boot-starter:1.5.4.RELEASE(runtime) -> dependency: org.yaml:snakeyaml:1.17, scope: Runtime, optional: false
09:37:03.924 [DEBUG] [io.spring.gradle.dependencymanagement.internal.VersionConfiguringAction] Processing dependency 'org.yaml:snakeyaml:1.17'
09:37:03.924 [DEBUG] [io.spring.gradle.dependencymanagement.internal.DependencyManagementContainer] Found managed version '1.17' for dependency 'org.yaml:snakeyaml' in global dependency management
09:37:03.924 [DEBUG] [io.spring.gradle.dependencymanagement.internal.VersionConfiguringAction] Using version '1.17' for dependency 'org.yaml:snakeyaml:1.17'
09:37:03.924 [DEBUG] [org.gradle.api.internal.artifacts.ivyservice.resolveengine.graph.DependencyGraphBuilder] Visiting configuration org.springframework.boot:spring-boot-actuator:1.5.4.RELEASE(runtime).
09:37:03.924 [DEBUG] [org.gradle.api.internal.artifacts.ivyservice.resolveengine.graph.DependencyGraphBuilder] Visiting dependency org.springframework.boot:spring-boot-actuator:1.5.4.RELEASE(runtime) -> dependency: org.springframework.boot:spring-boot:1.5.4.RELEASE, scope: Compile, optional: false
09:37:03.925 [DEBUG] [org.gradle.api.internal.artifacts.ivyservice.resolveengine.graph.DependencyGraphBuilder] Visiting dependency org.springframework.boot:spring-boot-actuator:1.5.4.RELEASE(runtime) -> dependency: org.springframework.boot:spring-boot-autoconfigure:1.5.4.RELEASE, scope: Compile, optional: false
09:37:03.925 [DEBUG] [org.gradle.api.internal.artifacts.ivyservice.resolveengine.graph.DependencyGraphBuilder] Visiting dependency org.springframework.boot:spring-boot-actuator:1.5.4.RELEASE(runtime) -> dependency: com.fasterxml.jackson.core:jackson-databind:2.8.8, scope: Compile, optional: false
09:37:03.925 [DEBUG] [io.spring.gradle.dependencymanagement.internal.VersionConfiguringAction] Processing dependency 'com.fasterxml.jackson.core:jackson-databind:2.8.8'
09:37:03.925 [DEBUG] [io.spring.gradle.dependencymanagement.internal.DependencyManagementContainer] Found managed version '2.8.8' for dependency 'com.fasterxml.jackson.core:jackson-databind' in global dependency management
09:37:03.925 [DEBUG] [io.spring.gradle.dependencymanagement.internal.VersionConfiguringAction] Using version '2.8.8' for dependency 'com.fasterxml.jackson.core:jackson-databind:2.8.8'
09:37:03.925 [DEBUG] [org.gradle.api.internal.artifacts.ivyservice.resolveengine.graph.DependencyGraphBuilder] Selecting new module version com.fasterxml.jackson.core:jackson-databind:2.8.8
09:37:03.925 [DEBUG] [org.gradle.api.internal.artifacts.ivyservice.ivyresolve.RepositoryChainComponentMetaDataResolver] Attempting to resolve component for com.fasterxml.jackson.core:jackson-databind:2.8.8 using repositories [MavenLocal, maven, maven2, maven3]
09:37:03.925 [DEBUG] [org.gradle.api.internal.artifacts.ivyservice.ivyresolve.RepositoryChainComponentMetaDataResolver] Using com.fasterxml.jackson.core:jackson-databind:2.8.8 from Maven repository 'maven'
09:37:03.925 [DEBUG] [org.gradle.api.internal.artifacts.ivyservice.resolveengine.graph.DependencyGraphBuilder] Visiting dependency org.springframework.boot:spring-boot-actuator:1.5.4.RELEASE(runtime) -> dependency: org.springframework:spring-core:4.3.9.RELEASE, scope: Compile, optional: false
09:37:03.925 [DEBUG] [org.gradle.api.internal.artifacts.ivyservice.resolveengine.graph.DependencyGraphBuilder] Visiting dependency org.springframework.boot:spring-boot-actuator:1.5.4.RELEASE(runtime) -> dependency: org.springframework:spring-context:4.3.9.RELEASE, scope: Compile, optional: false
09:37:03.925 [DEBUG] [org.gradle.api.internal.artifacts.ivyservice.resolveengine.graph.DependencyGraphBuilder] Visiting configuration org.apache.tomcat.embed:tomcat-embed-core:8.5.15(runtime).
09:37:03.925 [DEBUG] [org.gradle.api.internal.artifacts.ivyservice.resolveengine.graph.DependencyGraphBuilder] Visiting configuration org.apache.tomcat.embed:tomcat-embed-el:8.5.15(runtime).
09:37:03.925 [DEBUG] [org.gradle.api.internal.artifacts.ivyservice.resolveengine.graph.DependencyGraphBuilder] Visiting configuration org.apache.tomcat.embed:tomcat-embed-websocket:8.5.15(runtime).
09:37:03.925 [DEBUG] [org.gradle.api.internal.artifacts.ivyservice.resolveengine.graph.DependencyGraphBuilder] Visiting dependency org.apache.tomcat.embed:tomcat-embed-websocket:8.5.15(runtime) -> dependency: org.apache.tomcat.embed:tomcat-embed-core:8.5.15, scope: Compile, optional: false
09:37:03.925 [DEBUG] [org.gradle.api.internal.artifacts.ivyservice.resolveengine.graph.DependencyGraphBuilder] Visiting configuration org.grails:grails-web-common:3.3.0(runtime).
09:37:03.925 [DEBUG] [org.gradle.api.internal.artifacts.ivyservice.resolveengine.graph.DependencyGraphBuilder] Visiting dependency org.grails:grails-web-common:3.3.0(runtime) -> dependency: org.codehaus.groovy:groovy:2.4.11, scope: Runtime, optional: false
09:37:03.925 [DEBUG] [org.gradle.api.internal.artifacts.ivyservice.resolveengine.graph.DependencyGraphBuilder] Visiting dependency org.grails:grails-web-common:3.3.0(runtime) -> dependency: org.slf4j:slf4j-api:1.7.22, scope: Runtime, optional: false
09:37:03.926 [DEBUG] [org.gradle.api.internal.artifacts.ivyservice.resolveengine.graph.DependencyGraphBuilder] Visiting dependency org.grails:grails-web-common:3.3.0(runtime) -> dependency: org.slf4j:jcl-over-slf4j:1.7.22, scope: Runtime, optional: false
09:37:03.926 [DEBUG] [org.gradle.api.internal.artifacts.ivyservice.resolveengine.graph.DependencyGraphBuilder] Visiting dependency org.grails:grails-web-common:3.3.0(runtime) -> dependency: org.grails:grails-core:3.3.0, scope: Runtime, optional: false
09:37:03.926 [DEBUG] [org.gradle.api.internal.artifacts.ivyservice.resolveengine.graph.DependencyGraphBuilder] Visiting dependency org.grails:grails-web-common:3.3.0(runtime) -> dependency: org.grails:grails-databinding:3.3.0, scope: Runtime, optional: false
09:37:03.926 [DEBUG] [io.spring.gradle.dependencymanagement.internal.VersionConfiguringAction] Processing dependency 'org.grails:grails-databinding:3.3.0'
09:37:03.926 [DEBUG] [io.spring.gradle.dependencymanagement.internal.DependencyManagementContainer] Found managed version '3.3.0' for dependency 'org.grails:grails-databinding' in global dependency management
09:37:03.926 [DEBUG] [io.spring.gradle.dependencymanagement.internal.VersionConfiguringAction] Using version '3.3.0' for dependency 'org.grails:grails-databinding:3.3.0'
09:37:03.926 [DEBUG] [org.gradle.api.internal.artifacts.ivyservice.resolveengine.graph.DependencyGraphBuilder] Selecting new module version org.grails:grails-databinding:3.3.0
09:37:03.926 [DEBUG] [org.gradle.api.internal.artifacts.ivyservice.ivyresolve.RepositoryChainComponentMetaDataResolver] Attempting to resolve component for org.grails:grails-databinding:3.3.0 using repositories [MavenLocal, maven, maven2, maven3]
09:37:03.926 [DEBUG] [org.gradle.api.internal.artifacts.ivyservice.ivyresolve.RepositoryChainComponentMetaDataResolver] Using org.grails:grails-databinding:3.3.0 from Maven repository 'maven'
09:37:03.926 [DEBUG] [org.gradle.api.internal.artifacts.ivyservice.resolveengine.graph.DependencyGraphBuilder] Visiting dependency org.grails:grails-web-common:3.3.0(runtime) -> dependency: org.grails:grails-encoder:3.3.0, scope: Runtime, optional: false
09:37:03.926 [DEBUG] [io.spring.gradle.dependencymanagement.internal.VersionConfiguringAction] Processing dependency 'org.grails:grails-encoder:3.3.0'
09:37:03.926 [DEBUG] [io.spring.gradle.dependencymanagement.internal.DependencyManagementContainer] Found managed version '3.3.0' for dependency 'org.grails:grails-encoder' in global dependency management
09:37:03.926 [DEBUG] [io.spring.gradle.dependencymanagement.internal.VersionConfiguringAction] Using version '3.3.0' for dependency 'org.grails:grails-encoder:3.3.0'
09:37:03.926 [DEBUG] [org.gradle.api.internal.artifacts.ivyservice.resolveengine.graph.DependencyGraphBuilder] Selecting new module version org.grails:grails-encoder:3.3.0
09:37:03.926 [DEBUG] [org.gradle.api.internal.artifacts.ivyservice.ivyresolve.RepositoryChainComponentMetaDataResolver] Attempting to resolve component for org.grails:grails-encoder:3.3.0 using repositories [MavenLocal, maven, maven2, maven3]
09:37:03.926 [DEBUG] [org.gradle.api.internal.artifacts.ivyservice.ivyresolve.RepositoryChainComponentMetaDataResolver] Using org.grails:grails-encoder:3.3.0 from Maven repository 'maven'
09:37:03.926 [DEBUG] [org.gradle.api.internal.artifacts.ivyservice.resolveengine.graph.DependencyGraphBuilder] Visiting dependency org.grails:grails-web-common:3.3.0(runtime) -> dependency: org.grails:grails-gsp:3.3.0, scope: Runtime, optional: false
09:37:03.926 [DEBUG] [io.spring.gradle.dependencymanagement.internal.VersionConfiguringAction] Processing dependency 'org.grails:grails-gsp:3.3.0'
09:37:03.926 [DEBUG] [io.spring.gradle.dependencymanagement.internal.VersionConfiguringAction] No dependency management for dependency 'org.grails:grails-gsp:3.3.0'
09:37:03.926 [DEBUG] [org.gradle.api.internal.artifacts.ivyservice.resolveengine.graph.DependencyGraphBuilder] Selecting new module version org.grails:grails-gsp:3.3.0
09:37:03.927 [DEBUG] [org.gradle.api.internal.artifacts.ivyservice.ivyresolve.RepositoryChainComponentMetaDataResolver] Attempting to resolve component for org.grails:grails-gsp:3.3.0 using repositories [MavenLocal, maven, maven2, maven3]
09:37:03.927 [DEBUG] [org.gradle.api.internal.artifacts.ivyservice.ivyresolve.RepositoryChainComponentMetaDataResolver] Using org.grails:grails-gsp:3.3.0 from Maven repository 'maven'
09:37:03.927 [DEBUG] [org.gradle.api.internal.artifacts.ivyservice.resolveengine.graph.DependencyGraphBuilder] Visiting dependency org.grails:grails-web-common:3.3.0(runtime) -> dependency: org.codehaus.groovy:groovy-templates:2.4.11, scope: Runtime, optional: false
09:37:03.927 [DEBUG] [org.gradle.api.internal.artifacts.ivyservice.resolveengine.graph.DependencyGraphBuilder] Visiting dependency org.grails:grails-web-common:3.3.0(runtime) -> dependency: org.springframework:spring-webmvc:4.3.9.RELEASE, scope: Runtime, optional: false
09:37:03.927 [DEBUG] [io.spring.gradle.dependencymanagement.internal.VersionConfiguringAction] Processing dependency 'org.springframework:spring-webmvc:4.3.9.RELEASE'
09:37:03.927 [DEBUG] [io.spring.gradle.dependencymanagement.internal.DependencyManagementContainer] Found managed version '4.3.9.RELEASE' for dependency 'org.springframework:spring-webmvc' in global dependency management
09:37:03.927 [DEBUG] [io.spring.gradle.dependencymanagement.internal.VersionConfiguringAction] Using version '4.3.9.RELEASE' for dependency 'org.springframework:spring-webmvc:4.3.9.RELEASE'
09:37:03.927 [DEBUG] [org.gradle.api.internal.artifacts.ivyservice.resolveengine.graph.DependencyGraphBuilder] Selecting new module version org.springframework:spring-webmvc:4.3.9.RELEASE
09:37:03.927 [DEBUG] [org.gradle.api.internal.artifacts.ivyservice.ivyresolve.RepositoryChainComponentMetaDataResolver] Attempting to resolve component for org.springframework:spring-webmvc:4.3.9.RELEASE using repositories [MavenLocal, maven, maven2, maven3]
09:37:03.927 [DEBUG] [org.gradle.api.internal.artifacts.ivyservice.ivyresolve.RepositoryChainComponentMetaDataResolver] Using org.springframework:spring-webmvc:4.3.9.RELEASE from Maven repository 'maven'
09:37:03.927 [DEBUG] [org.gradle.api.internal.artifacts.ivyservice.resolveengine.graph.DependencyGraphBuilder] Visiting dependency org.grails:grails-web-common:3.3.0(runtime) -> dependency: org.springframework:spring-context-support:4.3.9.RELEASE, scope: Runtime, optional: false
09:37:03.927 [DEBUG] [io.spring.gradle.dependencymanagement.internal.VersionConfiguringAction] Processing dependency 'org.springframework:spring-context-support:4.3.9.RELEASE'
09:37:03.927 [DEBUG] [io.spring.gradle.dependencymanagement.internal.DependencyManagementContainer] Found managed version '4.3.9.RELEASE' for dependency 'org.springframework:spring-context-support' in global dependency management
09:37:03.927 [DEBUG] [io.spring.gradle.dependencymanagement.internal.VersionConfiguringAction] Using version '4.3.9.RELEASE' for dependency 'org.springframework:spring-context-support:4.3.9.RELEASE'
09:37:03.927 [DEBUG] [org.gradle.api.internal.artifacts.ivyservice.resolveengine.graph.DependencyGraphBuilder] Selecting new module version org.springframework:spring-context-support:4.3.9.RELEASE
09:37:03.927 [DEBUG] [org.gradle.api.internal.artifacts.ivyservice.ivyresolve.RepositoryChainComponentMetaDataResolver] Attempting to resolve component for org.springframework:spring-context-support:4.3.9.RELEASE using repositories [MavenLocal, maven, maven2, maven3]
09:37:03.927 [DEBUG] [org.gradle.api.internal.artifacts.ivyservice.ivyresolve.RepositoryChainComponentMetaDataResolver] Using org.springframework:spring-context-support:4.3.9.RELEASE from Maven repository 'maven'
09:37:03.927 [DEBUG] [org.gradle.api.internal.artifacts.ivyservice.resolveengine.graph.DependencyGraphBuilder] Visiting configuration org.grails:grails-core:3.3.0(runtime).
09:37:03.927 [DEBUG] [org.gradle.api.internal.artifacts.ivyservice.resolveengine.graph.DependencyGraphBuilder] Visiting dependency org.grails:grails-core:3.3.0(runtime) -> dependency: org.codehaus.groovy:groovy:2.4.11, scope: Runtime, optional: false
09:37:03.927 [DEBUG] [org.gradle.api.internal.artifacts.ivyservice.resolveengine.graph.DependencyGraphBuilder] Visiting dependency org.grails:grails-core:3.3.0(runtime) -> dependency: org.slf4j:slf4j-api:1.7.22, scope: Runtime, optional: false
09:37:03.927 [DEBUG] [org.gradle.api.internal.artifacts.ivyservice.resolveengine.graph.DependencyGraphBuilder] Visiting dependency org.grails:grails-core:3.3.0(runtime) -> dependency: org.slf4j:jcl-over-slf4j:1.7.22, scope: Runtime, optional: false
09:37:03.928 [DEBUG] [org.gradle.api.internal.artifacts.ivyservice.resolveengine.graph.DependencyGraphBuilder] Visiting dependency org.grails:grails-core:3.3.0(runtime) -> dependency: org.hibernate.javax.persistence:hibernate-jpa-2.1-api:1.0.0.Final, scope: Runtime, optional: false
09:37:03.928 [DEBUG] [org.gradle.api.internal.artifacts.ivyservice.resolveengine.graph.DependencyGraphBuilder] Visiting dependency org.grails:grails-core:3.3.0(runtime) -> dependency: com.googlecode.concurrentlinkedhashmap:concurrentlinkedhashmap-lru:1.4.2, scope: Runtime, optional: false
09:37:03.928 [DEBUG] [org.gradle.api.internal.artifacts.ivyservice.resolveengine.graph.DependencyGraphBuilder] Visiting dependency org.grails:grails-core:3.3.0(runtime) -> dependency: org.springframework.boot:spring-boot:1.5.4.RELEASE, scope: Runtime, optional: false
09:37:03.928 [DEBUG] [org.gradle.api.internal.artifacts.ivyservice.resolveengine.graph.DependencyGraphBuilder] Visiting dependency org.grails:grails-core:3.3.0(runtime) -> dependency: org.springframework:spring-core:4.3.9.RELEASE, scope: Runtime, optional: false
09:37:03.928 [DEBUG] [org.gradle.api.internal.artifacts.ivyservice.resolveengine.graph.DependencyGraphBuilder] Visiting dependency org.grails:grails-core:3.3.0(runtime) -> dependency: org.springframework:spring-tx:4.3.9.RELEASE, scope: Runtime, optional: false
09:37:03.928 [DEBUG] [org.gradle.api.internal.artifacts.ivyservice.resolveengine.graph.DependencyGraphBuilder] Visiting dependency org.grails:grails-core:3.3.0(runtime) -> dependency: org.springframework:spring-beans:4.3.9.RELEASE, scope: Runtime, optional: false
09:37:03.928 [DEBUG] [org.gradle.api.internal.artifacts.ivyservice.resolveengine.graph.DependencyGraphBuilder] Visiting dependency org.grails:grails-core:3.3.0(runtime) -> dependency: org.springframework:spring-context:4.3.9.RELEASE, scope: Runtime, optional: false
09:37:03.928 [DEBUG] [org.gradle.api.internal.artifacts.ivyservice.resolveengine.graph.DependencyGraphBuilder] Visiting dependency org.grails:grails-core:3.3.0(runtime) -> dependency: org.grails:grails-bootstrap:3.3.0, scope: Runtime, optional: false
09:37:03.928 [DEBUG] [org.gradle.api.internal.artifacts.ivyservice.resolveengine.graph.DependencyGraphBuilder] Visiting dependency org.grails:grails-core:3.3.0(runtime) -> dependency: org.grails:grails-spring:3.3.0, scope: Runtime, optional: false
09:37:03.928 [DEBUG] [org.gradle.api.internal.artifacts.ivyservice.resolveengine.graph.DependencyGraphBuilder] Visiting dependency org.grails:grails-core:3.3.0(runtime) -> dependency: org.grails:grails-datastore-core:6.1.6.RELEASE, scope: Runtime, optional: false
09:37:03.928 [DEBUG] [org.gradle.api.internal.artifacts.ivyservice.resolveengine.graph.DependencyGraphBuilder] Visiting dependency org.grails:grails-core:3.3.0(runtime) -> dependency: xalan:serializer:2.7.2, scope: Runtime, optional: false
09:37:03.928 [DEBUG] [org.gradle.api.internal.artifacts.ivyservice.resolveengine.graph.DependencyGraphBuilder] Visiting configuration org.grails:grails-web:3.3.0(runtime).
09:37:03.928 [DEBUG] [org.gradle.api.internal.artifacts.ivyservice.resolveengine.graph.DependencyGraphBuilder] Visiting dependency org.grails:grails-web:3.3.0(runtime) -> dependency: org.codehaus.groovy:groovy:2.4.11, scope: Runtime, optional: false
09:37:03.928 [DEBUG] [org.gradle.api.internal.artifacts.ivyservice.resolveengine.graph.DependencyGraphBuilder] Visiting dependency org.grails:grails-web:3.3.0(runtime) -> dependency: org.slf4j:slf4j-api:1.7.22, scope: Runtime, optional: false
09:37:03.928 [DEBUG] [org.gradle.api.internal.artifacts.ivyservice.resolveengine.graph.DependencyGraphBuilder] Visiting dependency org.grails:grails-web:3.3.0(runtime) -> dependency: org.slf4j:jcl-over-slf4j:1.7.22, scope: Runtime, optional: false
09:37:03.928 [DEBUG] [org.gradle.api.internal.artifacts.ivyservice.resolveengine.graph.DependencyGraphBuilder] Visiting dependency org.grails:grails-web:3.3.0(runtime) -> dependency: org.grails:grails-web-common:3.3.0, scope: Runtime, optional: false
09:37:03.929 [DEBUG] [org.gradle.api.internal.artifacts.ivyservice.resolveengine.graph.DependencyGraphBuilder] Visiting dependency org.grails:grails-web:3.3.0(runtime) -> dependency: org.grails:grails-web-databinding:3.3.0, scope: Runtime, optional: false
09:37:03.929 [DEBUG] [io.spring.gradle.dependencymanagement.internal.VersionConfiguringAction] Processing dependency 'org.grails:grails-web-databinding:3.3.0'
09:37:03.929 [DEBUG] [io.spring.gradle.dependencymanagement.internal.DependencyManagementContainer] Found managed version '3.3.0' for dependency 'org.grails:grails-web-databinding' in global dependency management
09:37:03.929 [DEBUG] [io.spring.gradle.dependencymanagement.internal.VersionConfiguringAction] Using version '3.3.0' for dependency 'org.grails:grails-web-databinding:3.3.0'
09:37:03.929 [DEBUG] [org.gradle.api.internal.artifacts.ivyservice.resolveengine.graph.DependencyGraphBuilder] Selecting new module version org.grails:grails-web-databinding:3.3.0
09:37:03.929 [DEBUG] [org.gradle.api.internal.artifacts.ivyservice.ivyresolve.RepositoryChainComponentMetaDataResolver] Attempting to resolve component for org.grails:grails-web-databinding:3.3.0 using repositories [MavenLocal, maven, maven2, maven3]
09:37:03.929 [DEBUG] [org.gradle.api.internal.artifacts.ivyservice.ivyresolve.RepositoryChainComponentMetaDataResolver] Using org.grails:grails-web-databinding:3.3.0 from Maven repository 'maven'
09:37:03.929 [DEBUG] [org.gradle.api.internal.artifacts.ivyservice.resolveengine.graph.DependencyGraphBuilder] Visiting dependency org.grails:grails-web:3.3.0(runtime) -> dependency: org.grails:grails-web-url-mappings:3.3.0, scope: Runtime, optional: false
09:37:03.929 [DEBUG] [io.spring.gradle.dependencymanagement.internal.VersionConfiguringAction] Processing dependency 'org.grails:grails-web-url-mappings:3.3.0'
09:37:03.929 [DEBUG] [io.spring.gradle.dependencymanagement.internal.DependencyManagementContainer] Found managed version '3.3.0' for dependency 'org.grails:grails-web-url-mappings' in global dependency management
09:37:03.929 [DEBUG] [io.spring.gradle.dependencymanagement.internal.VersionConfiguringAction] Using version '3.3.0' for dependency 'org.grails:grails-web-url-mappings:3.3.0'
09:37:03.929 [DEBUG] [org.gradle.api.internal.artifacts.ivyservice.resolveengine.graph.DependencyGraphBuilder] Selecting new module version org.grails:grails-web-url-mappings:3.3.0
09:37:03.929 [DEBUG] [org.gradle.api.internal.artifacts.ivyservice.ivyresolve.RepositoryChainComponentMetaDataResolver] Attempting to resolve component for org.grails:grails-web-url-mappings:3.3.0 using repositories [MavenLocal, maven, maven2, maven3]
09:37:03.929 [DEBUG] [org.gradle.api.internal.artifacts.ivyservice.ivyresolve.RepositoryChainComponentMetaDataResolver] Using org.grails:grails-web-url-mappings:3.3.0 from Maven repository 'maven'
09:37:03.929 [DEBUG] [org.gradle.api.internal.artifacts.ivyservice.resolveengine.graph.DependencyGraphBuilder] Visiting dependency org.grails:grails-web:3.3.0(runtime) -> dependency: org.grails:grails-web-mvc:3.3.0, scope: Runtime, optional: false
09:37:03.929 [DEBUG] [io.spring.gradle.dependencymanagement.internal.VersionConfiguringAction] Processing dependency 'org.grails:grails-web-mvc:3.3.0'
09:37:03.929 [DEBUG] [io.spring.gradle.dependencymanagement.internal.DependencyManagementContainer] Found managed version '3.3.0' for dependency 'org.grails:grails-web-mvc' in global dependency management
09:37:03.929 [DEBUG] [io.spring.gradle.dependencymanagement.internal.VersionConfiguringAction] Using version '3.3.0' for dependency 'org.grails:grails-web-mvc:3.3.0'
09:37:03.929 [DEBUG] [org.gradle.api.internal.artifacts.ivyservice.resolveengine.graph.DependencyGraphBuilder] Selecting new module version org.grails:grails-web-mvc:3.3.0
09:37:03.929 [DEBUG] [org.gradle.api.internal.artifacts.ivyservice.ivyresolve.RepositoryChainComponentMetaDataResolver] Attempting to resolve component for org.grails:grails-web-mvc:3.3.0 using repositories [MavenLocal, maven, maven2, maven3]
09:37:03.930 [DEBUG] [org.gradle.api.internal.artifacts.ivyservice.ivyresolve.RepositoryChainComponentMetaDataResolver] Using org.grails:grails-web-mvc:3.3.0 from Maven repository 'maven'
09:37:03.930 [DEBUG] [org.gradle.api.internal.artifacts.ivyservice.resolveengine.graph.DependencyGraphBuilder] Visiting dependency org.grails:grails-web:3.3.0(runtime) -> dependency: org.grails:grails-web-gsp:3.3.0, scope: Runtime, optional: false
09:37:03.930 [DEBUG] [io.spring.gradle.dependencymanagement.internal.VersionConfiguringAction] Processing dependency 'org.grails:grails-web-gsp:3.3.0'
09:37:03.930 [DEBUG] [io.spring.gradle.dependencymanagement.internal.VersionConfiguringAction] No dependency management for dependency 'org.grails:grails-web-gsp:3.3.0'
09:37:03.930 [DEBUG] [org.gradle.api.internal.artifacts.ivyservice.resolveengine.graph.DependencyGraphBuilder] Selecting new module version org.grails:grails-web-gsp:3.3.0
09:37:03.930 [DEBUG] [org.gradle.api.internal.artifacts.ivyservice.ivyresolve.RepositoryChainComponentMetaDataResolver] Attempting to resolve component for org.grails:grails-web-gsp:3.3.0 using repositories [MavenLocal, maven, maven2, maven3]
09:37:03.930 [DEBUG] [org.gradle.api.internal.artifacts.ivyservice.ivyresolve.RepositoryChainComponentMetaDataResolver] Using org.grails:grails-web-gsp:3.3.0 from Maven repository 'maven'
09:37:03.930 [DEBUG] [org.gradle.api.internal.artifacts.ivyservice.resolveengine.graph.DependencyGraphBuilder] Visiting dependency org.grails:grails-web:3.3.0(runtime) -> dependency: org.grails:grails-web-sitemesh:3.3.0, scope: Runtime, optional: false
09:37:03.930 [DEBUG] [io.spring.gradle.dependencymanagement.internal.VersionConfiguringAction] Processing dependency 'org.grails:grails-web-sitemesh:3.3.0'
09:37:03.930 [DEBUG] [io.spring.gradle.dependencymanagement.internal.VersionConfiguringAction] No dependency management for dependency 'org.grails:grails-web-sitemesh:3.3.0'
09:37:03.930 [DEBUG] [org.gradle.api.internal.artifacts.ivyservice.resolveengine.graph.DependencyGraphBuilder] Selecting new module version org.grails:grails-web-sitemesh:3.3.0
09:37:03.930 [DEBUG] [org.gradle.api.internal.artifacts.ivyservice.ivyresolve.RepositoryChainComponentMetaDataResolver] Attempting to resolve component for org.grails:grails-web-sitemesh:3.3.0 using repositories [MavenLocal, maven, maven2, maven3]
09:37:03.930 [DEBUG] [org.gradle.api.internal.artifacts.ivyservice.ivyresolve.RepositoryChainComponentMetaDataResolver] Using org.grails:grails-web-sitemesh:3.3.0 from Maven repository 'maven'
09:37:03.930 [DEBUG] [org.gradle.api.internal.artifacts.ivyservice.resolveengine.graph.DependencyGraphBuilder] Visiting configuration org.grails:grails-plugin-controllers:3.3.0(runtime).
09:37:03.930 [DEBUG] [org.gradle.api.internal.artifacts.ivyservice.resolveengine.graph.DependencyGraphBuilder] Visiting dependency org.grails:grails-plugin-controllers:3.3.0(runtime) -> dependency: org.codehaus.groovy:groovy:2.4.11, scope: Runtime, optional: false
09:37:03.930 [DEBUG] [org.gradle.api.internal.artifacts.ivyservice.resolveengine.graph.DependencyGraphBuilder] Visiting dependency org.grails:grails-plugin-controllers:3.3.0(runtime) -> dependency: org.slf4j:slf4j-api:1.7.22, scope: Runtime, optional: false
09:37:03.930 [DEBUG] [org.gradle.api.internal.artifacts.ivyservice.resolveengine.graph.DependencyGraphBuilder] Visiting dependency org.grails:grails-plugin-controllers:3.3.0(runtime) -> dependency: org.slf4j:jcl-over-slf4j:1.7.22, scope: Runtime, optional: false
09:37:03.930 [DEBUG] [org.gradle.api.internal.artifacts.ivyservice.resolveengine.graph.DependencyGraphBuilder] Visiting dependency org.grails:grails-plugin-controllers:3.3.0(runtime) -> dependency: org.grails:grails-core:3.3.0, scope: Runtime, optional: false
09:37:03.930 [DEBUG] [org.gradle.api.internal.artifacts.ivyservice.resolveengine.graph.DependencyGraphBuilder] Visiting dependency org.grails:grails-plugin-controllers:3.3.0(runtime) -> dependency: org.grails:grails-web:3.3.0, scope: Runtime, optional: false
09:37:03.930 [DEBUG] [org.gradle.api.internal.artifacts.ivyservice.resolveengine.graph.DependencyGraphBuilder] Visiting dependency org.grails:grails-plugin-controllers:3.3.0(runtime) -> dependency: org.grails:grails-plugin-mimetypes:3.3.0, scope: Runtime, optional: false
09:37:03.930 [DEBUG] [io.spring.gradle.dependencymanagement.internal.VersionConfiguringAction] Processing dependency 'org.grails:grails-plugin-mimetypes:3.3.0'
09:37:03.931 [DEBUG] [io.spring.gradle.dependencymanagement.internal.DependencyManagementContainer] Found managed version '3.3.0' for dependency 'org.grails:grails-plugin-mimetypes' in global dependency management
09:37:03.931 [DEBUG] [io.spring.gradle.dependencymanagement.internal.VersionConfiguringAction] Using version '3.3.0' for dependency 'org.grails:grails-plugin-mimetypes:3.3.0'
09:37:03.931 [DEBUG] [org.gradle.api.internal.artifacts.ivyservice.resolveengine.graph.DependencyGraphBuilder] Selecting new module version org.grails:grails-plugin-mimetypes:3.3.0
09:37:03.931 [DEBUG] [org.gradle.api.internal.artifacts.ivyservice.ivyresolve.RepositoryChainComponentMetaDataResolver] Attempting to resolve component for org.grails:grails-plugin-mimetypes:3.3.0 using repositories [MavenLocal, maven, maven2, maven3]
09:37:03.931 [DEBUG] [org.gradle.api.internal.artifacts.ivyservice.ivyresolve.RepositoryChainComponentMetaDataResolver] Using org.grails:grails-plugin-mimetypes:3.3.0 from Maven repository 'maven'
09:37:03.931 [DEBUG] [org.gradle.api.internal.artifacts.ivyservice.resolveengine.graph.DependencyGraphBuilder] Visiting dependency org.grails:grails-plugin-controllers:3.3.0(runtime) -> dependency: org.grails:grails-plugin-validation:3.3.0, scope: Runtime, optional: false
09:37:03.931 [DEBUG] [io.spring.gradle.dependencymanagement.internal.VersionConfiguringAction] Processing dependency 'org.grails:grails-plugin-validation:3.3.0'
09:37:03.931 [DEBUG] [io.spring.gradle.dependencymanagement.internal.DependencyManagementContainer] Found managed version '3.3.0' for dependency 'org.grails:grails-plugin-validation' in global dependency management
09:37:03.931 [DEBUG] [io.spring.gradle.dependencymanagement.internal.VersionConfiguringAction] Using version '3.3.0' for dependency 'org.grails:grails-plugin-validation:3.3.0'
09:37:03.931 [DEBUG] [org.gradle.api.internal.artifacts.ivyservice.resolveengine.graph.DependencyGraphBuilder] Selecting new module version org.grails:grails-plugin-validation:3.3.0
09:37:03.931 [DEBUG] [org.gradle.api.internal.artifacts.ivyservice.ivyresolve.RepositoryChainComponentMetaDataResolver] Attempting to resolve component for org.grails:grails-plugin-validation:3.3.0 using repositories [MavenLocal, maven, maven2, maven3]
09:37:03.931 [DEBUG] [org.gradle.api.internal.artifacts.ivyservice.ivyresolve.RepositoryChainComponentMetaDataResolver] Using org.grails:grails-plugin-validation:3.3.0 from Maven repository 'maven'
09:37:03.931 [DEBUG] [org.gradle.api.internal.artifacts.ivyservice.resolveengine.graph.DependencyGraphBuilder] Visiting dependency org.grails:grails-plugin-controllers:3.3.0(runtime) -> dependency: org.grails:grails-plugin-domain-class:3.3.0, scope: Runtime, optional: false
09:37:03.931 [DEBUG] [io.spring.gradle.dependencymanagement.internal.VersionConfiguringAction] Processing dependency 'org.grails:grails-plugin-domain-class:3.3.0'
09:37:03.931 [DEBUG] [io.spring.gradle.dependencymanagement.internal.DependencyManagementContainer] Found managed version '3.3.0' for dependency 'org.grails:grails-plugin-domain-class' in global dependency management
09:37:03.931 [DEBUG] [io.spring.gradle.dependencymanagement.internal.VersionConfiguringAction] Using version '3.3.0' for dependency 'org.grails:grails-plugin-domain-class:3.3.0'
09:37:03.931 [DEBUG] [org.gradle.api.internal.artifacts.ivyservice.resolveengine.graph.DependencyGraphBuilder] Selecting new module version org.grails:grails-plugin-domain-class:3.3.0
09:37:03.932 [DEBUG] [org.gradle.api.internal.artifacts.ivyservice.ivyresolve.RepositoryChainComponentMetaDataResolver] Attempting to resolve component for org.grails:grails-plugin-domain-class:3.3.0 using repositories [MavenLocal, maven, maven2, maven3]
09:37:03.932 [DEBUG] [org.gradle.api.internal.artifacts.ivyservice.ivyresolve.RepositoryChainComponentMetaDataResolver] Using org.grails:grails-plugin-domain-class:3.3.0 from Maven repository 'maven'
09:37:03.932 [DEBUG] [org.gradle.api.internal.artifacts.ivyservice.resolveengine.graph.DependencyGraphBuilder] Visiting dependency org.grails:grails-plugin-controllers:3.3.0(runtime) -> dependency: org.grails:grails-plugin-i18n:3.3.0, scope: Runtime, optional: false
09:37:03.932 [DEBUG] [io.spring.gradle.dependencymanagement.internal.VersionConfiguringAction] Processing dependency 'org.grails:grails-plugin-i18n:3.3.0'
09:37:03.932 [DEBUG] [io.spring.gradle.dependencymanagement.internal.DependencyManagementContainer] Found managed version '3.3.0' for dependency 'org.grails:grails-plugin-i18n' in global dependency management
09:37:03.932 [DEBUG] [io.spring.gradle.dependencymanagement.internal.VersionConfiguringAction] Using version '3.3.0' for dependency 'org.grails:grails-plugin-i18n:3.3.0'
09:37:03.932 [DEBUG] [org.gradle.api.internal.artifacts.ivyservice.resolveengine.graph.DependencyGraphBuilder] Visiting configuration org.grails:grails-plugin-datasource:3.3.0(runtime).
09:37:03.932 [DEBUG] [org.gradle.api.internal.artifacts.ivyservice.resolveengine.graph.DependencyGraphBuilder] Visiting dependency org.grails:grails-plugin-datasource:3.3.0(runtime) -> dependency: org.codehaus.groovy:groovy:2.4.11, scope: Runtime, optional: false
09:37:03.932 [DEBUG] [org.gradle.api.internal.artifacts.ivyservice.resolveengine.graph.DependencyGraphBuilder] Visiting dependency org.grails:grails-plugin-datasource:3.3.0(runtime) -> dependency: org.slf4j:slf4j-api:1.7.22, scope: Runtime, optional: false
09:37:03.932 [DEBUG] [org.gradle.api.internal.artifacts.ivyservice.resolveengine.graph.DependencyGraphBuilder] Visiting dependency org.grails:grails-plugin-datasource:3.3.0(runtime) -> dependency: org.slf4j:jcl-over-slf4j:1.7.22, scope: Runtime, optional: false
09:37:03.932 [DEBUG] [org.gradle.api.internal.artifacts.ivyservice.resolveengine.graph.DependencyGraphBuilder] Visiting dependency org.grails:grails-plugin-datasource:3.3.0(runtime) -> dependency: org.springframework:spring-jdbc:4.3.9.RELEASE, scope: Runtime, optional: false
09:37:03.932 [DEBUG] [io.spring.gradle.dependencymanagement.internal.VersionConfiguringAction] Processing dependency 'org.springframework:spring-jdbc:4.3.9.RELEASE'
09:37:03.932 [DEBUG] [io.spring.gradle.dependencymanagement.internal.DependencyManagementContainer] Found managed version '4.3.9.RELEASE' for dependency 'org.springframework:spring-jdbc' in global dependency management
09:37:03.932 [DEBUG] [io.spring.gradle.dependencymanagement.internal.VersionConfiguringAction] Using version '4.3.9.RELEASE' for dependency 'org.springframework:spring-jdbc:4.3.9.RELEASE'
09:37:03.932 [DEBUG] [org.gradle.api.internal.artifacts.ivyservice.resolveengine.graph.DependencyGraphBuilder] Selecting new module version org.springframework:spring-jdbc:4.3.9.RELEASE
09:37:03.932 [DEBUG] [org.gradle.api.internal.artifacts.ivyservice.ivyresolve.RepositoryChainComponentMetaDataResolver] Attempting to resolve component for org.springframework:spring-jdbc:4.3.9.RELEASE using repositories [MavenLocal, maven, maven2, maven3]
09:37:03.932 [DEBUG] [org.gradle.api.internal.artifacts.ivyservice.ivyresolve.RepositoryChainComponentMetaDataResolver] Using org.springframework:spring-jdbc:4.3.9.RELEASE from Maven repository 'maven'
09:37:03.932 [DEBUG] [org.gradle.api.internal.artifacts.ivyservice.resolveengine.graph.DependencyGraphBuilder] Visiting dependency org.grails:grails-plugin-datasource:3.3.0(runtime) -> dependency: org.codehaus.groovy:groovy-sql:2.4.11, scope: Runtime, optional: false
09:37:03.932 [DEBUG] [io.spring.gradle.dependencymanagement.internal.VersionConfiguringAction] Processing dependency 'org.codehaus.groovy:groovy-sql:2.4.11'
09:37:03.932 [DEBUG] [io.spring.gradle.dependencymanagement.internal.DependencyManagementContainer] Found managed version '2.4.11' for dependency 'org.codehaus.groovy:groovy-sql' in global dependency management
09:37:03.933 [DEBUG] [io.spring.gradle.dependencymanagement.internal.VersionConfiguringAction] Using version '2.4.11' for dependency 'org.codehaus.groovy:groovy-sql:2.4.11'
09:37:03.933 [DEBUG] [org.gradle.api.internal.artifacts.ivyservice.resolveengine.graph.DependencyGraphBuilder] Selecting new module version org.codehaus.groovy:groovy-sql:2.4.11
09:37:03.933 [DEBUG] [org.gradle.api.internal.artifacts.ivyservice.ivyresolve.RepositoryChainComponentMetaDataResolver] Attempting to resolve component for org.codehaus.groovy:groovy-sql:2.4.11 using repositories [MavenLocal, maven, maven2, maven3]
09:37:03.933 [DEBUG] [org.gradle.api.internal.artifacts.ivyservice.ivyresolve.RepositoryChainComponentMetaDataResolver] Using org.codehaus.groovy:groovy-sql:2.4.11 from Maven repository 'maven'
09:37:03.933 [DEBUG] [org.gradle.api.internal.artifacts.ivyservice.resolveengine.graph.DependencyGraphBuilder] Visiting dependency org.grails:grails-plugin-datasource:3.3.0(runtime) -> dependency: org.springframework:spring-context:4.3.9.RELEASE, scope: Runtime, optional: false
09:37:03.933 [DEBUG] [org.gradle.api.internal.artifacts.ivyservice.resolveengine.graph.DependencyGraphBuilder] Visiting dependency org.grails:grails-plugin-datasource:3.3.0(runtime) -> dependency: org.grails:grails-datastore-gorm:6.1.6.RELEASE, scope: Runtime, optional: false
09:37:03.933 [DEBUG] [io.spring.gradle.dependencymanagement.internal.VersionConfiguringAction] Processing dependency 'org.grails:grails-datastore-gorm:6.1.6.RELEASE'
09:37:03.933 [DEBUG] [io.spring.gradle.dependencymanagement.internal.DependencyManagementContainer] Found managed version '6.1.6.RELEASE' for dependency 'org.grails:grails-datastore-gorm' in global dependency management
09:37:03.933 [DEBUG] [io.spring.gradle.dependencymanagement.internal.VersionConfiguringAction] Using version '6.1.6.RELEASE' for dependency 'org.grails:grails-datastore-gorm:6.1.6.RELEASE'
09:37:03.933 [DEBUG] [org.gradle.api.internal.artifacts.ivyservice.resolveengine.graph.DependencyGraphBuilder] Selecting new module version org.grails:grails-datastore-gorm:6.1.6.RELEASE
09:37:03.933 [DEBUG] [org.gradle.api.internal.artifacts.ivyservice.ivyresolve.RepositoryChainComponentMetaDataResolver] Attempting to resolve component for org.grails:grails-datastore-gorm:6.1.6.RELEASE using repositories [MavenLocal, maven, maven2, maven3]
09:37:03.933 [DEBUG] [org.gradle.api.internal.artifacts.ivyservice.ivyresolve.RepositoryChainComponentMetaDataResolver] Using org.grails:grails-datastore-gorm:6.1.6.RELEASE from Maven repository 'maven'
09:37:03.933 [DEBUG] [org.gradle.api.internal.artifacts.ivyservice.resolveengine.graph.DependencyGraphBuilder] Visiting dependency org.grails:grails-plugin-datasource:3.3.0(runtime) -> dependency: org.grails:grails-datastore-core:6.1.6.RELEASE, scope: Runtime, optional: false
09:37:03.933 [DEBUG] [org.gradle.api.internal.artifacts.ivyservice.resolveengine.graph.DependencyGraphBuilder] Visiting dependency org.grails:grails-plugin-datasource:3.3.0(runtime) -> dependency: org.grails:grails-core:3.3.0, scope: Runtime, optional: false
09:37:03.933 [DEBUG] [org.gradle.api.internal.artifacts.ivyservice.resolveengine.graph.DependencyGraphBuilder] Visiting dependency org.grails:grails-plugin-datasource:3.3.0(runtime) -> dependency: org.apache.tomcat.embed:tomcat-embed-logging-log4j:8.5.2, scope: Runtime, optional: false
09:37:03.933 [DEBUG] [io.spring.gradle.dependencymanagement.internal.VersionConfiguringAction] Processing dependency 'org.apache.tomcat.embed:tomcat-embed-logging-log4j:8.5.2'
09:37:03.933 [DEBUG] [io.spring.gradle.dependencymanagement.internal.VersionConfiguringAction] No dependency management for dependency 'org.apache.tomcat.embed:tomcat-embed-logging-log4j:8.5.2'
09:37:03.933 [DEBUG] [org.gradle.api.internal.artifacts.ivyservice.resolveengine.graph.DependencyGraphBuilder] Selecting new module version org.apache.tomcat.embed:tomcat-embed-logging-log4j:8.5.2
09:37:03.933 [DEBUG] [org.gradle.api.internal.artifacts.ivyservice.ivyresolve.RepositoryChainComponentMetaDataResolver] Attempting to resolve component for org.apache.tomcat.embed:tomcat-embed-logging-log4j:8.5.2 using repositories [MavenLocal, maven, maven2, maven3]
09:37:03.933 [DEBUG] [org.gradle.api.internal.artifacts.ivyservice.ivyresolve.RepositoryChainComponentMetaDataResolver] Using org.apache.tomcat.embed:tomcat-embed-logging-log4j:8.5.2 from Maven repository 'maven'
09:37:03.933 [DEBUG] [org.gradle.api.internal.artifacts.ivyservice.resolveengine.graph.DependencyGraphBuilder] Visiting configuration org.grails.plugins:converters:3.3.0(runtime).
09:37:03.934 [DEBUG] [org.gradle.api.internal.artifacts.ivyservice.resolveengine.graph.DependencyGraphBuilder] Visiting dependency org.grails.plugins:converters:3.3.0(runtime) -> dependency: commons-lang:commons-lang:2.6, scope: Runtime, optional: false
09:37:03.934 [DEBUG] [org.gradle.api.internal.artifacts.ivyservice.resolveengine.graph.DependencyGraphBuilder] Visiting configuration org.grails:grails-validation:3.3.0(runtime).
09:37:03.934 [DEBUG] [org.gradle.api.internal.artifacts.ivyservice.resolveengine.graph.DependencyGraphBuilder] Visiting dependency org.grails:grails-validation:3.3.0(runtime) -> dependency: org.codehaus.groovy:groovy:2.4.11, scope: Runtime, optional: false
09:37:03.934 [DEBUG] [org.gradle.api.internal.artifacts.ivyservice.resolveengine.graph.DependencyGraphBuilder] Visiting dependency org.grails:grails-validation:3.3.0(runtime) -> dependency: org.slf4j:slf4j-api:1.7.22, scope: Runtime, optional: false
09:37:03.934 [DEBUG] [org.gradle.api.internal.artifacts.ivyservice.resolveengine.graph.DependencyGraphBuilder] Visiting dependency org.grails:grails-validation:3.3.0(runtime) -> dependency: org.slf4j:jcl-over-slf4j:1.7.22, scope: Runtime, optional: false
09:37:03.934 [DEBUG] [org.gradle.api.internal.artifacts.ivyservice.resolveengine.graph.DependencyGraphBuilder] Visiting dependency org.grails:grails-validation:3.3.0(runtime) -> dependency: org.grails:grails-datastore-gorm-validation:6.1.6.RELEASE, scope: Runtime, optional: false
09:37:03.934 [DEBUG] [io.spring.gradle.dependencymanagement.internal.VersionConfiguringAction] Processing dependency 'org.grails:grails-datastore-gorm-validation:6.1.6.RELEASE'
09:37:03.934 [DEBUG] [io.spring.gradle.dependencymanagement.internal.DependencyManagementContainer] Found managed version '6.1.6.RELEASE' for dependency 'org.grails:grails-datastore-gorm-validation' in global dependency management
09:37:03.934 [DEBUG] [io.spring.gradle.dependencymanagement.internal.VersionConfiguringAction] Using version '6.1.6.RELEASE' for dependency 'org.grails:grails-datastore-gorm-validation:6.1.6.RELEASE'
09:37:03.934 [DEBUG] [org.gradle.api.internal.artifacts.ivyservice.resolveengine.graph.DependencyGraphBuilder] Selecting new module version org.grails:grails-datastore-gorm-validation:6.1.6.RELEASE
09:37:03.934 [DEBUG] [org.gradle.api.internal.artifacts.ivyservice.ivyresolve.RepositoryChainComponentMetaDataResolver] Attempting to resolve component for org.grails:grails-datastore-gorm-validation:6.1.6.RELEASE using repositories [MavenLocal, maven, maven2, maven3]
09:37:03.934 [DEBUG] [org.gradle.api.internal.artifacts.ivyservice.ivyresolve.RepositoryChainComponentMetaDataResolver] Using org.grails:grails-datastore-gorm-validation:6.1.6.RELEASE from Maven repository 'maven'
09:37:03.934 [DEBUG] [org.gradle.api.internal.artifacts.ivyservice.resolveengine.graph.DependencyGraphBuilder] Visiting dependency org.grails:grails-validation:3.3.0(runtime) -> dependency: org.grails:grails-core:3.3.0, scope: Runtime, optional: false
09:37:03.934 [DEBUG] [org.gradle.api.internal.artifacts.ivyservice.resolveengine.graph.DependencyGraphBuilder] Visiting configuration org.grails:grails-plugin-url-mappings:3.3.0(runtime).
09:37:03.934 [DEBUG] [org.gradle.api.internal.artifacts.ivyservice.resolveengine.graph.DependencyGraphBuilder] Visiting dependency org.grails:grails-plugin-url-mappings:3.3.0(runtime) -> dependency: org.codehaus.groovy:groovy:2.4.11, scope: Runtime, optional: false
09:37:03.934 [DEBUG] [org.gradle.api.internal.artifacts.ivyservice.resolveengine.graph.DependencyGraphBuilder] Visiting dependency org.grails:grails-plugin-url-mappings:3.3.0(runtime) -> dependency: org.slf4j:slf4j-api:1.7.22, scope: Runtime, optional: false
09:37:03.934 [DEBUG] [org.gradle.api.internal.artifacts.ivyservice.resolveengine.graph.DependencyGraphBuilder] Visiting dependency org.grails:grails-plugin-url-mappings:3.3.0(runtime) -> dependency: org.slf4j:jcl-over-slf4j:1.7.22, scope: Runtime, optional: false
09:37:03.934 [DEBUG] [org.gradle.api.internal.artifacts.ivyservice.resolveengine.graph.DependencyGraphBuilder] Visiting dependency org.grails:grails-plugin-url-mappings:3.3.0(runtime) -> dependency: com.googlecode.concurrentlinkedhashmap:concurrentlinkedhashmap-lru:1.4.2, scope: Runtime, optional: false
09:37:03.934 [DEBUG] [org.gradle.api.internal.artifacts.ivyservice.resolveengine.graph.DependencyGraphBuilder] Visiting dependency org.grails:grails-plugin-url-mappings:3.3.0(runtime) -> dependency: org.grails:grails-web:3.3.0, scope: Runtime, optional: false
09:37:03.935 [DEBUG] [org.gradle.api.internal.artifacts.ivyservice.resolveengine.graph.DependencyGraphBuilder] Visiting dependency org.grails:grails-plugin-url-mappings:3.3.0(runtime) -> dependency: org.grails:grails-plugin-controllers:3.3.0, scope: Runtime, optional: false
09:37:03.935 [DEBUG] [org.gradle.api.internal.artifacts.ivyservice.resolveengine.graph.DependencyGraphBuilder] Visiting dependency org.grails:grails-plugin-url-mappings:3.3.0(runtime) -> dependency: org.grails:grails-validation:3.3.0, scope: Runtime, optional: false
09:37:03.935 [DEBUG] [org.gradle.api.internal.artifacts.ivyservice.resolveengine.graph.DependencyGraphBuilder] Visiting configuration org.javassist:javassist:3.21.0-GA(runtime).
09:37:03.935 [DEBUG] [org.gradle.api.internal.artifacts.ivyservice.resolveengine.graph.DependencyGraphBuilder] Visiting configuration org.grails.plugins:events:3.3.0(runtime).
09:37:03.935 [DEBUG] [org.gradle.api.internal.artifacts.ivyservice.resolveengine.graph.DependencyGraphBuilder] Visiting dependency org.grails.plugins:events:3.3.0(runtime) -> dependency: org.codehaus.groovy:groovy:2.4.11, scope: Runtime, optional: false
09:37:03.935 [DEBUG] [org.gradle.api.internal.artifacts.ivyservice.resolveengine.graph.DependencyGraphBuilder] Visiting dependency org.grails.plugins:events:3.3.0(runtime) -> dependency: org.slf4j:slf4j-api:1.7.22, scope: Runtime, optional: false
09:37:03.935 [DEBUG] [org.gradle.api.internal.artifacts.ivyservice.resolveengine.graph.DependencyGraphBuilder] Visiting dependency org.grails.plugins:events:3.3.0(runtime) -> dependency: org.grails:grails-core:3.2.10, scope: Runtime, optional: false
09:37:03.935 [DEBUG] [org.gradle.api.internal.artifacts.ivyservice.resolveengine.graph.DependencyGraphBuilder] Visiting dependency org.grails.plugins:events:3.3.0(runtime) -> dependency: org.grails:grails-events:3.3.0, scope: Runtime, optional: false
09:37:03.935 [DEBUG] [org.gradle.api.internal.artifacts.ivyservice.resolveengine.graph.DependencyGraphBuilder] Visiting dependency org.grails.plugins:events:3.3.0(runtime) -> dependency: org.grails:grails-events-transform:3.3.0, scope: Runtime, optional: false
09:37:03.935 [DEBUG] [org.gradle.api.internal.artifacts.ivyservice.resolveengine.graph.DependencyGraphBuilder] Visiting dependency org.grails.plugins:events:3.3.0(runtime) -> dependency: org.grails:grails-events-compat:3.3.0, scope: Runtime, optional: false
09:37:03.935 [DEBUG] [org.gradle.api.internal.artifacts.ivyservice.resolveengine.graph.DependencyGraphBuilder] Visiting configuration org.grails:grails-async:3.3.0(runtime).
09:37:03.935 [DEBUG] [org.gradle.api.internal.artifacts.ivyservice.resolveengine.graph.DependencyGraphBuilder] Visiting dependency org.grails:grails-async:3.3.0(runtime) -> dependency: org.codehaus.groovy:groovy:2.4.11, scope: Runtime, optional: false
09:37:03.935 [DEBUG] [org.gradle.api.internal.artifacts.ivyservice.resolveengine.graph.DependencyGraphBuilder] Visiting dependency org.grails:grails-async:3.3.0(runtime) -> dependency: org.slf4j:slf4j-api:1.7.22, scope: Runtime, optional: false
09:37:03.935 [DEBUG] [org.gradle.api.internal.artifacts.ivyservice.resolveengine.graph.DependencyGraphBuilder] Visiting configuration org.grails.plugins:fields:2.1.5(runtime).
09:37:03.935 [DEBUG] [org.gradle.api.internal.artifacts.ivyservice.resolveengine.graph.DependencyGraphBuilder] Visiting configuration org.grails:grails-events:3.3.0(runtime).
09:37:03.935 [DEBUG] [org.gradle.api.internal.artifacts.ivyservice.resolveengine.graph.DependencyGraphBuilder] Visiting dependency org.grails:grails-events:3.3.0(runtime) -> dependency: org.codehaus.groovy:groovy:2.4.11, scope: Runtime, optional: false
09:37:03.935 [DEBUG] [org.gradle.api.internal.artifacts.ivyservice.resolveengine.graph.DependencyGraphBuilder] Visiting dependency org.grails:grails-events:3.3.0(runtime) -> dependency: org.slf4j:slf4j-api:1.7.22, scope: Runtime, optional: false
09:37:03.935 [DEBUG] [org.gradle.api.internal.artifacts.ivyservice.resolveengine.graph.DependencyGraphBuilder] Visiting dependency org.grails:grails-events:3.3.0(runtime) -> dependency: org.springframework:spring-context:4.3.9.RELEASE, scope: Runtime, optional: false
09:37:03.935 [DEBUG] [org.gradle.api.internal.artifacts.ivyservice.resolveengine.graph.DependencyGraphBuilder] Visiting dependency org.grails:grails-events:3.3.0(runtime) -> dependency: org.springframework:spring-tx:4.3.9.RELEASE, scope: Runtime, optional: false
09:37:03.936 [DEBUG] [org.gradle.api.internal.artifacts.ivyservice.resolveengine.graph.DependencyGraphBuilder] Visiting configuration org.grails:grails-events-transform:3.3.0(runtime).
09:37:03.936 [DEBUG] [org.gradle.api.internal.artifacts.ivyservice.resolveengine.graph.DependencyGraphBuilder] Visiting dependency org.grails:grails-events-transform:3.3.0(runtime) -> dependency: org.codehaus.groovy:groovy:2.4.11, scope: Runtime, optional: false
09:37:03.936 [DEBUG] [org.gradle.api.internal.artifacts.ivyservice.resolveengine.graph.DependencyGraphBuilder] Visiting dependency org.grails:grails-events-transform:3.3.0(runtime) -> dependency: org.slf4j:slf4j-api:1.7.22, scope: Runtime, optional: false
09:37:03.936 [DEBUG] [org.gradle.api.internal.artifacts.ivyservice.resolveengine.graph.DependencyGraphBuilder] Visiting dependency org.grails:grails-events-transform:3.3.0(runtime) -> dependency: org.grails:grails-events:3.3.0, scope: Runtime, optional: false
09:37:03.936 [DEBUG] [org.gradle.api.internal.artifacts.ivyservice.resolveengine.graph.DependencyGraphBuilder] Visiting dependency org.grails:grails-events-transform:3.3.0(runtime) -> dependency: org.grails:grails-datastore-gorm:6.1.5.RELEASE, scope: Runtime, optional: false
09:37:03.936 [DEBUG] [io.spring.gradle.dependencymanagement.internal.VersionConfiguringAction] Processing dependency 'org.grails:grails-datastore-gorm:6.1.5.RELEASE'
09:37:03.936 [DEBUG] [io.spring.gradle.dependencymanagement.internal.DependencyManagementContainer] Found managed version '6.1.6.RELEASE' for dependency 'org.grails:grails-datastore-gorm' in global dependency management
09:37:03.936 [DEBUG] [io.spring.gradle.dependencymanagement.internal.VersionConfiguringAction] Using version '6.1.6.RELEASE' for dependency 'org.grails:grails-datastore-gorm:6.1.5.RELEASE'
09:37:03.936 [DEBUG] [org.gradle.api.internal.artifacts.ivyservice.resolveengine.graph.DependencyGraphBuilder] Visiting configuration org.grails:grails-events-compat:3.3.0(runtime).
09:37:03.936 [DEBUG] [org.gradle.api.internal.artifacts.ivyservice.resolveengine.graph.DependencyGraphBuilder] Visiting dependency org.grails:grails-events-compat:3.3.0(runtime) -> dependency: org.codehaus.groovy:groovy:2.4.11, scope: Runtime, optional: false
09:37:03.936 [DEBUG] [org.gradle.api.internal.artifacts.ivyservice.resolveengine.graph.DependencyGraphBuilder] Visiting dependency org.grails:grails-events-compat:3.3.0(runtime) -> dependency: org.slf4j:slf4j-api:1.7.22, scope: Runtime, optional: false
09:37:03.936 [DEBUG] [org.gradle.api.internal.artifacts.ivyservice.resolveengine.graph.DependencyGraphBuilder] Visiting dependency org.grails:grails-events-compat:3.3.0(runtime) -> dependency: org.grails:grails-events:3.3.0, scope: Runtime, optional: false
09:37:03.936 [DEBUG] [org.gradle.api.internal.artifacts.ivyservice.resolveengine.graph.DependencyGraphBuilder] Visiting dependency org.grails:grails-events-compat:3.3.0(runtime) -> dependency: org.grails:grails-events-transform:3.3.0, scope: Runtime, optional: false
09:37:03.936 [DEBUG] [org.gradle.api.internal.artifacts.ivyservice.resolveengine.graph.DependencyGraphBuilder] Visiting configuration org.hibernate:hibernate-core:5.1.5.Final(runtime).
09:37:03.936 [DEBUG] [org.gradle.api.internal.artifacts.ivyservice.resolveengine.graph.DependencyGraphBuilder] Visiting dependency org.hibernate:hibernate-core:5.1.5.Final(runtime) -> dependency: org.jboss.logging:jboss-logging:3.3.0.Final, scope: Compile, optional: false
09:37:03.936 [DEBUG] [org.gradle.api.internal.artifacts.ivyservice.resolveengine.graph.DependencyGraphBuilder] Visiting dependency org.hibernate:hibernate-core:5.1.5.Final(runtime) -> dependency: org.hibernate.javax.persistence:hibernate-jpa-2.1-api:1.0.0.Final, scope: Compile, optional: false
09:37:03.936 [DEBUG] [org.gradle.api.internal.artifacts.ivyservice.resolveengine.graph.DependencyGraphBuilder] Visiting dependency org.hibernate:hibernate-core:5.1.5.Final(runtime) -> dependency: org.javassist:javassist:3.20.0-GA, scope: Compile, optional: false
09:37:03.936 [DEBUG] [org.gradle.api.internal.artifacts.ivyservice.resolveengine.graph.DependencyGraphBuilder] Visiting dependency org.hibernate:hibernate-core:5.1.5.Final(runtime) -> dependency: antlr:antlr:2.7.7, scope: Compile, optional: false
09:37:03.937 [DEBUG] [org.gradle.api.internal.artifacts.ivyservice.resolveengine.graph.DependencyGraphBuilder] Visiting dependency org.hibernate:hibernate-core:5.1.5.Final(runtime) -> dependency: org.apache.geronimo.specs:geronimo-jta_1.1_spec:1.1.1, scope: Compile, optional: false
09:37:03.937 [DEBUG] [org.gradle.api.internal.artifacts.ivyservice.resolveengine.graph.DependencyGraphBuilder] Visiting dependency org.hibernate:hibernate-core:5.1.5.Final(runtime) -> dependency: org.jboss:jandex:2.0.3.Final, scope: Compile, optional: false
09:37:03.937 [DEBUG] [org.gradle.api.internal.artifacts.ivyservice.resolveengine.graph.DependencyGraphBuilder] Visiting dependency org.hibernate:hibernate-core:5.1.5.Final(runtime) -> dependency: com.fasterxml:classmate:1.3.0, scope: Compile, optional: false
09:37:03.937 [DEBUG] [org.gradle.api.internal.artifacts.ivyservice.resolveengine.graph.DependencyGraphBuilder] Visiting dependency org.hibernate:hibernate-core:5.1.5.Final(runtime) -> dependency: dom4j:dom4j:1.6.1, scope: Compile, optional: false
09:37:03.937 [DEBUG] [org.gradle.api.internal.artifacts.ivyservice.resolveengine.graph.DependencyGraphBuilder] Visiting dependency org.hibernate:hibernate-core:5.1.5.Final(runtime) -> dependency: org.hibernate.common:hibernate-commons-annotations:5.0.1.Final, scope: Compile, optional: false
09:37:03.937 [DEBUG] [org.gradle.api.internal.artifacts.ivyservice.resolveengine.graph.DependencyGraphBuilder] Visiting configuration org.grails:grails-datastore-web:6.1.6.RELEASE(runtime).
09:37:03.937 [DEBUG] [org.gradle.api.internal.artifacts.ivyservice.resolveengine.graph.DependencyGraphBuilder] Visiting dependency org.grails:grails-datastore-web:6.1.6.RELEASE(runtime) -> dependency: org.codehaus.groovy:groovy:2.4.11, scope: Runtime, optional: false
09:37:03.937 [DEBUG] [org.gradle.api.internal.artifacts.ivyservice.resolveengine.graph.DependencyGraphBuilder] Visiting dependency org.grails:grails-datastore-web:6.1.6.RELEASE(runtime) -> dependency: org.grails:grails-datastore-core:6.1.6.RELEASE, scope: Runtime, optional: false
09:37:03.937 [DEBUG] [org.gradle.api.internal.artifacts.ivyservice.resolveengine.graph.DependencyGraphBuilder] Visiting dependency org.grails:grails-datastore-web:6.1.6.RELEASE(runtime) -> dependency: org.springframework:spring-web:4.3.9.RELEASE, scope: Runtime, optional: false
09:37:03.937 [DEBUG] [io.spring.gradle.dependencymanagement.internal.VersionConfiguringAction] Processing dependency 'org.springframework:spring-web:4.3.9.RELEASE'
09:37:03.937 [DEBUG] [io.spring.gradle.dependencymanagement.internal.DependencyManagementContainer] Found managed version '4.3.9.RELEASE' for dependency 'org.springframework:spring-web' in global dependency management
09:37:03.937 [DEBUG] [io.spring.gradle.dependencymanagement.internal.VersionConfiguringAction] Using version '4.3.9.RELEASE' for dependency 'org.springframework:spring-web:4.3.9.RELEASE'
09:37:03.937 [DEBUG] [org.gradle.api.internal.artifacts.ivyservice.resolveengine.graph.DependencyGraphBuilder] Selecting new module version org.springframework:spring-web:4.3.9.RELEASE
09:37:03.937 [DEBUG] [org.gradle.api.internal.artifacts.ivyservice.ivyresolve.RepositoryChainComponentMetaDataResolver] Attempting to resolve component for org.springframework:spring-web:4.3.9.RELEASE using repositories [MavenLocal, maven, maven2, maven3]
09:37:03.937 [DEBUG] [org.gradle.api.internal.artifacts.ivyservice.ivyresolve.RepositoryChainComponentMetaDataResolver] Using org.springframework:spring-web:4.3.9.RELEASE from Maven repository 'maven'
09:37:03.937 [DEBUG] [org.gradle.api.internal.artifacts.ivyservice.resolveengine.graph.DependencyGraphBuilder] Visiting dependency org.grails:grails-datastore-web:6.1.6.RELEASE(runtime) -> dependency: org.springframework:spring-context:4.3.9.RELEASE, scope: Runtime, optional: false
09:37:03.937 [DEBUG] [org.gradle.api.internal.artifacts.ivyservice.resolveengine.graph.DependencyGraphBuilder] Visiting configuration org.grails:grails-datastore-gorm-support:6.1.6.RELEASE(runtime).
09:37:03.937 [DEBUG] [org.gradle.api.internal.artifacts.ivyservice.resolveengine.graph.DependencyGraphBuilder] Visiting dependency org.grails:grails-datastore-gorm-support:6.1.6.RELEASE(runtime) -> dependency: org.codehaus.groovy:groovy:2.4.11, scope: Runtime, optional: false
09:37:03.938 [DEBUG] [org.gradle.api.internal.artifacts.ivyservice.resolveengine.graph.DependencyGraphBuilder] Visiting dependency org.grails:grails-datastore-gorm-support:6.1.6.RELEASE(runtime) -> dependency: org.grails:grails-datastore-gorm:6.1.6.RELEASE, scope: Runtime, optional: false
09:37:03.938 [DEBUG] [org.gradle.api.internal.artifacts.ivyservice.resolveengine.graph.DependencyGraphBuilder] Visiting dependency org.grails:grails-datastore-gorm-support:6.1.6.RELEASE(runtime) -> dependency: org.grails:grails-core:3.2.11, scope: Runtime, optional: false
09:37:03.938 [DEBUG] [io.spring.gradle.dependencymanagement.internal.VersionConfiguringAction] Processing dependency 'org.grails:grails-core:3.2.11'
09:37:03.938 [DEBUG] [io.spring.gradle.dependencymanagement.internal.DependencyManagementContainer] Found managed version '3.3.0' for dependency 'org.grails:grails-core' in global dependency management
09:37:03.938 [DEBUG] [io.spring.gradle.dependencymanagement.internal.VersionConfiguringAction] Using version '3.3.0' for dependency 'org.grails:grails-core:3.2.11'
09:37:03.938 [DEBUG] [org.gradle.api.internal.artifacts.ivyservice.resolveengine.graph.DependencyGraphBuilder] Visiting dependency org.grails:grails-datastore-gorm-support:6.1.6.RELEASE(runtime) -> dependency: org.grails:grails-bootstrap:3.2.11, scope: Runtime, optional: false
09:37:03.938 [DEBUG] [io.spring.gradle.dependencymanagement.internal.VersionConfiguringAction] Processing dependency 'org.grails:grails-bootstrap:3.2.11'
09:37:03.938 [DEBUG] [io.spring.gradle.dependencymanagement.internal.DependencyManagementContainer] Found managed version '3.3.0' for dependency 'org.grails:grails-bootstrap' in global dependency management
09:37:03.938 [DEBUG] [io.spring.gradle.dependencymanagement.internal.VersionConfiguringAction] Using version '3.3.0' for dependency 'org.grails:grails-bootstrap:3.2.11'
09:37:03.938 [DEBUG] [org.gradle.api.internal.artifacts.ivyservice.resolveengine.graph.DependencyGraphBuilder] Visiting configuration org.grails:grails-datastore-gorm-hibernate5:6.1.6.RELEASE(runtime).
09:37:03.938 [DEBUG] [org.gradle.api.internal.artifacts.ivyservice.resolveengine.graph.DependencyGraphBuilder] Visiting dependency org.grails:grails-datastore-gorm-hibernate5:6.1.6.RELEASE(runtime) -> dependency: org.grails:grails-datastore-gorm-hibernate-core:6.1.6.RELEASE, scope: Runtime, optional: false
09:37:03.938 [DEBUG] [io.spring.gradle.dependencymanagement.internal.VersionConfiguringAction] Processing dependency 'org.grails:grails-datastore-gorm-hibernate-core:6.1.6.RELEASE'
09:37:03.938 [DEBUG] [io.spring.gradle.dependencymanagement.internal.VersionConfiguringAction] No dependency management for dependency 'org.grails:grails-datastore-gorm-hibernate-core:6.1.6.RELEASE'
09:37:03.938 [DEBUG] [org.gradle.api.internal.artifacts.ivyservice.resolveengine.graph.DependencyGraphBuilder] Selecting new module version org.grails:grails-datastore-gorm-hibernate-core:6.1.6.RELEASE
09:37:03.938 [DEBUG] [org.gradle.api.internal.artifacts.ivyservice.ivyresolve.RepositoryChainComponentMetaDataResolver] Attempting to resolve component for org.grails:grails-datastore-gorm-hibernate-core:6.1.6.RELEASE using repositories [MavenLocal, maven, maven2, maven3]
09:37:03.938 [DEBUG] [org.gradle.api.internal.artifacts.ivyservice.ivyresolve.RepositoryChainComponentMetaDataResolver] Using org.grails:grails-datastore-gorm-hibernate-core:6.1.6.RELEASE from Maven repository 'maven'
09:37:03.938 [DEBUG] [org.gradle.api.internal.artifacts.ivyservice.resolveengine.graph.DependencyGraphBuilder] Visiting dependency org.grails:grails-datastore-gorm-hibernate5:6.1.6.RELEASE(runtime) -> dependency: org.springframework:spring-orm:4.3.9.RELEASE, scope: Runtime, optional: false
09:37:03.938 [DEBUG] [io.spring.gradle.dependencymanagement.internal.VersionConfiguringAction] Processing dependency 'org.springframework:spring-orm:4.3.9.RELEASE'
09:37:03.939 [DEBUG] [io.spring.gradle.dependencymanagement.internal.DependencyManagementContainer] Found managed version '4.3.9.RELEASE' for dependency 'org.springframework:spring-orm' in global dependency management
09:37:03.939 [DEBUG] [io.spring.gradle.dependencymanagement.internal.VersionConfiguringAction] Using version '4.3.9.RELEASE' for dependency 'org.springframework:spring-orm:4.3.9.RELEASE'
09:37:03.939 [DEBUG] [org.gradle.api.internal.artifacts.ivyservice.resolveengine.graph.DependencyGraphBuilder] Visiting dependency org.grails:grails-datastore-gorm-hibernate5:6.1.6.RELEASE(runtime) -> dependency: org.hibernate:hibernate-core:5.1.5.Final, scope: Runtime, optional: false
09:37:03.939 [DEBUG] [org.gradle.api.internal.artifacts.ivyservice.resolveengine.graph.DependencyGraphBuilder] Visiting dependency org.grails:grails-datastore-gorm-hibernate5:6.1.6.RELEASE(runtime) -> dependency: org.hibernate:hibernate-validator:5.2.5.Final, scope: Runtime, optional: false
09:37:03.939 [DEBUG] [io.spring.gradle.dependencymanagement.internal.VersionConfiguringAction] Processing dependency 'org.hibernate:hibernate-validator:5.2.5.Final'
09:37:03.939 [DEBUG] [io.spring.gradle.dependencymanagement.internal.DependencyManagementContainer] Found managed version '5.3.5.Final' for dependency 'org.hibernate:hibernate-validator' in global dependency management
09:37:03.939 [DEBUG] [io.spring.gradle.dependencymanagement.internal.VersionConfiguringAction] Using version '5.3.5.Final' for dependency 'org.hibernate:hibernate-validator:5.2.5.Final'
09:37:03.939 [DEBUG] [org.gradle.api.internal.artifacts.ivyservice.resolveengine.graph.DependencyGraphBuilder] Selecting new module version org.hibernate:hibernate-validator:5.3.5.Final
09:37:03.939 [DEBUG] [org.gradle.api.internal.artifacts.ivyservice.ivyresolve.RepositoryChainComponentMetaDataResolver] Attempting to resolve component for org.hibernate:hibernate-validator:5.3.5.Final using repositories [MavenLocal, maven, maven2, maven3]
09:37:03.939 [DEBUG] [org.gradle.api.internal.artifacts.ivyservice.ivyresolve.RepositoryChainComponentMetaDataResolver] Using org.hibernate:hibernate-validator:5.3.5.Final from Maven repository 'maven'
09:37:03.939 [DEBUG] [org.gradle.api.internal.artifacts.ivyservice.resolveengine.graph.DependencyGraphBuilder] Visiting dependency org.grails:grails-datastore-gorm-hibernate5:6.1.6.RELEASE(runtime) -> dependency: javax.el:javax.el-api:2.2.4, scope: Runtime, optional: false
09:37:03.939 [DEBUG] [io.spring.gradle.dependencymanagement.internal.VersionConfiguringAction] Processing dependency 'javax.el:javax.el-api:2.2.4'
09:37:03.939 [DEBUG] [io.spring.gradle.dependencymanagement.internal.VersionConfiguringAction] No dependency management for dependency 'javax.el:javax.el-api:2.2.4'
09:37:03.939 [DEBUG] [org.gradle.api.internal.artifacts.ivyservice.resolveengine.graph.DependencyGraphBuilder] Selecting new module version javax.el:javax.el-api:2.2.4
09:37:03.939 [DEBUG] [org.gradle.api.internal.artifacts.ivyservice.ivyresolve.RepositoryChainComponentMetaDataResolver] Attempting to resolve component for javax.el:javax.el-api:2.2.4 using repositories [MavenLocal, maven, maven2, maven3]
09:37:03.939 [DEBUG] [org.gradle.api.internal.artifacts.ivyservice.ivyresolve.RepositoryChainComponentMetaDataResolver] Using javax.el:javax.el-api:2.2.4 from Maven repository 'maven'
09:37:03.939 [DEBUG] [org.gradle.api.internal.artifacts.ivyservice.resolveengine.graph.DependencyGraphBuilder] Visiting configuration org.springframework:spring-orm:4.3.9.RELEASE(runtime).
09:37:03.939 [DEBUG] [org.gradle.api.internal.artifacts.ivyservice.resolveengine.graph.DependencyGraphBuilder] Visiting dependency org.springframework:spring-orm:4.3.9.RELEASE(runtime) -> dependency: org.springframework:spring-beans:4.3.9.RELEASE, scope: Compile, optional: false
09:37:03.939 [DEBUG] [org.gradle.api.internal.artifacts.ivyservice.resolveengine.graph.DependencyGraphBuilder] Visiting dependency org.springframework:spring-orm:4.3.9.RELEASE(runtime) -> dependency: org.springframework:spring-core:4.3.9.RELEASE, scope: Compile, optional: false
09:37:03.940 [DEBUG] [org.gradle.api.internal.artifacts.ivyservice.resolveengine.graph.DependencyGraphBuilder] Visiting dependency org.springframework:spring-orm:4.3.9.RELEASE(runtime) -> dependency: org.springframework:spring-jdbc:4.3.9.RELEASE, scope: Compile, optional: false
09:37:03.940 [DEBUG] [org.gradle.api.internal.artifacts.ivyservice.resolveengine.graph.DependencyGraphBuilder] Visiting dependency org.springframework:spring-orm:4.3.9.RELEASE(runtime) -> dependency: org.springframework:spring-tx:4.3.9.RELEASE, scope: Compile, optional: false
09:37:03.940 [DEBUG] [org.gradle.api.internal.artifacts.ivyservice.resolveengine.graph.DependencyGraphBuilder] Visiting configuration org.jboss.logging:jboss-logging:3.3.1.Final(runtime).
09:37:03.940 [DEBUG] [org.gradle.api.internal.artifacts.ivyservice.resolveengine.graph.DependencyGraphBuilder] Visiting configuration antlr:antlr:2.7.7(runtime).
09:37:03.940 [DEBUG] [org.gradle.api.internal.artifacts.ivyservice.resolveengine.graph.DependencyGraphBuilder] Visiting configuration org.apache.geronimo.specs:geronimo-jta_1.1_spec:1.1.1(runtime).
09:37:03.940 [DEBUG] [org.gradle.api.internal.artifacts.ivyservice.resolveengine.graph.DependencyGraphBuilder] Visiting configuration org.jboss:jandex:2.0.3.Final(runtime).
09:37:03.940 [DEBUG] [org.gradle.api.internal.artifacts.ivyservice.resolveengine.graph.DependencyGraphBuilder] Visiting configuration com.fasterxml:classmate:1.3.3(runtime).
09:37:03.940 [DEBUG] [org.gradle.api.internal.artifacts.ivyservice.resolveengine.graph.DependencyGraphBuilder] Visiting configuration dom4j:dom4j:1.6.1(runtime).
09:37:03.940 [DEBUG] [org.gradle.api.internal.artifacts.ivyservice.resolveengine.graph.DependencyGraphBuilder] Visiting dependency dom4j:dom4j:1.6.1(runtime) -> dependency: xml-apis:xml-apis:1.0.b2, scope: Compile, optional: false
09:37:03.940 [DEBUG] [io.spring.gradle.dependencymanagement.internal.VersionConfiguringAction] Processing dependency 'xml-apis:xml-apis:1.0.b2'
09:37:03.940 [DEBUG] [io.spring.gradle.dependencymanagement.internal.DependencyManagementContainer] Found managed version '1.4.01' for dependency 'xml-apis:xml-apis' in global dependency management
09:37:03.940 [DEBUG] [io.spring.gradle.dependencymanagement.internal.VersionConfiguringAction] Using version '1.4.01' for dependency 'xml-apis:xml-apis:1.0.b2'
09:37:03.940 [DEBUG] [org.gradle.api.internal.artifacts.ivyservice.resolveengine.graph.DependencyGraphBuilder] Selecting new module version xml-apis:xml-apis:1.4.01
09:37:03.940 [DEBUG] [org.gradle.api.internal.artifacts.ivyservice.ivyresolve.RepositoryChainComponentMetaDataResolver] Attempting to resolve component for xml-apis:xml-apis:1.4.01 using repositories [MavenLocal, maven, maven2, maven3]
09:37:03.940 [DEBUG] [org.gradle.api.internal.artifacts.ivyservice.ivyresolve.RepositoryChainComponentMetaDataResolver] Using xml-apis:xml-apis:1.4.01 from Maven repository 'MavenLocal'
09:37:03.940 [DEBUG] [org.gradle.api.internal.artifacts.ivyservice.resolveengine.graph.DependencyGraphBuilder] Visiting configuration org.hibernate.common:hibernate-commons-annotations:5.0.1.Final(runtime).
09:37:03.940 [DEBUG] [org.gradle.api.internal.artifacts.ivyservice.resolveengine.graph.DependencyGraphBuilder] Visiting dependency org.hibernate.common:hibernate-commons-annotations:5.0.1.Final(runtime) -> dependency: org.jboss.logging:jboss-logging:3.3.0.Final, scope: Compile, optional: false
09:37:03.940 [DEBUG] [org.gradle.api.internal.artifacts.ivyservice.resolveengine.graph.DependencyGraphBuilder] Visiting configuration org.grails:grails-web-jsp:3.3.0(runtime).
09:37:03.940 [DEBUG] [org.gradle.api.internal.artifacts.ivyservice.resolveengine.graph.DependencyGraphBuilder] Visiting dependency org.grails:grails-web-jsp:3.3.0(runtime) -> dependency: org.codehaus.groovy:groovy:2.4.11, scope: Runtime, optional: false
09:37:03.940 [DEBUG] [org.gradle.api.internal.artifacts.ivyservice.resolveengine.graph.DependencyGraphBuilder] Visiting dependency org.grails:grails-web-jsp:3.3.0(runtime) -> dependency: org.slf4j:slf4j-api:1.7.22, scope: Runtime, optional: false
09:37:03.940 [DEBUG] [org.gradle.api.internal.artifacts.ivyservice.resolveengine.graph.DependencyGraphBuilder] Visiting dependency org.grails:grails-web-jsp:3.3.0(runtime) -> dependency: org.grails:grails-web-common:3.2.10, scope: Runtime, optional: false
09:37:03.941 [DEBUG] [io.spring.gradle.dependencymanagement.internal.VersionConfiguringAction] Processing dependency 'org.grails:grails-web-common:3.2.10'
09:37:03.941 [DEBUG] [io.spring.gradle.dependencymanagement.internal.DependencyManagementContainer] Found managed version '3.3.0' for dependency 'org.grails:grails-web-common' in global dependency management
09:37:03.941 [DEBUG] [io.spring.gradle.dependencymanagement.internal.VersionConfiguringAction] Using version '3.3.0' for dependency 'org.grails:grails-web-common:3.2.10'
09:37:03.941 [DEBUG] [org.gradle.api.internal.artifacts.ivyservice.resolveengine.graph.DependencyGraphBuilder] Visiting dependency org.grails:grails-web-jsp:3.3.0(runtime) -> dependency: org.grails:grails-web-gsp:3.3.0, scope: Runtime, optional: false
09:37:03.941 [DEBUG] [org.gradle.api.internal.artifacts.ivyservice.resolveengine.graph.DependencyGraphBuilder] Visiting configuration org.grails:grails-web-gsp-taglib:3.3.0(runtime).
09:37:03.941 [DEBUG] [org.gradle.api.internal.artifacts.ivyservice.resolveengine.graph.DependencyGraphBuilder] Visiting dependency org.grails:grails-web-gsp-taglib:3.3.0(runtime) -> dependency: org.codehaus.groovy:groovy:2.4.11, scope: Runtime, optional: false
09:37:03.941 [DEBUG] [org.gradle.api.internal.artifacts.ivyservice.resolveengine.graph.DependencyGraphBuilder] Visiting dependency org.grails:grails-web-gsp-taglib:3.3.0(runtime) -> dependency: org.slf4j:slf4j-api:1.7.22, scope: Runtime, optional: false
09:37:03.941 [DEBUG] [org.gradle.api.internal.artifacts.ivyservice.resolveengine.graph.DependencyGraphBuilder] Visiting dependency org.grails:grails-web-gsp-taglib:3.3.0(runtime) -> dependency: org.grails:grails-web-jsp:3.3.0, scope: Runtime, optional: false
09:37:03.941 [DEBUG] [org.gradle.api.internal.artifacts.ivyservice.resolveengine.graph.DependencyGraphBuilder] Visiting configuration commons-lang:commons-lang:2.6(runtime).
09:37:03.941 [DEBUG] [org.gradle.api.internal.artifacts.ivyservice.resolveengine.graph.DependencyGraphBuilder] Visiting configuration org.grails:grails-plugin-codecs:3.3.0(runtime).
09:37:03.941 [DEBUG] [org.gradle.api.internal.artifacts.ivyservice.resolveengine.graph.DependencyGraphBuilder] Visiting dependency org.grails:grails-plugin-codecs:3.3.0(runtime) -> dependency: org.codehaus.groovy:groovy:2.4.11, scope: Runtime, optional: false
09:37:03.941 [DEBUG] [org.gradle.api.internal.artifacts.ivyservice.resolveengine.graph.DependencyGraphBuilder] Visiting dependency org.grails:grails-plugin-codecs:3.3.0(runtime) -> dependency: org.slf4j:slf4j-api:1.7.22, scope: Runtime, optional: false
09:37:03.941 [DEBUG] [org.gradle.api.internal.artifacts.ivyservice.resolveengine.graph.DependencyGraphBuilder] Visiting dependency org.grails:grails-plugin-codecs:3.3.0(runtime) -> dependency: org.slf4j:jcl-over-slf4j:1.7.22, scope: Runtime, optional: false
09:37:03.941 [DEBUG] [org.gradle.api.internal.artifacts.ivyservice.resolveengine.graph.DependencyGraphBuilder] Visiting dependency org.grails:grails-plugin-codecs:3.3.0(runtime) -> dependency: org.grails:grails-web:3.3.0, scope: Runtime, optional: false
09:37:03.941 [DEBUG] [org.gradle.api.internal.artifacts.ivyservice.resolveengine.graph.DependencyGraphBuilder] Visiting dependency org.grails:grails-plugin-codecs:3.3.0(runtime) -> dependency: org.grails:grails-encoder:3.3.0, scope: Runtime, optional: false
09:37:03.941 [DEBUG] [org.gradle.api.internal.artifacts.ivyservice.resolveengine.graph.DependencyGraphBuilder] Visiting dependency org.grails:grails-plugin-codecs:3.3.0(runtime) -> dependency: org.grails:grails-codecs:3.3.0, scope: Runtime, optional: false
09:37:03.941 [DEBUG] [io.spring.gradle.dependencymanagement.internal.VersionConfiguringAction] Processing dependency 'org.grails:grails-codecs:3.3.0'
09:37:03.941 [DEBUG] [io.spring.gradle.dependencymanagement.internal.DependencyManagementContainer] Found managed version '3.3.0' for dependency 'org.grails:grails-codecs' in global dependency management
09:37:03.941 [DEBUG] [io.spring.gradle.dependencymanagement.internal.VersionConfiguringAction] Using version '3.3.0' for dependency 'org.grails:grails-codecs:3.3.0'
09:37:03.942 [DEBUG] [org.gradle.api.internal.artifacts.ivyservice.resolveengine.graph.DependencyGraphBuilder] Selecting new module version org.grails:grails-codecs:3.3.0
09:37:03.942 [DEBUG] [org.gradle.api.internal.artifacts.ivyservice.ivyresolve.RepositoryChainComponentMetaDataResolver] Attempting to resolve component for org.grails:grails-codecs:3.3.0 using repositories [MavenLocal, maven, maven2, maven3]
09:37:03.942 [DEBUG] [org.gradle.api.internal.artifacts.ivyservice.ivyresolve.RepositoryChainComponentMetaDataResolver] Using org.grails:grails-codecs:3.3.0 from Maven repository 'maven'
09:37:03.942 [DEBUG] [org.gradle.api.internal.artifacts.ivyservice.resolveengine.graph.DependencyGraphBuilder] Visiting configuration ch.qos.logback:logback-core:1.1.11(runtime).
09:37:03.942 [DEBUG] [org.gradle.api.internal.artifacts.ivyservice.resolveengine.graph.DependencyGraphBuilder] Visiting configuration commons-logging:commons-logging:1.2(runtime).
09:37:03.942 [DEBUG] [org.gradle.api.internal.artifacts.ivyservice.resolveengine.graph.DependencyGraphBuilder] Visiting configuration org.springframework:spring-core:4.3.9.RELEASE(runtime).
09:37:03.942 [DEBUG] [org.gradle.api.internal.artifacts.ivyservice.resolveengine.graph.DependencyGraphBuilder] Changed edges for org.springframework:spring-core:4.3.9.RELEASE(runtime) selects same versions as previous traversal. ignoring
09:37:03.942 [DEBUG] [org.gradle.api.internal.artifacts.ivyservice.resolveengine.graph.DependencyGraphBuilder] Visiting configuration org.springframework:spring-aop:4.3.9.RELEASE(runtime).
09:37:03.942 [DEBUG] [org.gradle.api.internal.artifacts.ivyservice.resolveengine.graph.DependencyGraphBuilder] Visiting dependency org.springframework:spring-aop:4.3.9.RELEASE(runtime) -> dependency: org.springframework:spring-beans:4.3.9.RELEASE, scope: Compile, optional: false
09:37:03.942 [DEBUG] [org.gradle.api.internal.artifacts.ivyservice.resolveengine.graph.DependencyGraphBuilder] Visiting dependency org.springframework:spring-aop:4.3.9.RELEASE(runtime) -> dependency: org.springframework:spring-core:4.3.9.RELEASE, scope: Compile, optional: false
09:37:03.942 [DEBUG] [org.gradle.api.internal.artifacts.ivyservice.resolveengine.graph.DependencyGraphBuilder] Visiting configuration org.springframework:spring-beans:4.3.9.RELEASE(runtime).
09:37:03.942 [DEBUG] [org.gradle.api.internal.artifacts.ivyservice.resolveengine.graph.DependencyGraphBuilder] Changed edges for org.springframework:spring-beans:4.3.9.RELEASE(runtime) selects same versions as previous traversal. ignoring
09:37:03.942 [DEBUG] [org.gradle.api.internal.artifacts.ivyservice.resolveengine.graph.DependencyGraphBuilder] Visiting configuration org.springframework:spring-expression:4.3.9.RELEASE(runtime).
09:37:03.942 [DEBUG] [org.gradle.api.internal.artifacts.ivyservice.resolveengine.graph.DependencyGraphBuilder] Visiting dependency org.springframework:spring-expression:4.3.9.RELEASE(runtime) -> dependency: org.springframework:spring-core:4.3.9.RELEASE, scope: Compile, optional: false
09:37:03.942 [DEBUG] [org.gradle.api.internal.artifacts.ivyservice.resolveengine.graph.DependencyGraphBuilder] Visiting configuration org.codehaus.groovy:groovy:2.4.11(runtime).
09:37:03.942 [DEBUG] [org.gradle.api.internal.artifacts.ivyservice.resolveengine.graph.DependencyGraphBuilder] Changed edges for org.codehaus.groovy:groovy:2.4.11(runtime) selects same versions as previous traversal. ignoring
09:37:03.942 [DEBUG] [org.gradle.api.internal.artifacts.ivyservice.resolveengine.graph.DependencyGraphBuilder] Visiting configuration org.slf4j:slf4j-api:1.7.25(runtime).
09:37:03.943 [DEBUG] [org.gradle.api.internal.artifacts.ivyservice.resolveengine.graph.DependencyGraphBuilder] Changed edges for org.slf4j:slf4j-api:1.7.25(runtime) selects same versions as previous traversal. ignoring
09:37:03.943 [DEBUG] [org.gradle.api.internal.artifacts.ivyservice.resolveengine.graph.DependencyGraphBuilder] Visiting configuration org.slf4j:jcl-over-slf4j:1.7.25(runtime).
09:37:03.943 [DEBUG] [org.gradle.api.internal.artifacts.ivyservice.resolveengine.graph.DependencyGraphBuilder] Changed edges for org.slf4j:jcl-over-slf4j:1.7.25(runtime) selects same versions as previous traversal. ignoring
09:37:03.943 [DEBUG] [org.gradle.api.internal.artifacts.ivyservice.resolveengine.graph.DependencyGraphBuilder] Visiting configuration org.codehaus.groovy:groovy-xml:2.4.11(runtime).
09:37:03.943 [DEBUG] [org.gradle.api.internal.artifacts.ivyservice.resolveengine.graph.DependencyGraphBuilder] Visiting dependency org.codehaus.groovy:groovy-xml:2.4.11(runtime) -> dependency: org.codehaus.groovy:groovy:2.4.11, scope: Compile, optional: false
09:37:03.943 [DEBUG] [org.gradle.api.internal.artifacts.ivyservice.resolveengine.graph.DependencyGraphBuilder] Visiting configuration org.codehaus.groovy:groovy-templates:2.4.11(runtime).
09:37:03.943 [DEBUG] [org.gradle.api.internal.artifacts.ivyservice.resolveengine.graph.DependencyGraphBuilder] Visiting dependency org.codehaus.groovy:groovy-templates:2.4.11(runtime) -> dependency: org.codehaus.groovy:groovy-xml:2.4.11, scope: Compile, optional: false
09:37:03.943 [DEBUG] [org.gradle.api.internal.artifacts.ivyservice.resolveengine.graph.DependencyGraphBuilder] Visiting dependency org.codehaus.groovy:groovy-templates:2.4.11(runtime) -> dependency: org.codehaus.groovy:groovy:2.4.11, scope: Compile, optional: false
09:37:03.943 [DEBUG] [org.gradle.api.internal.artifacts.ivyservice.resolveengine.graph.DependencyGraphBuilder] Visiting configuration org.yaml:snakeyaml:1.17(runtime).
09:37:03.943 [DEBUG] [org.gradle.api.internal.artifacts.ivyservice.resolveengine.graph.DependencyGraphBuilder] Visiting configuration com.googlecode.concurrentlinkedhashmap:concurrentlinkedhashmap-lru:1.4.2(runtime).
09:37:03.943 [DEBUG] [org.gradle.api.internal.artifacts.ivyservice.resolveengine.graph.DependencyGraphBuilder] Changed edges for com.googlecode.concurrentlinkedhashmap:concurrentlinkedhashmap-lru:1.4.2(runtime) selects same versions as previous traversal. ignoring
09:37:03.943 [DEBUG] [org.gradle.api.internal.artifacts.ivyservice.resolveengine.graph.DependencyGraphBuilder] Visiting configuration org.springframework:spring-tx:4.3.9.RELEASE(runtime).
09:37:03.943 [DEBUG] [org.gradle.api.internal.artifacts.ivyservice.resolveengine.graph.DependencyGraphBuilder] Changed edges for org.springframework:spring-tx:4.3.9.RELEASE(runtime) selects same versions as previous traversal. ignoring
09:37:03.943 [DEBUG] [org.gradle.api.internal.artifacts.ivyservice.resolveengine.graph.DependencyGraphBuilder] Visiting configuration org.springframework:spring-context:4.3.9.RELEASE(runtime).
09:37:03.943 [DEBUG] [org.gradle.api.internal.artifacts.ivyservice.resolveengine.graph.DependencyGraphBuilder] Changed edges for org.springframework:spring-context:4.3.9.RELEASE(runtime) selects same versions as previous traversal. ignoring
09:37:03.943 [DEBUG] [org.gradle.api.internal.artifacts.ivyservice.resolveengine.graph.DependencyGraphBuilder] Visiting configuration org.hibernate.javax.persistence:hibernate-jpa-2.1-api:1.0.0.Final(runtime).
09:37:03.943 [DEBUG] [org.gradle.api.internal.artifacts.ivyservice.resolveengine.graph.DependencyGraphBuilder] Changed edges for org.hibernate.javax.persistence:hibernate-jpa-2.1-api:1.0.0.Final(runtime) selects same versions as previous traversal. ignoring
09:37:03.943 [DEBUG] [org.gradle.api.internal.artifacts.ivyservice.resolveengine.graph.DependencyGraphBuilder] Visiting configuration javax.transaction:jta:1.1(runtime).
09:37:03.943 [DEBUG] [org.gradle.api.internal.artifacts.ivyservice.resolveengine.graph.DependencyGraphBuilder] Visiting configuration org.springframework.boot:spring-boot:1.5.4.RELEASE(runtime).
09:37:03.944 [DEBUG] [org.gradle.api.internal.artifacts.ivyservice.resolveengine.graph.DependencyGraphBuilder] Changed edges for org.springframework.boot:spring-boot:1.5.4.RELEASE(runtime) selects same versions as previous traversal. ignoring
09:37:03.944 [DEBUG] [org.gradle.api.internal.artifacts.ivyservice.resolveengine.graph.DependencyGraphBuilder] Visiting configuration org.springframework.boot:spring-boot-autoconfigure:1.5.4.RELEASE(runtime).
09:37:03.944 [DEBUG] [org.gradle.api.internal.artifacts.ivyservice.resolveengine.graph.DependencyGraphBuilder] Visiting dependency org.springframework.boot:spring-boot-autoconfigure:1.5.4.RELEASE(runtime) -> dependency: org.springframework.boot:spring-boot:1.5.4.RELEASE, scope: Compile, optional: false
09:37:03.944 [DEBUG] [org.gradle.api.internal.artifacts.ivyservice.resolveengine.graph.DependencyGraphBuilder] Visiting configuration org.springframework.boot:spring-boot-starter-logging:1.5.4.RELEASE(runtime).
09:37:03.944 [DEBUG] [org.gradle.api.internal.artifacts.ivyservice.resolveengine.graph.DependencyGraphBuilder] Visiting dependency org.springframework.boot:spring-boot-starter-logging:1.5.4.RELEASE(runtime) -> dependency: ch.qos.logback:logback-classic:1.1.11, scope: Compile, optional: false
09:37:03.944 [DEBUG] [org.gradle.api.internal.artifacts.ivyservice.resolveengine.graph.DependencyGraphBuilder] Visiting dependency org.springframework.boot:spring-boot-starter-logging:1.5.4.RELEASE(runtime) -> dependency: org.slf4j:jcl-over-slf4j:1.7.25, scope: Compile, optional: false
09:37:03.944 [DEBUG] [org.gradle.api.internal.artifacts.ivyservice.resolveengine.graph.DependencyGraphBuilder] Visiting dependency org.springframework.boot:spring-boot-starter-logging:1.5.4.RELEASE(runtime) -> dependency: org.slf4j:jul-to-slf4j:1.7.25, scope: Compile, optional: false
09:37:03.944 [DEBUG] [org.gradle.api.internal.artifacts.ivyservice.resolveengine.graph.DependencyGraphBuilder] Visiting dependency org.springframework.boot:spring-boot-starter-logging:1.5.4.RELEASE(runtime) -> dependency: org.slf4j:log4j-over-slf4j:1.7.25, scope: Compile, optional: false
09:37:03.944 [DEBUG] [org.gradle.api.internal.artifacts.ivyservice.resolveengine.graph.DependencyGraphBuilder] Visiting configuration com.fasterxml.jackson.core:jackson-databind:2.8.8(runtime).
09:37:03.944 [DEBUG] [org.gradle.api.internal.artifacts.ivyservice.resolveengine.graph.DependencyGraphBuilder] Visiting dependency com.fasterxml.jackson.core:jackson-databind:2.8.8(runtime) -> dependency: com.fasterxml.jackson.core:jackson-annotations:2.8.0, scope: Compile, optional: false
09:37:03.944 [DEBUG] [io.spring.gradle.dependencymanagement.internal.VersionConfiguringAction] Processing dependency 'com.fasterxml.jackson.core:jackson-annotations:2.8.0'
09:37:03.944 [DEBUG] [io.spring.gradle.dependencymanagement.internal.DependencyManagementContainer] Found managed version '2.8.0' for dependency 'com.fasterxml.jackson.core:jackson-annotations' in global dependency management
09:37:03.944 [DEBUG] [io.spring.gradle.dependencymanagement.internal.VersionConfiguringAction] Using version '2.8.0' for dependency 'com.fasterxml.jackson.core:jackson-annotations:2.8.0'
09:37:03.944 [DEBUG] [org.gradle.api.internal.artifacts.ivyservice.resolveengine.graph.DependencyGraphBuilder] Selecting new module version com.fasterxml.jackson.core:jackson-annotations:2.8.0
09:37:03.944 [DEBUG] [org.gradle.api.internal.artifacts.ivyservice.ivyresolve.RepositoryChainComponentMetaDataResolver] Attempting to resolve component for com.fasterxml.jackson.core:jackson-annotations:2.8.0 using repositories [MavenLocal, maven, maven2, maven3]
09:37:03.944 [DEBUG] [org.gradle.api.internal.artifacts.ivyservice.ivyresolve.RepositoryChainComponentMetaDataResolver] Using com.fasterxml.jackson.core:jackson-annotations:2.8.0 from Maven repository 'maven'
09:37:03.944 [DEBUG] [org.gradle.api.internal.artifacts.ivyservice.resolveengine.graph.DependencyGraphBuilder] Visiting dependency com.fasterxml.jackson.core:jackson-databind:2.8.8(runtime) -> dependency: com.fasterxml.jackson.core:jackson-core:2.8.8, scope: Compile, optional: false
09:37:03.944 [DEBUG] [io.spring.gradle.dependencymanagement.internal.VersionConfiguringAction] Processing dependency 'com.fasterxml.jackson.core:jackson-core:2.8.8'
09:37:03.945 [DEBUG] [io.spring.gradle.dependencymanagement.internal.DependencyManagementContainer] Found managed version '2.8.8' for dependency 'com.fasterxml.jackson.core:jackson-core' in global dependency management
09:37:03.945 [DEBUG] [io.spring.gradle.dependencymanagement.internal.VersionConfiguringAction] Using version '2.8.8' for dependency 'com.fasterxml.jackson.core:jackson-core:2.8.8'
09:37:03.945 [DEBUG] [org.gradle.api.internal.artifacts.ivyservice.resolveengine.graph.DependencyGraphBuilder] Selecting new module version com.fasterxml.jackson.core:jackson-core:2.8.8
09:37:03.945 [DEBUG] [org.gradle.api.internal.artifacts.ivyservice.ivyresolve.RepositoryChainComponentMetaDataResolver] Attempting to resolve component for com.fasterxml.jackson.core:jackson-core:2.8.8 using repositories [MavenLocal, maven, maven2, maven3]
09:37:03.945 [DEBUG] [org.gradle.api.internal.artifacts.ivyservice.ivyresolve.RepositoryChainComponentMetaDataResolver] Using com.fasterxml.jackson.core:jackson-core:2.8.8 from Maven repository 'maven'
09:37:03.945 [DEBUG] [org.gradle.api.internal.artifacts.ivyservice.resolveengine.graph.DependencyGraphBuilder] Visiting configuration org.apache.tomcat.embed:tomcat-embed-core:8.5.15(runtime).
09:37:03.945 [DEBUG] [org.gradle.api.internal.artifacts.ivyservice.resolveengine.graph.DependencyGraphBuilder] Changed edges for org.apache.tomcat.embed:tomcat-embed-core:8.5.15(runtime) selects same versions as previous traversal. ignoring
09:37:03.947 [DEBUG] [org.gradle.api.internal.artifacts.ivyservice.resolveengine.graph.DependencyGraphBuilder] Visiting configuration org.grails:grails-databinding:3.3.0(runtime).
09:37:03.948 [DEBUG] [org.gradle.api.internal.artifacts.ivyservice.resolveengine.graph.DependencyGraphBuilder] Visiting dependency org.grails:grails-databinding:3.3.0(runtime) -> dependency: org.codehaus.groovy:groovy:2.4.11, scope: Runtime, optional: false
09:37:03.948 [DEBUG] [org.gradle.api.internal.artifacts.ivyservice.resolveengine.graph.DependencyGraphBuilder] Visiting dependency org.grails:grails-databinding:3.3.0(runtime) -> dependency: org.slf4j:slf4j-api:1.7.22, scope: Runtime, optional: false
09:37:03.948 [DEBUG] [org.gradle.api.internal.artifacts.ivyservice.resolveengine.graph.DependencyGraphBuilder] Visiting dependency org.grails:grails-databinding:3.3.0(runtime) -> dependency: org.slf4j:jcl-over-slf4j:1.7.22, scope: Runtime, optional: false
09:37:03.948 [DEBUG] [org.gradle.api.internal.artifacts.ivyservice.resolveengine.graph.DependencyGraphBuilder] Visiting dependency org.grails:grails-databinding:3.3.0(runtime) -> dependency: org.codehaus.groovy:groovy-xml:2.4.11, scope: Runtime, optional: false
09:37:03.948 [DEBUG] [org.gradle.api.internal.artifacts.ivyservice.resolveengine.graph.DependencyGraphBuilder] Visiting configuration org.grails:grails-encoder:3.3.0(runtime).
09:37:03.948 [DEBUG] [org.gradle.api.internal.artifacts.ivyservice.resolveengine.graph.DependencyGraphBuilder] Visiting dependency org.grails:grails-encoder:3.3.0(runtime) -> dependency: org.codehaus.groovy:groovy:2.4.11, scope: Runtime, optional: false
09:37:03.948 [DEBUG] [org.gradle.api.internal.artifacts.ivyservice.resolveengine.graph.DependencyGraphBuilder] Visiting dependency org.grails:grails-encoder:3.3.0(runtime) -> dependency: org.slf4j:slf4j-api:1.7.22, scope: Runtime, optional: false
09:37:03.948 [DEBUG] [org.gradle.api.internal.artifacts.ivyservice.resolveengine.graph.DependencyGraphBuilder] Visiting dependency org.grails:grails-encoder:3.3.0(runtime) -> dependency: org.slf4j:jcl-over-slf4j:1.7.22, scope: Runtime, optional: false
09:37:03.948 [DEBUG] [org.gradle.api.internal.artifacts.ivyservice.resolveengine.graph.DependencyGraphBuilder] Visiting dependency org.grails:grails-encoder:3.3.0(runtime) -> dependency: org.grails:grails-core:3.3.0, scope: Runtime, optional: false
09:37:03.948 [DEBUG] [org.gradle.api.internal.artifacts.ivyservice.resolveengine.graph.DependencyGraphBuilder] Visiting dependency org.grails:grails-encoder:3.3.0(runtime) -> dependency: org.codehaus.groovy:groovy-json:2.4.11, scope: Runtime, optional: false
09:37:03.948 [DEBUG] [io.spring.gradle.dependencymanagement.internal.VersionConfiguringAction] Processing dependency 'org.codehaus.groovy:groovy-json:2.4.11'
09:37:03.948 [DEBUG] [io.spring.gradle.dependencymanagement.internal.DependencyManagementContainer] Found managed version '2.4.11' for dependency 'org.codehaus.groovy:groovy-json' in global dependency management
09:37:03.948 [DEBUG] [io.spring.gradle.dependencymanagement.internal.VersionConfiguringAction] Using version '2.4.11' for dependency 'org.codehaus.groovy:groovy-json:2.4.11'
09:37:03.948 [DEBUG] [org.gradle.api.internal.artifacts.ivyservice.resolveengine.graph.DependencyGraphBuilder] Selecting new module version org.codehaus.groovy:groovy-json:2.4.11
09:37:03.948 [DEBUG] [org.gradle.api.internal.artifacts.ivyservice.ivyresolve.RepositoryChainComponentMetaDataResolver] Attempting to resolve component for org.codehaus.groovy:groovy-json:2.4.11 using repositories [MavenLocal, maven, maven2, maven3]
09:37:03.948 [DEBUG] [org.gradle.api.internal.artifacts.ivyservice.ivyresolve.RepositoryChainComponentMetaDataResolver] Using org.codehaus.groovy:groovy-json:2.4.11 from Maven repository 'maven'
09:37:03.949 [DEBUG] [org.gradle.api.internal.artifacts.ivyservice.resolveengine.graph.DependencyGraphBuilder] Visiting dependency org.grails:grails-encoder:3.3.0(runtime) -> dependency: org.springframework:spring-web:4.3.9.RELEASE, scope: Runtime, optional: false
09:37:03.949 [DEBUG] [org.gradle.api.internal.artifacts.ivyservice.resolveengine.graph.DependencyGraphBuilder] Visiting configuration org.grails:grails-gsp:3.3.0(runtime).
09:37:03.949 [DEBUG] [org.gradle.api.internal.artifacts.ivyservice.resolveengine.graph.DependencyGraphBuilder] Visiting dependency org.grails:grails-gsp:3.3.0(runtime) -> dependency: org.codehaus.groovy:groovy:2.4.11, scope: Runtime, optional: false
09:37:03.949 [DEBUG] [org.gradle.api.internal.artifacts.ivyservice.resolveengine.graph.DependencyGraphBuilder] Visiting dependency org.grails:grails-gsp:3.3.0(runtime) -> dependency: org.slf4j:slf4j-api:1.7.22, scope: Runtime, optional: false
09:37:03.949 [DEBUG] [org.gradle.api.internal.artifacts.ivyservice.resolveengine.graph.DependencyGraphBuilder] Visiting dependency org.grails:grails-gsp:3.3.0(runtime) -> dependency: org.grails:grails-core:3.2.10, scope: Runtime, optional: false
09:37:03.949 [DEBUG] [org.gradle.api.internal.artifacts.ivyservice.resolveengine.graph.DependencyGraphBuilder] Visiting dependency org.grails:grails-gsp:3.3.0(runtime) -> dependency: org.grails:grails-taglib:3.3.0, scope: Runtime, optional: false
09:37:03.949 [DEBUG] [io.spring.gradle.dependencymanagement.internal.VersionConfiguringAction] Processing dependency 'org.grails:grails-taglib:3.3.0'
09:37:03.949 [DEBUG] [io.spring.gradle.dependencymanagement.internal.VersionConfiguringAction] No dependency management for dependency 'org.grails:grails-taglib:3.3.0'
09:37:03.949 [DEBUG] [org.gradle.api.internal.artifacts.ivyservice.resolveengine.graph.DependencyGraphBuilder] Selecting new module version org.grails:grails-taglib:3.3.0
09:37:03.949 [DEBUG] [org.gradle.api.internal.artifacts.ivyservice.ivyresolve.RepositoryChainComponentMetaDataResolver] Attempting to resolve component for org.grails:grails-taglib:3.3.0 using repositories [MavenLocal, maven, maven2, maven3]
09:37:03.949 [DEBUG] [org.gradle.api.internal.artifacts.ivyservice.ivyresolve.RepositoryChainComponentMetaDataResolver] Using org.grails:grails-taglib:3.3.0 from Maven repository 'maven'
09:37:03.949 [DEBUG] [org.gradle.api.internal.artifacts.ivyservice.resolveengine.graph.DependencyGraphBuilder] Visiting dependency org.grails:grails-gsp:3.3.0(runtime) -> dependency: org.codehaus.groovy:groovy-templates:2.4.11, scope: Runtime, optional: false
09:37:03.949 [DEBUG] [org.gradle.api.internal.artifacts.ivyservice.resolveengine.graph.DependencyGraphBuilder] Visiting configuration org.springframework:spring-webmvc:4.3.9.RELEASE(runtime).
09:37:03.949 [DEBUG] [org.gradle.api.internal.artifacts.ivyservice.resolveengine.graph.DependencyGraphBuilder] Visiting dependency org.springframework:spring-webmvc:4.3.9.RELEASE(runtime) -> dependency: org.springframework:spring-aop:4.3.9.RELEASE, scope: Compile, optional: false
09:37:03.949 [DEBUG] [org.gradle.api.internal.artifacts.ivyservice.resolveengine.graph.DependencyGraphBuilder] Visiting dependency org.springframework:spring-webmvc:4.3.9.RELEASE(runtime) -> dependency: org.springframework:spring-beans:4.3.9.RELEASE, scope: Compile, optional: false
09:37:03.949 [DEBUG] [org.gradle.api.internal.artifacts.ivyservice.resolveengine.graph.DependencyGraphBuilder] Visiting dependency org.springframework:spring-webmvc:4.3.9.RELEASE(runtime) -> dependency: org.springframework:spring-context:4.3.9.RELEASE, scope: Compile, optional: false
09:37:03.949 [DEBUG] [org.gradle.api.internal.artifacts.ivyservice.resolveengine.graph.DependencyGraphBuilder] Visiting dependency org.springframework:spring-webmvc:4.3.9.RELEASE(runtime) -> dependency: org.springframework:spring-core:4.3.9.RELEASE, scope: Compile, optional: false
09:37:03.949 [DEBUG] [org.gradle.api.internal.artifacts.ivyservice.resolveengine.graph.DependencyGraphBuilder] Visiting dependency org.springframework:spring-webmvc:4.3.9.RELEASE(runtime) -> dependency: org.springframework:spring-expression:4.3.9.RELEASE, scope: Compile, optional: false
09:37:03.949 [DEBUG] [org.gradle.api.internal.artifacts.ivyservice.resolveengine.graph.DependencyGraphBuilder] Visiting dependency org.springframework:spring-webmvc:4.3.9.RELEASE(runtime) -> dependency: org.springframework:spring-web:4.3.9.RELEASE, scope: Compile, optional: false
09:37:03.950 [DEBUG] [org.gradle.api.internal.artifacts.ivyservice.resolveengine.graph.DependencyGraphBuilder] Visiting configuration org.springframework:spring-context-support:4.3.9.RELEASE(runtime).
09:37:03.950 [DEBUG] [org.gradle.api.internal.artifacts.ivyservice.resolveengine.graph.DependencyGraphBuilder] Visiting dependency org.springframework:spring-context-support:4.3.9.RELEASE(runtime) -> dependency: org.springframework:spring-beans:4.3.9.RELEASE, scope: Compile, optional: false
09:37:03.950 [DEBUG] [org.gradle.api.internal.artifacts.ivyservice.resolveengine.graph.DependencyGraphBuilder] Visiting dependency org.springframework:spring-context-support:4.3.9.RELEASE(runtime) -> dependency: org.springframework:spring-context:4.3.9.RELEASE, scope: Compile, optional: false
09:37:03.950 [DEBUG] [org.gradle.api.internal.artifacts.ivyservice.resolveengine.graph.DependencyGraphBuilder] Visiting dependency org.springframework:spring-context-support:4.3.9.RELEASE(runtime) -> dependency: org.springframework:spring-core:4.3.9.RELEASE, scope: Compile, optional: false
09:37:03.950 [DEBUG] [org.gradle.api.internal.artifacts.ivyservice.resolveengine.graph.DependencyGraphBuilder] Visiting configuration org.grails:grails-bootstrap:3.3.0(runtime).
09:37:03.950 [DEBUG] [org.gradle.api.internal.artifacts.ivyservice.resolveengine.graph.DependencyGraphBuilder] Changed edges for org.grails:grails-bootstrap:3.3.0(runtime) selects same versions as previous traversal. ignoring
09:37:03.950 [DEBUG] [org.gradle.api.internal.artifacts.ivyservice.resolveengine.graph.DependencyGraphBuilder] Visiting configuration org.grails:grails-spring:3.3.0(runtime).
09:37:03.950 [DEBUG] [org.gradle.api.internal.artifacts.ivyservice.resolveengine.graph.DependencyGraphBuilder] Changed edges for org.grails:grails-spring:3.3.0(runtime) selects same versions as previous traversal. ignoring
09:37:03.950 [DEBUG] [org.gradle.api.internal.artifacts.ivyservice.resolveengine.graph.DependencyGraphBuilder] Visiting configuration org.grails:grails-datastore-core:6.1.6.RELEASE(runtime).
09:37:03.950 [DEBUG] [org.gradle.api.internal.artifacts.ivyservice.resolveengine.graph.DependencyGraphBuilder] Changed edges for org.grails:grails-datastore-core:6.1.6.RELEASE(runtime) selects same versions as previous traversal. ignoring
09:37:03.950 [DEBUG] [org.gradle.api.internal.artifacts.ivyservice.resolveengine.graph.DependencyGraphBuilder] Visiting configuration xalan:serializer:2.7.2(runtime).
09:37:03.950 [DEBUG] [org.gradle.api.internal.artifacts.ivyservice.resolveengine.graph.DependencyGraphBuilder] Changed edges for xalan:serializer:2.7.2(runtime) selects same versions as previous traversal. ignoring
09:37:03.950 [DEBUG] [org.gradle.api.internal.artifacts.ivyservice.resolveengine.graph.DependencyGraphBuilder] Visiting configuration org.grails:grails-web-common:3.3.0(runtime).
09:37:03.950 [DEBUG] [org.gradle.api.internal.artifacts.ivyservice.resolveengine.graph.DependencyGraphBuilder] Changed edges for org.grails:grails-web-common:3.3.0(runtime) selects same versions as previous traversal. ignoring
09:37:03.950 [DEBUG] [org.gradle.api.internal.artifacts.ivyservice.resolveengine.graph.DependencyGraphBuilder] Visiting configuration org.grails:grails-web-databinding:3.3.0(runtime).
09:37:03.950 [DEBUG] [org.gradle.api.internal.artifacts.ivyservice.resolveengine.graph.DependencyGraphBuilder] Visiting dependency org.grails:grails-web-databinding:3.3.0(runtime) -> dependency: org.codehaus.groovy:groovy:2.4.11, scope: Runtime, optional: false
09:37:03.950 [DEBUG] [org.gradle.api.internal.artifacts.ivyservice.resolveengine.graph.DependencyGraphBuilder] Visiting dependency org.grails:grails-web-databinding:3.3.0(runtime) -> dependency: org.slf4j:slf4j-api:1.7.22, scope: Runtime, optional: false
09:37:03.950 [DEBUG] [org.gradle.api.internal.artifacts.ivyservice.resolveengine.graph.DependencyGraphBuilder] Visiting dependency org.grails:grails-web-databinding:3.3.0(runtime) -> dependency: org.slf4j:jcl-over-slf4j:1.7.22, scope: Runtime, optional: false
09:37:03.950 [DEBUG] [org.gradle.api.internal.artifacts.ivyservice.resolveengine.graph.DependencyGraphBuilder] Visiting dependency org.grails:grails-web-databinding:3.3.0(runtime) -> dependency: org.grails:grails-databinding:3.3.0, scope: Runtime, optional: false
09:37:03.950 [DEBUG] [org.gradle.api.internal.artifacts.ivyservice.resolveengine.graph.DependencyGraphBuilder] Visiting dependency org.grails:grails-web-databinding:3.3.0(runtime) -> dependency: org.grails:grails-web-common:3.3.0, scope: Runtime, optional: false
09:37:03.950 [DEBUG] [org.gradle.api.internal.artifacts.ivyservice.resolveengine.graph.DependencyGraphBuilder] Visiting configuration org.grails:grails-web-url-mappings:3.3.0(runtime).
09:37:03.950 [DEBUG] [org.gradle.api.internal.artifacts.ivyservice.resolveengine.graph.DependencyGraphBuilder] Visiting dependency org.grails:grails-web-url-mappings:3.3.0(runtime) -> dependency: org.codehaus.groovy:groovy:2.4.11, scope: Runtime, optional: false
09:37:03.950 [DEBUG] [org.gradle.api.internal.artifacts.ivyservice.resolveengine.graph.DependencyGraphBuilder] Visiting dependency org.grails:grails-web-url-mappings:3.3.0(runtime) -> dependency: org.slf4j:slf4j-api:1.7.22, scope: Runtime, optional: false
09:37:03.951 [DEBUG] [org.gradle.api.internal.artifacts.ivyservice.resolveengine.graph.DependencyGraphBuilder] Visiting dependency org.grails:grails-web-url-mappings:3.3.0(runtime) -> dependency: org.slf4j:jcl-over-slf4j:1.7.22, scope: Runtime, optional: false
09:37:03.951 [DEBUG] [org.gradle.api.internal.artifacts.ivyservice.resolveengine.graph.DependencyGraphBuilder] Visiting dependency org.grails:grails-web-url-mappings:3.3.0(runtime) -> dependency: org.grails:grails-web-common:3.3.0, scope: Runtime, optional: false
09:37:03.951 [DEBUG] [org.gradle.api.internal.artifacts.ivyservice.resolveengine.graph.DependencyGraphBuilder] Visiting dependency org.grails:grails-web-url-mappings:3.3.0(runtime) -> dependency: org.grails:grails-validation:3.3.0, scope: Runtime, optional: false
09:37:03.951 [DEBUG] [org.gradle.api.internal.artifacts.ivyservice.resolveengine.graph.DependencyGraphBuilder] Visiting dependency org.grails:grails-web-url-mappings:3.3.0(runtime) -> dependency: org.grails:grails-datastore-core:6.1.6.RELEASE, scope: Runtime, optional: false
09:37:03.951 [DEBUG] [org.gradle.api.internal.artifacts.ivyservice.resolveengine.graph.DependencyGraphBuilder] Visiting dependency org.grails:grails-web-url-mappings:3.3.0(runtime) -> dependency: com.googlecode.concurrentlinkedhashmap:concurrentlinkedhashmap-lru:1.4.2, scope: Runtime, optional: false
09:37:03.951 [DEBUG] [org.gradle.api.internal.artifacts.ivyservice.resolveengine.graph.DependencyGraphBuilder] Visiting configuration org.grails:grails-web-mvc:3.3.0(runtime).
09:37:03.951 [DEBUG] [org.gradle.api.internal.artifacts.ivyservice.resolveengine.graph.DependencyGraphBuilder] Visiting dependency org.grails:grails-web-mvc:3.3.0(runtime) -> dependency: org.codehaus.groovy:groovy:2.4.11, scope: Runtime, optional: false
09:37:03.951 [DEBUG] [org.gradle.api.internal.artifacts.ivyservice.resolveengine.graph.DependencyGraphBuilder] Visiting dependency org.grails:grails-web-mvc:3.3.0(runtime) -> dependency: org.slf4j:slf4j-api:1.7.22, scope: Runtime, optional: false
09:37:03.951 [DEBUG] [org.gradle.api.internal.artifacts.ivyservice.resolveengine.graph.DependencyGraphBuilder] Visiting dependency org.grails:grails-web-mvc:3.3.0(runtime) -> dependency: org.slf4j:jcl-over-slf4j:1.7.22, scope: Runtime, optional: false
09:37:03.951 [DEBUG] [org.gradle.api.internal.artifacts.ivyservice.resolveengine.graph.DependencyGraphBuilder] Visiting dependency org.grails:grails-web-mvc:3.3.0(runtime) -> dependency: org.grails:grails-web-common:3.3.0, scope: Runtime, optional: false
09:37:03.951 [DEBUG] [org.gradle.api.internal.artifacts.ivyservice.resolveengine.graph.DependencyGraphBuilder] Visiting dependency org.grails:grails-web-mvc:3.3.0(runtime) -> dependency: org.grails:grails-web-url-mappings:3.3.0, scope: Runtime, optional: false
09:37:03.951 [DEBUG] [org.gradle.api.internal.artifacts.ivyservice.resolveengine.graph.DependencyGraphBuilder] Visiting dependency org.grails:grails-web-mvc:3.3.0(runtime) -> dependency: org.grails:grails-web-sitemesh:3.3.0, scope: Runtime, optional: false
09:37:03.951 [DEBUG] [org.gradle.api.internal.artifacts.ivyservice.resolveengine.graph.DependencyGraphBuilder] Visiting configuration org.grails:grails-web-gsp:3.3.0(runtime).
09:37:03.951 [DEBUG] [org.gradle.api.internal.artifacts.ivyservice.resolveengine.graph.DependencyGraphBuilder] Visiting dependency org.grails:grails-web-gsp:3.3.0(runtime) -> dependency: org.codehaus.groovy:groovy:2.4.11, scope: Runtime, optional: false
09:37:03.952 [DEBUG] [org.gradle.api.internal.artifacts.ivyservice.resolveengine.graph.DependencyGraphBuilder] Visiting dependency org.grails:grails-web-gsp:3.3.0(runtime) -> dependency: org.slf4j:slf4j-api:1.7.22, scope: Runtime, optional: false
09:37:03.952 [DEBUG] [org.gradle.api.internal.artifacts.ivyservice.resolveengine.graph.DependencyGraphBuilder] Visiting dependency org.grails:grails-web-gsp:3.3.0(runtime) -> dependency: org.grails:grails-gsp:3.3.0, scope: Runtime, optional: false
09:37:03.952 [DEBUG] [org.gradle.api.internal.artifacts.ivyservice.resolveengine.graph.DependencyGraphBuilder] Visiting dependency org.grails:grails-web-gsp:3.3.0(runtime) -> dependency: org.grails:grails-web-common:3.2.10, scope: Runtime, optional: false
09:37:03.952 [DEBUG] [org.gradle.api.internal.artifacts.ivyservice.resolveengine.graph.DependencyGraphBuilder] Visiting dependency org.grails:grails-web-gsp:3.3.0(runtime) -> dependency: org.grails:grails-web-taglib:3.3.0, scope: Runtime, optional: false
09:37:03.952 [DEBUG] [io.spring.gradle.dependencymanagement.internal.VersionConfiguringAction] Processing dependency 'org.grails:grails-web-taglib:3.3.0'
09:37:03.952 [DEBUG] [io.spring.gradle.dependencymanagement.internal.VersionConfiguringAction] No dependency management for dependency 'org.grails:grails-web-taglib:3.3.0'
09:37:03.952 [DEBUG] [org.gradle.api.internal.artifacts.ivyservice.resolveengine.graph.DependencyGraphBuilder] Selecting new module version org.grails:grails-web-taglib:3.3.0
09:37:03.952 [DEBUG] [org.gradle.api.internal.artifacts.ivyservice.ivyresolve.RepositoryChainComponentMetaDataResolver] Attempting to resolve component for org.grails:grails-web-taglib:3.3.0 using repositories [MavenLocal, maven, maven2, maven3]
09:37:03.952 [DEBUG] [org.gradle.api.internal.artifacts.ivyservice.ivyresolve.RepositoryChainComponentMetaDataResolver] Using org.grails:grails-web-taglib:3.3.0 from Maven repository 'maven'
09:37:03.954 [DEBUG] [org.gradle.api.internal.artifacts.ivyservice.resolveengine.graph.DependencyGraphBuilder] Visiting dependency org.grails:grails-web-gsp:3.3.0(runtime) -> dependency: org.grails:grails-web-sitemesh:3.3.0, scope: Runtime, optional: false
09:37:03.954 [DEBUG] [org.gradle.api.internal.artifacts.ivyservice.resolveengine.graph.DependencyGraphBuilder] Visiting configuration org.grails:grails-web-sitemesh:3.3.0(runtime).
09:37:03.955 [DEBUG] [org.gradle.api.internal.artifacts.ivyservice.resolveengine.graph.DependencyGraphBuilder] Visiting dependency org.grails:grails-web-sitemesh:3.3.0(runtime) -> dependency: org.codehaus.groovy:groovy:2.4.11, scope: Runtime, optional: false
09:37:03.955 [DEBUG] [org.gradle.api.internal.artifacts.ivyservice.resolveengine.graph.DependencyGraphBuilder] Visiting dependency org.grails:grails-web-sitemesh:3.3.0(runtime) -> dependency: org.slf4j:slf4j-api:1.7.22, scope: Runtime, optional: false
09:37:03.955 [DEBUG] [org.gradle.api.internal.artifacts.ivyservice.resolveengine.graph.DependencyGraphBuilder] Visiting dependency org.grails:grails-web-sitemesh:3.3.0(runtime) -> dependency: org.grails:grails-web-common:3.2.10, scope: Runtime, optional: false
09:37:03.955 [DEBUG] [org.gradle.api.internal.artifacts.ivyservice.resolveengine.graph.DependencyGraphBuilder] Visiting dependency org.grails:grails-web-sitemesh:3.3.0(runtime) -> dependency: opensymphony:sitemesh:2.4, scope: Runtime, optional: false
09:37:03.955 [DEBUG] [io.spring.gradle.dependencymanagement.internal.VersionConfiguringAction] Processing dependency 'opensymphony:sitemesh:2.4'
09:37:03.955 [DEBUG] [io.spring.gradle.dependencymanagement.internal.VersionConfiguringAction] No dependency management for dependency 'opensymphony:sitemesh:2.4'
09:37:03.955 [DEBUG] [org.gradle.api.internal.artifacts.ivyservice.resolveengine.graph.DependencyGraphBuilder] Selecting new module version opensymphony:sitemesh:2.4
09:37:03.955 [DEBUG] [org.gradle.api.internal.artifacts.ivyservice.ivyresolve.RepositoryChainComponentMetaDataResolver] Attempting to resolve component for opensymphony:sitemesh:2.4 using repositories [MavenLocal, maven, maven2, maven3]
09:37:03.955 [DEBUG] [org.gradle.api.internal.artifacts.ivyservice.ivyresolve.RepositoryChainComponentMetaDataResolver] Using opensymphony:sitemesh:2.4 from Maven repository 'maven'
09:37:03.955 [DEBUG] [org.gradle.api.internal.artifacts.ivyservice.resolveengine.graph.DependencyGraphBuilder] Visiting configuration org.grails:grails-core:3.3.0(runtime).
09:37:03.955 [DEBUG] [org.gradle.api.internal.artifacts.ivyservice.resolveengine.graph.DependencyGraphBuilder] Changed edges for org.grails:grails-core:3.3.0(runtime) selects same versions as previous traversal. ignoring
09:37:03.955 [DEBUG] [org.gradle.api.internal.artifacts.ivyservice.resolveengine.graph.DependencyGraphBuilder] Visiting configuration org.grails:grails-web:3.3.0(runtime).
09:37:03.955 [DEBUG] [org.gradle.api.internal.artifacts.ivyservice.resolveengine.graph.DependencyGraphBuilder] Changed edges for org.grails:grails-web:3.3.0(runtime) selects same versions as previous traversal. ignoring
09:37:03.955 [DEBUG] [org.gradle.api.internal.artifacts.ivyservice.resolveengine.graph.DependencyGraphBuilder] Visiting configuration org.grails:grails-plugin-mimetypes:3.3.0(runtime).
09:37:03.955 [DEBUG] [org.gradle.api.internal.artifacts.ivyservice.resolveengine.graph.DependencyGraphBuilder] Visiting dependency org.grails:grails-plugin-mimetypes:3.3.0(runtime) -> dependency: org.codehaus.groovy:groovy:2.4.11, scope: Runtime, optional: false
09:37:03.955 [DEBUG] [org.gradle.api.internal.artifacts.ivyservice.resolveengine.graph.DependencyGraphBuilder] Visiting dependency org.grails:grails-plugin-mimetypes:3.3.0(runtime) -> dependency: org.slf4j:slf4j-api:1.7.22, scope: Runtime, optional: false
09:37:03.955 [DEBUG] [org.gradle.api.internal.artifacts.ivyservice.resolveengine.graph.DependencyGraphBuilder] Visiting dependency org.grails:grails-plugin-mimetypes:3.3.0(runtime) -> dependency: org.slf4j:jcl-over-slf4j:1.7.22, scope: Runtime, optional: false
09:37:03.955 [DEBUG] [org.gradle.api.internal.artifacts.ivyservice.resolveengine.graph.DependencyGraphBuilder] Visiting dependency org.grails:grails-plugin-mimetypes:3.3.0(runtime) -> dependency: org.grails:grails-web:3.3.0, scope: Runtime, optional: false
09:37:03.955 [DEBUG] [org.gradle.api.internal.artifacts.ivyservice.resolveengine.graph.DependencyGraphBuilder] Visiting configuration org.grails:grails-plugin-validation:3.3.0(runtime).
09:37:03.956 [DEBUG] [org.gradle.api.internal.artifacts.ivyservice.resolveengine.graph.DependencyGraphBuilder] Visiting dependency org.grails:grails-plugin-validation:3.3.0(runtime) -> dependency: org.codehaus.groovy:groovy:2.4.11, scope: Runtime, optional: false
09:37:03.956 [DEBUG] [org.gradle.api.internal.artifacts.ivyservice.resolveengine.graph.DependencyGraphBuilder] Visiting dependency org.grails:grails-plugin-validation:3.3.0(runtime) -> dependency: org.slf4j:slf4j-api:1.7.22, scope: Runtime, optional: false
09:37:03.956 [DEBUG] [org.gradle.api.internal.artifacts.ivyservice.resolveengine.graph.DependencyGraphBuilder] Visiting dependency org.grails:grails-plugin-validation:3.3.0(runtime) -> dependency: org.slf4j:jcl-over-slf4j:1.7.22, scope: Runtime, optional: false
09:37:03.956 [DEBUG] [org.gradle.api.internal.artifacts.ivyservice.resolveengine.graph.DependencyGraphBuilder] Visiting dependency org.grails:grails-plugin-validation:3.3.0(runtime) -> dependency: org.grails:grails-core:3.3.0, scope: Runtime, optional: false
09:37:03.956 [DEBUG] [org.gradle.api.internal.artifacts.ivyservice.resolveengine.graph.DependencyGraphBuilder] Visiting dependency org.grails:grails-plugin-validation:3.3.0(runtime) -> dependency: org.grails:grails-web:3.3.0, scope: Runtime, optional: false
09:37:03.956 [DEBUG] [org.gradle.api.internal.artifacts.ivyservice.resolveengine.graph.DependencyGraphBuilder] Visiting dependency org.grails:grails-plugin-validation:3.3.0(runtime) -> dependency: org.grails:grails-plugin-domain-class:3.3.0, scope: Runtime, optional: false
09:37:03.956 [DEBUG] [org.gradle.api.internal.artifacts.ivyservice.resolveengine.graph.DependencyGraphBuilder] Visiting configuration org.grails:grails-plugin-domain-class:3.3.0(runtime).
09:37:03.956 [DEBUG] [org.gradle.api.internal.artifacts.ivyservice.resolveengine.graph.DependencyGraphBuilder] Visiting dependency org.grails:grails-plugin-domain-class:3.3.0(runtime) -> dependency: org.codehaus.groovy:groovy:2.4.11, scope: Runtime, optional: false
09:37:03.956 [DEBUG] [org.gradle.api.internal.artifacts.ivyservice.resolveengine.graph.DependencyGraphBuilder] Visiting dependency org.grails:grails-plugin-domain-class:3.3.0(runtime) -> dependency: org.slf4j:slf4j-api:1.7.22, scope: Runtime, optional: false
09:37:03.956 [DEBUG] [org.gradle.api.internal.artifacts.ivyservice.resolveengine.graph.DependencyGraphBuilder] Visiting dependency org.grails:grails-plugin-domain-class:3.3.0(runtime) -> dependency: org.slf4j:jcl-over-slf4j:1.7.22, scope: Runtime, optional: false
09:37:03.956 [DEBUG] [org.gradle.api.internal.artifacts.ivyservice.resolveengine.graph.DependencyGraphBuilder] Visiting dependency org.grails:grails-plugin-domain-class:3.3.0(runtime) -> dependency: org.grails:grails-core:3.3.0, scope: Runtime, optional: false
09:37:03.957 [DEBUG] [org.gradle.api.internal.artifacts.ivyservice.resolveengine.graph.DependencyGraphBuilder] Visiting dependency org.grails:grails-plugin-domain-class:3.3.0(runtime) -> dependency: org.grails:grails-spring:3.3.0, scope: Runtime, optional: false
09:37:03.957 [DEBUG] [org.gradle.api.internal.artifacts.ivyservice.resolveengine.graph.DependencyGraphBuilder] Visiting dependency org.grails:grails-plugin-domain-class:3.3.0(runtime) -> dependency: org.grails:grails-validation:3.3.0, scope: Runtime, optional: false
09:37:03.957 [DEBUG] [org.gradle.api.internal.artifacts.ivyservice.resolveengine.graph.DependencyGraphBuilder] Visiting dependency org.grails:grails-plugin-domain-class:3.3.0(runtime) -> dependency: org.grails:grails-datastore-gorm-validation:6.1.6.RELEASE, scope: Runtime, optional: false
09:37:03.957 [DEBUG] [org.gradle.api.internal.artifacts.ivyservice.resolveengine.graph.DependencyGraphBuilder] Visiting dependency org.grails:grails-plugin-domain-class:3.3.0(runtime) -> dependency: org.grails:grails-datastore-gorm:6.1.6.RELEASE, scope: Runtime, optional: false
09:37:03.957 [DEBUG] [org.gradle.api.internal.artifacts.ivyservice.resolveengine.graph.DependencyGraphBuilder] Visiting dependency org.grails:grails-plugin-domain-class:3.3.0(runtime) -> dependency: org.grails:grails-datastore-gorm-support:6.1.6.RELEASE, scope: Runtime, optional: false
09:37:03.957 [DEBUG] [org.gradle.api.internal.artifacts.ivyservice.resolveengine.graph.DependencyGraphBuilder] Visiting dependency org.grails:grails-plugin-domain-class:3.3.0(runtime) -> dependency: org.grails:grails-datastore-core:6.1.6.RELEASE, scope: Runtime, optional: false
09:37:03.957 [DEBUG] [org.gradle.api.internal.artifacts.ivyservice.resolveengine.graph.DependencyGraphBuilder] Visiting configuration org.grails:grails-plugin-i18n:3.3.0(runtime).
09:37:03.957 [DEBUG] [org.gradle.api.internal.artifacts.ivyservice.resolveengine.graph.DependencyGraphBuilder] Visiting dependency org.grails:grails-plugin-i18n:3.3.0(runtime) -> dependency: org.codehaus.groovy:groovy:2.4.11, scope: Runtime, optional: false
09:37:03.957 [DEBUG] [org.gradle.api.internal.artifacts.ivyservice.resolveengine.graph.DependencyGraphBuilder] Visiting dependency org.grails:grails-plugin-i18n:3.3.0(runtime) -> dependency: org.slf4j:slf4j-api:1.7.22, scope: Runtime, optional: false
09:37:03.957 [DEBUG] [org.gradle.api.internal.artifacts.ivyservice.resolveengine.graph.DependencyGraphBuilder] Visiting dependency org.grails:grails-plugin-i18n:3.3.0(runtime) -> dependency: org.slf4j:jcl-over-slf4j:1.7.22, scope: Runtime, optional: false
09:37:03.957 [DEBUG] [org.gradle.api.internal.artifacts.ivyservice.resolveengine.graph.DependencyGraphBuilder] Visiting dependency org.grails:grails-plugin-i18n:3.3.0(runtime) -> dependency: org.grails:grails-web:3.3.0, scope: Runtime, optional: false
09:37:03.957 [DEBUG] [org.gradle.api.internal.artifacts.ivyservice.resolveengine.graph.DependencyGraphBuilder] Visiting configuration org.springframework:spring-jdbc:4.3.9.RELEASE(runtime).
09:37:03.957 [DEBUG] [org.gradle.api.internal.artifacts.ivyservice.resolveengine.graph.DependencyGraphBuilder] Visiting dependency org.springframework:spring-jdbc:4.3.9.RELEASE(runtime) -> dependency: org.springframework:spring-beans:4.3.9.RELEASE, scope: Compile, optional: false
09:37:03.957 [DEBUG] [org.gradle.api.internal.artifacts.ivyservice.resolveengine.graph.DependencyGraphBuilder] Visiting dependency org.springframework:spring-jdbc:4.3.9.RELEASE(runtime) -> dependency: org.springframework:spring-core:4.3.9.RELEASE, scope: Compile, optional: false
09:37:03.957 [DEBUG] [org.gradle.api.internal.artifacts.ivyservice.resolveengine.graph.DependencyGraphBuilder] Visiting dependency org.springframework:spring-jdbc:4.3.9.RELEASE(runtime) -> dependency: org.springframework:spring-tx:4.3.9.RELEASE, scope: Compile, optional: false
09:37:03.957 [DEBUG] [org.gradle.api.internal.artifacts.ivyservice.resolveengine.graph.DependencyGraphBuilder] Visiting configuration org.codehaus.groovy:groovy-sql:2.4.11(runtime).
09:37:03.957 [DEBUG] [org.gradle.api.internal.artifacts.ivyservice.resolveengine.graph.DependencyGraphBuilder] Visiting dependency org.codehaus.groovy:groovy-sql:2.4.11(runtime) -> dependency: org.codehaus.groovy:groovy:2.4.11, scope: Compile, optional: false
09:37:03.958 [DEBUG] [org.gradle.api.internal.artifacts.ivyservice.resolveengine.graph.DependencyGraphBuilder] Visiting configuration org.grails:grails-datastore-gorm:6.1.6.RELEASE(runtime).
09:37:03.958 [DEBUG] [org.gradle.api.internal.artifacts.ivyservice.resolveengine.graph.DependencyGraphBuilder] Visiting dependency org.grails:grails-datastore-gorm:6.1.6.RELEASE(runtime) -> dependency: org.codehaus.groovy:groovy:2.4.11, scope: Runtime, optional: false
09:37:03.958 [DEBUG] [org.gradle.api.internal.artifacts.ivyservice.resolveengine.graph.DependencyGraphBuilder] Visiting dependency org.grails:grails-datastore-gorm:6.1.6.RELEASE(runtime) -> dependency: org.grails:grails-datastore-core:6.1.6.RELEASE, scope: Runtime, optional: false
09:37:03.958 [DEBUG] [org.gradle.api.internal.artifacts.ivyservice.resolveengine.graph.DependencyGraphBuilder] Visiting dependency org.grails:grails-datastore-gorm:6.1.6.RELEASE(runtime) -> dependency: org.grails:grails-datastore-gorm-validation:6.1.6.RELEASE, scope: Runtime, optional: false
09:37:03.958 [DEBUG] [org.gradle.api.internal.artifacts.ivyservice.resolveengine.graph.DependencyGraphBuilder] Visiting dependency org.grails:grails-datastore-gorm:6.1.6.RELEASE(runtime) -> dependency: org.slf4j:slf4j-api:1.7.22, scope: Runtime, optional: false
09:37:03.958 [DEBUG] [org.gradle.api.internal.artifacts.ivyservice.resolveengine.graph.DependencyGraphBuilder] Visiting configuration org.apache.tomcat.embed:tomcat-embed-logging-log4j:8.5.2(runtime).
09:37:03.958 [DEBUG] [org.gradle.api.internal.artifacts.ivyservice.resolveengine.graph.DependencyGraphBuilder] Visiting configuration org.grails:grails-datastore-gorm-validation:6.1.6.RELEASE(runtime).
09:37:03.958 [DEBUG] [org.gradle.api.internal.artifacts.ivyservice.resolveengine.graph.DependencyGraphBuilder] Visiting dependency org.grails:grails-datastore-gorm-validation:6.1.6.RELEASE(runtime) -> dependency: org.codehaus.groovy:groovy:2.4.11, scope: Runtime, optional: false
09:37:03.958 [DEBUG] [org.gradle.api.internal.artifacts.ivyservice.resolveengine.graph.DependencyGraphBuilder] Visiting dependency org.grails:grails-datastore-gorm-validation:6.1.6.RELEASE(runtime) -> dependency: org.grails:grails-datastore-core:6.1.6.RELEASE, scope: Runtime, optional: false
09:37:03.958 [DEBUG] [org.gradle.api.internal.artifacts.ivyservice.resolveengine.graph.DependencyGraphBuilder] Visiting dependency org.grails:grails-datastore-gorm-validation:6.1.6.RELEASE(runtime) -> dependency: commons-validator:commons-validator:1.5.1, scope: Runtime, optional: false
09:37:03.958 [DEBUG] [io.spring.gradle.dependencymanagement.internal.VersionConfiguringAction] Processing dependency 'commons-validator:commons-validator:1.5.1'
09:37:03.958 [DEBUG] [io.spring.gradle.dependencymanagement.internal.VersionConfiguringAction] No dependency management for dependency 'commons-validator:commons-validator:1.5.1'
09:37:03.958 [DEBUG] [org.gradle.api.internal.artifacts.ivyservice.resolveengine.graph.DependencyGraphBuilder] Selecting new module version commons-validator:commons-validator:1.5.1
09:37:03.958 [DEBUG] [org.gradle.api.internal.artifacts.ivyservice.ivyresolve.RepositoryChainComponentMetaDataResolver] Attempting to resolve component for commons-validator:commons-validator:1.5.1 using repositories [MavenLocal, maven, maven2, maven3]
09:37:03.958 [DEBUG] [org.gradle.api.internal.artifacts.ivyservice.ivyresolve.RepositoryChainComponentMetaDataResolver] Using commons-validator:commons-validator:1.5.1 from Maven repository 'maven'
09:37:03.958 [DEBUG] [org.gradle.api.internal.artifacts.ivyservice.resolveengine.graph.DependencyGraphBuilder] Visiting configuration org.grails:grails-plugin-controllers:3.3.0(runtime).
09:37:03.958 [DEBUG] [org.gradle.api.internal.artifacts.ivyservice.resolveengine.graph.DependencyGraphBuilder] Changed edges for org.grails:grails-plugin-controllers:3.3.0(runtime) selects same versions as previous traversal. ignoring
09:37:03.958 [DEBUG] [org.gradle.api.internal.artifacts.ivyservice.resolveengine.graph.DependencyGraphBuilder] Visiting configuration org.grails:grails-validation:3.3.0(runtime).
09:37:03.958 [DEBUG] [org.gradle.api.internal.artifacts.ivyservice.resolveengine.graph.DependencyGraphBuilder] Changed edges for org.grails:grails-validation:3.3.0(runtime) selects same versions as previous traversal. ignoring
09:37:03.958 [DEBUG] [org.gradle.api.internal.artifacts.ivyservice.resolveengine.graph.DependencyGraphBuilder] Visiting configuration org.grails:grails-events:3.3.0(runtime).
09:37:03.958 [DEBUG] [org.gradle.api.internal.artifacts.ivyservice.resolveengine.graph.DependencyGraphBuilder] Changed edges for org.grails:grails-events:3.3.0(runtime) selects same versions as previous traversal. ignoring
09:37:03.959 [DEBUG] [org.gradle.api.internal.artifacts.ivyservice.resolveengine.graph.DependencyGraphBuilder] Visiting configuration org.grails:grails-events-transform:3.3.0(runtime).
09:37:03.959 [DEBUG] [org.gradle.api.internal.artifacts.ivyservice.resolveengine.graph.DependencyGraphBuilder] Changed edges for org.grails:grails-events-transform:3.3.0(runtime) selects same versions as previous traversal. ignoring
09:37:03.959 [DEBUG] [org.gradle.api.internal.artifacts.ivyservice.resolveengine.graph.DependencyGraphBuilder] Visiting configuration org.javassist:javassist:3.21.0-GA(runtime).
09:37:03.959 [DEBUG] [org.gradle.api.internal.artifacts.ivyservice.resolveengine.graph.DependencyGraphBuilder] Changed edges for org.javassist:javassist:3.21.0-GA(runtime) selects same versions as previous traversal. ignoring
09:37:03.959 [DEBUG] [org.gradle.api.internal.artifacts.ivyservice.resolveengine.graph.DependencyGraphBuilder] Visiting configuration org.springframework:spring-web:4.3.9.RELEASE(runtime).
09:37:03.959 [DEBUG] [org.gradle.api.internal.artifacts.ivyservice.resolveengine.graph.DependencyGraphBuilder] Visiting dependency org.springframework:spring-web:4.3.9.RELEASE(runtime) -> dependency: org.springframework:spring-aop:4.3.9.RELEASE, scope: Compile, optional: false
09:37:03.959 [DEBUG] [org.gradle.api.internal.artifacts.ivyservice.resolveengine.graph.DependencyGraphBuilder] Visiting dependency org.springframework:spring-web:4.3.9.RELEASE(runtime) -> dependency: org.springframework:spring-beans:4.3.9.RELEASE, scope: Compile, optional: false
09:37:03.959 [DEBUG] [org.gradle.api.internal.artifacts.ivyservice.resolveengine.graph.DependencyGraphBuilder] Visiting dependency org.springframework:spring-web:4.3.9.RELEASE(runtime) -> dependency: org.springframework:spring-context:4.3.9.RELEASE, scope: Compile, optional: false
09:37:03.959 [DEBUG] [org.gradle.api.internal.artifacts.ivyservice.resolveengine.graph.DependencyGraphBuilder] Visiting dependency org.springframework:spring-web:4.3.9.RELEASE(runtime) -> dependency: org.springframework:spring-core:4.3.9.RELEASE, scope: Compile, optional: false
09:37:03.959 [DEBUG] [org.gradle.api.internal.artifacts.ivyservice.resolveengine.graph.DependencyGraphBuilder] Visiting configuration org.grails:grails-datastore-gorm-hibernate-core:6.1.6.RELEASE(runtime).
09:37:03.959 [DEBUG] [org.gradle.api.internal.artifacts.ivyservice.resolveengine.graph.DependencyGraphBuilder] javax.transaction:jta is excluded from org.grails:grails-datastore-gorm-hibernate-core:6.1.6.RELEASE(runtime).
09:37:03.959 [DEBUG] [org.gradle.api.internal.artifacts.ivyservice.resolveengine.graph.DependencyGraphBuilder] Visiting dependency org.grails:grails-datastore-gorm-hibernate-core:6.1.6.RELEASE(runtime) -> dependency: org.codehaus.groovy:groovy:2.4.11, scope: Runtime, optional: false
09:37:03.959 [DEBUG] [org.gradle.api.internal.artifacts.ivyservice.resolveengine.graph.DependencyGraphBuilder] Visiting dependency org.grails:grails-datastore-gorm-hibernate-core:6.1.6.RELEASE(runtime) -> dependency: org.grails:grails-datastore-gorm:6.1.6.RELEASE, scope: Runtime, optional: false
09:37:03.959 [DEBUG] [org.gradle.api.internal.artifacts.ivyservice.resolveengine.graph.DependencyGraphBuilder] Visiting dependency org.grails:grails-datastore-gorm-hibernate-core:6.1.6.RELEASE(runtime) -> dependency: org.grails:grails-datastore-core:6.1.6.RELEASE, scope: Runtime, optional: false
09:37:03.959 [DEBUG] [org.gradle.api.internal.artifacts.ivyservice.resolveengine.graph.DependencyGraphBuilder] Visiting dependency org.grails:grails-datastore-gorm-hibernate-core:6.1.6.RELEASE(runtime) -> dependency: org.springframework:spring-jdbc:4.3.9.RELEASE, scope: Runtime, optional: false
09:37:03.960 [DEBUG] [org.gradle.api.internal.artifacts.ivyservice.resolveengine.graph.DependencyGraphBuilder] Visiting dependency org.grails:grails-datastore-gorm-hibernate-core:6.1.6.RELEASE(runtime) -> dependency: org.springframework:spring-orm:4.3.9.RELEASE, scope: Runtime, optional: false
09:37:03.960 [DEBUG] [org.gradle.api.internal.artifacts.ivyservice.resolveengine.graph.DependencyGraphBuilder] Visiting dependency org.grails:grails-datastore-gorm-hibernate-core:6.1.6.RELEASE(runtime) -> dependency: org.javassist:javassist:3.21.0-GA, scope: Runtime, optional: false
09:37:03.960 [DEBUG] [org.gradle.api.internal.artifacts.ivyservice.resolveengine.graph.DependencyGraphBuilder] Visiting configuration org.hibernate:hibernate-core:5.1.5.Final(runtime).
09:37:03.960 [DEBUG] [org.gradle.api.internal.artifacts.ivyservice.resolveengine.graph.DependencyGraphBuilder] Changed edges for org.hibernate:hibernate-core:5.1.5.Final(runtime) selects same versions as previous traversal. ignoring
09:37:03.960 [DEBUG] [org.gradle.api.internal.artifacts.ivyservice.resolveengine.graph.DependencyGraphBuilder] Visiting configuration org.hibernate:hibernate-validator:5.3.5.Final(runtime).
09:37:03.960 [DEBUG] [org.gradle.api.internal.artifacts.ivyservice.resolveengine.graph.DependencyGraphBuilder] Visiting dependency org.hibernate:hibernate-validator:5.3.5.Final(runtime) -> dependency: javax.validation:validation-api:1.1.0.Final, scope: Compile, optional: false
09:37:03.960 [DEBUG] [io.spring.gradle.dependencymanagement.internal.VersionConfiguringAction] Processing dependency 'javax.validation:validation-api:1.1.0.Final'
09:37:03.960 [DEBUG] [io.spring.gradle.dependencymanagement.internal.DependencyManagementContainer] Found managed version '1.1.0.Final' for dependency 'javax.validation:validation-api' in global dependency management
09:37:03.960 [DEBUG] [io.spring.gradle.dependencymanagement.internal.VersionConfiguringAction] Using version '1.1.0.Final' for dependency 'javax.validation:validation-api:1.1.0.Final'
09:37:03.960 [DEBUG] [org.gradle.api.internal.artifacts.ivyservice.resolveengine.graph.DependencyGraphBuilder] Selecting new module version javax.validation:validation-api:1.1.0.Final
09:37:03.960 [DEBUG] [org.gradle.api.internal.artifacts.ivyservice.ivyresolve.RepositoryChainComponentMetaDataResolver] Attempting to resolve component for javax.validation:validation-api:1.1.0.Final using repositories [MavenLocal, maven, maven2, maven3]
09:37:03.960 [DEBUG] [org.gradle.api.internal.artifacts.ivyservice.ivyresolve.RepositoryChainComponentMetaDataResolver] Using javax.validation:validation-api:1.1.0.Final from Maven repository 'MavenLocal'
09:37:03.960 [DEBUG] [org.gradle.api.internal.artifacts.ivyservice.resolveengine.graph.DependencyGraphBuilder] Visiting dependency org.hibernate:hibernate-validator:5.3.5.Final(runtime) -> dependency: org.jboss.logging:jboss-logging:3.3.0.Final, scope: Compile, optional: false
09:37:03.960 [DEBUG] [org.gradle.api.internal.artifacts.ivyservice.resolveengine.graph.DependencyGraphBuilder] Visiting dependency org.hibernate:hibernate-validator:5.3.5.Final(runtime) -> dependency: com.fasterxml:classmate:1.3.1, scope: Compile, optional: false
09:37:03.961 [DEBUG] [io.spring.gradle.dependencymanagement.internal.VersionConfiguringAction] Processing dependency 'com.fasterxml:classmate:1.3.1'
09:37:03.961 [DEBUG] [io.spring.gradle.dependencymanagement.internal.DependencyManagementContainer] Found managed version '1.3.3' for dependency 'com.fasterxml:classmate' in global dependency management
09:37:03.961 [DEBUG] [io.spring.gradle.dependencymanagement.internal.VersionConfiguringAction] Using version '1.3.3' for dependency 'com.fasterxml:classmate:1.3.1'
09:37:03.961 [DEBUG] [org.gradle.api.internal.artifacts.ivyservice.resolveengine.graph.DependencyGraphBuilder] Visiting configuration javax.el:javax.el-api:2.2.4(runtime).
09:37:03.961 [DEBUG] [org.gradle.api.internal.artifacts.ivyservice.resolveengine.graph.DependencyGraphBuilder] Visiting configuration xml-apis:xml-apis:1.4.01(runtime).
09:37:03.961 [DEBUG] [org.gradle.api.internal.artifacts.ivyservice.resolveengine.graph.DependencyGraphBuilder] Visiting configuration org.jboss.logging:jboss-logging:3.3.1.Final(runtime).
09:37:03.961 [DEBUG] [org.gradle.api.internal.artifacts.ivyservice.resolveengine.graph.DependencyGraphBuilder] Changed edges for org.jboss.logging:jboss-logging:3.3.1.Final(runtime) selects same versions as previous traversal. ignoring
09:37:03.961 [DEBUG] [org.gradle.api.internal.artifacts.ivyservice.resolveengine.graph.DependencyGraphBuilder] Visiting configuration org.grails:grails-web-jsp:3.3.0(runtime).
09:37:03.961 [DEBUG] [org.gradle.api.internal.artifacts.ivyservice.resolveengine.graph.DependencyGraphBuilder] Changed edges for org.grails:grails-web-jsp:3.3.0(runtime) selects same versions as previous traversal. ignoring
09:37:03.961 [DEBUG] [org.gradle.api.internal.artifacts.ivyservice.resolveengine.graph.DependencyGraphBuilder] Visiting configuration org.grails:grails-codecs:3.3.0(runtime).
09:37:03.961 [DEBUG] [org.gradle.api.internal.artifacts.ivyservice.resolveengine.graph.DependencyGraphBuilder] Visiting dependency org.grails:grails-codecs:3.3.0(runtime) -> dependency: org.codehaus.groovy:groovy:2.4.11, scope: Runtime, optional: false
09:37:03.961 [DEBUG] [org.gradle.api.internal.artifacts.ivyservice.resolveengine.graph.DependencyGraphBuilder] Visiting dependency org.grails:grails-codecs:3.3.0(runtime) -> dependency: org.slf4j:slf4j-api:1.7.22, scope: Runtime, optional: false
09:37:03.961 [DEBUG] [org.gradle.api.internal.artifacts.ivyservice.resolveengine.graph.DependencyGraphBuilder] Visiting dependency org.grails:grails-codecs:3.3.0(runtime) -> dependency: org.slf4j:jcl-over-slf4j:1.7.22, scope: Runtime, optional: false
09:37:03.961 [DEBUG] [org.gradle.api.internal.artifacts.ivyservice.resolveengine.graph.DependencyGraphBuilder] Visiting dependency org.grails:grails-codecs:3.3.0(runtime) -> dependency: commons-codec:commons-codec:1.10, scope: Runtime, optional: false
09:37:03.961 [DEBUG] [io.spring.gradle.dependencymanagement.internal.VersionConfiguringAction] Processing dependency 'commons-codec:commons-codec:1.10'
09:37:03.961 [DEBUG] [io.spring.gradle.dependencymanagement.internal.DependencyManagementContainer] Found managed version '1.10' for dependency 'commons-codec:commons-codec' in global dependency management
09:37:03.961 [DEBUG] [io.spring.gradle.dependencymanagement.internal.VersionConfiguringAction] Using version '1.10' for dependency 'commons-codec:commons-codec:1.10'
09:37:03.962 [DEBUG] [org.gradle.api.internal.artifacts.ivyservice.resolveengine.graph.DependencyGraphBuilder] Selecting new module version commons-codec:commons-codec:1.10
09:37:03.962 [DEBUG] [org.gradle.api.internal.artifacts.ivyservice.ivyresolve.RepositoryChainComponentMetaDataResolver] Attempting to resolve component for commons-codec:commons-codec:1.10 using repositories [MavenLocal, maven, maven2, maven3]
09:37:03.962 [DEBUG] [org.gradle.api.internal.artifacts.ivyservice.ivyresolve.RepositoryChainComponentMetaDataResolver] Using commons-codec:commons-codec:1.10 from Maven repository 'MavenLocal'
09:37:03.962 [DEBUG] [org.gradle.api.internal.artifacts.ivyservice.resolveengine.graph.DependencyGraphBuilder] Visiting configuration org.springframework:spring-core:4.3.9.RELEASE(runtime).
09:37:03.962 [DEBUG] [org.gradle.api.internal.artifacts.ivyservice.resolveengine.graph.DependencyGraphBuilder] Changed edges for org.springframework:spring-core:4.3.9.RELEASE(runtime) selects same versions as previous traversal. ignoring
09:37:03.962 [DEBUG] [org.gradle.api.internal.artifacts.ivyservice.resolveengine.graph.DependencyGraphBuilder] Visiting configuration org.codehaus.groovy:groovy:2.4.11(runtime).
09:37:03.962 [DEBUG] [org.gradle.api.internal.artifacts.ivyservice.resolveengine.graph.DependencyGraphBuilder] Changed edges for org.codehaus.groovy:groovy:2.4.11(runtime) selects same versions as previous traversal. ignoring
09:37:03.962 [DEBUG] [org.gradle.api.internal.artifacts.ivyservice.resolveengine.graph.DependencyGraphBuilder] Visiting configuration org.codehaus.groovy:groovy-xml:2.4.11(runtime).
09:37:03.962 [DEBUG] [org.gradle.api.internal.artifacts.ivyservice.resolveengine.graph.DependencyGraphBuilder] Visiting dependency org.codehaus.groovy:groovy-xml:2.4.11(runtime) -> dependency: org.codehaus.groovy:groovy:2.4.11, scope: Compile, optional: false
09:37:03.962 [DEBUG] [org.gradle.api.internal.artifacts.ivyservice.resolveengine.graph.DependencyGraphBuilder] Visiting configuration org.codehaus.groovy:groovy:2.4.11(runtime).
09:37:03.962 [DEBUG] [org.gradle.api.internal.artifacts.ivyservice.resolveengine.graph.DependencyGraphBuilder] Changed edges for org.codehaus.groovy:groovy:2.4.11(runtime) selects same versions as previous traversal. ignoring
09:37:03.962 [DEBUG] [org.gradle.api.internal.artifacts.ivyservice.resolveengine.graph.DependencyGraphBuilder] Visiting configuration org.springframework.boot:spring-boot:1.5.4.RELEASE(runtime).
09:37:03.962 [DEBUG] [org.gradle.api.internal.artifacts.ivyservice.resolveengine.graph.DependencyGraphBuilder] Changed edges for org.springframework.boot:spring-boot:1.5.4.RELEASE(runtime) selects same versions as previous traversal. ignoring
09:37:03.962 [DEBUG] [org.gradle.api.internal.artifacts.ivyservice.resolveengine.graph.DependencyGraphBuilder] Visiting configuration ch.qos.logback:logback-classic:1.1.11(runtime).
09:37:03.962 [DEBUG] [org.gradle.api.internal.artifacts.ivyservice.resolveengine.graph.DependencyGraphBuilder] Changed edges for ch.qos.logback:logback-classic:1.1.11(runtime) selects same versions as previous traversal. ignoring
09:37:03.963 [DEBUG] [org.gradle.api.internal.artifacts.ivyservice.resolveengine.graph.DependencyGraphBuilder] Visiting configuration org.slf4j:jcl-over-slf4j:1.7.25(runtime).
09:37:03.963 [DEBUG] [org.gradle.api.internal.artifacts.ivyservice.resolveengine.graph.DependencyGraphBuilder] Changed edges for org.slf4j:jcl-over-slf4j:1.7.25(runtime) selects same versions as previous traversal. ignoring
09:37:03.963 [DEBUG] [org.gradle.api.internal.artifacts.ivyservice.resolveengine.graph.DependencyGraphBuilder] Visiting configuration org.slf4j:jul-to-slf4j:1.7.25(runtime).
09:37:03.963 [DEBUG] [org.gradle.api.internal.artifacts.ivyservice.resolveengine.graph.DependencyGraphBuilder] Changed edges for org.slf4j:jul-to-slf4j:1.7.25(runtime) selects same versions as previous traversal. ignoring
09:37:03.963 [DEBUG] [org.gradle.api.internal.artifacts.ivyservice.resolveengine.graph.DependencyGraphBuilder] Visiting configuration org.slf4j:log4j-over-slf4j:1.7.25(runtime).
09:37:03.963 [DEBUG] [org.gradle.api.internal.artifacts.ivyservice.resolveengine.graph.DependencyGraphBuilder] Changed edges for org.slf4j:log4j-over-slf4j:1.7.25(runtime) selects same versions as previous traversal. ignoring
09:37:03.963 [DEBUG] [org.gradle.api.internal.artifacts.ivyservice.resolveengine.graph.DependencyGraphBuilder] Visiting configuration com.fasterxml.jackson.core:jackson-annotations:2.8.0(runtime).
09:37:03.963 [DEBUG] [org.gradle.api.internal.artifacts.ivyservice.resolveengine.graph.DependencyGraphBuilder] Visiting configuration com.fasterxml.jackson.core:jackson-core:2.8.8(runtime).
09:37:03.963 [DEBUG] [org.gradle.api.internal.artifacts.ivyservice.resolveengine.graph.DependencyGraphBuilder] Visiting configuration org.slf4j:slf4j-api:1.7.25(runtime).
09:37:03.963 [DEBUG] [org.gradle.api.internal.artifacts.ivyservice.resolveengine.graph.DependencyGraphBuilder] Changed edges for org.slf4j:slf4j-api:1.7.25(runtime) selects same versions as previous traversal. ignoring
09:37:03.963 [DEBUG] [org.gradle.api.internal.artifacts.ivyservice.resolveengine.graph.DependencyGraphBuilder] Visiting configuration org.codehaus.groovy:groovy-json:2.4.11(runtime).
09:37:03.963 [DEBUG] [org.gradle.api.internal.artifacts.ivyservice.resolveengine.graph.DependencyGraphBuilder] Visiting dependency org.codehaus.groovy:groovy-json:2.4.11(runtime) -> dependency: org.codehaus.groovy:groovy:2.4.11, scope: Compile, optional: false
09:37:03.963 [DEBUG] [org.gradle.api.internal.artifacts.ivyservice.resolveengine.graph.DependencyGraphBuilder] Visiting configuration org.grails:grails-taglib:3.3.0(runtime).
09:37:03.963 [DEBUG] [org.gradle.api.internal.artifacts.ivyservice.resolveengine.graph.DependencyGraphBuilder] Visiting dependency org.grails:grails-taglib:3.3.0(runtime) -> dependency: org.codehaus.groovy:groovy:2.4.11, scope: Runtime, optional: false
09:37:03.963 [DEBUG] [org.gradle.api.internal.artifacts.ivyservice.resolveengine.graph.DependencyGraphBuilder] Visiting dependency org.grails:grails-taglib:3.3.0(runtime) -> dependency: org.slf4j:slf4j-api:1.7.22, scope: Runtime, optional: false
09:37:03.963 [DEBUG] [org.gradle.api.internal.artifacts.ivyservice.resolveengine.graph.DependencyGraphBuilder] Visiting dependency org.grails:grails-taglib:3.3.0(runtime) -> dependency: org.grails:grails-core:3.2.10, scope: Runtime, optional: false
09:37:03.963 [DEBUG] [org.gradle.api.internal.artifacts.ivyservice.resolveengine.graph.DependencyGraphBuilder] Visiting dependency org.grails:grails-taglib:3.3.0(runtime) -> dependency: org.grails:grails-encoder:3.2.10, scope: Runtime, optional: false
09:37:03.963 [DEBUG] [io.spring.gradle.dependencymanagement.internal.VersionConfiguringAction] Processing dependency 'org.grails:grails-encoder:3.2.10'
09:37:03.963 [DEBUG] [io.spring.gradle.dependencymanagement.internal.DependencyManagementContainer] Found managed version '3.3.0' for dependency 'org.grails:grails-encoder' in global dependency management
09:37:03.964 [DEBUG] [io.spring.gradle.dependencymanagement.internal.VersionConfiguringAction] Using version '3.3.0' for dependency 'org.grails:grails-encoder:3.2.10'
09:37:03.964 [DEBUG] [org.gradle.api.internal.artifacts.ivyservice.resolveengine.graph.DependencyGraphBuilder] Visiting configuration org.codehaus.groovy:groovy-templates:2.4.11(runtime).
09:37:03.964 [DEBUG] [org.gradle.api.internal.artifacts.ivyservice.resolveengine.graph.DependencyGraphBuilder] Changed edges for org.codehaus.groovy:groovy-templates:2.4.11(runtime) selects same versions as previous traversal. ignoring
09:37:03.964 [DEBUG] [org.gradle.api.internal.artifacts.ivyservice.resolveengine.graph.DependencyGraphBuilder] Visiting configuration org.springframework:spring-aop:4.3.9.RELEASE(runtime).
09:37:03.964 [DEBUG] [org.gradle.api.internal.artifacts.ivyservice.resolveengine.graph.DependencyGraphBuilder] Changed edges for org.springframework:spring-aop:4.3.9.RELEASE(runtime) selects same versions as previous traversal. ignoring
09:37:03.964 [DEBUG] [org.gradle.api.internal.artifacts.ivyservice.resolveengine.graph.DependencyGraphBuilder] Visiting configuration org.springframework:spring-beans:4.3.9.RELEASE(runtime).
09:37:03.964 [DEBUG] [org.gradle.api.internal.artifacts.ivyservice.resolveengine.graph.DependencyGraphBuilder] Changed edges for org.springframework:spring-beans:4.3.9.RELEASE(runtime) selects same versions as previous traversal. ignoring
09:37:03.964 [DEBUG] [org.gradle.api.internal.artifacts.ivyservice.resolveengine.graph.DependencyGraphBuilder] Visiting configuration org.springframework:spring-context:4.3.9.RELEASE(runtime).
09:37:03.964 [DEBUG] [org.gradle.api.internal.artifacts.ivyservice.resolveengine.graph.DependencyGraphBuilder] Changed edges for org.springframework:spring-context:4.3.9.RELEASE(runtime) selects same versions as previous traversal. ignoring
09:37:03.964 [DEBUG] [org.gradle.api.internal.artifacts.ivyservice.resolveengine.graph.DependencyGraphBuilder] Visiting configuration org.springframework:spring-expression:4.3.9.RELEASE(runtime).
09:37:03.964 [DEBUG] [org.gradle.api.internal.artifacts.ivyservice.resolveengine.graph.DependencyGraphBuilder] Changed edges for org.springframework:spring-expression:4.3.9.RELEASE(runtime) selects same versions as previous traversal. ignoring
09:37:03.964 [DEBUG] [org.gradle.api.internal.artifacts.ivyservice.resolveengine.graph.DependencyGraphBuilder] Visiting configuration org.grails:grails-databinding:3.3.0(runtime).
09:37:03.964 [DEBUG] [org.gradle.api.internal.artifacts.ivyservice.resolveengine.graph.DependencyGraphBuilder] Changed edges for org.grails:grails-databinding:3.3.0(runtime) selects same versions as previous traversal. ignoring
09:37:03.964 [DEBUG] [org.gradle.api.internal.artifacts.ivyservice.resolveengine.graph.DependencyGraphBuilder] Visiting configuration org.grails:grails-web-common:3.3.0(runtime).
09:37:03.964 [DEBUG] [org.gradle.api.internal.artifacts.ivyservice.resolveengine.graph.DependencyGraphBuilder] Changed edges for org.grails:grails-web-common:3.3.0(runtime) selects same versions as previous traversal. ignoring
09:37:03.964 [DEBUG] [org.gradle.api.internal.artifacts.ivyservice.resolveengine.graph.DependencyGraphBuilder] Visiting configuration org.grails:grails-datastore-core:6.1.6.RELEASE(runtime).
09:37:03.964 [DEBUG] [org.gradle.api.internal.artifacts.ivyservice.resolveengine.graph.DependencyGraphBuilder] Changed edges for org.grails:grails-datastore-core:6.1.6.RELEASE(runtime) selects same versions as previous traversal. ignoring
09:37:03.964 [DEBUG] [org.gradle.api.internal.artifacts.ivyservice.resolveengine.graph.DependencyGraphBuilder] Visiting configuration com.googlecode.concurrentlinkedhashmap:concurrentlinkedhashmap-lru:1.4.2(runtime).
09:37:03.964 [DEBUG] [org.gradle.api.internal.artifacts.ivyservice.resolveengine.graph.DependencyGraphBuilder] Changed edges for com.googlecode.concurrentlinkedhashmap:concurrentlinkedhashmap-lru:1.4.2(runtime) selects same versions as previous traversal. ignoring
09:37:03.964 [DEBUG] [org.gradle.api.internal.artifacts.ivyservice.resolveengine.graph.DependencyGraphBuilder] Visiting configuration org.grails:grails-web-url-mappings:3.3.0(runtime).
09:37:03.965 [DEBUG] [org.gradle.api.internal.artifacts.ivyservice.resolveengine.graph.DependencyGraphBuilder] Changed edges for org.grails:grails-web-url-mappings:3.3.0(runtime) selects same versions as previous traversal. ignoring
09:37:03.965 [DEBUG] [org.gradle.api.internal.artifacts.ivyservice.resolveengine.graph.DependencyGraphBuilder] Visiting configuration org.grails:grails-gsp:3.3.0(runtime).
09:37:03.965 [DEBUG] [org.gradle.api.internal.artifacts.ivyservice.resolveengine.graph.DependencyGraphBuilder] Changed edges for org.grails:grails-gsp:3.3.0(runtime) selects same versions as previous traversal. ignoring
09:37:03.965 [DEBUG] [org.gradle.api.internal.artifacts.ivyservice.resolveengine.graph.DependencyGraphBuilder] Visiting configuration org.grails:grails-web-taglib:3.3.0(runtime).
09:37:03.965 [DEBUG] [org.gradle.api.internal.artifacts.ivyservice.resolveengine.graph.DependencyGraphBuilder] Visiting dependency org.grails:grails-web-taglib:3.3.0(runtime) -> dependency: org.codehaus.groovy:groovy:2.4.11, scope: Runtime, optional: false
09:37:03.965 [DEBUG] [org.gradle.api.internal.artifacts.ivyservice.resolveengine.graph.DependencyGraphBuilder] Visiting dependency org.grails:grails-web-taglib:3.3.0(runtime) -> dependency: org.slf4j:slf4j-api:1.7.22, scope: Runtime, optional: false
09:37:03.965 [DEBUG] [org.gradle.api.internal.artifacts.ivyservice.resolveengine.graph.DependencyGraphBuilder] Visiting dependency org.grails:grails-web-taglib:3.3.0(runtime) -> dependency: org.grails:grails-web-common:3.2.10, scope: Runtime, optional: false
09:37:03.965 [DEBUG] [org.gradle.api.internal.artifacts.ivyservice.resolveengine.graph.DependencyGraphBuilder] Visiting dependency org.grails:grails-web-taglib:3.3.0(runtime) -> dependency: org.grails:grails-taglib:3.3.0, scope: Runtime, optional: false
09:37:03.965 [DEBUG] [org.gradle.api.internal.artifacts.ivyservice.resolveengine.graph.DependencyGraphBuilder] Visiting configuration opensymphony:sitemesh:2.4(runtime).
09:37:03.965 [DEBUG] [org.gradle.api.internal.artifacts.ivyservice.resolveengine.graph.DependencyGraphBuilder] Visiting configuration org.grails:grails-web:3.3.0(runtime).
09:37:03.965 [DEBUG] [org.gradle.api.internal.artifacts.ivyservice.resolveengine.graph.DependencyGraphBuilder] Changed edges for org.grails:grails-web:3.3.0(runtime) selects same versions as previous traversal. ignoring
09:37:03.965 [DEBUG] [org.gradle.api.internal.artifacts.ivyservice.resolveengine.graph.DependencyGraphBuilder] Visiting configuration org.grails:grails-core:3.3.0(runtime).
09:37:03.965 [DEBUG] [org.gradle.api.internal.artifacts.ivyservice.resolveengine.graph.DependencyGraphBuilder] Changed edges for org.grails:grails-core:3.3.0(runtime) selects same versions as previous traversal. ignoring
09:37:03.965 [DEBUG] [org.gradle.api.internal.artifacts.ivyservice.resolveengine.graph.DependencyGraphBuilder] Visiting configuration org.grails:grails-spring:3.3.0(runtime).
09:37:03.965 [DEBUG] [org.gradle.api.internal.artifacts.ivyservice.resolveengine.graph.DependencyGraphBuilder] Visiting dependency org.grails:grails-spring:3.3.0(runtime) -> dependency: org.codehaus.groovy:groovy:2.4.11, scope: Runtime, optional: false
09:37:03.965 [DEBUG] [org.gradle.api.internal.artifacts.ivyservice.resolveengine.graph.DependencyGraphBuilder] Visiting dependency org.grails:grails-spring:3.3.0(runtime) -> dependency: org.slf4j:slf4j-api:1.7.22, scope: Runtime, optional: false
09:37:03.965 [DEBUG] [org.gradle.api.internal.artifacts.ivyservice.resolveengine.graph.DependencyGraphBuilder] Visiting dependency org.grails:grails-spring:3.3.0(runtime) -> dependency: org.slf4j:jcl-over-slf4j:1.7.22, scope: Runtime, optional: false
09:37:03.965 [DEBUG] [org.gradle.api.internal.artifacts.ivyservice.resolveengine.graph.DependencyGraphBuilder] Visiting dependency org.grails:grails-spring:3.3.0(runtime) -> dependency: org.springframework:spring-tx:4.3.9.RELEASE, scope: Runtime, optional: false
09:37:03.965 [DEBUG] [org.gradle.api.internal.artifacts.ivyservice.resolveengine.graph.DependencyGraphBuilder] Visiting dependency org.grails:grails-spring:3.3.0(runtime) -> dependency: org.springframework:spring-web:4.3.9.RELEASE, scope: Runtime, optional: false
09:37:03.966 [DEBUG] [org.gradle.api.internal.artifacts.ivyservice.resolveengine.graph.DependencyGraphBuilder] Visiting dependency org.grails:grails-spring:3.3.0(runtime) -> dependency: org.grails:grails-bootstrap:3.3.0, scope: Runtime, optional: false
09:37:03.966 [DEBUG] [org.gradle.api.internal.artifacts.ivyservice.resolveengine.graph.DependencyGraphBuilder] Visiting configuration org.slf4j:jcl-over-slf4j:1.7.25(runtime).
09:37:03.966 [DEBUG] [org.gradle.api.internal.artifacts.ivyservice.resolveengine.graph.DependencyGraphBuilder] Changed edges for org.slf4j:jcl-over-slf4j:1.7.25(runtime) selects same versions as previous traversal. ignoring
09:37:03.966 [DEBUG] [org.gradle.api.internal.artifacts.ivyservice.resolveengine.graph.DependencyGraphBuilder] Visiting configuration org.grails:grails-datastore-gorm-support:6.1.6.RELEASE(runtime).
09:37:03.966 [DEBUG] [org.gradle.api.internal.artifacts.ivyservice.resolveengine.graph.DependencyGraphBuilder] Changed edges for org.grails:grails-datastore-gorm-support:6.1.6.RELEASE(runtime) selects same versions as previous traversal. ignoring
09:37:03.966 [DEBUG] [org.gradle.api.internal.artifacts.ivyservice.resolveengine.graph.DependencyGraphBuilder] Visiting configuration org.springframework:spring-tx:4.3.9.RELEASE(runtime).
09:37:03.966 [DEBUG] [org.gradle.api.internal.artifacts.ivyservice.resolveengine.graph.DependencyGraphBuilder] Changed edges for org.springframework:spring-tx:4.3.9.RELEASE(runtime) selects same versions as previous traversal. ignoring
09:37:03.966 [DEBUG] [org.gradle.api.internal.artifacts.ivyservice.resolveengine.graph.DependencyGraphBuilder] Visiting configuration commons-validator:commons-validator:1.5.1(runtime).
09:37:03.966 [DEBUG] [org.gradle.api.internal.artifacts.ivyservice.resolveengine.graph.DependencyGraphBuilder] commons-beanutils:commons-beanutils is excluded from commons-validator:commons-validator:1.5.1(runtime).
09:37:03.966 [DEBUG] [org.gradle.api.internal.artifacts.ivyservice.resolveengine.graph.DependencyGraphBuilder] commons-digester:commons-digester is excluded from commons-validator:commons-validator:1.5.1(runtime).
09:37:03.966 [DEBUG] [org.gradle.api.internal.artifacts.ivyservice.resolveengine.graph.DependencyGraphBuilder] commons-logging:commons-logging is excluded from commons-validator:commons-validator:1.5.1(runtime).
09:37:03.967 [DEBUG] [org.gradle.api.internal.artifacts.ivyservice.resolveengine.graph.DependencyGraphBuilder] Visiting dependency commons-validator:commons-validator:1.5.1(runtime) -> dependency: commons-collections:commons-collections:3.2.2, scope: Compile, optional: false
09:37:03.967 [DEBUG] [io.spring.gradle.dependencymanagement.internal.VersionConfiguringAction] Processing dependency 'commons-collections:commons-collections:3.2.2'
09:37:03.967 [DEBUG] [io.spring.gradle.dependencymanagement.internal.DependencyManagementContainer] Found managed version '3.2.2' for dependency 'commons-collections:commons-collections' in global dependency management
09:37:03.967 [DEBUG] [io.spring.gradle.dependencymanagement.internal.VersionConfiguringAction] Using version '3.2.2' for dependency 'commons-collections:commons-collections:3.2.2'
09:37:03.967 [DEBUG] [org.gradle.api.internal.artifacts.ivyservice.resolveengine.graph.DependencyGraphBuilder] Selecting new module version commons-collections:commons-collections:3.2.2
09:37:03.967 [DEBUG] [org.gradle.api.internal.artifacts.ivyservice.ivyresolve.RepositoryChainComponentMetaDataResolver] Attempting to resolve component for commons-collections:commons-collections:3.2.2 using repositories [MavenLocal, maven, maven2, maven3]
09:37:03.967 [DEBUG] [org.gradle.api.internal.artifacts.ivyservice.ivyresolve.RepositoryChainComponentMetaDataResolver] Using commons-collections:commons-collections:3.2.2 from Maven repository 'MavenLocal'
09:37:03.967 [DEBUG] [org.gradle.api.internal.artifacts.ivyservice.resolveengine.graph.DependencyGraphBuilder] Visiting configuration org.grails:grails-datastore-gorm:6.1.6.RELEASE(runtime).
09:37:03.967 [DEBUG] [org.gradle.api.internal.artifacts.ivyservice.resolveengine.graph.DependencyGraphBuilder] Changed edges for org.grails:grails-datastore-gorm:6.1.6.RELEASE(runtime) selects same versions as previous traversal. ignoring
09:37:03.967 [DEBUG] [org.gradle.api.internal.artifacts.ivyservice.resolveengine.graph.DependencyGraphBuilder] Visiting configuration org.springframework:spring-jdbc:4.3.9.RELEASE(runtime).
09:37:03.967 [DEBUG] [org.gradle.api.internal.artifacts.ivyservice.resolveengine.graph.DependencyGraphBuilder] Changed edges for org.springframework:spring-jdbc:4.3.9.RELEASE(runtime) selects same versions as previous traversal. ignoring
09:37:03.967 [DEBUG] [org.gradle.api.internal.artifacts.ivyservice.resolveengine.graph.DependencyGraphBuilder] Visiting configuration org.springframework:spring-orm:4.3.9.RELEASE(runtime).
09:37:03.967 [DEBUG] [org.gradle.api.internal.artifacts.ivyservice.resolveengine.graph.DependencyGraphBuilder] Changed edges for org.springframework:spring-orm:4.3.9.RELEASE(runtime) selects same versions as previous traversal. ignoring
09:37:03.967 [DEBUG] [org.gradle.api.internal.artifacts.ivyservice.resolveengine.graph.DependencyGraphBuilder] Visiting configuration org.javassist:javassist:3.21.0-GA(runtime).
09:37:03.967 [DEBUG] [org.gradle.api.internal.artifacts.ivyservice.resolveengine.graph.DependencyGraphBuilder] Changed edges for org.javassist:javassist:3.21.0-GA(runtime) selects same versions as previous traversal. ignoring
09:37:03.967 [DEBUG] [org.gradle.api.internal.artifacts.ivyservice.resolveengine.graph.DependencyGraphBuilder] Visiting configuration javax.validation:validation-api:1.1.0.Final(runtime).
09:37:03.968 [DEBUG] [org.gradle.api.internal.artifacts.ivyservice.resolveengine.graph.DependencyGraphBuilder] Visiting configuration com.fasterxml:classmate:1.3.3(runtime).
09:37:03.968 [DEBUG] [org.gradle.api.internal.artifacts.ivyservice.resolveengine.graph.DependencyGraphBuilder] Changed edges for com.fasterxml:classmate:1.3.3(runtime) selects same versions as previous traversal. ignoring
09:37:03.968 [DEBUG] [org.gradle.api.internal.artifacts.ivyservice.resolveengine.graph.DependencyGraphBuilder] Visiting configuration commons-codec:commons-codec:1.10(runtime).
09:37:03.968 [DEBUG] [org.gradle.api.internal.artifacts.ivyservice.resolveengine.graph.DependencyGraphBuilder] Visiting configuration org.codehaus.groovy:groovy:2.4.11(runtime).
09:37:03.968 [DEBUG] [org.gradle.api.internal.artifacts.ivyservice.resolveengine.graph.DependencyGraphBuilder] Changed edges for org.codehaus.groovy:groovy:2.4.11(runtime) selects same versions as previous traversal. ignoring
09:37:03.968 [DEBUG] [org.gradle.api.internal.artifacts.ivyservice.resolveengine.graph.DependencyGraphBuilder] Visiting configuration org.slf4j:slf4j-api:1.7.25(runtime).
09:37:03.968 [DEBUG] [org.gradle.api.internal.artifacts.ivyservice.resolveengine.graph.DependencyGraphBuilder] Changed edges for org.slf4j:slf4j-api:1.7.25(runtime) selects same versions as previous traversal. ignoring
09:37:03.968 [DEBUG] [org.gradle.api.internal.artifacts.ivyservice.resolveengine.graph.DependencyGraphBuilder] Visiting configuration org.grails:grails-encoder:3.3.0(runtime).
09:37:03.968 [DEBUG] [org.gradle.api.internal.artifacts.ivyservice.resolveengine.graph.DependencyGraphBuilder] Changed edges for org.grails:grails-encoder:3.3.0(runtime) selects same versions as previous traversal. ignoring
09:37:03.968 [DEBUG] [org.gradle.api.internal.artifacts.ivyservice.resolveengine.graph.DependencyGraphBuilder] Visiting configuration org.grails:grails-web-common:3.3.0(runtime).
09:37:03.968 [DEBUG] [org.gradle.api.internal.artifacts.ivyservice.resolveengine.graph.DependencyGraphBuilder] Changed edges for org.grails:grails-web-common:3.3.0(runtime) selects same versions as previous traversal. ignoring
09:37:03.968 [DEBUG] [org.gradle.api.internal.artifacts.ivyservice.resolveengine.graph.DependencyGraphBuilder] Visiting configuration org.grails:grails-taglib:3.3.0(runtime).
09:37:03.968 [DEBUG] [org.gradle.api.internal.artifacts.ivyservice.resolveengine.graph.DependencyGraphBuilder] Changed edges for org.grails:grails-taglib:3.3.0(runtime) selects same versions as previous traversal. ignoring
09:37:03.968 [DEBUG] [org.gradle.api.internal.artifacts.ivyservice.resolveengine.graph.DependencyGraphBuilder] Visiting configuration org.springframework:spring-web:4.3.9.RELEASE(runtime).
09:37:03.968 [DEBUG] [org.gradle.api.internal.artifacts.ivyservice.resolveengine.graph.DependencyGraphBuilder] Changed edges for org.springframework:spring-web:4.3.9.RELEASE(runtime) selects same versions as previous traversal. ignoring
09:37:03.968 [DEBUG] [org.gradle.api.internal.artifacts.ivyservice.resolveengine.graph.DependencyGraphBuilder] Visiting configuration org.grails:grails-bootstrap:3.3.0(runtime).
09:37:03.969 [DEBUG] [org.gradle.api.internal.artifacts.ivyservice.resolveengine.graph.DependencyGraphBuilder] Visiting dependency org.grails:grails-bootstrap:3.3.0(runtime) -> dependency: org.codehaus.groovy:groovy:2.4.11, scope: Runtime, optional: false
09:37:03.969 [DEBUG] [org.gradle.api.internal.artifacts.ivyservice.resolveengine.graph.DependencyGraphBuilder] Visiting dependency org.grails:grails-bootstrap:3.3.0(runtime) -> dependency: org.slf4j:slf4j-api:1.7.22, scope: Runtime, optional: false
09:37:03.969 [DEBUG] [org.gradle.api.internal.artifacts.ivyservice.resolveengine.graph.DependencyGraphBuilder] Visiting dependency org.grails:grails-bootstrap:3.3.0(runtime) -> dependency: org.slf4j:jcl-over-slf4j:1.7.22, scope: Runtime, optional: false
09:37:03.969 [DEBUG] [org.gradle.api.internal.artifacts.ivyservice.resolveengine.graph.DependencyGraphBuilder] Visiting dependency org.grails:grails-bootstrap:3.3.0(runtime) -> dependency: org.codehaus.groovy:groovy-xml:2.4.11, scope: Runtime, optional: false
09:37:03.969 [DEBUG] [org.gradle.api.internal.artifacts.ivyservice.resolveengine.graph.DependencyGraphBuilder] Visiting dependency org.grails:grails-bootstrap:3.3.0(runtime) -> dependency: org.codehaus.groovy:groovy-templates:2.4.11, scope: Runtime, optional: false
09:37:03.969 [DEBUG] [org.gradle.api.internal.artifacts.ivyservice.resolveengine.graph.DependencyGraphBuilder] Visiting dependency org.grails:grails-bootstrap:3.3.0(runtime) -> dependency: org.yaml:snakeyaml:1.14, scope: Runtime, optional: false
09:37:03.969 [DEBUG] [org.gradle.api.internal.artifacts.ivyservice.resolveengine.graph.DependencyGraphBuilder] Visiting configuration org.yaml:snakeyaml:1.17(runtime).
09:37:03.969 [DEBUG] [org.gradle.api.internal.artifacts.ivyservice.resolveengine.graph.DependencyGraphBuilder] Changed edges for org.yaml:snakeyaml:1.17(runtime) selects same versions as previous traversal. ignoring
09:37:03.969 [DEBUG] [org.gradle.api.internal.artifacts.ivyservice.resolveengine.graph.DependencyGraphBuilder] Visiting configuration org.codehaus.groovy:groovy-templates:2.4.11(runtime).
09:37:03.969 [DEBUG] [org.gradle.api.internal.artifacts.ivyservice.resolveengine.graph.DependencyGraphBuilder] Changed edges for org.codehaus.groovy:groovy-templates:2.4.11(runtime) selects same versions as previous traversal. ignoring
09:37:03.969 [DEBUG] [org.gradle.api.internal.artifacts.ivyservice.resolveengine.graph.DependencyGraphBuilder] Visiting configuration org.codehaus.groovy:groovy-xml:2.4.11(runtime).
09:37:03.969 [DEBUG] [org.gradle.api.internal.artifacts.ivyservice.resolveengine.graph.DependencyGraphBuilder] Changed edges for org.codehaus.groovy:groovy-xml:2.4.11(runtime) selects same versions as previous traversal. ignoring
09:37:03.970 [DEBUG] [org.gradle.api.internal.artifacts.ivyservice.resolveengine.graph.DependencyGraphBuilder] Visiting configuration org.slf4j:jcl-over-slf4j:1.7.25(runtime).
09:37:03.970 [DEBUG] [org.gradle.api.internal.artifacts.ivyservice.resolveengine.graph.DependencyGraphBuilder] Changed edges for org.slf4j:jcl-over-slf4j:1.7.25(runtime) selects same versions as previous traversal. ignoring
09:37:03.970 [DEBUG] [org.gradle.api.internal.artifacts.ivyservice.resolveengine.graph.DependencyGraphBuilder] Visiting configuration org.slf4j:slf4j-api:1.7.25(runtime).
09:37:03.970 [DEBUG] [org.gradle.api.internal.artifacts.ivyservice.resolveengine.graph.DependencyGraphBuilder] Changed edges for org.slf4j:slf4j-api:1.7.25(runtime) selects same versions as previous traversal. ignoring
09:37:03.970 [DEBUG] [org.gradle.api.internal.artifacts.ivyservice.resolveengine.graph.DependencyGraphBuilder] Visiting configuration org.codehaus.groovy:groovy:2.4.11(runtime).
09:37:03.970 [DEBUG] [org.gradle.api.internal.artifacts.ivyservice.resolveengine.graph.DependencyGraphBuilder] Changed edges for org.codehaus.groovy:groovy:2.4.11(runtime) selects same versions as previous traversal. ignoring
09:37:03.970 [DEBUG] [org.gradle.api.internal.artifacts.ivyservice.resolveengine.graph.DependencyGraphBuilder] Visiting configuration commons-collections:commons-collections:3.2.2(runtime).
09:37:03.972 [DEBUG] [org.gradle.api.internal.artifacts.ivyservice.resolveengine.oldresult.TransientConfigurationResultsBuilder] Flushing resolved configuration data in Binary store in /private/var/folders/lg/10pd_zzs6lbgkq_mxt9hnq_40000gp/T/gradle4923067349366106501.bin. Wrote root 2.
09:37:03.979 [DEBUG] [org.gradle.api.internal.artifacts.ivyservice.resolveengine.DefaultArtifactDependencyResolver] Resolving configuration 'detachedConfiguration23'
09:37:03.979 [DEBUG] [org.gradle.api.internal.artifacts.ivyservice.ivyresolve.memcache.InMemoryCachedRepositoryFactory] Reusing in-memory cache for repo 'MavenLocal' [7d5236b1643586c7776714a6deab182].
09:37:03.979 [DEBUG] [org.gradle.internal.resource.transport.http.JavaSystemPropertiesProxySettings] Found java system property 'http.nonProxyHosts': local|*.local|169.254/16|*.169.254/16. Will ignore proxy settings for these hosts.
09:37:03.979 [DEBUG] [org.gradle.api.internal.artifacts.ivyservice.ivyresolve.memcache.InMemoryCachedRepositoryFactory] Reusing in-memory cache for repo 'maven' [a084cad2441d39086e90f182aad939c2].
09:37:03.979 [DEBUG] [org.gradle.internal.resource.transport.http.JavaSystemPropertiesProxySettings] Found java system property 'http.nonProxyHosts': local|*.local|169.254/16|*.169.254/16. Will ignore proxy settings for these hosts.
09:37:03.980 [DEBUG] [org.gradle.api.internal.artifacts.ivyservice.ivyresolve.memcache.InMemoryCachedRepositoryFactory] Reusing in-memory cache for repo 'maven2' [26f256bc2a7294bafb250fda8cb4301f].
09:37:03.980 [DEBUG] [org.gradle.internal.resource.transport.http.JavaSystemPropertiesProxySettings] Found java system property 'http.nonProxyHosts': local|*.local|169.254/16|*.169.254/16. Will ignore proxy settings for these hosts.
09:37:03.980 [DEBUG] [org.gradle.api.internal.artifacts.ivyservice.ivyresolve.memcache.InMemoryCachedRepositoryFactory] Reusing in-memory cache for repo 'maven3' [7b8cf9f181d18eb27a2a8240a77dc3d].
09:37:03.980 [DEBUG] [org.gradle.api.internal.artifacts.ivyservice.resolveengine.graph.DependencyGraphBuilder] Visiting configuration fakeyelp:fakeyelp:0.1(detachedConfiguration23).
09:37:03.980 [DEBUG] [org.gradle.api.internal.artifacts.ivyservice.resolveengine.graph.DependencyGraphBuilder] Visiting dependency fakeyelp:fakeyelp:0.1(detachedConfiguration23) -> dependency: org.codehaus.groovy:groovy:2.4.11 from-conf: detachedConfiguration23 to-conf: null
09:37:03.980 [DEBUG] [org.gradle.api.internal.artifacts.ivyservice.resolveengine.graph.DependencyGraphBuilder] Selecting new module version org.codehaus.groovy:groovy:2.4.11
09:37:03.980 [DEBUG] [org.gradle.api.internal.artifacts.ivyservice.ivyresolve.RepositoryChainComponentMetaDataResolver] Attempting to resolve component for org.codehaus.groovy:groovy:2.4.11 using repositories [MavenLocal, maven, maven2, maven3]
09:37:03.980 [DEBUG] [org.gradle.api.internal.artifacts.ivyservice.ivyresolve.RepositoryChainComponentMetaDataResolver] Using org.codehaus.groovy:groovy:2.4.11 from Maven repository 'maven'
09:37:03.980 [DEBUG] [org.gradle.api.internal.artifacts.ivyservice.resolveengine.graph.DependencyGraphBuilder] Visiting dependency fakeyelp:fakeyelp:0.1(detachedConfiguration23) -> dependency: org.codehaus.groovy:groovy-ant:2.4.11 from-conf: detachedConfiguration23 to-conf: null
09:37:03.980 [DEBUG] [org.gradle.api.internal.artifacts.ivyservice.resolveengine.graph.DependencyGraphBuilder] Selecting new module version org.codehaus.groovy:groovy-ant:2.4.11
09:37:03.980 [DEBUG] [org.gradle.api.internal.artifacts.ivyservice.ivyresolve.RepositoryChainComponentMetaDataResolver] Attempting to resolve component for org.codehaus.groovy:groovy-ant:2.4.11 using repositories [MavenLocal, maven, maven2, maven3]
09:37:03.980 [DEBUG] [org.gradle.api.internal.artifacts.ivyservice.ivyresolve.RepositoryChainComponentMetaDataResolver] Using org.codehaus.groovy:groovy-ant:2.4.11 from Maven repository 'maven'
09:37:03.981 [DEBUG] [org.gradle.api.internal.artifacts.ivyservice.resolveengine.graph.DependencyGraphBuilder] Visiting configuration org.codehaus.groovy:groovy:2.4.11(default).
09:37:03.981 [DEBUG] [org.gradle.api.internal.artifacts.ivyservice.resolveengine.graph.DependencyGraphBuilder] Visiting configuration org.codehaus.groovy:groovy-ant:2.4.11(default).
09:37:03.981 [DEBUG] [org.gradle.api.internal.artifacts.ivyservice.resolveengine.graph.DependencyGraphBuilder] Visiting dependency org.codehaus.groovy:groovy-ant:2.4.11(default) -> dependency: org.apache.ant:ant-launcher:1.9.4, scope: Runtime, optional: false
09:37:03.981 [DEBUG] [org.gradle.api.internal.artifacts.ivyservice.resolveengine.graph.DependencyGraphBuilder] Selecting new module version org.apache.ant:ant-launcher:1.9.4
09:37:03.981 [DEBUG] [org.gradle.api.internal.artifacts.ivyservice.ivyresolve.RepositoryChainComponentMetaDataResolver] Attempting to resolve component for org.apache.ant:ant-launcher:1.9.4 using repositories [MavenLocal, maven, maven2, maven3]
09:37:03.981 [DEBUG] [org.gradle.api.internal.artifacts.repositories.resolver.DefaultExternalResourceArtifactResolver] Loading file:/Users/michaelmennis/.m2/repository/org/apache/ant/ant-launcher/1.9.4/ant-launcher-1.9.4.pom
09:37:03.981 [DEBUG] [org.gradle.api.internal.artifacts.repositories.resolver.DefaultExternalResourceArtifactResolver] Loading file:/Users/michaelmennis/.m2/repository/org/apache/ant/ant-launcher/1.9.4/ant-launcher-1.9.4.jar
09:37:03.981 [DEBUG] [org.gradle.api.internal.artifacts.repositories.resolver.ExternalResourceResolver] No meta-data file or artifact found for module 'org.apache.ant:ant-launcher:1.9.4' in repository 'MavenLocal'.
09:37:03.981 [DEBUG] [org.gradle.api.internal.artifacts.ivyservice.ivyresolve.CachingModuleComponentRepository] Using cached module metadata for module 'org.apache.ant:ant-launcher:1.9.4' in 'maven'
09:37:03.982 [DEBUG] [org.gradle.api.internal.artifacts.ivyservice.ivyresolve.RepositoryChainComponentMetaDataResolver] Using org.apache.ant:ant-launcher:1.9.4 from Maven repository 'maven'
09:37:03.982 [DEBUG] [org.gradle.api.internal.artifacts.ivyservice.resolveengine.graph.DependencyGraphBuilder] Visiting dependency org.codehaus.groovy:groovy-ant:2.4.11(default) -> dependency: org.apache.ant:ant-antlr:1.9.4, scope: Runtime, optional: false
09:37:03.982 [DEBUG] [org.gradle.api.internal.artifacts.ivyservice.resolveengine.graph.DependencyGraphBuilder] Selecting new module version org.apache.ant:ant-antlr:1.9.4
09:37:03.982 [DEBUG] [org.gradle.api.internal.artifacts.ivyservice.ivyresolve.RepositoryChainComponentMetaDataResolver] Attempting to resolve component for org.apache.ant:ant-antlr:1.9.4 using repositories [MavenLocal, maven, maven2, maven3]
09:37:03.982 [DEBUG] [org.gradle.api.internal.artifacts.ivyservice.ivyresolve.RepositoryChainComponentMetaDataResolver] Using org.apache.ant:ant-antlr:1.9.4 from Maven repository 'maven'
09:37:03.982 [DEBUG] [org.gradle.api.internal.artifacts.ivyservice.resolveengine.graph.DependencyGraphBuilder] Visiting dependency org.codehaus.groovy:groovy-ant:2.4.11(default) -> dependency: org.apache.ant:ant-junit:1.9.4, scope: Runtime, optional: false
09:37:03.982 [DEBUG] [org.gradle.api.internal.artifacts.ivyservice.resolveengine.graph.DependencyGraphBuilder] Selecting new module version org.apache.ant:ant-junit:1.9.4
09:37:03.982 [DEBUG] [org.gradle.api.internal.artifacts.ivyservice.ivyresolve.RepositoryChainComponentMetaDataResolver] Attempting to resolve component for org.apache.ant:ant-junit:1.9.4 using repositories [MavenLocal, maven, maven2, maven3]
09:37:03.982 [DEBUG] [org.gradle.api.internal.artifacts.ivyservice.ivyresolve.RepositoryChainComponentMetaDataResolver] Using org.apache.ant:ant-junit:1.9.4 from Maven repository 'maven'
09:37:03.982 [DEBUG] [org.gradle.api.internal.artifacts.ivyservice.resolveengine.graph.DependencyGraphBuilder] Visiting dependency org.codehaus.groovy:groovy-ant:2.4.11(default) -> dependency: org.codehaus.groovy:groovy-groovydoc:2.4.11, scope: Compile, optional: false
09:37:03.982 [DEBUG] [org.gradle.api.internal.artifacts.ivyservice.resolveengine.graph.DependencyGraphBuilder] Selecting new module version org.codehaus.groovy:groovy-groovydoc:2.4.11
09:37:03.982 [DEBUG] [org.gradle.api.internal.artifacts.ivyservice.ivyresolve.RepositoryChainComponentMetaDataResolver] Attempting to resolve component for org.codehaus.groovy:groovy-groovydoc:2.4.11 using repositories [MavenLocal, maven, maven2, maven3]
09:37:03.982 [DEBUG] [org.gradle.api.internal.artifacts.ivyservice.ivyresolve.RepositoryChainComponentMetaDataResolver] Using org.codehaus.groovy:groovy-groovydoc:2.4.11 from Maven repository 'maven'
09:37:03.982 [DEBUG] [org.gradle.api.internal.artifacts.ivyservice.resolveengine.graph.DependencyGraphBuilder] Visiting dependency org.codehaus.groovy:groovy-ant:2.4.11(default) -> dependency: org.codehaus.groovy:groovy:2.4.11, scope: Compile, optional: false
09:37:03.982 [DEBUG] [org.gradle.api.internal.artifacts.ivyservice.resolveengine.graph.DependencyGraphBuilder] Visiting dependency org.codehaus.groovy:groovy-ant:2.4.11(default) -> dependency: org.apache.ant:ant:1.9.4, scope: Compile, optional: false
09:37:03.982 [DEBUG] [org.gradle.api.internal.artifacts.ivyservice.resolveengine.graph.DependencyGraphBuilder] Selecting new module version org.apache.ant:ant:1.9.4
09:37:03.982 [DEBUG] [org.gradle.api.internal.artifacts.ivyservice.ivyresolve.RepositoryChainComponentMetaDataResolver] Attempting to resolve component for org.apache.ant:ant:1.9.4 using repositories [MavenLocal, maven, maven2, maven3]
09:37:03.982 [DEBUG] [org.gradle.api.internal.artifacts.repositories.resolver.DefaultExternalResourceArtifactResolver] Loading file:/Users/michaelmennis/.m2/repository/org/apache/ant/ant/1.9.4/ant-1.9.4.pom
09:37:03.982 [DEBUG] [org.gradle.api.internal.artifacts.repositories.resolver.DefaultExternalResourceArtifactResolver] Loading file:/Users/michaelmennis/.m2/repository/org/apache/ant/ant/1.9.4/ant-1.9.4.jar
09:37:03.983 [DEBUG] [org.gradle.api.internal.artifacts.repositories.resolver.ExternalResourceResolver] No meta-data file or artifact found for module 'org.apache.ant:ant:1.9.4' in repository 'MavenLocal'.
09:37:03.983 [DEBUG] [org.gradle.api.internal.artifacts.ivyservice.ivyresolve.CachingModuleComponentRepository] Using cached module metadata for module 'org.apache.ant:ant:1.9.4' in 'maven'
09:37:03.983 [DEBUG] [org.gradle.api.internal.artifacts.ivyservice.ivyresolve.RepositoryChainComponentMetaDataResolver] Using org.apache.ant:ant:1.9.4 from Maven repository 'maven'
09:37:03.983 [DEBUG] [org.gradle.api.internal.artifacts.ivyservice.resolveengine.graph.DependencyGraphBuilder] Visiting configuration org.apache.ant:ant-launcher:1.9.4(runtime).
09:37:03.983 [DEBUG] [org.gradle.api.internal.artifacts.ivyservice.resolveengine.graph.DependencyGraphBuilder] Visiting configuration org.apache.ant:ant-antlr:1.9.4(runtime).
09:37:03.983 [DEBUG] [org.gradle.api.internal.artifacts.ivyservice.resolveengine.graph.DependencyGraphBuilder] Visiting configuration org.apache.ant:ant-junit:1.9.4(runtime).
09:37:03.983 [DEBUG] [org.gradle.api.internal.artifacts.ivyservice.resolveengine.graph.DependencyGraphBuilder] junit:junit is excluded from org.apache.ant:ant-junit:1.9.4(runtime).
09:37:03.983 [DEBUG] [org.gradle.api.internal.artifacts.ivyservice.resolveengine.graph.DependencyGraphBuilder] Visiting dependency org.apache.ant:ant-junit:1.9.4(runtime) -> dependency: org.apache.ant:ant:1.9.4, scope: Compile, optional: false
09:37:03.983 [DEBUG] [org.gradle.api.internal.artifacts.ivyservice.resolveengine.graph.DependencyGraphBuilder] Visiting configuration org.codehaus.groovy:groovy-groovydoc:2.4.11(runtime).
09:37:03.983 [DEBUG] [org.gradle.api.internal.artifacts.ivyservice.resolveengine.graph.DependencyGraphBuilder] Visiting dependency org.codehaus.groovy:groovy-groovydoc:2.4.11(runtime) -> dependency: org.codehaus.groovy:groovy-templates:2.4.11, scope: Compile, optional: false
09:37:03.983 [DEBUG] [org.gradle.api.internal.artifacts.ivyservice.resolveengine.graph.DependencyGraphBuilder] Selecting new module version org.codehaus.groovy:groovy-templates:2.4.11
09:37:03.983 [DEBUG] [org.gradle.api.internal.artifacts.ivyservice.ivyresolve.RepositoryChainComponentMetaDataResolver] Attempting to resolve component for org.codehaus.groovy:groovy-templates:2.4.11 using repositories [MavenLocal, maven, maven2, maven3]
09:37:03.983 [DEBUG] [org.gradle.api.internal.artifacts.ivyservice.ivyresolve.RepositoryChainComponentMetaDataResolver] Using org.codehaus.groovy:groovy-templates:2.4.11 from Maven repository 'maven'
09:37:03.983 [DEBUG] [org.gradle.api.internal.artifacts.ivyservice.resolveengine.graph.DependencyGraphBuilder] Visiting dependency org.codehaus.groovy:groovy-groovydoc:2.4.11(runtime) -> dependency: org.codehaus.groovy:groovy:2.4.11, scope: Compile, optional: false
09:37:03.984 [DEBUG] [org.gradle.api.internal.artifacts.ivyservice.resolveengine.graph.DependencyGraphBuilder] Visiting configuration org.codehaus.groovy:groovy:2.4.11(runtime).
09:37:03.984 [DEBUG] [org.gradle.api.internal.artifacts.ivyservice.resolveengine.graph.DependencyGraphBuilder] Visiting configuration org.apache.ant:ant:1.9.4(runtime).
09:37:03.984 [DEBUG] [org.gradle.api.internal.artifacts.ivyservice.resolveengine.graph.DependencyGraphBuilder] Visiting dependency org.apache.ant:ant:1.9.4(runtime) -> dependency: org.apache.ant:ant-launcher:1.9.4, scope: Compile, optional: false
09:37:03.984 [DEBUG] [org.gradle.api.internal.artifacts.ivyservice.resolveengine.graph.DependencyGraphBuilder] Visiting configuration org.codehaus.groovy:groovy-templates:2.4.11(runtime).
09:37:03.984 [DEBUG] [org.gradle.api.internal.artifacts.ivyservice.resolveengine.graph.DependencyGraphBuilder] Visiting dependency org.codehaus.groovy:groovy-templates:2.4.11(runtime) -> dependency: org.codehaus.groovy:groovy-xml:2.4.11, scope: Compile, optional: false
09:37:03.984 [DEBUG] [org.gradle.api.internal.artifacts.ivyservice.resolveengine.graph.DependencyGraphBuilder] Selecting new module version org.codehaus.groovy:groovy-xml:2.4.11
09:37:03.984 [DEBUG] [org.gradle.api.internal.artifacts.ivyservice.ivyresolve.RepositoryChainComponentMetaDataResolver] Attempting to resolve component for org.codehaus.groovy:groovy-xml:2.4.11 using repositories [MavenLocal, maven, maven2, maven3]
09:37:03.984 [DEBUG] [org.gradle.api.internal.artifacts.ivyservice.ivyresolve.RepositoryChainComponentMetaDataResolver] Using org.codehaus.groovy:groovy-xml:2.4.11 from Maven repository 'maven'
09:37:03.984 [DEBUG] [org.gradle.api.internal.artifacts.ivyservice.resolveengine.graph.DependencyGraphBuilder] Visiting dependency org.codehaus.groovy:groovy-templates:2.4.11(runtime) -> dependency: org.codehaus.groovy:groovy:2.4.11, scope: Compile, optional: false
09:37:03.984 [DEBUG] [org.gradle.api.internal.artifacts.ivyservice.resolveengine.graph.DependencyGraphBuilder] Visiting configuration org.apache.ant:ant-launcher:1.9.4(runtime).
09:37:03.984 [DEBUG] [org.gradle.api.internal.artifacts.ivyservice.resolveengine.graph.DependencyGraphBuilder] Changed edges for org.apache.ant:ant-launcher:1.9.4(runtime) selects same versions as previous traversal. ignoring
09:37:03.984 [DEBUG] [org.gradle.api.internal.artifacts.ivyservice.resolveengine.graph.DependencyGraphBuilder] Visiting configuration org.codehaus.groovy:groovy-xml:2.4.11(runtime).
09:37:03.984 [DEBUG] [org.gradle.api.internal.artifacts.ivyservice.resolveengine.graph.DependencyGraphBuilder] Visiting dependency org.codehaus.groovy:groovy-xml:2.4.11(runtime) -> dependency: org.codehaus.groovy:groovy:2.4.11, scope: Compile, optional: false
09:37:03.984 [DEBUG] [org.gradle.api.internal.artifacts.ivyservice.resolveengine.graph.DependencyGraphBuilder] Visiting configuration org.codehaus.groovy:groovy:2.4.11(runtime).
09:37:03.984 [DEBUG] [org.gradle.api.internal.artifacts.ivyservice.resolveengine.graph.DependencyGraphBuilder] Changed edges for org.codehaus.groovy:groovy:2.4.11(runtime) selects same versions as previous traversal. ignoring
09:37:03.984 [DEBUG] [org.gradle.api.internal.artifacts.ivyservice.resolveengine.oldresult.TransientConfigurationResultsBuilder] Flushing resolved configuration data in Binary store in /private/var/folders/lg/10pd_zzs6lbgkq_mxt9hnq_40000gp/T/gradle4923067349366106501.bin. Wrote root 2.
09:37:03.985 [DEBUG] [org.gradle.api.internal.artifacts.ivyservice.ivyresolve.CachingModuleComponentRepository] Found artifact 'ant-launcher.jar (org.apache.ant:ant-launcher:1.9.4)' in resolver cache: /Users/michaelmennis/.gradle/caches/modules-2/files-2.1/org.apache.ant/ant-launcher/1.9.4/334b62cb4be0432769679e8b94e83f8fd5ed395c/ant-launcher-1.9.4.jar
09:37:03.985 [DEBUG] [org.gradle.api.internal.artifacts.ivyservice.ivyresolve.CachingModuleComponentRepository] Found artifact 'ant.jar (org.apache.ant:ant:1.9.4)' in resolver cache: /Users/michaelmennis/.gradle/caches/modules-2/files-2.1/org.apache.ant/ant/1.9.4/6d473e8653d952045f550f4ef225a9591b79094a/ant-1.9.4.jar
09:37:03.989 [INFO] [org.gradle.api.internal.tasks.execution.SkipUpToDateTaskExecuter] Executing task ':compileGroovy' (up-to-date check took 0.149 secs) due to:
  No history is available.
09:37:03.989 [DEBUG] [org.gradle.api.internal.tasks.execution.ExecuteActionsTaskExecuter] Executing actions for task ':compileGroovy'.
09:37:03.991 [DEBUG] [org.gradle.api.internal.artifacts.ivyservice.resolveengine.DefaultArtifactDependencyResolver] Resolving configuration 'detachedConfiguration24'
09:37:03.991 [DEBUG] [org.gradle.api.internal.artifacts.ivyservice.ivyresolve.memcache.InMemoryCachedRepositoryFactory] Reusing in-memory cache for repo 'MavenLocal' [7d5236b1643586c7776714a6deab182].
09:37:03.992 [DEBUG] [org.gradle.internal.resource.transport.http.JavaSystemPropertiesProxySettings] Found java system property 'http.nonProxyHosts': local|*.local|169.254/16|*.169.254/16. Will ignore proxy settings for these hosts.
09:37:03.992 [DEBUG] [org.gradle.api.internal.artifacts.ivyservice.ivyresolve.memcache.InMemoryCachedRepositoryFactory] Reusing in-memory cache for repo 'maven' [a084cad2441d39086e90f182aad939c2].
09:37:03.992 [DEBUG] [org.gradle.internal.resource.transport.http.JavaSystemPropertiesProxySettings] Found java system property 'http.nonProxyHosts': local|*.local|169.254/16|*.169.254/16. Will ignore proxy settings for these hosts.
09:37:03.992 [DEBUG] [org.gradle.api.internal.artifacts.ivyservice.ivyresolve.memcache.InMemoryCachedRepositoryFactory] Reusing in-memory cache for repo 'maven2' [26f256bc2a7294bafb250fda8cb4301f].
09:37:03.992 [DEBUG] [org.gradle.internal.resource.transport.http.JavaSystemPropertiesProxySettings] Found java system property 'http.nonProxyHosts': local|*.local|169.254/16|*.169.254/16. Will ignore proxy settings for these hosts.
09:37:03.992 [DEBUG] [org.gradle.api.internal.artifacts.ivyservice.ivyresolve.memcache.InMemoryCachedRepositoryFactory] Reusing in-memory cache for repo 'maven3' [7b8cf9f181d18eb27a2a8240a77dc3d].
09:37:03.993 [DEBUG] [org.gradle.api.internal.artifacts.ivyservice.resolveengine.graph.DependencyGraphBuilder] Visiting configuration fakeyelp:fakeyelp:0.1(detachedConfiguration24).
09:37:03.993 [DEBUG] [org.gradle.api.internal.artifacts.ivyservice.resolveengine.graph.DependencyGraphBuilder] Visiting dependency fakeyelp:fakeyelp:0.1(detachedConfiguration24) -> dependency: org.codehaus.groovy:groovy:2.4.11 from-conf: detachedConfiguration24 to-conf: null
09:37:03.993 [DEBUG] [org.gradle.api.internal.artifacts.ivyservice.resolveengine.graph.DependencyGraphBuilder] Selecting new module version org.codehaus.groovy:groovy:2.4.11
09:37:03.993 [DEBUG] [org.gradle.api.internal.artifacts.ivyservice.ivyresolve.RepositoryChainComponentMetaDataResolver] Attempting to resolve component for org.codehaus.groovy:groovy:2.4.11 using repositories [MavenLocal, maven, maven2, maven3]
09:37:03.993 [DEBUG] [org.gradle.api.internal.artifacts.ivyservice.ivyresolve.RepositoryChainComponentMetaDataResolver] Using org.codehaus.groovy:groovy:2.4.11 from Maven repository 'maven'
09:37:03.993 [DEBUG] [org.gradle.api.internal.artifacts.ivyservice.resolveengine.graph.DependencyGraphBuilder] Visiting dependency fakeyelp:fakeyelp:0.1(detachedConfiguration24) -> dependency: org.codehaus.groovy:groovy-ant:2.4.11 from-conf: detachedConfiguration24 to-conf: null
09:37:03.993 [DEBUG] [org.gradle.api.internal.artifacts.ivyservice.resolveengine.graph.DependencyGraphBuilder] Selecting new module version org.codehaus.groovy:groovy-ant:2.4.11
09:37:03.993 [DEBUG] [org.gradle.api.internal.artifacts.ivyservice.ivyresolve.RepositoryChainComponentMetaDataResolver] Attempting to resolve component for org.codehaus.groovy:groovy-ant:2.4.11 using repositories [MavenLocal, maven, maven2, maven3]
09:37:03.993 [DEBUG] [org.gradle.api.internal.artifacts.ivyservice.ivyresolve.RepositoryChainComponentMetaDataResolver] Using org.codehaus.groovy:groovy-ant:2.4.11 from Maven repository 'maven'
09:37:03.993 [DEBUG] [org.gradle.api.internal.artifacts.ivyservice.resolveengine.graph.DependencyGraphBuilder] Visiting configuration org.codehaus.groovy:groovy:2.4.11(default).
09:37:03.993 [DEBUG] [org.gradle.api.internal.artifacts.ivyservice.resolveengine.graph.DependencyGraphBuilder] Visiting configuration org.codehaus.groovy:groovy-ant:2.4.11(default).
09:37:03.993 [DEBUG] [org.gradle.api.internal.artifacts.ivyservice.resolveengine.graph.DependencyGraphBuilder] Visiting dependency org.codehaus.groovy:groovy-ant:2.4.11(default) -> dependency: org.apache.ant:ant-launcher:1.9.4, scope: Runtime, optional: false
09:37:03.993 [DEBUG] [org.gradle.api.internal.artifacts.ivyservice.resolveengine.graph.DependencyGraphBuilder] Selecting new module version org.apache.ant:ant-launcher:1.9.4
09:37:03.993 [DEBUG] [org.gradle.api.internal.artifacts.ivyservice.ivyresolve.RepositoryChainComponentMetaDataResolver] Attempting to resolve component for org.apache.ant:ant-launcher:1.9.4 using repositories [MavenLocal, maven, maven2, maven3]
09:37:03.993 [DEBUG] [org.gradle.api.internal.artifacts.ivyservice.ivyresolve.RepositoryChainComponentMetaDataResolver] Using org.apache.ant:ant-launcher:1.9.4 from Maven repository 'maven'
09:37:03.993 [DEBUG] [org.gradle.api.internal.artifacts.ivyservice.resolveengine.graph.DependencyGraphBuilder] Visiting dependency org.codehaus.groovy:groovy-ant:2.4.11(default) -> dependency: org.apache.ant:ant-antlr:1.9.4, scope: Runtime, optional: false
09:37:03.993 [DEBUG] [org.gradle.api.internal.artifacts.ivyservice.resolveengine.graph.DependencyGraphBuilder] Selecting new module version org.apache.ant:ant-antlr:1.9.4
09:37:03.993 [DEBUG] [org.gradle.api.internal.artifacts.ivyservice.ivyresolve.RepositoryChainComponentMetaDataResolver] Attempting to resolve component for org.apache.ant:ant-antlr:1.9.4 using repositories [MavenLocal, maven, maven2, maven3]
09:37:03.993 [DEBUG] [org.gradle.api.internal.artifacts.ivyservice.ivyresolve.RepositoryChainComponentMetaDataResolver] Using org.apache.ant:ant-antlr:1.9.4 from Maven repository 'maven'
09:37:03.993 [DEBUG] [org.gradle.api.internal.artifacts.ivyservice.resolveengine.graph.DependencyGraphBuilder] Visiting dependency org.codehaus.groovy:groovy-ant:2.4.11(default) -> dependency: org.apache.ant:ant-junit:1.9.4, scope: Runtime, optional: false
09:37:03.993 [DEBUG] [org.gradle.api.internal.artifacts.ivyservice.resolveengine.graph.DependencyGraphBuilder] Selecting new module version org.apache.ant:ant-junit:1.9.4
09:37:03.994 [DEBUG] [org.gradle.api.internal.artifacts.ivyservice.ivyresolve.RepositoryChainComponentMetaDataResolver] Attempting to resolve component for org.apache.ant:ant-junit:1.9.4 using repositories [MavenLocal, maven, maven2, maven3]
09:37:03.994 [DEBUG] [org.gradle.api.internal.artifacts.ivyservice.ivyresolve.RepositoryChainComponentMetaDataResolver] Using org.apache.ant:ant-junit:1.9.4 from Maven repository 'maven'
09:37:03.994 [DEBUG] [org.gradle.api.internal.artifacts.ivyservice.resolveengine.graph.DependencyGraphBuilder] Visiting dependency org.codehaus.groovy:groovy-ant:2.4.11(default) -> dependency: org.codehaus.groovy:groovy-groovydoc:2.4.11, scope: Compile, optional: false
09:37:03.994 [DEBUG] [org.gradle.api.internal.artifacts.ivyservice.resolveengine.graph.DependencyGraphBuilder] Selecting new module version org.codehaus.groovy:groovy-groovydoc:2.4.11
09:37:03.994 [DEBUG] [org.gradle.api.internal.artifacts.ivyservice.ivyresolve.RepositoryChainComponentMetaDataResolver] Attempting to resolve component for org.codehaus.groovy:groovy-groovydoc:2.4.11 using repositories [MavenLocal, maven, maven2, maven3]
09:37:03.994 [DEBUG] [org.gradle.api.internal.artifacts.ivyservice.ivyresolve.RepositoryChainComponentMetaDataResolver] Using org.codehaus.groovy:groovy-groovydoc:2.4.11 from Maven repository 'maven'
09:37:03.994 [DEBUG] [org.gradle.api.internal.artifacts.ivyservice.resolveengine.graph.DependencyGraphBuilder] Visiting dependency org.codehaus.groovy:groovy-ant:2.4.11(default) -> dependency: org.codehaus.groovy:groovy:2.4.11, scope: Compile, optional: false
09:37:03.994 [DEBUG] [org.gradle.api.internal.artifacts.ivyservice.resolveengine.graph.DependencyGraphBuilder] Visiting dependency org.codehaus.groovy:groovy-ant:2.4.11(default) -> dependency: org.apache.ant:ant:1.9.4, scope: Compile, optional: false
09:37:03.994 [DEBUG] [org.gradle.api.internal.artifacts.ivyservice.resolveengine.graph.DependencyGraphBuilder] Selecting new module version org.apache.ant:ant:1.9.4
09:37:03.994 [DEBUG] [org.gradle.api.internal.artifacts.ivyservice.ivyresolve.RepositoryChainComponentMetaDataResolver] Attempting to resolve component for org.apache.ant:ant:1.9.4 using repositories [MavenLocal, maven, maven2, maven3]
09:37:03.994 [DEBUG] [org.gradle.api.internal.artifacts.ivyservice.ivyresolve.RepositoryChainComponentMetaDataResolver] Using org.apache.ant:ant:1.9.4 from Maven repository 'maven'
09:37:03.994 [DEBUG] [org.gradle.api.internal.artifacts.ivyservice.resolveengine.graph.DependencyGraphBuilder] Visiting configuration org.apache.ant:ant-launcher:1.9.4(runtime).
09:37:03.994 [DEBUG] [org.gradle.api.internal.artifacts.ivyservice.resolveengine.graph.DependencyGraphBuilder] Visiting configuration org.apache.ant:ant-antlr:1.9.4(runtime).
09:37:03.994 [DEBUG] [org.gradle.api.internal.artifacts.ivyservice.resolveengine.graph.DependencyGraphBuilder] Visiting configuration org.apache.ant:ant-junit:1.9.4(runtime).
09:37:03.994 [DEBUG] [org.gradle.api.internal.artifacts.ivyservice.resolveengine.graph.DependencyGraphBuilder] junit:junit is excluded from org.apache.ant:ant-junit:1.9.4(runtime).
09:37:03.994 [DEBUG] [org.gradle.api.internal.artifacts.ivyservice.resolveengine.graph.DependencyGraphBuilder] Visiting dependency org.apache.ant:ant-junit:1.9.4(runtime) -> dependency: org.apache.ant:ant:1.9.4, scope: Compile, optional: false
09:37:03.994 [DEBUG] [org.gradle.api.internal.artifacts.ivyservice.resolveengine.graph.DependencyGraphBuilder] Visiting configuration org.codehaus.groovy:groovy-groovydoc:2.4.11(runtime).
09:37:03.994 [DEBUG] [org.gradle.api.internal.artifacts.ivyservice.resolveengine.graph.DependencyGraphBuilder] Visiting dependency org.codehaus.groovy:groovy-groovydoc:2.4.11(runtime) -> dependency: org.codehaus.groovy:groovy-templates:2.4.11, scope: Compile, optional: false
09:37:03.994 [DEBUG] [org.gradle.api.internal.artifacts.ivyservice.resolveengine.graph.DependencyGraphBuilder] Selecting new module version org.codehaus.groovy:groovy-templates:2.4.11
09:37:03.994 [DEBUG] [org.gradle.api.internal.artifacts.ivyservice.ivyresolve.RepositoryChainComponentMetaDataResolver] Attempting to resolve component for org.codehaus.groovy:groovy-templates:2.4.11 using repositories [MavenLocal, maven, maven2, maven3]
09:37:03.994 [DEBUG] [org.gradle.api.internal.artifacts.ivyservice.ivyresolve.RepositoryChainComponentMetaDataResolver] Using org.codehaus.groovy:groovy-templates:2.4.11 from Maven repository 'maven'
09:37:03.994 [DEBUG] [org.gradle.api.internal.artifacts.ivyservice.resolveengine.graph.DependencyGraphBuilder] Visiting dependency org.codehaus.groovy:groovy-groovydoc:2.4.11(runtime) -> dependency: org.codehaus.groovy:groovy:2.4.11, scope: Compile, optional: false
09:37:03.994 [DEBUG] [org.gradle.api.internal.artifacts.ivyservice.resolveengine.graph.DependencyGraphBuilder] Visiting configuration org.codehaus.groovy:groovy:2.4.11(runtime).
09:37:03.994 [DEBUG] [org.gradle.api.internal.artifacts.ivyservice.resolveengine.graph.DependencyGraphBuilder] Visiting configuration org.apache.ant:ant:1.9.4(runtime).
09:37:03.994 [DEBUG] [org.gradle.api.internal.artifacts.ivyservice.resolveengine.graph.DependencyGraphBuilder] Visiting dependency org.apache.ant:ant:1.9.4(runtime) -> dependency: org.apache.ant:ant-launcher:1.9.4, scope: Compile, optional: false
09:37:03.995 [DEBUG] [org.gradle.api.internal.artifacts.ivyservice.resolveengine.graph.DependencyGraphBuilder] Visiting configuration org.codehaus.groovy:groovy-templates:2.4.11(runtime).
09:37:03.995 [DEBUG] [org.gradle.api.internal.artifacts.ivyservice.resolveengine.graph.DependencyGraphBuilder] Visiting dependency org.codehaus.groovy:groovy-templates:2.4.11(runtime) -> dependency: org.codehaus.groovy:groovy-xml:2.4.11, scope: Compile, optional: false
09:37:03.995 [DEBUG] [org.gradle.api.internal.artifacts.ivyservice.resolveengine.graph.DependencyGraphBuilder] Selecting new module version org.codehaus.groovy:groovy-xml:2.4.11
09:37:03.995 [DEBUG] [org.gradle.api.internal.artifacts.ivyservice.ivyresolve.RepositoryChainComponentMetaDataResolver] Attempting to resolve component for org.codehaus.groovy:groovy-xml:2.4.11 using repositories [MavenLocal, maven, maven2, maven3]
09:37:03.995 [DEBUG] [org.gradle.api.internal.artifacts.ivyservice.ivyresolve.RepositoryChainComponentMetaDataResolver] Using org.codehaus.groovy:groovy-xml:2.4.11 from Maven repository 'maven'
09:37:03.995 [DEBUG] [org.gradle.api.internal.artifacts.ivyservice.resolveengine.graph.DependencyGraphBuilder] Visiting dependency org.codehaus.groovy:groovy-templates:2.4.11(runtime) -> dependency: org.codehaus.groovy:groovy:2.4.11, scope: Compile, optional: false
09:37:03.995 [DEBUG] [org.gradle.api.internal.artifacts.ivyservice.resolveengine.graph.DependencyGraphBuilder] Visiting configuration org.apache.ant:ant-launcher:1.9.4(runtime).
09:37:03.995 [DEBUG] [org.gradle.api.internal.artifacts.ivyservice.resolveengine.graph.DependencyGraphBuilder] Changed edges for org.apache.ant:ant-launcher:1.9.4(runtime) selects same versions as previous traversal. ignoring
09:37:03.995 [DEBUG] [org.gradle.api.internal.artifacts.ivyservice.resolveengine.graph.DependencyGraphBuilder] Visiting configuration org.codehaus.groovy:groovy-xml:2.4.11(runtime).
09:37:03.995 [DEBUG] [org.gradle.api.internal.artifacts.ivyservice.resolveengine.graph.DependencyGraphBuilder] Visiting dependency org.codehaus.groovy:groovy-xml:2.4.11(runtime) -> dependency: org.codehaus.groovy:groovy:2.4.11, scope: Compile, optional: false
09:37:03.995 [DEBUG] [org.gradle.api.internal.artifacts.ivyservice.resolveengine.graph.DependencyGraphBuilder] Visiting configuration org.codehaus.groovy:groovy:2.4.11(runtime).
09:37:03.995 [DEBUG] [org.gradle.api.internal.artifacts.ivyservice.resolveengine.graph.DependencyGraphBuilder] Changed edges for org.codehaus.groovy:groovy:2.4.11(runtime) selects same versions as previous traversal. ignoring
09:37:03.995 [DEBUG] [org.gradle.api.internal.artifacts.ivyservice.resolveengine.oldresult.TransientConfigurationResultsBuilder] Flushing resolved configuration data in Binary store in /private/var/folders/lg/10pd_zzs6lbgkq_mxt9hnq_40000gp/T/gradle4923067349366106501.bin. Wrote root 2.
09:37:04.000 [DEBUG] [org.gradle.api.internal.artifacts.ivyservice.resolveengine.DefaultArtifactDependencyResolver] Resolving configuration 'detachedConfiguration25'
09:37:04.001 [DEBUG] [org.gradle.api.internal.artifacts.ivyservice.ivyresolve.memcache.InMemoryCachedRepositoryFactory] Reusing in-memory cache for repo 'MavenLocal' [7d5236b1643586c7776714a6deab182].
09:37:04.001 [DEBUG] [org.gradle.internal.resource.transport.http.JavaSystemPropertiesProxySettings] Found java system property 'http.nonProxyHosts': local|*.local|169.254/16|*.169.254/16. Will ignore proxy settings for these hosts.
09:37:04.001 [DEBUG] [org.gradle.api.internal.artifacts.ivyservice.ivyresolve.memcache.InMemoryCachedRepositoryFactory] Reusing in-memory cache for repo 'maven' [a084cad2441d39086e90f182aad939c2].
09:37:04.002 [DEBUG] [org.gradle.internal.resource.transport.http.JavaSystemPropertiesProxySettings] Found java system property 'http.nonProxyHosts': local|*.local|169.254/16|*.169.254/16. Will ignore proxy settings for these hosts.
09:37:04.002 [DEBUG] [org.gradle.api.internal.artifacts.ivyservice.ivyresolve.memcache.InMemoryCachedRepositoryFactory] Reusing in-memory cache for repo 'maven2' [26f256bc2a7294bafb250fda8cb4301f].
09:37:04.002 [DEBUG] [org.gradle.internal.resource.transport.http.JavaSystemPropertiesProxySettings] Found java system property 'http.nonProxyHosts': local|*.local|169.254/16|*.169.254/16. Will ignore proxy settings for these hosts.
09:37:04.002 [DEBUG] [org.gradle.api.internal.artifacts.ivyservice.ivyresolve.memcache.InMemoryCachedRepositoryFactory] Reusing in-memory cache for repo 'maven3' [7b8cf9f181d18eb27a2a8240a77dc3d].
09:37:04.002 [DEBUG] [org.gradle.api.internal.artifacts.ivyservice.resolveengine.graph.DependencyGraphBuilder] Visiting configuration fakeyelp:fakeyelp:0.1(detachedConfiguration25).
09:37:04.002 [DEBUG] [org.gradle.api.internal.artifacts.ivyservice.resolveengine.graph.DependencyGraphBuilder] Visiting dependency fakeyelp:fakeyelp:0.1(detachedConfiguration25) -> dependency: org.codehaus.groovy:groovy:2.4.11 from-conf: detachedConfiguration25 to-conf: null
09:37:04.002 [DEBUG] [org.gradle.api.internal.artifacts.ivyservice.resolveengine.graph.DependencyGraphBuilder] Selecting new module version org.codehaus.groovy:groovy:2.4.11
09:37:04.002 [DEBUG] [org.gradle.api.internal.artifacts.ivyservice.ivyresolve.RepositoryChainComponentMetaDataResolver] Attempting to resolve component for org.codehaus.groovy:groovy:2.4.11 using repositories [MavenLocal, maven, maven2, maven3]
09:37:04.003 [DEBUG] [org.gradle.api.internal.artifacts.ivyservice.ivyresolve.RepositoryChainComponentMetaDataResolver] Using org.codehaus.groovy:groovy:2.4.11 from Maven repository 'maven'
09:37:04.003 [DEBUG] [org.gradle.api.internal.artifacts.ivyservice.resolveengine.graph.DependencyGraphBuilder] Visiting dependency fakeyelp:fakeyelp:0.1(detachedConfiguration25) -> dependency: org.codehaus.groovy:groovy-ant:2.4.11 from-conf: detachedConfiguration25 to-conf: null
09:37:04.003 [DEBUG] [org.gradle.api.internal.artifacts.ivyservice.resolveengine.graph.DependencyGraphBuilder] Selecting new module version org.codehaus.groovy:groovy-ant:2.4.11
09:37:04.003 [DEBUG] [org.gradle.api.internal.artifacts.ivyservice.ivyresolve.RepositoryChainComponentMetaDataResolver] Attempting to resolve component for org.codehaus.groovy:groovy-ant:2.4.11 using repositories [MavenLocal, maven, maven2, maven3]
09:37:04.003 [DEBUG] [org.gradle.api.internal.artifacts.ivyservice.ivyresolve.RepositoryChainComponentMetaDataResolver] Using org.codehaus.groovy:groovy-ant:2.4.11 from Maven repository 'maven'
09:37:04.003 [DEBUG] [org.gradle.api.internal.artifacts.ivyservice.resolveengine.graph.DependencyGraphBuilder] Visiting configuration org.codehaus.groovy:groovy:2.4.11(default).
09:37:04.003 [DEBUG] [org.gradle.api.internal.artifacts.ivyservice.resolveengine.graph.DependencyGraphBuilder] Visiting configuration org.codehaus.groovy:groovy-ant:2.4.11(default).
09:37:04.003 [DEBUG] [org.gradle.api.internal.artifacts.ivyservice.resolveengine.graph.DependencyGraphBuilder] Visiting dependency org.codehaus.groovy:groovy-ant:2.4.11(default) -> dependency: org.apache.ant:ant-launcher:1.9.4, scope: Runtime, optional: false
09:37:04.003 [DEBUG] [org.gradle.api.internal.artifacts.ivyservice.resolveengine.graph.DependencyGraphBuilder] Selecting new module version org.apache.ant:ant-launcher:1.9.4
09:37:04.003 [DEBUG] [org.gradle.api.internal.artifacts.ivyservice.ivyresolve.RepositoryChainComponentMetaDataResolver] Attempting to resolve component for org.apache.ant:ant-launcher:1.9.4 using repositories [MavenLocal, maven, maven2, maven3]
09:37:04.003 [DEBUG] [org.gradle.api.internal.artifacts.ivyservice.ivyresolve.RepositoryChainComponentMetaDataResolver] Using org.apache.ant:ant-launcher:1.9.4 from Maven repository 'maven'
09:37:04.003 [DEBUG] [org.gradle.api.internal.artifacts.ivyservice.resolveengine.graph.DependencyGraphBuilder] Visiting dependency org.codehaus.groovy:groovy-ant:2.4.11(default) -> dependency: org.apache.ant:ant-antlr:1.9.4, scope: Runtime, optional: false
09:37:04.003 [DEBUG] [org.gradle.api.internal.artifacts.ivyservice.resolveengine.graph.DependencyGraphBuilder] Selecting new module version org.apache.ant:ant-antlr:1.9.4
09:37:04.003 [DEBUG] [org.gradle.api.internal.artifacts.ivyservice.ivyresolve.RepositoryChainComponentMetaDataResolver] Attempting to resolve component for org.apache.ant:ant-antlr:1.9.4 using repositories [MavenLocal, maven, maven2, maven3]
09:37:04.003 [DEBUG] [org.gradle.api.internal.artifacts.ivyservice.ivyresolve.RepositoryChainComponentMetaDataResolver] Using org.apache.ant:ant-antlr:1.9.4 from Maven repository 'maven'
09:37:04.003 [DEBUG] [org.gradle.api.internal.artifacts.ivyservice.resolveengine.graph.DependencyGraphBuilder] Visiting dependency org.codehaus.groovy:groovy-ant:2.4.11(default) -> dependency: org.apache.ant:ant-junit:1.9.4, scope: Runtime, optional: false
09:37:04.003 [DEBUG] [org.gradle.api.internal.artifacts.ivyservice.resolveengine.graph.DependencyGraphBuilder] Selecting new module version org.apache.ant:ant-junit:1.9.4
09:37:04.003 [DEBUG] [org.gradle.api.internal.artifacts.ivyservice.ivyresolve.RepositoryChainComponentMetaDataResolver] Attempting to resolve component for org.apache.ant:ant-junit:1.9.4 using repositories [MavenLocal, maven, maven2, maven3]
09:37:04.003 [DEBUG] [org.gradle.api.internal.artifacts.ivyservice.ivyresolve.RepositoryChainComponentMetaDataResolver] Using org.apache.ant:ant-junit:1.9.4 from Maven repository 'maven'
09:37:04.004 [DEBUG] [org.gradle.api.internal.artifacts.ivyservice.resolveengine.graph.DependencyGraphBuilder] Visiting dependency org.codehaus.groovy:groovy-ant:2.4.11(default) -> dependency: org.codehaus.groovy:groovy-groovydoc:2.4.11, scope: Compile, optional: false
09:37:04.004 [DEBUG] [org.gradle.api.internal.artifacts.ivyservice.resolveengine.graph.DependencyGraphBuilder] Selecting new module version org.codehaus.groovy:groovy-groovydoc:2.4.11
09:37:04.004 [DEBUG] [org.gradle.api.internal.artifacts.ivyservice.ivyresolve.RepositoryChainComponentMetaDataResolver] Attempting to resolve component for org.codehaus.groovy:groovy-groovydoc:2.4.11 using repositories [MavenLocal, maven, maven2, maven3]
09:37:04.004 [DEBUG] [org.gradle.api.internal.artifacts.ivyservice.ivyresolve.RepositoryChainComponentMetaDataResolver] Using org.codehaus.groovy:groovy-groovydoc:2.4.11 from Maven repository 'maven'
09:37:04.004 [DEBUG] [org.gradle.api.internal.artifacts.ivyservice.resolveengine.graph.DependencyGraphBuilder] Visiting dependency org.codehaus.groovy:groovy-ant:2.4.11(default) -> dependency: org.codehaus.groovy:groovy:2.4.11, scope: Compile, optional: false
09:37:04.004 [DEBUG] [org.gradle.api.internal.artifacts.ivyservice.resolveengine.graph.DependencyGraphBuilder] Visiting dependency org.codehaus.groovy:groovy-ant:2.4.11(default) -> dependency: org.apache.ant:ant:1.9.4, scope: Compile, optional: false
09:37:04.004 [DEBUG] [org.gradle.api.internal.artifacts.ivyservice.resolveengine.graph.DependencyGraphBuilder] Selecting new module version org.apache.ant:ant:1.9.4
09:37:04.004 [DEBUG] [org.gradle.api.internal.artifacts.ivyservice.ivyresolve.RepositoryChainComponentMetaDataResolver] Attempting to resolve component for org.apache.ant:ant:1.9.4 using repositories [MavenLocal, maven, maven2, maven3]
09:37:04.004 [DEBUG] [org.gradle.api.internal.artifacts.ivyservice.ivyresolve.RepositoryChainComponentMetaDataResolver] Using org.apache.ant:ant:1.9.4 from Maven repository 'maven'
09:37:04.004 [DEBUG] [org.gradle.api.internal.artifacts.ivyservice.resolveengine.graph.DependencyGraphBuilder] Visiting configuration org.apache.ant:ant-launcher:1.9.4(runtime).
09:37:04.004 [DEBUG] [org.gradle.api.internal.artifacts.ivyservice.resolveengine.graph.DependencyGraphBuilder] Visiting configuration org.apache.ant:ant-antlr:1.9.4(runtime).
09:37:04.004 [DEBUG] [org.gradle.api.internal.artifacts.ivyservice.resolveengine.graph.DependencyGraphBuilder] Visiting configuration org.apache.ant:ant-junit:1.9.4(runtime).
09:37:04.004 [DEBUG] [org.gradle.api.internal.artifacts.ivyservice.resolveengine.graph.DependencyGraphBuilder] junit:junit is excluded from org.apache.ant:ant-junit:1.9.4(runtime).
09:37:04.004 [DEBUG] [org.gradle.api.internal.artifacts.ivyservice.resolveengine.graph.DependencyGraphBuilder] Visiting dependency org.apache.ant:ant-junit:1.9.4(runtime) -> dependency: org.apache.ant:ant:1.9.4, scope: Compile, optional: false
09:37:04.004 [DEBUG] [org.gradle.api.internal.artifacts.ivyservice.resolveengine.graph.DependencyGraphBuilder] Visiting configuration org.codehaus.groovy:groovy-groovydoc:2.4.11(runtime).
09:37:04.004 [DEBUG] [org.gradle.api.internal.artifacts.ivyservice.resolveengine.graph.DependencyGraphBuilder] Visiting dependency org.codehaus.groovy:groovy-groovydoc:2.4.11(runtime) -> dependency: org.codehaus.groovy:groovy-templates:2.4.11, scope: Compile, optional: false
09:37:04.004 [DEBUG] [org.gradle.api.internal.artifacts.ivyservice.resolveengine.graph.DependencyGraphBuilder] Selecting new module version org.codehaus.groovy:groovy-templates:2.4.11
09:37:04.004 [DEBUG] [org.gradle.api.internal.artifacts.ivyservice.ivyresolve.RepositoryChainComponentMetaDataResolver] Attempting to resolve component for org.codehaus.groovy:groovy-templates:2.4.11 using repositories [MavenLocal, maven, maven2, maven3]
09:37:04.004 [DEBUG] [org.gradle.api.internal.artifacts.ivyservice.ivyresolve.RepositoryChainComponentMetaDataResolver] Using org.codehaus.groovy:groovy-templates:2.4.11 from Maven repository 'maven'
09:37:04.004 [DEBUG] [org.gradle.api.internal.artifacts.ivyservice.resolveengine.graph.DependencyGraphBuilder] Visiting dependency org.codehaus.groovy:groovy-groovydoc:2.4.11(runtime) -> dependency: org.codehaus.groovy:groovy:2.4.11, scope: Compile, optional: false
09:37:04.004 [DEBUG] [org.gradle.api.internal.artifacts.ivyservice.resolveengine.graph.DependencyGraphBuilder] Visiting configuration org.codehaus.groovy:groovy:2.4.11(runtime).
09:37:04.005 [DEBUG] [org.gradle.api.internal.artifacts.ivyservice.resolveengine.graph.DependencyGraphBuilder] Visiting configuration org.apache.ant:ant:1.9.4(runtime).
09:37:04.005 [DEBUG] [org.gradle.api.internal.artifacts.ivyservice.resolveengine.graph.DependencyGraphBuilder] Visiting dependency org.apache.ant:ant:1.9.4(runtime) -> dependency: org.apache.ant:ant-launcher:1.9.4, scope: Compile, optional: false
09:37:04.005 [DEBUG] [org.gradle.api.internal.artifacts.ivyservice.resolveengine.graph.DependencyGraphBuilder] Visiting configuration org.codehaus.groovy:groovy-templates:2.4.11(runtime).
09:37:04.005 [DEBUG] [org.gradle.api.internal.artifacts.ivyservice.resolveengine.graph.DependencyGraphBuilder] Visiting dependency org.codehaus.groovy:groovy-templates:2.4.11(runtime) -> dependency: org.codehaus.groovy:groovy-xml:2.4.11, scope: Compile, optional: false
09:37:04.005 [DEBUG] [org.gradle.api.internal.artifacts.ivyservice.resolveengine.graph.DependencyGraphBuilder] Selecting new module version org.codehaus.groovy:groovy-xml:2.4.11
09:37:04.005 [DEBUG] [org.gradle.api.internal.artifacts.ivyservice.ivyresolve.RepositoryChainComponentMetaDataResolver] Attempting to resolve component for org.codehaus.groovy:groovy-xml:2.4.11 using repositories [MavenLocal, maven, maven2, maven3]
09:37:04.005 [DEBUG] [org.gradle.api.internal.artifacts.ivyservice.ivyresolve.RepositoryChainComponentMetaDataResolver] Using org.codehaus.groovy:groovy-xml:2.4.11 from Maven repository 'maven'
09:37:04.005 [DEBUG] [org.gradle.api.internal.artifacts.ivyservice.resolveengine.graph.DependencyGraphBuilder] Visiting dependency org.codehaus.groovy:groovy-templates:2.4.11(runtime) -> dependency: org.codehaus.groovy:groovy:2.4.11, scope: Compile, optional: false
09:37:04.005 [DEBUG] [org.gradle.api.internal.artifacts.ivyservice.resolveengine.graph.DependencyGraphBuilder] Visiting configuration org.apache.ant:ant-launcher:1.9.4(runtime).
09:37:04.005 [DEBUG] [org.gradle.api.internal.artifacts.ivyservice.resolveengine.graph.DependencyGraphBuilder] Changed edges for org.apache.ant:ant-launcher:1.9.4(runtime) selects same versions as previous traversal. ignoring
09:37:04.005 [DEBUG] [org.gradle.api.internal.artifacts.ivyservice.resolveengine.graph.DependencyGraphBuilder] Visiting configuration org.codehaus.groovy:groovy-xml:2.4.11(runtime).
09:37:04.005 [DEBUG] [org.gradle.api.internal.artifacts.ivyservice.resolveengine.graph.DependencyGraphBuilder] Visiting dependency org.codehaus.groovy:groovy-xml:2.4.11(runtime) -> dependency: org.codehaus.groovy:groovy:2.4.11, scope: Compile, optional: false
09:37:04.005 [DEBUG] [org.gradle.api.internal.artifacts.ivyservice.resolveengine.graph.DependencyGraphBuilder] Visiting configuration org.codehaus.groovy:groovy:2.4.11(runtime).
09:37:04.005 [DEBUG] [org.gradle.api.internal.artifacts.ivyservice.resolveengine.graph.DependencyGraphBuilder] Changed edges for org.codehaus.groovy:groovy:2.4.11(runtime) selects same versions as previous traversal. ignoring
09:37:04.005 [DEBUG] [org.gradle.api.internal.artifacts.ivyservice.resolveengine.oldresult.TransientConfigurationResultsBuilder] Flushing resolved configuration data in Binary store in /private/var/folders/lg/10pd_zzs6lbgkq_mxt9hnq_40000gp/T/gradle4923067349366106501.bin. Wrote root 2.
09:37:04.006 [DEBUG] [org.gradle.api.internal.tasks.compile.NormalizingGroovyCompiler] Java compiler arguments: -source 1.8 -target 1.8 -d /Users/michaelmennis/grails_dev/fakeyelp/build/classes/main -g -sourcepath /Users/michaelmennis/grails_dev/fakeyelp/build/tmp/compileGroovy/emptySourcePathRef -classpath /Users/michaelmennis/.gradle/caches/modules-2/files-2.1/org.springframework.boot/spring-boot-starter-logging/1.5.4.RELEASE/6b4364cfee82890ce9a9c2c59066f3a6e525debd/spring-boot-starter-logging-1.5.4.RELEASE.jar:/Users/michaelmennis/.gradle/caches/modules-2/files-2.1/org.springframework.boot/spring-boot-autoconfigure/1.5.4.RELEASE/5591fa7358d950f374532c7d92dccf113ebfa1bb/spring-boot-autoconfigure-1.5.4.RELEASE.jar:/Users/michaelmennis/.gradle/caches/modules-2/files-2.1/org.grails/grails-core/3.3.0/255a93e9ce20367b66217c435c820dfafa22b522/grails-core-3.3.0.jar:/Users/michaelmennis/.gradle/caches/modules-2/files-2.1/org.springframework.boot/spring-boot-starter-actuator/1.5.4.RELEASE/10f526d22f58a32a8c3af26ccb0a6f16f4649935/spring-boot-starter-actuator-1.5.4.RELEASE.jar:/Users/michaelmennis/.gradle/caches/modules-2/files-2.1/org.springframework.boot/spring-boot-starter-tomcat/1.5.4.RELEASE/d7e26f1d0e594bd1aab7da227649fc12c1958416/spring-boot-starter-tomcat-1.5.4.RELEASE.jar:/Users/michaelmennis/.gradle/caches/modules-2/files-2.1/org.grails/grails-web-boot/3.3.0/36f9f00eccf77cbf13853b1aeac8c8e18f02f8ec/grails-web-boot-3.3.0.jar:/Users/michaelmennis/.gradle/caches/modules-2/files-2.1/org.grails/grails-logging/3.3.0/76509fc3d6f8c98a47516b2491fe094a48565d1e/grails-logging-3.3.0.jar:/Users/michaelmennis/.gradle/caches/modules-2/files-2.1/org.grails/grails-plugin-rest/3.3.0/377755023c8a739decae53eef2b455508a50b03b/grails-plugin-rest-3.3.0.jar:/Users/michaelmennis/.gradle/caches/modules-2/files-2.1/org.grails/grails-plugin-databinding/3.3.0/748320c551d8176e45cbf32ae8a9e5188af83e12/grails-plugin-databinding-3.3.0.jar:/Users/michaelmennis/.gradle/caches/modules-2/files-2.1/org.grails/grails-plugin-i18n/3.3.0/dc4faa0d2038c884f3d95ed49262874973d3a436/grails-plugin-i18n-3.3.0.jar:/Users/michaelmennis/.gradle/caches/modules-2/files-2.1/org.grails/grails-plugin-services/3.3.0/3a241ac30b3056e24b3e017e669c6118c1a9d19f/grails-plugin-services-3.3.0.jar:/Users/michaelmennis/.gradle/caches/modules-2/files-2.1/org.grails/grails-plugin-url-mappings/3.3.0/df7a2ef0b11a3c07f2cd1815b1d2c2722d4e75fe/grails-plugin-url-mappings-3.3.0.jar:/Users/michaelmennis/.gradle/caches/modules-2/files-2.1/org.grails/grails-plugin-interceptors/3.3.0/9864d7565f9623c76a0daafafe0ca45ca31cd46d/grails-plugin-interceptors-3.3.0.jar:/Users/michaelmennis/.gradle/caches/modules-2/files-2.1/org.grails.plugins/cache/4.0.0/72be24e2f8b3e5407048f5cc5186dcd32e8de841/cache-4.0.0.jar:/Users/michaelmennis/.gradle/caches/modules-2/files-2.1/org.grails.plugins/async/3.3.0/92d772e45c110e6052114f0aec29c59d8ae0d904/async-3.3.0.jar:/Users/michaelmennis/.gradle/caches/modules-2/files-2.1/org.grails.plugins/scaffolding/3.3.3/84c5d0b6452caa16edf90248c99d1033544eb993/scaffolding-3.3.3.jar:/Users/michaelmennis/.gradle/caches/modules-2/files-2.1/org.grails.plugins/events/3.3.0/3df6529c92e6d5b6932c3341af62b5689cffb46/events-3.3.0.jar:/Users/michaelmennis/.gradle/caches/modules-2/files-2.1/org.grails.plugins/hibernate5/6.1.6/c7f1bb43b5229be989d827eaa9d432f056ed53bf/hibernate5-6.1.6.jar:/Users/michaelmennis/.gradle/caches/modules-2/files-2.1/org.hibernate/hibernate-core/5.1.5.Final/28366d161d448e82370e5bbd871eb2835ba0fb7b/hibernate-core-5.1.5.Final.jar:/Users/michaelmennis/.gradle/caches/modules-2/files-2.1/org.grails.plugins/gsp/3.3.0/207d8d9c87e33608297fcd9a97c2105043774287/gsp-3.3.0.jar:/Users/michaelmennis/.gradle/caches/modules-2/files-2.1/ch.qos.logback/logback-classic/1.1.11/ccedfbacef4a6515d2983e3f89ed753d5d4fb665/logback-classic-1.1.11.jar:/Users/michaelmennis/.gradle/caches/modules-2/files-2.1/org.slf4j/jcl-over-slf4j/1.7.25/f8c32b13ff142a513eeb5b6330b1588dcb2c0461/jcl-over-slf4j-1.7.25.jar:/Users/michaelmennis/.gradle/caches/modules-2/files-2.1/org.slf4j/jul-to-slf4j/1.7.25/af5364cd6679bfffb114f0dec8a157aaa283b76/jul-to-slf4j-1.7.25.jar:/Users/michaelmennis/.gradle/caches/modules-2/files-2.1/org.slf4j/log4j-over-slf4j/1.7.25/a87bb47468f47ee7aabbd54f93e133d4215769c3/log4j-over-slf4j-1.7.25.jar:/Users/michaelmennis/.gradle/caches/modules-2/files-2.1/org.springframework.boot/spring-boot/1.5.4.RELEASE/cf51bb0751c1362a417eb59824d27d2907780d2/spring-boot-1.5.4.RELEASE.jar:/Users/michaelmennis/.gradle/caches/modules-2/files-2.1/org.codehaus.groovy/groovy/2.4.11/52a60df8b4cbfe39469171a42ca77a3e4eb4e737/groovy-2.4.11.jar:/Users/michaelmennis/.gradle/caches/modules-2/files-2.1/org.slf4j/slf4j-api/1.7.25/da76ca59f6a57ee3102f8f9bd9cee742973efa8a/slf4j-api-1.7.25.jar:/Users/michaelmennis/.gradle/caches/modules-2/files-2.1/org.hibernate.javax.persistence/hibernate-jpa-2.1-api/1.0.0.Final/5e731d961297e5a07290bfaf3db1fbc8bbbf405a/hibernate-jpa-2.1-api-1.0.0.Final.jar:/Users/michaelmennis/.m2/repository/com/googlecode/concurrentlinkedhashmap/concurrentlinkedhashmap-lru/1.4.2/concurrentlinkedhashmap-lru-1.4.2.jar:/Users/michaelmennis/.gradle/caches/modules-2/files-2.1/org.springframework/spring-core/4.3.9.RELEASE/430b7298bfb85d66fb61e19ca8f06231b911e9f5/spring-core-4.3.9.RELEASE.jar:/Users/michaelmennis/.gradle/caches/modules-2/files-2.1/org.springframework/spring-tx/4.3.9.RELEASE/7a7b1775e1e604841f8b619e110e43d9929c37ab/spring-tx-4.3.9.RELEASE.jar:/Users/michaelmennis/.gradle/caches/modules-2/files-2.1/org.springframework/spring-beans/4.3.9.RELEASE/daa5abf3779c8cad1a2910e1ea08e4272489d8ae/spring-beans-4.3.9.RELEASE.jar:/Users/michaelmennis/.gradle/caches/modules-2/files-2.1/org.springframework/spring-context/4.3.9.RELEASE/a186823724f03b98becd5f93b1fa107fe6f7a7ff/spring-context-4.3.9.RELEASE.jar:/Users/michaelmennis/.gradle/caches/modules-2/files-2.1/org.grails/grails-bootstrap/3.3.0/bee9828a4d0e6cd3a3d404512614ed1ee3b7d36b/grails-bootstrap-3.3.0.jar:/Users/michaelmennis/.gradle/caches/modules-2/files-2.1/org.grails/grails-spring/3.3.0/2ec60d186ee0a9bf42cb514c392282771a419b8d/grails-spring-3.3.0.jar:/Users/michaelmennis/.gradle/caches/modules-2/files-2.1/org.grails/grails-datastore-core/6.1.6.RELEASE/ec5403831ce08708a4525755e86bcb944476e70d/grails-datastore-core-6.1.6.RELEASE.jar:/Users/michaelmennis/.m2/repository/xalan/serializer/2.7.2/serializer-2.7.2.jar:/Users/michaelmennis/.gradle/caches/modules-2/files-2.1/org.springframework.boot/spring-boot-starter/1.5.4.RELEASE/74d5aa641503ddd12833c82cc19b295f9f40e8fa/spring-boot-starter-1.5.4.RELEASE.jar:/Users/michaelmennis/.gradle/caches/modules-2/files-2.1/org.springframework.boot/spring-boot-actuator/1.5.4.RELEASE/6fed8833ba044e22a2924f8fe70db4f126be7489/spring-boot-actuator-1.5.4.RELEASE.jar:/Users/michaelmennis/.gradle/caches/modules-2/files-2.1/org.apache.tomcat.embed/tomcat-embed-core/8.5.15/f197a93ae66212767b004fd93d7a1a8ea62bc3fa/tomcat-embed-core-8.5.15.jar:/Users/michaelmennis/.gradle/caches/modules-2/files-2.1/org.apache.tomcat.embed/tomcat-embed-el/8.5.15/e4000e5386056eeebb43bf71e7d30c58d2473166/tomcat-embed-el-8.5.15.jar:/Users/michaelmennis/.gradle/caches/modules-2/files-2.1/org.apache.tomcat.embed/tomcat-embed-websocket/8.5.15/a92b066b0ea9ee1cb05b7d5e4bfed4ad8898f741/tomcat-embed-websocket-8.5.15.jar:/Users/michaelmennis/.gradle/caches/modules-2/files-2.1/org.grails/grails-web-common/3.3.0/9796c1880f90819a3d967c7b60ccd503d850f6f2/grails-web-common-3.3.0.jar:/Users/michaelmennis/.gradle/caches/modules-2/files-2.1/org.grails/grails-web/3.3.0/b2b3e4cd775169863734da3f79acf2a079d6d9f4/grails-web-3.3.0.jar:/Users/michaelmennis/.gradle/caches/modules-2/files-2.1/org.grails/grails-plugin-controllers/3.3.0/458466035737211e5ae09b9b62bed61d7220249a/grails-plugin-controllers-3.3.0.jar:/Users/michaelmennis/.gradle/caches/modules-2/files-2.1/org.grails/grails-plugin-datasource/3.3.0/e96112616bc65dd920f2cfc725de10cb716e5483/grails-plugin-datasource-3.3.0.jar:/Users/michaelmennis/.gradle/caches/modules-2/files-2.1/org.grails.plugins/converters/3.3.0/531bcff1aa1f98d7ae50a8fadd690c7dd2888a93/converters-3.3.0.jar:/Users/michaelmennis/.gradle/caches/modules-2/files-2.1/org.grails/grails-validation/3.3.0/6b4f40ddf6245fe52649320432fd34cd48c57883/grails-validation-3.3.0.jar:/Users/michaelmennis/.gradle/caches/modules-2/files-2.1/org.javassist/javassist/3.21.0-GA/598244f595db5c5fb713731eddbb1c91a58d959b/javassist-3.21.0-GA.jar:/Users/michaelmennis/.gradle/caches/modules-2/files-2.1/org.grails/grails-async/3.3.0/f50982b9d3aa7ea37336ca69a3a027bf8b87b29b/grails-async-3.3.0.jar:/Users/michaelmennis/.gradle/caches/modules-2/files-2.1/org.grails.plugins/fields/2.1.5/74ccc593e1088b224449b0a31f6132211ac8ee47/fields-2.1.5.jar:/Users/michaelmennis/.gradle/caches/modules-2/files-2.1/org.grails/grails-events/3.3.0/1631acc33606179319ca44d57af8bc2c2db91b9/grails-events-3.3.0.jar:/Users/michaelmennis/.gradle/caches/modules-2/files-2.1/org.grails/grails-events-transform/3.3.0/8627740511bb37d2ac100ef22813b89fa664ebe5/grails-events-transform-3.3.0.jar:/Users/michaelmennis/.gradle/caches/modules-2/files-2.1/org.grails/grails-events-compat/3.3.0/206a3c79a79b799ab72b5cc9da8797c9a5c932b9/grails-events-compat-3.3.0.jar:/Users/michaelmennis/.gradle/caches/modules-2/files-2.1/org.grails/grails-datastore-web/6.1.6.RELEASE/f09bd65e28503797e4ea31534d2f57ed4e0fc6ff/grails-datastore-web-6.1.6.RELEASE.jar:/Users/michaelmennis/.gradle/caches/modules-2/files-2.1/org.grails/grails-datastore-gorm-support/6.1.6.RELEASE/f365df7d32d534cf1f1994302b38705ec787056b/grails-datastore-gorm-support-6.1.6.RELEASE.jar:/Users/michaelmennis/.gradle/caches/modules-2/files-2.1/org.grails/grails-datastore-gorm-hibernate5/6.1.6.RELEASE/1ee42c7ede3f81020dbbfe9b692fc4f249d60897/grails-datastore-gorm-hibernate5-6.1.6.RELEASE.jar:/Users/michaelmennis/.gradle/caches/modules-2/files-2.1/org.springframework/spring-orm/4.3.9.RELEASE/ea9de867a7b686744f0e0bc1ecfcc9d3844e4cd7/spring-orm-4.3.9.RELEASE.jar:/Users/michaelmennis/.gradle/caches/modules-2/files-2.1/org.jboss.logging/jboss-logging/3.3.1.Final/c46217ab74b532568c0ed31dc599db3048bd1b67/jboss-logging-3.3.1.Final.jar:/Users/michaelmennis/.m2/repository/antlr/antlr/2.7.7/antlr-2.7.7.jar:/Users/michaelmennis/.m2/repository/org/apache/geronimo/specs/geronimo-jta_1.1_spec/1.1.1/geronimo-jta_1.1_spec-1.1.1.jar:/Users/michaelmennis/.gradle/caches/modules-2/files-2.1/org.jboss/jandex/2.0.3.Final/bfc4d6257dbff7a33a357f0de116be6ff951d849/jandex-2.0.3.Final.jar:/Users/michaelmennis/.gradle/caches/modules-2/files-2.1/com.fasterxml/classmate/1.3.3/864c8e370a691e343210cc7c532fc198cee460d8/classmate-1.3.3.jar:/Users/michaelmennis/.m2/repository/dom4j/dom4j/1.6.1/dom4j-1.6.1.jar:/Users/michaelmennis/.gradle/caches/modules-2/files-2.1/org.hibernate.common/hibernate-commons-annotations/5.0.1.Final/71e1cff3fcb20d3b3af4f3363c3ddb24d33c6879/hibernate-commons-annotations-5.0.1.Final.jar:/Users/michaelmennis/.gradle/caches/modules-2/files-2.1/org.grails/grails-web-jsp/3.3.0/83df1e17ef4301c34db377e817bdb6a842e82b8e/grails-web-jsp-3.3.0.jar:/Users/michaelmennis/.gradle/caches/modules-2/files-2.1/org.grails/grails-web-gsp-taglib/3.3.0/72e3b9636f0a777bebfeb117e3b2f95defd44959/grails-web-gsp-taglib-3.3.0.jar:/Users/michaelmennis/.m2/repository/commons-lang/commons-lang/2.6/commons-lang-2.6.jar:/Users/michaelmennis/.gradle/caches/modules-2/files-2.1/org.grails/grails-plugin-codecs/3.3.0/d34f5e87c7d01e3a99fafc0a50e0e80d73335759/grails-plugin-codecs-3.3.0.jar:/Users/michaelmennis/.gradle/caches/modules-2/files-2.1/ch.qos.logback/logback-core/1.1.11/88b8df40340eed549fb07e2613879bf6b006704d/logback-core-1.1.11.jar:/Users/michaelmennis/.m2/repository/commons-logging/commons-logging/1.2/commons-logging-1.2.jar:/Users/michaelmennis/.gradle/caches/modules-2/files-2.1/org.springframework/spring-aop/4.3.9.RELEASE/95f5f5cf3cae64266a89dc1bc9e0484425cd8358/spring-aop-4.3.9.RELEASE.jar:/Users/michaelmennis/.gradle/caches/modules-2/files-2.1/org.springframework/spring-expression/4.3.9.RELEASE/4edca6913da9e62a6586714e053e01a61952a153/spring-expression-4.3.9.RELEASE.jar:/Users/michaelmennis/.gradle/caches/modules-2/files-2.1/org.codehaus.groovy/groovy-xml/2.4.11/5841f1ac5141c7a930ec0c28b14dacdfbc5640e6/groovy-xml-2.4.11.jar:/Users/michaelmennis/.gradle/caches/modules-2/files-2.1/org.codehaus.groovy/groovy-templates/2.4.11/2c091b3dd45a99376e696e8f2d04cfcfb4da6a96/groovy-templates-2.4.11.jar:/Users/michaelmennis/.gradle/caches/modules-2/files-2.1/org.yaml/snakeyaml/1.17/7a27ea250c5130b2922b86dea63cbb1cc10a660c/snakeyaml-1.17.jar:/Users/michaelmennis/.m2/repository/javax/transaction/jta/1.1/jta-1.1.jar:/Users/michaelmennis/.gradle/caches/modules-2/files-2.1/com.fasterxml.jackson.core/jackson-databind/2.8.8/bf88c7b27e95cbadce4e7c316a56c3efffda8026/jackson-databind-2.8.8.jar:/Users/michaelmennis/.gradle/caches/modules-2/files-2.1/org.grails/grails-databinding/3.3.0/29d2edc86dda4126afe6d1802c44f6d5d38136f5/grails-databinding-3.3.0.jar:/Users/michaelmennis/.gradle/caches/modules-2/files-2.1/org.grails/grails-encoder/3.3.0/c7c305636ad08d4e6f846a51e9079a79b1a1eaa0/grails-encoder-3.3.0.jar:/Users/michaelmennis/.gradle/caches/modules-2/files-2.1/org.grails/grails-gsp/3.3.0/58e246e986a5d293806b3768d8efb73b1dc71047/grails-gsp-3.3.0.jar:/Users/michaelmennis/.gradle/caches/modules-2/files-2.1/org.springframework/spring-webmvc/4.3.9.RELEASE/ca80b4a00abc388d8046bf372099f35564371c47/spring-webmvc-4.3.9.RELEASE.jar:/Users/michaelmennis/.gradle/caches/modules-2/files-2.1/org.springframework/spring-context-support/4.3.9.RELEASE/89a700b072aaa699c2c389a86505e03df8d9b634/spring-context-support-4.3.9.RELEASE.jar:/Users/michaelmennis/.gradle/caches/modules-2/files-2.1/org.grails/grails-web-databinding/3.3.0/132151b730e5ca858454f985d02ff3a7f93825dd/grails-web-databinding-3.3.0.jar:/Users/michaelmennis/.gradle/caches/modules-2/files-2.1/org.grails/grails-web-url-mappings/3.3.0/790afa755a50c62c6d359e67f20791f30a0e2ff0/grails-web-url-mappings-3.3.0.jar:/Users/michaelmennis/.gradle/caches/modules-2/files-2.1/org.grails/grails-web-mvc/3.3.0/e80077c3ec7613e108cece41ad24985e990ba226/grails-web-mvc-3.3.0.jar:/Users/michaelmennis/.gradle/caches/modules-2/files-2.1/org.grails/grails-web-gsp/3.3.0/e0cd55173b03fca8b1caabde8633a4592d0e5dd3/grails-web-gsp-3.3.0.jar:/Users/michaelmennis/.gradle/caches/modules-2/files-2.1/org.grails/grails-web-sitemesh/3.3.0/93ce68536c5806bcfc2b4a65cf57971f4bd0d2ce/grails-web-sitemesh-3.3.0.jar:/Users/michaelmennis/.gradle/caches/modules-2/files-2.1/org.grails/grails-plugin-mimetypes/3.3.0/8de505bb83d990357416a8d3d3ec00c352a9a20/grails-plugin-mimetypes-3.3.0.jar:/Users/michaelmennis/.gradle/caches/modules-2/files-2.1/org.grails/grails-plugin-validation/3.3.0/adecffd00c3ff79e27b148dd31078161307e675c/grails-plugin-validation-3.3.0.jar:/Users/michaelmennis/.gradle/caches/modules-2/files-2.1/org.grails/grails-plugin-domain-class/3.3.0/441b4b426db9089706e2d5ac84c2cd80f4f55c9e/grails-plugin-domain-class-3.3.0.jar:/Users/michaelmennis/.gradle/caches/modules-2/files-2.1/org.springframework/spring-jdbc/4.3.9.RELEASE/ef8476b954a4211a21147b3ae15996443a76c6f8/spring-jdbc-4.3.9.RELEASE.jar:/Users/michaelmennis/.gradle/caches/modules-2/files-2.1/org.codehaus.groovy/groovy-sql/2.4.11/7dc8cd811a8a575a45570d4870e59dd101add69b/groovy-sql-2.4.11.jar:/Users/michaelmennis/.gradle/caches/modules-2/files-2.1/org.grails/grails-datastore-gorm/6.1.6.RELEASE/6da3526650e1b1da7282d89bfdd394c3a787acd9/grails-datastore-gorm-6.1.6.RELEASE.jar:/Users/michaelmennis/.gradle/caches/modules-2/files-2.1/org.apache.tomcat.embed/tomcat-embed-logging-log4j/8.5.2/53bdd1eebc7393713261d178ac096a742423f940/tomcat-embed-logging-log4j-8.5.2.jar:/Users/michaelmennis/.gradle/caches/modules-2/files-2.1/org.grails/grails-datastore-gorm-validation/6.1.6.RELEASE/7d7fbf1a731ba45c1bbbf9eb749a7387032dd0bc/grails-datastore-gorm-validation-6.1.6.RELEASE.jar:/Users/michaelmennis/.gradle/caches/modules-2/files-2.1/org.springframework/spring-web/4.3.9.RELEASE/91dae64c4280093ad5fb4736a10913c9233479c1/spring-web-4.3.9.RELEASE.jar:/Users/michaelmennis/.gradle/caches/modules-2/files-2.1/org.grails/grails-datastore-gorm-hibernate-core/6.1.6.RELEASE/658edfe541f77d759bd1607cd0c55148e3aed128/grails-datastore-gorm-hibernate-core-6.1.6.RELEASE.jar:/Users/michaelmennis/.gradle/caches/modules-2/files-2.1/org.hibernate/hibernate-validator/5.3.5.Final/622a9bcef2eed6d41b5b8e0662c36212009e375/hibernate-validator-5.3.5.Final.jar:/Users/michaelmennis/.gradle/caches/modules-2/files-2.1/javax.el/javax.el-api/2.2.4/1287562cc3f0ff5439ded6f2949e73ce1c0edaab/javax.el-api-2.2.4.jar:/Users/michaelmennis/.m2/repository/xml-apis/xml-apis/1.4.01/xml-apis-1.4.01.jar:/Users/michaelmennis/.gradle/caches/modules-2/files-2.1/org.grails/grails-codecs/3.3.0/f6eda2890fd857e81db689b9cc3ea1a1e0f664fd/grails-codecs-3.3.0.jar:/Users/michaelmennis/.gradle/caches/modules-2/files-2.1/com.fasterxml.jackson.core/jackson-annotations/2.8.0/45b426f7796b741035581a176744d91090e2e6fb/jackson-annotations-2.8.0.jar:/Users/michaelmennis/.gradle/caches/modules-2/files-2.1/com.fasterxml.jackson.core/jackson-core/2.8.8/d478fb6de45a7c3d2cad07c8ad70c7f0a797a020/jackson-core-2.8.8.jar:/Users/michaelmennis/.gradle/caches/modules-2/files-2.1/org.codehaus.groovy/groovy-json/2.4.11/98b01ddd7811e27b8bb7900e3ea029d86f243e10/groovy-json-2.4.11.jar:/Users/michaelmennis/.gradle/caches/modules-2/files-2.1/org.grails/grails-taglib/3.3.0/38a8e5db6edc038642399f0b01268647f50e8acf/grails-taglib-3.3.0.jar:/Users/michaelmennis/.gradle/caches/modules-2/files-2.1/org.grails/grails-web-taglib/3.3.0/7605089e33d591b25afdbb342c4babe332cda23f/grails-web-taglib-3.3.0.jar:/Users/michaelmennis/.gradle/caches/modules-2/files-2.1/opensymphony/sitemesh/2.4/fa84c82cce30a9a632c08dd2277d63993d972cf5/sitemesh-2.4.jar:/Users/michaelmennis/.gradle/caches/modules-2/files-2.1/commons-validator/commons-validator/1.5.1/86d05a46e8f064b300657f751b5a98c62807e2a0/commons-validator-1.5.1.jar:/Users/michaelmennis/.m2/repository/javax/validation/validation-api/1.1.0.Final/validation-api-1.1.0.Final.jar:/Users/michaelmennis/.m2/repository/commons-codec/commons-codec/1.10/commons-codec-1.10.jar:/Users/michaelmennis/.m2/repository/commons-collections/commons-collections/3.2.2/commons-collections-3.2.2.jar:/Users/michaelmennis/grails_dev/fakeyelp/build/classes/main /Users/michaelmennis/grails_dev/fakeyelp/grails-app/controllers/fakeyelp/BusinessController.groovy /Users/michaelmennis/grails_dev/fakeyelp/grails-app/controllers/fakeyelp/HelloController.groovy /Users/michaelmennis/grails_dev/fakeyelp/grails-app/controllers/fakeyelp/MockYelpController.groovy /Users/michaelmennis/grails_dev/fakeyelp/grails-app/controllers/fakeyelp/UrlMappings.groovy /Users/michaelmennis/grails_dev/fakeyelp/grails-app/init/fakeyelp/Application.groovy /Users/michaelmennis/grails_dev/fakeyelp/grails-app/init/fakeyelp/BootStrap.groovy -XDuseUnsharedTable=true
09:37:04.007 [DEBUG] [org.gradle.api.internal.tasks.compile.daemon.CompilerDaemonStarter] Starting Gradle compiler daemon with fork options DaemonForkOptions{minHeapSize=null, maxHeapSize=null, jvmArgs=[], classpath=[/Users/michaelmennis/.gradle/caches/modules-2/files-2.1/org.codehaus.groovy/groovy/2.4.11/52a60df8b4cbfe39469171a42ca77a3e4eb4e737/groovy-2.4.11.jar, /Users/michaelmennis/.gradle/caches/modules-2/files-2.1/org.codehaus.groovy/groovy-ant/2.4.11/1fa8c2c0ff134cfe0850d4bb4417bf93afee8775/groovy-ant-2.4.11.jar, /Users/michaelmennis/.gradle/caches/modules-2/files-2.1/org.apache.ant/ant-launcher/1.9.4/334b62cb4be0432769679e8b94e83f8fd5ed395c/ant-launcher-1.9.4.jar, /Users/michaelmennis/.gradle/caches/modules-2/files-2.1/org.apache.ant/ant-antlr/1.9.4/4cf30025981dc2344324a0ef0e40063c3ef08f0a/ant-antlr-1.9.4.jar, /Users/michaelmennis/.gradle/caches/modules-2/files-2.1/org.apache.ant/ant-junit/1.9.4/b063757dacaa716b643c2f9270e469183636ff11/ant-junit-1.9.4.jar, /Users/michaelmennis/.gradle/caches/modules-2/files-2.1/org.codehaus.groovy/groovy-groovydoc/2.4.11/f64a4696c63b19c373a739ce4a5de19d9da1a082/groovy-groovydoc-2.4.11.jar, /Users/michaelmennis/.gradle/caches/modules-2/files-2.1/org.apache.ant/ant/1.9.4/6d473e8653d952045f550f4ef225a9591b79094a/ant-1.9.4.jar, /Users/michaelmennis/.gradle/caches/modules-2/files-2.1/org.codehaus.groovy/groovy-templates/2.4.11/2c091b3dd45a99376e696e8f2d04cfcfb4da6a96/groovy-templates-2.4.11.jar, /Users/michaelmennis/.gradle/caches/modules-2/files-2.1/org.codehaus.groovy/groovy-xml/2.4.11/5841f1ac5141c7a930ec0c28b14dacdfbc5640e6/groovy-xml-2.4.11.jar, /Users/michaelmennis/gradle-3.2/lib/ant-1.9.6.jar, /Users/michaelmennis/gradle-3.2/lib/ant-launcher-1.9.6.jar]}.
09:37:04.008 [DEBUG] [org.gradle.internal.remote.internal.inet.TcpIncomingConnector] Listening on [1c711575-b4a0-4151-98ef-25dd55075486 port:59837, addresses:[/0:0:0:0:0:0:0:1, /127.0.0.1]].
09:37:04.013 [DEBUG] [org.gradle.process.internal.worker.DefaultWorkerProcessBuilder] Creating Gradle Compiler Daemon 1
09:37:04.013 [DEBUG] [org.gradle.process.internal.worker.DefaultWorkerProcessBuilder] Using application classpath [/Users/michaelmennis/.gradle/caches/modules-2/files-2.1/org.codehaus.groovy/groovy/2.4.11/52a60df8b4cbfe39469171a42ca77a3e4eb4e737/groovy-2.4.11.jar, /Users/michaelmennis/.gradle/caches/modules-2/files-2.1/org.codehaus.groovy/groovy-ant/2.4.11/1fa8c2c0ff134cfe0850d4bb4417bf93afee8775/groovy-ant-2.4.11.jar, /Users/michaelmennis/.gradle/caches/modules-2/files-2.1/org.apache.ant/ant-launcher/1.9.4/334b62cb4be0432769679e8b94e83f8fd5ed395c/ant-launcher-1.9.4.jar, /Users/michaelmennis/.gradle/caches/modules-2/files-2.1/org.apache.ant/ant-antlr/1.9.4/4cf30025981dc2344324a0ef0e40063c3ef08f0a/ant-antlr-1.9.4.jar, /Users/michaelmennis/.gradle/caches/modules-2/files-2.1/org.apache.ant/ant-junit/1.9.4/b063757dacaa716b643c2f9270e469183636ff11/ant-junit-1.9.4.jar, /Users/michaelmennis/.gradle/caches/modules-2/files-2.1/org.codehaus.groovy/groovy-groovydoc/2.4.11/f64a4696c63b19c373a739ce4a5de19d9da1a082/groovy-groovydoc-2.4.11.jar, /Users/michaelmennis/.gradle/caches/modules-2/files-2.1/org.apache.ant/ant/1.9.4/6d473e8653d952045f550f4ef225a9591b79094a/ant-1.9.4.jar, /Users/michaelmennis/.gradle/caches/modules-2/files-2.1/org.codehaus.groovy/groovy-templates/2.4.11/2c091b3dd45a99376e696e8f2d04cfcfb4da6a96/groovy-templates-2.4.11.jar, /Users/michaelmennis/.gradle/caches/modules-2/files-2.1/org.codehaus.groovy/groovy-xml/2.4.11/5841f1ac5141c7a930ec0c28b14dacdfbc5640e6/groovy-xml-2.4.11.jar, /Users/michaelmennis/gradle-3.2/lib/ant-1.9.6.jar, /Users/michaelmennis/gradle-3.2/lib/ant-launcher-1.9.6.jar]
09:37:04.013 [DEBUG] [org.gradle.process.internal.worker.DefaultWorkerProcessBuilder] Using implementation classpath [file:/Users/michaelmennis/gradle-3.2/lib/plugins/gradle-dependency-management-3.2.jar, file:/Users/michaelmennis/gradle-3.2/lib/commons-lang-2.6.jar, file:/Users/michaelmennis/gradle-3.2/lib/commons-io-2.2.jar, file:/Users/michaelmennis/gradle-3.2/lib/plugins/ivy-2.2.0.jar, file:/Users/michaelmennis/gradle-3.2/lib/slf4j-api-1.7.10.jar, file:/Users/michaelmennis/gradle-3.2/lib/plugins/gson-2.7.jar, file:/Users/michaelmennis/gradle-3.2/lib/plugins/maven-core-3.0.4.jar, file:/Users/michaelmennis/gradle-3.2/lib/plugins/xbean-reflect-3.4.jar, file:/Users/michaelmennis/gradle-3.2/lib/plugins/bcprov-jdk15on-1.51.jar, file:/Users/michaelmennis/gradle-3.2/lib/plugins/jsch-0.1.53.jar, file:/Users/michaelmennis/gradle-3.2/lib/plugins/plexus-sec-dispatcher-1.3.jar, file:/Users/michaelmennis/gradle-3.2/lib/plugins/aether-util-1.13.1.jar, file:/Users/michaelmennis/gradle-3.2/lib/plugins/aether-impl-1.13.1.jar, file:/Users/michaelmennis/gradle-3.2/lib/plugins/aether-spi-1.13.1.jar, file:/Users/michaelmennis/gradle-3.2/lib/plugins/wagon-provider-api-2.4.jar, file:/Users/michaelmennis/gradle-3.2/lib/plugins/maven-aether-provider-3.0.4.jar, file:/Users/michaelmennis/gradle-3.2/lib/plugins/maven-repository-metadata-3.0.4.jar, file:/Users/michaelmennis/gradle-3.2/lib/plugins/plexus-classworlds-2.4.jar, file:/Users/michaelmennis/gradle-3.2/lib/plugins/aether-connector-wagon-1.13.1.jar, file:/Users/michaelmennis/gradle-3.2/lib/plugins/maven-model-3.0.4.jar, file:/Users/michaelmennis/gradle-3.2/lib/plugins/wagon-http-2.4.jar, file:/Users/michaelmennis/gradle-3.2/lib/plugins/maven-settings-builder-3.0.4.jar, file:/Users/michaelmennis/gradle-3.2/lib/plugins/maven-compat-3.0.4.jar, file:/Users/michaelmennis/gradle-3.2/lib/plugins/plexus-component-annotations-1.5.5.jar, file:/Users/michaelmennis/gradle-3.2/lib/plugins/maven-plugin-api-3.0.4.jar, file:/Users/michaelmennis/gradle-3.2/lib/plugins/plexus-container-default-1.5.5.jar, file:/Users/michaelmennis/gradle-3.2/lib/plugins/maven-artifact-3.0.4.jar, file:/Users/michaelmennis/gradle-3.2/lib/plugins/plexus-interpolation-1.14.jar, file:/Users/michaelmennis/gradle-3.2/lib/plugins/maven-settings-3.0.4.jar, file:/Users/michaelmennis/gradle-3.2/lib/plugins/aether-api-1.13.1.jar, file:/Users/michaelmennis/gradle-3.2/lib/plugins/plexus-cipher-1.7.jar, file:/Users/michaelmennis/gradle-3.2/lib/plugins/wagon-file-2.4.jar, file:/Users/michaelmennis/gradle-3.2/lib/plugins/maven-model-builder-3.0.4.jar, file:/Users/michaelmennis/gradle-3.2/lib/plugins/plexus-utils-2.0.6.jar, file:/Users/michaelmennis/gradle-3.2/lib/plugins/wagon-http-shared4-2.4.jar, file:/Users/michaelmennis/gradle-3.2/lib/gradle-installation-beacon-3.2.jar, file:/Users/michaelmennis/gradle-3.2/lib/plugins/gradle-plugin-use-3.2.jar, file:/Users/michaelmennis/gradle-3.2/lib/plugins/gradle-resources-http-3.2.jar, file:/Users/michaelmennis/gradle-3.2/lib/plugins/httpclient-4.4.1.jar, file:/Users/michaelmennis/gradle-3.2/lib/plugins/nekohtml-1.9.14.jar, file:/Users/michaelmennis/gradle-3.2/lib/plugins/commons-codec-1.6.jar, file:/Users/michaelmennis/gradle-3.2/lib/plugins/httpcore-4.4.4.jar, file:/Users/michaelmennis/gradle-3.2/lib/plugins/jcifs-1.3.17.jar, file:/Users/michaelmennis/gradle-3.2/lib/jcl-over-slf4j-1.7.10.jar, file:/Users/michaelmennis/gradle-3.2/lib/plugins/xml-apis-1.3.04.jar, file:/Users/michaelmennis/gradle-3.2/lib/plugins/xercesImpl-2.9.1.jar, file:/Users/michaelmennis/gradle-3.2/lib/plugins/gradle-announce-3.2.jar, file:/Users/michaelmennis/gradle-3.2/lib/plugins/gradle-antlr-3.2.jar, file:/Users/michaelmennis/gradle-3.2/lib/plugins/gradle-build-comparison-3.2.jar, file:/Users/michaelmennis/gradle-3.2/lib/groovy-all-2.4.7.jar, file:/Users/michaelmennis/gradle-3.2/lib/guava-jdk5-17.0.jar, file:/Users/michaelmennis/gradle-3.2/lib/plugins/gradle-build-init-3.2.jar, file:/Users/michaelmennis/gradle-3.2/lib/plugins/gradle-code-quality-3.2.jar, file:/Users/michaelmennis/gradle-3.2/lib/plugins/gradle-composite-builds-3.2.jar, file:/Users/michaelmennis/gradle-3.2/lib/plugins/gradle-diagnostics-3.2.jar, file:/Users/michaelmennis/gradle-3.2/lib/plugins/gradle-ear-3.2.jar, file:/Users/michaelmennis/gradle-3.2/lib/javax.inject-1.jar, file:/Users/michaelmennis/gradle-3.2/lib/plugins/gradle-ide-3.2.jar, file:/Users/michaelmennis/gradle-3.2/lib/plugins/gradle-ide-native-3.2.jar, file:/Users/michaelmennis/gradle-3.2/lib/plugins/gradle-ide-play-3.2.jar, file:/Users/michaelmennis/gradle-3.2/lib/plugins/gradle-ivy-3.2.jar, file:/Users/michaelmennis/gradle-3.2/lib/plugins/gradle-jacoco-3.2.jar, file:/Users/michaelmennis/gradle-3.2/lib/plugins/gradle-javascript-3.2.jar, file:/Users/michaelmennis/gradle-3.2/lib/plugins/rhino-1.7R3.jar, file:/Users/michaelmennis/gradle-3.2/lib/plugins/simple-4.1.21.jar, file:/Users/michaelmennis/gradle-3.2/lib/plugins/gradle-jetty-3.2.jar, file:/Users/michaelmennis/gradle-3.2/lib/plugins/jetty-6.1.26.jar, file:/Users/michaelmennis/gradle-3.2/lib/plugins/jetty-util-6.1.26.jar, file:/Users/michaelmennis/gradle-3.2/lib/plugins/servlet-api-2.5-20081211.jar, file:/Users/michaelmennis/gradle-3.2/lib/plugins/jetty-plus-6.1.26.jar, file:/Users/michaelmennis/gradle-3.2/lib/plugins/jsp-2.1-6.1.14.jar, file:/Users/michaelmennis/gradle-3.2/lib/plugins/jetty-annotations-6.1.26.jar, file:/Users/michaelmennis/gradle-3.2/lib/plugins/geronimo-annotation_1.0_spec-1.0.jar, file:/Users/michaelmennis/gradle-3.2/lib/plugins/jetty-naming-6.1.26.jar, file:/Users/michaelmennis/gradle-3.2/lib/plugins/core-3.1.1.jar, file:/Users/michaelmennis/gradle-3.2/lib/plugins/jsp-api-2.1-6.1.14.jar, file:/Users/michaelmennis/gradle-3.2/lib/plugins/gradle-language-groovy-3.2.jar, file:/Users/michaelmennis/gradle-3.2/lib/plugins/gradle-language-java-3.2.jar, file:/Users/michaelmennis/gradle-3.2/lib/plugins/gradle-language-jvm-3.2.jar, file:/Users/michaelmennis/gradle-3.2/lib/plugins/gradle-language-native-3.2.jar, file:/Users/michaelmennis/gradle-3.2/lib/plugins/gradle-language-scala-3.2.jar, file:/Users/michaelmennis/gradle-3.2/lib/plugins/gradle-maven-3.2.jar, file:/Users/michaelmennis/gradle-3.2/lib/plugins/pmaven-common-0.8-20100325.jar, file:/Users/michaelmennis/gradle-3.2/lib/plugins/pmaven-groovy-0.8-20100325.jar, file:/Users/michaelmennis/gradle-3.2/lib/plugins/gradle-osgi-3.2.jar, file:/Users/michaelmennis/gradle-3.2/lib/plugins/biz.aQute.bndlib-3.2.0.jar, file:/Users/michaelmennis/gradle-3.2/lib/plugins/gradle-platform-base-3.2.jar, file:/Users/michaelmennis/gradle-3.2/lib/plugins/gradle-platform-jvm-3.2.jar, file:/Users/michaelmennis/gradle-3.2/lib/plugins/gradle-platform-native-3.2.jar, file:/Users/michaelmennis/gradle-3.2/lib/plugins/gradle-platform-play-3.2.jar, file:/Users/michaelmennis/gradle-3.2/lib/plugins/gradle-plugin-development-3.2.jar, file:/Users/michaelmennis/gradle-3.2/lib/plugins/gradle-plugins-3.2.jar, file:/Users/michaelmennis/gradle-3.2/lib/ant-1.9.6.jar, file:/Users/michaelmennis/gradle-3.2/lib/asm-all-5.1.jar, file:/Users/michaelmennis/gradle-3.2/lib/plugins/commons-cli-1.2.jar, file:/Users/michaelmennis/gradle-3.2/lib/ant-launcher-1.9.6.jar, file:/Users/michaelmennis/gradle-3.2/lib/plugins/gradle-publish-3.2.jar, file:/Users/michaelmennis/gradle-3.2/lib/plugins/gradle-reporting-3.2.jar, file:/Users/michaelmennis/gradle-3.2/lib/plugins/jatl-0.2.2.jar, file:/Users/michaelmennis/gradle-3.2/lib/plugins/gradle-resources-s3-3.2.jar, file:/Users/michaelmennis/gradle-3.2/lib/plugins/aws-java-sdk-s3-1.11.6.jar, file:/Users/michaelmennis/gradle-3.2/lib/plugins/aws-java-sdk-kms-1.11.6.jar, file:/Users/michaelmennis/gradle-3.2/lib/plugins/aws-java-sdk-core-1.11.6.jar, file:/Users/michaelmennis/gradle-3.2/lib/plugins/jackson-core-2.6.6.jar, file:/Users/michaelmennis/gradle-3.2/lib/plugins/jackson-annotations-2.6.6.jar, file:/Users/michaelmennis/gradle-3.2/lib/plugins/jackson-databind-2.6.6.jar, file:/Users/michaelmennis/gradle-3.2/lib/plugins/joda-time-2.8.2.jar, file:/Users/michaelmennis/gradle-3.2/lib/plugins/gradle-resources-sftp-3.2.jar, file:/Users/michaelmennis/gradle-3.2/lib/plugins/gradle-scala-3.2.jar, file:/Users/michaelmennis/gradle-3.2/lib/plugins/gradle-signing-3.2.jar, file:/Users/michaelmennis/gradle-3.2/lib/plugins/bcpg-jdk15on-1.51.jar, file:/Users/michaelmennis/gradle-3.2/lib/plugins/gradle-task-cache-http-3.2.jar, file:/Users/michaelmennis/gradle-3.2/lib/plugins/gradle-testing-base-3.2.jar, file:/Users/michaelmennis/gradle-3.2/lib/plugins/gradle-testing-jvm-3.2.jar, file:/Users/michaelmennis/gradle-3.2/lib/plugins/junit-4.12.jar, file:/Users/michaelmennis/gradle-3.2/lib/plugins/testng-6.3.1.jar, file:/Users/michaelmennis/gradle-3.2/lib/plugins/bsh-2.0b4.jar, file:/Users/michaelmennis/gradle-3.2/lib/plugins/jcommander-1.12.jar, file:/Users/michaelmennis/gradle-3.2/lib/plugins/snakeyaml-1.6.jar, file:/Users/michaelmennis/gradle-3.2/lib/plugins/hamcrest-core-1.3.jar, file:/Users/michaelmennis/gradle-3.2/lib/plugins/gradle-testing-native-3.2.jar, file:/Users/michaelmennis/gradle-3.2/lib/plugins/gradle-tooling-api-builders-3.2.jar, file:/Users/michaelmennis/gradle-3.2/lib/gradle-wrapper-3.2.jar, file:/Users/michaelmennis/gradle-3.2/lib/gradle-launcher-3.2.jar, file:/Users/michaelmennis/gradle-3.2/lib/slf4j-api-1.7.10.jar, file:/Users/michaelmennis/gradle-3.2/lib/gradle-base-services-3.2.jar, file:/Users/michaelmennis/gradle-3.2/lib/guava-jdk5-17.0.jar, file:/Users/michaelmennis/gradle-3.2/lib/commons-lang-2.6.jar, file:/Users/michaelmennis/gradle-3.2/lib/gradle-jvm-services-3.2.jar, file:/Users/michaelmennis/gradle-3.2/lib/gradle-process-services-3.2.jar, file:/Users/michaelmennis/gradle-3.2/lib/gradle-core-3.2.jar, file:/Users/michaelmennis/gradle-3.2/lib/groovy-all-2.4.7.jar, file:/Users/michaelmennis/gradle-3.2/lib/asm-all-5.1.jar, file:/Users/michaelmennis/gradle-3.2/lib/ant-1.9.6.jar, file:/Users/michaelmennis/gradle-3.2/lib/commons-collections-3.2.2.jar, file:/Users/michaelmennis/gradle-3.2/lib/commons-io-2.2.jar, file:/Users/michaelmennis/gradle-3.2/lib/jcip-annotations-1.0.jar, file:/Users/michaelmennis/gradle-3.2/lib/javax.inject-1.jar, file:/Users/michaelmennis/gradle-3.2/lib/ant-launcher-1.9.6.jar, file:/Users/michaelmennis/gradle-3.2/lib/gradle-docs-3.2.jar, file:/Users/michaelmennis/gradle-3.2/lib/gradle-model-core-3.2.jar, file:/Users/michaelmennis/gradle-3.2/lib/gradle-base-services-groovy-3.2.jar, file:/Users/michaelmennis/gradle-3.2/lib/gradle-model-groovy-3.2.jar, file:/Users/michaelmennis/gradle-3.2/lib/gradle-cli-3.2.jar, file:/Users/michaelmennis/gradle-3.2/lib/gradle-native-3.2.jar, file:/Users/michaelmennis/gradle-3.2/lib/native-platform-0.11.jar, file:/Users/michaelmennis/gradle-3.2/lib/jansi-1.14.jar, file:/Users/michaelmennis/gradle-3.2/lib/native-platform-osx-i386-0.11.jar, file:/Users/michaelmennis/gradle-3.2/lib/native-platform-osx-amd64-0.11.jar, file:/Users/michaelmennis/gradle-3.2/lib/native-platform-linux-amd64-0.11.jar, file:/Users/michaelmennis/gradle-3.2/lib/native-platform-linux-i386-0.11.jar, file:/Users/michaelmennis/gradle-3.2/lib/native-platform-windows-amd64-0.11.jar, file:/Users/michaelmennis/gradle-3.2/lib/native-platform-windows-i386-0.11.jar, file:/Users/michaelmennis/gradle-3.2/lib/native-platform-freebsd-i386-0.11.jar, file:/Users/michaelmennis/gradle-3.2/lib/native-platform-freebsd-amd64-0.11.jar, file:/Users/michaelmennis/gradle-3.2/lib/gradle-messaging-3.2.jar, file:/Users/michaelmennis/gradle-3.2/lib/kryo-2.20.jar, file:/Users/michaelmennis/gradle-3.2/lib/reflectasm-1.07-shaded.jar, file:/Users/michaelmennis/gradle-3.2/lib/minlog-1.2.jar, file:/Users/michaelmennis/gradle-3.2/lib/objenesis-1.2.jar, file:/Users/michaelmennis/gradle-3.2/lib/gradle-logging-3.2.jar, file:/Users/michaelmennis/gradle-3.2/lib/jul-to-slf4j-1.7.10.jar, file:/Users/michaelmennis/gradle-3.2/lib/log4j-over-slf4j-1.7.10.jar, file:/Users/michaelmennis/gradle-3.2/lib/jcl-over-slf4j-1.7.10.jar, file:/Users/michaelmennis/gradle-3.2/lib/gradle-resources-3.2.jar, file:/Users/michaelmennis/gradle-3.2/lib/gradle-script-kotlin-0.4.0.jar, file:/Users/michaelmennis/gradle-3.2/lib/kotlin-compiler-embeddable-1.1.0-dev-2053.jar, file:/Users/michaelmennis/gradle-3.2/lib/kotlin-reflect-1.1.0-dev-2053.jar, file:/Users/michaelmennis/gradle-3.2/lib/kotlin-runtime-1.1.0-dev-2053.jar, file:/Users/michaelmennis/gradle-3.2/lib/kotlin-stdlib-1.1.0-dev-2053.jar, file:/Users/michaelmennis/gradle-3.2/lib/gradle-ui-3.2.jar, file:/Users/michaelmennis/gradle-3.2/lib/dom4j-1.6.1.jar, file:/Users/michaelmennis/gradle-3.2/lib/jaxen-1.1.jar, file:/Users/michaelmennis/gradle-3.2/lib/gradle-open-api-3.2.jar, file:/Users/michaelmennis/gradle-3.2/lib/gradle-tooling-api-3.2.jar, file:/Users/michaelmennis/gradle-3.2/lib/gradle-wrapper-3.2.jar, file:/Users/michaelmennis/gradle-3.2/lib/ant-1.9.6.jar, file:/Users/michaelmennis/gradle-3.2/lib/ant-launcher-1.9.6.jar]
09:37:04.025 [DEBUG] [org.gradle.cache.internal.DefaultFileLockManager] Waiting to acquire shared lock on cache directory workerMain (/Users/michaelmennis/.gradle/caches/3.2/workerMain).
09:37:04.025 [DEBUG] [org.gradle.cache.internal.DefaultFileLockManager] Lock acquired.
09:37:04.026 [DEBUG] [org.gradle.process.internal.worker.child.WorkerProcessClassPathProvider] Using worker process classpath: [/Users/michaelmennis/.gradle/caches/3.2/workerMain/gradle-worker.jar]
09:37:04.028 [INFO] [org.gradle.process.internal.DefaultExecHandle] Starting process 'Gradle Compiler Daemon 1'. Working directory: /Users/michaelmennis/grails_dev/fakeyelp Command: /Library/Java/JavaVirtualMachines/jdk1.8.0_101.jdk/Contents/Home/bin/java -Djava.security.manager=worker.org.gradle.process.internal.worker.child.BootstrapSecurityManager -Dfile.encoding=UTF-8 -Duser.country=US -Duser.language=en -Duser.variant -cp /Users/michaelmennis/.gradle/caches/3.2/workerMain/gradle-worker.jar worker.org.gradle.process.internal.worker.GradleWorkerMain 'Gradle Compiler Daemon 1'
09:37:04.029 [DEBUG] [org.gradle.process.internal.DefaultExecHandle] Environment for process 'Gradle Compiler Daemon 1': {PATH=/Users/michaelmennis/.sdkman/candidates/grails/current/bin:/usr/local/bin:/usr/bin:/bin:/usr/sbin:/sbin:/usr/local/go/bin:/Users/michaelmennis/gradle/bin:/Users/michaelmennis/sbt-launcher-packaging-0.13.13//bin:/Library/Java/JavaVirtualMachines/jdk1.8.0_101.jdk/Contents/Home//bin:/Users/michaelmennis/maven/bin, SDKMAN_VERSION=5.5.11+256, JAVA_HOME=/Library/Java/JavaVirtualMachines/jdk1.8.0_101.jdk/Contents/Home/, zip_output=/Users/michaelmennis/.sdkman/tmp/FvBWYpbVzWnJak68OGFZvdklgIMB3VAf.zip, TERM=xterm-256color, LANG=en_US.UTF-8, GRADLE_HOME=/Users/michaelmennis/gradle, COMMAND_MODE=unix2003, MVN_HOME=/Users/michaelmennis/maven, PDSH_RCMD_TYPE=ssh, ITERM_SESSION_ID=w7t0p0:56502215-C2ED-4F88-AB4A-12A9B6A0F404, MAPR_HOME=/opt/mapr/, SDKMAN_DIR=/Users/michaelmennis/.sdkman, LOGNAME=michaelmennis, TERM_PROGRAM_VERSION=3.0.15, PWD=/Users/michaelmennis/grails_dev/fakeyelp, XPC_SERVICE_NAME=0, SDKMAN_CANDIDATES_DIR=/Users/michaelmennis/.sdkman/candidates, SDKMAN_LEGACY_API=https://api.sdkman.io/1, PYTHONPATH=:/Users/michaelmennis/.local/lib:/Users/michaelmennis/.local/lib, SHELL=/bin/bash, JAVA_MAIN_CLASS_6482=org.gradle.launcher.GradleMain, TERM_PROGRAM=iTerm.app, SBT_HOME=/Users/michaelmennis/sbt-launcher-packaging-0.13.13/, WCOLL=/Users/michaelmennis/.local/etc/clustershell/machines.txt, OLDPWD=/Users/michaelmennis/gradle, SDKMAN_PLATFORM=Darwin, GOPATH=/Users/michaelmennis/go_workspace/, SECURITYSESSIONID=186a7, USER=michaelmennis, APP_ICON_6482=/Users/michaelmennis/gradle-3.2/media/gradle.icns, TMPDIR=/var/folders/lg/10pd_zzs6lbgkq_mxt9hnq_40000gp/T/, ITERM_PROFILE=Default, SSH_AUTH_SOCK=/private/tmp/com.apple.launchd.HCA7iFu4Nl/Listeners, XPC_FLAGS=0x0, TERM_SESSION_ID=w7t0p0:56502215-C2ED-4F88-AB4A-12A9B6A0F404, binary_input=/Users/michaelmennis/.sdkman/tmp/FvBWYpbVzWnJak68OGFZvdklgIMB3VAf.bin, APP_NAME_6482=Gradle, __CF_USER_TEXT_ENCODING=0x1F6:0x0:0x0, Apple_PubSub_Socket_Render=/private/tmp/com.apple.launchd.JGd6dwQWIv/Render, COLORFGBG=15;0, SDKMAN_CURRENT_API=https://api.sdkman.io/2, HOME=/Users/michaelmennis, SHLVL=1}
09:37:04.029 [DEBUG] [org.gradle.process.internal.DefaultExecHandle] Changing state to: STARTING
09:37:04.032 [DEBUG] [org.gradle.process.internal.DefaultExecHandle] Waiting until process started: Gradle Compiler Daemon 1.
09:37:04.039 [DEBUG] [org.gradle.process.internal.DefaultExecHandle] Changing state to: STARTED
09:37:04.039 [DEBUG] [org.gradle.process.internal.ExecHandleRunner] waiting until streams are handled...
09:37:04.039 [INFO] [org.gradle.process.internal.DefaultExecHandle] Successfully started process 'Gradle Compiler Daemon 1'
09:37:04.438 [QUIET] [system.out] 09:37:04.437 [DEBUG] [org.gradle.internal.remote.internal.inet.TcpOutgoingConnector] Attempting to connect to [1c711575-b4a0-4151-98ef-25dd55075486 port:59837, addresses:[/0:0:0:0:0:0:0:1, /127.0.0.1]].
09:37:04.438 [QUIET] [system.out] 09:37:04.438 [DEBUG] [org.gradle.internal.remote.internal.inet.TcpOutgoingConnector] Trying to connect to address /0:0:0:0:0:0:0:1.
09:37:04.454 [DEBUG] [org.gradle.internal.remote.internal.inet.TcpIncomingConnector] Accepted connection from /0:0:0:0:0:0:0:1:59838 to /0:0:0:0:0:0:0:1:59837.
09:37:04.454 [DEBUG] [org.gradle.process.internal.worker.DefaultWorkerProcess] Received connection org.gradle.internal.remote.internal.hub.MessageHubBackedObjectConnection@150067d3 from Gradle Compiler Daemon 1
09:37:04.455 [INFO] [org.gradle.api.internal.tasks.compile.daemon.CompilerDaemonStarter] Started Gradle compiler daemon (0.448 secs) with fork options DaemonForkOptions{minHeapSize=null, maxHeapSize=null, jvmArgs=[], classpath=[/Users/michaelmennis/.gradle/caches/modules-2/files-2.1/org.codehaus.groovy/groovy/2.4.11/52a60df8b4cbfe39469171a42ca77a3e4eb4e737/groovy-2.4.11.jar, /Users/michaelmennis/.gradle/caches/modules-2/files-2.1/org.codehaus.groovy/groovy-ant/2.4.11/1fa8c2c0ff134cfe0850d4bb4417bf93afee8775/groovy-ant-2.4.11.jar, /Users/michaelmennis/.gradle/caches/modules-2/files-2.1/org.apache.ant/ant-launcher/1.9.4/334b62cb4be0432769679e8b94e83f8fd5ed395c/ant-launcher-1.9.4.jar, /Users/michaelmennis/.gradle/caches/modules-2/files-2.1/org.apache.ant/ant-antlr/1.9.4/4cf30025981dc2344324a0ef0e40063c3ef08f0a/ant-antlr-1.9.4.jar, /Users/michaelmennis/.gradle/caches/modules-2/files-2.1/org.apache.ant/ant-junit/1.9.4/b063757dacaa716b643c2f9270e469183636ff11/ant-junit-1.9.4.jar, /Users/michaelmennis/.gradle/caches/modules-2/files-2.1/org.codehaus.groovy/groovy-groovydoc/2.4.11/f64a4696c63b19c373a739ce4a5de19d9da1a082/groovy-groovydoc-2.4.11.jar, /Users/michaelmennis/.gradle/caches/modules-2/files-2.1/org.apache.ant/ant/1.9.4/6d473e8653d952045f550f4ef225a9591b79094a/ant-1.9.4.jar, /Users/michaelmennis/.gradle/caches/modules-2/files-2.1/org.codehaus.groovy/groovy-templates/2.4.11/2c091b3dd45a99376e696e8f2d04cfcfb4da6a96/groovy-templates-2.4.11.jar, /Users/michaelmennis/.gradle/caches/modules-2/files-2.1/org.codehaus.groovy/groovy-xml/2.4.11/5841f1ac5141c7a930ec0c28b14dacdfbc5640e6/groovy-xml-2.4.11.jar, /Users/michaelmennis/gradle-3.2/lib/ant-1.9.6.jar, /Users/michaelmennis/gradle-3.2/lib/ant-launcher-1.9.6.jar]}.
09:37:04.456 [QUIET] [system.out] 09:37:04.456 [DEBUG] [org.gradle.internal.remote.internal.inet.TcpOutgoingConnector] Connected to address /0:0:0:0:0:0:0:1:59837.
09:37:04.541 [QUIET] [system.out] 09:37:04.540 [DEBUG] [org.gradle.process.internal.worker.child.ActionExecutionWorker] Starting Gradle Compiler Daemon 1.
09:37:04.570 [QUIET] [system.out] 09:37:04.570 [INFO] [org.gradle.internal.nativeintegration.services.NativeServices] Initialized native services in: /Users/michaelmennis/.gradle/native
09:37:04.667 [QUIET] [system.out] 09:37:04.667 [INFO] [org.gradle.api.internal.tasks.compile.daemon.CompilerDaemonServer] Executing org.gradle.api.internal.tasks.compile.ApiGroovyCompiler@a770530 in compiler daemon.
09:37:05.434 [ERROR] [system.err] 09:37:05.432 [ERROR] [system.err] startup failed:
09:37:05.435 [ERROR] [system.err] 09:37:05.435 [ERROR] [system.err] /Users/michaelmennis/grails_dev/fakeyelp/grails-app/controllers/fakeyelp/BusinessController.groovy: 14: unable to resolve class org.ojai.store.QueryCondition.Op
09:37:05.436 [ERROR] [system.err] 09:37:05.436 [ERROR] [system.err]  @ line 14, column 1.
09:37:05.437 [ERROR] [system.err] 09:37:05.437 [ERROR] [system.err]    import org.ojai.store.QueryCondition.Op
09:37:05.438 [ERROR] [system.err] 09:37:05.437 [ERROR] [system.err]    ^
09:37:05.439 [ERROR] [system.err] 09:37:05.439 [ERROR] [system.err] 
09:37:05.440 [ERROR] [system.err] 09:37:05.440 [ERROR] [system.err] /Users/michaelmennis/grails_dev/fakeyelp/grails-app/controllers/fakeyelp/BusinessController.groovy: 4: unable to resolve class com.mapr.db.Table
09:37:05.444 [ERROR] [system.err] 09:37:05.444 [ERROR] [system.err]  @ line 4, column 1.
09:37:05.445 [ERROR] [system.err] 09:37:05.445 [ERROR] [system.err]    import com.mapr.db.Table
09:37:05.446 [ERROR] [system.err] 09:37:05.446 [ERROR] [system.err]    ^
09:37:05.446 [ERROR] [system.err] 09:37:05.446 [ERROR] [system.err] 
09:37:05.447 [ERROR] [system.err] 09:37:05.447 [ERROR] [system.err] /Users/michaelmennis/grails_dev/fakeyelp/grails-app/controllers/fakeyelp/BusinessController.groovy: 3: unable to resolve class com.mapr.db.MapRDB
09:37:05.447 [ERROR] [system.err] 09:37:05.447 [ERROR] [system.err]  @ line 3, column 1.
09:37:05.448 [ERROR] [system.err] 09:37:05.448 [ERROR] [system.err]    import com.mapr.db.MapRDB
09:37:05.450 [ERROR] [system.err] 09:37:05.448 [ERROR] [system.err]    ^
09:37:05.454 [ERROR] [system.err] 09:37:05.454 [ERROR] [system.err] 
09:37:05.458 [ERROR] [system.err] 09:37:05.458 [ERROR] [system.err] /Users/michaelmennis/grails_dev/fakeyelp/grails-app/controllers/fakeyelp/BusinessController.groovy: 12: unable to resolve class org.ojai.store.Query
09:37:05.460 [ERROR] [system.err] 09:37:05.460 [ERROR] [system.err]  @ line 12, column 1.
09:37:05.462 [ERROR] [system.err] 09:37:05.461 [ERROR] [system.err]    import org.ojai.store.Query
09:37:05.463 [ERROR] [system.err] 09:37:05.463 [ERROR] [system.err]    ^
09:37:05.467 [ERROR] [system.err] 09:37:05.467 [ERROR] [system.err] 
09:37:05.481 [ERROR] [system.err] 09:37:05.481 [ERROR] [system.err] /Users/michaelmennis/grails_dev/fakeyelp/grails-app/controllers/fakeyelp/BusinessController.groovy: 8: unable to resolve class org.ojai.store.Connection
09:37:05.483 [ERROR] [system.err] 09:37:05.483 [ERROR] [system.err]  @ line 8, column 1.
09:37:05.486 [ERROR] [system.err] 09:37:05.486 [ERROR] [system.err]    import org.ojai.store.Connection
09:37:05.489 [ERROR] [system.err] 09:37:05.489 [ERROR] [system.err]    ^
09:37:05.490 [ERROR] [system.err] 09:37:05.489 [ERROR] [system.err] 
09:37:05.490 [ERROR] [system.err] 09:37:05.490 [ERROR] [system.err] /Users/michaelmennis/grails_dev/fakeyelp/grails-app/controllers/fakeyelp/BusinessController.groovy: 6: unable to resolve class org.ojai.Document
09:37:05.491 [ERROR] [system.err] 09:37:05.491 [ERROR] [system.err]  @ line 6, column 1.
09:37:05.492 [ERROR] [system.err] 09:37:05.492 [ERROR] [system.err]    import org.ojai.Document
09:37:05.493 [ERROR] [system.err] 09:37:05.492 [ERROR] [system.err]    ^
09:37:05.493 [ERROR] [system.err] 09:37:05.493 [ERROR] [system.err] 
09:37:05.493 [ERROR] [system.err] 09:37:05.493 [ERROR] [system.err] /Users/michaelmennis/grails_dev/fakeyelp/grails-app/controllers/fakeyelp/BusinessController.groovy: 9: unable to resolve class org.ojai.store.DocumentMutation
09:37:05.494 [ERROR] [system.err] 09:37:05.494 [ERROR] [system.err]  @ line 9, column 1.
09:37:05.494 [ERROR] [system.err] 09:37:05.494 [ERROR] [system.err]    import org.ojai.store.DocumentMutation
09:37:05.494 [ERROR] [system.err] 09:37:05.494 [ERROR] [system.err]    ^
09:37:05.495 [ERROR] [system.err] 09:37:05.494 [ERROR] [system.err] 
09:37:05.495 [ERROR] [system.err] 09:37:05.495 [ERROR] [system.err] /Users/michaelmennis/grails_dev/fakeyelp/grails-app/controllers/fakeyelp/BusinessController.groovy: 10: unable to resolve class org.ojai.store.DocumentStore
09:37:05.495 [ERROR] [system.err] 09:37:05.495 [ERROR] [system.err]  @ line 10, column 1.
09:37:05.500 [ERROR] [system.err] 09:37:05.500 [ERROR] [system.err]    import org.ojai.store.DocumentStore
09:37:05.502 [ERROR] [system.err] 09:37:05.502 [ERROR] [system.err]    ^
09:37:05.502 [ERROR] [system.err] 09:37:05.502 [ERROR] [system.err] 
09:37:05.503 [ERROR] [system.err] 09:37:05.503 [ERROR] [system.err] /Users/michaelmennis/grails_dev/fakeyelp/grails-app/controllers/fakeyelp/BusinessController.groovy: 11: unable to resolve class org.ojai.store.DriverManager
09:37:05.504 [ERROR] [system.err] 09:37:05.504 [ERROR] [system.err]  @ line 11, column 1.
09:37:05.509 [ERROR] [system.err] 09:37:05.508 [ERROR] [system.err]    import org.ojai.store.DriverManager
09:37:05.512 [ERROR] [system.err] 09:37:05.512 [ERROR] [system.err]    ^
09:37:05.513 [ERROR] [system.err] 09:37:05.512 [ERROR] [system.err] 
09:37:05.513 [ERROR] [system.err] 09:37:05.513 [ERROR] [system.err] /Users/michaelmennis/grails_dev/fakeyelp/grails-app/controllers/fakeyelp/BusinessController.groovy: 13: unable to resolve class org.ojai.store.QueryCondition
09:37:05.513 [ERROR] [system.err] 09:37:05.513 [ERROR] [system.err]  @ line 13, column 1.
09:37:05.514 [ERROR] [system.err] 09:37:05.514 [ERROR] [system.err]    import org.ojai.store.QueryCondition
09:37:05.514 [ERROR] [system.err] 09:37:05.514 [ERROR] [system.err]    ^
09:37:05.515 [ERROR] [system.err] 09:37:05.515 [ERROR] [system.err] 
09:37:05.516 [ERROR] [system.err] 09:37:05.516 [ERROR] [system.err] /Users/michaelmennis/grails_dev/fakeyelp/grails-app/controllers/fakeyelp/BusinessController.groovy: 7: unable to resolve class org.ojai.DocumentStream
09:37:05.516 [ERROR] [system.err] 09:37:05.516 [ERROR] [system.err]  @ line 7, column 1.
09:37:05.516 [ERROR] [system.err] 09:37:05.516 [ERROR] [system.err]    import org.ojai.DocumentStream
09:37:05.517 [ERROR] [system.err] 09:37:05.517 [ERROR] [system.err]    ^
09:37:05.518 [ERROR] [system.err] 09:37:05.518 [ERROR] [system.err] 
09:37:05.519 [ERROR] [system.err] 09:37:05.518 [ERROR] [system.err] /Users/michaelmennis/grails_dev/fakeyelp/grails-app/controllers/fakeyelp/BusinessController.groovy: 5: unable to resolve class com.mapr.ojai.store.impl.OjaiOptions
09:37:05.519 [ERROR] [system.err] 09:37:05.519 [ERROR] [system.err]  @ line 5, column 1.
09:37:05.523 [ERROR] [system.err] 09:37:05.522 [ERROR] [system.err]    import com.mapr.ojai.store.impl.OjaiOptions
09:37:05.523 [ERROR] [system.err] 09:37:05.523 [ERROR] [system.err]    ^
09:37:05.523 [ERROR] [system.err] 09:37:05.523 [ERROR] [system.err] 
09:37:05.524 [ERROR] [system.err] 09:37:05.524 [ERROR] [system.err] 12 errors
09:37:05.524 [ERROR] [system.err] 09:37:05.524 [ERROR] [system.err] 
09:37:05.525 [QUIET] [system.out] 09:37:05.525 [DEBUG] [org.gradle.api.internal.classloading.LeakyOnJava7GroovySystemLoader] Removed ClassInfo from org.codehaus.groovy.reflection.ClassInfo$Sentinel loaded by org.gradle.internal.classloader.VisitableURLClassLoader@1d958f11
09:37:05.526 [QUIET] [system.out] 09:37:05.525 [DEBUG] [org.gradle.api.internal.classloading.LeakyOnJava7GroovySystemLoader] Removed ClassInfo from org.codehaus.groovy.reflection.ClassInfo$Sentinel loaded by org.gradle.internal.classloader.VisitableURLClassLoader@1d958f11
09:37:05.526 [QUIET] [system.out] 09:37:05.526 [DEBUG] [org.gradle.api.internal.classloading.LeakyOnJava7GroovySystemLoader] Removed ClassInfo from org.codehaus.groovy.reflection.ClassInfo$Sentinel loaded by org.gradle.internal.classloader.VisitableURLClassLoader@1d958f11
09:37:05.527 [QUIET] [system.out] 09:37:05.526 [DEBUG] [org.gradle.api.internal.classloading.LeakyOnJava7GroovySystemLoader] Removed ClassInfo from org.codehaus.groovy.reflection.ClassInfo$Sentinel loaded by org.gradle.internal.classloader.VisitableURLClassLoader@1d958f11
09:37:05.527 [QUIET] [system.out] 09:37:05.527 [DEBUG] [org.gradle.api.internal.classloading.LeakyOnJava7GroovySystemLoader] Removed ClassInfo from org.codehaus.groovy.reflection.ClassInfo$Sentinel loaded by org.gradle.internal.classloader.VisitableURLClassLoader@1d958f11
09:37:05.527 [QUIET] [system.out] 09:37:05.527 [DEBUG] [org.gradle.api.internal.classloading.LeakyOnJava7GroovySystemLoader] Removed ClassInfo from org.codehaus.groovy.reflection.ClassInfo$Sentinel loaded by org.gradle.internal.classloader.VisitableURLClassLoader@1d958f11
09:37:05.528 [QUIET] [system.out] 09:37:05.528 [DEBUG] [org.gradle.api.internal.classloading.LeakyOnJava7GroovySystemLoader] Removed ClassInfo from org.codehaus.groovy.reflection.ClassInfo$Sentinel loaded by org.gradle.internal.classloader.VisitableURLClassLoader@1d958f11
09:37:05.528 [QUIET] [system.out] 09:37:05.528 [DEBUG] [org.gradle.api.internal.classloading.LeakyOnJava7GroovySystemLoader] Removed ClassInfo from org.codehaus.groovy.reflection.ClassInfo$Sentinel loaded by org.gradle.internal.classloader.VisitableURLClassLoader@1d958f11
09:37:05.529 [QUIET] [system.out] 09:37:05.529 [DEBUG] [org.gradle.api.internal.classloading.LeakyOnJava7GroovySystemLoader] Removed ClassInfo from org.codehaus.groovy.reflection.ClassInfo$Sentinel loaded by org.gradle.internal.classloader.VisitableURLClassLoader@1d958f11
09:37:05.529 [QUIET] [system.out] 09:37:05.529 [DEBUG] [org.gradle.api.internal.classloading.LeakyOnJava7GroovySystemLoader] Removed ClassInfo from org.codehaus.groovy.reflection.ClassInfo$Sentinel loaded by org.gradle.internal.classloader.VisitableURLClassLoader@1d958f11
09:37:05.530 [QUIET] [system.out] 09:37:05.530 [DEBUG] [org.gradle.api.internal.classloading.LeakyOnJava7GroovySystemLoader] Removed ClassInfo from org.codehaus.groovy.reflection.ClassInfo$Sentinel loaded by org.gradle.internal.classloader.VisitableURLClassLoader@1d958f11
09:37:05.539 [QUIET] [system.out] 09:37:05.539 [DEBUG] [org.gradle.api.internal.classloading.LeakyOnJava7GroovySystemLoader] Removed ClassInfo from org.codehaus.groovy.reflection.ClassInfo$Sentinel loaded by org.gradle.internal.classloader.VisitableURLClassLoader@1d958f11
09:37:05.540 [QUIET] [system.out] 09:37:05.540 [DEBUG] [org.gradle.api.internal.classloading.LeakyOnJava7GroovySystemLoader] Removed ClassInfo from org.codehaus.groovy.reflection.ClassInfo$Sentinel loaded by org.gradle.internal.classloader.VisitableURLClassLoader@1d958f11
09:37:05.540 [QUIET] [system.out] 09:37:05.540 [DEBUG] [org.gradle.api.internal.classloading.LeakyOnJava7GroovySystemLoader] Removed ClassInfo from org.codehaus.groovy.reflection.ClassInfo$Sentinel loaded by org.gradle.internal.classloader.VisitableURLClassLoader@1d958f11
09:37:05.541 [QUIET] [system.out] 09:37:05.540 [DEBUG] [org.gradle.api.internal.classloading.LeakyOnJava7GroovySystemLoader] Removed ClassInfo from org.codehaus.groovy.reflection.ClassInfo$Sentinel loaded by org.gradle.internal.classloader.VisitableURLClassLoader@1d958f11
09:37:05.542 [QUIET] [system.out] 09:37:05.541 [DEBUG] [org.gradle.api.internal.classloading.LeakyOnJava7GroovySystemLoader] Removed ClassInfo from org.codehaus.groovy.reflection.ClassInfo$Sentinel loaded by org.gradle.internal.classloader.VisitableURLClassLoader@1d958f11
09:37:05.542 [QUIET] [system.out] 09:37:05.542 [DEBUG] [org.gradle.api.internal.classloading.LeakyOnJava7GroovySystemLoader] Removed ClassInfo from org.codehaus.groovy.reflection.ClassInfo$Sentinel loaded by org.gradle.internal.classloader.VisitableURLClassLoader@1d958f11
09:37:05.542 [QUIET] [system.out] 09:37:05.542 [DEBUG] [org.gradle.api.internal.classloading.LeakyOnJava7GroovySystemLoader] Removed ClassInfo from org.codehaus.groovy.reflection.ClassInfo$Sentinel loaded by org.gradle.internal.classloader.VisitableURLClassLoader@1d958f11
09:37:05.542 [QUIET] [system.out] 09:37:05.542 [DEBUG] [org.gradle.api.internal.classloading.LeakyOnJava7GroovySystemLoader] Removed ClassInfo from org.codehaus.groovy.reflection.ClassInfo$Sentinel loaded by org.gradle.internal.classloader.VisitableURLClassLoader@1d958f11
09:37:05.543 [QUIET] [system.out] 09:37:05.542 [DEBUG] [org.gradle.api.internal.classloading.LeakyOnJava7GroovySystemLoader] Removed ClassInfo from org.codehaus.groovy.reflection.ClassInfo$Sentinel loaded by org.gradle.internal.classloader.VisitableURLClassLoader@1d958f11
09:37:05.543 [QUIET] [system.out] 09:37:05.543 [DEBUG] [org.gradle.api.internal.classloading.LeakyOnJava7GroovySystemLoader] Removed ClassInfo from org.codehaus.groovy.reflection.ClassInfo$Sentinel loaded by org.gradle.internal.classloader.VisitableURLClassLoader@1d958f11
09:37:05.543 [QUIET] [system.out] 09:37:05.543 [DEBUG] [org.gradle.api.internal.classloading.LeakyOnJava7GroovySystemLoader] Removed ClassInfo from org.codehaus.groovy.reflection.ClassInfo$Sentinel loaded by org.gradle.internal.classloader.VisitableURLClassLoader@1d958f11
09:37:05.543 [QUIET] [system.out] 09:37:05.543 [DEBUG] [org.gradle.api.internal.classloading.LeakyOnJava7GroovySystemLoader] Removed ClassInfo from org.codehaus.groovy.reflection.ClassInfo$Sentinel loaded by org.gradle.internal.classloader.VisitableURLClassLoader@1d958f11
09:37:05.543 [QUIET] [system.out] 09:37:05.543 [DEBUG] [org.gradle.api.internal.classloading.LeakyOnJava7GroovySystemLoader] Removed ClassInfo from org.codehaus.groovy.reflection.ClassInfo$Sentinel loaded by org.gradle.internal.classloader.VisitableURLClassLoader@1d958f11
09:37:05.544 [QUIET] [system.out] 09:37:05.544 [DEBUG] [org.gradle.api.internal.classloading.LeakyOnJava7GroovySystemLoader] Removed ClassInfo from org.codehaus.groovy.reflection.ClassInfo$Sentinel loaded by org.gradle.internal.classloader.VisitableURLClassLoader@1d958f11
09:37:05.545 [QUIET] [system.out] 09:37:05.545 [DEBUG] [org.gradle.api.internal.classloading.LeakyOnJava7GroovySystemLoader] Removed ClassInfo from org.codehaus.groovy.reflection.ClassInfo$Sentinel loaded by org.gradle.internal.classloader.VisitableURLClassLoader@1d958f11
09:37:05.545 [QUIET] [system.out] 09:37:05.545 [DEBUG] [org.gradle.api.internal.classloading.LeakyOnJava7GroovySystemLoader] Removed ClassInfo from org.codehaus.groovy.reflection.ClassInfo$Sentinel loaded by org.gradle.internal.classloader.VisitableURLClassLoader@1d958f11
09:37:05.546 [QUIET] [system.out] 09:37:05.545 [DEBUG] [org.gradle.api.internal.classloading.LeakyOnJava7GroovySystemLoader] Removed ClassInfo from org.codehaus.groovy.reflection.ClassInfo$Sentinel loaded by org.gradle.internal.classloader.VisitableURLClassLoader@1d958f11
09:37:05.546 [QUIET] [system.out] 09:37:05.546 [DEBUG] [org.gradle.api.internal.classloading.LeakyOnJava7GroovySystemLoader] Removed ClassInfo from org.codehaus.groovy.reflection.ClassInfo$Sentinel loaded by org.gradle.internal.classloader.VisitableURLClassLoader@1d958f11
09:37:05.547 [QUIET] [system.out] 09:37:05.547 [DEBUG] [org.gradle.api.internal.classloading.LeakyOnJava7GroovySystemLoader] Removed ClassInfo from org.codehaus.groovy.reflection.ClassInfo$Sentinel loaded by org.gradle.internal.classloader.VisitableURLClassLoader@1d958f11
09:37:05.547 [QUIET] [system.out] 09:37:05.547 [DEBUG] [org.gradle.api.internal.classloading.LeakyOnJava7GroovySystemLoader] Removed ClassInfo from org.codehaus.groovy.reflection.ClassInfo$Sentinel loaded by org.gradle.internal.classloader.VisitableURLClassLoader@1d958f11
09:37:05.548 [QUIET] [system.out] 09:37:05.547 [DEBUG] [org.gradle.api.internal.classloading.LeakyOnJava7GroovySystemLoader] Removed ClassInfo from org.codehaus.groovy.reflection.ClassInfo$Sentinel loaded by org.gradle.internal.classloader.VisitableURLClassLoader@1d958f11
09:37:05.548 [QUIET] [system.out] 09:37:05.548 [DEBUG] [org.gradle.api.internal.classloading.LeakyOnJava7GroovySystemLoader] Removed ClassInfo from org.codehaus.groovy.reflection.ClassInfo$Sentinel loaded by org.gradle.internal.classloader.VisitableURLClassLoader@1d958f11
09:37:05.549 [QUIET] [system.out] 09:37:05.549 [DEBUG] [org.gradle.api.internal.classloading.LeakyOnJava7GroovySystemLoader] Removed ClassInfo from org.codehaus.groovy.reflection.ClassInfo$Sentinel loaded by org.gradle.internal.classloader.VisitableURLClassLoader@1d958f11
09:37:05.551 [QUIET] [system.out] 09:37:05.550 [DEBUG] [org.gradle.api.internal.classloading.LeakyOnJava7GroovySystemLoader] Removed ClassInfo from org.codehaus.groovy.reflection.ClassInfo$Sentinel loaded by org.gradle.internal.classloader.VisitableURLClassLoader@1d958f11
09:37:05.552 [QUIET] [system.out] 09:37:05.552 [DEBUG] [org.gradle.api.internal.classloading.LeakyOnJava7GroovySystemLoader] Removed ClassInfo from org.codehaus.groovy.reflection.ClassInfo$Sentinel loaded by org.gradle.internal.classloader.VisitableURLClassLoader@1d958f11
09:37:05.552 [QUIET] [system.out] 09:37:05.552 [DEBUG] [org.gradle.api.internal.classloading.LeakyOnJava7GroovySystemLoader] Removed ClassInfo from org.codehaus.groovy.reflection.ClassInfo$Sentinel loaded by org.gradle.internal.classloader.VisitableURLClassLoader@1d958f11
09:37:05.552 [QUIET] [system.out] 09:37:05.552 [DEBUG] [org.gradle.api.internal.classloading.LeakyOnJava7GroovySystemLoader] Removed ClassInfo from org.codehaus.groovy.reflection.ClassInfo$Sentinel loaded by org.gradle.internal.classloader.VisitableURLClassLoader@1d958f11
09:37:05.553 [QUIET] [system.out] 09:37:05.553 [DEBUG] [org.gradle.api.internal.classloading.LeakyOnJava7GroovySystemLoader] Removed ClassInfo from org.codehaus.groovy.reflection.ClassInfo$Sentinel loaded by org.gradle.internal.classloader.VisitableURLClassLoader@1d958f11
09:37:05.553 [QUIET] [system.out] 09:37:05.553 [DEBUG] [org.gradle.api.internal.classloading.LeakyOnJava7GroovySystemLoader] Removed ClassInfo from org.codehaus.groovy.reflection.ClassInfo$Sentinel loaded by org.gradle.internal.classloader.VisitableURLClassLoader@1d958f11
09:37:05.553 [QUIET] [system.out] 09:37:05.553 [DEBUG] [org.gradle.api.internal.classloading.LeakyOnJava7GroovySystemLoader] Removed ClassInfo from org.codehaus.groovy.reflection.ClassInfo$Sentinel loaded by org.gradle.internal.classloader.VisitableURLClassLoader@1d958f11
09:37:05.553 [QUIET] [system.out] 09:37:05.553 [DEBUG] [org.gradle.api.internal.classloading.LeakyOnJava7GroovySystemLoader] Removed ClassInfo from org.codehaus.groovy.reflection.ClassInfo$Sentinel loaded by org.gradle.internal.classloader.VisitableURLClassLoader@1d958f11
09:37:05.553 [QUIET] [system.out] 09:37:05.553 [DEBUG] [org.gradle.api.internal.classloading.LeakyOnJava7GroovySystemLoader] Removed ClassInfo from org.codehaus.groovy.reflection.ClassInfo$Sentinel loaded by org.gradle.internal.classloader.VisitableURLClassLoader@1d958f11
09:37:05.554 [QUIET] [system.out] 09:37:05.553 [DEBUG] [org.gradle.api.internal.classloading.LeakyOnJava7GroovySystemLoader] Removed ClassInfo from org.codehaus.groovy.reflection.ClassInfo$Sentinel loaded by org.gradle.internal.classloader.VisitableURLClassLoader@1d958f11
09:37:05.554 [QUIET] [system.out] 09:37:05.554 [DEBUG] [org.gradle.api.internal.classloading.LeakyOnJava7GroovySystemLoader] Removed ClassInfo from org.codehaus.groovy.reflection.ClassInfo$Sentinel loaded by org.gradle.internal.classloader.VisitableURLClassLoader@1d958f11
09:37:05.554 [QUIET] [system.out] 09:37:05.554 [DEBUG] [org.gradle.api.internal.classloading.LeakyOnJava7GroovySystemLoader] Removed ClassInfo from org.codehaus.groovy.reflection.ClassInfo$Sentinel loaded by org.gradle.internal.classloader.VisitableURLClassLoader@1d958f11
09:37:05.554 [QUIET] [system.out] 09:37:05.554 [DEBUG] [org.gradle.api.internal.classloading.LeakyOnJava7GroovySystemLoader] Removed ClassInfo from org.codehaus.groovy.reflection.ClassInfo$Sentinel loaded by org.gradle.internal.classloader.VisitableURLClassLoader@1d958f11
09:37:05.554 [QUIET] [system.out] 09:37:05.554 [DEBUG] [org.gradle.api.internal.classloading.LeakyOnJava7GroovySystemLoader] Removed ClassInfo from org.codehaus.groovy.reflection.ClassInfo$Sentinel loaded by org.gradle.internal.classloader.VisitableURLClassLoader@1d958f11
09:37:05.555 [QUIET] [system.out] 09:37:05.554 [DEBUG] [org.gradle.api.internal.classloading.LeakyOnJava7GroovySystemLoader] Removed ClassInfo from org.codehaus.groovy.reflection.ClassInfo$Sentinel loaded by org.gradle.internal.classloader.VisitableURLClassLoader@1d958f11
09:37:05.556 [QUIET] [system.out] 09:37:05.556 [DEBUG] [org.gradle.api.internal.classloading.LeakyOnJava7GroovySystemLoader] Removed ClassInfo from org.codehaus.groovy.reflection.ClassInfo$Sentinel loaded by org.gradle.internal.classloader.VisitableURLClassLoader@1d958f11
09:37:05.556 [QUIET] [system.out] 09:37:05.556 [DEBUG] [org.gradle.api.internal.classloading.LeakyOnJava7GroovySystemLoader] Removed ClassInfo from org.codehaus.groovy.reflection.ClassInfo$Sentinel loaded by org.gradle.internal.classloader.VisitableURLClassLoader@1d958f11
09:37:05.556 [QUIET] [system.out] 09:37:05.556 [DEBUG] [org.gradle.api.internal.classloading.LeakyOnJava7GroovySystemLoader] Removed ClassInfo from org.codehaus.groovy.reflection.ClassInfo$Sentinel loaded by org.gradle.internal.classloader.VisitableURLClassLoader@1d958f11
09:37:05.556 [QUIET] [system.out] 09:37:05.556 [DEBUG] [org.gradle.api.internal.classloading.LeakyOnJava7GroovySystemLoader] Removed ClassInfo from org.codehaus.groovy.reflection.ClassInfo$Sentinel loaded by org.gradle.internal.classloader.VisitableURLClassLoader@1d958f11
09:37:05.556 [QUIET] [system.out] 09:37:05.556 [DEBUG] [org.gradle.api.internal.classloading.LeakyOnJava7GroovySystemLoader] Removed ClassInfo from org.codehaus.groovy.reflection.ClassInfo$Sentinel loaded by org.gradle.internal.classloader.VisitableURLClassLoader@1d958f11
09:37:05.557 [QUIET] [system.out] 09:37:05.557 [DEBUG] [org.gradle.api.internal.classloading.LeakyOnJava7GroovySystemLoader] Removed ClassInfo from org.codehaus.groovy.reflection.ClassInfo$Sentinel loaded by org.gradle.internal.classloader.VisitableURLClassLoader@1d958f11
09:37:05.557 [QUIET] [system.out] 09:37:05.557 [DEBUG] [org.gradle.api.internal.classloading.LeakyOnJava7GroovySystemLoader] Removed ClassInfo from org.codehaus.groovy.reflection.ClassInfo$Sentinel loaded by org.gradle.internal.classloader.VisitableURLClassLoader@1d958f11
09:37:05.557 [QUIET] [system.out] 09:37:05.557 [DEBUG] [org.gradle.api.internal.classloading.LeakyOnJava7GroovySystemLoader] Removed ClassInfo from org.codehaus.groovy.reflection.ClassInfo$Sentinel loaded by org.gradle.internal.classloader.VisitableURLClassLoader@1d958f11
09:37:05.557 [QUIET] [system.out] 09:37:05.557 [DEBUG] [org.gradle.api.internal.classloading.LeakyOnJava7GroovySystemLoader] Removed ClassInfo from org.codehaus.groovy.reflection.ClassInfo$Sentinel loaded by org.gradle.internal.classloader.VisitableURLClassLoader@1d958f11
09:37:05.557 [QUIET] [system.out] 09:37:05.557 [DEBUG] [org.gradle.api.internal.classloading.LeakyOnJava7GroovySystemLoader] Removed ClassInfo from org.codehaus.groovy.reflection.ClassInfo$Sentinel loaded by org.gradle.internal.classloader.VisitableURLClassLoader@1d958f11
09:37:05.558 [QUIET] [system.out] 09:37:05.558 [DEBUG] [org.gradle.api.internal.classloading.LeakyOnJava7GroovySystemLoader] Removed ClassInfo from org.codehaus.groovy.reflection.ClassInfo$Sentinel loaded by org.gradle.internal.classloader.VisitableURLClassLoader@1d958f11
09:37:05.558 [QUIET] [system.out] 09:37:05.558 [DEBUG] [org.gradle.api.internal.classloading.LeakyOnJava7GroovySystemLoader] Removed ClassInfo from org.codehaus.groovy.reflection.ClassInfo$Sentinel loaded by org.gradle.internal.classloader.VisitableURLClassLoader@1d958f11
09:37:05.559 [QUIET] [system.out] 09:37:05.558 [DEBUG] [org.gradle.api.internal.classloading.LeakyOnJava7GroovySystemLoader] Removed ClassInfo from org.codehaus.groovy.reflection.ClassInfo$Sentinel loaded by org.gradle.internal.classloader.VisitableURLClassLoader@1d958f11
09:37:05.559 [QUIET] [system.out] 09:37:05.559 [DEBUG] [org.gradle.api.internal.classloading.LeakyOnJava7GroovySystemLoader] Removed ClassInfo from org.codehaus.groovy.reflection.ClassInfo$Sentinel loaded by org.gradle.internal.classloader.VisitableURLClassLoader@1d958f11
09:37:05.559 [QUIET] [system.out] 09:37:05.559 [DEBUG] [org.gradle.api.internal.classloading.LeakyOnJava7GroovySystemLoader] Removed ClassInfo from org.codehaus.groovy.reflection.ClassInfo$Sentinel loaded by org.gradle.internal.classloader.VisitableURLClassLoader@1d958f11
09:37:05.559 [QUIET] [system.out] 09:37:05.559 [DEBUG] [org.gradle.api.internal.classloading.LeakyOnJava7GroovySystemLoader] Removed ClassInfo from org.codehaus.groovy.reflection.ClassInfo$Sentinel loaded by org.gradle.internal.classloader.VisitableURLClassLoader@1d958f11
09:37:05.559 [QUIET] [system.out] 09:37:05.559 [DEBUG] [org.gradle.api.internal.classloading.LeakyOnJava7GroovySystemLoader] Removed ClassInfo from org.codehaus.groovy.reflection.ClassInfo$Sentinel loaded by org.gradle.internal.classloader.VisitableURLClassLoader@1d958f11
09:37:05.563 [QUIET] [system.out] 09:37:05.563 [DEBUG] [org.gradle.api.internal.classloading.LeakyOnJava7GroovySystemLoader] Removed ClassInfo from org.codehaus.groovy.reflection.ClassInfo$Sentinel loaded by org.gradle.internal.classloader.VisitableURLClassLoader@1d958f11
09:37:05.564 [QUIET] [system.out] 09:37:05.564 [DEBUG] [org.gradle.api.internal.classloading.LeakyOnJava7GroovySystemLoader] Removed ClassInfo from org.codehaus.groovy.reflection.ClassInfo$Sentinel loaded by org.gradle.internal.classloader.VisitableURLClassLoader@1d958f11
09:37:05.564 [QUIET] [system.out] 09:37:05.564 [DEBUG] [org.gradle.api.internal.classloading.LeakyOnJava7GroovySystemLoader] Removed ClassInfo from org.codehaus.groovy.reflection.ClassInfo$Sentinel loaded by org.gradle.internal.classloader.VisitableURLClassLoader@1d958f11
09:37:05.564 [QUIET] [system.out] 09:37:05.564 [DEBUG] [org.gradle.api.internal.classloading.LeakyOnJava7GroovySystemLoader] Removed ClassInfo from org.codehaus.groovy.reflection.ClassInfo$Sentinel loaded by org.gradle.internal.classloader.VisitableURLClassLoader@1d958f11
09:37:05.564 [QUIET] [system.out] 09:37:05.564 [DEBUG] [org.gradle.api.internal.classloading.LeakyOnJava7GroovySystemLoader] Removed ClassInfo from org.codehaus.groovy.reflection.ClassInfo$Sentinel loaded by org.gradle.internal.classloader.VisitableURLClassLoader@1d958f11
09:37:05.565 [QUIET] [system.out] 09:37:05.564 [DEBUG] [org.gradle.api.internal.classloading.LeakyOnJava7GroovySystemLoader] Removed ClassInfo from org.codehaus.groovy.reflection.ClassInfo$Sentinel loaded by org.gradle.internal.classloader.VisitableURLClassLoader@1d958f11
09:37:05.565 [QUIET] [system.out] 09:37:05.565 [DEBUG] [org.gradle.api.internal.classloading.LeakyOnJava7GroovySystemLoader] Removed ClassInfo from org.codehaus.groovy.reflection.ClassInfo$Sentinel loaded by org.gradle.internal.classloader.VisitableURLClassLoader@1d958f11
09:37:05.565 [QUIET] [system.out] 09:37:05.565 [DEBUG] [org.gradle.api.internal.classloading.LeakyOnJava7GroovySystemLoader] Removed ClassInfo from org.codehaus.groovy.reflection.ClassInfo$Sentinel loaded by org.gradle.internal.classloader.VisitableURLClassLoader@1d958f11
09:37:05.565 [QUIET] [system.out] 09:37:05.565 [DEBUG] [org.gradle.api.internal.classloading.LeakyOnJava7GroovySystemLoader] Removed ClassInfo from org.codehaus.groovy.reflection.ClassInfo$Sentinel loaded by org.gradle.internal.classloader.VisitableURLClassLoader@1d958f11
09:37:05.566 [QUIET] [system.out] 09:37:05.566 [DEBUG] [org.gradle.api.internal.classloading.LeakyOnJava7GroovySystemLoader] Removed ClassInfo from org.codehaus.groovy.reflection.ClassInfo$Sentinel loaded by org.gradle.internal.classloader.VisitableURLClassLoader@1d958f11
09:37:05.566 [QUIET] [system.out] 09:37:05.566 [DEBUG] [org.gradle.api.internal.classloading.LeakyOnJava7GroovySystemLoader] Removed ClassInfo from org.codehaus.groovy.reflection.ClassInfo$Sentinel loaded by org.gradle.internal.classloader.VisitableURLClassLoader@1d958f11
09:37:05.567 [QUIET] [system.out] 09:37:05.566 [DEBUG] [org.gradle.api.internal.classloading.LeakyOnJava7GroovySystemLoader] Removed ClassInfo from org.codehaus.groovy.reflection.ClassInfo$Sentinel loaded by org.gradle.internal.classloader.VisitableURLClassLoader@1d958f11
09:37:05.567 [QUIET] [system.out] 09:37:05.567 [DEBUG] [org.gradle.api.internal.classloading.LeakyOnJava7GroovySystemLoader] Removed ClassInfo from org.codehaus.groovy.reflection.ClassInfo$Sentinel loaded by org.gradle.internal.classloader.VisitableURLClassLoader@1d958f11
09:37:05.567 [QUIET] [system.out] 09:37:05.567 [DEBUG] [org.gradle.api.internal.classloading.LeakyOnJava7GroovySystemLoader] Removed ClassInfo from org.codehaus.groovy.reflection.ClassInfo$Sentinel loaded by org.gradle.internal.classloader.VisitableURLClassLoader@1d958f11
09:37:05.567 [QUIET] [system.out] 09:37:05.567 [DEBUG] [org.gradle.api.internal.classloading.LeakyOnJava7GroovySystemLoader] Removed ClassInfo from org.codehaus.groovy.reflection.ClassInfo$Sentinel loaded by org.gradle.internal.classloader.VisitableURLClassLoader@1d958f11
09:37:05.567 [QUIET] [system.out] 09:37:05.567 [DEBUG] [org.gradle.api.internal.classloading.LeakyOnJava7GroovySystemLoader] Removed ClassInfo from org.codehaus.groovy.reflection.ClassInfo$Sentinel loaded by org.gradle.internal.classloader.VisitableURLClassLoader@1d958f11
09:37:05.567 [QUIET] [system.out] 09:37:05.567 [DEBUG] [org.gradle.api.internal.classloading.LeakyOnJava7GroovySystemLoader] Removed ClassInfo from org.codehaus.groovy.reflection.ClassInfo$Sentinel loaded by org.gradle.internal.classloader.VisitableURLClassLoader@1d958f11
09:37:05.567 [QUIET] [system.out] 09:37:05.567 [DEBUG] [org.gradle.api.internal.classloading.LeakyOnJava7GroovySystemLoader] Removed ClassInfo from org.codehaus.groovy.reflection.ClassInfo$Sentinel loaded by org.gradle.internal.classloader.VisitableURLClassLoader@1d958f11
09:37:05.567 [QUIET] [system.out] 09:37:05.567 [DEBUG] [org.gradle.api.internal.classloading.LeakyOnJava7GroovySystemLoader] Removed ClassInfo from org.codehaus.groovy.reflection.ClassInfo$Sentinel loaded by org.gradle.internal.classloader.VisitableURLClassLoader@1d958f11
09:37:05.568 [QUIET] [system.out] 09:37:05.567 [DEBUG] [org.gradle.api.internal.classloading.LeakyOnJava7GroovySystemLoader] Removed ClassInfo from org.codehaus.groovy.reflection.ClassInfo$Sentinel loaded by org.gradle.internal.classloader.VisitableURLClassLoader@1d958f11
09:37:05.568 [QUIET] [system.out] 09:37:05.568 [DEBUG] [org.gradle.api.internal.classloading.LeakyOnJava7GroovySystemLoader] Removed ClassInfo from org.codehaus.groovy.reflection.ClassInfo$Sentinel loaded by org.gradle.internal.classloader.VisitableURLClassLoader@1d958f11
09:37:05.568 [QUIET] [system.out] 09:37:05.568 [DEBUG] [org.gradle.api.internal.classloading.LeakyOnJava7GroovySystemLoader] Removed ClassInfo from org.codehaus.groovy.reflection.ClassInfo$Sentinel loaded by org.gradle.internal.classloader.VisitableURLClassLoader@1d958f11
09:37:05.568 [QUIET] [system.out] 09:37:05.568 [DEBUG] [org.gradle.api.internal.classloading.LeakyOnJava7GroovySystemLoader] Removed ClassInfo from org.codehaus.groovy.reflection.ClassInfo$Sentinel loaded by org.gradle.internal.classloader.VisitableURLClassLoader@1d958f11
09:37:05.568 [QUIET] [system.out] 09:37:05.568 [DEBUG] [org.gradle.api.internal.classloading.LeakyOnJava7GroovySystemLoader] Removed ClassInfo from org.codehaus.groovy.reflection.ClassInfo$Sentinel loaded by org.gradle.internal.classloader.VisitableURLClassLoader@1d958f11
09:37:05.568 [QUIET] [system.out] 09:37:05.568 [DEBUG] [org.gradle.api.internal.classloading.LeakyOnJava7GroovySystemLoader] Removed ClassInfo from org.codehaus.groovy.reflection.ClassInfo$Sentinel loaded by org.gradle.internal.classloader.VisitableURLClassLoader@1d958f11
09:37:05.568 [QUIET] [system.out] 09:37:05.568 [DEBUG] [org.gradle.api.internal.classloading.LeakyOnJava7GroovySystemLoader] Removed ClassInfo from org.codehaus.groovy.reflection.ClassInfo$Sentinel loaded by org.gradle.internal.classloader.VisitableURLClassLoader@1d958f11
09:37:05.568 [QUIET] [system.out] 09:37:05.568 [DEBUG] [org.gradle.api.internal.classloading.LeakyOnJava7GroovySystemLoader] Removed ClassInfo from org.codehaus.groovy.reflection.ClassInfo$Sentinel loaded by org.gradle.internal.classloader.VisitableURLClassLoader@1d958f11
09:37:05.568 [QUIET] [system.out] 09:37:05.568 [DEBUG] [org.gradle.api.internal.classloading.LeakyOnJava7GroovySystemLoader] Removed ClassInfo from org.codehaus.groovy.reflection.ClassInfo$Sentinel loaded by org.gradle.internal.classloader.VisitableURLClassLoader@1d958f11
09:37:05.568 [QUIET] [system.out] 09:37:05.568 [DEBUG] [org.gradle.api.internal.classloading.LeakyOnJava7GroovySystemLoader] Removed ClassInfo from org.codehaus.groovy.reflection.ClassInfo$Sentinel loaded by org.gradle.internal.classloader.VisitableURLClassLoader@1d958f11
09:37:05.568 [QUIET] [system.out] 09:37:05.568 [DEBUG] [org.gradle.api.internal.classloading.LeakyOnJava7GroovySystemLoader] Removed ClassInfo from org.codehaus.groovy.reflection.ClassInfo$Sentinel loaded by org.gradle.internal.classloader.VisitableURLClassLoader@1d958f11
09:37:05.569 [QUIET] [system.out] 09:37:05.569 [DEBUG] [org.gradle.api.internal.classloading.LeakyOnJava7GroovySystemLoader] Removed ClassInfo from org.codehaus.groovy.reflection.ClassInfo$Sentinel loaded by org.gradle.internal.classloader.VisitableURLClassLoader@1d958f11
09:37:05.569 [QUIET] [system.out] 09:37:05.569 [DEBUG] [org.gradle.api.internal.classloading.LeakyOnJava7GroovySystemLoader] Removed ClassInfo from org.codehaus.groovy.reflection.ClassInfo$Sentinel loaded by org.gradle.internal.classloader.VisitableURLClassLoader@1d958f11
09:37:05.569 [QUIET] [system.out] 09:37:05.569 [DEBUG] [org.gradle.api.internal.classloading.LeakyOnJava7GroovySystemLoader] Removed ClassInfo from org.codehaus.groovy.reflection.ClassInfo$Sentinel loaded by org.gradle.internal.classloader.VisitableURLClassLoader@1d958f11
09:37:05.569 [QUIET] [system.out] 09:37:05.569 [DEBUG] [org.gradle.api.internal.classloading.LeakyOnJava7GroovySystemLoader] Removed ClassInfo from org.codehaus.groovy.reflection.ClassInfo$Sentinel loaded by org.gradle.internal.classloader.VisitableURLClassLoader@1d958f11
09:37:05.569 [QUIET] [system.out] 09:37:05.569 [DEBUG] [org.gradle.api.internal.classloading.LeakyOnJava7GroovySystemLoader] Removed ClassInfo from org.codehaus.groovy.reflection.ClassInfo$Sentinel loaded by org.gradle.internal.classloader.VisitableURLClassLoader@1d958f11
09:37:05.569 [QUIET] [system.out] 09:37:05.569 [DEBUG] [org.gradle.api.internal.classloading.LeakyOnJava7GroovySystemLoader] Removed ClassInfo from org.codehaus.groovy.reflection.ClassInfo$Sentinel loaded by org.gradle.internal.classloader.VisitableURLClassLoader@1d958f11
09:37:05.569 [QUIET] [system.out] 09:37:05.569 [DEBUG] [org.gradle.api.internal.classloading.LeakyOnJava7GroovySystemLoader] Removed ClassInfo from org.codehaus.groovy.reflection.ClassInfo$Sentinel loaded by org.gradle.internal.classloader.VisitableURLClassLoader@1d958f11
09:37:05.569 [QUIET] [system.out] 09:37:05.569 [DEBUG] [org.gradle.api.internal.classloading.LeakyOnJava7GroovySystemLoader] Removed ClassInfo from org.codehaus.groovy.reflection.ClassInfo$Sentinel loaded by org.gradle.internal.classloader.VisitableURLClassLoader@1d958f11
09:37:05.569 [QUIET] [system.out] 09:37:05.569 [DEBUG] [org.gradle.api.internal.classloading.LeakyOnJava7GroovySystemLoader] Removed ClassInfo from org.codehaus.groovy.reflection.ClassInfo$Sentinel loaded by org.gradle.internal.classloader.VisitableURLClassLoader@1d958f11
09:37:05.569 [QUIET] [system.out] 09:37:05.569 [DEBUG] [org.gradle.api.internal.classloading.LeakyOnJava7GroovySystemLoader] Removed ClassInfo from org.codehaus.groovy.reflection.ClassInfo$Sentinel loaded by org.gradle.internal.classloader.VisitableURLClassLoader@1d958f11
09:37:05.570 [QUIET] [system.out] 09:37:05.570 [DEBUG] [org.gradle.api.internal.classloading.LeakyOnJava7GroovySystemLoader] Removed ClassInfo from org.codehaus.groovy.reflection.ClassInfo$Sentinel loaded by org.gradle.internal.classloader.VisitableURLClassLoader@1d958f11
09:37:05.570 [QUIET] [system.out] 09:37:05.570 [DEBUG] [org.gradle.api.internal.classloading.LeakyOnJava7GroovySystemLoader] Removed ClassInfo from org.codehaus.groovy.reflection.ClassInfo$Sentinel loaded by org.gradle.internal.classloader.VisitableURLClassLoader@1d958f11
09:37:05.570 [QUIET] [system.out] 09:37:05.570 [DEBUG] [org.gradle.api.internal.classloading.LeakyOnJava7GroovySystemLoader] Removed ClassInfo from org.codehaus.groovy.reflection.ClassInfo$Sentinel loaded by org.gradle.internal.classloader.VisitableURLClassLoader@1d958f11
09:37:05.570 [QUIET] [system.out] 09:37:05.570 [DEBUG] [org.gradle.api.internal.classloading.LeakyOnJava7GroovySystemLoader] Removed ClassInfo from org.codehaus.groovy.reflection.ClassInfo$Sentinel loaded by org.gradle.internal.classloader.VisitableURLClassLoader@1d958f11
09:37:05.570 [QUIET] [system.out] 09:37:05.570 [DEBUG] [org.gradle.api.internal.classloading.LeakyOnJava7GroovySystemLoader] Removed ClassInfo from org.codehaus.groovy.reflection.ClassInfo$Sentinel loaded by org.gradle.internal.classloader.VisitableURLClassLoader@1d958f11
09:37:05.570 [QUIET] [system.out] 09:37:05.570 [DEBUG] [org.gradle.api.internal.classloading.LeakyOnJava7GroovySystemLoader] Removed ClassInfo from org.codehaus.groovy.reflection.ClassInfo$Sentinel loaded by org.gradle.internal.classloader.VisitableURLClassLoader@1d958f11
09:37:05.570 [QUIET] [system.out] 09:37:05.570 [DEBUG] [org.gradle.api.internal.classloading.LeakyOnJava7GroovySystemLoader] Removed ClassInfo from org.codehaus.groovy.reflection.ClassInfo$Sentinel loaded by org.gradle.internal.classloader.VisitableURLClassLoader@1d958f11
09:37:05.570 [QUIET] [system.out] 09:37:05.570 [DEBUG] [org.gradle.api.internal.classloading.LeakyOnJava7GroovySystemLoader] Removed ClassInfo from org.codehaus.groovy.reflection.ClassInfo$Sentinel loaded by org.gradle.internal.classloader.VisitableURLClassLoader@1d958f11
09:37:05.571 [QUIET] [system.out] 09:37:05.570 [DEBUG] [org.gradle.api.internal.classloading.LeakyOnJava7GroovySystemLoader] Removed ClassInfo from org.codehaus.groovy.reflection.ClassInfo$Sentinel loaded by org.gradle.internal.classloader.VisitableURLClassLoader@1d958f11
09:37:05.571 [QUIET] [system.out] 09:37:05.571 [DEBUG] [org.gradle.api.internal.classloading.LeakyOnJava7GroovySystemLoader] Removed ClassInfo from org.codehaus.groovy.reflection.ClassInfo$Sentinel loaded by org.gradle.internal.classloader.VisitableURLClassLoader@1d958f11
09:37:05.571 [QUIET] [system.out] 09:37:05.571 [DEBUG] [org.gradle.api.internal.classloading.LeakyOnJava7GroovySystemLoader] Removed ClassInfo from org.codehaus.groovy.reflection.ClassInfo$Sentinel loaded by org.gradle.internal.classloader.VisitableURLClassLoader@1d958f11
09:37:05.571 [QUIET] [system.out] 09:37:05.571 [DEBUG] [org.gradle.api.internal.classloading.LeakyOnJava7GroovySystemLoader] Removed ClassInfo from org.codehaus.groovy.reflection.ClassInfo$Sentinel loaded by org.gradle.internal.classloader.VisitableURLClassLoader@1d958f11
09:37:05.571 [QUIET] [system.out] 09:37:05.571 [DEBUG] [org.gradle.api.internal.classloading.LeakyOnJava7GroovySystemLoader] Removed ClassInfo from org.codehaus.groovy.reflection.ClassInfo$Sentinel loaded by org.gradle.internal.classloader.VisitableURLClassLoader@1d958f11
09:37:05.571 [QUIET] [system.out] 09:37:05.571 [DEBUG] [org.gradle.api.internal.classloading.LeakyOnJava7GroovySystemLoader] Removed ClassInfo from org.codehaus.groovy.reflection.ClassInfo$Sentinel loaded by org.gradle.internal.classloader.VisitableURLClassLoader@1d958f11
09:37:05.571 [QUIET] [system.out] 09:37:05.571 [DEBUG] [org.gradle.api.internal.classloading.LeakyOnJava7GroovySystemLoader] Removed ClassInfo from org.codehaus.groovy.reflection.ClassInfo$Sentinel loaded by org.gradle.internal.classloader.VisitableURLClassLoader@1d958f11
09:37:05.571 [QUIET] [system.out] 09:37:05.571 [DEBUG] [org.gradle.api.internal.classloading.LeakyOnJava7GroovySystemLoader] Removed ClassInfo from org.codehaus.groovy.reflection.ClassInfo$Sentinel loaded by org.gradle.internal.classloader.VisitableURLClassLoader@1d958f11
09:37:05.571 [QUIET] [system.out] 09:37:05.571 [DEBUG] [org.gradle.api.internal.classloading.LeakyOnJava7GroovySystemLoader] Removed ClassInfo from org.codehaus.groovy.reflection.ClassInfo$Sentinel loaded by org.gradle.internal.classloader.VisitableURLClassLoader@1d958f11
09:37:05.572 [QUIET] [system.out] 09:37:05.571 [DEBUG] [org.gradle.api.internal.classloading.LeakyOnJava7GroovySystemLoader] Removed ClassInfo from org.codehaus.groovy.reflection.ClassInfo$Sentinel loaded by org.gradle.internal.classloader.VisitableURLClassLoader@1d958f11
09:37:05.572 [QUIET] [system.out] 09:37:05.572 [DEBUG] [org.gradle.api.internal.classloading.LeakyOnJava7GroovySystemLoader] Removed ClassInfo from org.codehaus.groovy.reflection.ClassInfo$Sentinel loaded by org.gradle.internal.classloader.VisitableURLClassLoader@1d958f11
09:37:05.572 [QUIET] [system.out] 09:37:05.572 [DEBUG] [org.gradle.api.internal.classloading.LeakyOnJava7GroovySystemLoader] Removed ClassInfo from org.codehaus.groovy.reflection.ClassInfo$Sentinel loaded by org.gradle.internal.classloader.VisitableURLClassLoader@1d958f11
09:37:05.572 [QUIET] [system.out] 09:37:05.572 [DEBUG] [org.gradle.api.internal.classloading.LeakyOnJava7GroovySystemLoader] Removed ClassInfo from org.codehaus.groovy.reflection.ClassInfo$Sentinel loaded by org.gradle.internal.classloader.VisitableURLClassLoader@1d958f11
09:37:05.572 [QUIET] [system.out] 09:37:05.572 [DEBUG] [org.gradle.api.internal.classloading.LeakyOnJava7GroovySystemLoader] Removed ClassInfo from org.codehaus.groovy.reflection.ClassInfo$Sentinel loaded by org.gradle.internal.classloader.VisitableURLClassLoader@1d958f11
09:37:05.572 [QUIET] [system.out] 09:37:05.572 [DEBUG] [org.gradle.api.internal.classloading.LeakyOnJava7GroovySystemLoader] Removed ClassInfo from org.codehaus.groovy.reflection.ClassInfo$Sentinel loaded by org.gradle.internal.classloader.VisitableURLClassLoader@1d958f11
09:37:05.572 [QUIET] [system.out] 09:37:05.572 [DEBUG] [org.gradle.api.internal.classloading.LeakyOnJava7GroovySystemLoader] Removed ClassInfo from org.codehaus.groovy.reflection.ClassInfo$Sentinel loaded by org.gradle.internal.classloader.VisitableURLClassLoader@1d958f11
09:37:05.572 [QUIET] [system.out] 09:37:05.572 [DEBUG] [org.gradle.api.internal.classloading.LeakyOnJava7GroovySystemLoader] Removed ClassInfo from org.codehaus.groovy.reflection.ClassInfo$Sentinel loaded by org.gradle.internal.classloader.VisitableURLClassLoader@1d958f11
09:37:05.572 [QUIET] [system.out] 09:37:05.572 [DEBUG] [org.gradle.api.internal.classloading.LeakyOnJava7GroovySystemLoader] Removed ClassInfo from org.codehaus.groovy.reflection.ClassInfo$Sentinel loaded by org.gradle.internal.classloader.VisitableURLClassLoader@1d958f11
09:37:05.572 [QUIET] [system.out] 09:37:05.572 [DEBUG] [org.gradle.api.internal.classloading.LeakyOnJava7GroovySystemLoader] Removed ClassInfo from org.codehaus.groovy.reflection.ClassInfo$Sentinel loaded by org.gradle.internal.classloader.VisitableURLClassLoader@1d958f11
09:37:05.573 [QUIET] [system.out] 09:37:05.573 [DEBUG] [org.gradle.api.internal.classloading.LeakyOnJava7GroovySystemLoader] Removed ClassInfo from org.codehaus.groovy.reflection.ClassInfo$Sentinel loaded by org.gradle.internal.classloader.VisitableURLClassLoader@1d958f11
09:37:05.573 [QUIET] [system.out] 09:37:05.573 [DEBUG] [org.gradle.api.internal.classloading.LeakyOnJava7GroovySystemLoader] Removed ClassInfo from org.codehaus.groovy.reflection.ClassInfo$Sentinel loaded by org.gradle.internal.classloader.VisitableURLClassLoader@1d958f11
09:37:05.573 [QUIET] [system.out] 09:37:05.573 [DEBUG] [org.gradle.api.internal.classloading.LeakyOnJava7GroovySystemLoader] Removed ClassInfo from org.codehaus.groovy.reflection.ClassInfo$Sentinel loaded by org.gradle.internal.classloader.VisitableURLClassLoader@1d958f11
09:37:05.573 [QUIET] [system.out] 09:37:05.573 [DEBUG] [org.gradle.api.internal.classloading.LeakyOnJava7GroovySystemLoader] Removed ClassInfo from org.codehaus.groovy.reflection.ClassInfo$Sentinel loaded by org.gradle.internal.classloader.VisitableURLClassLoader@1d958f11
09:37:05.573 [QUIET] [system.out] 09:37:05.573 [DEBUG] [org.gradle.api.internal.classloading.LeakyOnJava7GroovySystemLoader] Removed ClassInfo from org.codehaus.groovy.reflection.ClassInfo$Sentinel loaded by org.gradle.internal.classloader.VisitableURLClassLoader@1d958f11
09:37:05.573 [QUIET] [system.out] 09:37:05.573 [DEBUG] [org.gradle.api.internal.classloading.LeakyOnJava7GroovySystemLoader] Removed ClassInfo from org.codehaus.groovy.reflection.ClassInfo$Sentinel loaded by org.gradle.internal.classloader.VisitableURLClassLoader@1d958f11
09:37:05.573 [QUIET] [system.out] 09:37:05.573 [DEBUG] [org.gradle.api.internal.classloading.LeakyOnJava7GroovySystemLoader] Removed ClassInfo from org.codehaus.groovy.reflection.ClassInfo$Sentinel loaded by org.gradle.internal.classloader.VisitableURLClassLoader@1d958f11
09:37:05.573 [QUIET] [system.out] 09:37:05.573 [DEBUG] [org.gradle.api.internal.classloading.LeakyOnJava7GroovySystemLoader] Removed ClassInfo from org.codehaus.groovy.reflection.ClassInfo$Sentinel loaded by org.gradle.internal.classloader.VisitableURLClassLoader@1d958f11
09:37:05.574 [QUIET] [system.out] 09:37:05.573 [DEBUG] [org.gradle.api.internal.classloading.LeakyOnJava7GroovySystemLoader] Removed ClassInfo from org.codehaus.groovy.reflection.ClassInfo$Sentinel loaded by org.gradle.internal.classloader.VisitableURLClassLoader@1d958f11
09:37:05.574 [QUIET] [system.out] 09:37:05.574 [DEBUG] [org.gradle.api.internal.classloading.LeakyOnJava7GroovySystemLoader] Removed ClassInfo from org.codehaus.groovy.reflection.ClassInfo$Sentinel loaded by org.gradle.internal.classloader.VisitableURLClassLoader@1d958f11
09:37:05.574 [QUIET] [system.out] 09:37:05.574 [DEBUG] [org.gradle.api.internal.classloading.LeakyOnJava7GroovySystemLoader] Removed ClassInfo from org.codehaus.groovy.reflection.ClassInfo$Sentinel loaded by org.gradle.internal.classloader.VisitableURLClassLoader@1d958f11
09:37:05.574 [QUIET] [system.out] 09:37:05.574 [DEBUG] [org.gradle.api.internal.classloading.LeakyOnJava7GroovySystemLoader] Removed ClassInfo from org.codehaus.groovy.reflection.ClassInfo$Sentinel loaded by org.gradle.internal.classloader.VisitableURLClassLoader@1d958f11
09:37:05.574 [QUIET] [system.out] 09:37:05.574 [DEBUG] [org.gradle.api.internal.classloading.LeakyOnJava7GroovySystemLoader] Removed ClassInfo from org.codehaus.groovy.reflection.ClassInfo$Sentinel loaded by org.gradle.internal.classloader.VisitableURLClassLoader@1d958f11
09:37:05.574 [QUIET] [system.out] 09:37:05.574 [DEBUG] [org.gradle.api.internal.classloading.LeakyOnJava7GroovySystemLoader] Removed ClassInfo from org.codehaus.groovy.reflection.ClassInfo$Sentinel loaded by org.gradle.internal.classloader.VisitableURLClassLoader@1d958f11
09:37:05.574 [QUIET] [system.out] 09:37:05.574 [DEBUG] [org.gradle.api.internal.classloading.LeakyOnJava7GroovySystemLoader] Removed ClassInfo from org.codehaus.groovy.reflection.ClassInfo$Sentinel loaded by org.gradle.internal.classloader.VisitableURLClassLoader@1d958f11
09:37:05.574 [QUIET] [system.out] 09:37:05.574 [DEBUG] [org.gradle.api.internal.classloading.LeakyOnJava7GroovySystemLoader] Removed ClassInfo from org.codehaus.groovy.reflection.ClassInfo$Sentinel loaded by org.gradle.internal.classloader.VisitableURLClassLoader@1d958f11
09:37:05.574 [QUIET] [system.out] 09:37:05.574 [DEBUG] [org.gradle.api.internal.classloading.LeakyOnJava7GroovySystemLoader] Removed ClassInfo from org.codehaus.groovy.reflection.ClassInfo$Sentinel loaded by org.gradle.internal.classloader.VisitableURLClassLoader@1d958f11
09:37:05.574 [QUIET] [system.out] 09:37:05.574 [DEBUG] [org.gradle.api.internal.classloading.LeakyOnJava7GroovySystemLoader] Removed ClassInfo from org.codehaus.groovy.reflection.ClassInfo$Sentinel loaded by org.gradle.internal.classloader.VisitableURLClassLoader@1d958f11
09:37:05.575 [QUIET] [system.out] 09:37:05.574 [DEBUG] [org.gradle.api.internal.classloading.LeakyOnJava7GroovySystemLoader] Removed ClassInfo from org.codehaus.groovy.reflection.ClassInfo$Sentinel loaded by org.gradle.internal.classloader.VisitableURLClassLoader@1d958f11
09:37:05.575 [QUIET] [system.out] 09:37:05.575 [DEBUG] [org.gradle.api.internal.classloading.LeakyOnJava7GroovySystemLoader] Removed ClassInfo from org.codehaus.groovy.reflection.ClassInfo$Sentinel loaded by org.gradle.internal.classloader.VisitableURLClassLoader@1d958f11
09:37:05.575 [QUIET] [system.out] 09:37:05.575 [DEBUG] [org.gradle.api.internal.classloading.LeakyOnJava7GroovySystemLoader] Removed ClassInfo from org.codehaus.groovy.reflection.ClassInfo$Sentinel loaded by org.gradle.internal.classloader.VisitableURLClassLoader@1d958f11
09:37:05.575 [QUIET] [system.out] 09:37:05.575 [DEBUG] [org.gradle.api.internal.classloading.LeakyOnJava7GroovySystemLoader] Removed ClassInfo from org.codehaus.groovy.reflection.ClassInfo$Sentinel loaded by org.gradle.internal.classloader.VisitableURLClassLoader@1d958f11
09:37:05.575 [QUIET] [system.out] 09:37:05.575 [DEBUG] [org.gradle.api.internal.classloading.LeakyOnJava7GroovySystemLoader] Removed ClassInfo from org.codehaus.groovy.reflection.ClassInfo$Sentinel loaded by org.gradle.internal.classloader.VisitableURLClassLoader@1d958f11
09:37:05.575 [QUIET] [system.out] 09:37:05.575 [DEBUG] [org.gradle.api.internal.classloading.LeakyOnJava7GroovySystemLoader] Removed ClassInfo from org.codehaus.groovy.reflection.ClassInfo$Sentinel loaded by org.gradle.internal.classloader.VisitableURLClassLoader@1d958f11
09:37:05.575 [QUIET] [system.out] 09:37:05.575 [DEBUG] [org.gradle.api.internal.classloading.LeakyOnJava7GroovySystemLoader] Removed ClassInfo from org.codehaus.groovy.reflection.ClassInfo$Sentinel loaded by org.gradle.internal.classloader.VisitableURLClassLoader@1d958f11
09:37:05.575 [QUIET] [system.out] 09:37:05.575 [DEBUG] [org.gradle.api.internal.classloading.LeakyOnJava7GroovySystemLoader] Removed ClassInfo from org.codehaus.groovy.reflection.ClassInfo$Sentinel loaded by org.gradle.internal.classloader.VisitableURLClassLoader@1d958f11
09:37:05.575 [QUIET] [system.out] 09:37:05.575 [DEBUG] [org.gradle.api.internal.classloading.LeakyOnJava7GroovySystemLoader] Removed ClassInfo from org.codehaus.groovy.reflection.ClassInfo$Sentinel loaded by org.gradle.internal.classloader.VisitableURLClassLoader@1d958f11
09:37:05.576 [QUIET] [system.out] 09:37:05.576 [DEBUG] [org.gradle.api.internal.classloading.LeakyOnJava7GroovySystemLoader] Removed ClassInfo from org.codehaus.groovy.reflection.ClassInfo$Sentinel loaded by org.gradle.internal.classloader.VisitableURLClassLoader@1d958f11
09:37:05.576 [QUIET] [system.out] 09:37:05.576 [DEBUG] [org.gradle.api.internal.classloading.LeakyOnJava7GroovySystemLoader] Removed ClassInfo from org.codehaus.groovy.reflection.ClassInfo$Sentinel loaded by org.gradle.internal.classloader.VisitableURLClassLoader@1d958f11
09:37:05.576 [QUIET] [system.out] 09:37:05.576 [DEBUG] [org.gradle.api.internal.classloading.LeakyOnJava7GroovySystemLoader] Removed ClassInfo from org.codehaus.groovy.reflection.ClassInfo$Sentinel loaded by org.gradle.internal.classloader.VisitableURLClassLoader@1d958f11
09:37:05.576 [QUIET] [system.out] 09:37:05.576 [DEBUG] [org.gradle.api.internal.classloading.LeakyOnJava7GroovySystemLoader] Removed ClassInfo from org.codehaus.groovy.reflection.ClassInfo$Sentinel loaded by org.gradle.internal.classloader.VisitableURLClassLoader@1d958f11
09:37:05.576 [QUIET] [system.out] 09:37:05.576 [DEBUG] [org.gradle.api.internal.classloading.LeakyOnJava7GroovySystemLoader] Removed ClassInfo from org.codehaus.groovy.reflection.ClassInfo$Sentinel loaded by org.gradle.internal.classloader.VisitableURLClassLoader@1d958f11
09:37:05.576 [QUIET] [system.out] 09:37:05.576 [DEBUG] [org.gradle.api.internal.classloading.LeakyOnJava7GroovySystemLoader] Removed ClassInfo from org.codehaus.groovy.reflection.ClassInfo$Sentinel loaded by org.gradle.internal.classloader.VisitableURLClassLoader@1d958f11
09:37:05.576 [QUIET] [system.out] 09:37:05.576 [DEBUG] [org.gradle.api.internal.classloading.LeakyOnJava7GroovySystemLoader] Removed ClassInfo from org.codehaus.groovy.reflection.ClassInfo$Sentinel loaded by org.gradle.internal.classloader.VisitableURLClassLoader@1d958f11
09:37:05.576 [QUIET] [system.out] 09:37:05.576 [DEBUG] [org.gradle.api.internal.classloading.LeakyOnJava7GroovySystemLoader] Removed ClassInfo from org.codehaus.groovy.reflection.ClassInfo$Sentinel loaded by org.gradle.internal.classloader.VisitableURLClassLoader@1d958f11
09:37:05.576 [QUIET] [system.out] 09:37:05.576 [DEBUG] [org.gradle.api.internal.classloading.LeakyOnJava7GroovySystemLoader] Removed ClassInfo from org.codehaus.groovy.reflection.ClassInfo$Sentinel loaded by org.gradle.internal.classloader.VisitableURLClassLoader@1d958f11
09:37:05.576 [QUIET] [system.out] 09:37:05.576 [DEBUG] [org.gradle.api.internal.classloading.LeakyOnJava7GroovySystemLoader] Removed ClassInfo from org.codehaus.groovy.reflection.ClassInfo$Sentinel loaded by org.gradle.internal.classloader.VisitableURLClassLoader@1d958f11
09:37:05.577 [QUIET] [system.out] 09:37:05.576 [DEBUG] [org.gradle.api.internal.classloading.LeakyOnJava7GroovySystemLoader] Removed ClassInfo from org.codehaus.groovy.reflection.ClassInfo$Sentinel loaded by org.gradle.internal.classloader.VisitableURLClassLoader@1d958f11
09:37:05.577 [QUIET] [system.out] 09:37:05.577 [DEBUG] [org.gradle.api.internal.classloading.LeakyOnJava7GroovySystemLoader] Removed ClassInfo from org.codehaus.groovy.reflection.ClassInfo$Sentinel loaded by org.gradle.internal.classloader.VisitableURLClassLoader@1d958f11
09:37:05.577 [QUIET] [system.out] 09:37:05.577 [DEBUG] [org.gradle.api.internal.classloading.LeakyOnJava7GroovySystemLoader] Removed ClassInfo from org.codehaus.groovy.reflection.ClassInfo$Sentinel loaded by org.gradle.internal.classloader.VisitableURLClassLoader@1d958f11
09:37:05.577 [QUIET] [system.out] 09:37:05.577 [DEBUG] [org.gradle.api.internal.classloading.LeakyOnJava7GroovySystemLoader] Removed ClassInfo from org.codehaus.groovy.reflection.ClassInfo$Sentinel loaded by org.gradle.internal.classloader.VisitableURLClassLoader@1d958f11
09:37:05.577 [QUIET] [system.out] 09:37:05.577 [DEBUG] [org.gradle.api.internal.classloading.LeakyOnJava7GroovySystemLoader] Removed ClassInfo from org.codehaus.groovy.reflection.ClassInfo$Sentinel loaded by org.gradle.internal.classloader.VisitableURLClassLoader@1d958f11
09:37:05.577 [QUIET] [system.out] 09:37:05.577 [DEBUG] [org.gradle.api.internal.classloading.LeakyOnJava7GroovySystemLoader] Removed ClassInfo from org.codehaus.groovy.reflection.ClassInfo$Sentinel loaded by org.gradle.internal.classloader.VisitableURLClassLoader@1d958f11
09:37:05.577 [QUIET] [system.out] 09:37:05.577 [DEBUG] [org.gradle.api.internal.classloading.LeakyOnJava7GroovySystemLoader] Removed ClassInfo from org.codehaus.groovy.reflection.ClassInfo$Sentinel loaded by org.gradle.internal.classloader.VisitableURLClassLoader@1d958f11
09:37:05.577 [QUIET] [system.out] 09:37:05.577 [DEBUG] [org.gradle.api.internal.classloading.LeakyOnJava7GroovySystemLoader] Removed ClassInfo from org.codehaus.groovy.reflection.ClassInfo$Sentinel loaded by org.gradle.internal.classloader.VisitableURLClassLoader@1d958f11
09:37:05.577 [QUIET] [system.out] 09:37:05.577 [DEBUG] [org.gradle.api.internal.classloading.LeakyOnJava7GroovySystemLoader] Removed ClassInfo from org.codehaus.groovy.reflection.ClassInfo$Sentinel loaded by org.gradle.internal.classloader.VisitableURLClassLoader@1d958f11
09:37:05.578 [QUIET] [system.out] 09:37:05.578 [DEBUG] [org.gradle.api.internal.classloading.LeakyOnJava7GroovySystemLoader] Removed ClassInfo from org.codehaus.groovy.reflection.ClassInfo$Sentinel loaded by org.gradle.internal.classloader.VisitableURLClassLoader@1d958f11
09:37:05.578 [QUIET] [system.out] 09:37:05.578 [DEBUG] [org.gradle.api.internal.classloading.LeakyOnJava7GroovySystemLoader] Removed ClassInfo from org.codehaus.groovy.reflection.ClassInfo$Sentinel loaded by org.gradle.internal.classloader.VisitableURLClassLoader@1d958f11
09:37:05.578 [QUIET] [system.out] 09:37:05.578 [DEBUG] [org.gradle.api.internal.classloading.LeakyOnJava7GroovySystemLoader] Removed ClassInfo from org.codehaus.groovy.reflection.ClassInfo$Sentinel loaded by org.gradle.internal.classloader.VisitableURLClassLoader@1d958f11
09:37:05.578 [QUIET] [system.out] 09:37:05.578 [INFO] [org.gradle.api.internal.tasks.compile.daemon.CompilerDaemonServer] Exception executing org.gradle.api.internal.tasks.compile.ApiGroovyCompiler@a770530 in compiler daemon: org.gradle.api.internal.tasks.compile.CompilationFailedException: Compilation failed; see the compiler error output for details..
09:37:05.595 [DEBUG] [org.gradle.api.internal.tasks.execution.ResolveTaskArtifactStateTaskExecuter] Removed task artifact state for {} from context.
09:37:05.595 [DEBUG] [org.gradle.api.internal.tasks.execution.ExecuteAtMostOnceTaskExecuter] Finished executing task ':compileGroovy'
09:37:05.596 [LIFECYCLE] [class org.gradle.internal.buildevents.TaskExecutionLogger] :compileGroovy FAILED
09:37:05.596 [INFO] [org.gradle.execution.taskgraph.AbstractTaskPlanExecutor] :compileGroovy (Thread[Daemon worker,5,main]) completed. Took 1.773 secs.
09:37:05.596 [DEBUG] [org.gradle.internal.operations.DefaultBuildOperationWorkerRegistry] Worker root.2 completed (0 in use)
09:37:05.596 [DEBUG] [org.gradle.execution.taskgraph.AbstractTaskPlanExecutor] Task worker [Thread[Daemon worker,5,main]] finished, busy: 1.774 secs, idle: 0.002 secs
09:37:05.597 [ERROR] [org.gradle.internal.buildevents.BuildExceptionReporter] 
09:37:05.597 [ERROR] [org.gradle.internal.buildevents.BuildExceptionReporter] FAILURE: Build failed with an exception.
09:37:05.597 [ERROR] [org.gradle.internal.buildevents.BuildExceptionReporter] 
09:37:05.597 [ERROR] [org.gradle.internal.buildevents.BuildExceptionReporter] * What went wrong:
09:37:05.597 [ERROR] [org.gradle.internal.buildevents.BuildExceptionReporter] Execution failed for task ':compileGroovy'.
09:37:05.597 [ERROR] [org.gradle.internal.buildevents.BuildExceptionReporter] > Compilation failed; see the compiler error output for details.
09:37:05.597 [ERROR] [org.gradle.internal.buildevents.BuildExceptionReporter] 
09:37:05.597 [ERROR] [org.gradle.internal.buildevents.BuildExceptionReporter] * Try:
09:37:05.597 [ERROR] [org.gradle.internal.buildevents.BuildExceptionReporter] Run with --stacktrace option to get the stack trace. 
09:37:05.597 [LIFECYCLE] [org.gradle.internal.buildevents.BuildResultLogger] 
09:37:05.597 [LIFECYCLE] [org.gradle.internal.buildevents.BuildResultLogger] BUILD FAILED
09:37:05.597 [LIFECYCLE] [org.gradle.internal.buildevents.BuildResultLogger] 
09:37:05.597 [LIFECYCLE] [org.gradle.internal.buildevents.BuildResultLogger] Total time: 4.594 secs
09:37:05.598 [DEBUG] [org.gradle.cache.internal.LockOnDemandCrossProcessCacheAccess] Releasing file lock for task history cache (/Users/michaelmennis/grails_dev/fakeyelp/.gradle/3.2/taskArtifacts)
09:37:05.598 [DEBUG] [org.gradle.cache.internal.DefaultFileLockManager] Releasing lock on task history cache (/Users/michaelmennis/grails_dev/fakeyelp/.gradle/3.2/taskArtifacts).
09:37:05.600 [DEBUG] [org.gradle.api.internal.artifacts.ivyservice.resolveengine.store.CachedStoreFactory] Resolution result cache closed. Cache reads: 0, disk reads: 0 (avg: 0.0 secs, total: 0.0 secs)
09:37:05.601 [DEBUG] [org.gradle.api.internal.artifacts.ivyservice.resolveengine.store.CachedStoreFactory] Resolution result cache closed. Cache reads: 0, disk reads: 0 (avg: 0.0 secs, total: 0.0 secs)
09:37:05.601 [DEBUG] [org.gradle.api.internal.artifacts.ivyservice.resolveengine.store.ResolutionResultsStoreFactory] Deleted 2 resolution results binary files in 0.002 secs
09:37:05.601 [DEBUG] [org.gradle.cache.internal.DefaultCacheAccess] Cache Plugin Resolution Cache (/Users/michaelmennis/.gradle/caches/3.2/plugin-resolution) was closed 0 times.
09:37:05.602 [DEBUG] [org.gradle.api.internal.tasks.compile.daemon.CompilerDaemonManager] Stopping 1 compiler daemon(s).
09:37:05.603 [QUIET] [system.out] 09:37:05.603 [DEBUG] [org.gradle.process.internal.worker.child.ActionExecutionWorker] Completed Gradle Compiler Daemon 1.
09:37:05.662 [DEBUG] [org.gradle.process.internal.DefaultExecHandle] Changing state to: SUCCEEDED
09:37:05.662 [DEBUG] [org.gradle.process.internal.DefaultExecHandle] Process 'Gradle Compiler Daemon 1' finished with exit value 0 (state: SUCCEEDED)
09:37:05.663 [INFO] [org.gradle.api.internal.tasks.compile.daemon.CompilerDaemonManager] Stopped 1 compiler daemon(s).
09:37:05.663 [DEBUG] [org.gradle.cache.internal.DefaultFileLockManager] Releasing lock on cache directory workerMain (/Users/michaelmennis/.gradle/caches/3.2/workerMain).
09:37:05.663 [DEBUG] [org.gradle.cache.internal.DefaultCacheAccess] Cache Generated Gradle JARs cache (/Users/michaelmennis/.gradle/caches/3.2/generated-gradle-jars) was closed 0 times.
09:37:05.663 [DEBUG] [org.gradle.cache.internal.LockOnDemandCrossProcessCacheAccess] Releasing file lock for artifact cache (/Users/michaelmennis/.gradle/caches/modules-2)
09:37:05.664 [DEBUG] [org.gradle.cache.internal.btree.BTreePersistentIndexedCache] Closing cache module-metadata.bin (/Users/michaelmennis/.gradle/caches/modules-2/metadata-2.23/module-metadata.bin)
09:37:05.664 [DEBUG] [org.gradle.cache.internal.btree.BTreePersistentIndexedCache] Closing cache artifact-at-repository.bin (/Users/michaelmennis/.gradle/caches/modules-2/metadata-2.23/artifact-at-repository.bin)
09:37:05.664 [DEBUG] [org.gradle.cache.internal.DefaultFileLockManager] Releasing lock on artifact cache (/Users/michaelmennis/.gradle/caches/modules-2).
09:37:05.664 [DEBUG] [org.gradle.launcher.daemon.server.exec.ExecuteBuild] The daemon has finished executing the build.
09:37:05.686 [DEBUG] [org.gradle.launcher.daemon.client.DaemonClientInputForwarder] Dispatching close input message: org.gradle.launcher.daemon.protocol.CloseInput@3643e835
09:37:05.686 [DEBUG] [org.gradle.launcher.daemon.client.DaemonClientConnection] thread 11: dispatching class org.gradle.launcher.daemon.protocol.CloseInput
09:37:05.687 [INFO] [org.gradle.launcher.daemon.client.DaemonClient] Received result Failure[value=org.gradle.initialization.ReportedException: org.gradle.internal.exceptions.LocationAwareException: Execution failed for task ':compileGroovy'.] from daemon DaemonInfo{pid=6371, address=[15765e32-9a78-406b-bbda-4c7327c5e66b port:59815, addresses:[/0:0:0:0:0:0:0:1, /127.0.0.1]], state=Idle, lastBusy=1505147809462, context=DefaultDaemonContext[uid=3d50f89f-23fd-4123-a65e-5636b90c7f59,javaHome=/Library/Java/JavaVirtualMachines/jdk1.8.0_101.jdk/Contents/Home,daemonRegistryDir=/Users/michaelmennis/.gradle/daemon,pid=6371,idleTimeout=10800000,daemonOpts=-XX:MaxPermSize=256m,-XX:+HeapDumpOnOutOfMemoryError,-Xmx1024m,-Dfile.encoding=UTF-8,-Duser.country=US,-Duser.language=en,-Duser.variant]} (build should be done).
09:37:05.687 [DEBUG] [org.gradle.launcher.daemon.client.DaemonClientConnection] thread 1: dispatching class org.gradle.launcher.daemon.protocol.Finished
09:37:05.688 [DEBUG] [org.gradle.launcher.daemon.client.DaemonClientConnection] thread 1: connection stop
